
==========================================================================
finish report_tns
--------------------------------------------------------------------------
tns max 0.00

==========================================================================
finish report_wns
--------------------------------------------------------------------------
wns max 0.00

==========================================================================
finish report_worst_slack
--------------------------------------------------------------------------
worst slack max 0.07

==========================================================================
finish report_clock_min_period
--------------------------------------------------------------------------
core_clock period_min = 1.71 fmax = 584.18
vclk_core_clock period_min = 0.00 fmax = inf

==========================================================================
finish report_clock_skew
--------------------------------------------------------------------------
Clock core_clock
   0.24 source latency dpath.a_reg.out[14]$_DFFE_PP_/CLK ^
  -0.24 target latency dpath.a_reg.out[7]$_DFFE_PP_/CLK ^
   0.00 CRPR
--------------
  -0.00 setup skew

Clock vclk_core_clock
No launch/capture paths found.


==========================================================================
finish report_checks -path_delay min
--------------------------------------------------------------------------
Startpoint: ctrl.state.out[1]$_DFF_P_
            (rising edge-triggered flip-flop clocked by core_clock)
Endpoint: ctrl.state.out[1]$_DFF_P_
          (rising edge-triggered flip-flop clocked by core_clock)
Path Group: core_clock
Path Type: min

Fanout     Cap    Slew   Delay    Time   Description
-----------------------------------------------------------------------------
                          0.00    0.00   clock core_clock (rise edge)
                          0.00    0.00   clock source latency
     1    0.01    0.00    0.00    0.00 ^ clk (in)
                                         clk (net)
                  0.00    0.00    0.00 ^ clkbuf_0_clk/A (sky130_fd_sc_hs__clkbuf_8)
     4    0.04    0.06    0.11    0.11 ^ clkbuf_0_clk/X (sky130_fd_sc_hs__clkbuf_8)
                                         clknet_0_clk (net)
                  0.06    0.00    0.11 ^ clkbuf_2_0__f_clk/A (sky130_fd_sc_hs__clkbuf_8)
    10    0.04    0.06    0.13    0.24 ^ clkbuf_2_0__f_clk/X (sky130_fd_sc_hs__clkbuf_8)
                                         clknet_2_0__leaf_clk (net)
                  0.06    0.00    0.24 ^ ctrl.state.out[1]$_DFF_P_/CLK (sky130_fd_sc_hs__dfxtp_1)
     2    0.01    0.06    0.21    0.45 ^ ctrl.state.out[1]$_DFF_P_/Q (sky130_fd_sc_hs__dfxtp_1)
                                         ctrl.state.out[1] (net)
                  0.06    0.00    0.45 ^ _635_/B (sky130_fd_sc_hs__nand2_1)
     1    0.00    0.03    0.04    0.49 v _635_/Y (sky130_fd_sc_hs__nand2_1)
                                         _291_ (net)
                  0.03    0.00    0.49 v _636_/B1 (sky130_fd_sc_hs__o31ai_1)
     1    0.00    0.03    0.04    0.53 ^ _636_/Y (sky130_fd_sc_hs__o31ai_1)
                                         _001_ (net)
                  0.03    0.00    0.53 ^ ctrl.state.out[1]$_DFF_P_/D (sky130_fd_sc_hs__dfxtp_1)
                                  0.53   data arrival time

                          0.00    0.00   clock core_clock (rise edge)
                          0.00    0.00   clock source latency
     1    0.01    0.00    0.00    0.00 ^ clk (in)
                                         clk (net)
                  0.00    0.00    0.00 ^ clkbuf_0_clk/A (sky130_fd_sc_hs__clkbuf_8)
     4    0.04    0.06    0.11    0.11 ^ clkbuf_0_clk/X (sky130_fd_sc_hs__clkbuf_8)
                                         clknet_0_clk (net)
                  0.06    0.00    0.11 ^ clkbuf_2_0__f_clk/A (sky130_fd_sc_hs__clkbuf_8)
    10    0.04    0.06    0.13    0.24 ^ clkbuf_2_0__f_clk/X (sky130_fd_sc_hs__clkbuf_8)
                                         clknet_2_0__leaf_clk (net)
                  0.06    0.00    0.24 ^ ctrl.state.out[1]$_DFF_P_/CLK (sky130_fd_sc_hs__dfxtp_1)
                          0.00    0.24   clock reconvergence pessimism
                          0.01    0.26   library hold time
                                  0.26   data required time
-----------------------------------------------------------------------------
                                  0.26   data required time
                                 -0.53   data arrival time
-----------------------------------------------------------------------------
                                  0.28   slack (MET)


Startpoint: ctrl.state.out[2]$_DFF_P_
            (rising edge-triggered flip-flop clocked by core_clock)
Endpoint: resp_val (output port clocked by vclk_core_clock)
Path Group: vclk_core_clock
Path Type: min

Fanout     Cap    Slew   Delay    Time   Description
-----------------------------------------------------------------------------
                          0.00    0.00   clock core_clock (rise edge)
                          0.00    0.00   clock source latency
     1    0.01    0.00    0.00    0.00 ^ clk (in)
                                         clk (net)
                  0.00    0.00    0.00 ^ clkbuf_0_clk/A (sky130_fd_sc_hs__clkbuf_8)
     4    0.04    0.06    0.11    0.11 ^ clkbuf_0_clk/X (sky130_fd_sc_hs__clkbuf_8)
                                         clknet_0_clk (net)
                  0.06    0.00    0.11 ^ clkbuf_2_0__f_clk/A (sky130_fd_sc_hs__clkbuf_8)
    10    0.04    0.06    0.13    0.24 ^ clkbuf_2_0__f_clk/X (sky130_fd_sc_hs__clkbuf_8)
                                         clknet_2_0__leaf_clk (net)
                  0.06    0.00    0.24 ^ ctrl.state.out[2]$_DFF_P_/CLK (sky130_fd_sc_hs__dfxtp_1)
     2    0.01    0.05    0.20    0.45 ^ ctrl.state.out[2]$_DFF_P_/Q (sky130_fd_sc_hs__dfxtp_1)
                                         ctrl.state.out[2] (net)
                  0.05    0.00    0.45 ^ _627_/B (sky130_fd_sc_hs__nor3b_1)
     2    0.01    0.04    0.06    0.50 v _627_/Y (sky130_fd_sc_hs__nor3b_1)
                                         net53 (net)
                  0.04    0.00    0.50 v output53/A (sky130_fd_sc_hs__buf_1)
     1    0.00    0.01    0.06    0.56 v output53/X (sky130_fd_sc_hs__buf_1)
                                         resp_val (net)
                  0.01    0.00    0.56 v resp_val (out)
                                  0.56   data arrival time

                  0.00    0.00    0.00   clock vclk_core_clock (rise edge)
                          0.23    0.23   clock network delay (ideal)
                          0.00    0.23   clock reconvergence pessimism
                         -0.36   -0.12   output external delay
                                 -0.12   data required time
-----------------------------------------------------------------------------
                                 -0.12   data required time
                                 -0.56   data arrival time
-----------------------------------------------------------------------------
                                  0.69   slack (MET)



==========================================================================
finish report_checks -path_delay max
--------------------------------------------------------------------------
Startpoint: dpath.b_reg.out[3]$_DFFE_PP_
            (rising edge-triggered flip-flop clocked by core_clock)
Endpoint: dpath.b_reg.out[2]$_DFFE_PP_
          (rising edge-triggered flip-flop clocked by core_clock)
Path Group: core_clock
Path Type: max

Fanout     Cap    Slew   Delay    Time   Description
-----------------------------------------------------------------------------
                          0.00    0.00   clock core_clock (rise edge)
                          0.00    0.00   clock source latency
     1    0.01    0.00    0.00    0.00 ^ clk (in)
                                         clk (net)
                  0.00    0.00    0.00 ^ clkbuf_0_clk/A (sky130_fd_sc_hs__clkbuf_8)
     4    0.04    0.06    0.11    0.11 ^ clkbuf_0_clk/X (sky130_fd_sc_hs__clkbuf_8)
                                         clknet_0_clk (net)
                  0.06    0.00    0.11 ^ clkbuf_2_1__f_clk/A (sky130_fd_sc_hs__clkbuf_8)
    10    0.05    0.07    0.13    0.24 ^ clkbuf_2_1__f_clk/X (sky130_fd_sc_hs__clkbuf_8)
                                         clknet_2_1__leaf_clk (net)
                  0.07    0.00    0.24 ^ dpath.b_reg.out[3]$_DFFE_PP_/CLK (sky130_fd_sc_hs__edfxtp_1)
     3    0.02    0.11    0.24    0.48 ^ dpath.b_reg.out[3]$_DFFE_PP_/Q (sky130_fd_sc_hs__edfxtp_1)
                                         dpath.a_lt_b$in1[3] (net)
                  0.11    0.00    0.48 ^ _311_/A_N (sky130_fd_sc_hs__nand2b_2)
     4    0.02    0.10    0.14    0.62 ^ _311_/Y (sky130_fd_sc_hs__nand2b_2)
                                         _015_ (net)
                  0.10    0.00    0.62 ^ _327_/A (sky130_fd_sc_hs__nand2_1)
     2    0.01    0.07    0.08    0.70 v _327_/Y (sky130_fd_sc_hs__nand2_1)
                                         _030_ (net)
                  0.07    0.00    0.70 v _329_/A (sky130_fd_sc_hs__nor2_1)
     1    0.00    0.06    0.08    0.78 ^ _329_/Y (sky130_fd_sc_hs__nor2_1)
                                         _032_ (net)
                  0.06    0.00    0.78 ^ _330_/B (sky130_fd_sc_hs__nand2_1)
     1    0.01    0.05    0.05    0.83 v _330_/Y (sky130_fd_sc_hs__nand2_1)
                                         _033_ (net)
                  0.05    0.00    0.84 v _332_/A (sky130_fd_sc_hs__nand2_2)
     2    0.01    0.06    0.06    0.90 ^ _332_/Y (sky130_fd_sc_hs__nand2_2)
                                         _035_ (net)
                  0.06    0.00    0.90 ^ _441_/A (sky130_fd_sc_hs__nand2_2)
     2    0.01    0.05    0.05    0.95 v _441_/Y (sky130_fd_sc_hs__nand2_2)
                                         _123_ (net)
                  0.05    0.00    0.95 v _450_/A (sky130_fd_sc_hs__nand2_2)
     2    0.02    0.10    0.09    1.04 ^ _450_/Y (sky130_fd_sc_hs__nand2_2)
                                         _132_ (net)
                  0.10    0.00    1.04 ^ _458_/A (sky130_fd_sc_hs__nand2_8)
     2    0.01    0.03    0.04    1.08 v _458_/Y (sky130_fd_sc_hs__nand2_8)
                                         _140_ (net)
                  0.03    0.00    1.08 v _581_/A (sky130_fd_sc_hs__nand2_2)
     3    0.03    0.14    0.11    1.19 ^ _581_/Y (sky130_fd_sc_hs__nand2_2)
                                         _251_ (net)
                  0.14    0.00    1.19 ^ _640_/A2 (sky130_fd_sc_hs__o21ai_4)
     8    0.03    0.09    0.08    1.27 v _640_/Y (sky130_fd_sc_hs__o21ai_4)
                                         ctrl$b_reg_en[0] (net)
                  0.09    0.00    1.27 v dpath.b_reg.out[2]$_DFFE_PP_/DE (sky130_fd_sc_hs__edfxtp_1)
                                  1.27   data arrival time

                          1.78    1.78   clock core_clock (rise edge)
                          0.00    1.78   clock source latency
     1    0.01    0.00    0.00    1.78 ^ clk (in)
                                         clk (net)
                  0.00    0.00    1.78 ^ clkbuf_0_clk/A (sky130_fd_sc_hs__clkbuf_8)
     4    0.04    0.06    0.11    1.89 ^ clkbuf_0_clk/X (sky130_fd_sc_hs__clkbuf_8)
                                         clknet_0_clk (net)
                  0.06    0.00    1.89 ^ clkbuf_2_0__f_clk/A (sky130_fd_sc_hs__clkbuf_8)
    10    0.04    0.06    0.13    2.02 ^ clkbuf_2_0__f_clk/X (sky130_fd_sc_hs__clkbuf_8)
                                         clknet_2_0__leaf_clk (net)
                  0.06    0.00    2.02 ^ dpath.b_reg.out[2]$_DFFE_PP_/CLK (sky130_fd_sc_hs__edfxtp_1)
                          0.00    2.02   clock reconvergence pessimism
                         -0.68    1.34   library setup time
                                  1.34   data required time
-----------------------------------------------------------------------------
                                  1.34   data required time
                                 -1.27   data arrival time
-----------------------------------------------------------------------------
                                  0.07   slack (MET)


Startpoint: dpath.b_reg.out[1]$_DFFE_PP_
            (rising edge-triggered flip-flop clocked by core_clock)
Endpoint: resp_msg[5] (output port clocked by vclk_core_clock)
Path Group: vclk_core_clock
Path Type: max

Fanout     Cap    Slew   Delay    Time   Description
-----------------------------------------------------------------------------
                          0.00    0.00   clock core_clock (rise edge)
                          0.00    0.00   clock source latency
     1    0.01    0.00    0.00    0.00 ^ clk (in)
                                         clk (net)
                  0.00    0.00    0.00 ^ clkbuf_0_clk/A (sky130_fd_sc_hs__clkbuf_8)
     4    0.04    0.06    0.11    0.11 ^ clkbuf_0_clk/X (sky130_fd_sc_hs__clkbuf_8)
                                         clknet_0_clk (net)
                  0.06    0.00    0.11 ^ clkbuf_2_0__f_clk/A (sky130_fd_sc_hs__clkbuf_8)
    10    0.04    0.06    0.13    0.24 ^ clkbuf_2_0__f_clk/X (sky130_fd_sc_hs__clkbuf_8)
                                         clknet_2_0__leaf_clk (net)
                  0.06    0.00    0.24 ^ dpath.b_reg.out[1]$_DFFE_PP_/CLK (sky130_fd_sc_hs__edfxtp_1)
     3    0.02    0.09    0.24    0.48 v dpath.b_reg.out[1]$_DFFE_PP_/Q (sky130_fd_sc_hs__edfxtp_1)
                                         dpath.a_lt_b$in1[1] (net)
                  0.09    0.00    0.48 v place106/A (sky130_fd_sc_hs__buf_1)
     3    0.02    0.07    0.13    0.61 v place106/X (sky130_fd_sc_hs__buf_1)
                                         net106 (net)
                  0.07    0.00    0.62 v _303_/B (sky130_fd_sc_hs__xnor2_1)
     3    0.02    0.27    0.23    0.85 ^ _303_/Y (sky130_fd_sc_hs__xnor2_1)
                                         _007_ (net)
                  0.27    0.00    0.85 ^ _306_/B (sky130_fd_sc_hs__nand3_1)
     1    0.00    0.07    0.08    0.92 v _306_/Y (sky130_fd_sc_hs__nand3_1)
                                         _010_ (net)
                  0.07    0.00    0.92 v _310_/A (sky130_fd_sc_hs__nand2_1)
     4    0.02    0.13    0.12    1.05 ^ _310_/Y (sky130_fd_sc_hs__nand2_1)
                                         _014_ (net)
                  0.13    0.00    1.05 ^ _317_/A (sky130_fd_sc_hs__nand2_1)
     1    0.00    0.04    0.05    1.09 v _317_/Y (sky130_fd_sc_hs__nand2_1)
                                         _021_ (net)
                  0.04    0.00    1.09 v _323_/A (sky130_fd_sc_hs__nand2_1)
     2    0.01    0.10    0.09    1.18 ^ _323_/Y (sky130_fd_sc_hs__nand2_1)
                                         _027_ (net)
                  0.10    0.00    1.18 ^ _324_/B (sky130_fd_sc_hs__xor2_1)
     2    0.01    0.26    0.25    1.43 ^ _324_/X (sky130_fd_sc_hs__xor2_1)
                                         net48 (net)
                  0.26    0.00    1.43 ^ output48/A (sky130_fd_sc_hs__buf_1)
     1    0.00    0.03    0.08    1.51 ^ output48/X (sky130_fd_sc_hs__buf_1)
                                         resp_msg[5] (net)
                  0.03    0.00    1.51 ^ resp_msg[5] (out)
                                  1.51   data arrival time

                  0.00    1.78    1.78   clock vclk_core_clock (rise edge)
                          0.23    2.02   clock network delay (ideal)
                          0.00    2.02   clock reconvergence pessimism
                         -0.36    1.66   output external delay
                                  1.66   data required time
-----------------------------------------------------------------------------
                                  1.66   data required time
                                 -1.51   data arrival time
-----------------------------------------------------------------------------
                                  0.15   slack (MET)



==========================================================================
finish report_checks -unconstrained
--------------------------------------------------------------------------
Startpoint: dpath.b_reg.out[3]$_DFFE_PP_
            (rising edge-triggered flip-flop clocked by core_clock)
Endpoint: dpath.b_reg.out[2]$_DFFE_PP_
          (rising edge-triggered flip-flop clocked by core_clock)
Path Group: core_clock
Path Type: max

Fanout     Cap    Slew   Delay    Time   Description
-----------------------------------------------------------------------------
                          0.00    0.00   clock core_clock (rise edge)
                          0.00    0.00   clock source latency
     1    0.01    0.00    0.00    0.00 ^ clk (in)
                                         clk (net)
                  0.00    0.00    0.00 ^ clkbuf_0_clk/A (sky130_fd_sc_hs__clkbuf_8)
     4    0.04    0.06    0.11    0.11 ^ clkbuf_0_clk/X (sky130_fd_sc_hs__clkbuf_8)
                                         clknet_0_clk (net)
                  0.06    0.00    0.11 ^ clkbuf_2_1__f_clk/A (sky130_fd_sc_hs__clkbuf_8)
    10    0.05    0.07    0.13    0.24 ^ clkbuf_2_1__f_clk/X (sky130_fd_sc_hs__clkbuf_8)
                                         clknet_2_1__leaf_clk (net)
                  0.07    0.00    0.24 ^ dpath.b_reg.out[3]$_DFFE_PP_/CLK (sky130_fd_sc_hs__edfxtp_1)
     3    0.02    0.11    0.24    0.48 ^ dpath.b_reg.out[3]$_DFFE_PP_/Q (sky130_fd_sc_hs__edfxtp_1)
                                         dpath.a_lt_b$in1[3] (net)
                  0.11    0.00    0.48 ^ _311_/A_N (sky130_fd_sc_hs__nand2b_2)
     4    0.02    0.10    0.14    0.62 ^ _311_/Y (sky130_fd_sc_hs__nand2b_2)
                                         _015_ (net)
                  0.10    0.00    0.62 ^ _327_/A (sky130_fd_sc_hs__nand2_1)
     2    0.01    0.07    0.08    0.70 v _327_/Y (sky130_fd_sc_hs__nand2_1)
                                         _030_ (net)
                  0.07    0.00    0.70 v _329_/A (sky130_fd_sc_hs__nor2_1)
     1    0.00    0.06    0.08    0.78 ^ _329_/Y (sky130_fd_sc_hs__nor2_1)
                                         _032_ (net)
                  0.06    0.00    0.78 ^ _330_/B (sky130_fd_sc_hs__nand2_1)
     1    0.01    0.05    0.05    0.83 v _330_/Y (sky130_fd_sc_hs__nand2_1)
                                         _033_ (net)
                  0.05    0.00    0.84 v _332_/A (sky130_fd_sc_hs__nand2_2)
     2    0.01    0.06    0.06    0.90 ^ _332_/Y (sky130_fd_sc_hs__nand2_2)
                                         _035_ (net)
                  0.06    0.00    0.90 ^ _441_/A (sky130_fd_sc_hs__nand2_2)
     2    0.01    0.05    0.05    0.95 v _441_/Y (sky130_fd_sc_hs__nand2_2)
                                         _123_ (net)
                  0.05    0.00    0.95 v _450_/A (sky130_fd_sc_hs__nand2_2)
     2    0.02    0.10    0.09    1.04 ^ _450_/Y (sky130_fd_sc_hs__nand2_2)
                                         _132_ (net)
                  0.10    0.00    1.04 ^ _458_/A (sky130_fd_sc_hs__nand2_8)
     2    0.01    0.03    0.04    1.08 v _458_/Y (sky130_fd_sc_hs__nand2_8)
                                         _140_ (net)
                  0.03    0.00    1.08 v _581_/A (sky130_fd_sc_hs__nand2_2)
     3    0.03    0.14    0.11    1.19 ^ _581_/Y (sky130_fd_sc_hs__nand2_2)
                                         _251_ (net)
                  0.14    0.00    1.19 ^ _640_/A2 (sky130_fd_sc_hs__o21ai_4)
     8    0.03    0.09    0.08    1.27 v _640_/Y (sky130_fd_sc_hs__o21ai_4)
                                         ctrl$b_reg_en[0] (net)
                  0.09    0.00    1.27 v dpath.b_reg.out[2]$_DFFE_PP_/DE (sky130_fd_sc_hs__edfxtp_1)
                                  1.27   data arrival time

                          1.78    1.78   clock core_clock (rise edge)
                          0.00    1.78   clock source latency
     1    0.01    0.00    0.00    1.78 ^ clk (in)
                                         clk (net)
                  0.00    0.00    1.78 ^ clkbuf_0_clk/A (sky130_fd_sc_hs__clkbuf_8)
     4    0.04    0.06    0.11    1.89 ^ clkbuf_0_clk/X (sky130_fd_sc_hs__clkbuf_8)
                                         clknet_0_clk (net)
                  0.06    0.00    1.89 ^ clkbuf_2_0__f_clk/A (sky130_fd_sc_hs__clkbuf_8)
    10    0.04    0.06    0.13    2.02 ^ clkbuf_2_0__f_clk/X (sky130_fd_sc_hs__clkbuf_8)
                                         clknet_2_0__leaf_clk (net)
                  0.06    0.00    2.02 ^ dpath.b_reg.out[2]$_DFFE_PP_/CLK (sky130_fd_sc_hs__edfxtp_1)
                          0.00    2.02   clock reconvergence pessimism
                         -0.68    1.34   library setup time
                                  1.34   data required time
-----------------------------------------------------------------------------
                                  1.34   data required time
                                 -1.27   data arrival time
-----------------------------------------------------------------------------
                                  0.07   slack (MET)


Startpoint: dpath.b_reg.out[1]$_DFFE_PP_
            (rising edge-triggered flip-flop clocked by core_clock)
Endpoint: resp_msg[5] (output port clocked by vclk_core_clock)
Path Group: vclk_core_clock
Path Type: max

Fanout     Cap    Slew   Delay    Time   Description
-----------------------------------------------------------------------------
                          0.00    0.00   clock core_clock (rise edge)
                          0.00    0.00   clock source latency
     1    0.01    0.00    0.00    0.00 ^ clk (in)
                                         clk (net)
                  0.00    0.00    0.00 ^ clkbuf_0_clk/A (sky130_fd_sc_hs__clkbuf_8)
     4    0.04    0.06    0.11    0.11 ^ clkbuf_0_clk/X (sky130_fd_sc_hs__clkbuf_8)
                                         clknet_0_clk (net)
                  0.06    0.00    0.11 ^ clkbuf_2_0__f_clk/A (sky130_fd_sc_hs__clkbuf_8)
    10    0.04    0.06    0.13    0.24 ^ clkbuf_2_0__f_clk/X (sky130_fd_sc_hs__clkbuf_8)
                                         clknet_2_0__leaf_clk (net)
                  0.06    0.00    0.24 ^ dpath.b_reg.out[1]$_DFFE_PP_/CLK (sky130_fd_sc_hs__edfxtp_1)
     3    0.02    0.09    0.24    0.48 v dpath.b_reg.out[1]$_DFFE_PP_/Q (sky130_fd_sc_hs__edfxtp_1)
                                         dpath.a_lt_b$in1[1] (net)
                  0.09    0.00    0.48 v place106/A (sky130_fd_sc_hs__buf_1)
     3    0.02    0.07    0.13    0.61 v place106/X (sky130_fd_sc_hs__buf_1)
                                         net106 (net)
                  0.07    0.00    0.62 v _303_/B (sky130_fd_sc_hs__xnor2_1)
     3    0.02    0.27    0.23    0.85 ^ _303_/Y (sky130_fd_sc_hs__xnor2_1)
                                         _007_ (net)
                  0.27    0.00    0.85 ^ _306_/B (sky130_fd_sc_hs__nand3_1)
     1    0.00    0.07    0.08    0.92 v _306_/Y (sky130_fd_sc_hs__nand3_1)
                                         _010_ (net)
                  0.07    0.00    0.92 v _310_/A (sky130_fd_sc_hs__nand2_1)
     4    0.02    0.13    0.12    1.05 ^ _310_/Y (sky130_fd_sc_hs__nand2_1)
                                         _014_ (net)
                  0.13    0.00    1.05 ^ _317_/A (sky130_fd_sc_hs__nand2_1)
     1    0.00    0.04    0.05    1.09 v _317_/Y (sky130_fd_sc_hs__nand2_1)
                                         _021_ (net)
                  0.04    0.00    1.09 v _323_/A (sky130_fd_sc_hs__nand2_1)
     2    0.01    0.10    0.09    1.18 ^ _323_/Y (sky130_fd_sc_hs__nand2_1)
                                         _027_ (net)
                  0.10    0.00    1.18 ^ _324_/B (sky130_fd_sc_hs__xor2_1)
     2    0.01    0.26    0.25    1.43 ^ _324_/X (sky130_fd_sc_hs__xor2_1)
                                         net48 (net)
                  0.26    0.00    1.43 ^ output48/A (sky130_fd_sc_hs__buf_1)
     1    0.00    0.03    0.08    1.51 ^ output48/X (sky130_fd_sc_hs__buf_1)
                                         resp_msg[5] (net)
                  0.03    0.00    1.51 ^ resp_msg[5] (out)
                                  1.51   data arrival time

                  0.00    1.78    1.78   clock vclk_core_clock (rise edge)
                          0.23    2.02   clock network delay (ideal)
                          0.00    2.02   clock reconvergence pessimism
                         -0.36    1.66   output external delay
                                  1.66   data required time
-----------------------------------------------------------------------------
                                  1.66   data required time
                                 -1.51   data arrival time
-----------------------------------------------------------------------------
                                  0.15   slack (MET)



==========================================================================
finish report_check_types -max_slew -max_cap -max_fanout -violators
--------------------------------------------------------------------------

==========================================================================
finish max_slew_check_slack
--------------------------------------------------------------------------
0.5949019193649292

==========================================================================
finish max_slew_check_limit
--------------------------------------------------------------------------
1.0

==========================================================================
finish max_slew_check_slack_limit
--------------------------------------------------------------------------
0.5949

==========================================================================
finish max_fanout_check_slack
--------------------------------------------------------------------------
1.0000000150474662e+30

==========================================================================
finish max_fanout_check_limit
--------------------------------------------------------------------------
1.0000000150474662e+30

==========================================================================
finish max_capacitance_check_slack
--------------------------------------------------------------------------
0.02217356115579605

==========================================================================
finish max_capacitance_check_limit
--------------------------------------------------------------------------
0.034299999475479126

==========================================================================
finish max_capacitance_check_slack_limit
--------------------------------------------------------------------------
0.6465

==========================================================================
finish max_slew_violation_count
--------------------------------------------------------------------------
max slew violation count 0

==========================================================================
finish max_fanout_violation_count
--------------------------------------------------------------------------
max fanout violation count 0

==========================================================================
finish max_cap_violation_count
--------------------------------------------------------------------------
max cap violation count 0

==========================================================================
finish setup_violation_count
--------------------------------------------------------------------------
setup violation count 0

==========================================================================
finish hold_violation_count
--------------------------------------------------------------------------
hold violation count 0

==========================================================================
finish report_checks -path_delay max reg to reg
--------------------------------------------------------------------------
Startpoint: dpath.b_reg.out[3]$_DFFE_PP_
            (rising edge-triggered flip-flop clocked by core_clock)
Endpoint: dpath.b_reg.out[2]$_DFFE_PP_
          (rising edge-triggered flip-flop clocked by core_clock)
Path Group: core_clock
Path Type: max

  Delay    Time   Description
---------------------------------------------------------
   0.00    0.00   clock core_clock (rise edge)
   0.00    0.00   clock source latency
   0.00    0.00 ^ clk (in)
   0.11    0.11 ^ clkbuf_0_clk/X (sky130_fd_sc_hs__clkbuf_8)
   0.13    0.24 ^ clkbuf_2_1__f_clk/X (sky130_fd_sc_hs__clkbuf_8)
   0.00    0.24 ^ dpath.b_reg.out[3]$_DFFE_PP_/CLK (sky130_fd_sc_hs__edfxtp_1)
   0.24    0.48 ^ dpath.b_reg.out[3]$_DFFE_PP_/Q (sky130_fd_sc_hs__edfxtp_1)
   0.14    0.62 ^ _311_/Y (sky130_fd_sc_hs__nand2b_2)
   0.08    0.70 v _327_/Y (sky130_fd_sc_hs__nand2_1)
   0.08    0.78 ^ _329_/Y (sky130_fd_sc_hs__nor2_1)
   0.05    0.83 v _330_/Y (sky130_fd_sc_hs__nand2_1)
   0.06    0.90 ^ _332_/Y (sky130_fd_sc_hs__nand2_2)
   0.05    0.95 v _441_/Y (sky130_fd_sc_hs__nand2_2)
   0.09    1.04 ^ _450_/Y (sky130_fd_sc_hs__nand2_2)
   0.04    1.08 v _458_/Y (sky130_fd_sc_hs__nand2_8)
   0.11    1.19 ^ _581_/Y (sky130_fd_sc_hs__nand2_2)
   0.08    1.27 v _640_/Y (sky130_fd_sc_hs__o21ai_4)
   0.00    1.27 v dpath.b_reg.out[2]$_DFFE_PP_/DE (sky130_fd_sc_hs__edfxtp_1)
           1.27   data arrival time

   1.78    1.78   clock core_clock (rise edge)
   0.00    1.78   clock source latency
   0.00    1.78 ^ clk (in)
   0.11    1.89 ^ clkbuf_0_clk/X (sky130_fd_sc_hs__clkbuf_8)
   0.13    2.02 ^ clkbuf_2_0__f_clk/X (sky130_fd_sc_hs__clkbuf_8)
   0.00    2.02 ^ dpath.b_reg.out[2]$_DFFE_PP_/CLK (sky130_fd_sc_hs__edfxtp_1)
   0.00    2.02   clock reconvergence pessimism
  -0.68    1.34   library setup time
           1.34   data required time
---------------------------------------------------------
           1.34   data required time
          -1.27   data arrival time
---------------------------------------------------------
           0.07   slack (MET)



==========================================================================
finish report_checks -path_delay min reg to reg
--------------------------------------------------------------------------
Startpoint: ctrl.state.out[1]$_DFF_P_
            (rising edge-triggered flip-flop clocked by core_clock)
Endpoint: ctrl.state.out[1]$_DFF_P_
          (rising edge-triggered flip-flop clocked by core_clock)
Path Group: core_clock
Path Type: min

  Delay    Time   Description
---------------------------------------------------------
   0.00    0.00   clock core_clock (rise edge)
   0.00    0.00   clock source latency
   0.00    0.00 ^ clk (in)
   0.11    0.11 ^ clkbuf_0_clk/X (sky130_fd_sc_hs__clkbuf_8)
   0.13    0.24 ^ clkbuf_2_0__f_clk/X (sky130_fd_sc_hs__clkbuf_8)
   0.00    0.24 ^ ctrl.state.out[1]$_DFF_P_/CLK (sky130_fd_sc_hs__dfxtp_1)
   0.21    0.45 ^ ctrl.state.out[1]$_DFF_P_/Q (sky130_fd_sc_hs__dfxtp_1)
   0.05    0.49 v _635_/Y (sky130_fd_sc_hs__nand2_1)
   0.04    0.53 ^ _636_/Y (sky130_fd_sc_hs__o31ai_1)
   0.00    0.53 ^ ctrl.state.out[1]$_DFF_P_/D (sky130_fd_sc_hs__dfxtp_1)
           0.53   data arrival time

   0.00    0.00   clock core_clock (rise edge)
   0.00    0.00   clock source latency
   0.00    0.00 ^ clk (in)
   0.11    0.11 ^ clkbuf_0_clk/X (sky130_fd_sc_hs__clkbuf_8)
   0.13    0.24 ^ clkbuf_2_0__f_clk/X (sky130_fd_sc_hs__clkbuf_8)
   0.00    0.24 ^ ctrl.state.out[1]$_DFF_P_/CLK (sky130_fd_sc_hs__dfxtp_1)
   0.00    0.24   clock reconvergence pessimism
   0.01    0.26   library hold time
           0.26   data required time
---------------------------------------------------------
           0.26   data required time
          -0.53   data arrival time
---------------------------------------------------------
           0.28   slack (MET)



==========================================================================
finish critical path target clock latency max path
--------------------------------------------------------------------------
0.2429

==========================================================================
finish critical path target clock latency min path
--------------------------------------------------------------------------
0.2416

==========================================================================
finish critical path source clock latency min path
--------------------------------------------------------------------------
0.2350

==========================================================================
finish critical path delay
--------------------------------------------------------------------------
1.2713

==========================================================================
finish critical path slack
--------------------------------------------------------------------------
0.0682

==========================================================================
finish slack div critical path delay
--------------------------------------------------------------------------
5.364587

==========================================================================
finish report_power
--------------------------------------------------------------------------
Group                  Internal  Switching    Leakage      Total
                          Power      Power      Power      Power (Watts)
----------------------------------------------------------------
Sequential             1.27e-03   1.17e-04   4.70e-08   1.39e-03  30.3%
Combinational          1.41e-03   1.05e-03   4.60e-08   2.46e-03  53.7%
Clock                  3.43e-04   3.92e-04   1.08e-09   7.35e-04  16.0%
Macro                  0.00e+00   0.00e+00   0.00e+00   0.00e+00   0.0%
Pad                    0.00e+00   0.00e+00   0.00e+00   0.00e+00   0.0%
----------------------------------------------------------------
Total                  3.03e-03   1.56e-03   9.41e-08   4.58e-03 100.0%
                          66.0%      34.0%       0.0%
