make: Entering directory '/root/OpenROAD-flow-scripts/flow'
/root/OpenROAD-flow-scripts/flow/scripts/flow.sh 5_1_grt global_route
Running global_route.tcl, stage 5_1_grt
read_liberty /root/OpenROAD-flow-scripts/flow/platforms/sky130hs/lib/sky130_fd_sc_hs__tt_025C_1v80.lib
read_db ./results/sky130hs/gcd/slot2/4_cts.odb
read_sdc ./results/sky130hs/gcd/slot2/4_cts.sdc
source /root/OpenROAD-flow-scripts/flow/platforms/sky130hs/setRC.tcl
pin_access
[INFO DRT-0149] Reading tech and libs.
[WARNING DRT-0349] LEF58_ENCLOSURE with no CUTCLASS is not supported. Skipping for layer mcon
[WARNING DRT-0349] LEF58_ENCLOSURE with no CUTCLASS is not supported. Skipping for layer mcon
[WARNING DRT-0349] LEF58_ENCLOSURE with no CUTCLASS is not supported. Skipping for layer via
[WARNING DRT-0349] LEF58_ENCLOSURE with no CUTCLASS is not supported. Skipping for layer via
[WARNING DRT-0349] LEF58_ENCLOSURE with no CUTCLASS is not supported. Skipping for layer via2
[WARNING DRT-0349] LEF58_ENCLOSURE with no CUTCLASS is not supported. Skipping for layer via2
[WARNING DRT-0349] LEF58_ENCLOSURE with no CUTCLASS is not supported. Skipping for layer via3
[WARNING DRT-0349] LEF58_ENCLOSURE with no CUTCLASS is not supported. Skipping for layer via3
[WARNING DRT-0349] LEF58_ENCLOSURE with no CUTCLASS is not supported. Skipping for layer via4
[WARNING DRT-0349] LEF58_ENCLOSURE with no CUTCLASS is not supported. Skipping for layer via4

Units:                1000
Number of layers:     13
Number of macros:     390
Number of vias:       29
Number of viarulegen: 25

[INFO DRT-0150] Reading design.

Design:                   gcd
Die area:                 ( 0 0 ) ( 91235 91235 )
Number of track patterns: 12
Number of DEF vias:       0
Number of components:     572
Number of terminals:      56
Number of snets:          2
Number of nets:           521

[INFO DRT-0167] List of default vias:
  Layer via
    default via: M1M2_PR
  Layer via2
    default via: M2M3_PR
  Layer via3
    default via: M3M4_PR
  Layer via4
    default via: M4M5_PR
[INFO DRT-0162] Library cell analysis.
[INFO DRT-0163] Instance analysis.
[INFO DRT-0164] Number of unique instances = 71.
[INFO DRT-0168] Init region query.
[INFO DRT-0024]   Complete FR_MASTERSLICE.
[INFO DRT-0024]   Complete Fr_VIA.
[INFO DRT-0024]   Complete li1.
[INFO DRT-0024]   Complete mcon.
[INFO DRT-0024]   Complete met1.
[INFO DRT-0024]   Complete via.
[INFO DRT-0024]   Complete met2.
[INFO DRT-0024]   Complete via2.
[INFO DRT-0024]   Complete met3.
[INFO DRT-0024]   Complete via3.
[INFO DRT-0024]   Complete met4.
[INFO DRT-0024]   Complete via4.
[INFO DRT-0024]   Complete met5.
[INFO DRT-0033] FR_MASTERSLICE shape region query size = 0.
[INFO DRT-0033] FR_VIA shape region query size = 0.
[INFO DRT-0033] li1 shape region query size = 10762.
[INFO DRT-0033] mcon shape region query size = 6172.
[INFO DRT-0033] met1 shape region query size = 2330.
[INFO DRT-0033] via shape region query size = 405.
[INFO DRT-0033] met2 shape region query size = 272.
[INFO DRT-0033] via2 shape region query size = 324.
[INFO DRT-0033] met3 shape region query size = 268.
[INFO DRT-0033] via3 shape region query size = 324.
[INFO DRT-0033] met4 shape region query size = 105.
[INFO DRT-0033] via4 shape region query size = 18.
[INFO DRT-0033] met5 shape region query size = 30.
[INFO DRT-0165] Start pin access.
[INFO DRT-0078]   Complete 505 pins.
[INFO DRT-0081]   Complete 71 unique inst patterns.
[INFO DRT-0084]   Complete 304 groups.
#scanned instances     = 572
#unique  instances     = 71
#stdCellGenAp          = 1454
#stdCellValidPlanarAp  = 0
#stdCellValidViaAp     = 1187
#stdCellPinNoAp        = 0
#stdCellPinCnt         = 1484
#instTermValidViaApCnt = 0
#macroGenAp            = 0
#macroValidPlanarAp    = 0
#macroValidViaAp       = 0
#macroNoAp             = 0
[INFO DRT-0166] Complete pin access.
[INFO DRT-0267] cpu time = 00:00:05, elapsed time = 00:00:05, memory = 150.28 (MB), peak = 150.28 (MB)
Took 6 seconds: pin_access
global_route -congestion_report_file ./reports/sky130hs/gcd/slot2/congestion.rpt -congestion_iterations 30 -congestion_report_iter_step 5 -verbose
[INFO GRT-0020] Min routing layer: met1
[INFO GRT-0021] Max routing layer: met5
[INFO GRT-0022] Global adjustment: 0%
[INFO GRT-0023] Grid origin: (0, 0)
[INFO GRT-0088] Layer li1     Track-Pitch = 0.4800  line-2-Via Pitch: 0.3400
[INFO GRT-0088] Layer met1    Track-Pitch = 0.3700  line-2-Via Pitch: 0.3400
[INFO GRT-0088] Layer met2    Track-Pitch = 0.4800  line-2-Via Pitch: 0.3500
[INFO GRT-0088] Layer met3    Track-Pitch = 0.7400  line-2-Via Pitch: 0.6150
[INFO GRT-0088] Layer met4    Track-Pitch = 0.9600  line-2-Via Pitch: 1.0400
[INFO GRT-0088] Layer met5    Track-Pitch = 3.3300  line-2-Via Pitch: 3.1100
[INFO GRT-0003] Macros: 0
[INFO GRT-0004] Blockages: 170
[INFO GRT-0019] Found 6 clock nets.
[INFO GRT-0001] Minimum degree: 2
[INFO GRT-0002] Maximum degree: 24

[INFO GRT-0053] Routing resources analysis:
          Routing      Original      Derated      Resource
Layer     Direction    Resources     Resources    Reduction (%)
---------------------------------------------------------------
li1        Vertical            0             0          0.00%
met1       Horizontal       2256          1730          23.32%
met2       Vertical         1815          1397          23.03%
met3       Horizontal       1293          1012          21.73%
met4       Vertical          891           627          29.63%
met5       Horizontal        209           143          31.58%
---------------------------------------------------------------

[INFO GRT-0197] Via related to pin nodes: 2366
[INFO GRT-0198] Via related Steiner nodes: 23
[INFO GRT-0199] Via filling finished.
[INFO GRT-0111] Final number of vias: 2876
[INFO GRT-0112] Final usage 3D: 9945

[INFO GRT-0096] Final congestion report:
Layer         Resource        Demand        Usage (%)    Max H / Max V / Total Congestion
---------------------------------------------------------------------------------------
li1                  0             0            0.00%             0 /  0 /  0
met1              1730           686           39.65%             0 /  0 /  0
met2              1397           548           39.23%             0 /  0 /  0
met3              1012            36            3.56%             0 /  0 /  0
met4               627            47            7.50%             0 /  0 /  0
met5               143             0            0.00%             0 /  0 /  0
---------------------------------------------------------------------------------------
Total             4909          1317           26.83%             0 /  0 /  0

[INFO GRT-0018] Total wirelength: 15530 um
[INFO GRT-0014] Routed nets: 521
[INFO GRT-0303] Global routing runtime = 00:00:00
[WARNING STA-0450] virtual clock vclk_core_clock can not be propagated.
estimate_parasitics -global_routing
Perform buffer insertion and gate resizing...
repair_design -verbose
Iteration |   Area    | Resized | Buffers | Nets repaired | Remaining
---------------------------------------------------------------------
        0 |     +0.0% |       0 |       0 |             0 |       524
       10 |     +0.0% |       0 |       0 |             0 |       514
       20 |     +0.0% |       0 |       0 |             0 |       504
       30 |     +0.0% |       0 |       0 |             0 |       494
       40 |     +0.0% |       0 |       0 |             0 |       484
       50 |     +0.0% |       0 |       0 |             0 |       474
       60 |     +0.0% |       0 |       0 |             0 |       464
       70 |     +0.0% |       0 |       0 |             0 |       454
       80 |     +0.0% |       0 |       0 |             0 |       444
       90 |     +0.0% |       0 |       0 |             0 |       434
      100 |     +0.0% |       0 |       0 |             0 |       424
      110 |     +0.0% |       0 |       0 |             0 |       414
      120 |     +0.0% |       0 |       0 |             0 |       404
      130 |     +0.0% |       0 |       0 |             0 |       394
      140 |     +0.0% |       0 |       0 |             0 |       384
      150 |     +0.0% |       0 |       0 |             0 |       374
      160 |     +0.0% |       0 |       0 |             0 |       364
      170 |     +0.0% |       0 |       0 |             0 |       354
      180 |     +0.0% |       0 |       0 |             0 |       344
      190 |     +0.0% |       0 |       0 |             0 |       334
      200 |     +0.0% |       0 |       0 |             0 |       324
      210 |     +0.0% |       0 |       0 |             0 |       314
      220 |     +0.0% |       0 |       0 |             0 |       304
      230 |     +0.0% |       0 |       0 |             0 |       294
      240 |     +0.0% |       0 |       0 |             0 |       284
      250 |     +0.0% |       0 |       0 |             0 |       274
      260 |     +0.0% |       0 |       0 |             0 |       264
      270 |     +0.0% |       0 |       0 |             0 |       254
      280 |     +0.0% |       0 |       0 |             0 |       244
      290 |     +0.0% |       0 |       0 |             0 |       234
      300 |     +0.0% |       0 |       0 |             0 |       224
      310 |     +0.0% |       0 |       0 |             0 |       214
      320 |     +0.0% |       0 |       0 |             0 |       204
      330 |     +0.0% |       0 |       0 |             0 |       194
      340 |     +0.0% |       0 |       0 |             0 |       184
      350 |     +0.0% |       0 |       0 |             0 |       174
      360 |     +0.0% |       0 |       0 |             0 |       164
      370 |     +0.0% |       0 |       0 |             0 |       154
      380 |     +0.0% |       0 |       0 |             0 |       144
      390 |     +0.0% |       0 |       0 |             0 |       134
      400 |     +0.0% |       0 |       0 |             0 |       124
      410 |     +0.0% |       0 |       0 |             0 |       114
      420 |     +0.0% |       0 |       0 |             0 |       104
      430 |     +0.0% |       0 |       0 |             0 |        94
      440 |     +0.0% |       0 |       0 |             0 |        84
      450 |     +0.0% |       0 |       0 |             0 |        74
      460 |     +0.0% |       0 |       0 |             0 |        64
      470 |     +0.0% |       0 |       0 |             0 |        54
      480 |     +0.0% |       0 |       0 |             0 |        44
      490 |     +0.0% |       0 |       0 |             0 |        34
      500 |     +0.0% |       0 |       0 |             0 |        24
      510 |     +0.0% |       0 |       0 |             0 |        14
      520 |     +0.0% |       0 |       0 |             0 |         4
    final |     +0.0% |       0 |       0 |             0 |         0
---------------------------------------------------------------------
[INFO RSZ-0504] Runtime: 0.02s
global_route -start_incremental
detailed_placement
[INFO DPL-0006] Core area: 7646.75 um^2
[INFO DPL-0007] Movable instances area: 4744.05 um^2
[INFO DPL-0008] Fixed instances area within core: 134.27 um^2
[INFO DPL-0009] Utilization: 63.8%
[INFO DPL-0005] Diamond search max displacement: +/- 500 sites horizontally, +/- 100 rows vertically.
[INFO DPL-1102] Legalizing using negotiation legalizer.
[INFO DPL-1103] Negotiation base search window: +/-20 sites horizontally, +/-5 rows vertically 
	Automatic search window extension enabled.
	Search window extendable up to the max displacement cap of +/-500 sites, +/-100 rows near walls.
[INFO DPL-1104] NegotiationLegalizer DRC penalty: 5.
[INFO DPL-0392] Negotiation cell height distribution (1 unique row-count(s)):
[INFO DPL-0393]   height 1 row(s): 572 cells
[INFO DPL-0500] Runtime: 0.00s
Placement Analysis
---------------------------------
total displacement          0.0 u
average displacement        0.0 u
max displacement            0.0 u
original HPWL            8574.8 u
legalized HPWL           8574.8 u
delta HPWL                    0 %

global_route -end_incremental -congestion_report_file ./reports/sky130hs/gcd/slot2/congestion_post_repair_design.rpt
Repair setup and hold violations...
estimate_parasitics -global_routing
repair_timing -setup_margin 0 -hold_margin 0 -repair_tns 100 -verbose
[INFO RSZ-0100] Repair move sequence: UnbufferMove SizeUpMove SwapPinsMove BufferMove CloneMove SplitLoadMove 
[INFO RSZ-0094] Found 31 endpoints with setup violations.
[INFO RSZ-0099] Repairing 31 out of 31 (100.00%) violating endpoints...
   Iter   | Removed | Resized | Inserted | Cloned |  Pin  |   Area   |    WNS   |   StTNS    |   EnTNS    |  Viol  |  Worst  
          | Buffers |  Gates  | Buffers  |  Gates | Swaps |          |          |            |            | Endpts | St/EnPt 
------------------------------------------------------------------------------------------------------------------------------
       0* |       0 |       0 |        0 |      0 |     0 |    +0.0% |   -0.172 |       -2.7 |       -3.2 |     31 | dpath.b_reg.out\[7\]$_DFFE_PP_/DE
      10* |       0 |       4 |        4 |      0 |     2 |    +1.4% |   -0.143 |       -2.6 |       -3.0 |     31 | dpath.b_reg.out\[7\]$_DFFE_PP_/DE
      17* |       0 |       9 |        6 |      0 |     3 |    +1.9% |   -0.046 |       -0.3 |       -0.7 |     31 | dpath.b_reg.out\[7\]$_DFFE_PP_/DE
      20* |       0 |       9 |        8 |      0 |     4 |    +2.2% |   -0.041 |       -0.3 |       -0.6 |     31 | dpath.b_reg.out\[7\]$_DFFE_PP_/DE
      30* |       0 |      15 |       11 |      0 |     5 |    +3.0% |   -0.011 |       -0.0 |       -0.1 |     31 | dpath.b_reg.out\[7\]$_DFFE_PP_/DE
      40* |       4 |      17 |       14 |      0 |     6 |    +2.8% |   -0.075 |       -0.1 |       -1.1 |     31 | dpath.b_reg.out\[7\]$_DFFE_PP_/DE
      50* |       9 |      17 |       19 |      0 |     6 |    +2.8% |   -0.075 |       -0.1 |       -1.1 |     31 | dpath.b_reg.out\[7\]$_DFFE_PP_/DE
      60* |      14 |      17 |       24 |      0 |     6 |    +2.8% |   -0.075 |       -0.1 |       -1.1 |     31 | dpath.b_reg.out\[7\]$_DFFE_PP_/DE
      70* |      19 |      17 |       29 |      0 |     6 |    +2.8% |   -0.075 |       -0.1 |       -1.1 |     31 | dpath.b_reg.out\[7\]$_DFFE_PP_/DE
      80* |      24 |      17 |       34 |      0 |     6 |    +2.8% |   -0.075 |       -0.1 |       -1.1 |     31 | dpath.b_reg.out\[7\]$_DFFE_PP_/DE
      83* |       0 |      17 |       11 |      0 |     6 |    +3.2% |   -0.010 |       -0.0 |       -0.1 |     31 | dpath.b_reg.out\[7\]$_DFFE_PP_/DE
      90* |       3 |      17 |       14 |      0 |     6 |    +3.2% |   -0.010 |       -0.0 |       -0.1 |     31 | dpath.b_reg.out\[7\]$_DFFE_PP_/DE
     100* |       8 |      17 |       19 |      0 |     6 |    +3.2% |   -0.010 |       -0.0 |       -0.1 |     31 | dpath.b_reg.out\[7\]$_DFFE_PP_/DE
     110* |      13 |      17 |       24 |      0 |     6 |    +3.2% |   -0.010 |       -0.0 |       -0.1 |     31 | dpath.b_reg.out\[7\]$_DFFE_PP_/DE
     120* |      18 |      17 |       29 |      0 |     6 |    +3.2% |   -0.010 |       -0.0 |       -0.1 |     31 | dpath.b_reg.out\[7\]$_DFFE_PP_/DE
     130* |      23 |      17 |       34 |      0 |     6 |    +3.2% |   -0.010 |       -0.0 |       -0.1 |     31 | dpath.b_reg.out\[7\]$_DFFE_PP_/DE
     134* |       0 |      17 |       11 |      0 |     6 |    +3.2% |   -0.010 |       -0.0 |       -0.1 |     31 | dpath.b_reg.out\[7\]$_DFFE_PP_/DE
     140* |       3 |      17 |       13 |      0 |     6 |    +2.8% |   -0.075 |       -0.1 |       -1.1 |     31 | dpath.b_reg.out\[7\]$_DFFE_PP_/DE
     150* |       8 |      17 |       18 |      0 |     6 |    +2.8% |   -0.075 |       -0.1 |       -1.1 |     31 | dpath.b_reg.out\[7\]$_DFFE_PP_/DE
     160* |      13 |      17 |       23 |      0 |     6 |    +2.8% |   -0.075 |       -0.1 |       -1.1 |     31 | dpath.b_reg.out\[7\]$_DFFE_PP_/DE
     170* |      18 |      17 |       28 |      0 |     6 |    +2.8% |   -0.075 |       -0.1 |       -1.1 |     31 | dpath.b_reg.out\[7\]$_DFFE_PP_/DE
     180* |      23 |      17 |       33 |      0 |     6 |    +2.8% |   -0.075 |       -0.1 |       -1.1 |     31 | dpath.b_reg.out\[7\]$_DFFE_PP_/DE
     185* |       0 |      17 |       11 |      0 |     6 |    +3.2% |   -0.010 |       -0.0 |       -0.1 |     31 | dpath.b_reg.out\[7\]$_DFFE_PP_/DE
     190* |       2 |      17 |       13 |      0 |     6 |    +3.2% |   -0.010 |       -0.0 |       -0.1 |     31 | dpath.b_reg.out\[7\]$_DFFE_PP_/DE
     200* |       7 |      17 |       18 |      0 |     6 |    +3.2% |   -0.010 |       -0.0 |       -0.1 |     31 | dpath.b_reg.out\[7\]$_DFFE_PP_/DE
     210* |      12 |      17 |       23 |      0 |     6 |    +3.2% |   -0.010 |       -0.0 |       -0.1 |     31 | dpath.b_reg.out\[7\]$_DFFE_PP_/DE
     220* |      17 |      17 |       28 |      0 |     6 |    +3.2% |   -0.010 |       -0.0 |       -0.1 |     31 | dpath.b_reg.out\[7\]$_DFFE_PP_/DE
     230* |      22 |      17 |       33 |      0 |     6 |    +3.2% |   -0.010 |       -0.0 |       -0.1 |     31 | dpath.b_reg.out\[7\]$_DFFE_PP_/DE
     236* |       0 |      17 |       11 |      0 |     6 |    +3.2% |   -0.010 |       -0.0 |       -0.1 |     31 | dpath.b_reg.out\[7\]$_DFFE_PP_/DE
     240* |       2 |      17 |       12 |      0 |     6 |    +2.8% |   -0.075 |       -0.1 |       -1.1 |     31 | dpath.b_reg.out\[7\]$_DFFE_PP_/DE
     250* |       7 |      17 |       17 |      0 |     6 |    +2.8% |   -0.075 |       -0.1 |       -1.1 |     31 | dpath.b_reg.out\[7\]$_DFFE_PP_/DE
     260* |      12 |      17 |       22 |      0 |     6 |    +2.8% |   -0.075 |       -0.1 |       -1.1 |     31 | dpath.b_reg.out\[7\]$_DFFE_PP_/DE
     270* |      17 |      17 |       27 |      0 |     6 |    +2.8% |   -0.075 |       -0.1 |       -1.1 |     31 | dpath.b_reg.out\[7\]$_DFFE_PP_/DE
     280* |      22 |      17 |       32 |      0 |     6 |    +2.8% |   -0.075 |       -0.1 |       -1.1 |     31 | dpath.b_reg.out\[7\]$_DFFE_PP_/DE
     287* |       0 |      17 |       11 |      0 |     6 |    +3.2% |   -0.010 |       -0.0 |       -0.1 |     31 | dpath.b_reg.out\[7\]$_DFFE_PP_/DE
     290* |       1 |      17 |       12 |      0 |     6 |    +3.2% |   -0.010 |       -0.0 |       -0.1 |     31 | dpath.b_reg.out\[7\]$_DFFE_PP_/DE
     300* |       6 |      17 |       17 |      0 |     6 |    +3.2% |   -0.010 |       -0.0 |       -0.1 |     31 | dpath.b_reg.out\[7\]$_DFFE_PP_/DE
     310* |      11 |      17 |       22 |      0 |     6 |    +3.2% |   -0.010 |       -0.0 |       -0.1 |     31 | dpath.b_reg.out\[7\]$_DFFE_PP_/DE
     320* |      16 |      17 |       27 |      0 |     6 |    +3.2% |   -0.010 |       -0.0 |       -0.1 |     31 | dpath.b_reg.out\[7\]$_DFFE_PP_/DE
     330* |      21 |      17 |       32 |      0 |     6 |    +3.2% |   -0.010 |       -0.0 |       -0.1 |     31 | dpath.b_reg.out\[7\]$_DFFE_PP_/DE
     338* |       0 |      17 |       11 |      0 |     6 |    +3.2% |   -0.010 |       -0.0 |       -0.1 |     31 | dpath.b_reg.out\[7\]$_DFFE_PP_/DE
     340* |       1 |      17 |       11 |      0 |     6 |    +2.8% |   -0.074 |       -0.1 |       -1.1 |     31 | dpath.b_reg.out\[7\]$_DFFE_PP_/DE
     350* |       6 |      17 |       16 |      0 |     6 |    +2.8% |   -0.075 |       -0.1 |       -1.1 |     31 | dpath.b_reg.out\[7\]$_DFFE_PP_/DE
     360* |      11 |      17 |       21 |      0 |     6 |    +2.8% |   -0.075 |       -0.1 |       -1.1 |     31 | dpath.b_reg.out\[7\]$_DFFE_PP_/DE
     370* |      16 |      17 |       26 |      0 |     6 |    +2.8% |   -0.075 |       -0.1 |       -1.1 |     31 | dpath.b_reg.out\[7\]$_DFFE_PP_/DE
     380* |      21 |      17 |       31 |      0 |     6 |    +2.8% |   -0.075 |       -0.1 |       -1.1 |     31 | dpath.b_reg.out\[7\]$_DFFE_PP_/DE
     389* |       0 |      17 |       11 |      0 |     6 |    +3.2% |   -0.010 |       -0.0 |       -0.1 |     31 | dpath.b_reg.out\[7\]$_DFFE_PP_/DE
     390* |       0 |      17 |       11 |      0 |     6 |    +3.2% |   -0.010 |       -0.0 |       -0.1 |     31 | dpath.b_reg.out\[7\]$_DFFE_PP_/DE
     400* |       5 |      17 |       16 |      0 |     6 |    +3.2% |   -0.010 |       -0.0 |       -0.1 |     31 | dpath.b_reg.out\[7\]$_DFFE_PP_/DE
     410* |      10 |      17 |       21 |      0 |     6 |    +3.2% |   -0.010 |       -0.0 |       -0.1 |     31 | dpath.b_reg.out\[7\]$_DFFE_PP_/DE
     420* |      15 |      17 |       26 |      0 |     6 |    +3.2% |   -0.010 |       -0.0 |       -0.1 |     31 | dpath.b_reg.out\[7\]$_DFFE_PP_/DE
     430* |      20 |      17 |       31 |      0 |     6 |    +3.2% |   -0.010 |       -0.0 |       -0.1 |     31 | dpath.b_reg.out\[7\]$_DFFE_PP_/DE
     440* |      25 |      17 |       36 |      0 |     6 |    +3.2% |   -0.010 |       -0.0 |       -0.1 |     31 | dpath.b_reg.out\[7\]$_DFFE_PP_/DE
     440* |       0 |      17 |       11 |      0 |     6 |    +3.2% |   -0.010 |       -0.0 |       -0.1 |     31 | dpath.b_reg.out\[7\]$_DFFE_PP_/DE
     450* |       5 |      17 |       15 |      0 |     6 |    +2.8% |   -0.075 |       -0.1 |       -1.1 |     31 | dpath.b_reg.out\[7\]$_DFFE_PP_/DE
     460* |      10 |      17 |       20 |      0 |     6 |    +2.8% |   -0.075 |       -0.1 |       -1.1 |     31 | dpath.b_reg.out\[7\]$_DFFE_PP_/DE
     470* |      15 |      17 |       25 |      0 |     6 |    +2.8% |   -0.075 |       -0.1 |       -1.1 |     31 | dpath.b_reg.out\[7\]$_DFFE_PP_/DE
     480* |      20 |      17 |       30 |      0 |     6 |    +2.8% |   -0.075 |       -0.1 |       -1.1 |     31 | dpath.b_reg.out\[7\]$_DFFE_PP_/DE
     490* |      25 |      17 |       35 |      0 |     6 |    +2.8% |   -0.075 |       -0.1 |       -1.1 |     31 | dpath.b_reg.out\[7\]$_DFFE_PP_/DE
     491* |       0 |      17 |       11 |      0 |     6 |    +3.2% |   -0.010 |       -0.0 |       -0.1 |     31 | dpath.b_reg.out\[7\]$_DFFE_PP_/DE
     500* |       4 |      17 |       15 |      0 |     6 |    +3.2% |   -0.010 |       -0.0 |       -0.1 |     31 | dpath.b_reg.out\[7\]$_DFFE_PP_/DE
     510* |       9 |      17 |       20 |      0 |     6 |    +3.2% |   -0.010 |       -0.0 |       -0.1 |     31 | dpath.b_reg.out\[7\]$_DFFE_PP_/DE
     520* |      14 |      17 |       25 |      0 |     6 |    +3.2% |   -0.010 |       -0.0 |       -0.1 |     31 | dpath.b_reg.out\[7\]$_DFFE_PP_/DE
     530* |      19 |      17 |       30 |      0 |     6 |    +3.2% |   -0.010 |       -0.0 |       -0.1 |     31 | dpath.b_reg.out\[7\]$_DFFE_PP_/DE
     540* |      24 |      17 |       35 |      0 |     6 |    +3.2% |   -0.010 |       -0.0 |       -0.1 |     31 | dpath.b_reg.out\[7\]$_DFFE_PP_/DE
     542* |       0 |      17 |       11 |      0 |     6 |    +3.2% |   -0.010 |       -0.0 |       -0.1 |     31 | dpath.b_reg.out\[7\]$_DFFE_PP_/DE
     550* |       4 |      17 |       14 |      0 |     6 |    +2.8% |   -0.075 |       -0.1 |       -1.1 |     31 | dpath.b_reg.out\[7\]$_DFFE_PP_/DE
     560* |       9 |      17 |       19 |      0 |     6 |    +2.8% |   -0.075 |       -0.1 |       -1.1 |     31 | dpath.b_reg.out\[7\]$_DFFE_PP_/DE
     570* |      14 |      17 |       24 |      0 |     6 |    +2.8% |   -0.075 |       -0.1 |       -1.1 |     31 | dpath.b_reg.out\[7\]$_DFFE_PP_/DE
     580* |      19 |      17 |       29 |      0 |     6 |    +2.8% |   -0.075 |       -0.1 |       -1.1 |     31 | dpath.b_reg.out\[7\]$_DFFE_PP_/DE
     590* |      24 |      17 |       34 |      0 |     6 |    +2.8% |   -0.075 |       -0.1 |       -1.1 |     31 | dpath.b_reg.out\[7\]$_DFFE_PP_/DE
     593* |       0 |      17 |       11 |      0 |     6 |    +3.2% |   -0.010 |       -0.0 |       -0.1 |     31 | dpath.b_reg.out\[7\]$_DFFE_PP_/DE
     600* |       3 |      17 |       14 |      0 |     6 |    +3.2% |   -0.010 |       -0.0 |       -0.1 |     31 | dpath.b_reg.out\[7\]$_DFFE_PP_/DE
     610* |       8 |      17 |       19 |      0 |     6 |    +3.2% |   -0.010 |       -0.0 |       -0.1 |     31 | dpath.b_reg.out\[7\]$_DFFE_PP_/DE
     620* |      13 |      17 |       24 |      0 |     6 |    +3.2% |   -0.010 |       -0.0 |       -0.1 |     31 | dpath.b_reg.out\[7\]$_DFFE_PP_/DE
     630* |      18 |      17 |       29 |      0 |     6 |    +3.2% |   -0.010 |       -0.0 |       -0.1 |     31 | dpath.b_reg.out\[7\]$_DFFE_PP_/DE
     640* |      23 |      17 |       34 |      0 |     6 |    +3.2% |   -0.010 |       -0.0 |       -0.1 |     31 | dpath.b_reg.out\[7\]$_DFFE_PP_/DE
     644* |       0 |      17 |       11 |      0 |     6 |    +3.2% |   -0.010 |       -0.0 |       -0.1 |     31 | dpath.b_reg.out\[7\]$_DFFE_PP_/DE
     650* |       3 |      17 |       13 |      0 |     6 |    +2.8% |   -0.075 |       -0.1 |       -1.1 |     31 | dpath.b_reg.out\[7\]$_DFFE_PP_/DE
     660* |       8 |      17 |       18 |      0 |     6 |    +2.8% |   -0.075 |       -0.1 |       -1.1 |     31 | dpath.b_reg.out\[7\]$_DFFE_PP_/DE
     670* |      13 |      17 |       23 |      0 |     6 |    +2.8% |   -0.075 |       -0.1 |       -1.1 |     31 | dpath.b_reg.out\[7\]$_DFFE_PP_/DE
     680* |      18 |      17 |       28 |      0 |     6 |    +2.8% |   -0.075 |       -0.1 |       -1.1 |     31 | dpath.b_reg.out\[7\]$_DFFE_PP_/DE
     690* |      23 |      17 |       33 |      0 |     6 |    +2.8% |   -0.075 |       -0.1 |       -1.1 |     31 | dpath.b_reg.out\[7\]$_DFFE_PP_/DE
     695* |       0 |      17 |       11 |      0 |     6 |    +3.2% |   -0.010 |       -0.0 |       -0.1 |     31 | dpath.b_reg.out\[7\]$_DFFE_PP_/DE
     700* |       2 |      17 |       13 |      0 |     6 |    +3.2% |   -0.010 |       -0.0 |       -0.1 |     31 | dpath.b_reg.out\[7\]$_DFFE_PP_/DE
     710* |       7 |      17 |       18 |      0 |     6 |    +3.2% |   -0.010 |       -0.0 |       -0.1 |     31 | dpath.b_reg.out\[7\]$_DFFE_PP_/DE
     720* |      12 |      17 |       23 |      0 |     6 |    +3.2% |   -0.010 |       -0.0 |       -0.1 |     31 | dpath.b_reg.out\[7\]$_DFFE_PP_/DE
     730* |      17 |      17 |       28 |      0 |     6 |    +3.2% |   -0.010 |       -0.0 |       -0.1 |     31 | dpath.b_reg.out\[7\]$_DFFE_PP_/DE
     740* |      22 |      17 |       33 |      0 |     6 |    +3.2% |   -0.010 |       -0.0 |       -0.1 |     31 | dpath.b_reg.out\[7\]$_DFFE_PP_/DE
     746* |       0 |      17 |       11 |      0 |     6 |    +3.2% |   -0.010 |       -0.0 |       -0.1 |     31 | dpath.b_reg.out\[7\]$_DFFE_PP_/DE
     750* |       2 |      17 |       12 |      0 |     6 |    +2.8% |   -0.075 |       -0.1 |       -1.1 |     31 | dpath.b_reg.out\[7\]$_DFFE_PP_/DE
     760* |       7 |      17 |       17 |      0 |     6 |    +2.8% |   -0.075 |       -0.1 |       -1.1 |     31 | dpath.b_reg.out\[7\]$_DFFE_PP_/DE
     770* |      12 |      17 |       22 |      0 |     6 |    +2.8% |   -0.075 |       -0.1 |       -1.1 |     31 | dpath.b_reg.out\[7\]$_DFFE_PP_/DE
     780* |      17 |      17 |       27 |      0 |     6 |    +2.8% |   -0.075 |       -0.1 |       -1.1 |     31 | dpath.b_reg.out\[7\]$_DFFE_PP_/DE
     790* |      22 |      17 |       32 |      0 |     6 |    +2.8% |   -0.075 |       -0.1 |       -1.1 |     31 | dpath.b_reg.out\[7\]$_DFFE_PP_/DE
     797* |       0 |      17 |       11 |      0 |     6 |    +3.2% |   -0.010 |       -0.0 |       -0.1 |     31 | dpath.b_reg.out\[7\]$_DFFE_PP_/DE
     798* |       0 |      17 |       11 |      0 |     6 |    +3.2% |   -0.010 |       -0.0 |       -0.1 |     31 | dpath.b_reg.out\[7\]$_DFFE_PP_/DE
     799* |       0 |      17 |       11 |      0 |     6 |    +3.2% |   -0.010 |       -0.0 |       -0.1 |     31 | dpath.b_reg.out\[7\]$_DFFE_PP_/DE
     800* |       0 |      17 |       11 |      0 |     6 |    +3.2% |   -0.010 |       -0.0 |       -0.1 |     31 | dpath.b_reg.out\[7\]$_DFFE_PP_/DE
     800* |       0 |      17 |       11 |      0 |     6 |    +3.2% |   -0.010 |       -0.0 |       -0.1 |     31 | dpath.b_reg.out\[7\]$_DFFE_PP_/DE
     801* |       0 |      17 |       11 |      0 |     6 |    +3.2% |   -0.010 |       -0.0 |       -0.1 |     31 | dpath.b_reg.out\[7\]$_DFFE_PP_/DE
     802* |       0 |      17 |       11 |      0 |     6 |    +3.2% |   -0.010 |       -0.0 |       -0.1 |     31 | dpath.b_reg.out\[7\]$_DFFE_PP_/DE
     803* |       0 |      17 |       11 |      0 |     6 |    +3.2% |   -0.010 |       -0.0 |       -0.1 |     31 | dpath.b_reg.out\[7\]$_DFFE_PP_/DE
     804* |       0 |      17 |       11 |      0 |     6 |    +3.2% |   -0.010 |       -0.0 |       -0.1 |     31 | dpath.b_reg.out\[7\]$_DFFE_PP_/DE
     805* |       0 |      17 |       11 |      0 |     6 |    +3.2% |   -0.010 |       -0.0 |       -0.1 |     31 | dpath.b_reg.out\[7\]$_DFFE_PP_/DE
     806* |       0 |      17 |       11 |      0 |     6 |    +3.2% |   -0.010 |       -0.0 |       -0.1 |     31 | dpath.b_reg.out\[7\]$_DFFE_PP_/DE
     807* |       0 |      17 |       11 |      0 |     6 |    +3.2% |   -0.010 |       -0.0 |       -0.1 |     31 | dpath.b_reg.out\[7\]$_DFFE_PP_/DE
     808* |       0 |      17 |       11 |      0 |     6 |    +3.2% |   -0.010 |       -0.0 |       -0.1 |     31 | dpath.b_reg.out\[7\]$_DFFE_PP_/DE
     809* |       0 |      17 |       11 |      0 |     6 |    +3.2% |   -0.010 |       -0.0 |       -0.1 |     31 | dpath.b_reg.out\[7\]$_DFFE_PP_/DE
     810* |       0 |      17 |       11 |      0 |     6 |    +3.2% |   -0.010 |       -0.0 |       -0.1 |     31 | dpath.b_reg.out\[7\]$_DFFE_PP_/DE
     810* |       0 |      17 |       11 |      0 |     6 |    +3.2% |   -0.010 |       -0.0 |       -0.1 |     31 | dpath.b_reg.out\[7\]$_DFFE_PP_/DE
     811* |       0 |      17 |       11 |      0 |     6 |    +3.2% |   -0.010 |       -0.0 |       -0.1 |     31 | dpath.b_reg.out\[7\]$_DFFE_PP_/DE
     812* |       0 |      17 |       11 |      0 |     6 |    +3.2% |   -0.010 |       -0.0 |       -0.1 |     31 | dpath.b_reg.out\[7\]$_DFFE_PP_/DE
     812* |       0 |      17 |       11 |      0 |     6 |    +3.2% |   -0.010 |       -0.0 |       -0.1 |     31 | dpath.b_reg.out\[7\]$_DFFE_PP_/DE
     814+ |       0 |      17 |       11 |      0 |     7 |    +3.2% |   -0.007 |       -0.0 |       -0.1 |     16 | dpath.b_reg.out\[7\]$_DFFE_PP_/DE
     815+ |       0 |      17 |       11 |      0 |     7 |    +3.2% |   -0.007 |       -0.0 |       -0.1 |     16 | dpath.b_reg.out\[7\]$_DFFE_PP_/DE
     816+ |       0 |      17 |       11 |      0 |     7 |    +3.2% |   -0.007 |       -0.0 |       -0.1 |     16 | dpath.b_reg.out\[7\]$_DFFE_PP_/DE
     817+ |       0 |      17 |       11 |      0 |     7 |    +3.2% |   -0.007 |       -0.0 |       -0.1 |     16 | dpath.b_reg.out\[7\]$_DFFE_PP_/DE
     818+ |       0 |      17 |       11 |      0 |     7 |    +3.2% |   -0.007 |       -0.0 |       -0.1 |     16 | dpath.b_reg.out\[7\]$_DFFE_PP_/DE
     819+ |       0 |      17 |       11 |      0 |     7 |    +3.2% |   -0.007 |       -0.0 |       -0.1 |     16 | dpath.b_reg.out\[7\]$_DFFE_PP_/DE
     820+ |       0 |      17 |       11 |      0 |     7 |    +3.2% |   -0.007 |       -0.0 |       -0.1 |     16 | dpath.b_reg.out\[7\]$_DFFE_PP_/DE
     820+ |       0 |      17 |       11 |      0 |     7 |    +3.2% |   -0.007 |       -0.0 |       -0.1 |     16 | dpath.b_reg.out\[7\]$_DFFE_PP_/DE
     821+ |       0 |      17 |       11 |      0 |     7 |    +3.2% |   -0.007 |       -0.0 |       -0.1 |     16 | dpath.b_reg.out\[7\]$_DFFE_PP_/DE
     822+ |       0 |      17 |       11 |      0 |     7 |    +3.2% |   -0.007 |       -0.0 |       -0.1 |     16 | dpath.b_reg.out\[7\]$_DFFE_PP_/DE
     823+ |       0 |      17 |       11 |      0 |     7 |    +3.2% |   -0.007 |       -0.0 |       -0.1 |     16 | dpath.b_reg.out\[7\]$_DFFE_PP_/DE
     824+ |       0 |      17 |       11 |      0 |     7 |    +3.2% |   -0.007 |       -0.0 |       -0.1 |     16 | dpath.b_reg.out\[7\]$_DFFE_PP_/DE
     825+ |       0 |      17 |       11 |      0 |     7 |    +3.2% |   -0.007 |       -0.0 |       -0.1 |     16 | dpath.b_reg.out\[7\]$_DFFE_PP_/DE
     826+ |       0 |      17 |       11 |      0 |     7 |    +3.2% |   -0.007 |       -0.0 |       -0.1 |     16 | dpath.b_reg.out\[7\]$_DFFE_PP_/DE
     827+ |       0 |      17 |       11 |      0 |     7 |    +3.2% |   -0.007 |       -0.0 |       -0.1 |     16 | dpath.b_reg.out\[7\]$_DFFE_PP_/DE
     828+ |       0 |      17 |       11 |      0 |     7 |    +3.2% |   -0.007 |       -0.0 |       -0.1 |     16 | dpath.b_reg.out\[7\]$_DFFE_PP_/DE
     829+ |       0 |      17 |       11 |      0 |     7 |    +3.2% |   -0.007 |       -0.0 |       -0.1 |     16 | dpath.b_reg.out\[7\]$_DFFE_PP_/DE
    final |       0 |      17 |       11 |      0 |     7 |    +3.2% |   -0.007 |       -0.0 |       -0.1 |     15 | dpath.b_reg.out\[7\]$_DFFE_PP_/DE
------------------------------------------------------------------------------------------------------------------------------
[INFO RSZ-0040] Inserted 11 buffers.
[INFO RSZ-0051] Resized 17 instances: 17 up, 0 up match, 0 down, 0 VT
[INFO RSZ-0043] Swapped pins on 7 instances.
[WARNING RSZ-0062] Unable to repair all setup violations.
[INFO RSZ-0505] Runtime: 22.02s
[INFO RSZ-0033] No hold violations found.
[INFO RSZ-0506] Runtime: 0.00s
Took 22 seconds: repair_timing -setup_margin 0 -hold_margin 0 -repair_tns 100 -verbose
global_route -start_incremental
detailed_placement
[INFO DPL-0006] Core area: 7646.75 um^2
[INFO DPL-0007] Movable instances area: 4900.69 um^2
[INFO DPL-0008] Fixed instances area within core: 134.27 um^2
[INFO DPL-0009] Utilization: 65.8%
[INFO DPL-0005] Diamond search max displacement: +/- 500 sites horizontally, +/- 100 rows vertically.
[INFO DPL-1102] Legalizing using negotiation legalizer.
[INFO DPL-1103] Negotiation base search window: +/-20 sites horizontally, +/-5 rows vertically 
	Automatic search window extension enabled.
	Search window extendable up to the max displacement cap of +/-500 sites, +/-100 rows near walls.
[INFO DPL-1104] NegotiationLegalizer DRC penalty: 5.
[INFO DPL-0392] Negotiation cell height distribution (1 unique row-count(s)):
[INFO DPL-0393]   height 1 row(s): 583 cells
          |      Total |  Illegal |  Illegal
Iteration | Violations |    Cells |    Sites
---------------------------------------------
        0 |         19 |         6 |        13
        1 |          0 |         0 |         0
Negotiation phase 1 converged at iteration 1.
[INFO DPL-0500] Runtime: 0.00s
Placement Analysis
---------------------------------
total displacement        181.4 u
average displacement        0.3 u
max displacement           21.4 u
original HPWL            8682.6 u
legalized HPWL           8913.8 u
delta HPWL                    3 %

check_placement -verbose
global_route -end_incremental -congestion_report_file ./reports/sky130hs/gcd/slot2/congestion_post_repair_timing.rpt
estimate_parasitics -global_routing
repair_timing -setup -sequence "vt_swap reroute" -skip_last_gasp -repair_tns 0 -verbose
[INFO RSZ-0100] Repair move sequence: RerouteMove 
[INFO RSZ-0094] Found 16 endpoints with setup violations.
[INFO RSZ-0099] Repairing 1 out of 16 (0.00%) violating endpoints...
   Iter   | Removed | Resized | Inserted | Cloned |  Pin  |   Area   |    WNS   |   StTNS    |   EnTNS    |  Viol  |  Worst  
          | Buffers |  Gates  | Buffers  |  Gates | Swaps |          |          |            |            | Endpts | St/EnPt 
------------------------------------------------------------------------------------------------------------------------------
       0* |       0 |       0 |        0 |      0 |     0 |    +0.0% |   -0.020 |       -0.0 |       -0.3 |     16 | dpath.b_reg.out\[7\]$_DFFE_PP_/DE
       1* |       0 |       0 |        0 |      0 |     0 |    +0.0% |   -0.020 |       -0.0 |       -0.3 |     16 | dpath.b_reg.out\[7\]$_DFFE_PP_/DE
       1* |       0 |       0 |        0 |      0 |     0 |    +0.0% |   -0.020 |       -0.0 |       -0.3 |     16 | dpath.b_reg.out\[7\]$_DFFE_PP_/DE
    final |       0 |       0 |        0 |      0 |     0 |    +0.0% |   -0.020 |       -0.0 |       -0.3 |     16 | dpath.b_reg.out\[7\]$_DFFE_PP_/DE
------------------------------------------------------------------------------------------------------------------------------
[WARNING RSZ-0062] Unable to repair all setup violations.
[INFO RSZ-0505] Runtime: 0.05s
Repair antennas...
[INFO GRT-0012] Found 0 antenna violations.
[INFO ANT-0002] Found 0 net violations.
[INFO ANT-0001] Found 0 pin violations.
Estimate parasitics...
estimate_parasitics -global_routing
Report metrics stage 5, global route...

==========================================================================
global route report_design_area
--------------------------------------------------------------------------
Design area 5035 um^2 66% utilization.
[INFO FLW-0007] clock core_clock period 1.800000
[WARNING FLW-0010] more than one clock found. Skipping sdc update.
[INFO FLW-0011] Path endpoint path count 88
write_db ./results/sky130hs/gcd/slot2/5_1_grt.odb
write_sdc -no_timestamp ./results/sky130hs/gcd/slot2/5_1_grt.sdc
Log                       Ext     Elapsed/s Peak Memory/MB sha1sum result [0:20)
5_1_grt                   .odb           29            281 d6582b0fc351d093e505
5_1_grt                   .sdc                             ee87a69a9faff413f1cc
/root/OpenROAD-flow-scripts/flow/scripts/flow.sh 5_2_route detail_route
Running detail_route.tcl, stage 5_2_route
read_liberty /root/OpenROAD-flow-scripts/flow/platforms/sky130hs/lib/sky130_fd_sc_hs__tt_025C_1v80.lib
read_db ./results/sky130hs/gcd/slot2/5_1_grt.odb
read_sdc ./results/sky130hs/gcd/slot2/5_1_grt.sdc
source /root/OpenROAD-flow-scripts/flow/platforms/sky130hs/setRC.tcl
[WARNING STA-0450] virtual clock vclk_core_clock can not be propagated.
detailed_route -output_drc ./reports/sky130hs/gcd/slot2/5_route_drc.rpt -output_maze ./results/sky130hs/gcd/slot2/maze.log -droute_end_iter 64 -verbose 1 -drc_report_iter_step 5
[INFO DRT-0149] Reading tech and libs.
[WARNING DRT-0349] LEF58_ENCLOSURE with no CUTCLASS is not supported. Skipping for layer mcon
[WARNING DRT-0349] LEF58_ENCLOSURE with no CUTCLASS is not supported. Skipping for layer mcon
[WARNING DRT-0349] LEF58_ENCLOSURE with no CUTCLASS is not supported. Skipping for layer via
[WARNING DRT-0349] LEF58_ENCLOSURE with no CUTCLASS is not supported. Skipping for layer via
[WARNING DRT-0349] LEF58_ENCLOSURE with no CUTCLASS is not supported. Skipping for layer via2
[WARNING DRT-0349] LEF58_ENCLOSURE with no CUTCLASS is not supported. Skipping for layer via2
[WARNING DRT-0349] LEF58_ENCLOSURE with no CUTCLASS is not supported. Skipping for layer via3
[WARNING DRT-0349] LEF58_ENCLOSURE with no CUTCLASS is not supported. Skipping for layer via3
[WARNING DRT-0349] LEF58_ENCLOSURE with no CUTCLASS is not supported. Skipping for layer via4
[WARNING DRT-0349] LEF58_ENCLOSURE with no CUTCLASS is not supported. Skipping for layer via4

Units:                1000
Number of layers:     13
Number of macros:     390
Number of vias:       29
Number of viarulegen: 25

[INFO DRT-0150] Reading design.

Design:                   gcd
Die area:                 ( 0 0 ) ( 91235 91235 )
Number of track patterns: 12
Number of DEF vias:       0
Number of components:     583
Number of terminals:      56
Number of snets:          2
Number of nets:           532

[INFO DRT-0167] List of default vias:
  Layer via
    default via: M1M2_PR
  Layer via2
    default via: M2M3_PR
  Layer via3
    default via: M3M4_PR
  Layer via4
    default via: M4M5_PR
[INFO DRT-0162] Library cell analysis.
[INFO DRT-0163] Instance analysis.
[INFO DRT-0164] Number of unique instances = 78.
[INFO DRT-0168] Init region query.
[INFO DRT-0024]   Complete FR_MASTERSLICE.
[INFO DRT-0024]   Complete Fr_VIA.
[INFO DRT-0024]   Complete li1.
[INFO DRT-0024]   Complete mcon.
[INFO DRT-0024]   Complete met1.
[INFO DRT-0024]   Complete via.
[INFO DRT-0024]   Complete met2.
[INFO DRT-0024]   Complete via2.
[INFO DRT-0024]   Complete met3.
[INFO DRT-0024]   Complete via3.
[INFO DRT-0024]   Complete met4.
[INFO DRT-0024]   Complete via4.
[INFO DRT-0024]   Complete met5.
[INFO DRT-0033] FR_MASTERSLICE shape region query size = 0.
[INFO DRT-0033] FR_VIA shape region query size = 0.
[INFO DRT-0033] li1 shape region query size = 11078.
[INFO DRT-0033] mcon shape region query size = 6372.
[INFO DRT-0033] met1 shape region query size = 2380.
[INFO DRT-0033] via shape region query size = 405.
[INFO DRT-0033] met2 shape region query size = 272.
[INFO DRT-0033] via2 shape region query size = 324.
[INFO DRT-0033] met3 shape region query size = 268.
[INFO DRT-0033] via3 shape region query size = 324.
[INFO DRT-0033] met4 shape region query size = 105.
[INFO DRT-0033] via4 shape region query size = 18.
[INFO DRT-0033] met5 shape region query size = 30.
[INFO DRT-0165] Start pin access.
[INFO DRT-0078]   Complete 550 pins.
[INFO DRT-0081]   Complete 78 unique inst patterns.
[INFO DRT-0084]   Complete 304 groups.
#scanned instances     = 583
#unique  instances     = 78
#stdCellGenAp          = 1612
#stdCellValidPlanarAp  = 0
#stdCellValidViaAp     = 1284
#stdCellPinNoAp        = 0
#stdCellPinCnt         = 1506
#instTermValidViaApCnt = 0
#macroGenAp            = 0
#macroValidPlanarAp    = 0
#macroValidViaAp       = 0
#macroNoAp             = 0
[INFO DRT-0166] Complete pin access.
[INFO DRT-0267] cpu time = 00:00:07, elapsed time = 00:00:07, memory = 245.82 (MB), peak = 245.82 (MB)

[INFO DRT-0157] Number of guides:     3288

[INFO DRT-0169] Post process guides.
[INFO DRT-0176] GCELLGRID X 0 DO 12 STEP 7200 ;
[INFO DRT-0177] GCELLGRID Y 0 DO 12 STEP 7200 ;
[INFO DRT-0028]   Complete FR_MASTERSLICE.
[INFO DRT-0028]   Complete Fr_VIA.
[INFO DRT-0028]   Complete li1.
[INFO DRT-0028]   Complete mcon.
[INFO DRT-0028]   Complete met1.
[INFO DRT-0028]   Complete via.
[INFO DRT-0028]   Complete met2.
[INFO DRT-0028]   Complete via2.
[INFO DRT-0028]   Complete met3.
[INFO DRT-0028]   Complete via3.
[INFO DRT-0028]   Complete met4.
[INFO DRT-0028]   Complete via4.
[INFO DRT-0028]   Complete met5.
[INFO DRT-0178] Init guide query.
[INFO DRT-0035]   Complete FR_MASTERSLICE (guide).
[INFO DRT-0035]   Complete Fr_VIA (guide).
[INFO DRT-0035]   Complete li1 (guide).
[INFO DRT-0035]   Complete mcon (guide).
[INFO DRT-0035]   Complete met1 (guide).
[INFO DRT-0035]   Complete via (guide).
[INFO DRT-0035]   Complete met2 (guide).
[INFO DRT-0035]   Complete via2 (guide).
[INFO DRT-0035]   Complete met3 (guide).
[INFO DRT-0035]   Complete via3 (guide).
[INFO DRT-0035]   Complete met4 (guide).
[INFO DRT-0035]   Complete via4 (guide).
[INFO DRT-0035]   Complete met5 (guide).
[INFO DRT-0036] FR_MASTERSLICE guide region query size = 0.
[INFO DRT-0036] FR_VIA guide region query size = 0.
[INFO DRT-0036] li1 guide region query size = 1220.
[INFO DRT-0036] mcon guide region query size = 0.
[INFO DRT-0036] met1 guide region query size = 967.
[INFO DRT-0036] via guide region query size = 0.
[INFO DRT-0036] met2 guide region query size = 461.
[INFO DRT-0036] via2 guide region query size = 0.
[INFO DRT-0036] met3 guide region query size = 34.
[INFO DRT-0036] via3 guide region query size = 0.
[INFO DRT-0036] met4 guide region query size = 6.
[INFO DRT-0036] via4 guide region query size = 0.
[INFO DRT-0036] met5 guide region query size = 0.
[INFO DRT-0179] Init gr pin query.
[INFO DRT-0267] cpu time = 00:00:00, elapsed time = 00:00:00, memory = 246.94 (MB), peak = 246.94 (MB)
[INFO DRT-0245] skipped writing guide updates to database.
[INFO DRT-0181] Start track assignment.
[INFO DRT-0184] Done with 1687 vertical wires in 1 frboxes and 1001 horizontal wires in 1 frboxes.
[INFO DRT-0186] Done with 156 vertical wires in 1 frboxes and 309 horizontal wires in 1 frboxes.
[INFO DRT-0182] Complete track assignment.
[INFO DRT-0267] cpu time = 00:00:00, elapsed time = 00:00:00, memory = 250.13 (MB), peak = 250.13 (MB)
[INFO DRT-0187] Start routing data preparation.
[INFO DRT-0267] cpu time = 00:00:00, elapsed time = 00:00:00, memory = 250.13 (MB), peak = 250.13 (MB)
[INFO DRT-0194] Start detail routing.
[INFO DRT-0195] Start 0th optimization iteration.
    Completing 20% with 0 violations.
    elapsed time = 00:00:01, memory = 263.45 (MB).
    Completing 50% with 28 violations.
    elapsed time = 00:00:02, memory = 285.02 (MB).
    Completing 70% with 56 violations.
    elapsed time = 00:00:02, memory = 285.02 (MB).
    Completing 100% with 112 violations.
    elapsed time = 00:00:02, memory = 285.02 (MB).
[INFO DRT-0199]   Number of violations = 118.
Viol/Layer        met1   met2
Metal Spacing       14      0
Recheck              6      0
Short               96      2
[INFO DRT-0267] cpu time = 00:00:03, elapsed time = 00:00:03, memory = 613.52 (MB), peak = 613.52 (MB)
Total wire length = 10031 um.
Total wire length on LAYER li1 = 0 um.
Total wire length on LAYER met1 = 5352 um.
Total wire length on LAYER met2 = 4355 um.
Total wire length on LAYER met3 = 179 um.
Total wire length on LAYER met4 = 144 um.
Total wire length on LAYER met5 = 0 um.
Total number of vias = 2922.
Up-via summary (total 2922):

-----------------------
 FR_MASTERSLICE       0
            li1    1533
           met1    1338
           met2      40
           met3      11
           met4       0
-----------------------
               2922


[INFO DRT-0195] Start 1st optimization iteration.
    Completing 20% with 118 violations.
    elapsed time = 00:00:00, memory = 613.52 (MB).
    Completing 50% with 115 violations.
    elapsed time = 00:00:01, memory = 613.52 (MB).
    Completing 70% with 110 violations.
    elapsed time = 00:00:01, memory = 613.52 (MB).
    Completing 100% with 53 violations.
    elapsed time = 00:00:02, memory = 613.52 (MB).
[INFO DRT-0199]   Number of violations = 53.
Viol/Layer        met1   met2   met3
Metal Spacing        5      1      1
Short               43      3      0
[INFO DRT-0267] cpu time = 00:00:02, elapsed time = 00:00:02, memory = 613.70 (MB), peak = 613.70 (MB)
Total wire length = 9947 um.
Total wire length on LAYER li1 = 0 um.
Total wire length on LAYER met1 = 5311 um.
Total wire length on LAYER met2 = 4313 um.
Total wire length on LAYER met3 = 184 um.
Total wire length on LAYER met4 = 139 um.
Total wire length on LAYER met5 = 0 um.
Total number of vias = 2912.
Up-via summary (total 2912):

-----------------------
 FR_MASTERSLICE       0
            li1    1537
           met1    1325
           met2      40
           met3      10
           met4       0
-----------------------
               2912


[INFO DRT-0195] Start 2nd optimization iteration.
    Completing 10% with 53 violations.
    elapsed time = 00:00:00, memory = 613.70 (MB).
    Completing 20% with 53 violations.
    elapsed time = 00:00:00, memory = 613.70 (MB).
    Completing 30% with 53 violations.
    elapsed time = 00:00:00, memory = 613.70 (MB).
    Completing 40% with 53 violations.
    elapsed time = 00:00:00, memory = 613.70 (MB).
    Completing 50% with 52 violations.
    elapsed time = 00:00:00, memory = 613.70 (MB).
    Completing 60% with 52 violations.
    elapsed time = 00:00:00, memory = 613.70 (MB).
    Completing 70% with 50 violations.
    elapsed time = 00:00:00, memory = 613.70 (MB).
    Completing 80% with 50 violations.
    elapsed time = 00:00:01, memory = 613.70 (MB).
    Completing 100% with 38 violations.
    elapsed time = 00:00:03, memory = 613.70 (MB).
[INFO DRT-0199]   Number of violations = 38.
Viol/Layer        met1   met2
Metal Spacing        7      1
Short               22      8
[INFO DRT-0267] cpu time = 00:00:03, elapsed time = 00:00:03, memory = 613.70 (MB), peak = 613.70 (MB)
Total wire length = 9943 um.
Total wire length on LAYER li1 = 0 um.
Total wire length on LAYER met1 = 5260 um.
Total wire length on LAYER met2 = 4336 um.
Total wire length on LAYER met3 = 196 um.
Total wire length on LAYER met4 = 149 um.
Total wire length on LAYER met5 = 0 um.
Total number of vias = 2907.
Up-via summary (total 2907):

-----------------------
 FR_MASTERSLICE       0
            li1    1539
           met1    1311
           met2      46
           met3      11
           met4       0
-----------------------
               2907


[INFO DRT-0195] Start 3rd guides tiles iteration.
    Completing 10% with 38 violations.
    elapsed time = 00:00:00, memory = 613.70 (MB).
    Completing 20% with 38 violations.
    elapsed time = 00:00:00, memory = 613.70 (MB).
    Completing 30% with 38 violations.
    elapsed time = 00:00:00, memory = 613.70 (MB).
    Completing 40% with 38 violations.
    elapsed time = 00:00:00, memory = 613.70 (MB).
    Completing 50% with 2 violations.
    elapsed time = 00:00:00, memory = 613.70 (MB).
    Completing 60% with 2 violations.
    elapsed time = 00:00:00, memory = 613.70 (MB).
    Completing 70% with 2 violations.
    elapsed time = 00:00:00, memory = 613.70 (MB).
    Completing 80% with 2 violations.
    elapsed time = 00:00:00, memory = 613.70 (MB).
    Completing 100% with 0 violations.
    elapsed time = 00:00:00, memory = 613.70 (MB).
[INFO DRT-0199]   Number of violations = 0.
[INFO DRT-0267] cpu time = 00:00:00, elapsed time = 00:00:00, memory = 613.70 (MB), peak = 613.70 (MB)
Total wire length = 9946 um.
Total wire length on LAYER li1 = 0 um.
Total wire length on LAYER met1 = 5109 um.
Total wire length on LAYER met2 = 4339 um.
Total wire length on LAYER met3 = 347 um.
Total wire length on LAYER met4 = 149 um.
Total wire length on LAYER met5 = 0 um.
Total number of vias = 2935.
Up-via summary (total 2935):

-----------------------
 FR_MASTERSLICE       0
            li1    1537
           met1    1321
           met2      66
           met3      11
           met4       0
-----------------------
               2935


[INFO DRT-0198] Complete detail routing.
Total wire length = 9946 um.
Total wire length on LAYER li1 = 0 um.
Total wire length on LAYER met1 = 5109 um.
Total wire length on LAYER met2 = 4339 um.
Total wire length on LAYER met3 = 347 um.
Total wire length on LAYER met4 = 149 um.
Total wire length on LAYER met5 = 0 um.
Total number of vias = 2935.
Up-via summary (total 2935):

-----------------------
 FR_MASTERSLICE       0
            li1    1537
           met1    1321
           met2      66
           met3      11
           met4       0
-----------------------
               2935


[INFO DRT-0267] cpu time = 00:00:10, elapsed time = 00:00:10, memory = 613.70 (MB), peak = 613.70 (MB)

[INFO DRT-0180] Post processing.
[INFO DRT-0501] Runtime: 17.61s
Took 18 seconds: detailed_route -output_drc ./reports/sky130hs/gcd/slot2/5_route_drc.rpt -output_maze ./results/sky130hs/gcd/slot2/maze.log -droute_end_iter 64 -verbose 1 -drc_report_iter_step 5
[INFO GRT-0012] Found 0 antenna violations.
[INFO ANT-0002] Found 0 net violations.
[INFO ANT-0001] Found 0 pin violations.
[INFO ANT-0002] Found 0 net violations.
[INFO ANT-0001] Found 0 pin violations.
Design area 5035 um^2 66% utilization.
write_db ./results/sky130hs/gcd/slot2/5_2_route.odb
Log                       Ext     Elapsed/s Peak Memory/MB sha1sum result [0:20)
5_2_route                 .odb           18            613 2c21c50d1c6b578b2b7a
/root/OpenROAD-flow-scripts/flow/scripts/flow.sh 5_3_fillcell fillcell
Running fillcell.tcl, stage 5_3_fillcell
read_liberty /root/OpenROAD-flow-scripts/flow/platforms/sky130hs/lib/sky130_fd_sc_hs__tt_025C_1v80.lib
read_db ./results/sky130hs/gcd/slot2/5_2_route.odb
read_sdc ./results/sky130hs/gcd/slot2/5_1_grt.sdc
source /root/OpenROAD-flow-scripts/flow/platforms/sky130hs/setRC.tcl
[WARNING STA-0450] virtual clock vclk_core_clock can not be propagated.
filler_placement "sky130_fd_sc_hs__fill_1 sky130_fd_sc_hs__fill_2 sky130_fd_sc_hs__fill_4 sky130_fd_sc_hs__fill_8"
[INFO DPL-0001] Placed 541 filler instances.
Design area 5035 um^2 66% utilization.
write_db ./results/sky130hs/gcd/slot2/5_3_fillcell.odb
Log                       Ext     Elapsed/s Peak Memory/MB sha1sum result [0:20)
5_3_fillcell              .odb            0            147 a1558e6a693983b6e053
cp ./results/sky130hs/gcd/slot2/5_3_fillcell.odb ./results/sky130hs/gcd/slot2/5_route.odb
cp ./results/sky130hs/gcd/slot2/5_1_grt.sdc ./results/sky130hs/gcd/slot2/5_route.sdc
make: Leaving directory '/root/OpenROAD-flow-scripts/flow'

STDERR:
bash: /opt/miniconda/lib/libtinfo.so.6: no version information available (required by bash)
bash: /opt/miniconda/lib/libtinfo.so.6: no version information available (required by bash)
bash: /opt/miniconda/lib/libtinfo.so.6: no version information available (required by bash)
bash: /opt/miniconda/lib/libtinfo.so.6: no version information available (required by bash)
bash: /opt/miniconda/lib/libtinfo.so.6: no version information available (required by bash)
bash: /opt/miniconda/lib/libtinfo.so.6: no version information available (required by bash)
bash: /opt/miniconda/lib/libtinfo.so.6: no version information available (required by bash)
bash: /opt/miniconda/lib/libtinfo.so.6: no version information available (required by bash)
bash: /opt/miniconda/lib/libtinfo.so.6: no version information available (required by bash)
bash: /opt/miniconda/lib/libtinfo.so.6: no version information available (required by bash)
bash: /opt/miniconda/lib/libtinfo.so.6: no version information available (required by bash)
bash: /opt/miniconda/lib/libtinfo.so.6: no version information available (required by bash)
bash: /opt/miniconda/lib/libtinfo.so.6: no version information available (required by bash)
bash: /opt/miniconda/lib/libtinfo.so.6: no version information available (required by bash)
bash: /opt/miniconda/lib/libtinfo.so.6: no version information available (required by bash)
bash: /opt/miniconda/lib/libtinfo.so.6: no version information available (required by bash)
bash: /opt/miniconda/lib/libtinfo.so.6: no version information available (required by bash)
bash: /opt/miniconda/lib/libtinfo.so.6: no version information available (required by bash)
bash: /opt/miniconda/lib/libtinfo.so.6: no version information available (required by bash)
bash: /opt/miniconda/lib/libtinfo.so.6: no version information available (required by bash)
bash: /opt/miniconda/lib/libtinfo.so.6: no version information available (required by bash)
bash: /opt/miniconda/lib/libtinfo.so.6: no version information available (required by bash)
bash: /opt/miniconda/lib/libtinfo.so.6: no version information available (required by bash)
bash: /opt/miniconda/lib/libtinfo.so.6: no version information available (required by bash)
Elapsed time: 0:29.77[h:]min:sec. CPU time: user 29.53 sys 0.23 (99%). Peak memory: 288104KB.
bash: /opt/miniconda/lib/libtinfo.so.6: no version information available (required by bash)
bash: /opt/miniconda/lib/libtinfo.so.6: no version information available (required by bash)
bash: /opt/miniconda/lib/libtinfo.so.6: no version information available (required by bash)
bash: /opt/miniconda/lib/libtinfo.so.6: no version information available (required by bash)
bash: /opt/miniconda/lib/libtinfo.so.6: no version information available (required by bash)
bash: /opt/miniconda/lib/libtinfo.so.6: no version information available (required by bash)
bash: /opt/miniconda/lib/libtinfo.so.6: no version information available (required by bash)
bash: /opt/miniconda/lib/libtinfo.so.6: no version information available (required by bash)
bash: /opt/miniconda/lib/libtinfo.so.6: no version information available (required by bash)
bash: /opt/miniconda/lib/libtinfo.so.6: no version information available (required by bash)
bash: /opt/miniconda/lib/libtinfo.so.6: no version information available (required by bash)
bash: /opt/miniconda/lib/libtinfo.so.6: no version information available (required by bash)
bash: /opt/miniconda/lib/libtinfo.so.6: no version information available (required by bash)
bash: /opt/miniconda/lib/libtinfo.so.6: no version information available (required by bash)
Elapsed time: 0:18.66[h:]min:sec. CPU time: user 18.46 sys 0.20 (100%). Peak memory: 628432KB.
bash: /opt/miniconda/lib/libtinfo.so.6: no version information available (required by bash)
bash: /opt/miniconda/lib/libtinfo.so.6: no version information available (required by bash)
bash: /opt/miniconda/lib/libtinfo.so.6: no version information available (required by bash)
bash: /opt/miniconda/lib/libtinfo.so.6: no version information available (required by bash)
bash: /opt/miniconda/lib/libtinfo.so.6: no version information available (required by bash)
bash: /opt/miniconda/lib/libtinfo.so.6: no version information available (required by bash)
bash: /opt/miniconda/lib/libtinfo.so.6: no version information available (required by bash)
bash: /opt/miniconda/lib/libtinfo.so.6: no version information available (required by bash)
bash: /opt/miniconda/lib/libtinfo.so.6: no version information available (required by bash)
bash: /opt/miniconda/lib/libtinfo.so.6: no version information available (required by bash)
bash: /opt/miniconda/lib/libtinfo.so.6: no version information available (required by bash)
bash: /opt/miniconda/lib/libtinfo.so.6: no version information available (required by bash)
bash: /opt/miniconda/lib/libtinfo.so.6: no version information available (required by bash)
bash: /opt/miniconda/lib/libtinfo.so.6: no version information available (required by bash)
Elapsed time: 0:00.72[h:]min:sec. CPU time: user 0.67 sys 0.05 (99%). Peak memory: 150848KB.
bash: /opt/miniconda/lib/libtinfo.so.6: no version information available (required by bash)
bash: /opt/miniconda/lib/libtinfo.so.6: no version information available (required by bash)
bash: /opt/miniconda/lib/libtinfo.so.6: no version information available (required by bash)
bash: /opt/miniconda/lib/libtinfo.so.6: no version information available (required by bash)
bash: /opt/miniconda/lib/libtinfo.so.6: no version information available (required by bash)
bash: /opt/miniconda/lib/libtinfo.so.6: no version information available (required by bash)
bash: /opt/miniconda/lib/libtinfo.so.6: no version information available (required by bash)
bash: /opt/miniconda/lib/libtinfo.so.6: no version information available (required by bash)
bash: /opt/miniconda/lib/libtinfo.so.6: no version information available (required by bash)
bash: /opt/miniconda/lib/libtinfo.so.6: no version information available (required by bash)
bash: /opt/miniconda/lib/libtinfo.so.6: no version information available (required by bash)
bash: /opt/miniconda/lib/libtinfo.so.6: no version information available (required by bash)
bash: /opt/miniconda/lib/libtinfo.so.6: no version information available (required by bash)
bash: /opt/miniconda/lib/libtinfo.so.6: no version information available (required by bash)
bash: /opt/miniconda/lib/libtinfo.so.6: no version information available (required by bash)
bash: /opt/miniconda/lib/libtinfo.so.6: no version information available (required by bash)
bash: /opt/miniconda/lib/libtinfo.so.6: no version information available (required by bash)
bash: /opt/miniconda/lib/libtinfo.so.6: no version information available (required by bash)
bash: /opt/miniconda/lib/libtinfo.so.6: no version information available (required by bash)
bash: /opt/miniconda/lib/libtinfo.so.6: no version information available (required by bash)
bash: /opt/miniconda/lib/libtinfo.so.6: no version information available (required by bash)
bash: /opt/miniconda/lib/libtinfo.so.6: no version information available (required by bash)
bash: /opt/miniconda/lib/libtinfo.so.6: no version information available (required by bash)
bash: /opt/miniconda/lib/libtinfo.so.6: no version information available (required by bash)
bash: /opt/miniconda/lib/libtinfo.so.6: no version information available (required by bash)
bash: /opt/miniconda/lib/libtinfo.so.6: no version information available (required by bash)
