
==========================================================================
detailed place report_tns
--------------------------------------------------------------------------
tns max -0.00

==========================================================================
detailed place report_wns
--------------------------------------------------------------------------
wns max -0.00

==========================================================================
detailed place report_worst_slack
--------------------------------------------------------------------------
worst slack max -0.00

==========================================================================
detailed place report_clock_min_period
--------------------------------------------------------------------------
core_clock period_min = 1.78 fmax = 561.79
vclk_core_clock period_min = 0.00 fmax = inf

==========================================================================
detailed place report_checks -path_delay min
--------------------------------------------------------------------------
Startpoint: ctrl.state.out[1]$_DFF_P_
            (rising edge-triggered flip-flop clocked by core_clock)
Endpoint: ctrl.state.out[1]$_DFF_P_
          (rising edge-triggered flip-flop clocked by core_clock)
Path Group: core_clock
Path Type: min

Fanout     Cap    Slew   Delay    Time   Description
-----------------------------------------------------------------------------
                  0.00    0.00    0.00   clock core_clock (rise edge)
                          0.23    0.23   clock network delay (ideal)
                  0.00    0.00    0.23 ^ ctrl.state.out[1]$_DFF_P_/CLK (sky130_fd_sc_hs__dfxtp_1)
     2    0.01    0.07    0.19    0.43 ^ ctrl.state.out[1]$_DFF_P_/Q (sky130_fd_sc_hs__dfxtp_1)
                                         ctrl.state.out[1] (net)
                  0.07    0.00    0.43 ^ _635_/B (sky130_fd_sc_hs__nand2_1)
     1    0.01    0.04    0.05    0.48 v _635_/Y (sky130_fd_sc_hs__nand2_1)
                                         _291_ (net)
                  0.04    0.00    0.48 v _636_/B1 (sky130_fd_sc_hs__o31ai_1)
     1    0.00    0.03    0.04    0.52 ^ _636_/Y (sky130_fd_sc_hs__o31ai_1)
                                         _001_ (net)
                  0.03    0.00    0.52 ^ ctrl.state.out[1]$_DFF_P_/D (sky130_fd_sc_hs__dfxtp_1)
                                  0.52   data arrival time

                  0.00    0.00    0.00   clock core_clock (rise edge)
                          0.23    0.23   clock network delay (ideal)
                          0.00    0.23   clock reconvergence pessimism
                                  0.23 ^ ctrl.state.out[1]$_DFF_P_/CLK (sky130_fd_sc_hs__dfxtp_1)
                          0.01    0.24   library hold time
                                  0.24   data required time
-----------------------------------------------------------------------------
                                  0.24   data required time
                                 -0.52   data arrival time
-----------------------------------------------------------------------------
                                  0.28   slack (MET)


Startpoint: ctrl.state.out[2]$_DFF_P_
            (rising edge-triggered flip-flop clocked by core_clock)
Endpoint: resp_val (output port clocked by vclk_core_clock)
Path Group: vclk_core_clock
Path Type: min

Fanout     Cap    Slew   Delay    Time   Description
-----------------------------------------------------------------------------
                  0.00    0.00    0.00   clock core_clock (rise edge)
                          0.23    0.23   clock network delay (ideal)
                  0.00    0.00    0.23 ^ ctrl.state.out[2]$_DFF_P_/CLK (sky130_fd_sc_hs__dfxtp_1)
     2    0.01    0.07    0.20    0.43 ^ ctrl.state.out[2]$_DFF_P_/Q (sky130_fd_sc_hs__dfxtp_1)
                                         ctrl.state.out[2] (net)
                  0.07    0.00    0.43 ^ _627_/B (sky130_fd_sc_hs__nor3b_1)
     2    0.01    0.04    0.06    0.49 v _627_/Y (sky130_fd_sc_hs__nor3b_1)
                                         net53 (net)
                  0.04    0.00    0.49 v output53/A (sky130_fd_sc_hs__buf_1)
     1    0.00    0.01    0.06    0.56 v output53/X (sky130_fd_sc_hs__buf_1)
                                         resp_val (net)
                  0.01    0.00    0.56 v resp_val (out)
                                  0.56   data arrival time

                  0.00    0.00    0.00   clock vclk_core_clock (rise edge)
                          0.23    0.23   clock network delay (ideal)
                          0.00    0.23   clock reconvergence pessimism
                         -0.36   -0.12   output external delay
                                 -0.12   data required time
-----------------------------------------------------------------------------
                                 -0.12   data required time
                                 -0.56   data arrival time
-----------------------------------------------------------------------------
                                  0.68   slack (MET)



==========================================================================
detailed place report_checks -path_delay max
--------------------------------------------------------------------------
Startpoint: dpath.a_reg.out[3]$_DFFE_PP_
            (rising edge-triggered flip-flop clocked by core_clock)
Endpoint: dpath.a_reg.out[9]$_DFFE_PP_
          (rising edge-triggered flip-flop clocked by core_clock)
Path Group: core_clock
Path Type: max

Fanout     Cap    Slew   Delay    Time   Description
-----------------------------------------------------------------------------
                  0.00    0.00    0.00   clock core_clock (rise edge)
                          0.23    0.23   clock network delay (ideal)
                  0.00    0.00    0.23 ^ dpath.a_reg.out[3]$_DFFE_PP_/CLK (sky130_fd_sc_hs__edfxtp_1)
     3    0.02    0.10    0.23    0.46 v dpath.a_reg.out[3]$_DFFE_PP_/Q (sky130_fd_sc_hs__edfxtp_1)
                                         dpath.a_lt_b$in0[3] (net)
                  0.10    0.00    0.46 v _312_/A_N (sky130_fd_sc_hs__nand2b_2)
     3    0.02    0.07    0.14    0.61 v _312_/Y (sky130_fd_sc_hs__nand2b_2)
                                         _016_ (net)
                  0.07    0.00    0.61 v _327_/B (sky130_fd_sc_hs__nand2_1)
     2    0.01    0.07    0.08    0.69 ^ _327_/Y (sky130_fd_sc_hs__nand2_1)
                                         _030_ (net)
                  0.07    0.00    0.69 ^ _329_/A (sky130_fd_sc_hs__nor2_1)
     1    0.00    0.03    0.04    0.73 v _329_/Y (sky130_fd_sc_hs__nor2_1)
                                         _032_ (net)
                  0.03    0.00    0.73 v _330_/B (sky130_fd_sc_hs__nand2_1)
     1    0.01    0.05    0.05    0.79 ^ _330_/Y (sky130_fd_sc_hs__nand2_1)
                                         _033_ (net)
                  0.05    0.00    0.79 ^ _332_/A (sky130_fd_sc_hs__nand2_2)
     2    0.01    0.04    0.05    0.84 v _332_/Y (sky130_fd_sc_hs__nand2_2)
                                         _035_ (net)
                  0.04    0.00    0.84 v _441_/A (sky130_fd_sc_hs__nand2_2)
     2    0.01    0.06    0.06    0.90 ^ _441_/Y (sky130_fd_sc_hs__nand2_2)
                                         _123_ (net)
                  0.06    0.00    0.90 ^ _450_/A (sky130_fd_sc_hs__nand2_2)
     2    0.02    0.07    0.07    0.97 v _450_/Y (sky130_fd_sc_hs__nand2_2)
                                         _132_ (net)
                  0.07    0.00    0.97 v _458_/A (sky130_fd_sc_hs__nand2_8)
     2    0.01    0.05    0.06    1.03 ^ _458_/Y (sky130_fd_sc_hs__nand2_8)
                                         _140_ (net)
                  0.05    0.00    1.03 ^ place70/A (sky130_fd_sc_hs__buf_1)
    17    0.07    0.48    0.38    1.41 ^ place70/X (sky130_fd_sc_hs__buf_1)
                                         net70 (net)
                  0.48    0.00    1.41 ^ _503_/A1 (sky130_fd_sc_hs__a21oi_4)
     7    0.03    0.13    0.13    1.54 v _503_/Y (sky130_fd_sc_hs__a21oi_4)
                                         _184_ (net)
                  0.13    0.00    1.54 v _579_/B (sky130_fd_sc_hs__nand2_1)
     1    0.01    0.07    0.10    1.64 ^ _579_/Y (sky130_fd_sc_hs__nand2_1)
                                         _250_ (net)
                  0.07    0.00    1.64 ^ _580_/B (sky130_fd_sc_hs__nand2_1)
     1    0.00    0.04    0.05    1.69 v _580_/Y (sky130_fd_sc_hs__nand2_1)
                                         dpath.a_mux$out[9] (net)
                  0.04    0.00    1.69 v dpath.a_reg.out[9]$_DFFE_PP_/D (sky130_fd_sc_hs__edfxtp_1)
                                  1.69   data arrival time

                  0.00    1.78    1.78   clock core_clock (rise edge)
                          0.23    2.02   clock network delay (ideal)
                          0.00    2.02   clock reconvergence pessimism
                                  2.02 ^ dpath.a_reg.out[9]$_DFFE_PP_/CLK (sky130_fd_sc_hs__edfxtp_1)
                         -0.33    1.69   library setup time
                                  1.69   data required time
-----------------------------------------------------------------------------
                                  1.69   data required time
                                 -1.69   data arrival time
-----------------------------------------------------------------------------
                                  0.00   slack (VIOLATED)


Startpoint: dpath.a_reg.out[9]$_DFFE_PP_
            (rising edge-triggered flip-flop clocked by core_clock)
Endpoint: resp_msg[11] (output port clocked by vclk_core_clock)
Path Group: vclk_core_clock
Path Type: max

Fanout     Cap    Slew   Delay    Time   Description
-----------------------------------------------------------------------------
                  0.00    0.00    0.00   clock core_clock (rise edge)
                          0.23    0.23   clock network delay (ideal)
                  0.00    0.00    0.23 ^ dpath.a_reg.out[9]$_DFFE_PP_/CLK (sky130_fd_sc_hs__edfxtp_1)
     3    0.02    0.10    0.21    0.45 ^ dpath.a_reg.out[9]$_DFFE_PP_/Q (sky130_fd_sc_hs__edfxtp_1)
                                         dpath.a_lt_b$in0[9] (net)
                  0.10    0.00    0.45 ^ _389_/A_N (sky130_fd_sc_hs__nand2b_1)
     3    0.01    0.10    0.13    0.57 ^ _389_/Y (sky130_fd_sc_hs__nand2b_1)
                                         _072_ (net)
                  0.10    0.00    0.57 ^ _390_/B (sky130_fd_sc_hs__and2_1)
     2    0.01    0.06    0.10    0.68 ^ _390_/X (sky130_fd_sc_hs__and2_1)
                                         _073_ (net)
                  0.06    0.00    0.68 ^ place85/A (sky130_fd_sc_hs__buf_1)
     2    0.01    0.06    0.09    0.77 ^ place85/X (sky130_fd_sc_hs__buf_1)
                                         net85 (net)
                  0.06    0.00    0.77 ^ _394_/A (sky130_fd_sc_hs__nand2_1)
     2    0.01    0.06    0.07    0.84 v _394_/Y (sky130_fd_sc_hs__nand2_1)
                                         _077_ (net)
                  0.06    0.00    0.84 v _401_/A (sky130_fd_sc_hs__nor2_1)
     3    0.01    0.19    0.17    1.01 ^ _401_/Y (sky130_fd_sc_hs__nor2_1)
                                         _084_ (net)
                  0.19    0.00    1.01 ^ _545_/B1 (sky130_fd_sc_hs__o21ai_1)
     2    0.01    0.10    0.12    1.13 v _545_/Y (sky130_fd_sc_hs__o21ai_1)
                                         _221_ (net)
                  0.10    0.00    1.13 v _548_/B (sky130_fd_sc_hs__nand3_1)
     1    0.00    0.06    0.08    1.22 ^ _548_/Y (sky130_fd_sc_hs__nand3_1)
                                         _224_ (net)
                  0.06    0.00    1.22 ^ _550_/A (sky130_fd_sc_hs__nand2_1)
     1    0.00    0.03    0.04    1.26 v _550_/Y (sky130_fd_sc_hs__nand2_1)
                                         _226_ (net)
                  0.03    0.00    1.26 v _551_/B (sky130_fd_sc_hs__nand2_1)
     2    0.01    0.10    0.09    1.34 ^ _551_/Y (sky130_fd_sc_hs__nand2_1)
                                         net39 (net)
                  0.10    0.00    1.34 ^ output39/A (sky130_fd_sc_hs__buf_1)
     1    0.00    0.02    0.07    1.41 ^ output39/X (sky130_fd_sc_hs__buf_1)
                                         resp_msg[11] (net)
                  0.02    0.00    1.41 ^ resp_msg[11] (out)
                                  1.41   data arrival time

                  0.00    1.78    1.78   clock vclk_core_clock (rise edge)
                          0.23    2.02   clock network delay (ideal)
                          0.00    2.02   clock reconvergence pessimism
                         -0.36    1.66   output external delay
                                  1.66   data required time
-----------------------------------------------------------------------------
                                  1.66   data required time
                                 -1.41   data arrival time
-----------------------------------------------------------------------------
                                  0.25   slack (MET)



==========================================================================
detailed place report_checks -unconstrained
--------------------------------------------------------------------------
Startpoint: dpath.a_reg.out[3]$_DFFE_PP_
            (rising edge-triggered flip-flop clocked by core_clock)
Endpoint: dpath.a_reg.out[9]$_DFFE_PP_
          (rising edge-triggered flip-flop clocked by core_clock)
Path Group: core_clock
Path Type: max

Fanout     Cap    Slew   Delay    Time   Description
-----------------------------------------------------------------------------
                  0.00    0.00    0.00   clock core_clock (rise edge)
                          0.23    0.23   clock network delay (ideal)
                  0.00    0.00    0.23 ^ dpath.a_reg.out[3]$_DFFE_PP_/CLK (sky130_fd_sc_hs__edfxtp_1)
     3    0.02    0.10    0.23    0.46 v dpath.a_reg.out[3]$_DFFE_PP_/Q (sky130_fd_sc_hs__edfxtp_1)
                                         dpath.a_lt_b$in0[3] (net)
                  0.10    0.00    0.46 v _312_/A_N (sky130_fd_sc_hs__nand2b_2)
     3    0.02    0.07    0.14    0.61 v _312_/Y (sky130_fd_sc_hs__nand2b_2)
                                         _016_ (net)
                  0.07    0.00    0.61 v _327_/B (sky130_fd_sc_hs__nand2_1)
     2    0.01    0.07    0.08    0.69 ^ _327_/Y (sky130_fd_sc_hs__nand2_1)
                                         _030_ (net)
                  0.07    0.00    0.69 ^ _329_/A (sky130_fd_sc_hs__nor2_1)
     1    0.00    0.03    0.04    0.73 v _329_/Y (sky130_fd_sc_hs__nor2_1)
                                         _032_ (net)
                  0.03    0.00    0.73 v _330_/B (sky130_fd_sc_hs__nand2_1)
     1    0.01    0.05    0.05    0.79 ^ _330_/Y (sky130_fd_sc_hs__nand2_1)
                                         _033_ (net)
                  0.05    0.00    0.79 ^ _332_/A (sky130_fd_sc_hs__nand2_2)
     2    0.01    0.04    0.05    0.84 v _332_/Y (sky130_fd_sc_hs__nand2_2)
                                         _035_ (net)
                  0.04    0.00    0.84 v _441_/A (sky130_fd_sc_hs__nand2_2)
     2    0.01    0.06    0.06    0.90 ^ _441_/Y (sky130_fd_sc_hs__nand2_2)
                                         _123_ (net)
                  0.06    0.00    0.90 ^ _450_/A (sky130_fd_sc_hs__nand2_2)
     2    0.02    0.07    0.07    0.97 v _450_/Y (sky130_fd_sc_hs__nand2_2)
                                         _132_ (net)
                  0.07    0.00    0.97 v _458_/A (sky130_fd_sc_hs__nand2_8)
     2    0.01    0.05    0.06    1.03 ^ _458_/Y (sky130_fd_sc_hs__nand2_8)
                                         _140_ (net)
                  0.05    0.00    1.03 ^ place70/A (sky130_fd_sc_hs__buf_1)
    17    0.07    0.48    0.38    1.41 ^ place70/X (sky130_fd_sc_hs__buf_1)
                                         net70 (net)
                  0.48    0.00    1.41 ^ _503_/A1 (sky130_fd_sc_hs__a21oi_4)
     7    0.03    0.13    0.13    1.54 v _503_/Y (sky130_fd_sc_hs__a21oi_4)
                                         _184_ (net)
                  0.13    0.00    1.54 v _579_/B (sky130_fd_sc_hs__nand2_1)
     1    0.01    0.07    0.10    1.64 ^ _579_/Y (sky130_fd_sc_hs__nand2_1)
                                         _250_ (net)
                  0.07    0.00    1.64 ^ _580_/B (sky130_fd_sc_hs__nand2_1)
     1    0.00    0.04    0.05    1.69 v _580_/Y (sky130_fd_sc_hs__nand2_1)
                                         dpath.a_mux$out[9] (net)
                  0.04    0.00    1.69 v dpath.a_reg.out[9]$_DFFE_PP_/D (sky130_fd_sc_hs__edfxtp_1)
                                  1.69   data arrival time

                  0.00    1.78    1.78   clock core_clock (rise edge)
                          0.23    2.02   clock network delay (ideal)
                          0.00    2.02   clock reconvergence pessimism
                                  2.02 ^ dpath.a_reg.out[9]$_DFFE_PP_/CLK (sky130_fd_sc_hs__edfxtp_1)
                         -0.33    1.69   library setup time
                                  1.69   data required time
-----------------------------------------------------------------------------
                                  1.69   data required time
                                 -1.69   data arrival time
-----------------------------------------------------------------------------
                                  0.00   slack (VIOLATED)


Startpoint: dpath.a_reg.out[9]$_DFFE_PP_
            (rising edge-triggered flip-flop clocked by core_clock)
Endpoint: resp_msg[11] (output port clocked by vclk_core_clock)
Path Group: vclk_core_clock
Path Type: max

Fanout     Cap    Slew   Delay    Time   Description
-----------------------------------------------------------------------------
                  0.00    0.00    0.00   clock core_clock (rise edge)
                          0.23    0.23   clock network delay (ideal)
                  0.00    0.00    0.23 ^ dpath.a_reg.out[9]$_DFFE_PP_/CLK (sky130_fd_sc_hs__edfxtp_1)
     3    0.02    0.10    0.21    0.45 ^ dpath.a_reg.out[9]$_DFFE_PP_/Q (sky130_fd_sc_hs__edfxtp_1)
                                         dpath.a_lt_b$in0[9] (net)
                  0.10    0.00    0.45 ^ _389_/A_N (sky130_fd_sc_hs__nand2b_1)
     3    0.01    0.10    0.13    0.57 ^ _389_/Y (sky130_fd_sc_hs__nand2b_1)
                                         _072_ (net)
                  0.10    0.00    0.57 ^ _390_/B (sky130_fd_sc_hs__and2_1)
     2    0.01    0.06    0.10    0.68 ^ _390_/X (sky130_fd_sc_hs__and2_1)
                                         _073_ (net)
                  0.06    0.00    0.68 ^ place85/A (sky130_fd_sc_hs__buf_1)
     2    0.01    0.06    0.09    0.77 ^ place85/X (sky130_fd_sc_hs__buf_1)
                                         net85 (net)
                  0.06    0.00    0.77 ^ _394_/A (sky130_fd_sc_hs__nand2_1)
     2    0.01    0.06    0.07    0.84 v _394_/Y (sky130_fd_sc_hs__nand2_1)
                                         _077_ (net)
                  0.06    0.00    0.84 v _401_/A (sky130_fd_sc_hs__nor2_1)
     3    0.01    0.19    0.17    1.01 ^ _401_/Y (sky130_fd_sc_hs__nor2_1)
                                         _084_ (net)
                  0.19    0.00    1.01 ^ _545_/B1 (sky130_fd_sc_hs__o21ai_1)
     2    0.01    0.10    0.12    1.13 v _545_/Y (sky130_fd_sc_hs__o21ai_1)
                                         _221_ (net)
                  0.10    0.00    1.13 v _548_/B (sky130_fd_sc_hs__nand3_1)
     1    0.00    0.06    0.08    1.22 ^ _548_/Y (sky130_fd_sc_hs__nand3_1)
                                         _224_ (net)
                  0.06    0.00    1.22 ^ _550_/A (sky130_fd_sc_hs__nand2_1)
     1    0.00    0.03    0.04    1.26 v _550_/Y (sky130_fd_sc_hs__nand2_1)
                                         _226_ (net)
                  0.03    0.00    1.26 v _551_/B (sky130_fd_sc_hs__nand2_1)
     2    0.01    0.10    0.09    1.34 ^ _551_/Y (sky130_fd_sc_hs__nand2_1)
                                         net39 (net)
                  0.10    0.00    1.34 ^ output39/A (sky130_fd_sc_hs__buf_1)
     1    0.00    0.02    0.07    1.41 ^ output39/X (sky130_fd_sc_hs__buf_1)
                                         resp_msg[11] (net)
                  0.02    0.00    1.41 ^ resp_msg[11] (out)
                                  1.41   data arrival time

                  0.00    1.78    1.78   clock vclk_core_clock (rise edge)
                          0.23    2.02   clock network delay (ideal)
                          0.00    2.02   clock reconvergence pessimism
                         -0.36    1.66   output external delay
                                  1.66   data required time
-----------------------------------------------------------------------------
                                  1.66   data required time
                                 -1.41   data arrival time
-----------------------------------------------------------------------------
                                  0.25   slack (MET)



==========================================================================
detailed place report_check_types -max_slew -max_cap -max_fanout -violators
--------------------------------------------------------------------------

==========================================================================
detailed place max_slew_check_slack
--------------------------------------------------------------------------
0.5041826367378235

==========================================================================
detailed place max_slew_check_limit
--------------------------------------------------------------------------
1.0

==========================================================================
detailed place max_slew_check_slack_limit
--------------------------------------------------------------------------
0.5042

==========================================================================
detailed place max_fanout_check_slack
--------------------------------------------------------------------------
1.0000000150474662e+30

==========================================================================
detailed place max_fanout_check_limit
--------------------------------------------------------------------------
1.0000000150474662e+30

==========================================================================
detailed place max_capacitance_check_slack
--------------------------------------------------------------------------
0.0273418128490448

==========================================================================
detailed place max_capacitance_check_limit
--------------------------------------------------------------------------
0.034299999475479126

==========================================================================
detailed place max_capacitance_check_slack_limit
--------------------------------------------------------------------------
0.7971

==========================================================================
detailed place max_slew_violation_count
--------------------------------------------------------------------------
max slew violation count 0

==========================================================================
detailed place max_fanout_violation_count
--------------------------------------------------------------------------
max fanout violation count 0

==========================================================================
detailed place max_cap_violation_count
--------------------------------------------------------------------------
max cap violation count 0

==========================================================================
detailed place setup_violation_count
--------------------------------------------------------------------------
setup violation count 1

==========================================================================
detailed place hold_violation_count
--------------------------------------------------------------------------
hold violation count 0

==========================================================================
detailed place report_checks -path_delay max reg to reg
--------------------------------------------------------------------------
Startpoint: dpath.a_reg.out[3]$_DFFE_PP_
            (rising edge-triggered flip-flop clocked by core_clock)
Endpoint: dpath.a_reg.out[9]$_DFFE_PP_
          (rising edge-triggered flip-flop clocked by core_clock)
Path Group: core_clock
Path Type: max

  Delay    Time   Description
---------------------------------------------------------
   0.00    0.00   clock core_clock (rise edge)
   0.23    0.23   clock network delay (ideal)
   0.00    0.23 ^ dpath.a_reg.out[3]$_DFFE_PP_/CLK (sky130_fd_sc_hs__edfxtp_1)
   0.23    0.46 v dpath.a_reg.out[3]$_DFFE_PP_/Q (sky130_fd_sc_hs__edfxtp_1)
   0.15    0.61 v _312_/Y (sky130_fd_sc_hs__nand2b_2)
   0.08    0.69 ^ _327_/Y (sky130_fd_sc_hs__nand2_1)
   0.04    0.73 v _329_/Y (sky130_fd_sc_hs__nor2_1)
   0.05    0.79 ^ _330_/Y (sky130_fd_sc_hs__nand2_1)
   0.05    0.84 v _332_/Y (sky130_fd_sc_hs__nand2_2)
   0.06    0.90 ^ _441_/Y (sky130_fd_sc_hs__nand2_2)
   0.07    0.97 v _450_/Y (sky130_fd_sc_hs__nand2_2)
   0.06    1.03 ^ _458_/Y (sky130_fd_sc_hs__nand2_8)
   0.38    1.41 ^ place70/X (sky130_fd_sc_hs__buf_1)
   0.14    1.54 v _503_/Y (sky130_fd_sc_hs__a21oi_4)
   0.10    1.64 ^ _579_/Y (sky130_fd_sc_hs__nand2_1)
   0.05    1.69 v _580_/Y (sky130_fd_sc_hs__nand2_1)
   0.00    1.69 v dpath.a_reg.out[9]$_DFFE_PP_/D (sky130_fd_sc_hs__edfxtp_1)
           1.69   data arrival time

   1.78    1.78   clock core_clock (rise edge)
   0.23    2.02   clock network delay (ideal)
   0.00    2.02   clock reconvergence pessimism
           2.02 ^ dpath.a_reg.out[9]$_DFFE_PP_/CLK (sky130_fd_sc_hs__edfxtp_1)
  -0.33    1.69   library setup time
           1.69   data required time
---------------------------------------------------------
           1.69   data required time
          -1.69   data arrival time
---------------------------------------------------------
           0.00   slack (VIOLATED)



==========================================================================
detailed place report_checks -path_delay min reg to reg
--------------------------------------------------------------------------
Startpoint: ctrl.state.out[1]$_DFF_P_
            (rising edge-triggered flip-flop clocked by core_clock)
Endpoint: ctrl.state.out[1]$_DFF_P_
          (rising edge-triggered flip-flop clocked by core_clock)
Path Group: core_clock
Path Type: min

  Delay    Time   Description
---------------------------------------------------------
   0.00    0.00   clock core_clock (rise edge)
   0.23    0.23   clock network delay (ideal)
   0.00    0.23 ^ ctrl.state.out[1]$_DFF_P_/CLK (sky130_fd_sc_hs__dfxtp_1)
   0.19    0.43 ^ ctrl.state.out[1]$_DFF_P_/Q (sky130_fd_sc_hs__dfxtp_1)
   0.05    0.48 v _635_/Y (sky130_fd_sc_hs__nand2_1)
   0.04    0.52 ^ _636_/Y (sky130_fd_sc_hs__o31ai_1)
   0.00    0.52 ^ ctrl.state.out[1]$_DFF_P_/D (sky130_fd_sc_hs__dfxtp_1)
           0.52   data arrival time

   0.00    0.00   clock core_clock (rise edge)
   0.23    0.23   clock network delay (ideal)
   0.00    0.23   clock reconvergence pessimism
           0.23 ^ ctrl.state.out[1]$_DFF_P_/CLK (sky130_fd_sc_hs__dfxtp_1)
   0.01    0.24   library hold time
           0.24   data required time
---------------------------------------------------------
           0.24   data required time
          -0.52   data arrival time
---------------------------------------------------------
           0.28   slack (MET)



==========================================================================
detailed place critical path target clock latency max path
--------------------------------------------------------------------------
0.2350

==========================================================================
detailed place critical path target clock latency min path
--------------------------------------------------------------------------
0.2350

==========================================================================
detailed place critical path source clock latency min path
--------------------------------------------------------------------------
0.2350

==========================================================================
detailed place critical path delay
--------------------------------------------------------------------------
1.6884

==========================================================================
detailed place critical path slack
--------------------------------------------------------------------------
-0.0000

==========================================================================
detailed place slack div critical path delay
--------------------------------------------------------------------------
-0.000000

==========================================================================
detailed place report_power
--------------------------------------------------------------------------
Group                  Internal  Switching    Leakage      Total
                          Power      Power      Power      Power (Watts)
----------------------------------------------------------------
Sequential             1.33e-03   1.16e-04   4.70e-08   1.44e-03  38.4%
Combinational          1.37e-03   9.49e-04   4.41e-08   2.32e-03  61.6%
Clock                  0.00e+00   0.00e+00   0.00e+00   0.00e+00   0.0%
Macro                  0.00e+00   0.00e+00   0.00e+00   0.00e+00   0.0%
Pad                    0.00e+00   0.00e+00   0.00e+00   0.00e+00   0.0%
----------------------------------------------------------------
Total                  2.69e-03   1.07e-03   9.11e-08   3.76e-03 100.0%
                          71.6%      28.4%       0.0%
