make: Entering directory '/root/OpenROAD-flow-scripts/flow'
/root/OpenROAD-flow-scripts/flow/scripts/flow.sh 5_1_grt global_route
Running global_route.tcl, stage 5_1_grt
read_liberty /root/OpenROAD-flow-scripts/flow/platforms/sky130hd/lib/sky130_fd_sc_hd__tt_025C_1v80.lib
read_db ./results/sky130hd/chia_aes128_benchmark_corrupted/base/4_cts.odb
read_sdc ./results/sky130hd/chia_aes128_benchmark_corrupted/base/4_cts.sdc
source /root/OpenROAD-flow-scripts/flow/platforms/sky130hd/setRC.tcl
pin_access
[INFO DRT-0149] Reading tech and libs.
[WARNING DRT-0349] LEF58_ENCLOSURE with no CUTCLASS is not supported. Skipping for layer mcon
[WARNING DRT-0349] LEF58_ENCLOSURE with no CUTCLASS is not supported. Skipping for layer mcon
[WARNING DRT-0349] LEF58_ENCLOSURE with no CUTCLASS is not supported. Skipping for layer via
[WARNING DRT-0349] LEF58_ENCLOSURE with no CUTCLASS is not supported. Skipping for layer via
[WARNING DRT-0349] LEF58_ENCLOSURE with no CUTCLASS is not supported. Skipping for layer via2
[WARNING DRT-0349] LEF58_ENCLOSURE with no CUTCLASS is not supported. Skipping for layer via2
[WARNING DRT-0349] LEF58_ENCLOSURE with no CUTCLASS is not supported. Skipping for layer via3
[WARNING DRT-0349] LEF58_ENCLOSURE with no CUTCLASS is not supported. Skipping for layer via3
[WARNING DRT-0349] LEF58_ENCLOSURE with no CUTCLASS is not supported. Skipping for layer via4
[WARNING DRT-0349] LEF58_ENCLOSURE with no CUTCLASS is not supported. Skipping for layer via4

Units:                1000
Number of layers:     13
Number of macros:     441
Number of vias:       29
Number of viarulegen: 25

[INFO DRT-0150] Reading design.
[WARNING DRT-0120] Large net net891 has 106 pins which may impact routing performance. Consider optimization.

Design:                   aes128
Die area:                 ( 0 0 ) ( 482665 482665 )
Number of track patterns: 12
Number of DEF vias:       0
Number of components:     16349
Number of terminals:      390
Number of snets:          2
Number of nets:           13544

[INFO DRT-0167] List of default vias:
  Layer via
    default via: M1M2_PR
  Layer via2
    default via: M2M3_PR
  Layer via3
    default via: M3M4_PR
  Layer via4
    default via: M4M5_PR
[INFO DRT-0162] Library cell analysis.
[INFO DRT-0163] Instance analysis.
[INFO DRT-0164] Number of unique instances = 260.
[INFO DRT-0168] Init region query.
[INFO DRT-0024]   Complete FR_MASTERSLICE.
[INFO DRT-0024]   Complete Fr_VIA.
[INFO DRT-0024]   Complete li1.
[INFO DRT-0024]   Complete mcon.
[INFO DRT-0024]   Complete met1.
[INFO DRT-0024]   Complete via.
[INFO DRT-0024]   Complete met2.
[INFO DRT-0024]   Complete via2.
[INFO DRT-0024]   Complete met3.
[INFO DRT-0024]   Complete via3.
[INFO DRT-0024]   Complete met4.
[INFO DRT-0024]   Complete via4.
[INFO DRT-0024]   Complete met5.
[INFO DRT-0033] FR_MASTERSLICE shape region query size = 0.
[INFO DRT-0033] FR_VIA shape region query size = 0.
[INFO DRT-0033] li1 shape region query size = 304492.
[INFO DRT-0033] mcon shape region query size = 157617.
[INFO DRT-0033] met1 shape region query size = 40250.
[INFO DRT-0033] via shape region query size = 15490.
[INFO DRT-0033] met2 shape region query size = 9513.
[INFO DRT-0033] via2 shape region query size = 12392.
[INFO DRT-0033] met3 shape region query size = 9463.
[INFO DRT-0033] via3 shape region query size = 12392.
[INFO DRT-0033] met4 shape region query size = 3746.
[INFO DRT-0033] via4 shape region query size = 613.
[INFO DRT-0033] met5 shape region query size = 683.
[INFO DRT-0165] Start pin access.
[INFO DRT-0076]   Complete 1000 pins.
[INFO DRT-0076]   Complete 2000 pins.
[INFO DRT-0078]   Complete 2159 pins.
[INFO DRT-0079]   Complete 100 unique inst patterns.
[INFO DRT-0079]   Complete 200 unique inst patterns.
[INFO DRT-0081]   Complete 260 unique inst patterns.
[INFO DRT-0084]   Complete 8724 groups.
#scanned instances     = 16349
#unique  instances     = 260
#stdCellGenAp          = 8192
#stdCellValidPlanarAp  = 44
#stdCellValidViaAp     = 6437
#stdCellPinNoAp        = 0
#stdCellPinCnt         = 51217
#instTermValidViaApCnt = 0
#macroGenAp            = 0
#macroValidPlanarAp    = 0
#macroValidViaAp       = 0
#macroNoAp             = 0
[INFO DRT-0166] Complete pin access.
[INFO DRT-0267] cpu time = 00:01:50, elapsed time = 00:01:51, memory = 201.51 (MB), peak = 205.85 (MB)
Took 112 seconds: pin_access
global_route -congestion_report_file ./reports/sky130hd/chia_aes128_benchmark_corrupted/base/congestion.rpt -congestion_iterations 30 -congestion_report_iter_step 5 -verbose
[INFO GRT-0020] Min routing layer: met1
[INFO GRT-0021] Max routing layer: met5
[INFO GRT-0022] Global adjustment: 0%
[INFO GRT-0023] Grid origin: (0, 0)
[INFO GRT-0088] Layer li1     Track-Pitch = 0.4600  line-2-Via Pitch: 0.3400
[INFO GRT-0088] Layer met1    Track-Pitch = 0.3400  line-2-Via Pitch: 0.3400
[INFO GRT-0088] Layer met2    Track-Pitch = 0.4600  line-2-Via Pitch: 0.3500
[INFO GRT-0088] Layer met3    Track-Pitch = 0.6800  line-2-Via Pitch: 0.6150
[INFO GRT-0088] Layer met4    Track-Pitch = 0.9200  line-2-Via Pitch: 1.0400
[INFO GRT-0088] Layer met5    Track-Pitch = 3.4000  line-2-Via Pitch: 3.1100
[INFO GRT-0003] Macros: 0
[INFO GRT-0004] Blockages: 7126
[INFO GRT-0019] Found 53 clock nets.
[INFO GRT-0001] Minimum degree: 2
[INFO GRT-0002] Maximum degree: 106

[INFO GRT-0053] Routing resources analysis:
          Routing      Original      Derated      Resource
Layer     Direction    Resources     Resources    Reduction (%)
---------------------------------------------------------------
li1        Vertical            0             0          0.00%
met1       Horizontal      76572         59150          22.75%
met2       Vertical        61608         47328          23.18%
met3       Horizontal      45934         36074          21.47%
met4       Vertical        30396         21284          29.98%
met5       Horizontal       6800          4896          28.00%
---------------------------------------------------------------

[INFO GRT-0101] Running extra iterations to remove congestion.
[INFO GRT-0102] Start extra iteration 1/30
[INFO GRT-0102] Start extra iteration 2/30
[INFO GRT-0102] Start extra iteration 3/30
[INFO GRT-0102] Start extra iteration 4/30
[INFO GRT-0197] Via related to pin nodes: 83449
[INFO GRT-0198] Via related Steiner nodes: 2172
[INFO GRT-0199] Via filling finished.
[INFO GRT-0111] Final number of vias: 105471
[INFO GRT-0112] Final usage 3D: 389153

[INFO GRT-0096] Final congestion report:
Layer         Resource        Demand        Usage (%)    Max H / Max V / Total Congestion
---------------------------------------------------------------------------------------
li1                  0             0            0.00%             0 /  0 /  0
met1             59150         32483           54.92%             0 /  0 /  0
met2             47328         27789           58.72%             0 /  0 /  0
met3             36074          5808           16.10%             0 /  0 /  0
met4             21284          6660           31.29%             0 /  0 /  0
met5              4896             0            0.00%             0 /  0 /  0
---------------------------------------------------------------------------------------
Total           168732         72740           43.11%             0 /  0 /  0

[INFO GRT-0018] Total wirelength: 765072 um
[INFO GRT-0014] Routed nets: 13543
[INFO GRT-0303] Global routing runtime = 00:00:01
[WARNING STA-0450] virtual clock vclk can not be propagated.
estimate_parasitics -global_routing
Perform buffer insertion and gate resizing...
repair_design -verbose
Iteration |   Area    | Resized | Buffers | Nets repaired | Remaining
---------------------------------------------------------------------
        0 |     +0.0% |       0 |       0 |             0 |     13584
     1000 |     +0.0% |       0 |       0 |             0 |     12584
     2000 |     +0.0% |       0 |       0 |             0 |     11584
     3000 |     +0.0% |       0 |       0 |             0 |     10584
     4000 |     +0.0% |       0 |       0 |             0 |      9584
     5000 |     +0.0% |       0 |       0 |             0 |      8584
     6000 |     +0.0% |       1 |       1 |             1 |      7584
     7000 |     +0.0% |       1 |       1 |             1 |      6584
     8000 |     +0.0% |       1 |       1 |             1 |      5584
     9000 |     +0.0% |       1 |       1 |             1 |      4584
    10000 |     +0.0% |       2 |       1 |             2 |      3584
    11000 |     +0.0% |       2 |       1 |             2 |      2584
    12000 |     +0.0% |       2 |       1 |             2 |      1584
[WARNING RSZ-0104] Net _13915_ only has one pin. Check if it is intended to be dangling.
    13000 |     +0.0% |       2 |       1 |             2 |       584
    final |     +0.0% |       2 |       1 |             2 |         0
---------------------------------------------------------------------
[INFO RSZ-0034] Found 2 slew violations.
[INFO RSZ-0039] Resized 2 instances.
[INFO RSZ-0038] Inserted 1 buffers in 2 nets.
[INFO RSZ-0504] Runtime: 0.72s
global_route -start_incremental
detailed_placement
[INFO DPL-0006] Core area: 229900.49 um^2
[INFO DPL-0007] Movable instances area: 92905.35 um^2
[INFO DPL-0008] Fixed instances area within core: 3786.13 um^2
[INFO DPL-0009] Utilization: 42.1%
[INFO DPL-0005] Diamond search max displacement: +/- 500 sites horizontally, +/- 100 rows vertically.
[INFO DPL-1102] Legalizing using negotiation legalizer.
[INFO DPL-1103] Negotiation base search window: +/-20 sites horizontally, +/-5 rows vertically 
	Automatic search window extension enabled.
	Search window extendable up to the max displacement cap of +/-500 sites, +/-100 rows near walls.
[INFO DPL-1104] NegotiationLegalizer DRC penalty: 5.
[INFO DPL-0392] Negotiation cell height distribution (1 unique row-count(s)):
[INFO DPL-0393]   height 1 row(s): 16350 cells
[INFO DPL-0500] Runtime: 0.04s
Placement Analysis
---------------------------------
total displacement          0.0 u
average displacement        0.0 u
max displacement            0.0 u
original HPWL          379524.0 u
legalized HPWL         379524.0 u
delta HPWL                    0 %

global_route -end_incremental -congestion_report_file ./reports/sky130hd/chia_aes128_benchmark_corrupted/base/congestion_post_repair_design.rpt
Repair setup and hold violations...
estimate_parasitics -global_routing
repair_timing -setup_margin 0 -hold_margin 0 -repair_tns 100 -verbose
[INFO RSZ-0100] Repair move sequence: UnbufferMove SizeUpMove SwapPinsMove BufferMove CloneMove SplitLoadMove 
[INFO RSZ-0098] No setup violations found
[INFO RSZ-0505] Runtime: 0.31s
[INFO RSZ-0033] No hold violations found.
[INFO RSZ-0506] Runtime: 0.09s
global_route -start_incremental
detailed_placement
[INFO DPL-0006] Core area: 229900.49 um^2
[INFO DPL-0007] Movable instances area: 92905.35 um^2
[INFO DPL-0008] Fixed instances area within core: 3786.13 um^2
[INFO DPL-0009] Utilization: 42.1%
[INFO DPL-0005] Diamond search max displacement: +/- 500 sites horizontally, +/- 100 rows vertically.
[INFO DPL-1102] Legalizing using negotiation legalizer.
[INFO DPL-1103] Negotiation base search window: +/-20 sites horizontally, +/-5 rows vertically 
	Automatic search window extension enabled.
	Search window extendable up to the max displacement cap of +/-500 sites, +/-100 rows near walls.
[INFO DPL-1104] NegotiationLegalizer DRC penalty: 5.
[INFO DPL-0392] Negotiation cell height distribution (1 unique row-count(s)):
[INFO DPL-0393]   height 1 row(s): 16350 cells
[INFO DPL-0500] Runtime: 0.04s
Placement Analysis
---------------------------------
total displacement          0.0 u
average displacement        0.0 u
max displacement            0.0 u
original HPWL          379524.0 u
legalized HPWL         379524.0 u
delta HPWL                    0 %

check_placement -verbose
global_route -end_incremental -congestion_report_file ./reports/sky130hd/chia_aes128_benchmark_corrupted/base/congestion_post_repair_timing.rpt
estimate_parasitics -global_routing
global_route -start_incremental
global_route -end_incremental -congestion_report_file ./reports/sky130hd/chia_aes128_benchmark_corrupted/base/congestion_post_recover_power.rpt
Repair antennas...
[INFO GRT-0012] Found 36 antenna violations.
[INFO GRT-0302] Inserted 35 jumpers for 34 nets.
[INFO GRT-0012] Found 2 antenna violations.
[INFO DPL-0006] Core area: 229900.49 um^2
[INFO DPL-0007] Movable instances area: 92870.32 um^2
[INFO DPL-0008] Fixed instances area within core: 3826.17 um^2
[INFO DPL-0009] Utilization: 42.1%
[INFO DPL-0005] Diamond search max displacement: +/- 500 sites horizontally, +/- 100 rows vertically.
[INFO DPL-1102] Legalizing using negotiation legalizer.
[INFO DPL-1103] Negotiation base search window: +/-20 sites horizontally, +/-5 rows vertically 
	Automatic search window extension enabled.
	Search window extendable up to the max displacement cap of +/-500 sites, +/-100 rows near walls.
[INFO DPL-1104] NegotiationLegalizer DRC penalty: 5.
[INFO DPL-0392] Negotiation cell height distribution (1 unique row-count(s)):
[INFO DPL-0393]   height 1 row(s): 16352 cells
[INFO DPL-0500] Runtime: 0.04s
[INFO GRT-0015] Inserted 2 diodes.
[INFO GRT-0012] Found 0 antenna violations.
[INFO ANT-0002] Found 0 net violations.
[INFO ANT-0001] Found 0 pin violations.
Estimate parasitics...
estimate_parasitics -global_routing
Report metrics stage 5, global route...

==========================================================================
global route report_design_area
--------------------------------------------------------------------------
Design area 96696 um^2 42% utilization.
[INFO FLW-0007] clock core_clock period 10.000000
[WARNING FLW-0010] more than one clock found. Skipping sdc update.
[INFO FLW-0011] Path endpoint path count 562
write_db ./results/sky130hd/chia_aes128_benchmark_corrupted/base/5_1_grt.odb
write_sdc -no_timestamp ./results/sky130hd/chia_aes128_benchmark_corrupted/base/5_1_grt.sdc
Log                       Ext     Elapsed/s Peak Memory/MB sha1sum result [0:20)
5_1_grt                   .odb          160            550 819c8e18e10dfbebf540
5_1_grt                   .sdc                             cb269d69db229661ecbf
/root/OpenROAD-flow-scripts/flow/scripts/flow.sh 5_2_route detail_route
Running detail_route.tcl, stage 5_2_route
read_liberty /root/OpenROAD-flow-scripts/flow/platforms/sky130hd/lib/sky130_fd_sc_hd__tt_025C_1v80.lib
read_db ./results/sky130hd/chia_aes128_benchmark_corrupted/base/5_1_grt.odb
read_sdc ./results/sky130hd/chia_aes128_benchmark_corrupted/base/5_1_grt.sdc
source /root/OpenROAD-flow-scripts/flow/platforms/sky130hd/setRC.tcl
[WARNING STA-0450] virtual clock vclk can not be propagated.
detailed_route -output_drc ./reports/sky130hd/chia_aes128_benchmark_corrupted/base/5_route_drc.rpt -output_maze ./results/sky130hd/chia_aes128_benchmark_corrupted/base/maze.log -droute_end_iter 64 -verbose 1 -drc_report_iter_step 5
[INFO DRT-0149] Reading tech and libs.
[WARNING DRT-0349] LEF58_ENCLOSURE with no CUTCLASS is not supported. Skipping for layer mcon
[WARNING DRT-0349] LEF58_ENCLOSURE with no CUTCLASS is not supported. Skipping for layer mcon
[WARNING DRT-0349] LEF58_ENCLOSURE with no CUTCLASS is not supported. Skipping for layer via
[WARNING DRT-0349] LEF58_ENCLOSURE with no CUTCLASS is not supported. Skipping for layer via
[WARNING DRT-0349] LEF58_ENCLOSURE with no CUTCLASS is not supported. Skipping for layer via2
[WARNING DRT-0349] LEF58_ENCLOSURE with no CUTCLASS is not supported. Skipping for layer via2
[WARNING DRT-0349] LEF58_ENCLOSURE with no CUTCLASS is not supported. Skipping for layer via3
[WARNING DRT-0349] LEF58_ENCLOSURE with no CUTCLASS is not supported. Skipping for layer via3
[WARNING DRT-0349] LEF58_ENCLOSURE with no CUTCLASS is not supported. Skipping for layer via4
[WARNING DRT-0349] LEF58_ENCLOSURE with no CUTCLASS is not supported. Skipping for layer via4

Units:                1000
Number of layers:     13
Number of macros:     441
Number of vias:       29
Number of viarulegen: 25

[INFO DRT-0150] Reading design.
[WARNING DRT-0120] Large net net891 has 106 pins which may impact routing performance. Consider optimization.

Design:                   aes128
Die area:                 ( 0 0 ) ( 482665 482665 )
Number of track patterns: 12
Number of DEF vias:       0
Number of components:     16352
Number of terminals:      390
Number of snets:          2
Number of nets:           13545

[INFO DRT-0167] List of default vias:
  Layer via
    default via: M1M2_PR
  Layer via2
    default via: M2M3_PR
  Layer via3
    default via: M3M4_PR
  Layer via4
    default via: M4M5_PR
[INFO DRT-0162] Library cell analysis.
[INFO DRT-0163] Instance analysis.
[INFO DRT-0164] Number of unique instances = 262.
[INFO DRT-0168] Init region query.
[INFO DRT-0024]   Complete FR_MASTERSLICE.
[INFO DRT-0024]   Complete Fr_VIA.
[INFO DRT-0024]   Complete li1.
[INFO DRT-0024]   Complete mcon.
[INFO DRT-0024]   Complete met1.
[INFO DRT-0024]   Complete via.
[INFO DRT-0024]   Complete met2.
[INFO DRT-0024]   Complete via2.
[INFO DRT-0024]   Complete met3.
[INFO DRT-0024]   Complete via3.
[INFO DRT-0024]   Complete met4.
[INFO DRT-0024]   Complete via4.
[INFO DRT-0024]   Complete met5.
[INFO DRT-0033] FR_MASTERSLICE shape region query size = 0.
[INFO DRT-0033] FR_VIA shape region query size = 0.
[INFO DRT-0033] li1 shape region query size = 304521.
[INFO DRT-0033] mcon shape region query size = 157637.
[INFO DRT-0033] met1 shape region query size = 40256.
[INFO DRT-0033] via shape region query size = 15490.
[INFO DRT-0033] met2 shape region query size = 9513.
[INFO DRT-0033] via2 shape region query size = 12392.
[INFO DRT-0033] met3 shape region query size = 9463.
[INFO DRT-0033] via3 shape region query size = 12392.
[INFO DRT-0033] met4 shape region query size = 3746.
[INFO DRT-0033] via4 shape region query size = 613.
[INFO DRT-0033] met5 shape region query size = 683.
[INFO DRT-0165] Start pin access.
[INFO DRT-0076]   Complete 1000 pins.
[INFO DRT-0076]   Complete 2000 pins.
[INFO DRT-0078]   Complete 2170 pins.
[INFO DRT-0079]   Complete 100 unique inst patterns.
[INFO DRT-0079]   Complete 200 unique inst patterns.
[INFO DRT-0081]   Complete 262 unique inst patterns.
[INFO DRT-0084]   Complete 8726 groups.
#scanned instances     = 16352
#unique  instances     = 262
#stdCellGenAp          = 8224
#stdCellValidPlanarAp  = 44
#stdCellValidViaAp     = 6462
#stdCellPinNoAp        = 0
#stdCellPinCnt         = 51219
#instTermValidViaApCnt = 0
#macroGenAp            = 0
#macroValidPlanarAp    = 0
#macroValidViaAp       = 0
#macroNoAp             = 0
[INFO DRT-0166] Complete pin access.
[INFO DRT-0267] cpu time = 00:02:02, elapsed time = 00:02:02, memory = 342.67 (MB), peak = 348.37 (MB)
[INFO DRT-0156] guideIn read 100000 guides.

[INFO DRT-0157] Number of guides:     118317

[INFO DRT-0169] Post process guides.
[INFO DRT-0176] GCELLGRID X 0 DO 69 STEP 6900 ;
[INFO DRT-0177] GCELLGRID Y 0 DO 69 STEP 6900 ;
[INFO DRT-0026]   Complete 100000 origin guides.
[INFO DRT-0028]   Complete FR_MASTERSLICE.
[INFO DRT-0028]   Complete Fr_VIA.
[INFO DRT-0028]   Complete li1.
[INFO DRT-0028]   Complete mcon.
[INFO DRT-0028]   Complete met1.
[INFO DRT-0028]   Complete via.
[INFO DRT-0028]   Complete met2.
[INFO DRT-0028]   Complete via2.
[INFO DRT-0028]   Complete met3.
[INFO DRT-0028]   Complete via3.
[INFO DRT-0028]   Complete met4.
[INFO DRT-0028]   Complete via4.
[INFO DRT-0028]   Complete met5.
[INFO DRT-0178] Init guide query.
[INFO DRT-0035]   Complete FR_MASTERSLICE (guide).
[INFO DRT-0035]   Complete Fr_VIA (guide).
[INFO DRT-0035]   Complete li1 (guide).
[INFO DRT-0035]   Complete mcon (guide).
[INFO DRT-0035]   Complete met1 (guide).
[INFO DRT-0035]   Complete via (guide).
[INFO DRT-0035]   Complete met2 (guide).
[INFO DRT-0035]   Complete via2 (guide).
[INFO DRT-0035]   Complete met3 (guide).
[INFO DRT-0035]   Complete via3 (guide).
[INFO DRT-0035]   Complete met4 (guide).
[INFO DRT-0035]   Complete via4 (guide).
[INFO DRT-0035]   Complete met5 (guide).
[INFO DRT-0036] FR_MASTERSLICE guide region query size = 0.
[INFO DRT-0036] FR_VIA guide region query size = 0.
[INFO DRT-0036] li1 guide region query size = 41524.
[INFO DRT-0036] mcon guide region query size = 0.
[INFO DRT-0036] met1 guide region query size = 35310.
[INFO DRT-0036] via guide region query size = 0.
[INFO DRT-0036] met2 guide region query size = 17321.
[INFO DRT-0036] via2 guide region query size = 0.
[INFO DRT-0036] met3 guide region query size = 2121.
[INFO DRT-0036] via3 guide region query size = 0.
[INFO DRT-0036] met4 guide region query size = 871.
[INFO DRT-0036] via4 guide region query size = 0.
[INFO DRT-0036] met5 guide region query size = 29.
[INFO DRT-0179] Init gr pin query.
[INFO DRT-0267] cpu time = 00:00:00, elapsed time = 00:00:00, memory = 386.92 (MB), peak = 386.92 (MB)
[INFO DRT-0245] skipped writing guide updates to database.
[INFO DRT-0181] Start track assignment.
[INFO DRT-0184] Done with 59716 vertical wires in 2 frboxes and 37460 horizontal wires in 2 frboxes.
[INFO DRT-0186] Done with 9876 vertical wires in 2 frboxes and 17025 horizontal wires in 2 frboxes.
[INFO DRT-0182] Complete track assignment.
[INFO DRT-0267] cpu time = 00:00:03, elapsed time = 00:00:03, memory = 496.23 (MB), peak = 496.23 (MB)
[INFO DRT-0187] Start routing data preparation.
[INFO DRT-0267] cpu time = 00:00:00, elapsed time = 00:00:00, memory = 496.42 (MB), peak = 496.42 (MB)
[INFO DRT-0194] Start detail routing.
[INFO DRT-0195] Start 0th optimization iteration.
    Completing 10% with 0 violations.
    elapsed time = 00:01:39, memory = 593.71 (MB).
    Completing 20% with 0 violations.
    elapsed time = 00:03:05, memory = 788.96 (MB).
    Completing 30% with 6741 violations.
    elapsed time = 00:03:57, memory = 870.80 (MB).
    Completing 40% with 6741 violations.
    elapsed time = 00:05:02, memory = 870.80 (MB).
    Completing 50% with 6741 violations.
    elapsed time = 00:06:18, memory = 874.95 (MB).
    Completing 60% with 12681 violations.
    elapsed time = 00:07:58, memory = 849.66 (MB).
    Completing 70% with 12681 violations.
    elapsed time = 00:09:30, memory = 877.53 (MB).
    Completing 80% with 19324 violations.
    elapsed time = 00:10:37, memory = 894.98 (MB).
    Completing 90% with 19324 violations.
    elapsed time = 00:11:55, memory = 885.81 (MB).
    Completing 100% with 25025 violations.
    elapsed time = 00:13:03, memory = 913.43 (MB).
[INFO DRT-0199]   Number of violations = 28555.
Viol/Layer         li1   mcon   met1    via   met2   met3   met4   met5
Cut Spacing          0     43      0      1      0      0      0      0
Metal Spacing        0      0   2954      0    994     32      5      0
Min Hole             0      0      7      0      0      0      0      0
Recheck             20      0   2146      0   1183    172      9      0
Short                0      4  18788     16   2164     12      4      1
[INFO DRT-0267] cpu time = 00:13:03, elapsed time = 00:13:04, memory = 925.05 (MB), peak = 962.86 (MB)
Total wire length = 543773 um.
Total wire length on LAYER li1 = 0 um.
Total wire length on LAYER met1 = 234596 um.
Total wire length on LAYER met2 = 212234 um.
Total wire length on LAYER met3 = 52280 um.
Total wire length on LAYER met4 = 44334 um.
Total wire length on LAYER met5 = 327 um.
Total number of vias = 117452.
Up-via summary (total 117452):

-------------------------
 FR_MASTERSLICE         0
            li1     51831
           met1     58105
           met2      5805
           met3      1659
           met4        52
-------------------------
               117452


[INFO DRT-0195] Start 1st optimization iteration.
    Completing 10% with 28555 violations.
    elapsed time = 00:00:55, memory = 940.96 (MB).
    Completing 20% with 28555 violations.
    elapsed time = 00:02:09, memory = 895.32 (MB).
    Completing 30% with 27335 violations.
    elapsed time = 00:02:49, memory = 930.63 (MB).
    Completing 40% with 27335 violations.
    elapsed time = 00:04:13, memory = 935.84 (MB).
    Completing 50% with 27335 violations.
    elapsed time = 00:05:40, memory = 918.34 (MB).
    Completing 60% with 25396 violations.
    elapsed time = 00:06:30, memory = 920.78 (MB).
    Completing 70% with 25396 violations.
    elapsed time = 00:07:28, memory = 945.04 (MB).
    Completing 80% with 23300 violations.
    elapsed time = 00:08:31, memory = 928.92 (MB).
    Completing 90% with 23300 violations.
    elapsed time = 00:10:08, memory = 914.70 (MB).
    Completing 100% with 21186 violations.
    elapsed time = 00:11:31, memory = 921.23 (MB).
[INFO DRT-0199]   Number of violations = 21186.
Viol/Layer        mcon   met1    via   met2   met3   met4
Cut Spacing         50      0      0      0      0      0
Metal Spacing        0   2529      0    614     16      5
Min Hole             0      1      0      0      0      0
Short                0  16680      7   1276      6      2
[INFO DRT-0267] cpu time = 00:11:31, elapsed time = 00:11:31, memory = 929.11 (MB), peak = 1002.79 (MB)
Total wire length = 538181 um.
Total wire length on LAYER li1 = 0 um.
Total wire length on LAYER met1 = 229660 um.
Total wire length on LAYER met2 = 211018 um.
Total wire length on LAYER met3 = 53402 um.
Total wire length on LAYER met4 = 43781 um.
Total wire length on LAYER met5 = 318 um.
Total number of vias = 116276.
Up-via summary (total 116276):

-------------------------
 FR_MASTERSLICE         0
            li1     51824
           met1     57040
           met2      5774
           met3      1590
           met4        48
-------------------------
               116276


[INFO DRT-0195] Start 2nd optimization iteration.
    Completing 10% with 21186 violations.
    elapsed time = 00:00:28, memory = 929.23 (MB).
    Completing 20% with 21186 violations.
    elapsed time = 00:01:19, memory = 929.19 (MB).
    Completing 30% with 20929 violations.
    elapsed time = 00:02:00, memory = 929.19 (MB).
    Completing 40% with 20929 violations.
    elapsed time = 00:03:28, memory = 929.20 (MB).
    Completing 50% with 20929 violations.
    elapsed time = 00:05:13, memory = 924.86 (MB).
    Completing 60% with 21075 violations.
    elapsed time = 00:05:48, memory = 927.04 (MB).
    Completing 70% with 21075 violations.
    elapsed time = 00:06:37, memory = 927.04 (MB).
    Completing 80% with 20821 violations.
    elapsed time = 00:07:58, memory = 936.10 (MB).
    Completing 90% with 20821 violations.
    elapsed time = 00:10:08, memory = 936.10 (MB).
    Completing 100% with 20367 violations.
    elapsed time = 00:11:45, memory = 964.99 (MB).
[INFO DRT-0199]   Number of violations = 20367.
Viol/Layer        mcon   met1    via   met2   met3   met4
Cut Spacing         50      0      2      0      0      0
Metal Spacing        0   2405      0    608     22      0
Min Hole             0      2      0      0      0      0
Short                0  16057      3   1208      9      1
[INFO DRT-0267] cpu time = 00:11:45, elapsed time = 00:11:45, memory = 964.99 (MB), peak = 1020.92 (MB)
Total wire length = 536642 um.
Total wire length on LAYER li1 = 0 um.
Total wire length on LAYER met1 = 228617 um.
Total wire length on LAYER met2 = 210589 um.
Total wire length on LAYER met3 = 53369 um.
Total wire length on LAYER met4 = 43757 um.
Total wire length on LAYER met5 = 307 um.
Total number of vias = 115647.
Up-via summary (total 115647):

-------------------------
 FR_MASTERSLICE         0
            li1     51816
           met1     56584
           met2      5647
           met3      1556
           met4        44
-------------------------
               115647


[INFO DRT-0195] Start 3rd optimization iteration.
    Completing 10% with 20367 violations.
    elapsed time = 00:02:29, memory = 977.64 (MB).
    Completing 20% with 20367 violations.
    elapsed time = 00:04:10, memory = 955.10 (MB).
    Completing 30% with 15637 violations.
    elapsed time = 00:05:04, memory = 986.56 (MB).
    Completing 40% with 15637 violations.
    elapsed time = 00:06:29, memory = 973.29 (MB).
    Completing 50% with 15637 violations.
    elapsed time = 00:07:59, memory = 959.61 (MB).
    Completing 60% with 12648 violations.
    elapsed time = 00:09:50, memory = 959.61 (MB).
    Completing 70% with 12648 violations.
    elapsed time = 00:11:31, memory = 965.29 (MB).
    Completing 80% with 8728 violations.
    elapsed time = 00:12:41, memory = 976.39 (MB).
    Completing 90% with 8728 violations.
    elapsed time = 00:13:49, memory = 963.35 (MB).
    Completing 100% with 5409 violations.
    elapsed time = 00:14:55, memory = 985.33 (MB).
[INFO DRT-0199]   Number of violations = 5409.
Viol/Layer        mcon   met1    via   met2   met3
Cut Spacing          5      0      4      0      0
Metal Spacing        0   1539      0    236     10
Min Hole             0      2      0      0      0
NS Metal             0      1      0      0      0
Short                0   3264      0    347      1
[INFO DRT-0267] cpu time = 00:14:56, elapsed time = 00:14:56, memory = 985.33 (MB), peak = 1065.58 (MB)
Total wire length = 534050 um.
Total wire length on LAYER li1 = 0 um.
Total wire length on LAYER met1 = 197352 um.
Total wire length on LAYER met2 = 206192 um.
Total wire length on LAYER met3 = 82101 um.
Total wire length on LAYER met4 = 48115 um.
Total wire length on LAYER met5 = 289 um.
Total number of vias = 121263.
Up-via summary (total 121263):

-------------------------
 FR_MASTERSLICE         0
            li1     51799
           met1     56512
           met2     10719
           met3      2191
           met4        42
-------------------------
               121263


[INFO DRT-0195] Start 4th optimization iteration.
    Completing 10% with 5409 violations.
    elapsed time = 00:00:46, memory = 939.22 (MB).
    Completing 20% with 5409 violations.
    elapsed time = 00:01:20, memory = 939.22 (MB).
    Completing 30% with 4067 violations.
    elapsed time = 00:01:41, memory = 964.45 (MB).
    Completing 40% with 4067 violations.
    elapsed time = 00:02:16, memory = 964.45 (MB).
    Completing 50% with 4067 violations.
    elapsed time = 00:02:55, memory = 964.45 (MB).
    Completing 60% with 3233 violations.
    elapsed time = 00:03:24, memory = 964.45 (MB).
    Completing 70% with 3233 violations.
    elapsed time = 00:03:51, memory = 964.45 (MB).
    Completing 80% with 1907 violations.
    elapsed time = 00:04:37, memory = 969.51 (MB).
    Completing 90% with 1907 violations.
    elapsed time = 00:05:02, memory = 969.94 (MB).
    Completing 100% with 943 violations.
    elapsed time = 00:05:41, memory = 986.56 (MB).
[INFO DRT-0199]   Number of violations = 943.
Viol/Layer        mcon   met1   met2
Cut Spacing          1      0      0
Metal Spacing        0    312     33
Short                0    564     33
[INFO DRT-0267] cpu time = 00:05:41, elapsed time = 00:05:41, memory = 986.56 (MB), peak = 1065.58 (MB)
Total wire length = 533634 um.
Total wire length on LAYER li1 = 0 um.
Total wire length on LAYER met1 = 193923 um.
Total wire length on LAYER met2 = 205232 um.
Total wire length on LAYER met3 = 85237 um.
Total wire length on LAYER met4 = 48952 um.
Total wire length on LAYER met5 = 289 um.
Total number of vias = 121703.
Up-via summary (total 121703):

-------------------------
 FR_MASTERSLICE         0
            li1     51809
           met1     56384
           met2     11159
           met3      2309
           met4        42
-------------------------
               121703


[INFO DRT-0195] Start 5th optimization iteration.
    Completing 10% with 943 violations.
    elapsed time = 00:00:13, memory = 986.68 (MB).
    Completing 20% with 943 violations.
    elapsed time = 00:00:19, memory = 986.68 (MB).
    Completing 30% with 755 violations.
    elapsed time = 00:00:25, memory = 986.89 (MB).
    Completing 40% with 755 violations.
    elapsed time = 00:00:45, memory = 987.83 (MB).
    Completing 50% with 755 violations.
    elapsed time = 00:00:55, memory = 955.10 (MB).
    Completing 60% with 598 violations.
    elapsed time = 00:00:59, memory = 955.10 (MB).
    Completing 70% with 598 violations.
    elapsed time = 00:01:16, memory = 982.47 (MB).
    Completing 80% with 451 violations.
    elapsed time = 00:01:28, memory = 984.57 (MB).
    Completing 90% with 451 violations.
    elapsed time = 00:01:50, memory = 984.57 (MB).
    Completing 100% with 211 violations.
    elapsed time = 00:02:35, memory = 992.82 (MB).
[INFO DRT-0199]   Number of violations = 211.
Viol/Layer        met1   met2
Metal Spacing       76      2
Short              128      5
[INFO DRT-0267] cpu time = 00:02:35, elapsed time = 00:02:35, memory = 993.01 (MB), peak = 1074.11 (MB)
Total wire length = 533464 um.
Total wire length on LAYER li1 = 0 um.
Total wire length on LAYER met1 = 193380 um.
Total wire length on LAYER met2 = 205033 um.
Total wire length on LAYER met3 = 85682 um.
Total wire length on LAYER met4 = 49078 um.
Total wire length on LAYER met5 = 289 um.
Total number of vias = 121747.
Up-via summary (total 121747):

-------------------------
 FR_MASTERSLICE         0
            li1     51811
           met1     56362
           met2     11214
           met3      2318
           met4        42
-------------------------
               121747


[INFO DRT-0195] Start 6th optimization iteration.
    Completing 10% with 211 violations.
    elapsed time = 00:00:01, memory = 992.88 (MB).
    Completing 20% with 211 violations.
    elapsed time = 00:00:03, memory = 992.88 (MB).
    Completing 30% with 172 violations.
    elapsed time = 00:00:07, memory = 992.88 (MB).
    Completing 40% with 172 violations.
    elapsed time = 00:00:09, memory = 992.88 (MB).
    Completing 50% with 172 violations.
    elapsed time = 00:00:11, memory = 939.42 (MB).
    Completing 60% with 156 violations.
    elapsed time = 00:00:13, memory = 939.41 (MB).
    Completing 70% with 156 violations.
    elapsed time = 00:00:23, memory = 971.80 (MB).
    Completing 80% with 140 violations.
    elapsed time = 00:00:24, memory = 971.96 (MB).
    Completing 90% with 140 violations.
    elapsed time = 00:00:32, memory = 971.96 (MB).
    Completing 100% with 82 violations.
    elapsed time = 00:00:56, memory = 971.96 (MB).
[INFO DRT-0199]   Number of violations = 82.
Viol/Layer        met1   met2
Metal Spacing       40      6
Short               34      2
[INFO DRT-0267] cpu time = 00:00:57, elapsed time = 00:00:57, memory = 971.96 (MB), peak = 1074.11 (MB)
Total wire length = 533451 um.
Total wire length on LAYER li1 = 0 um.
Total wire length on LAYER met1 = 193180 um.
Total wire length on LAYER met2 = 204926 um.
Total wire length on LAYER met3 = 85846 um.
Total wire length on LAYER met4 = 49208 um.
Total wire length on LAYER met5 = 289 um.
Total number of vias = 121746.
Up-via summary (total 121746):

-------------------------
 FR_MASTERSLICE         0
            li1     51809
           met1     56323
           met2     11243
           met3      2329
           met4        42
-------------------------
               121746


[INFO DRT-0195] Start 7th guides tiles iteration.
    Completing 10% with 82 violations.
    elapsed time = 00:00:01, memory = 971.96 (MB).
    Completing 20% with 82 violations.
    elapsed time = 00:00:01, memory = 971.96 (MB).
    Completing 30% with 82 violations.
    elapsed time = 00:00:01, memory = 971.96 (MB).
    Completing 40% with 82 violations.
    elapsed time = 00:00:03, memory = 971.96 (MB).
    Completing 50% with 35 violations.
    elapsed time = 00:00:03, memory = 971.96 (MB).
    Completing 60% with 35 violations.
    elapsed time = 00:00:03, memory = 971.96 (MB).
    Completing 70% with 35 violations.
    elapsed time = 00:00:07, memory = 971.96 (MB).
    Completing 80% with 35 violations.
    elapsed time = 00:00:07, memory = 971.96 (MB).
    Completing 90% with 18 violations.
    elapsed time = 00:00:07, memory = 971.96 (MB).
    Completing 100% with 18 violations.
    elapsed time = 00:00:07, memory = 971.96 (MB).
[INFO DRT-0199]   Number of violations = 18.
Viol/Layer        mcon   met1
Cut Spacing          1      0
Metal Spacing        0      9
Min Hole             0      1
Short                0      7
[INFO DRT-0267] cpu time = 00:00:08, elapsed time = 00:00:08, memory = 971.96 (MB), peak = 1074.11 (MB)
Total wire length = 533447 um.
Total wire length on LAYER li1 = 0 um.
Total wire length on LAYER met1 = 193185 um.
Total wire length on LAYER met2 = 204911 um.
Total wire length on LAYER met3 = 85846 um.
Total wire length on LAYER met4 = 49214 um.
Total wire length on LAYER met5 = 289 um.
Total number of vias = 121765.
Up-via summary (total 121765):

-------------------------
 FR_MASTERSLICE         0
            li1     51807
           met1     56336
           met2     11247
           met3      2333
           met4        42
-------------------------
               121765


[INFO DRT-0195] Start 8th guides tiles iteration.
    Completing 20% with 18 violations.
    elapsed time = 00:00:00, memory = 971.96 (MB).
    Completing 40% with 18 violations.
    elapsed time = 00:00:01, memory = 971.96 (MB).
    Completing 60% with 18 violations.
    elapsed time = 00:00:01, memory = 971.96 (MB).
    Completing 80% with 16 violations.
    elapsed time = 00:00:01, memory = 971.96 (MB).
    Completing 100% with 10 violations.
    elapsed time = 00:00:01, memory = 971.96 (MB).
[INFO DRT-0199]   Number of violations = 10.
Viol/Layer        mcon   met1
Cut Spacing          1      0
Metal Spacing        0      4
Short                0      5
[INFO DRT-0267] cpu time = 00:00:01, elapsed time = 00:00:01, memory = 971.96 (MB), peak = 1074.11 (MB)
Total wire length = 533448 um.
Total wire length on LAYER li1 = 0 um.
Total wire length on LAYER met1 = 193188 um.
Total wire length on LAYER met2 = 204899 um.
Total wire length on LAYER met3 = 85844 um.
Total wire length on LAYER met4 = 49225 um.
Total wire length on LAYER met5 = 289 um.
Total number of vias = 121765.
Up-via summary (total 121765):

-------------------------
 FR_MASTERSLICE         0
            li1     51807
           met1     56335
           met2     11246
           met3      2335
           met4        42
-------------------------
               121765


[INFO DRT-0195] Start 9th guides tiles iteration.
    Completing 30% with 10 violations.
    elapsed time = 00:00:00, memory = 971.96 (MB).
    Completing 60% with 10 violations.
    elapsed time = 00:00:00, memory = 971.96 (MB).
    Completing 100% with 10 violations.
    elapsed time = 00:00:00, memory = 971.96 (MB).
[INFO DRT-0199]   Number of violations = 10.
Viol/Layer        mcon   met1
Cut Spacing          1      0
Metal Spacing        0      4
Short                0      5
[INFO DRT-0267] cpu time = 00:00:01, elapsed time = 00:00:01, memory = 971.96 (MB), peak = 1074.11 (MB)
Total wire length = 533448 um.
Total wire length on LAYER li1 = 0 um.
Total wire length on LAYER met1 = 193188 um.
Total wire length on LAYER met2 = 204899 um.
Total wire length on LAYER met3 = 85844 um.
Total wire length on LAYER met4 = 49225 um.
Total wire length on LAYER met5 = 289 um.
Total number of vias = 121765.
Up-via summary (total 121765):

-------------------------
 FR_MASTERSLICE         0
            li1     51807
           met1     56335
           met2     11246
           met3      2335
           met4        42
-------------------------
               121765


[INFO DRT-0195] Start 10th guides tiles iteration.
    Completing 30% with 10 violations.
    elapsed time = 00:00:00, memory = 971.96 (MB).
    Completing 60% with 10 violations.
    elapsed time = 00:00:00, memory = 971.96 (MB).
    Completing 100% with 0 violations.
    elapsed time = 00:00:00, memory = 971.96 (MB).
[INFO DRT-0199]   Number of violations = 0.
[INFO DRT-0267] cpu time = 00:00:00, elapsed time = 00:00:00, memory = 971.96 (MB), peak = 1074.11 (MB)
Total wire length = 533467 um.
Total wire length on LAYER li1 = 0 um.
Total wire length on LAYER met1 = 193189 um.
Total wire length on LAYER met2 = 204910 um.
Total wire length on LAYER met3 = 85849 um.
Total wire length on LAYER met4 = 49227 um.
Total wire length on LAYER met5 = 289 um.
Total number of vias = 121774.
Up-via summary (total 121774):

-------------------------
 FR_MASTERSLICE         0
            li1     51807
           met1     56341
           met2     11249
           met3      2335
           met4        42
-------------------------
               121774


[INFO DRT-0198] Complete detail routing.
Total wire length = 533467 um.
Total wire length on LAYER li1 = 0 um.
Total wire length on LAYER met1 = 193189 um.
Total wire length on LAYER met2 = 204910 um.
Total wire length on LAYER met3 = 85849 um.
Total wire length on LAYER met4 = 49227 um.
Total wire length on LAYER met5 = 289 um.
Total number of vias = 121774.
Up-via summary (total 121774):

-------------------------
 FR_MASTERSLICE         0
            li1     51807
           met1     56341
           met2     11249
           met3      2335
           met4        42
-------------------------
               121774


[INFO DRT-0267] cpu time = 01:00:44, elapsed time = 01:00:44, memory = 971.96 (MB), peak = 1074.11 (MB)

[INFO DRT-0180] Post processing.
[INFO DRT-0501] Runtime: 3771.46s
Took 3771 seconds: detailed_route -output_drc ./reports/sky130hd/chia_aes128_benchmark_corrupted/base/5_route_drc.rpt -output_maze ./results/sky130hd/chia_aes128_benchmark_corrupted/base/maze.log -droute_end_iter 64 -verbose 1 -drc_report_iter_step 5
[INFO GRT-0012] Found 8 antenna violations.
[INFO DPL-0006] Core area: 229900.49 um^2
[INFO DPL-0007] Movable instances area: 0.00 um^2
[INFO DPL-0008] Fixed instances area within core: 96716.51 um^2
[INFO DPL-0009] Utilization: 42.1%
[INFO DPL-0005] Diamond search max displacement: +/- 500 sites horizontally, +/- 100 rows vertically.
[INFO DPL-1102] Legalizing using negotiation legalizer.
[INFO DPL-1103] Negotiation base search window: +/-20 sites horizontally, +/-5 rows vertically 
	Automatic search window extension enabled.
	Search window extendable up to the max displacement cap of +/-500 sites, +/-100 rows near walls.
[INFO DPL-1104] NegotiationLegalizer DRC penalty: 5.
[INFO DPL-0392] Negotiation cell height distribution (1 unique row-count(s)):
[INFO DPL-0393]   height 1 row(s): 16360 cells
[INFO DPL-0500] Runtime: 0.04s
[INFO GRT-0015] Inserted 8 diodes.
[WARNING DRT-0120] Large net net891 has 106 pins which may impact routing performance. Consider optimization.
[INFO DRT-0024]   Complete FR_MASTERSLICE.
[INFO DRT-0024]   Complete Fr_VIA.
[INFO DRT-0024]   Complete li1.
[INFO DRT-0024]   Complete mcon.
[INFO DRT-0024]   Complete met1.
[INFO DRT-0024]   Complete via.
[INFO DRT-0024]   Complete met2.
[INFO DRT-0024]   Complete via2.
[INFO DRT-0024]   Complete met3.
[INFO DRT-0024]   Complete via3.
[INFO DRT-0024]   Complete met4.
[INFO DRT-0024]   Complete via4.
[INFO DRT-0024]   Complete met5.
[INFO DRT-0165] Start pin access.
[INFO DRT-0076]   Complete 1000 pins.
[INFO DRT-0076]   Complete 2000 pins.
[INFO DRT-0078]   Complete 2175 pins.
[INFO DRT-0079]   Complete 100 unique inst patterns.
[INFO DRT-0079]   Complete 200 unique inst patterns.
[INFO DRT-0081]   Complete 263 unique inst patterns.
[INFO DRT-0084]   Complete 8724 groups.
#scanned instances     = 16360
#unique  instances     = 263
#stdCellGenAp          = 8236
#stdCellValidPlanarAp  = 44
#stdCellValidViaAp     = 6474
#stdCellPinNoAp        = 0
#stdCellPinCnt         = 51219
#instTermValidViaApCnt = 0
#macroGenAp            = 0
#macroValidPlanarAp    = 0
#macroValidViaAp       = 0
#macroNoAp             = 0
[INFO DRT-0166] Complete pin access.
[INFO DRT-0267] cpu time = 00:02:06, elapsed time = 00:02:06, memory = 940.87 (MB), peak = 1074.11 (MB)
[INFO DRT-0156] guideIn read 100000 guides.

[INFO DRT-0157] Number of guides:     118249

[INFO DRT-0169] Post process guides.
[INFO DRT-0176] GCELLGRID X 0 DO 69 STEP 6900 ;
[INFO DRT-0177] GCELLGRID Y 0 DO 69 STEP 6900 ;
[INFO DRT-0026]   Complete 100000 origin guides.
[INFO DRT-0028]   Complete FR_MASTERSLICE.
[INFO DRT-0028]   Complete Fr_VIA.
[INFO DRT-0028]   Complete li1.
[INFO DRT-0028]   Complete mcon.
[INFO DRT-0028]   Complete met1.
[INFO DRT-0028]   Complete via.
[INFO DRT-0028]   Complete met2.
[INFO DRT-0028]   Complete via2.
[INFO DRT-0028]   Complete met3.
[INFO DRT-0028]   Complete via3.
[INFO DRT-0028]   Complete met4.
[INFO DRT-0028]   Complete via4.
[INFO DRT-0028]   Complete met5.
[INFO DRT-0178] Init guide query.
[INFO DRT-0035]   Complete FR_MASTERSLICE (guide).
[INFO DRT-0035]   Complete Fr_VIA (guide).
[INFO DRT-0035]   Complete li1 (guide).
[INFO DRT-0035]   Complete mcon (guide).
[INFO DRT-0035]   Complete met1 (guide).
[INFO DRT-0035]   Complete via (guide).
[INFO DRT-0035]   Complete met2 (guide).
[INFO DRT-0035]   Complete via2 (guide).
[INFO DRT-0035]   Complete met3 (guide).
[INFO DRT-0035]   Complete via3 (guide).
[INFO DRT-0035]   Complete met4 (guide).
[INFO DRT-0035]   Complete via4 (guide).
[INFO DRT-0035]   Complete met5 (guide).
[INFO DRT-0036] FR_MASTERSLICE guide region query size = 0.
[INFO DRT-0036] FR_VIA guide region query size = 0.
[INFO DRT-0036] li1 guide region query size = 41525.
[INFO DRT-0036] mcon guide region query size = 0.
[INFO DRT-0036] met1 guide region query size = 35310.
[INFO DRT-0036] via guide region query size = 0.
[INFO DRT-0036] met2 guide region query size = 17313.
[INFO DRT-0036] via2 guide region query size = 0.
[INFO DRT-0036] met3 guide region query size = 2101.
[INFO DRT-0036] via3 guide region query size = 0.
[INFO DRT-0036] met4 guide region query size = 853.
[INFO DRT-0036] via4 guide region query size = 0.
[INFO DRT-0036] met5 guide region query size = 24.
[INFO DRT-0179] Init gr pin query.
[INFO DRT-0267] cpu time = 00:00:00, elapsed time = 00:00:00, memory = 940.87 (MB), peak = 1074.11 (MB)
[INFO DRT-0245] skipped writing guide updates to database.
[INFO DRT-0181] Start track assignment.
[INFO DRT-0184] Done with 59691 vertical wires in 2 frboxes and 37435 horizontal wires in 2 frboxes.
[INFO DRT-0186] Done with 9769 vertical wires in 2 frboxes and 17038 horizontal wires in 2 frboxes.
[INFO DRT-0182] Complete track assignment.
[INFO DRT-0267] cpu time = 00:00:03, elapsed time = 00:00:03, memory = 940.87 (MB), peak = 1074.11 (MB)
[INFO DRT-0187] Start routing data preparation.
[INFO DRT-0267] cpu time = 00:00:00, elapsed time = 00:00:00, memory = 940.87 (MB), peak = 1074.11 (MB)
[INFO DRT-0194] Start detail routing.
[INFO DRT-0195] Start 0th optimization iteration.
    Completing 10% with 0 violations.
    elapsed time = 00:00:04, memory = 955.20 (MB).
    Completing 20% with 0 violations.
    elapsed time = 00:00:12, memory = 956.36 (MB).
    Completing 30% with 294 violations.
    elapsed time = 00:00:17, memory = 1021.82 (MB).
    Completing 40% with 294 violations.
    elapsed time = 00:00:24, memory = 1021.82 (MB).
    Completing 50% with 294 violations.
    elapsed time = 00:00:29, memory = 1022.09 (MB).
    Completing 60% with 451 violations.
    elapsed time = 00:00:34, memory = 1021.93 (MB).
    Completing 70% with 451 violations.
    elapsed time = 00:00:43, memory = 1021.93 (MB).
    Completing 80% with 713 violations.
    elapsed time = 00:00:46, memory = 1021.93 (MB).
    Completing 90% with 713 violations.
    elapsed time = 00:00:52, memory = 1021.93 (MB).
    Completing 100% with 903 violations.
    elapsed time = 00:00:56, memory = 1022.30 (MB).
[INFO DRT-0199]   Number of violations = 1058.
Viol/Layer        met1   met2
Metal Spacing       83     62
Min Hole             1      1
Recheck            118     37
Short              453    303
[INFO DRT-0267] cpu time = 00:00:56, elapsed time = 00:00:56, memory = 1022.30 (MB), peak = 1095.44 (MB)
Total wire length = 533436 um.
Total wire length on LAYER li1 = 0 um.
Total wire length on LAYER met1 = 194464 um.
Total wire length on LAYER met2 = 205777 um.
Total wire length on LAYER met3 = 84275 um.
Total wire length on LAYER met4 = 48629 um.
Total wire length on LAYER met5 = 289 um.
Total number of vias = 121823.
Up-via summary (total 121823):

-------------------------
 FR_MASTERSLICE         0
            li1     51820
           met1     56536
           met2     11115
           met3      2310
           met4        42
-------------------------
               121823


[INFO DRT-0195] Start 1st optimization iteration.
    Completing 10% with 1058 violations.
    elapsed time = 00:00:03, memory = 1023.31 (MB).
    Completing 20% with 1058 violations.
    elapsed time = 00:00:09, memory = 1023.31 (MB).
    Completing 30% with 935 violations.
    elapsed time = 00:00:12, memory = 1023.31 (MB).
    Completing 40% with 935 violations.
    elapsed time = 00:00:18, memory = 1023.31 (MB).
    Completing 50% with 935 violations.
    elapsed time = 00:00:26, memory = 1023.31 (MB).
    Completing 60% with 777 violations.
    elapsed time = 00:00:28, memory = 1023.31 (MB).
    Completing 70% with 777 violations.
    elapsed time = 00:00:32, memory = 1023.39 (MB).
    Completing 80% with 599 violations.
    elapsed time = 00:00:37, memory = 1023.31 (MB).
    Completing 90% with 599 violations.
    elapsed time = 00:00:43, memory = 1023.31 (MB).
    Completing 100% with 459 violations.
    elapsed time = 00:00:49, memory = 1023.31 (MB).
[INFO DRT-0199]   Number of violations = 459.
Viol/Layer        met1   met2
Metal Spacing       35     56
Short              203    165
[INFO DRT-0267] cpu time = 00:00:49, elapsed time = 00:00:49, memory = 1023.31 (MB), peak = 1095.44 (MB)
Total wire length = 533271 um.
Total wire length on LAYER li1 = 0 um.
Total wire length on LAYER met1 = 194276 um.
Total wire length on LAYER met2 = 205737 um.
Total wire length on LAYER met3 = 84328 um.
Total wire length on LAYER met4 = 48639 um.
Total wire length on LAYER met5 = 289 um.
Total number of vias = 121763.
Up-via summary (total 121763):

-------------------------
 FR_MASTERSLICE         0
            li1     51823
           met1     56476
           met2     11112
           met3      2310
           met4        42
-------------------------
               121763


[INFO DRT-0195] Start 2nd optimization iteration.
    Completing 10% with 459 violations.
    elapsed time = 00:00:00, memory = 1023.31 (MB).
    Completing 20% with 459 violations.
    elapsed time = 00:00:03, memory = 1023.41 (MB).
    Completing 30% with 477 violations.
    elapsed time = 00:00:06, memory = 1023.31 (MB).
    Completing 40% with 477 violations.
    elapsed time = 00:00:06, memory = 1023.32 (MB).
    Completing 50% with 477 violations.
    elapsed time = 00:00:15, memory = 1023.31 (MB).
    Completing 60% with 489 violations.
    elapsed time = 00:00:15, memory = 1023.31 (MB).
    Completing 70% with 489 violations.
    elapsed time = 00:00:18, memory = 1023.31 (MB).
    Completing 80% with 469 violations.
    elapsed time = 00:00:19, memory = 1023.31 (MB).
    Completing 90% with 469 violations.
    elapsed time = 00:00:21, memory = 1023.31 (MB).
    Completing 100% with 443 violations.
    elapsed time = 00:00:25, memory = 1023.31 (MB).
[INFO DRT-0199]   Number of violations = 443.
Viol/Layer        met1   met2
Metal Spacing       41     54
Short              163    185
[INFO DRT-0267] cpu time = 00:00:25, elapsed time = 00:00:25, memory = 1023.31 (MB), peak = 1102.43 (MB)
Total wire length = 533232 um.
Total wire length on LAYER li1 = 0 um.
Total wire length on LAYER met1 = 194210 um.
Total wire length on LAYER met2 = 205724 um.
Total wire length on LAYER met3 = 84344 um.
Total wire length on LAYER met4 = 48663 um.
Total wire length on LAYER met5 = 289 um.
Total number of vias = 121754.
Up-via summary (total 121754):

-------------------------
 FR_MASTERSLICE         0
            li1     51824
           met1     56456
           met2     11117
           met3      2315
           met4        42
-------------------------
               121754


[INFO DRT-0195] Start 3rd optimization iteration.
    Completing 10% with 443 violations.
    elapsed time = 00:00:01, memory = 1023.31 (MB).
    Completing 20% with 443 violations.
    elapsed time = 00:00:09, memory = 1023.31 (MB).
    Completing 30% with 314 violations.
    elapsed time = 00:00:10, memory = 1023.31 (MB).
    Completing 40% with 314 violations.
    elapsed time = 00:00:14, memory = 1023.31 (MB).
    Completing 50% with 314 violations.
    elapsed time = 00:00:20, memory = 1023.31 (MB).
    Completing 60% with 287 violations.
    elapsed time = 00:00:26, memory = 1023.31 (MB).
    Completing 70% with 287 violations.
    elapsed time = 00:00:48, memory = 1023.31 (MB).
    Completing 80% with 161 violations.
    elapsed time = 00:00:48, memory = 1023.31 (MB).
    Completing 90% with 161 violations.
    elapsed time = 00:00:54, memory = 1023.31 (MB).
    Completing 100% with 44 violations.
    elapsed time = 00:00:55, memory = 1023.46 (MB).
[INFO DRT-0199]   Number of violations = 44.
Viol/Layer        met1   met2
Metal Spacing       16     11
Short               15      2
[INFO DRT-0267] cpu time = 00:00:56, elapsed time = 00:00:56, memory = 1023.46 (MB), peak = 1102.43 (MB)
Total wire length = 533240 um.
Total wire length on LAYER li1 = 0 um.
Total wire length on LAYER met1 = 193514 um.
Total wire length on LAYER met2 = 205049 um.
Total wire length on LAYER met3 = 85149 um.
Total wire length on LAYER met4 = 49236 um.
Total wire length on LAYER met5 = 289 um.
Total number of vias = 121978.
Up-via summary (total 121978):

-------------------------
 FR_MASTERSLICE         0
            li1     51820
           met1     56496
           met2     11263
           met3      2357
           met4        42
-------------------------
               121978


[INFO DRT-0195] Start 4th guides tiles iteration.
    Completing 10% with 44 violations.
    elapsed time = 00:00:00, memory = 1023.46 (MB).
    Completing 20% with 44 violations.
    elapsed time = 00:00:00, memory = 1023.46 (MB).
    Completing 30% with 44 violations.
    elapsed time = 00:00:01, memory = 1023.46 (MB).
    Completing 40% with 44 violations.
    elapsed time = 00:00:01, memory = 1023.46 (MB).
    Completing 50% with 44 violations.
    elapsed time = 00:00:01, memory = 1023.46 (MB).
    Completing 60% with 11 violations.
    elapsed time = 00:00:02, memory = 1023.31 (MB).
    Completing 70% with 11 violations.
    elapsed time = 00:00:02, memory = 1023.31 (MB).
    Completing 80% with 11 violations.
    elapsed time = 00:00:02, memory = 1023.31 (MB).
    Completing 90% with 4 violations.
    elapsed time = 00:00:02, memory = 1023.31 (MB).
    Completing 100% with 3 violations.
    elapsed time = 00:00:02, memory = 1023.31 (MB).
[INFO DRT-0199]   Number of violations = 3.
Viol/Layer        met2
Short                3
[INFO DRT-0267] cpu time = 00:00:02, elapsed time = 00:00:02, memory = 1023.31 (MB), peak = 1102.43 (MB)
Total wire length = 533252 um.
Total wire length on LAYER li1 = 0 um.
Total wire length on LAYER met1 = 193493 um.
Total wire length on LAYER met2 = 205025 um.
Total wire length on LAYER met3 = 85167 um.
Total wire length on LAYER met4 = 49276 um.
Total wire length on LAYER met5 = 289 um.
Total number of vias = 121979.
Up-via summary (total 121979):

-------------------------
 FR_MASTERSLICE         0
            li1     51820
           met1     56493
           met2     11264
           met3      2360
           met4        42
-------------------------
               121979


[INFO DRT-0195] Start 5th guides tiles iteration.
    Completing 20% with 3 violations.
    elapsed time = 00:00:01, memory = 1023.31 (MB).
    Completing 50% with 0 violations.
    elapsed time = 00:00:01, memory = 1023.31 (MB).
    Completing 70% with 0 violations.
    elapsed time = 00:00:01, memory = 1023.31 (MB).
    Completing 100% with 0 violations.
    elapsed time = 00:00:01, memory = 1023.31 (MB).
[INFO DRT-0199]   Number of violations = 0.
[INFO DRT-0267] cpu time = 00:00:01, elapsed time = 00:00:01, memory = 1023.31 (MB), peak = 1144.06 (MB)
Total wire length = 533226 um.
Total wire length on LAYER li1 = 0 um.
Total wire length on LAYER met1 = 193487 um.
Total wire length on LAYER met2 = 204926 um.
Total wire length on LAYER met3 = 85155 um.
Total wire length on LAYER met4 = 49368 um.
Total wire length on LAYER met5 = 289 um.
Total number of vias = 121966.
Up-via summary (total 121966):

-------------------------
 FR_MASTERSLICE         0
            li1     51820
           met1     56488
           met2     11260
           met3      2356
           met4        42
-------------------------
               121966


[INFO DRT-0198] Complete detail routing.
Total wire length = 533226 um.
Total wire length on LAYER li1 = 0 um.
Total wire length on LAYER met1 = 193487 um.
Total wire length on LAYER met2 = 204926 um.
Total wire length on LAYER met3 = 85155 um.
Total wire length on LAYER met4 = 49368 um.
Total wire length on LAYER met5 = 289 um.
Total number of vias = 121966.
Up-via summary (total 121966):

-------------------------
 FR_MASTERSLICE         0
            li1     51820
           met1     56488
           met2     11260
           met3      2356
           met4        42
-------------------------
               121966


[INFO DRT-0267] cpu time = 00:03:11, elapsed time = 00:03:11, memory = 1023.31 (MB), peak = 1144.06 (MB)

[INFO DRT-0180] Post processing.
[INFO DRT-0501] Runtime: 321.95s
[INFO ANT-0002] Found 0 net violations.
[INFO ANT-0001] Found 0 pin violations.
[INFO ANT-0002] Found 0 net violations.
[INFO ANT-0001] Found 0 pin violations.
Design area 96717 um^2 42% utilization.
write_db ./results/sky130hd/chia_aes128_benchmark_corrupted/base/5_2_route.odb
Log                       Ext     Elapsed/s Peak Memory/MB sha1sum result [0:20)
5_2_route                 .odb         4129           1144 007222b6311d716e5663
/root/OpenROAD-flow-scripts/flow/scripts/flow.sh 5_3_fillcell fillcell
Running fillcell.tcl, stage 5_3_fillcell
read_liberty /root/OpenROAD-flow-scripts/flow/platforms/sky130hd/lib/sky130_fd_sc_hd__tt_025C_1v80.lib
read_db ./results/sky130hd/chia_aes128_benchmark_corrupted/base/5_2_route.odb
read_sdc ./results/sky130hd/chia_aes128_benchmark_corrupted/base/5_1_grt.sdc
source /root/OpenROAD-flow-scripts/flow/platforms/sky130hd/setRC.tcl
[WARNING STA-0450] virtual clock vclk can not be propagated.
filler_placement "sky130_fd_sc_hd__fill_1 sky130_fd_sc_hd__fill_2 sky130_fd_sc_hd__fill_4 sky130_fd_sc_hd__fill_8"
[INFO DPL-0001] Placed 24584 filler instances.
Design area 96717 um^2 42% utilization.
write_db ./results/sky130hd/chia_aes128_benchmark_corrupted/base/5_3_fillcell.odb
Log                       Ext     Elapsed/s Peak Memory/MB sha1sum result [0:20)
5_3_fillcell              .odb            0            198 6097d193686f692c9778
cp ./results/sky130hd/chia_aes128_benchmark_corrupted/base/5_3_fillcell.odb ./results/sky130hd/chia_aes128_benchmark_corrupted/base/5_route.odb
cp ./results/sky130hd/chia_aes128_benchmark_corrupted/base/5_1_grt.sdc ./results/sky130hd/chia_aes128_benchmark_corrupted/base/5_route.sdc
make: Leaving directory '/root/OpenROAD-flow-scripts/flow'

STDERR:
bash: /opt/miniconda/lib/libtinfo.so.6: no version information available (required by bash)
bash: /opt/miniconda/lib/libtinfo.so.6: no version information available (required by bash)
bash: /opt/miniconda/lib/libtinfo.so.6: no version information available (required by bash)
bash: /opt/miniconda/lib/libtinfo.so.6: no version information available (required by bash)
bash: /opt/miniconda/lib/libtinfo.so.6: no version information available (required by bash)
bash: /opt/miniconda/lib/libtinfo.so.6: no version information available (required by bash)
bash: /opt/miniconda/lib/libtinfo.so.6: no version information available (required by bash)
bash: /opt/miniconda/lib/libtinfo.so.6: no version information available (required by bash)
bash: /opt/miniconda/lib/libtinfo.so.6: no version information available (required by bash)
bash: /opt/miniconda/lib/libtinfo.so.6: no version information available (required by bash)
bash: /opt/miniconda/lib/libtinfo.so.6: no version information available (required by bash)
bash: /opt/miniconda/lib/libtinfo.so.6: no version information available (required by bash)
bash: /opt/miniconda/lib/libtinfo.so.6: no version information available (required by bash)
bash: /opt/miniconda/lib/libtinfo.so.6: no version information available (required by bash)
bash: /opt/miniconda/lib/libtinfo.so.6: no version information available (required by bash)
bash: /opt/miniconda/lib/libtinfo.so.6: no version information available (required by bash)
bash: /opt/miniconda/lib/libtinfo.so.6: no version information available (required by bash)
bash: /opt/miniconda/lib/libtinfo.so.6: no version information available (required by bash)
bash: /opt/miniconda/lib/libtinfo.so.6: no version information available (required by bash)
bash: /opt/miniconda/lib/libtinfo.so.6: no version information available (required by bash)
bash: /opt/miniconda/lib/libtinfo.so.6: no version information available (required by bash)
bash: /opt/miniconda/lib/libtinfo.so.6: no version information available (required by bash)
bash: /opt/miniconda/lib/libtinfo.so.6: no version information available (required by bash)
bash: /opt/miniconda/lib/libtinfo.so.6: no version information available (required by bash)
Elapsed time: 2:40.79[h:]min:sec. CPU time: user 160.06 sys 0.22 (99%). Peak memory: 563512KB.
bash: /opt/miniconda/lib/libtinfo.so.6: no version information available (required by bash)
bash: /opt/miniconda/lib/libtinfo.so.6: no version information available (required by bash)
bash: /opt/miniconda/lib/libtinfo.so.6: no version information available (required by bash)
bash: /opt/miniconda/lib/libtinfo.so.6: no version information available (required by bash)
bash: /opt/miniconda/lib/libtinfo.so.6: no version information available (required by bash)
bash: /opt/miniconda/lib/libtinfo.so.6: no version information available (required by bash)
bash: /opt/miniconda/lib/libtinfo.so.6: no version information available (required by bash)
bash: /opt/miniconda/lib/libtinfo.so.6: no version information available (required by bash)
bash: /opt/miniconda/lib/libtinfo.so.6: no version information available (required by bash)
bash: /opt/miniconda/lib/libtinfo.so.6: no version information available (required by bash)
bash: /opt/miniconda/lib/libtinfo.so.6: no version information available (required by bash)
bash: /opt/miniconda/lib/libtinfo.so.6: no version information available (required by bash)
bash: /opt/miniconda/lib/libtinfo.so.6: no version information available (required by bash)
bash: /opt/miniconda/lib/libtinfo.so.6: no version information available (required by bash)
Elapsed time: 1:08:49.56[h:]min:sec. CPU time: user 4118.51 sys 10.49 (99%). Peak memory: 1171516KB.
bash: /opt/miniconda/lib/libtinfo.so.6: no version information available (required by bash)
bash: /opt/miniconda/lib/libtinfo.so.6: no version information available (required by bash)
bash: /opt/miniconda/lib/libtinfo.so.6: no version information available (required by bash)
bash: /opt/miniconda/lib/libtinfo.so.6: no version information available (required by bash)
bash: /opt/miniconda/lib/libtinfo.so.6: no version information available (required by bash)
bash: /opt/miniconda/lib/libtinfo.so.6: no version information available (required by bash)
bash: /opt/miniconda/lib/libtinfo.so.6: no version information available (required by bash)
bash: /opt/miniconda/lib/libtinfo.so.6: no version information available (required by bash)
bash: /opt/miniconda/lib/libtinfo.so.6: no version information available (required by bash)
bash: /opt/miniconda/lib/libtinfo.so.6: no version information available (required by bash)
bash: /opt/miniconda/lib/libtinfo.so.6: no version information available (required by bash)
bash: /opt/miniconda/lib/libtinfo.so.6: no version information available (required by bash)
bash: /opt/miniconda/lib/libtinfo.so.6: no version information available (required by bash)
bash: /opt/miniconda/lib/libtinfo.so.6: no version information available (required by bash)
Elapsed time: 0:00.48[h:]min:sec. CPU time: user 0.38 sys 0.07 (95%). Peak memory: 203480KB.
bash: /opt/miniconda/lib/libtinfo.so.6: no version information available (required by bash)
bash: /opt/miniconda/lib/libtinfo.so.6: no version information available (required by bash)
bash: /opt/miniconda/lib/libtinfo.so.6: no version information available (required by bash)
bash: /opt/miniconda/lib/libtinfo.so.6: no version information available (required by bash)
bash: /opt/miniconda/lib/libtinfo.so.6: no version information available (required by bash)
bash: /opt/miniconda/lib/libtinfo.so.6: no version information available (required by bash)
bash: /opt/miniconda/lib/libtinfo.so.6: no version information available (required by bash)
bash: /opt/miniconda/lib/libtinfo.so.6: no version information available (required by bash)
bash: /opt/miniconda/lib/libtinfo.so.6: no version information available (required by bash)
bash: /opt/miniconda/lib/libtinfo.so.6: no version information available (required by bash)
bash: /opt/miniconda/lib/libtinfo.so.6: no version information available (required by bash)
bash: /opt/miniconda/lib/libtinfo.so.6: no version information available (required by bash)
bash: /opt/miniconda/lib/libtinfo.so.6: no version information available (required by bash)
bash: /opt/miniconda/lib/libtinfo.so.6: no version information available (required by bash)
bash: /opt/miniconda/lib/libtinfo.so.6: no version information available (required by bash)
bash: /opt/miniconda/lib/libtinfo.so.6: no version information available (required by bash)
bash: /opt/miniconda/lib/libtinfo.so.6: no version information available (required by bash)
bash: /opt/miniconda/lib/libtinfo.so.6: no version information available (required by bash)
bash: /opt/miniconda/lib/libtinfo.so.6: no version information available (required by bash)
bash: /opt/miniconda/lib/libtinfo.so.6: no version information available (required by bash)
bash: /opt/miniconda/lib/libtinfo.so.6: no version information available (required by bash)
bash: /opt/miniconda/lib/libtinfo.so.6: no version information available (required by bash)
bash: /opt/miniconda/lib/libtinfo.so.6: no version information available (required by bash)
bash: /opt/miniconda/lib/libtinfo.so.6: no version information available (required by bash)
bash: /opt/miniconda/lib/libtinfo.so.6: no version information available (required by bash)
bash: /opt/miniconda/lib/libtinfo.so.6: no version information available (required by bash)
