make: Entering directory '/root/OpenROAD-flow-scripts/flow'
rm -f ./results/sky130hd/chia_sha256_benchmark_corrupted/slot1/1_* ./results/sky130hd/chia_sha256_benchmark_corrupted/slot1/mem*.json
rm -rf ./results/sky130hd/chia_sha256_benchmark_corrupted/slot1/memories
rm -f ./reports/sky130hd/chia_sha256_benchmark_corrupted/slot1/synth_*
rm -f ./logs/sky130hd/chia_sha256_benchmark_corrupted/slot1/1_*
rm -f 
rm -f ./results/sky130hd/chia_sha256_benchmark_corrupted/slot1/clock_period.txt
rm -f ./results/sky130hd/chia_sha256_benchmark_corrupted/slot1/2_*floorplan*.odb ./results/sky130hd/chia_sha256_benchmark_corrupted/slot1/2_floorplan.sdc ./results/sky130hd/chia_sha256_benchmark_corrupted/slot1/2_*.v ./results/sky130hd/chia_sha256_benchmark_corrupted/slot1/2_*.def
rm -f ./reports/sky130hd/chia_sha256_benchmark_corrupted/slot1/2_*
rm -f ./logs/sky130hd/chia_sha256_benchmark_corrupted/slot1/2_*
rm -f ./results/sky130hd/chia_sha256_benchmark_corrupted/slot1/3_*place*.odb
rm -f ./results/sky130hd/chia_sha256_benchmark_corrupted/slot1/3_place.sdc
rm -f ./results/sky130hd/chia_sha256_benchmark_corrupted/slot1/3_*.def ./results/sky130hd/chia_sha256_benchmark_corrupted/slot1/3_*.v
rm -f ./reports/sky130hd/chia_sha256_benchmark_corrupted/slot1/3_*
rm -f ./logs/sky130hd/chia_sha256_benchmark_corrupted/slot1/3_*
rm -rf ./results/sky130hd/chia_sha256_benchmark_corrupted/slot1/4_*cts*.odb ./results/sky130hd/chia_sha256_benchmark_corrupted/slot1/4_cts.sdc ./results/sky130hd/chia_sha256_benchmark_corrupted/slot1/4_*.v ./results/sky130hd/chia_sha256_benchmark_corrupted/slot1/4_*.def
rm -f  ./reports/sky130hd/chia_sha256_benchmark_corrupted/slot1/4_*
rm -rf ./logs/sky130hd/chia_sha256_benchmark_corrupted/slot1/4_*
rm -rf ./results/sky130hd/chia_sha256_benchmark_corrupted/slot1/route.guide ./results/sky130hd/chia_sha256_benchmark_corrupted/slot1/output_guide.mod ./results/sky130hd/chia_sha256_benchmark_corrupted/slot1/updated_clks.sdc
rm -rf ./results/sky130hd/chia_sha256_benchmark_corrupted/slot1/5_*.odb ./results/sky130hd/chia_sha256_benchmark_corrupted/slot1/5_route.sdc ./results/sky130hd/chia_sha256_benchmark_corrupted/slot1/5_*.def ./results/sky130hd/chia_sha256_benchmark_corrupted/slot1/5_*.v
rm -f  ./reports/sky130hd/chia_sha256_benchmark_corrupted/slot1/5_*
rm -f  ./logs/sky130hd/chia_sha256_benchmark_corrupted/slot1/5_*
rm -rf ./results/sky130hd/chia_sha256_benchmark_corrupted/slot1/6_*.gds ./results/sky130hd/chia_sha256_benchmark_corrupted/slot1/6_*.oas ./results/sky130hd/chia_sha256_benchmark_corrupted/slot1/6_*.odb ./results/sky130hd/chia_sha256_benchmark_corrupted/slot1/6_*.v ./results/sky130hd/chia_sha256_benchmark_corrupted/slot1/6_*.def ./results/sky130hd/chia_sha256_benchmark_corrupted/slot1/6_*.sdc ./results/sky130hd/chia_sha256_benchmark_corrupted/slot1/6_*.spef
rm -rf ./reports/sky130hd/chia_sha256_benchmark_corrupted/slot1/6_*.rpt
rm -f  ./logs/sky130hd/chia_sha256_benchmark_corrupted/slot1/6_*
rm -f ./reports/sky130hd/chia_sha256_benchmark_corrupted/slot1/design-dir.txt
rm -f ./reports/sky130hd/chia_sha256_benchmark_corrupted/slot1/metadata*.*
rm -f ./results/sky130hd/chia_sha256_benchmark_corrupted/slot1/sha256.lib ./results/sky130hd/chia_sha256_benchmark_corrupted/slot1/sha256.lef
rm -rf ./objects/sky130hd/chia_sha256_benchmark_corrupted/slot1
make: Leaving directory '/root/OpenROAD-flow-scripts/flow'

STDERR:
bash: /opt/miniconda/lib/libtinfo.so.6: no version information available (required by bash)
bash: /opt/miniconda/lib/libtinfo.so.6: no version information available (required by bash)
bash: /opt/miniconda/lib/libtinfo.so.6: no version information available (required by bash)
bash: /opt/miniconda/lib/libtinfo.so.6: no version information available (required by bash)
bash: /opt/miniconda/lib/libtinfo.so.6: no version information available (required by bash)
bash: /opt/miniconda/lib/libtinfo.so.6: no version information available (required by bash)
bash: /opt/miniconda/lib/libtinfo.so.6: no version information available (required by bash)
bash: /opt/miniconda/lib/libtinfo.so.6: no version information available (required by bash)
bash: /opt/miniconda/lib/libtinfo.so.6: no version information available (required by bash)
bash: /opt/miniconda/lib/libtinfo.so.6: no version information available (required by bash)
bash: /opt/miniconda/lib/libtinfo.so.6: no version information available (required by bash)
bash: /opt/miniconda/lib/libtinfo.so.6: no version information available (required by bash)
bash: /opt/miniconda/lib/libtinfo.so.6: no version information available (required by bash)
bash: /opt/miniconda/lib/libtinfo.so.6: no version information available (required by bash)
bash: /opt/miniconda/lib/libtinfo.so.6: no version information available (required by bash)
bash: /opt/miniconda/lib/libtinfo.so.6: no version information available (required by bash)
bash: /opt/miniconda/lib/libtinfo.so.6: no version information available (required by bash)
bash: /opt/miniconda/lib/libtinfo.so.6: no version information available (required by bash)
bash: /opt/miniconda/lib/libtinfo.so.6: no version information available (required by bash)
bash: /opt/miniconda/lib/libtinfo.so.6: no version information available (required by bash)
bash: /opt/miniconda/lib/libtinfo.so.6: no version information available (required by bash)
bash: /opt/miniconda/lib/libtinfo.so.6: no version information available (required by bash)
bash: /opt/miniconda/lib/libtinfo.so.6: no version information available (required by bash)
bash: /opt/miniconda/lib/libtinfo.so.6: no version information available (required by bash)
bash: /opt/miniconda/lib/libtinfo.so.6: no version information available (required by bash)
bash: /opt/miniconda/lib/libtinfo.so.6: no version information available (required by bash)
bash: /opt/miniconda/lib/libtinfo.so.6: no version information available (required by bash)
bash: /opt/miniconda/lib/libtinfo.so.6: no version information available (required by bash)
bash: /opt/miniconda/lib/libtinfo.so.6: no version information available (required by bash)
bash: /opt/miniconda/lib/libtinfo.so.6: no version information available (required by bash)
bash: /opt/miniconda/lib/libtinfo.so.6: no version information available (required by bash)
bash: /opt/miniconda/lib/libtinfo.so.6: no version information available (required by bash)
bash: /opt/miniconda/lib/libtinfo.so.6: no version information available (required by bash)
bash: /opt/miniconda/lib/libtinfo.so.6: no version information available (required by bash)
bash: /opt/miniconda/lib/libtinfo.so.6: no version information available (required by bash)
bash: /opt/miniconda/lib/libtinfo.so.6: no version information available (required by bash)
bash: /opt/miniconda/lib/libtinfo.so.6: no version information available (required by bash)
bash: /opt/miniconda/lib/libtinfo.so.6: no version information available (required by bash)
bash: /opt/miniconda/lib/libtinfo.so.6: no version information available (required by bash)
bash: /opt/miniconda/lib/libtinfo.so.6: no version information available (required by bash)
bash: /opt/miniconda/lib/libtinfo.so.6: no version information available (required by bash)
bash: /opt/miniconda/lib/libtinfo.so.6: no version information available (required by bash)
bash: /opt/miniconda/lib/libtinfo.so.6: no version information available (required by bash)
bash: /opt/miniconda/lib/libtinfo.so.6: no version information available (required by bash)
bash: /opt/miniconda/lib/libtinfo.so.6: no version information available (required by bash)
bash: /opt/miniconda/lib/libtinfo.so.6: no version information available (required by bash)
bash: /opt/miniconda/lib/libtinfo.so.6: no version information available (required by bash)
bash: /opt/miniconda/lib/libtinfo.so.6: no version information available (required by bash)
bash: /opt/miniconda/lib/libtinfo.so.6: no version information available (required by bash)
bash: /opt/miniconda/lib/libtinfo.so.6: no version information available (required by bash)
bash: /opt/miniconda/lib/libtinfo.so.6: no version information available (required by bash)
bash: /opt/miniconda/lib/libtinfo.so.6: no version information available (required by bash)
bash: /opt/miniconda/lib/libtinfo.so.6: no version information available (required by bash)
bash: /opt/miniconda/lib/libtinfo.so.6: no version information available (required by bash)
bash: /opt/miniconda/lib/libtinfo.so.6: no version information available (required by bash)
bash: /opt/miniconda/lib/libtinfo.so.6: no version information available (required by bash)
bash: /opt/miniconda/lib/libtinfo.so.6: no version information available (required by bash)
bash: /opt/miniconda/lib/libtinfo.so.6: no version information available (required by bash)
bash: /opt/miniconda/lib/libtinfo.so.6: no version information available (required by bash)
bash: /opt/miniconda/lib/libtinfo.so.6: no version information available (required by bash)
bash: /opt/miniconda/lib/libtinfo.so.6: no version information available (required by bash)
bash: /opt/miniconda/lib/libtinfo.so.6: no version information available (required by bash)
bash: /opt/miniconda/lib/libtinfo.so.6: no version information available (required by bash)
bash: /opt/miniconda/lib/libtinfo.so.6: no version information available (required by bash)
bash: /opt/miniconda/lib/libtinfo.so.6: no version information available (required by bash)
