make: Entering directory '/root/OpenROAD-flow-scripts/flow'
./logs/sky130hd/chia_aes128_benchmark_corrupted/slot1
Log                       Ext     Elapsed/s Peak Memory/MB sha1sum result [0:20)
1_1_yosys_canonicalize    .rtlil          0             61 23d288bd8c39590b99e0
1_2_yosys                 .v             14             81 8bd23c0dd9bfdeb4bd13
1_2_yosys                 .sdc                             3ccf21bd795d2ae53eea
1_synth                   .odb            0            157 76383de37293bbeeff50
1_synth                   .sdc                             90f50fb5e4d93acdac78
2_1_floorplan             .odb            1            192 bbcb99c519e11d4d3e2a
2_1_floorplan             .sdc                             90f50fb5e4d93acdac78
2_2_floorplan_macro       .odb            0            144 bbcb99c519e11d4d3e2a
2_3_floorplan_tapcell     .odb            0            137 2baf0a8f7951587dd434
2_4_floorplan_pdn         .odb            0            155 ec1f91c209bb10c3495f
3_1_place_gp_skip_io      .odb            2            164 efe174a7194ed614446a
3_2_place_iop             .odb            0            148 e8a7751aabc0441f94fd
3_3_place_gp              .odb           13            450 b9d78bec9ff542bf9121
3_4_place_resized         .odb            3            190 b9d78bec9ff542bf9121
3_5_place_dp              .odb            4            293 256a916f827812e20e90
4_1_cts                   .odb            5            325 e31f4d103b7cfdbddeb8
5_1_grt                   .odb          171            561 bf3077d1caa86c4b3e01
5_1_grt                   .sdc                             cb269d69db229661ecbf
5_2_route                 .odb         6775           2848 70d1eb26c4dbfdfda461
5_3_fillcell              .odb            0            192 07f697fc96e9dc08d93b
6_1_fill                  .odb            0            166 07f697fc96e9dc08d93b
6_1_fill                  .sdc                             cb269d69db229661ecbf
6_1_merge                                 1            499                  N/A
6_report                                  7            432                  N/A
Total                                  6996           2848                     
mkdir -p ./reports/sky130hd/chia_aes128_benchmark_corrupted/slot1
echo /root/chia-orfs/rtl_to_gds_designs/sky130hd/chia_aes128_benchmark_corrupted > ./reports/sky130hd/chia_aes128_benchmark_corrupted/slot1/design-dir.txt
/opt/miniconda/envs/chia_env/bin/python3 /root/OpenROAD-flow-scripts/flow/util/genMetrics.py -d chia_aes128_benchmark_corrupted \
    -p sky130hd \
    -v slot1 \
    --logs ./logs/sky130hd/chia_aes128_benchmark_corrupted/slot1 \
    --reports ./reports/sky130hd/chia_aes128_benchmark_corrupted/slot1 \
    --results ./results/sky130hd/chia_aes128_benchmark_corrupted/slot1 \
    -o ./reports/sky130hd/chia_aes128_benchmark_corrupted/slot1/metadata.json 2>&1 \
    | tee /root/OpenROAD-flow-scripts/flow/reports/sky130hd/chia_aes128_benchmark_corrupted/slot1/metadata-generate.log
[WARN] not a git repo: /root/OpenROAD-flow-scripts/flow/util/../
[WARN] not a git repo: /root/OpenROAD-flow-scripts/flow/platforms/sky130hd
[WARN] Tag globalroute__timing__clock__slack not found in ./logs/sky130hd/chia_aes128_benchmark_corrupted/slot1/5_1_grt.log. Will use N/A.
[WARN] Overwriting Tag synth__runtime__total
[WARN] Overwriting Tag synth__cpu__total
[WARN] Overwriting Tag synth__mem__peak
[WARN] Overwriting Tag finish__runtime__total
[WARN] Overwriting Tag finish__cpu__total
[WARN] Overwriting Tag finish__mem__peak
/opt/miniconda/envs/chia_env/bin/python3 /root/OpenROAD-flow-scripts/flow/util/checkMetadata.py \
    -m ./reports/sky130hd/chia_aes128_benchmark_corrupted/slot1/metadata.json \
    -r /root/chia-orfs/rtl_to_gds_designs/sky130hd/chia_aes128_benchmark_corrupted/rules-slot1.json 2>&1 \
    | tee /root/OpenROAD-flow-scripts/flow/reports/sky130hd/chia_aes128_benchmark_corrupted/slot1/metadata-check.log
[WARN] File /root/chia-orfs/rtl_to_gds_designs/sky130hd/chia_aes128_benchmark_corrupted/rules-slot1.json not found
No rules
make: Leaving directory '/root/OpenROAD-flow-scripts/flow'

STDERR:
bash: /opt/miniconda/lib/libtinfo.so.6: no version information available (required by bash)
bash: /opt/miniconda/lib/libtinfo.so.6: no version information available (required by bash)
bash: /opt/miniconda/lib/libtinfo.so.6: no version information available (required by bash)
bash: /opt/miniconda/lib/libtinfo.so.6: no version information available (required by bash)
bash: /opt/miniconda/lib/libtinfo.so.6: no version information available (required by bash)
bash: /opt/miniconda/lib/libtinfo.so.6: no version information available (required by bash)
bash: /opt/miniconda/lib/libtinfo.so.6: no version information available (required by bash)
bash: /opt/miniconda/lib/libtinfo.so.6: no version information available (required by bash)
bash: /opt/miniconda/lib/libtinfo.so.6: no version information available (required by bash)
bash: /opt/miniconda/lib/libtinfo.so.6: no version information available (required by bash)
bash: /opt/miniconda/lib/libtinfo.so.6: no version information available (required by bash)
bash: /opt/miniconda/lib/libtinfo.so.6: no version information available (required by bash)
bash: /opt/miniconda/lib/libtinfo.so.6: no version information available (required by bash)
bash: /opt/miniconda/lib/libtinfo.so.6: no version information available (required by bash)
bash: /opt/miniconda/lib/libtinfo.so.6: no version information available (required by bash)
bash: /opt/miniconda/lib/libtinfo.so.6: no version information available (required by bash)
bash: /opt/miniconda/lib/libtinfo.so.6: no version information available (required by bash)
bash: /opt/miniconda/lib/libtinfo.so.6: no version information available (required by bash)
bash: /opt/miniconda/lib/libtinfo.so.6: no version information available (required by bash)
bash: /opt/miniconda/lib/libtinfo.so.6: no version information available (required by bash)
bash: /opt/miniconda/lib/libtinfo.so.6: no version information available (required by bash)
bash: /opt/miniconda/lib/libtinfo.so.6: no version information available (required by bash)
bash: /opt/miniconda/lib/libtinfo.so.6: no version information available (required by bash)
bash: /opt/miniconda/lib/libtinfo.so.6: no version information available (required by bash)
bash: /opt/miniconda/lib/libtinfo.so.6: no version information available (required by bash)
bash: /opt/miniconda/lib/libtinfo.so.6: no version information available (required by bash)
bash: /opt/miniconda/lib/libtinfo.so.6: no version information available (required by bash)
bash: /opt/miniconda/lib/libtinfo.so.6: no version information available (required by bash)
bash: /opt/miniconda/lib/libtinfo.so.6: no version information available (required by bash)
bash: /opt/miniconda/lib/libtinfo.so.6: no version information available (required by bash)
bash: /opt/miniconda/lib/libtinfo.so.6: no version information available (required by bash)
bash: /opt/miniconda/lib/libtinfo.so.6: no version information available (required by bash)
bash: /opt/miniconda/lib/libtinfo.so.6: no version information available (required by bash)
bash: /opt/miniconda/lib/libtinfo.so.6: no version information available (required by bash)
bash: /opt/miniconda/lib/libtinfo.so.6: no version information available (required by bash)
bash: /opt/miniconda/lib/libtinfo.so.6: no version information available (required by bash)
bash: /opt/miniconda/lib/libtinfo.so.6: no version information available (required by bash)
bash: /opt/miniconda/lib/libtinfo.so.6: no version information available (required by bash)
bash: /opt/miniconda/lib/libtinfo.so.6: no version information available (required by bash)
make: *** [/root/OpenROAD-flow-scripts/flow/util/utils.mk:36: metadata-check] Error 1
