make: Entering directory '/root/OpenROAD-flow-scripts/flow'
/root/OpenROAD-flow-scripts/flow/scripts/flow.sh 6_1_fill density_fill
Running density_fill.tcl, stage 6_1_fill
read_liberty /root/OpenROAD-flow-scripts/flow/platforms/sky130hs/lib/sky130_fd_sc_hs__tt_025C_1v80.lib
read_db ./results/sky130hs/gcd/slot2/5_route.odb
read_sdc ./results/sky130hs/gcd/slot2/5_route.sdc
source /root/OpenROAD-flow-scripts/flow/platforms/sky130hs/setRC.tcl
exec cp ./results/sky130hs/gcd/slot2/5_route.odb ./results/sky130hs/gcd/slot2/6_1_fill.odb
Log                       Ext     Elapsed/s Peak Memory/MB sha1sum result [0:20)
6_1_fill                  .odb            0            143 e5103cfa2ebb2c9bed11
cp ./results/sky130hs/gcd/slot2/5_route.sdc ./results/sky130hs/gcd/slot2/6_1_fill.sdc
/root/OpenROAD-flow-scripts/flow/scripts/flow.sh 6_report final_report
Running final_report.tcl, stage 6_report
read_liberty /root/OpenROAD-flow-scripts/flow/platforms/sky130hs/lib/sky130_fd_sc_hs__tt_025C_1v80.lib
read_db ./results/sky130hs/gcd/slot2/6_1_fill.odb
read_sdc ./results/sky130hs/gcd/slot2/6_1_fill.sdc
source /root/OpenROAD-flow-scripts/flow/platforms/sky130hs/setRC.tcl
[WARNING STA-0450] virtual clock vclk_core_clock can not be propagated.
write_db ./results/sky130hs/gcd/slot2/6_final.odb
write_sdc -no_timestamp ./results/sky130hs/gcd/slot2/6_final.sdc
Deleted 0 routing obstructions
[INFO RCX-0431] Defined process_corner X with ext_model_index 0
[INFO RCX-0029] Defined extraction corner X
[WARNING RCX-0514] The ext_model_file option is deprecated. Use set_extraction_rules_file command instead.
[INFO RCX-0435] Reading extraction model file /root/OpenROAD-flow-scripts/flow/platforms/sky130hs/rcx_patterns.rules ...
[INFO RCX-0436] RC segment generation gcd (max_merge_res 50.0) ...
[INFO RCX-0040] Final 1562 rc segments
[INFO RCX-0439] Coupling Cap extraction gcd ...
[INFO RCX-0440] Coupling threshhold is 0.1000 fF, coupling capacitance less than 0.1000 fF will be grounded.
[INFO RCX-0442] 52% of 3105 wires extracted
[INFO RCX-0442] 100% of 3105 wires extracted
[INFO RCX-0045] Extract 530 nets, 2092 rsegs, 2092 caps, 3422 ccs
[INFO RCX-0443] 530 nets finished
[INFO PSM-0040] All shapes on net VDD are connected.
########## IR report #################
Net              : VDD
Corner           : default
Total power      : 4.58e-03 W
Supply voltage   : 1.80e+00 V
Worstcase voltage: 1.80e+00 V
Average voltage  : 1.80e+00 V
Average IR drop  : 2.98e-04 V
Worstcase IR drop: 1.16e-03 V
Percentage drop  : 0.06 %
######################################
[INFO PSM-0040] All shapes on net VSS are connected.
########## IR report #################
Net              : VSS
Corner           : default
Total power      : 4.58e-03 W
Supply voltage   : 0.00e+00 V
Worstcase voltage: 4.01e-04 V
Average voltage  : 1.83e-04 V
Average IR drop  : 1.83e-04 V
Worstcase IR drop: 4.01e-04 V
Percentage drop  : 0.02 %
######################################
Cell type report:                       Count       Area
  Fill cell                               378    1670.33
  Tap cell                                 65     103.90
  Clock buffer                              5      87.91
  Timing Repair Buffer                    111     727.27
  Inverter                                 25     129.47
  Clock inverter                            3      20.78
  Sequential cell                          35    1462.54
  Multi-Input combinational cell          318    2357.64
  Total                                   940    6559.83
Report metrics stage 6, finish...

==========================================================================
finish report_design_area
--------------------------------------------------------------------------
Design area 4890 um^2 75% utilization.
[WARNING GUI-0076] QStandardPaths: XDG_RUNTIME_DIR not set, defaulting to '/tmp/runtime-root'
Log                       Ext     Elapsed/s Peak Memory/MB sha1sum result [0:20)
6_report                                  1            204                  N/A
cp /root/OpenROAD-flow-scripts/flow/platforms/sky130hs/lef/sky130_fd_sc_hs.tlef ./objects/sky130hs/gcd/slot2/klayout_tech.lef
/opt/miniconda/envs/chia_env/bin/python3 /root/OpenROAD-flow-scripts/flow/util/generate_klayout_tech.py \
	--template /root/OpenROAD-flow-scripts/flow/platforms/sky130hs/sky130hs.lyt \
	--output ./objects/sky130hs/gcd/slot2/klayout.lyt \
	--lef-files ./objects/sky130hs/gcd/slot2/klayout_tech.lef /root/OpenROAD-flow-scripts/flow/platforms/sky130hs/lef/sky130_fd_sc_hs_merged.lef   \
	--map-files 
/opt/miniconda/envs/chia_env/bin/python3 /root/OpenROAD-flow-scripts/flow/scripts/run_command.py --log /root/OpenROAD-flow-scripts/flow/logs/sky130hs/gcd/slot2/6_1_merge.log --tee -- \
        /root/OpenROAD-flow-scripts/flow/scripts/klayout.sh -zz -rd design_name=gcd \
        -rd in_def=./results/sky130hs/gcd/slot2/6_final.def \
        -rd in_files="/root/OpenROAD-flow-scripts/flow/platforms/sky130hs/gds/sky130_fd_sc_hs.gds  " \
        -rd seal_file="" \
        -rd out_file=./results/sky130hs/gcd/slot2/6_1_merged.gds \
        -rd tech_file=./objects/sky130hs/gcd/slot2/klayout.lyt \
        -rd layer_map= \
        -r /root/OpenROAD-flow-scripts/flow/util/def2stream.py
bash: /opt/miniconda/lib/libtinfo.so.6: no version information available (required by bash)
KLayout 0.30.7
[INFO] Reporting cells prior to loading DEF ...
	/root/OpenROAD-flow-scripts/flow/platforms/sky130hs/gds/sky130_fd_sc_hs.gds
[INFO] All LEF cells have matching GDS/OAS cells
[INFO] No orphan cells in the final layout
cp results/sky130hs/gcd/slot2/6_1_merged.gds results/sky130hs/gcd/slot2/6_final.gds
./logs/sky130hs/gcd/slot2
Log                       Ext     Elapsed/s Peak Memory/MB sha1sum result [0:20)
1_1_yosys_canonicalize    .rtlil          0            121 2e75b25be8e5a7e88cdf
1_2_yosys                 .v              0            123 1c0f31d55e53b1392ca7
1_2_yosys                 .sdc                             384152769139571bf33e
1_synth                   .odb            0            145 80fc2cf135103259ee5c
1_synth                   .sdc                             42875bae8708fa3842e5
2_1_floorplan             .odb            0            164 eced06aa805ad4137371
2_1_floorplan             .sdc                             42875bae8708fa3842e5
2_2_floorplan_macro       .odb            0            143 eced06aa805ad4137371
2_3_floorplan_tapcell     .odb            0            143 31f7fbc5684ac6ba47f3
2_4_floorplan_pdn         .odb            0            145 121fb8e1cc8b8931db03
3_1_place_gp_skip_io      .odb            0            145 fa496d9d10f32a2f5a62
3_2_place_iop             .odb            0            144 29527ef1737b74533204
3_3_place_gp              .odb            1            270 e50f4268cbb44fa258d5
3_4_place_resized         .odb            0            164 2767c86b6993c45dadfd
3_5_place_dp              .odb            0            148 e4bdf9faa39ae8eb880b
4_1_cts                   .odb            2            186 1d6f0edb3f7fe8059dca
5_1_grt                   .odb            8            276 b8f55a923047149678fe
5_1_grt                   .sdc                             466790a08fb9be30051a
5_2_route                 .odb           20            613 3ec1acc8296bdd12a635
5_3_fillcell              .odb            0            147 e5103cfa2ebb2c9bed11
6_1_fill                  .odb            0            143 e5103cfa2ebb2c9bed11
6_1_fill                  .sdc                             466790a08fb9be30051a
6_1_merge                                 1            429                  N/A
6_report                                  1            204                  N/A
Total                                    33            613                     
make: Leaving directory '/root/OpenROAD-flow-scripts/flow'

STDERR:
bash: /opt/miniconda/lib/libtinfo.so.6: no version information available (required by bash)
bash: /opt/miniconda/lib/libtinfo.so.6: no version information available (required by bash)
bash: /opt/miniconda/lib/libtinfo.so.6: no version information available (required by bash)
bash: /opt/miniconda/lib/libtinfo.so.6: no version information available (required by bash)
bash: /opt/miniconda/lib/libtinfo.so.6: no version information available (required by bash)
bash: /opt/miniconda/lib/libtinfo.so.6: no version information available (required by bash)
bash: /opt/miniconda/lib/libtinfo.so.6: no version information available (required by bash)
bash: /opt/miniconda/lib/libtinfo.so.6: no version information available (required by bash)
bash: /opt/miniconda/lib/libtinfo.so.6: no version information available (required by bash)
bash: /opt/miniconda/lib/libtinfo.so.6: no version information available (required by bash)
bash: /opt/miniconda/lib/libtinfo.so.6: no version information available (required by bash)
bash: /opt/miniconda/lib/libtinfo.so.6: no version information available (required by bash)
bash: /opt/miniconda/lib/libtinfo.so.6: no version information available (required by bash)
bash: /opt/miniconda/lib/libtinfo.so.6: no version information available (required by bash)
bash: /opt/miniconda/lib/libtinfo.so.6: no version information available (required by bash)
bash: /opt/miniconda/lib/libtinfo.so.6: no version information available (required by bash)
bash: /opt/miniconda/lib/libtinfo.so.6: no version information available (required by bash)
bash: /opt/miniconda/lib/libtinfo.so.6: no version information available (required by bash)
bash: /opt/miniconda/lib/libtinfo.so.6: no version information available (required by bash)
bash: /opt/miniconda/lib/libtinfo.so.6: no version information available (required by bash)
bash: /opt/miniconda/lib/libtinfo.so.6: no version information available (required by bash)
bash: /opt/miniconda/lib/libtinfo.so.6: no version information available (required by bash)
bash: /opt/miniconda/lib/libtinfo.so.6: no version information available (required by bash)
bash: /opt/miniconda/lib/libtinfo.so.6: no version information available (required by bash)
Elapsed time: 0:00.73[h:]min:sec. CPU time: user 0.67 sys 0.06 (99%). Peak memory: 147376KB.
bash: /opt/miniconda/lib/libtinfo.so.6: no version information available (required by bash)
bash: /opt/miniconda/lib/libtinfo.so.6: no version information available (required by bash)
bash: /opt/miniconda/lib/libtinfo.so.6: no version information available (required by bash)
bash: /opt/miniconda/lib/libtinfo.so.6: no version information available (required by bash)
bash: /opt/miniconda/lib/libtinfo.so.6: no version information available (required by bash)
bash: /opt/miniconda/lib/libtinfo.so.6: no version information available (required by bash)
bash: /opt/miniconda/lib/libtinfo.so.6: no version information available (required by bash)
bash: /opt/miniconda/lib/libtinfo.so.6: no version information available (required by bash)
bash: /opt/miniconda/lib/libtinfo.so.6: no version information available (required by bash)
bash: /opt/miniconda/lib/libtinfo.so.6: no version information available (required by bash)
bash: /opt/miniconda/lib/libtinfo.so.6: no version information available (required by bash)
bash: /opt/miniconda/lib/libtinfo.so.6: no version information available (required by bash)
bash: /opt/miniconda/lib/libtinfo.so.6: no version information available (required by bash)
bash: /opt/miniconda/lib/libtinfo.so.6: no version information available (required by bash)
bash: /opt/miniconda/lib/libtinfo.so.6: no version information available (required by bash)
bash: /opt/miniconda/lib/libtinfo.so.6: no version information available (required by bash)
bash: /opt/miniconda/lib/libtinfo.so.6: no version information available (required by bash)
bash: /opt/miniconda/lib/libtinfo.so.6: no version information available (required by bash)
bash: /opt/miniconda/lib/libtinfo.so.6: no version information available (required by bash)
bash: /opt/miniconda/lib/libtinfo.so.6: no version information available (required by bash)
bash: /opt/miniconda/lib/libtinfo.so.6: no version information available (required by bash)
bash: /opt/miniconda/lib/libtinfo.so.6: no version information available (required by bash)
bash: /opt/miniconda/lib/libtinfo.so.6: no version information available (required by bash)
bash: /opt/miniconda/lib/libtinfo.so.6: no version information available (required by bash)
bash: /opt/miniconda/lib/libtinfo.so.6: no version information available (required by bash)
bash: /opt/miniconda/lib/libtinfo.so.6: no version information available (required by bash)
bash: /opt/miniconda/lib/libtinfo.so.6: no version information available (required by bash)
Elapsed time: 0:01.55[h:]min:sec. CPU time: user 1.43 sys 0.13 (100%). Peak memory: 209588KB.
bash: /opt/miniconda/lib/libtinfo.so.6: no version information available (required by bash)
bash: /opt/miniconda/lib/libtinfo.so.6: no version information available (required by bash)
bash: /opt/miniconda/lib/libtinfo.so.6: no version information available (required by bash)
bash: /opt/miniconda/lib/libtinfo.so.6: no version information available (required by bash)
bash: /opt/miniconda/lib/libtinfo.so.6: no version information available (required by bash)
bash: /opt/miniconda/lib/libtinfo.so.6: no version information available (required by bash)
bash: /opt/miniconda/lib/libtinfo.so.6: no version information available (required by bash)
bash: /opt/miniconda/lib/libtinfo.so.6: no version information available (required by bash)
bash: /opt/miniconda/lib/libtinfo.so.6: no version information available (required by bash)
bash: /opt/miniconda/lib/libtinfo.so.6: no version information available (required by bash)
bash: /opt/miniconda/lib/libtinfo.so.6: no version information available (required by bash)
bash: /opt/miniconda/lib/libtinfo.so.6: no version information available (required by bash)
bash: /opt/miniconda/lib/libtinfo.so.6: no version information available (required by bash)
bash: /opt/miniconda/lib/libtinfo.so.6: no version information available (required by bash)
bash: /opt/miniconda/lib/libtinfo.so.6: no version information available (required by bash)
bash: /opt/miniconda/lib/libtinfo.so.6: no version information available (required by bash)
bash: /opt/miniconda/lib/libtinfo.so.6: no version information available (required by bash)
bash: /opt/miniconda/lib/libtinfo.so.6: no version information available (required by bash)
bash: /opt/miniconda/lib/libtinfo.so.6: no version information available (required by bash)
bash: /opt/miniconda/lib/libtinfo.so.6: no version information available (required by bash)
bash: /opt/miniconda/lib/libtinfo.so.6: no version information available (required by bash)
bash: /opt/miniconda/lib/libtinfo.so.6: no version information available (required by bash)
bash: /opt/miniconda/lib/libtinfo.so.6: no version information available (required by bash)
bash: /opt/miniconda/lib/libtinfo.so.6: no version information available (required by bash)
bash: /opt/miniconda/lib/libtinfo.so.6: no version information available (required by bash)
bash: /opt/miniconda/lib/libtinfo.so.6: no version information available (required by bash)
bash: /opt/miniconda/lib/libtinfo.so.6: no version information available (required by bash)
bash: /opt/miniconda/lib/libtinfo.so.6: no version information available (required by bash)
bash: /opt/miniconda/lib/libtinfo.so.6: no version information available (required by bash)
bash: /opt/miniconda/lib/libtinfo.so.6: no version information available (required by bash)
bash: /opt/miniconda/lib/libtinfo.so.6: no version information available (required by bash)
bash: /opt/miniconda/lib/libtinfo.so.6: no version information available (required by bash)
bash: /opt/miniconda/lib/libtinfo.so.6: no version information available (required by bash)
bash: /opt/miniconda/lib/libtinfo.so.6: no version information available (required by bash)
bash: /opt/miniconda/lib/libtinfo.so.6: no version information available (required by bash)
bash: /opt/miniconda/lib/libtinfo.so.6: no version information available (required by bash)
bash: /opt/miniconda/lib/libtinfo.so.6: no version information available (required by bash)
bash: /opt/miniconda/lib/libtinfo.so.6: no version information available (required by bash)
bash: /opt/miniconda/lib/libtinfo.so.6: no version information available (required by bash)
bash: /opt/miniconda/lib/libtinfo.so.6: no version information available (required by bash)
bash: /opt/miniconda/lib/libtinfo.so.6: no version information available (required by bash)
bash: /opt/miniconda/lib/libtinfo.so.6: no version information available (required by bash)
bash: /opt/miniconda/lib/libtinfo.so.6: no version information available (required by bash)
bash: /opt/miniconda/lib/libtinfo.so.6: no version information available (required by bash)
bash: /opt/miniconda/lib/libtinfo.so.6: no version information available (required by bash)
Elapsed time: 0:01.01[h:]min:sec. CPU time: user 0.88 sys 0.11 (99%). Peak memory: 440252KB.
bash: /opt/miniconda/lib/libtinfo.so.6: no version information available (required by bash)
bash: /opt/miniconda/lib/libtinfo.so.6: no version information available (required by bash)
bash: /opt/miniconda/lib/libtinfo.so.6: no version information available (required by bash)
bash: /opt/miniconda/lib/libtinfo.so.6: no version information available (required by bash)
bash: /opt/miniconda/lib/libtinfo.so.6: no version information available (required by bash)
bash: /opt/miniconda/lib/libtinfo.so.6: no version information available (required by bash)
bash: /opt/miniconda/lib/libtinfo.so.6: no version information available (required by bash)
bash: /opt/miniconda/lib/libtinfo.so.6: no version information available (required by bash)
bash: /opt/miniconda/lib/libtinfo.so.6: no version information available (required by bash)
bash: /opt/miniconda/lib/libtinfo.so.6: no version information available (required by bash)
bash: /opt/miniconda/lib/libtinfo.so.6: no version information available (required by bash)
bash: /opt/miniconda/lib/libtinfo.so.6: no version information available (required by bash)
bash: /opt/miniconda/lib/libtinfo.so.6: no version information available (required by bash)
bash: /opt/miniconda/lib/libtinfo.so.6: no version information available (required by bash)
bash: /opt/miniconda/lib/libtinfo.so.6: no version information available (required by bash)
bash: /opt/miniconda/lib/libtinfo.so.6: no version information available (required by bash)
bash: /opt/miniconda/lib/libtinfo.so.6: no version information available (required by bash)
