
==========================================================================
global route report_tns
--------------------------------------------------------------------------
tns max 0.00

==========================================================================
global route report_wns
--------------------------------------------------------------------------
wns max 0.00

==========================================================================
global route report_worst_slack
--------------------------------------------------------------------------
worst slack max 2.75

==========================================================================
global route report_clock_min_period
--------------------------------------------------------------------------
vclk period_min = 7.25 fmax = 137.88

==========================================================================
global route report_clock_skew
--------------------------------------------------------------------------
Clock vclk
No launch/capture paths found.


==========================================================================
global route report_checks -path_delay min
--------------------------------------------------------------------------
Startpoint: data_in[36] (input port clocked by vclk)
Endpoint: codeword[43] (output port clocked by vclk)
Path Group: vclk
Path Type: min

Fanout     Cap    Slew   Delay    Time   Description
-----------------------------------------------------------------------------
                  0.00    0.00    0.00   clock vclk (rise edge)
                          0.00    0.00   clock network delay (ideal)
                          2.00    2.00 v input external delay
     1    0.00    0.00    0.00    2.00 v data_in[36] (in)
                                         data_in[36] (net)
                  0.00    0.00    2.00 v input30/A (sky130_fd_sc_hd__clkdlybuf4s50_1)
     2    0.01    0.07    0.42    2.42 v input30/X (sky130_fd_sc_hd__clkdlybuf4s50_1)
                                         net30 (net)
                  0.07    0.00    2.42 v output102/A (sky130_fd_sc_hd__clkdlybuf4s50_1)
     1    0.00    0.05    0.43    2.85 v output102/X (sky130_fd_sc_hd__clkdlybuf4s50_1)
                                         codeword[43] (net)
                  0.05    0.00    2.85 v codeword[43] (out)
                                  2.85   data arrival time

                  0.00    0.00    0.00   clock vclk (rise edge)
                          0.00    0.00   clock network delay (ideal)
                          0.00    0.00   clock reconvergence pessimism
                         -2.00   -2.00   output external delay
                                 -2.00   data required time
-----------------------------------------------------------------------------
                                 -2.00   data required time
                                 -2.85   data arrival time
-----------------------------------------------------------------------------
                                  4.85   slack (MET)



==========================================================================
global route report_checks -path_delay max
--------------------------------------------------------------------------
Startpoint: data_in[40] (input port clocked by vclk)
Endpoint: codeword[0] (output port clocked by vclk)
Path Group: vclk
Path Type: max

Fanout     Cap    Slew   Delay    Time   Description
-----------------------------------------------------------------------------
                  0.00    0.00    0.00   clock vclk (rise edge)
                          0.00    0.00   clock network delay (ideal)
                          2.00    2.00 ^ input external delay
     1    0.00    0.00    0.00    2.00 ^ data_in[40] (in)
                                         data_in[40] (net)
                  0.00    0.00    2.00 ^ input35/A (sky130_fd_sc_hd__clkdlybuf4s50_1)
     3    0.02    0.16    0.54    2.54 ^ input35/X (sky130_fd_sc_hd__clkdlybuf4s50_1)
                                         net35 (net)
                  0.16    0.00    2.54 ^ _107_/B (sky130_fd_sc_hd__xnor3_2)
     3    0.02    0.12    0.42    2.97 v _107_/X (sky130_fd_sc_hd__xnor3_2)
                                         _081_ (net)
                  0.12    0.00    2.97 v _109_/B (sky130_fd_sc_hd__xnor3_2)
     2    0.02    0.12    0.45    3.42 v _109_/X (sky130_fd_sc_hd__xnor3_2)
                                         _083_ (net)
                  0.12    0.00    3.42 v _112_/A (sky130_fd_sc_hd__xor2_2)
     2    0.01    0.19    0.24    3.66 ^ _112_/X (sky130_fd_sc_hd__xor2_2)
                                         _086_ (net)
                  0.19    0.00    3.66 ^ _129_/A (sky130_fd_sc_hd__xnor3_1)
     2    0.01    0.11    0.49    4.14 v _129_/X (sky130_fd_sc_hd__xnor3_1)
                                         _103_ (net)
                  0.11    0.00    4.14 v _220_/A (sky130_fd_sc_hd__xnor3_1)
     1    0.01    0.08    0.40    4.55 v _220_/X (sky130_fd_sc_hd__xnor3_1)
                                         _080_ (net)
                  0.08    0.00    4.55 v _221_/C (sky130_fd_sc_hd__xnor3_1)
     1    0.01    0.08    0.23    4.77 ^ _221_/X (sky130_fd_sc_hd__xnor3_1)
                                         net65 (net)
                  0.08    0.00    4.77 ^ output65/A (sky130_fd_sc_hd__clkdlybuf4s50_1)
     1    0.00    0.05    0.48    5.25 ^ output65/X (sky130_fd_sc_hd__clkdlybuf4s50_1)
                                         codeword[0] (net)
                  0.05    0.00    5.25 ^ codeword[0] (out)
                                  5.25   data arrival time

                  0.00   10.00   10.00   clock vclk (rise edge)
                          0.00   10.00   clock network delay (ideal)
                          0.00   10.00   clock reconvergence pessimism
                         -2.00    8.00   output external delay
                                  8.00   data required time
-----------------------------------------------------------------------------
                                  8.00   data required time
                                 -5.25   data arrival time
-----------------------------------------------------------------------------
                                  2.75   slack (MET)



==========================================================================
global route report_checks -unconstrained
--------------------------------------------------------------------------
Startpoint: data_in[40] (input port clocked by vclk)
Endpoint: codeword[0] (output port clocked by vclk)
Path Group: vclk
Path Type: max

Fanout     Cap    Slew   Delay    Time   Description
-----------------------------------------------------------------------------
                  0.00    0.00    0.00   clock vclk (rise edge)
                          0.00    0.00   clock network delay (ideal)
                          2.00    2.00 ^ input external delay
     1    0.00    0.00    0.00    2.00 ^ data_in[40] (in)
                                         data_in[40] (net)
                  0.00    0.00    2.00 ^ input35/A (sky130_fd_sc_hd__clkdlybuf4s50_1)
     3    0.02    0.16    0.54    2.54 ^ input35/X (sky130_fd_sc_hd__clkdlybuf4s50_1)
                                         net35 (net)
                  0.16    0.00    2.54 ^ _107_/B (sky130_fd_sc_hd__xnor3_2)
     3    0.02    0.12    0.42    2.97 v _107_/X (sky130_fd_sc_hd__xnor3_2)
                                         _081_ (net)
                  0.12    0.00    2.97 v _109_/B (sky130_fd_sc_hd__xnor3_2)
     2    0.02    0.12    0.45    3.42 v _109_/X (sky130_fd_sc_hd__xnor3_2)
                                         _083_ (net)
                  0.12    0.00    3.42 v _112_/A (sky130_fd_sc_hd__xor2_2)
     2    0.01    0.19    0.24    3.66 ^ _112_/X (sky130_fd_sc_hd__xor2_2)
                                         _086_ (net)
                  0.19    0.00    3.66 ^ _129_/A (sky130_fd_sc_hd__xnor3_1)
     2    0.01    0.11    0.49    4.14 v _129_/X (sky130_fd_sc_hd__xnor3_1)
                                         _103_ (net)
                  0.11    0.00    4.14 v _220_/A (sky130_fd_sc_hd__xnor3_1)
     1    0.01    0.08    0.40    4.55 v _220_/X (sky130_fd_sc_hd__xnor3_1)
                                         _080_ (net)
                  0.08    0.00    4.55 v _221_/C (sky130_fd_sc_hd__xnor3_1)
     1    0.01    0.08    0.23    4.77 ^ _221_/X (sky130_fd_sc_hd__xnor3_1)
                                         net65 (net)
                  0.08    0.00    4.77 ^ output65/A (sky130_fd_sc_hd__clkdlybuf4s50_1)
     1    0.00    0.05    0.48    5.25 ^ output65/X (sky130_fd_sc_hd__clkdlybuf4s50_1)
                                         codeword[0] (net)
                  0.05    0.00    5.25 ^ codeword[0] (out)
                                  5.25   data arrival time

                  0.00   10.00   10.00   clock vclk (rise edge)
                          0.00   10.00   clock network delay (ideal)
                          0.00   10.00   clock reconvergence pessimism
                         -2.00    8.00   output external delay
                                  8.00   data required time
-----------------------------------------------------------------------------
                                  8.00   data required time
                                 -5.25   data arrival time
-----------------------------------------------------------------------------
                                  2.75   slack (MET)



==========================================================================
global route report_check_types -max_slew -max_cap -max_fanout -violators
--------------------------------------------------------------------------

==========================================================================
global route max_slew_check_slack
--------------------------------------------------------------------------
1.0181527137756348

==========================================================================
global route max_slew_check_limit
--------------------------------------------------------------------------
1.4892979860305786

==========================================================================
global route max_slew_check_slack_limit
--------------------------------------------------------------------------
0.6836

==========================================================================
global route max_fanout_check_slack
--------------------------------------------------------------------------
1.0000000150474662e+30

==========================================================================
global route max_fanout_check_limit
--------------------------------------------------------------------------
1.0000000150474662e+30

==========================================================================
global route max_capacitance_check_slack
--------------------------------------------------------------------------
0.04895375296473503

==========================================================================
global route max_capacitance_check_limit
--------------------------------------------------------------------------
0.0695900022983551

==========================================================================
global route max_capacitance_check_slack_limit
--------------------------------------------------------------------------
0.7035

==========================================================================
global route max_slew_violation_count
--------------------------------------------------------------------------
max slew violation count 0

==========================================================================
global route max_fanout_violation_count
--------------------------------------------------------------------------
max fanout violation count 0

==========================================================================
global route max_cap_violation_count
--------------------------------------------------------------------------
max cap violation count 0

==========================================================================
global route setup_violation_count
--------------------------------------------------------------------------
setup violation count 0

==========================================================================
global route hold_violation_count
--------------------------------------------------------------------------
hold violation count 0

==========================================================================
global route critical path delay
--------------------------------------------------------------------------
5.2527

==========================================================================
global route critical path slack
--------------------------------------------------------------------------
2.7473

==========================================================================
global route slack div critical path delay
--------------------------------------------------------------------------
52.302625

==========================================================================
global route report_power
--------------------------------------------------------------------------
Group                  Internal  Switching    Leakage      Total
                          Power      Power      Power      Power (Watts)
----------------------------------------------------------------
Sequential             0.00e+00   0.00e+00   0.00e+00   0.00e+00   0.0%
Combinational          4.70e-04   2.06e-04   1.20e-09   6.76e-04 100.0%
Clock                  0.00e+00   0.00e+00   0.00e+00   0.00e+00   0.0%
Macro                  0.00e+00   0.00e+00   0.00e+00   0.00e+00   0.0%
Pad                    0.00e+00   0.00e+00   0.00e+00   0.00e+00   0.0%
----------------------------------------------------------------
Total                  4.70e-04   2.06e-04   1.20e-09   6.76e-04 100.0%
                          69.5%      30.5%       0.0%
