
==========================================================================
global route report_tns
--------------------------------------------------------------------------
tns max -6.08

==========================================================================
global route report_wns
--------------------------------------------------------------------------
wns max -0.44

==========================================================================
global route report_worst_slack
--------------------------------------------------------------------------
worst slack max -0.44

==========================================================================
global route report_clock_min_period
--------------------------------------------------------------------------
core_clock period_min = 12.94 fmax = 77.26
vclk period_min = 0.00 fmax = inf

==========================================================================
global route report_clock_skew
--------------------------------------------------------------------------
Clock core_clock
   0.93 source latency W[1762]$_DFFE_PN0P_/CLK ^
  -0.98 target latency W[50]$_DFFE_PN0P_/CLK ^
   0.00 CRPR
--------------
  -0.05 setup skew

Clock vclk
No launch/capture paths found.


==========================================================================
global route report_checks -path_delay min
--------------------------------------------------------------------------
Startpoint: rst_n (input port clocked by vclk)
Endpoint: W[834]$_DFFE_PN0P_
          (removal check against rising-edge clock core_clock)
Path Group: asynchronous
Path Type: min

Fanout     Cap    Slew   Delay    Time   Description
-----------------------------------------------------------------------------
                  0.00    0.00    0.00   clock vclk (rise edge)
                          0.00    0.00   clock network delay (ideal)
                          2.50    2.50 ^ input external delay
     1    0.02    0.00    0.00    2.50 ^ rst_n (in)
                                         rst_n (net)
                  0.00    0.00    2.50 ^ input514/A (sky130_fd_sc_hd__buf_16)
   117    0.80    0.81    0.52    3.02 ^ input514/X (sky130_fd_sc_hd__buf_16)
                                         net513 (net)
                  0.81    0.04    3.06 ^ W[834]$_DFFE_PN0P_/RESET_B (sky130_fd_sc_hd__dfrtp_1)
                                  3.06   data arrival time

                          0.00    0.00   clock core_clock (rise edge)
                          0.00    0.00   clock source latency
     2    0.12    0.00    0.00    0.00 ^ clk (in)
                                         clk (net)
                  0.01    0.00    0.00 ^ clkbuf_0_clk/A (sky130_fd_sc_hd__clkbuf_16)
     4    0.17    0.18    0.22    0.22 ^ clkbuf_0_clk/X (sky130_fd_sc_hd__clkbuf_16)
                                         clknet_0_clk (net)
                  0.18    0.01    0.23 ^ clkbuf_2_2_0_clk/A (sky130_fd_sc_hd__clkbuf_16)
     8    0.18    0.19    0.28    0.51 ^ clkbuf_2_2_0_clk/X (sky130_fd_sc_hd__clkbuf_16)
                                         clknet_2_2_0_clk (net)
                  0.19    0.01    0.52 ^ clkbuf_5_21__f_clk/A (sky130_fd_sc_hd__clkbuf_16)
     9    0.14    0.15    0.26    0.78 ^ clkbuf_5_21__f_clk/X (sky130_fd_sc_hd__clkbuf_16)
                                         clknet_5_21__leaf_clk (net)
                  0.15    0.00    0.78 ^ clkbuf_leaf_186_clk/A (sky130_fd_sc_hd__clkbuf_16)
    12    0.05    0.07    0.18    0.96 ^ clkbuf_leaf_186_clk/X (sky130_fd_sc_hd__clkbuf_16)
                                         clknet_leaf_186_clk (net)
                  0.07    0.00    0.97 ^ W[834]$_DFFE_PN0P_/CLK (sky130_fd_sc_hd__dfrtp_1)
                          0.00    0.97   clock reconvergence pessimism
                          0.53    1.50   library removal time
                                  1.50   data required time
-----------------------------------------------------------------------------
                                  1.50   data required time
                                 -3.06   data arrival time
-----------------------------------------------------------------------------
                                  1.56   slack (MET)


Startpoint: digest[162]$_DFFE_PN0P_
            (rising edge-triggered flip-flop clocked by core_clock)
Endpoint: digest[162]$_DFFE_PN0P_
          (rising edge-triggered flip-flop clocked by core_clock)
Path Group: core_clock
Path Type: min

Fanout     Cap    Slew   Delay    Time   Description
-----------------------------------------------------------------------------
                          0.00    0.00   clock core_clock (rise edge)
                          0.00    0.00   clock source latency
     2    0.12    0.00    0.00    0.00 ^ clk (in)
                                         clk (net)
                  0.01    0.00    0.00 ^ clkbuf_0_clk/A (sky130_fd_sc_hd__clkbuf_16)
     4    0.17    0.18    0.22    0.22 ^ clkbuf_0_clk/X (sky130_fd_sc_hd__clkbuf_16)
                                         clknet_0_clk (net)
                  0.18    0.01    0.23 ^ clkbuf_2_1_0_clk/A (sky130_fd_sc_hd__clkbuf_16)
     8    0.17    0.19    0.28    0.51 ^ clkbuf_2_1_0_clk/X (sky130_fd_sc_hd__clkbuf_16)
                                         clknet_2_1_0_clk (net)
                  0.19    0.01    0.52 ^ clkbuf_5_11__f_clk/A (sky130_fd_sc_hd__clkbuf_16)
     9    0.13    0.14    0.25    0.77 ^ clkbuf_5_11__f_clk/X (sky130_fd_sc_hd__clkbuf_16)
                                         clknet_5_11__leaf_clk (net)
                  0.14    0.00    0.77 ^ clkbuf_leaf_65_clk/A (sky130_fd_sc_hd__clkbuf_16)
     9    0.04    0.06    0.17    0.94 ^ clkbuf_leaf_65_clk/X (sky130_fd_sc_hd__clkbuf_16)
                                         clknet_leaf_65_clk (net)
                  0.06    0.00    0.95 ^ digest[162]$_DFFE_PN0P_/CLK (sky130_fd_sc_hd__dfrtp_1)
     2    0.01    0.08    0.35    1.29 ^ digest[162]$_DFFE_PN0P_/Q (sky130_fd_sc_hd__dfrtp_1)
                                         net584 (net)
                  0.08    0.00    1.29 ^ _18407_/A (sky130_fd_sc_hd__nand2_1)
     1    0.00    0.04    0.05    1.35 v _18407_/Y (sky130_fd_sc_hd__nand2_1)
                                         _04663_ (net)
                  0.04    0.00    1.35 v _18408_/B (sky130_fd_sc_hd__nand2_1)
     1    0.00    0.04    0.06    1.40 ^ _18408_/Y (sky130_fd_sc_hd__nand2_1)
                                         _00860_ (net)
                  0.04    0.00    1.40 ^ digest[162]$_DFFE_PN0P_/D (sky130_fd_sc_hd__dfrtp_1)
                                  1.40   data arrival time

                          0.00    0.00   clock core_clock (rise edge)
                          0.00    0.00   clock source latency
     2    0.12    0.00    0.00    0.00 ^ clk (in)
                                         clk (net)
                  0.01    0.00    0.00 ^ clkbuf_0_clk/A (sky130_fd_sc_hd__clkbuf_16)
     4    0.17    0.18    0.22    0.22 ^ clkbuf_0_clk/X (sky130_fd_sc_hd__clkbuf_16)
                                         clknet_0_clk (net)
                  0.18    0.01    0.23 ^ clkbuf_2_1_0_clk/A (sky130_fd_sc_hd__clkbuf_16)
     8    0.17    0.19    0.28    0.51 ^ clkbuf_2_1_0_clk/X (sky130_fd_sc_hd__clkbuf_16)
                                         clknet_2_1_0_clk (net)
                  0.19    0.01    0.52 ^ clkbuf_5_11__f_clk/A (sky130_fd_sc_hd__clkbuf_16)
     9    0.13    0.14    0.25    0.77 ^ clkbuf_5_11__f_clk/X (sky130_fd_sc_hd__clkbuf_16)
                                         clknet_5_11__leaf_clk (net)
                  0.14    0.00    0.77 ^ clkbuf_leaf_65_clk/A (sky130_fd_sc_hd__clkbuf_16)
     9    0.04    0.06    0.17    0.94 ^ clkbuf_leaf_65_clk/X (sky130_fd_sc_hd__clkbuf_16)
                                         clknet_leaf_65_clk (net)
                  0.06    0.00    0.95 ^ digest[162]$_DFFE_PN0P_/CLK (sky130_fd_sc_hd__dfrtp_1)
                          0.00    0.95   clock reconvergence pessimism
                         -0.03    0.91   library hold time
                                  0.91   data required time
-----------------------------------------------------------------------------
                                  0.91   data required time
                                 -1.40   data arrival time
-----------------------------------------------------------------------------
                                  0.49   slack (MET)


Startpoint: digest[157]$_DFFE_PN0P_
            (rising edge-triggered flip-flop clocked by core_clock)
Endpoint: digest[157] (output port clocked by vclk)
Path Group: vclk
Path Type: min

Fanout     Cap    Slew   Delay    Time   Description
-----------------------------------------------------------------------------
                          0.00    0.00   clock core_clock (rise edge)
                          0.00    0.00   clock source latency
     2    0.12    0.00    0.00    0.00 ^ clk (in)
                                         clk (net)
                  0.01    0.00    0.00 ^ clkbuf_0_clk/A (sky130_fd_sc_hd__clkbuf_16)
     4    0.17    0.18    0.22    0.22 ^ clkbuf_0_clk/X (sky130_fd_sc_hd__clkbuf_16)
                                         clknet_0_clk (net)
                  0.18    0.01    0.23 ^ clkbuf_2_1_0_clk/A (sky130_fd_sc_hd__clkbuf_16)
     8    0.17    0.19    0.28    0.51 ^ clkbuf_2_1_0_clk/X (sky130_fd_sc_hd__clkbuf_16)
                                         clknet_2_1_0_clk (net)
                  0.19    0.01    0.52 ^ clkbuf_5_11__f_clk/A (sky130_fd_sc_hd__clkbuf_16)
     9    0.13    0.14    0.25    0.77 ^ clkbuf_5_11__f_clk/X (sky130_fd_sc_hd__clkbuf_16)
                                         clknet_5_11__leaf_clk (net)
                  0.14    0.00    0.77 ^ clkbuf_leaf_65_clk/A (sky130_fd_sc_hd__clkbuf_16)
     9    0.04    0.06    0.17    0.94 ^ clkbuf_leaf_65_clk/X (sky130_fd_sc_hd__clkbuf_16)
                                         clknet_leaf_65_clk (net)
                  0.06    0.00    0.95 ^ digest[157]$_DFFE_PN0P_/CLK (sky130_fd_sc_hd__dfrtp_1)
     2    0.01    0.05    0.37    1.32 v digest[157]$_DFFE_PN0P_/Q (sky130_fd_sc_hd__dfrtp_1)
                                         net578 (net)
                  0.05    0.00    1.32 v output579/A (sky130_fd_sc_hd__clkdlybuf4s50_1)
     1    0.00    0.05    0.42    1.74 v output579/X (sky130_fd_sc_hd__clkdlybuf4s50_1)
                                         digest[157] (net)
                  0.05    0.00    1.74 v digest[157] (out)
                                  1.74   data arrival time

                  0.00    0.00    0.00   clock vclk (rise edge)
                          0.00    0.00   clock network delay (ideal)
                          0.00    0.00   clock reconvergence pessimism
                         -2.50   -2.50   output external delay
                                 -2.50   data required time
-----------------------------------------------------------------------------
                                 -2.50   data required time
                                 -1.74   data arrival time
-----------------------------------------------------------------------------
                                  4.24   slack (MET)



==========================================================================
global route report_checks -path_delay max
--------------------------------------------------------------------------
Startpoint: rst_n (input port clocked by vclk)
Endpoint: W[1244]$_DFFE_PN0P_
          (recovery check against rising-edge clock core_clock)
Path Group: asynchronous
Path Type: max

Fanout     Cap    Slew   Delay    Time   Description
-----------------------------------------------------------------------------
                  0.00    0.00    0.00   clock vclk (rise edge)
                          0.00    0.00   clock network delay (ideal)
                          2.50    2.50 ^ input external delay
     1    0.02    0.00    0.00    2.50 ^ rst_n (in)
                                         rst_n (net)
                  0.00    0.00    2.50 ^ input514/A (sky130_fd_sc_hd__buf_16)
   117    0.80    0.81    0.52    3.02 ^ input514/X (sky130_fd_sc_hd__buf_16)
                                         net513 (net)
                  0.84    0.11    3.13 ^ place3994/A (sky130_fd_sc_hd__buf_4)
    33    0.20    0.53    0.59    3.72 ^ place3994/X (sky130_fd_sc_hd__buf_4)
                                         net3993 (net)
                  0.54    0.03    3.75 ^ place3993/A (sky130_fd_sc_hd__buf_4)
    59    0.37    0.99    0.84    4.59 ^ place3993/X (sky130_fd_sc_hd__buf_4)
                                         net3992 (net)
                  0.99    0.06    4.64 ^ place3992/A (sky130_fd_sc_hd__buf_12)
   155    0.88    0.98    0.77    5.41 ^ place3992/X (sky130_fd_sc_hd__buf_12)
                                         net3991 (net)
                  1.02    0.16    5.57 ^ W[1244]$_DFFE_PN0P_/RESET_B (sky130_fd_sc_hd__dfrtp_1)
                                  5.57   data arrival time

                         12.50   12.50   clock core_clock (rise edge)
                          0.00   12.50   clock source latency
     2    0.12    0.00    0.00   12.50 ^ clk (in)
                                         clk (net)
                  0.01    0.00   12.50 ^ clkbuf_0_clk/A (sky130_fd_sc_hd__clkbuf_16)
     4    0.17    0.18    0.22   12.72 ^ clkbuf_0_clk/X (sky130_fd_sc_hd__clkbuf_16)
                                         clknet_0_clk (net)
                  0.18    0.01   12.73 ^ clkbuf_2_0_0_clk/A (sky130_fd_sc_hd__clkbuf_16)
     8    0.18    0.19    0.29   13.01 ^ clkbuf_2_0_0_clk/X (sky130_fd_sc_hd__clkbuf_16)
                                         clknet_2_0_0_clk (net)
                  0.19    0.01   13.02 ^ clkbuf_5_2__f_clk/A (sky130_fd_sc_hd__clkbuf_16)
    10    0.13    0.14    0.26   13.28 ^ clkbuf_5_2__f_clk/X (sky130_fd_sc_hd__clkbuf_16)
                                         clknet_5_2__leaf_clk (net)
                  0.14    0.00   13.28 ^ clkbuf_leaf_17_clk/A (sky130_fd_sc_hd__clkbuf_16)
    12    0.04    0.06    0.18   13.46 ^ clkbuf_leaf_17_clk/X (sky130_fd_sc_hd__clkbuf_16)
                                         clknet_leaf_17_clk (net)
                  0.06    0.00   13.46 ^ W[1244]$_DFFE_PN0P_/CLK (sky130_fd_sc_hd__dfrtp_1)
                          0.00   13.46   clock reconvergence pessimism
                         -0.02   13.44   library recovery time
                                 13.44   data required time
-----------------------------------------------------------------------------
                                 13.44   data required time
                                 -5.57   data arrival time
-----------------------------------------------------------------------------
                                  7.87   slack (MET)


Startpoint: round[0]$_DFFE_PN0P_
            (rising edge-triggered flip-flop clocked by core_clock)
Endpoint: digest[255]$_DFFE_PN0P_
          (rising edge-triggered flip-flop clocked by core_clock)
Path Group: core_clock
Path Type: max

Fanout     Cap    Slew   Delay    Time   Description
-----------------------------------------------------------------------------
                          0.00    0.00   clock core_clock (rise edge)
                          0.00    0.00   clock source latency
     2    0.12    0.00    0.00    0.00 ^ clk (in)
                                         clk (net)
                  0.01    0.00    0.00 ^ clkbuf_0_clk/A (sky130_fd_sc_hd__clkbuf_16)
     4    0.17    0.18    0.22    0.22 ^ clkbuf_0_clk/X (sky130_fd_sc_hd__clkbuf_16)
                                         clknet_0_clk (net)
                  0.18    0.01    0.23 ^ clkbuf_2_1_0_clk/A (sky130_fd_sc_hd__clkbuf_16)
     8    0.17    0.19    0.28    0.51 ^ clkbuf_2_1_0_clk/X (sky130_fd_sc_hd__clkbuf_16)
                                         clknet_2_1_0_clk (net)
                  0.19    0.00    0.51 ^ clkbuf_5_12__f_clk/A (sky130_fd_sc_hd__clkbuf_16)
     5    0.12    0.14    0.25    0.76 ^ clkbuf_5_12__f_clk/X (sky130_fd_sc_hd__clkbuf_16)
                                         clknet_5_12__leaf_clk (net)
                  0.14    0.00    0.76 ^ clkbuf_leaf_32_clk/A (sky130_fd_sc_hd__clkbuf_16)
    10    0.04    0.06    0.18    0.94 ^ clkbuf_leaf_32_clk/X (sky130_fd_sc_hd__clkbuf_16)
                                         clknet_leaf_32_clk (net)
                  0.06    0.00    0.94 ^ round[0]$_DFFE_PN0P_/CLK (sky130_fd_sc_hd__dfrtp_4)
     7    0.06    0.13    0.57    1.51 v round[0]$_DFFE_PN0P_/Q (sky130_fd_sc_hd__dfrtp_4)
                                         round[0] (net)
                  0.13    0.00    1.52 v _25477_/A (sky130_fd_sc_hd__ha_4)
     3    0.03    0.10    0.34    1.86 ^ _25477_/SUM (sky130_fd_sc_hd__ha_4)
                                         _00526_ (net)
                  0.10    0.00    1.86 ^ place3659/A (sky130_fd_sc_hd__buf_12)
     9    0.15    0.17    0.20    2.06 ^ place3659/X (sky130_fd_sc_hd__buf_12)
                                         net3658 (net)
                  0.18    0.02    2.08 ^ place3642/A (sky130_fd_sc_hd__buf_12)
    16    0.13    0.15    0.21    2.29 ^ place3642/X (sky130_fd_sc_hd__buf_12)
                                         net3641 (net)
                  0.15    0.01    2.30 ^ _16024_/S0 (sky130_fd_sc_hd__mux4_2)
     1    0.01    0.09    0.53    2.84 v _16024_/X (sky130_fd_sc_hd__mux4_2)
                                         _12016_ (net)
                  0.09    0.00    2.84 v _16025_/A1 (sky130_fd_sc_hd__mux2i_2)
     1    0.02    0.32    0.30    3.14 ^ _16025_/Y (sky130_fd_sc_hd__mux2i_2)
                                         _12017_ (net)
                  0.32    0.00    3.14 ^ place3350/A (sky130_fd_sc_hd__buf_4)
     2    0.02    0.07    0.20    3.34 ^ place3350/X (sky130_fd_sc_hd__buf_4)
                                         net3349 (net)
                  0.07    0.00    3.34 ^ _24969_/A0 (sky130_fd_sc_hd__mux4_2)
     1    0.01    0.06    0.24    3.58 ^ _24969_/X (sky130_fd_sc_hd__mux4_2)
                                         _08918_ (net)
                  0.06    0.00    3.58 ^ _24970_/A1 (sky130_fd_sc_hd__mux2i_1)
     1    0.01    0.08    0.09    3.67 v _24970_/Y (sky130_fd_sc_hd__mux2i_1)
                                         _08919_ (net)
                  0.08    0.00    3.67 v place3100/A (sky130_fd_sc_hd__buf_4)
     2    0.04    0.07    0.19    3.86 v place3100/X (sky130_fd_sc_hd__buf_4)
                                         net3099 (net)
                  0.07    0.00    3.86 v _25007_/B (sky130_fd_sc_hd__xnor2_1)
     1    0.01    0.10    0.14    4.00 v _25007_/Y (sky130_fd_sc_hd__xnor2_1)
                                         _08941_ (net)
                  0.10    0.00    4.00 v _25008_/B (sky130_fd_sc_hd__xnor2_1)
     1    0.01    0.15    0.18    4.19 v _25008_/Y (sky130_fd_sc_hd__xnor2_1)
                                         _00266_ (net)
                  0.15    0.00    4.19 v _25339_/A (sky130_fd_sc_hd__fa_1)
     1    0.01    0.09    0.59    4.78 ^ _25339_/SUM (sky130_fd_sc_hd__fa_1)
                                         _12831_ (net)
                  0.09    0.00    4.78 ^ _25373_/CIN (sky130_fd_sc_hd__fa_2)
     1    0.01    0.10    0.47    5.25 v _25373_/SUM (sky130_fd_sc_hd__fa_2)
                                         _12900_ (net)
                  0.10    0.00    5.25 v _25486_/B (sky130_fd_sc_hd__ha_4)
     2    0.01    0.04    0.18    5.44 v _25486_/COUT (sky130_fd_sc_hd__ha_4)
                                         _00310_ (net)
                  0.04    0.00    5.44 v _25359_/CIN (sky130_fd_sc_hd__fa_2)
     2    0.01    0.08    0.34    5.78 v _25359_/COUT (sky130_fd_sc_hd__fa_2)
                                         _00311_ (net)
                  0.08    0.00    5.78 v _13201_/A1 (sky130_fd_sc_hd__a21o_1)
     1    0.01    0.05    0.18    5.96 v _13201_/X (sky130_fd_sc_hd__a21o_1)
                                         _09316_ (net)
                  0.05    0.00    5.96 v _13202_/A2 (sky130_fd_sc_hd__a21oi_2)
     2    0.01    0.16    0.19    6.15 ^ _13202_/Y (sky130_fd_sc_hd__a21oi_2)
                                         _09317_ (net)
                  0.16    0.00    6.15 ^ _13205_/A1 (sky130_fd_sc_hd__o211ai_1)
     2    0.01    0.12    0.16    6.31 v _13205_/Y (sky130_fd_sc_hd__o211ai_1)
                                         _09320_ (net)
                  0.12    0.00    6.31 v _13209_/A (sky130_fd_sc_hd__nand2_1)
     3    0.02    0.18    0.19    6.49 ^ _13209_/Y (sky130_fd_sc_hd__nand2_1)
                                         _09324_ (net)
                  0.18    0.00    6.50 ^ place2983/A (sky130_fd_sc_hd__buf_6)
     2    0.01    0.03    0.13    6.62 ^ place2983/X (sky130_fd_sc_hd__buf_6)
                                         net2982 (net)
                  0.03    0.00    6.62 ^ _13840_/A2 (sky130_fd_sc_hd__o21a_1)
     1    0.01    0.07    0.12    6.74 ^ _13840_/X (sky130_fd_sc_hd__o21a_1)
                                         _09945_ (net)
                  0.07    0.00    6.74 ^ _13841_/A2 (sky130_fd_sc_hd__o21ai_2)
     1    0.01    0.08    0.07    6.81 v _13841_/Y (sky130_fd_sc_hd__o21ai_2)
                                         _09946_ (net)
                  0.08    0.00    6.81 v _13842_/A1 (sky130_fd_sc_hd__a21oi_2)
     2    0.01    0.14    0.17    6.98 ^ _13842_/Y (sky130_fd_sc_hd__a21oi_2)
                                         _09947_ (net)
                  0.14    0.00    6.98 ^ _13843_/A2 (sky130_fd_sc_hd__o21bai_1)
     1    0.01    0.08    0.11    7.09 v _13843_/Y (sky130_fd_sc_hd__o21bai_1)
                                         _09948_ (net)
                  0.08    0.00    7.09 v _13844_/A1 (sky130_fd_sc_hd__a21oi_2)
     2    0.01    0.16    0.19    7.28 ^ _13844_/Y (sky130_fd_sc_hd__a21oi_2)
                                         _09949_ (net)
                  0.16    0.00    7.28 ^ place2950/A (sky130_fd_sc_hd__buf_4)
     1    0.01    0.05    0.15    7.43 ^ place2950/X (sky130_fd_sc_hd__buf_4)
                                         net2949 (net)
                  0.05    0.00    7.43 ^ _13845_/A2 (sky130_fd_sc_hd__o21bai_4)
     1    0.01    0.07    0.07    7.50 v _13845_/Y (sky130_fd_sc_hd__o21bai_4)
                                         _09950_ (net)
                  0.07    0.00    7.50 v _13846_/A2 (sky130_fd_sc_hd__a21oi_4)
     1    0.01    0.15    0.19    7.69 ^ _13846_/Y (sky130_fd_sc_hd__a21oi_4)
                                         _09951_ (net)
                  0.15    0.00    7.69 ^ _13847_/A (sky130_fd_sc_hd__xnor2_2)
     1    0.01    0.07    0.11    7.80 v _13847_/Y (sky130_fd_sc_hd__xnor2_2)
                                         _09952_ (net)
                  0.07    0.00    7.80 v _13848_/A1 (sky130_fd_sc_hd__mux2i_4)
     1    0.01    0.17    0.17    7.97 ^ _13848_/Y (sky130_fd_sc_hd__mux2i_4)
                                         _09953_ (net)
                  0.17    0.00    7.97 ^ rebuffer4091/A (sky130_fd_sc_hd__buf_12)
     2    0.05    0.07    0.16    8.13 ^ rebuffer4091/X (sky130_fd_sc_hd__buf_12)
                                         net4090 (net)
                  0.07    0.00    8.13 ^ _13851_/A (sky130_fd_sc_hd__inv_2)
     1    0.01    0.03    0.04    8.18 v _13851_/Y (sky130_fd_sc_hd__inv_2)
                                         _00182_ (net)
                  0.03    0.00    8.18 v _25301_/CIN (sky130_fd_sc_hd__fa_1)
     1    0.01    0.10    0.47    8.64 v _25301_/SUM (sky130_fd_sc_hd__fa_1)
                                         _12756_ (net)
                  0.10    0.00    8.64 v _25273_/A (sky130_fd_sc_hd__fa_1)
     1    0.01    0.11    0.53    9.17 v _25273_/SUM (sky130_fd_sc_hd__fa_1)
                                         _12667_ (net)
                  0.11    0.00    9.17 v _25244_/A (sky130_fd_sc_hd__fa_1)
     1    0.01    0.12    0.55    9.72 v _25244_/SUM (sky130_fd_sc_hd__fa_1)
                                         _12669_ (net)
                  0.12    0.00    9.72 v _25464_/B (sky130_fd_sc_hd__ha_4)
     3    0.01    0.06    0.31   10.03 ^ _25464_/SUM (sky130_fd_sc_hd__ha_4)
                                         _00502_ (net)
                  0.06    0.00   10.03 ^ _16488_/C (sky130_fd_sc_hd__nand3_1)
     1    0.00    0.07    0.09   10.12 v _16488_/Y (sky130_fd_sc_hd__nand3_1)
                                         _12457_ (net)
                  0.07    0.00   10.12 v _16494_/A3 (sky130_fd_sc_hd__o31a_1)
     1    0.01    0.06    0.26   10.38 v _16494_/X (sky130_fd_sc_hd__o31a_1)
                                         _12463_ (net)
                  0.06    0.00   10.38 v rebuffer4145/A (sky130_fd_sc_hd__buf_6)
     2    0.04    0.05    0.15   10.53 v rebuffer4145/X (sky130_fd_sc_hd__buf_6)
                                         net4144 (net)
                  0.05    0.00   10.53 v _16497_/A2 (sky130_fd_sc_hd__o21ai_4)
     2    0.03    0.22    0.21   10.74 ^ _16497_/Y (sky130_fd_sc_hd__o21ai_4)
                                         _12466_ (net)
                  0.22    0.00   10.74 ^ _16518_/A (sky130_fd_sc_hd__nor2_4)
     1    0.01    0.06    0.08   10.82 v _16518_/Y (sky130_fd_sc_hd__nor2_4)
                                         _12481_ (net)
                  0.06    0.00   10.82 v _16519_/A (sky130_fd_sc_hd__xnor2_2)
     2    0.02    0.25    0.26   11.07 ^ _16519_/Y (sky130_fd_sc_hd__xnor2_2)
                                         _00314_ (net)
                  0.25    0.00   11.08 ^ _25361_/B (sky130_fd_sc_hd__fa_1)
     1    0.01    0.12    0.51   11.59 v _25361_/SUM (sky130_fd_sc_hd__fa_1)
                                         _12874_ (net)
                  0.12    0.00   11.59 v _25430_/B (sky130_fd_sc_hd__ha_4)
     3    0.02    0.05    0.26   11.85 v _25430_/SUM (sky130_fd_sc_hd__ha_4)
                                         _00441_ (net)
                  0.05    0.00   11.85 v _17754_/B (sky130_fd_sc_hd__nand3_4)
     2    0.02    0.11    0.11   11.96 ^ _17754_/Y (sky130_fd_sc_hd__nand3_4)
                                         _04102_ (net)
                  0.11    0.00   11.96 ^ _17757_/A (sky130_fd_sc_hd__nor2_4)
     3    0.02    0.04    0.06   12.02 v _17757_/Y (sky130_fd_sc_hd__nor2_4)
                                         _04105_ (net)
                  0.04    0.00   12.02 v _17779_/A (sky130_fd_sc_hd__nand4_1)
     3    0.02    0.19    0.15   12.17 ^ _17779_/Y (sky130_fd_sc_hd__nand4_1)
                                         _04127_ (net)
                  0.19    0.00   12.17 ^ _17793_/A (sky130_fd_sc_hd__nand2_1)
     1    0.00    0.07    0.09   12.26 v _17793_/Y (sky130_fd_sc_hd__nand2_1)
                                         _04141_ (net)
                  0.07    0.00   12.26 v _17796_/A4 (sky130_fd_sc_hd__o41a_1)
     2    0.01    0.11    0.37   12.63 v _17796_/X (sky130_fd_sc_hd__o41a_1)
                                         _04144_ (net)
                  0.11    0.00   12.63 v _17797_/A2 (sky130_fd_sc_hd__a21o_1)
     2    0.01    0.06    0.23   12.86 v _17797_/X (sky130_fd_sc_hd__a21o_1)
                                         _04145_ (net)
                  0.06    0.00   12.86 v _17798_/A1 (sky130_fd_sc_hd__a21o_1)
     1    0.01    0.05    0.17   13.03 v _17798_/X (sky130_fd_sc_hd__a21o_1)
                                         _04146_ (net)
                  0.05    0.00   13.03 v _17799_/A1 (sky130_fd_sc_hd__a21oi_2)
     1    0.01    0.17    0.19   13.22 ^ _17799_/Y (sky130_fd_sc_hd__a21oi_2)
                                         _04147_ (net)
                  0.17    0.00   13.22 ^ _17800_/B (sky130_fd_sc_hd__xnor2_2)
     2    0.01    0.07    0.10   13.32 v _17800_/Y (sky130_fd_sc_hd__xnor2_2)
                                         _04148_ (net)
                  0.07    0.00   13.32 v _25050_/A (sky130_fd_sc_hd__nor3_2)
     1    0.01    0.16    0.20   13.52 ^ _25050_/Y (sky130_fd_sc_hd__nor3_2)
                                         _08972_ (net)
                  0.16    0.00   13.52 ^ _25051_/B (sky130_fd_sc_hd__xnor2_1)
     1    0.01    0.17    0.16   13.68 ^ _25051_/Y (sky130_fd_sc_hd__xnor2_1)
                                         _08973_ (net)
                  0.17    0.00   13.68 ^ _25053_/A2 (sky130_fd_sc_hd__o21ai_1)
     1    0.00    0.10    0.09   13.77 v _25053_/Y (sky130_fd_sc_hd__o21ai_1)
                                         _03136_ (net)
                  0.10    0.00   13.77 v digest[255]$_DFFE_PN0P_/D (sky130_fd_sc_hd__dfrtp_1)
                                 13.77   data arrival time

                         12.50   12.50   clock core_clock (rise edge)
                          0.00   12.50   clock source latency
     2    0.12    0.00    0.00   12.50 ^ clk (in)
                                         clk (net)
                  0.01    0.00   12.50 ^ clkbuf_0_clk/A (sky130_fd_sc_hd__clkbuf_16)
     4    0.17    0.18    0.22   12.72 ^ clkbuf_0_clk/X (sky130_fd_sc_hd__clkbuf_16)
                                         clknet_0_clk (net)
                  0.18    0.01   12.73 ^ clkbuf_2_1_0_clk/A (sky130_fd_sc_hd__clkbuf_16)
     8    0.17    0.19    0.28   13.01 ^ clkbuf_2_1_0_clk/X (sky130_fd_sc_hd__clkbuf_16)
                                         clknet_2_1_0_clk (net)
                  0.19    0.01   13.02 ^ clkbuf_5_14__f_clk/A (sky130_fd_sc_hd__clkbuf_16)
     8    0.14    0.15    0.26   13.28 ^ clkbuf_5_14__f_clk/X (sky130_fd_sc_hd__clkbuf_16)
                                         clknet_5_14__leaf_clk (net)
                  0.15    0.00   13.28 ^ clkbuf_leaf_73_clk/A (sky130_fd_sc_hd__clkbuf_16)
    11    0.04    0.06    0.18   13.46 ^ clkbuf_leaf_73_clk/X (sky130_fd_sc_hd__clkbuf_16)
                                         clknet_leaf_73_clk (net)
                  0.06    0.00   13.46 ^ digest[255]$_DFFE_PN0P_/CLK (sky130_fd_sc_hd__dfrtp_1)
                          0.00   13.46   clock reconvergence pessimism
                         -0.14   13.32   library setup time
                                 13.32   data required time
-----------------------------------------------------------------------------
                                 13.32   data required time
                                -13.77   data arrival time
-----------------------------------------------------------------------------
                                 -0.44   slack (VIOLATED)


Startpoint: digest[67]$_DFFE_PN0P_
            (rising edge-triggered flip-flop clocked by core_clock)
Endpoint: digest[67] (output port clocked by vclk)
Path Group: vclk
Path Type: max

Fanout     Cap    Slew   Delay    Time   Description
-----------------------------------------------------------------------------
                          0.00    0.00   clock core_clock (rise edge)
                          0.00    0.00   clock source latency
     2    0.12    0.00    0.00    0.00 ^ clk (in)
                                         clk (net)
                  0.01    0.00    0.00 ^ clkbuf_0_clk/A (sky130_fd_sc_hd__clkbuf_16)
     4    0.17    0.18    0.22    0.22 ^ clkbuf_0_clk/X (sky130_fd_sc_hd__clkbuf_16)
                                         clknet_0_clk (net)
                  0.18    0.01    0.23 ^ clkbuf_2_3_0_clk/A (sky130_fd_sc_hd__clkbuf_16)
     8    0.17    0.19    0.28    0.51 ^ clkbuf_2_3_0_clk/X (sky130_fd_sc_hd__clkbuf_16)
                                         clknet_2_3_0_clk (net)
                  0.19    0.01    0.52 ^ clkbuf_5_27__f_clk/A (sky130_fd_sc_hd__clkbuf_16)
     8    0.13    0.14    0.25    0.77 ^ clkbuf_5_27__f_clk/X (sky130_fd_sc_hd__clkbuf_16)
                                         clknet_5_27__leaf_clk (net)
                  0.14    0.00    0.77 ^ clkbuf_leaf_104_clk/A (sky130_fd_sc_hd__clkbuf_16)
    12    0.04    0.06    0.18    0.95 ^ clkbuf_leaf_104_clk/X (sky130_fd_sc_hd__clkbuf_16)
                                         clknet_leaf_104_clk (net)
                  0.06    0.00    0.95 ^ digest[67]$_DFFE_PN0P_/CLK (sky130_fd_sc_hd__dfrtp_1)
     2    0.01    0.11    0.38    1.33 ^ digest[67]$_DFFE_PN0P_/Q (sky130_fd_sc_hd__dfrtp_1)
                                         net734 (net)
                  0.11    0.00    1.33 ^ output735/A (sky130_fd_sc_hd__clkdlybuf4s50_1)
     1    0.05    0.45    0.78    2.11 ^ output735/X (sky130_fd_sc_hd__clkdlybuf4s50_1)
                                         digest[67] (net)
                  0.45    0.00    2.12 ^ digest[67] (out)
                                  2.12   data arrival time

                  0.00   12.50   12.50   clock vclk (rise edge)
                          0.00   12.50   clock network delay (ideal)
                          0.00   12.50   clock reconvergence pessimism
                         -2.50   10.00   output external delay
                                 10.00   data required time
-----------------------------------------------------------------------------
                                 10.00   data required time
                                 -2.12   data arrival time
-----------------------------------------------------------------------------
                                  7.88   slack (MET)



==========================================================================
global route report_checks -unconstrained
--------------------------------------------------------------------------
Startpoint: rst_n (input port clocked by vclk)
Endpoint: W[1244]$_DFFE_PN0P_
          (recovery check against rising-edge clock core_clock)
Path Group: asynchronous
Path Type: max

Fanout     Cap    Slew   Delay    Time   Description
-----------------------------------------------------------------------------
                  0.00    0.00    0.00   clock vclk (rise edge)
                          0.00    0.00   clock network delay (ideal)
                          2.50    2.50 ^ input external delay
     1    0.02    0.00    0.00    2.50 ^ rst_n (in)
                                         rst_n (net)
                  0.00    0.00    2.50 ^ input514/A (sky130_fd_sc_hd__buf_16)
   117    0.80    0.81    0.52    3.02 ^ input514/X (sky130_fd_sc_hd__buf_16)
                                         net513 (net)
                  0.84    0.11    3.13 ^ place3994/A (sky130_fd_sc_hd__buf_4)
    33    0.20    0.53    0.59    3.72 ^ place3994/X (sky130_fd_sc_hd__buf_4)
                                         net3993 (net)
                  0.54    0.03    3.75 ^ place3993/A (sky130_fd_sc_hd__buf_4)
    59    0.37    0.99    0.84    4.59 ^ place3993/X (sky130_fd_sc_hd__buf_4)
                                         net3992 (net)
                  0.99    0.06    4.64 ^ place3992/A (sky130_fd_sc_hd__buf_12)
   155    0.88    0.98    0.77    5.41 ^ place3992/X (sky130_fd_sc_hd__buf_12)
                                         net3991 (net)
                  1.02    0.16    5.57 ^ W[1244]$_DFFE_PN0P_/RESET_B (sky130_fd_sc_hd__dfrtp_1)
                                  5.57   data arrival time

                         12.50   12.50   clock core_clock (rise edge)
                          0.00   12.50   clock source latency
     2    0.12    0.00    0.00   12.50 ^ clk (in)
                                         clk (net)
                  0.01    0.00   12.50 ^ clkbuf_0_clk/A (sky130_fd_sc_hd__clkbuf_16)
     4    0.17    0.18    0.22   12.72 ^ clkbuf_0_clk/X (sky130_fd_sc_hd__clkbuf_16)
                                         clknet_0_clk (net)
                  0.18    0.01   12.73 ^ clkbuf_2_0_0_clk/A (sky130_fd_sc_hd__clkbuf_16)
     8    0.18    0.19    0.29   13.01 ^ clkbuf_2_0_0_clk/X (sky130_fd_sc_hd__clkbuf_16)
                                         clknet_2_0_0_clk (net)
                  0.19    0.01   13.02 ^ clkbuf_5_2__f_clk/A (sky130_fd_sc_hd__clkbuf_16)
    10    0.13    0.14    0.26   13.28 ^ clkbuf_5_2__f_clk/X (sky130_fd_sc_hd__clkbuf_16)
                                         clknet_5_2__leaf_clk (net)
                  0.14    0.00   13.28 ^ clkbuf_leaf_17_clk/A (sky130_fd_sc_hd__clkbuf_16)
    12    0.04    0.06    0.18   13.46 ^ clkbuf_leaf_17_clk/X (sky130_fd_sc_hd__clkbuf_16)
                                         clknet_leaf_17_clk (net)
                  0.06    0.00   13.46 ^ W[1244]$_DFFE_PN0P_/CLK (sky130_fd_sc_hd__dfrtp_1)
                          0.00   13.46   clock reconvergence pessimism
                         -0.02   13.44   library recovery time
                                 13.44   data required time
-----------------------------------------------------------------------------
                                 13.44   data required time
                                 -5.57   data arrival time
-----------------------------------------------------------------------------
                                  7.87   slack (MET)


Startpoint: round[0]$_DFFE_PN0P_
            (rising edge-triggered flip-flop clocked by core_clock)
Endpoint: digest[255]$_DFFE_PN0P_
          (rising edge-triggered flip-flop clocked by core_clock)
Path Group: core_clock
Path Type: max

Fanout     Cap    Slew   Delay    Time   Description
-----------------------------------------------------------------------------
                          0.00    0.00   clock core_clock (rise edge)
                          0.00    0.00   clock source latency
     2    0.12    0.00    0.00    0.00 ^ clk (in)
                                         clk (net)
                  0.01    0.00    0.00 ^ clkbuf_0_clk/A (sky130_fd_sc_hd__clkbuf_16)
     4    0.17    0.18    0.22    0.22 ^ clkbuf_0_clk/X (sky130_fd_sc_hd__clkbuf_16)
                                         clknet_0_clk (net)
                  0.18    0.01    0.23 ^ clkbuf_2_1_0_clk/A (sky130_fd_sc_hd__clkbuf_16)
     8    0.17    0.19    0.28    0.51 ^ clkbuf_2_1_0_clk/X (sky130_fd_sc_hd__clkbuf_16)
                                         clknet_2_1_0_clk (net)
                  0.19    0.00    0.51 ^ clkbuf_5_12__f_clk/A (sky130_fd_sc_hd__clkbuf_16)
     5    0.12    0.14    0.25    0.76 ^ clkbuf_5_12__f_clk/X (sky130_fd_sc_hd__clkbuf_16)
                                         clknet_5_12__leaf_clk (net)
                  0.14    0.00    0.76 ^ clkbuf_leaf_32_clk/A (sky130_fd_sc_hd__clkbuf_16)
    10    0.04    0.06    0.18    0.94 ^ clkbuf_leaf_32_clk/X (sky130_fd_sc_hd__clkbuf_16)
                                         clknet_leaf_32_clk (net)
                  0.06    0.00    0.94 ^ round[0]$_DFFE_PN0P_/CLK (sky130_fd_sc_hd__dfrtp_4)
     7    0.06    0.13    0.57    1.51 v round[0]$_DFFE_PN0P_/Q (sky130_fd_sc_hd__dfrtp_4)
                                         round[0] (net)
                  0.13    0.00    1.52 v _25477_/A (sky130_fd_sc_hd__ha_4)
     3    0.03    0.10    0.34    1.86 ^ _25477_/SUM (sky130_fd_sc_hd__ha_4)
                                         _00526_ (net)
                  0.10    0.00    1.86 ^ place3659/A (sky130_fd_sc_hd__buf_12)
     9    0.15    0.17    0.20    2.06 ^ place3659/X (sky130_fd_sc_hd__buf_12)
                                         net3658 (net)
                  0.18    0.02    2.08 ^ place3642/A (sky130_fd_sc_hd__buf_12)
    16    0.13    0.15    0.21    2.29 ^ place3642/X (sky130_fd_sc_hd__buf_12)
                                         net3641 (net)
                  0.15    0.01    2.30 ^ _16024_/S0 (sky130_fd_sc_hd__mux4_2)
     1    0.01    0.09    0.53    2.84 v _16024_/X (sky130_fd_sc_hd__mux4_2)
                                         _12016_ (net)
                  0.09    0.00    2.84 v _16025_/A1 (sky130_fd_sc_hd__mux2i_2)
     1    0.02    0.32    0.30    3.14 ^ _16025_/Y (sky130_fd_sc_hd__mux2i_2)
                                         _12017_ (net)
                  0.32    0.00    3.14 ^ place3350/A (sky130_fd_sc_hd__buf_4)
     2    0.02    0.07    0.20    3.34 ^ place3350/X (sky130_fd_sc_hd__buf_4)
                                         net3349 (net)
                  0.07    0.00    3.34 ^ _24969_/A0 (sky130_fd_sc_hd__mux4_2)
     1    0.01    0.06    0.24    3.58 ^ _24969_/X (sky130_fd_sc_hd__mux4_2)
                                         _08918_ (net)
                  0.06    0.00    3.58 ^ _24970_/A1 (sky130_fd_sc_hd__mux2i_1)
     1    0.01    0.08    0.09    3.67 v _24970_/Y (sky130_fd_sc_hd__mux2i_1)
                                         _08919_ (net)
                  0.08    0.00    3.67 v place3100/A (sky130_fd_sc_hd__buf_4)
     2    0.04    0.07    0.19    3.86 v place3100/X (sky130_fd_sc_hd__buf_4)
                                         net3099 (net)
                  0.07    0.00    3.86 v _25007_/B (sky130_fd_sc_hd__xnor2_1)
     1    0.01    0.10    0.14    4.00 v _25007_/Y (sky130_fd_sc_hd__xnor2_1)
                                         _08941_ (net)
                  0.10    0.00    4.00 v _25008_/B (sky130_fd_sc_hd__xnor2_1)
     1    0.01    0.15    0.18    4.19 v _25008_/Y (sky130_fd_sc_hd__xnor2_1)
                                         _00266_ (net)
                  0.15    0.00    4.19 v _25339_/A (sky130_fd_sc_hd__fa_1)
     1    0.01    0.09    0.59    4.78 ^ _25339_/SUM (sky130_fd_sc_hd__fa_1)
                                         _12831_ (net)
                  0.09    0.00    4.78 ^ _25373_/CIN (sky130_fd_sc_hd__fa_2)
     1    0.01    0.10    0.47    5.25 v _25373_/SUM (sky130_fd_sc_hd__fa_2)
                                         _12900_ (net)
                  0.10    0.00    5.25 v _25486_/B (sky130_fd_sc_hd__ha_4)
     2    0.01    0.04    0.18    5.44 v _25486_/COUT (sky130_fd_sc_hd__ha_4)
                                         _00310_ (net)
                  0.04    0.00    5.44 v _25359_/CIN (sky130_fd_sc_hd__fa_2)
     2    0.01    0.08    0.34    5.78 v _25359_/COUT (sky130_fd_sc_hd__fa_2)
                                         _00311_ (net)
                  0.08    0.00    5.78 v _13201_/A1 (sky130_fd_sc_hd__a21o_1)
     1    0.01    0.05    0.18    5.96 v _13201_/X (sky130_fd_sc_hd__a21o_1)
                                         _09316_ (net)
                  0.05    0.00    5.96 v _13202_/A2 (sky130_fd_sc_hd__a21oi_2)
     2    0.01    0.16    0.19    6.15 ^ _13202_/Y (sky130_fd_sc_hd__a21oi_2)
                                         _09317_ (net)
                  0.16    0.00    6.15 ^ _13205_/A1 (sky130_fd_sc_hd__o211ai_1)
     2    0.01    0.12    0.16    6.31 v _13205_/Y (sky130_fd_sc_hd__o211ai_1)
                                         _09320_ (net)
                  0.12    0.00    6.31 v _13209_/A (sky130_fd_sc_hd__nand2_1)
     3    0.02    0.18    0.19    6.49 ^ _13209_/Y (sky130_fd_sc_hd__nand2_1)
                                         _09324_ (net)
                  0.18    0.00    6.50 ^ place2983/A (sky130_fd_sc_hd__buf_6)
     2    0.01    0.03    0.13    6.62 ^ place2983/X (sky130_fd_sc_hd__buf_6)
                                         net2982 (net)
                  0.03    0.00    6.62 ^ _13840_/A2 (sky130_fd_sc_hd__o21a_1)
     1    0.01    0.07    0.12    6.74 ^ _13840_/X (sky130_fd_sc_hd__o21a_1)
                                         _09945_ (net)
                  0.07    0.00    6.74 ^ _13841_/A2 (sky130_fd_sc_hd__o21ai_2)
     1    0.01    0.08    0.07    6.81 v _13841_/Y (sky130_fd_sc_hd__o21ai_2)
                                         _09946_ (net)
                  0.08    0.00    6.81 v _13842_/A1 (sky130_fd_sc_hd__a21oi_2)
     2    0.01    0.14    0.17    6.98 ^ _13842_/Y (sky130_fd_sc_hd__a21oi_2)
                                         _09947_ (net)
                  0.14    0.00    6.98 ^ _13843_/A2 (sky130_fd_sc_hd__o21bai_1)
     1    0.01    0.08    0.11    7.09 v _13843_/Y (sky130_fd_sc_hd__o21bai_1)
                                         _09948_ (net)
                  0.08    0.00    7.09 v _13844_/A1 (sky130_fd_sc_hd__a21oi_2)
     2    0.01    0.16    0.19    7.28 ^ _13844_/Y (sky130_fd_sc_hd__a21oi_2)
                                         _09949_ (net)
                  0.16    0.00    7.28 ^ place2950/A (sky130_fd_sc_hd__buf_4)
     1    0.01    0.05    0.15    7.43 ^ place2950/X (sky130_fd_sc_hd__buf_4)
                                         net2949 (net)
                  0.05    0.00    7.43 ^ _13845_/A2 (sky130_fd_sc_hd__o21bai_4)
     1    0.01    0.07    0.07    7.50 v _13845_/Y (sky130_fd_sc_hd__o21bai_4)
                                         _09950_ (net)
                  0.07    0.00    7.50 v _13846_/A2 (sky130_fd_sc_hd__a21oi_4)
     1    0.01    0.15    0.19    7.69 ^ _13846_/Y (sky130_fd_sc_hd__a21oi_4)
                                         _09951_ (net)
                  0.15    0.00    7.69 ^ _13847_/A (sky130_fd_sc_hd__xnor2_2)
     1    0.01    0.07    0.11    7.80 v _13847_/Y (sky130_fd_sc_hd__xnor2_2)
                                         _09952_ (net)
                  0.07    0.00    7.80 v _13848_/A1 (sky130_fd_sc_hd__mux2i_4)
     1    0.01    0.17    0.17    7.97 ^ _13848_/Y (sky130_fd_sc_hd__mux2i_4)
                                         _09953_ (net)
                  0.17    0.00    7.97 ^ rebuffer4091/A (sky130_fd_sc_hd__buf_12)
     2    0.05    0.07    0.16    8.13 ^ rebuffer4091/X (sky130_fd_sc_hd__buf_12)
                                         net4090 (net)
                  0.07    0.00    8.13 ^ _13851_/A (sky130_fd_sc_hd__inv_2)
     1    0.01    0.03    0.04    8.18 v _13851_/Y (sky130_fd_sc_hd__inv_2)
                                         _00182_ (net)
                  0.03    0.00    8.18 v _25301_/CIN (sky130_fd_sc_hd__fa_1)
     1    0.01    0.10    0.47    8.64 v _25301_/SUM (sky130_fd_sc_hd__fa_1)
                                         _12756_ (net)
                  0.10    0.00    8.64 v _25273_/A (sky130_fd_sc_hd__fa_1)
     1    0.01    0.11    0.53    9.17 v _25273_/SUM (sky130_fd_sc_hd__fa_1)
                                         _12667_ (net)
                  0.11    0.00    9.17 v _25244_/A (sky130_fd_sc_hd__fa_1)
     1    0.01    0.12    0.55    9.72 v _25244_/SUM (sky130_fd_sc_hd__fa_1)
                                         _12669_ (net)
                  0.12    0.00    9.72 v _25464_/B (sky130_fd_sc_hd__ha_4)
     3    0.01    0.06    0.31   10.03 ^ _25464_/SUM (sky130_fd_sc_hd__ha_4)
                                         _00502_ (net)
                  0.06    0.00   10.03 ^ _16488_/C (sky130_fd_sc_hd__nand3_1)
     1    0.00    0.07    0.09   10.12 v _16488_/Y (sky130_fd_sc_hd__nand3_1)
                                         _12457_ (net)
                  0.07    0.00   10.12 v _16494_/A3 (sky130_fd_sc_hd__o31a_1)
     1    0.01    0.06    0.26   10.38 v _16494_/X (sky130_fd_sc_hd__o31a_1)
                                         _12463_ (net)
                  0.06    0.00   10.38 v rebuffer4145/A (sky130_fd_sc_hd__buf_6)
     2    0.04    0.05    0.15   10.53 v rebuffer4145/X (sky130_fd_sc_hd__buf_6)
                                         net4144 (net)
                  0.05    0.00   10.53 v _16497_/A2 (sky130_fd_sc_hd__o21ai_4)
     2    0.03    0.22    0.21   10.74 ^ _16497_/Y (sky130_fd_sc_hd__o21ai_4)
                                         _12466_ (net)
                  0.22    0.00   10.74 ^ _16518_/A (sky130_fd_sc_hd__nor2_4)
     1    0.01    0.06    0.08   10.82 v _16518_/Y (sky130_fd_sc_hd__nor2_4)
                                         _12481_ (net)
                  0.06    0.00   10.82 v _16519_/A (sky130_fd_sc_hd__xnor2_2)
     2    0.02    0.25    0.26   11.07 ^ _16519_/Y (sky130_fd_sc_hd__xnor2_2)
                                         _00314_ (net)
                  0.25    0.00   11.08 ^ _25361_/B (sky130_fd_sc_hd__fa_1)
     1    0.01    0.12    0.51   11.59 v _25361_/SUM (sky130_fd_sc_hd__fa_1)
                                         _12874_ (net)
                  0.12    0.00   11.59 v _25430_/B (sky130_fd_sc_hd__ha_4)
     3    0.02    0.05    0.26   11.85 v _25430_/SUM (sky130_fd_sc_hd__ha_4)
                                         _00441_ (net)
                  0.05    0.00   11.85 v _17754_/B (sky130_fd_sc_hd__nand3_4)
     2    0.02    0.11    0.11   11.96 ^ _17754_/Y (sky130_fd_sc_hd__nand3_4)
                                         _04102_ (net)
                  0.11    0.00   11.96 ^ _17757_/A (sky130_fd_sc_hd__nor2_4)
     3    0.02    0.04    0.06   12.02 v _17757_/Y (sky130_fd_sc_hd__nor2_4)
                                         _04105_ (net)
                  0.04    0.00   12.02 v _17779_/A (sky130_fd_sc_hd__nand4_1)
     3    0.02    0.19    0.15   12.17 ^ _17779_/Y (sky130_fd_sc_hd__nand4_1)
                                         _04127_ (net)
                  0.19    0.00   12.17 ^ _17793_/A (sky130_fd_sc_hd__nand2_1)
     1    0.00    0.07    0.09   12.26 v _17793_/Y (sky130_fd_sc_hd__nand2_1)
                                         _04141_ (net)
                  0.07    0.00   12.26 v _17796_/A4 (sky130_fd_sc_hd__o41a_1)
     2    0.01    0.11    0.37   12.63 v _17796_/X (sky130_fd_sc_hd__o41a_1)
                                         _04144_ (net)
                  0.11    0.00   12.63 v _17797_/A2 (sky130_fd_sc_hd__a21o_1)
     2    0.01    0.06    0.23   12.86 v _17797_/X (sky130_fd_sc_hd__a21o_1)
                                         _04145_ (net)
                  0.06    0.00   12.86 v _17798_/A1 (sky130_fd_sc_hd__a21o_1)
     1    0.01    0.05    0.17   13.03 v _17798_/X (sky130_fd_sc_hd__a21o_1)
                                         _04146_ (net)
                  0.05    0.00   13.03 v _17799_/A1 (sky130_fd_sc_hd__a21oi_2)
     1    0.01    0.17    0.19   13.22 ^ _17799_/Y (sky130_fd_sc_hd__a21oi_2)
                                         _04147_ (net)
                  0.17    0.00   13.22 ^ _17800_/B (sky130_fd_sc_hd__xnor2_2)
     2    0.01    0.07    0.10   13.32 v _17800_/Y (sky130_fd_sc_hd__xnor2_2)
                                         _04148_ (net)
                  0.07    0.00   13.32 v _25050_/A (sky130_fd_sc_hd__nor3_2)
     1    0.01    0.16    0.20   13.52 ^ _25050_/Y (sky130_fd_sc_hd__nor3_2)
                                         _08972_ (net)
                  0.16    0.00   13.52 ^ _25051_/B (sky130_fd_sc_hd__xnor2_1)
     1    0.01    0.17    0.16   13.68 ^ _25051_/Y (sky130_fd_sc_hd__xnor2_1)
                                         _08973_ (net)
                  0.17    0.00   13.68 ^ _25053_/A2 (sky130_fd_sc_hd__o21ai_1)
     1    0.00    0.10    0.09   13.77 v _25053_/Y (sky130_fd_sc_hd__o21ai_1)
                                         _03136_ (net)
                  0.10    0.00   13.77 v digest[255]$_DFFE_PN0P_/D (sky130_fd_sc_hd__dfrtp_1)
                                 13.77   data arrival time

                         12.50   12.50   clock core_clock (rise edge)
                          0.00   12.50   clock source latency
     2    0.12    0.00    0.00   12.50 ^ clk (in)
                                         clk (net)
                  0.01    0.00   12.50 ^ clkbuf_0_clk/A (sky130_fd_sc_hd__clkbuf_16)
     4    0.17    0.18    0.22   12.72 ^ clkbuf_0_clk/X (sky130_fd_sc_hd__clkbuf_16)
                                         clknet_0_clk (net)
                  0.18    0.01   12.73 ^ clkbuf_2_1_0_clk/A (sky130_fd_sc_hd__clkbuf_16)
     8    0.17    0.19    0.28   13.01 ^ clkbuf_2_1_0_clk/X (sky130_fd_sc_hd__clkbuf_16)
                                         clknet_2_1_0_clk (net)
                  0.19    0.01   13.02 ^ clkbuf_5_14__f_clk/A (sky130_fd_sc_hd__clkbuf_16)
     8    0.14    0.15    0.26   13.28 ^ clkbuf_5_14__f_clk/X (sky130_fd_sc_hd__clkbuf_16)
                                         clknet_5_14__leaf_clk (net)
                  0.15    0.00   13.28 ^ clkbuf_leaf_73_clk/A (sky130_fd_sc_hd__clkbuf_16)
    11    0.04    0.06    0.18   13.46 ^ clkbuf_leaf_73_clk/X (sky130_fd_sc_hd__clkbuf_16)
                                         clknet_leaf_73_clk (net)
                  0.06    0.00   13.46 ^ digest[255]$_DFFE_PN0P_/CLK (sky130_fd_sc_hd__dfrtp_1)
                          0.00   13.46   clock reconvergence pessimism
                         -0.14   13.32   library setup time
                                 13.32   data required time
-----------------------------------------------------------------------------
                                 13.32   data required time
                                -13.77   data arrival time
-----------------------------------------------------------------------------
                                 -0.44   slack (VIOLATED)


Startpoint: digest[67]$_DFFE_PN0P_
            (rising edge-triggered flip-flop clocked by core_clock)
Endpoint: digest[67] (output port clocked by vclk)
Path Group: vclk
Path Type: max

Fanout     Cap    Slew   Delay    Time   Description
-----------------------------------------------------------------------------
                          0.00    0.00   clock core_clock (rise edge)
                          0.00    0.00   clock source latency
     2    0.12    0.00    0.00    0.00 ^ clk (in)
                                         clk (net)
                  0.01    0.00    0.00 ^ clkbuf_0_clk/A (sky130_fd_sc_hd__clkbuf_16)
     4    0.17    0.18    0.22    0.22 ^ clkbuf_0_clk/X (sky130_fd_sc_hd__clkbuf_16)
                                         clknet_0_clk (net)
                  0.18    0.01    0.23 ^ clkbuf_2_3_0_clk/A (sky130_fd_sc_hd__clkbuf_16)
     8    0.17    0.19    0.28    0.51 ^ clkbuf_2_3_0_clk/X (sky130_fd_sc_hd__clkbuf_16)
                                         clknet_2_3_0_clk (net)
                  0.19    0.01    0.52 ^ clkbuf_5_27__f_clk/A (sky130_fd_sc_hd__clkbuf_16)
     8    0.13    0.14    0.25    0.77 ^ clkbuf_5_27__f_clk/X (sky130_fd_sc_hd__clkbuf_16)
                                         clknet_5_27__leaf_clk (net)
                  0.14    0.00    0.77 ^ clkbuf_leaf_104_clk/A (sky130_fd_sc_hd__clkbuf_16)
    12    0.04    0.06    0.18    0.95 ^ clkbuf_leaf_104_clk/X (sky130_fd_sc_hd__clkbuf_16)
                                         clknet_leaf_104_clk (net)
                  0.06    0.00    0.95 ^ digest[67]$_DFFE_PN0P_/CLK (sky130_fd_sc_hd__dfrtp_1)
     2    0.01    0.11    0.38    1.33 ^ digest[67]$_DFFE_PN0P_/Q (sky130_fd_sc_hd__dfrtp_1)
                                         net734 (net)
                  0.11    0.00    1.33 ^ output735/A (sky130_fd_sc_hd__clkdlybuf4s50_1)
     1    0.05    0.45    0.78    2.11 ^ output735/X (sky130_fd_sc_hd__clkdlybuf4s50_1)
                                         digest[67] (net)
                  0.45    0.00    2.12 ^ digest[67] (out)
                                  2.12   data arrival time

                  0.00   12.50   12.50   clock vclk (rise edge)
                          0.00   12.50   clock network delay (ideal)
                          0.00   12.50   clock reconvergence pessimism
                         -2.50   10.00   output external delay
                                 10.00   data required time
-----------------------------------------------------------------------------
                                 10.00   data required time
                                 -2.12   data arrival time
-----------------------------------------------------------------------------
                                  7.88   slack (MET)



==========================================================================
global route report_check_types -max_slew -max_cap -max_fanout -violators
--------------------------------------------------------------------------

==========================================================================
global route max_slew_check_slack
--------------------------------------------------------------------------
0.1549586057662964

==========================================================================
global route max_slew_check_limit
--------------------------------------------------------------------------
1.468616008758545

==========================================================================
global route max_slew_check_slack_limit
--------------------------------------------------------------------------
0.1055

==========================================================================
global route max_fanout_check_slack
--------------------------------------------------------------------------
1.0000000150474662e+30

==========================================================================
global route max_fanout_check_limit
--------------------------------------------------------------------------
1.0000000150474662e+30

==========================================================================
global route max_capacitance_check_slack
--------------------------------------------------------------------------
0.0030123796314001083

==========================================================================
global route max_capacitance_check_limit
--------------------------------------------------------------------------
0.021067000925540924

==========================================================================
global route max_capacitance_check_slack_limit
--------------------------------------------------------------------------
0.1430

==========================================================================
global route max_slew_violation_count
--------------------------------------------------------------------------
max slew violation count 0

==========================================================================
global route max_fanout_violation_count
--------------------------------------------------------------------------
max fanout violation count 0

==========================================================================
global route max_cap_violation_count
--------------------------------------------------------------------------
max cap violation count 0

==========================================================================
global route setup_violation_count
--------------------------------------------------------------------------
setup violation count 29

==========================================================================
global route hold_violation_count
--------------------------------------------------------------------------
hold violation count 0

==========================================================================
global route report_checks -path_delay max reg to reg
--------------------------------------------------------------------------
Startpoint: round[0]$_DFFE_PN0P_
            (rising edge-triggered flip-flop clocked by core_clock)
Endpoint: digest[255]$_DFFE_PN0P_
          (rising edge-triggered flip-flop clocked by core_clock)
Path Group: core_clock
Path Type: max

  Delay    Time   Description
---------------------------------------------------------
   0.00    0.00   clock core_clock (rise edge)
   0.00    0.00   clock source latency
   0.00    0.00 ^ clk (in)
   0.22    0.22 ^ clkbuf_0_clk/X (sky130_fd_sc_hd__clkbuf_16)
   0.29    0.51 ^ clkbuf_2_1_0_clk/X (sky130_fd_sc_hd__clkbuf_16)
   0.25    0.76 ^ clkbuf_5_12__f_clk/X (sky130_fd_sc_hd__clkbuf_16)
   0.18    0.94 ^ clkbuf_leaf_32_clk/X (sky130_fd_sc_hd__clkbuf_16)
   0.00    0.94 ^ round[0]$_DFFE_PN0P_/CLK (sky130_fd_sc_hd__dfrtp_4)
   0.57    1.51 v round[0]$_DFFE_PN0P_/Q (sky130_fd_sc_hd__dfrtp_4)
   0.35    1.86 ^ _25477_/SUM (sky130_fd_sc_hd__ha_4)
   0.20    2.06 ^ place3659/X (sky130_fd_sc_hd__buf_12)
   0.23    2.29 ^ place3642/X (sky130_fd_sc_hd__buf_12)
   0.55    2.84 v _16024_/X (sky130_fd_sc_hd__mux4_2)
   0.30    3.14 ^ _16025_/Y (sky130_fd_sc_hd__mux2i_2)
   0.20    3.34 ^ place3350/X (sky130_fd_sc_hd__buf_4)
   0.24    3.58 ^ _24969_/X (sky130_fd_sc_hd__mux4_2)
   0.09    3.67 v _24970_/Y (sky130_fd_sc_hd__mux2i_1)
   0.19    3.86 v place3100/X (sky130_fd_sc_hd__buf_4)
   0.15    4.00 v _25007_/Y (sky130_fd_sc_hd__xnor2_1)
   0.18    4.19 v _25008_/Y (sky130_fd_sc_hd__xnor2_1)
   0.59    4.78 ^ _25339_/SUM (sky130_fd_sc_hd__fa_1)
   0.47    5.25 v _25373_/SUM (sky130_fd_sc_hd__fa_2)
   0.19    5.44 v _25486_/COUT (sky130_fd_sc_hd__ha_4)
   0.34    5.78 v _25359_/COUT (sky130_fd_sc_hd__fa_2)
   0.18    5.96 v _13201_/X (sky130_fd_sc_hd__a21o_1)
   0.19    6.15 ^ _13202_/Y (sky130_fd_sc_hd__a21oi_2)
   0.16    6.31 v _13205_/Y (sky130_fd_sc_hd__o211ai_1)
   0.19    6.49 ^ _13209_/Y (sky130_fd_sc_hd__nand2_1)
   0.13    6.62 ^ place2983/X (sky130_fd_sc_hd__buf_6)
   0.12    6.74 ^ _13840_/X (sky130_fd_sc_hd__o21a_1)
   0.07    6.81 v _13841_/Y (sky130_fd_sc_hd__o21ai_2)
   0.17    6.98 ^ _13842_/Y (sky130_fd_sc_hd__a21oi_2)
   0.11    7.09 v _13843_/Y (sky130_fd_sc_hd__o21bai_1)
   0.19    7.28 ^ _13844_/Y (sky130_fd_sc_hd__a21oi_2)
   0.16    7.43 ^ place2950/X (sky130_fd_sc_hd__buf_4)
   0.07    7.50 v _13845_/Y (sky130_fd_sc_hd__o21bai_4)
   0.19    7.69 ^ _13846_/Y (sky130_fd_sc_hd__a21oi_4)
   0.11    7.80 v _13847_/Y (sky130_fd_sc_hd__xnor2_2)
   0.17    7.97 ^ _13848_/Y (sky130_fd_sc_hd__mux2i_4)
   0.16    8.13 ^ rebuffer4091/X (sky130_fd_sc_hd__buf_12)
   0.05    8.18 v _13851_/Y (sky130_fd_sc_hd__inv_2)
   0.47    8.64 v _25301_/SUM (sky130_fd_sc_hd__fa_1)
   0.53    9.17 v _25273_/SUM (sky130_fd_sc_hd__fa_1)
   0.55    9.72 v _25244_/SUM (sky130_fd_sc_hd__fa_1)
   0.31   10.03 ^ _25464_/SUM (sky130_fd_sc_hd__ha_4)
   0.09   10.12 v _16488_/Y (sky130_fd_sc_hd__nand3_1)
   0.26   10.38 v _16494_/X (sky130_fd_sc_hd__o31a_1)
   0.15   10.53 v rebuffer4145/X (sky130_fd_sc_hd__buf_6)
   0.21   10.74 ^ _16497_/Y (sky130_fd_sc_hd__o21ai_4)
   0.08   10.82 v _16518_/Y (sky130_fd_sc_hd__nor2_4)
   0.26   11.07 ^ _16519_/Y (sky130_fd_sc_hd__xnor2_2)
   0.51   11.59 v _25361_/SUM (sky130_fd_sc_hd__fa_1)
   0.26   11.85 v _25430_/SUM (sky130_fd_sc_hd__ha_4)
   0.11   11.96 ^ _17754_/Y (sky130_fd_sc_hd__nand3_4)
   0.06   12.02 v _17757_/Y (sky130_fd_sc_hd__nor2_4)
   0.15   12.17 ^ _17779_/Y (sky130_fd_sc_hd__nand4_1)
   0.09   12.26 v _17793_/Y (sky130_fd_sc_hd__nand2_1)
   0.37   12.63 v _17796_/X (sky130_fd_sc_hd__o41a_1)
   0.23   12.86 v _17797_/X (sky130_fd_sc_hd__a21o_1)
   0.17   13.03 v _17798_/X (sky130_fd_sc_hd__a21o_1)
   0.19   13.22 ^ _17799_/Y (sky130_fd_sc_hd__a21oi_2)
   0.10   13.32 v _17800_/Y (sky130_fd_sc_hd__xnor2_2)
   0.20   13.52 ^ _25050_/Y (sky130_fd_sc_hd__nor3_2)
   0.16   13.68 ^ _25051_/Y (sky130_fd_sc_hd__xnor2_1)
   0.09   13.77 v _25053_/Y (sky130_fd_sc_hd__o21ai_1)
   0.00   13.77 v digest[255]$_DFFE_PN0P_/D (sky130_fd_sc_hd__dfrtp_1)
          13.77   data arrival time

  12.50   12.50   clock core_clock (rise edge)
   0.00   12.50   clock source latency
   0.00   12.50 ^ clk (in)
   0.22   12.72 ^ clkbuf_0_clk/X (sky130_fd_sc_hd__clkbuf_16)
   0.29   13.01 ^ clkbuf_2_1_0_clk/X (sky130_fd_sc_hd__clkbuf_16)
   0.27   13.28 ^ clkbuf_5_14__f_clk/X (sky130_fd_sc_hd__clkbuf_16)
   0.18   13.46 ^ clkbuf_leaf_73_clk/X (sky130_fd_sc_hd__clkbuf_16)
   0.00   13.46 ^ digest[255]$_DFFE_PN0P_/CLK (sky130_fd_sc_hd__dfrtp_1)
   0.00   13.46   clock reconvergence pessimism
  -0.14   13.32   library setup time
          13.32   data required time
---------------------------------------------------------
          13.32   data required time
         -13.77   data arrival time
---------------------------------------------------------
          -0.44   slack (VIOLATED)



==========================================================================
global route report_checks -path_delay min reg to reg
--------------------------------------------------------------------------
Startpoint: digest[162]$_DFFE_PN0P_
            (rising edge-triggered flip-flop clocked by core_clock)
Endpoint: digest[162]$_DFFE_PN0P_
          (rising edge-triggered flip-flop clocked by core_clock)
Path Group: core_clock
Path Type: min

  Delay    Time   Description
---------------------------------------------------------
   0.00    0.00   clock core_clock (rise edge)
   0.00    0.00   clock source latency
   0.00    0.00 ^ clk (in)
   0.22    0.22 ^ clkbuf_0_clk/X (sky130_fd_sc_hd__clkbuf_16)
   0.29    0.51 ^ clkbuf_2_1_0_clk/X (sky130_fd_sc_hd__clkbuf_16)
   0.26    0.77 ^ clkbuf_5_11__f_clk/X (sky130_fd_sc_hd__clkbuf_16)
   0.18    0.94 ^ clkbuf_leaf_65_clk/X (sky130_fd_sc_hd__clkbuf_16)
   0.00    0.95 ^ digest[162]$_DFFE_PN0P_/CLK (sky130_fd_sc_hd__dfrtp_1)
   0.35    1.29 ^ digest[162]$_DFFE_PN0P_/Q (sky130_fd_sc_hd__dfrtp_1)
   0.05    1.35 v _18407_/Y (sky130_fd_sc_hd__nand2_1)
   0.06    1.40 ^ _18408_/Y (sky130_fd_sc_hd__nand2_1)
   0.00    1.40 ^ digest[162]$_DFFE_PN0P_/D (sky130_fd_sc_hd__dfrtp_1)
           1.40   data arrival time

   0.00    0.00   clock core_clock (rise edge)
   0.00    0.00   clock source latency
   0.00    0.00 ^ clk (in)
   0.22    0.22 ^ clkbuf_0_clk/X (sky130_fd_sc_hd__clkbuf_16)
   0.29    0.51 ^ clkbuf_2_1_0_clk/X (sky130_fd_sc_hd__clkbuf_16)
   0.26    0.77 ^ clkbuf_5_11__f_clk/X (sky130_fd_sc_hd__clkbuf_16)
   0.18    0.94 ^ clkbuf_leaf_65_clk/X (sky130_fd_sc_hd__clkbuf_16)
   0.00    0.95 ^ digest[162]$_DFFE_PN0P_/CLK (sky130_fd_sc_hd__dfrtp_1)
   0.00    0.95   clock reconvergence pessimism
  -0.03    0.91   library hold time
           0.91   data required time
---------------------------------------------------------
           0.91   data required time
          -1.40   data arrival time
---------------------------------------------------------
           0.49   slack (MET)



==========================================================================
global route critical path target clock latency max path
--------------------------------------------------------------------------
0.9599

==========================================================================
global route critical path target clock latency min path
--------------------------------------------------------------------------
0.9665

==========================================================================
global route critical path source clock latency min path
--------------------------------------------------------------------------
0.0000

==========================================================================
global route critical path delay
--------------------------------------------------------------------------
13.7668

==========================================================================
global route critical path slack
--------------------------------------------------------------------------
-0.4440

==========================================================================
global route slack div critical path delay
--------------------------------------------------------------------------
-3.225150

==========================================================================
global route report_power
--------------------------------------------------------------------------
Group                  Internal  Switching    Leakage      Total
                          Power      Power      Power      Power (Watts)
----------------------------------------------------------------
Sequential             1.24e-02   4.35e-03   3.40e-08   1.68e-02   2.9%
Combinational          2.52e-01   3.03e-01   4.52e-08   5.55e-01  95.4%
Clock                  5.64e-03   4.27e-03   5.14e-09   9.91e-03   1.7%
Macro                  0.00e+00   0.00e+00   0.00e+00   0.00e+00   0.0%
Pad                    0.00e+00   0.00e+00   0.00e+00   0.00e+00   0.0%
----------------------------------------------------------------
Total                  2.70e-01   3.12e-01   8.44e-08   5.82e-01 100.0%
                          46.4%      53.6%       0.0%
