make: Entering directory '/root/OpenROAD-flow-scripts/flow'
/root/OpenROAD-flow-scripts/flow/scripts/flow.sh 4_1_cts cts
Running cts.tcl, stage 4_1_cts
read_liberty /root/OpenROAD-flow-scripts/flow/platforms/sky130hd/lib/sky130_fd_sc_hd__tt_025C_1v80.lib
read_db ./results/sky130hd/chia_sha256_benchmark_corrupted/slot2/3_place.odb
read_sdc ./results/sky130hd/chia_sha256_benchmark_corrupted/slot2/3_place.sdc
source /root/OpenROAD-flow-scripts/flow/platforms/sky130hd/setRC.tcl
clock_tree_synthesis -sink_clustering_enable -repair_clock_nets
[INFO CTS-0050] Root buffer is sky130_fd_sc_hd__clkbuf_16.
[INFO CTS-0051] Sink buffer is sky130_fd_sc_hd__clkbuf_16.
[INFO CTS-0052] The following clock buffers will be used for CTS:
                    sky130_fd_sc_hd__clkbuf_16
[INFO CTS-0049] Characterization buffer is sky130_fd_sc_hd__clkbuf_16.
[INFO CTS-0007] Net "clk" found for clock "core_clock".
[INFO CTS-0010]  Clock net "clk" has 2568 sinks.
[INFO CTS-0008] TritonCTS found 1 clock nets.
[INFO CTS-0097] Characterization used 1 buffer(s) types.
[INFO CTS-0201] 0 blockages from hard placement blockages and placed macros will be used.
[INFO CTS-0027] Generating H-Tree topology for net clk.
[INFO CTS-0028]  Total number of sinks: 2568.
[INFO CTS-0090]  Sinks will be clustered based on buffer max cap.
[INFO CTS-0030]  Number of static layers: 0.
[INFO CTS-0020]  Wire segment unit: 13600  dbu (13 um).
[INFO CTS-0206] Best clustering solution was found from max clustering size of 14 and max clustering diameter of 118.
[INFO CTS-0019]  Total number of sinks after clustering: 262.
[INFO CTS-0024]  Normalized sink region: [(0.892279, 5.78635), (47.261, 46.3905)].
[INFO CTS-0025]     Width:  46.3687.
[INFO CTS-0026]     Height: 40.6042.
 Level 1
    Direction: Horizontal
    Sinks per sub-region: 131
    Sub-region size: 23.1843 X 40.6042
[INFO CTS-0034]     Segment length (rounded): 12.
 Level 2
    Direction: Vertical
    Sinks per sub-region: 66
    Sub-region size: 23.1843 X 20.3021
[INFO CTS-0034]     Segment length (rounded): 10.
 Level 3
    Direction: Horizontal
    Sinks per sub-region: 33
    Sub-region size: 11.5922 X 20.3021
[INFO CTS-0034]     Segment length (rounded): 6.
 Level 4
    Direction: Vertical
    Sinks per sub-region: 17
    Sub-region size: 11.5922 X 10.1510
[INFO CTS-0034]     Segment length (rounded): 6.
 Level 5
    Direction: Horizontal
    Sinks per sub-region: 9
    Sub-region size: 5.7961 X 10.1510
[INFO CTS-0034]     Segment length (rounded): 2.
[INFO CTS-0038]  Stop criterion found. Sink region hpwl is smaller than max wirelength (1911.535 um) and max number of sinks is 15.
[INFO CTS-0035]  Number of sinks covered: 262.
[INFO CTS-0018]     Created 299 clock buffers.
[INFO CTS-0012]     Minimum number of buffers in the clock path: 4.
[INFO CTS-0013]     Maximum number of buffers in the clock path: 4.
[INFO CTS-0015]     Created 299 clock nets.
[INFO CTS-0016]     Fanout distribution for the current clock = 4:1, 5:5, 6:5, 7:16, 8:33, 9:71, 10:78, 11:51, 12:29, 13:3, 14:2..
[INFO CTS-0017]     Max level of the clock tree: 5.
[INFO CTS-0098] Clock net "clk"
[INFO CTS-0099]  Sinks 2804
[INFO CTS-0100]  Leaf buffers 262
[INFO CTS-0101]  Average sink wire length 1097.11 um
[INFO CTS-0102]  Path depth 3 - 4
[INFO CTS-0207]  Dummy loads inserted 236
[INFO CTS-0500] Runtime: 1.25s
estimate_parasitics -placement
detailed_placement
[INFO DPL-0006] Core area: 413101.20 um^2
[INFO DPL-0007] Movable instances area: 207527.79 um^2
[INFO DPL-0008] Fixed instances area within core: 6849.07 um^2
[INFO DPL-0009] Utilization: 51.9%
[INFO DPL-0005] Diamond search max displacement: +/- 500 sites horizontally, +/- 100 rows vertically.
[INFO DPL-1102] Legalizing using negotiation legalizer.
[INFO DPL-1103] Negotiation base search window: +/-20 sites horizontally, +/-5 rows vertically 
	Automatic search window extension enabled.
	Search window extendable up to the max displacement cap of +/-500 sites, +/-100 rows near walls.
[INFO DPL-1104] NegotiationLegalizer DRC penalty: 5.
[INFO DPL-0392] Negotiation cell height distribution (1 unique row-count(s)):
[INFO DPL-0393]   height 1 row(s): 23793 cells
          |      Total |  Illegal |  Illegal
Iteration | Violations |    Cells |    Sites
---------------------------------------------
        0 |        547 |       112 |       435
        1 |        164 |        25 |       139
        2 |         93 |        10 |        83
        3 |         42 |         2 |        40
        4 |         34 |         2 |        32
        5 |         32 |         2 |        30
        6 |         40 |         2 |        38
        7 |         38 |         2 |        36
        8 |         38 |         2 |        36
        9 |         36 |         4 |        32
       10 |          0 |         0 |         0
Negotiation phase 1 converged at iteration 10.
[INFO DPL-0500] Runtime: 0.24s
Placement Analysis
---------------------------------
total displacement      25528.8 u
average displacement        1.1 u
max displacement           31.9 u
original HPWL          604110.4 u
legalized HPWL         618346.6 u
delta HPWL                    2 %

estimate_parasitics -placement
Warning: master sky130_ef_sc_hd__decap_12 has signal pins but no liberty cell
repair_timing -setup_margin 1 -hold_margin 0 -repair_tns 100 -match_cell_footprint -verbose
[INFO RSZ-0100] Repair move sequence: UnbufferMove SizeUpMove SwapPinsMove BufferMove CloneMove SplitLoadMove 
[INFO RSZ-0094] Found 183 endpoints with setup violations.
[INFO RSZ-0099] Repairing 183 out of 183 (100.00%) violating endpoints...
   Iter   | Removed | Resized | Inserted | Cloned |  Pin  |   Area   |    WNS   |   StTNS    |   EnTNS    |  Viol  |  Worst  
          | Buffers |  Gates  | Buffers  |  Gates | Swaps |          |          |            |            | Endpts | St/EnPt 
------------------------------------------------------------------------------------------------------------------------------
       0* |       0 |       0 |        0 |      0 |     0 |    +0.0% |   -3.272 |    -3393.2 |     -207.4 |    183 | digest\[253\]$_DFFE_PN0P_/D
      10* |       0 |       9 |        0 |      0 |     0 |    +0.0% |   -2.903 |    -3285.7 |     -180.0 |    183 | digest\[253\]$_DFFE_PN0P_/D
      20* |       0 |      18 |        4 |      0 |     0 |    +0.1% |   -2.808 |    -3190.0 |     -170.8 |    183 | digest\[251\]$_DFFE_PN0P_/D
      30* |       0 |      25 |        4 |      1 |     2 |    +0.1% |   -2.774 |    -3151.6 |     -169.1 |    183 | digest\[255\]$_DFFE_PN0P_/D
      40* |       0 |      32 |        7 |      2 |     3 |    +0.1% |   -2.753 |    -3139.6 |     -166.0 |    183 | digest\[255\]$_DFFE_PN0P_/D
      50* |       0 |      39 |       11 |      2 |     4 |    +0.2% |   -2.734 |    -3116.2 |     -164.2 |    183 | digest\[255\]$_DFFE_PN0P_/D
      60* |       0 |      43 |       14 |      5 |     5 |    +0.2% |   -2.755 |    -3123.3 |     -167.2 |    183 | digest\[255\]$_DFFE_PN0P_/D
      70* |       0 |      48 |       18 |      8 |     5 |    +0.3% |   -2.694 |    -3121.2 |     -161.2 |    183 | digest\[255\]$_DFFE_PN0P_/D
      80* |       0 |      53 |       22 |      8 |     9 |    +0.4% |   -2.777 |    -3139.7 |     -166.1 |    183 | digest\[255\]$_DFFE_PN0P_/D
      90* |       0 |      58 |       24 |      8 |    12 |    +0.4% |   -2.668 |    -3050.1 |     -163.6 |    183 | digest\[255\]$_DFFE_PN0P_/D
     100* |       0 |      61 |       26 |      8 |    18 |    +0.4% |   -2.725 |    -3090.1 |     -162.9 |    183 | digest\[255\]$_DFFE_PN0P_/D
     110* |       0 |      64 |       29 |      8 |    22 |    +0.4% |   -2.661 |    -2988.8 |     -162.6 |    183 | digest\[255\]$_DFFE_PN0P_/D
     120* |       0 |      67 |       29 |      8 |    29 |    +0.4% |   -2.665 |    -2954.8 |     -163.2 |    183 | digest\[255\]$_DFFE_PN0P_/D
     130* |       0 |      72 |       30 |      8 |    33 |    +0.4% |   -2.649 |    -2921.7 |     -163.9 |    183 | digest\[251\]$_DFFE_PN0P_/D
     140* |       0 |      75 |       32 |      8 |    38 |    +0.5% |   -2.619 |    -2875.4 |     -162.3 |    183 | digest\[255\]$_DFFE_PN0P_/D
     150* |       0 |      78 |       34 |      8 |    44 |    +0.5% |   -2.617 |    -2879.3 |     -162.4 |    183 | digest\[255\]$_DFFE_PN0P_/D
     160* |       0 |      84 |       34 |      8 |    48 |    +0.5% |   -2.613 |    -2881.5 |     -162.0 |    183 | digest\[255\]$_DFFE_PN0P_/D
     170* |       0 |      91 |       34 |      8 |    51 |    +0.5% |   -2.591 |    -2846.9 |     -161.1 |    183 | digest\[255\]$_DFFE_PN0P_/D
     180* |       0 |      94 |       35 |      8 |    57 |    +0.5% |   -2.624 |    -2878.5 |     -162.5 |    183 | digest\[254\]$_DFFE_PN0P_/D
     190* |       0 |      94 |       39 |      9 |    63 |    +0.6% |   -2.707 |    -2952.3 |     -165.8 |    183 | digest\[251\]$_DFFE_PN0P_/D
     197* |       0 |      78 |       32 |      8 |    42 |    +0.5% |   -2.558 |    -2810.0 |     -159.3 |    183 | digest\[255\]$_DFFE_PN0P_/D
     200* |       0 |      80 |       32 |      8 |    42 |    +0.5% |   -2.549 |    -2800.4 |     -159.2 |    183 | digest\[254\]$_DFFE_PN0P_/D
     210* |       0 |      87 |       33 |      8 |    44 |    +0.5% |   -2.525 |    -2776.1 |     -155.9 |    183 | digest\[254\]$_DFFE_PN0P_/D
     220* |       0 |      94 |       35 |      9 |    45 |    +0.5% |   -2.692 |    -2772.0 |     -174.4 |    183 | digest\[254\]$_DFFE_PN0P_/D
     230* |       0 |     100 |       38 |      9 |    46 |    +0.6% |   -2.576 |    -2760.0 |     -161.7 |    183 | digest\[254\]$_DFFE_PN0P_/D
     240* |       0 |     105 |       40 |      9 |    49 |    +0.6% |   -2.527 |    -2752.2 |     -158.2 |    183 | digest\[251\]$_DFFE_PN0P_/D
     250* |       0 |     108 |       42 |      9 |    54 |    +0.6% |   -2.577 |    -2776.5 |     -164.3 |    183 | digest\[251\]$_DFFE_PN0P_/D
     260* |       0 |     112 |       42 |     11 |    58 |    +0.6% |   -2.599 |    -2812.1 |     -164.2 |    183 | digest\[254\]$_DFFE_PN0P_/D
     269* |       0 |      94 |       35 |      8 |    45 |    +0.5% |   -2.508 |    -2771.8 |     -154.7 |    183 | digest\[254\]$_DFFE_PN0P_/D
     270* |       0 |      94 |       35 |      8 |    45 |    +0.5% |   -2.508 |    -2771.8 |     -154.7 |    183 | digest\[254\]$_DFFE_PN0P_/D
     280* |       0 |      98 |       37 |     11 |    46 |    +0.6% |   -2.502 |    -2770.9 |     -155.4 |    183 | digest\[251\]$_DFFE_PN0P_/D
     290* |       0 |     105 |       39 |     12 |    46 |    +0.6% |   -2.598 |    -2752.0 |     -165.4 |    183 | digest\[255\]$_DFFE_PN0P_/D
     300* |       0 |     113 |       40 |     13 |    46 |    +0.6% |   -2.557 |    -2748.1 |     -160.6 |    183 | digest\[251\]$_DFFE_PN0P_/D
     310* |       0 |     119 |       42 |     14 |    47 |    +0.7% |   -2.480 |    -2737.4 |     -153.2 |    183 | digest\[255\]$_DFFE_PN0P_/D
     320* |       0 |     124 |       43 |     14 |    51 |    +0.7% |   -2.474 |    -2735.2 |     -152.8 |    183 | digest\[255\]$_DFFE_PN0P_/D
     330* |       0 |     127 |       44 |     14 |    57 |    +0.7% |   -2.547 |    -2802.8 |     -154.7 |    183 | digest\[255\]$_DFFE_PN0P_/D
     340* |       0 |     128 |       44 |     14 |    66 |    +0.7% |   -2.616 |    -2935.8 |     -155.1 |    183 | digest\[255\]$_DFFE_PN0P_/D
     345* |       0 |     123 |       43 |     14 |    48 |    +0.7% |   -2.459 |    -2730.3 |     -152.4 |    183 | digest\[255\]$_DFFE_PN0P_/D
     350* |       0 |     125 |       44 |     14 |    49 |    +0.7% |   -2.457 |    -2723.0 |     -152.4 |    183 | digest\[251\]$_DFFE_PN0P_/D
     356* |       0 |     125 |       44 |     14 |    48 |    +0.7% |   -2.457 |    -2723.0 |     -152.4 |    183 | digest\[251\]$_DFFE_PN0P_/D
     360* |       0 |     126 |       46 |     14 |    48 |    +0.7% |   -2.468 |    -2731.0 |     -152.6 |    183 | digest\[251\]$_DFFE_PN0P_/D
     370* |       0 |     128 |       51 |     14 |    51 |    +0.7% |   -2.467 |    -2727.3 |     -154.2 |    183 | digest\[254\]$_DFFE_PN0P_/D
     380* |       0 |     130 |       53 |     14 |    57 |    +0.8% |   -2.520 |    -2761.8 |     -157.1 |    183 | digest\[254\]$_DFFE_PN0P_/D
     390* |       0 |     134 |       54 |     14 |    62 |    +0.8% |   -2.543 |    -2779.6 |     -161.0 |    183 | digest\[254\]$_DFFE_PN0P_/D
     393* |       0 |     128 |       51 |     14 |    48 |    +0.7% |   -2.452 |    -2716.2 |     -152.4 |    183 | digest\[255\]$_DFFE_PN0P_/D
     398* |       0 |     129 |       51 |     14 |    49 |    +0.7% |   -2.450 |    -2714.3 |     -152.4 |    183 | digest\[255\]$_DFFE_PN0P_/D
     400* |       0 |     130 |       51 |     14 |    49 |    +0.7% |   -2.450 |    -2714.3 |     -152.4 |    183 | digest\[255\]$_DFFE_PN0P_/D
     409* |       0 |     135 |       51 |     14 |    50 |    +0.8% |   -2.450 |    -2712.8 |     -152.2 |    183 | digest\[255\]$_DFFE_PN0P_/D
     410* |       0 |     135 |       51 |     14 |    50 |    +0.8% |   -2.450 |    -2712.8 |     -152.2 |    183 | digest\[255\]$_DFFE_PN0P_/D
     420* |       0 |     141 |       52 |     14 |    53 |    +0.8% |   -2.456 |    -2708.6 |     -152.3 |    183 | digest\[255\]$_DFFE_PN0P_/D
     420* |       0 |     135 |       51 |     14 |    51 |    +0.8% |   -2.450 |    -2713.2 |     -152.1 |    183 | digest\[255\]$_DFFE_PN0P_/D
     429* |       0 |     136 |       51 |     14 |    53 |    +0.8% |   -2.450 |    -2713.2 |     -152.1 |    183 | digest\[255\]$_DFFE_PN0P_/D
     430* |       0 |     136 |       51 |     14 |    53 |    +0.8% |   -2.450 |    -2713.2 |     -152.1 |    183 | digest\[255\]$_DFFE_PN0P_/D
     440* |       0 |     140 |       55 |     14 |    56 |    +0.8% |   -2.450 |    -2713.2 |     -152.2 |    183 | digest\[255\]$_DFFE_PN0P_/D
     443* |       0 |     137 |       54 |     14 |    56 |    +0.8% |   -2.450 |    -2713.2 |     -152.1 |    183 | digest\[255\]$_DFFE_PN0P_/D
     450* |       0 |     141 |       54 |     14 |    58 |    +0.8% |   -2.450 |    -2713.7 |     -150.4 |    183 | digest\[255\]$_DFFE_PN0P_/D
     460* |       0 |     148 |       55 |     14 |    60 |    +0.8% |   -2.450 |    -2711.2 |     -148.4 |    183 | digest\[255\]$_DFFE_PN0P_/D
     470* |       0 |     151 |       57 |     14 |    65 |    +0.8% |   -2.452 |    -2712.1 |     -148.5 |    183 | digest\[255\]$_DFFE_PN0P_/D
     480* |       0 |     153 |       57 |     14 |    73 |    +0.8% |   -2.502 |    -2761.6 |     -150.3 |    183 | digest\[255\]$_DFFE_PN0P_/D
     490* |       0 |     156 |       58 |     14 |    79 |    +0.8% |   -2.470 |    -2726.1 |     -149.0 |    183 | digest\[255\]$_DFFE_PN0P_/D
     500* |       0 |     165 |       59 |     14 |    79 |    +0.9% |   -2.470 |    -2726.1 |     -149.0 |    183 | digest\[255\]$_DFFE_PN0P_/D
     510* |       0 |     172 |       59 |     14 |    82 |    +0.9% |   -2.469 |    -2725.9 |     -148.8 |    183 | digest\[255\]$_DFFE_PN0P_/D
     514* |       0 |     150 |       55 |     14 |    62 |    +0.8% |   -2.450 |    -2710.2 |     -148.1 |    183 | digest\[255\]$_DFFE_PN0P_/D
     520* |       0 |     154 |       56 |     14 |    62 |    +0.8% |   -2.450 |    -2709.9 |     -148.2 |    183 | digest\[255\]$_DFFE_PN0P_/D
     525* |       0 |     154 |       55 |     14 |    62 |    +0.8% |   -2.450 |    -2711.9 |     -148.1 |    183 | digest\[255\]$_DFFE_PN0P_/D
     530* |       0 |     156 |       56 |     14 |    63 |    +0.8% |   -2.450 |    -2711.9 |     -147.8 |    183 | digest\[255\]$_DFFE_PN0P_/D
     540* |       0 |     163 |       58 |     14 |    64 |    +0.8% |   -2.450 |    -2711.9 |     -147.6 |    183 | digest\[255\]$_DFFE_PN0P_/D
     550* |       0 |     168 |       59 |     14 |    68 |    +0.9% |   -2.453 |    -2711.9 |     -147.4 |    183 | digest\[255\]$_DFFE_PN0P_/D
     560* |       0 |     175 |       60 |     14 |    70 |    +0.9% |   -2.453 |    -2711.9 |     -147.0 |    183 | digest\[255\]$_DFFE_PN0P_/D
     567* |       0 |     163 |       58 |     14 |    64 |    +0.8% |   -2.450 |    -2711.9 |     -147.6 |    183 | digest\[255\]$_DFFE_PN0P_/D
     570* |       0 |     163 |       58 |     14 |    66 |    +0.8% |   -2.450 |    -2711.9 |     -147.6 |    183 | digest\[255\]$_DFFE_PN0P_/D
     580* |       0 |     168 |       58 |     14 |    71 |    +0.9% |   -2.450 |    -2711.9 |     -147.5 |    183 | digest\[255\]$_DFFE_PN0P_/D
     590* |       0 |     175 |       59 |     14 |    73 |    +0.9% |   -2.450 |    -2711.9 |     -147.3 |    183 | digest\[255\]$_DFFE_PN0P_/D
     600* |       0 |     181 |       60 |     14 |    76 |    +0.9% |   -2.453 |    -2711.9 |     -146.8 |    183 | digest\[255\]$_DFFE_PN0P_/D
     610* |       0 |     185 |       61 |     14 |    81 |    +0.9% |   -2.454 |    -2708.0 |     -147.1 |    183 | digest\[255\]$_DFFE_PN0P_/D
     620* |       0 |     192 |       63 |     14 |    82 |    +1.0% |   -2.454 |    -2708.0 |     -146.8 |    183 | digest\[255\]$_DFFE_PN0P_/D
     630* |       0 |     199 |       64 |     14 |    84 |    +1.0% |   -2.454 |    -2704.6 |     -146.6 |    183 | digest\[255\]$_DFFE_PN0P_/D
     640* |       0 |     203 |       67 |     14 |    87 |    +1.0% |   -2.454 |    -2704.6 |     -144.4 |    183 | digest\[255\]$_DFFE_PN0P_/D
     645* |       0 |     177 |       60 |     14 |    75 |    +0.9% |   -2.450 |    -2711.9 |     -147.0 |    183 | digest\[255\]$_DFFE_PN0P_/D
     650* |       0 |     180 |       61 |     14 |    75 |    +0.9% |   -2.453 |    -2711.9 |     -147.1 |    183 | digest\[255\]$_DFFE_PN0P_/D
     660* |       0 |     188 |       63 |     14 |    75 |    +0.9% |   -2.453 |    -2711.9 |     -147.0 |    183 | digest\[255\]$_DFFE_PN0P_/D
     670* |       0 |     197 |       63 |     14 |    76 |    +1.0% |   -2.453 |    -2708.5 |     -146.2 |    183 | digest\[255\]$_DFFE_PN0P_/D
     680* |       0 |     201 |       65 |     14 |    80 |    +1.0% |   -2.456 |    -2711.7 |     -146.5 |    183 | digest\[255\]$_DFFE_PN0P_/D
     686* |       0 |     178 |       60 |     14 |    75 |    +0.9% |   -2.450 |    -2711.9 |     -147.0 |    183 | digest\[255\]$_DFFE_PN0P_/D
     690* |       0 |     180 |       61 |     14 |    75 |    +0.9% |   -2.461 |    -2725.8 |     -147.1 |    183 | digest\[255\]$_DFFE_PN0P_/D
     697* |       0 |     178 |       60 |     14 |    75 |    +0.9% |   -2.450 |    -2711.9 |     -147.0 |    183 | digest\[255\]$_DFFE_PN0P_/D
     700* |       0 |     180 |       60 |     14 |    75 |    +0.9% |   -2.450 |    -2711.9 |     -146.2 |    183 | digest\[255\]$_DFFE_PN0P_/D
     710* |       0 |     187 |       61 |     14 |    77 |    +0.9% |   -2.450 |    -2711.9 |     -144.8 |    183 | digest\[255\]$_DFFE_PN0P_/D
     720* |       0 |     196 |       61 |     14 |    78 |    +0.9% |   -2.450 |    -2711.2 |     -148.5 |    183 | digest\[255\]$_DFFE_PN0P_/D
     730* |       0 |     199 |       62 |     14 |    84 |    +1.0% |   -2.473 |    -2715.3 |     -148.2 |    183 | digest\[255\]$_DFFE_PN0P_/D
     740* |       0 |     207 |       63 |     14 |    85 |    +1.0% |   -2.453 |    -2702.6 |     -144.0 |    183 | digest\[255\]$_DFFE_PN0P_/D
     741* |       0 |     192 |       61 |     14 |    77 |    +0.9% |   -2.450 |    -2711.2 |     -144.0 |    183 | digest\[255\]$_DFFE_PN0P_/D
     750* |       0 |     198 |       62 |     14 |    78 |    +0.9% |   -2.453 |    -2711.2 |     -144.0 |    183 | digest\[255\]$_DFFE_PN0P_/D
     760* |       0 |     206 |       64 |     14 |    78 |    +1.0% |   -2.453 |    -2711.2 |     -144.0 |    183 | digest\[255\]$_DFFE_PN0P_/D
     770* |       0 |     211 |       68 |     14 |    79 |    +1.0% |   -2.456 |    -2714.3 |     -144.4 |    183 | digest\[255\]$_DFFE_PN0P_/D
     770* |       0 |     193 |       61 |     14 |    77 |    +0.9% |   -2.450 |    -2711.2 |     -144.0 |    183 | digest\[255\]$_DFFE_PN0P_/D
     780* |       0 |     196 |       62 |     14 |    82 |    +0.9% |   -2.453 |    -2711.2 |     -144.1 |    183 | digest\[255\]$_DFFE_PN0P_/D
     786* |       0 |     194 |       62 |     14 |    81 |    +0.9% |   -2.450 |    -2711.2 |     -144.0 |    183 | digest\[255\]$_DFFE_PN0P_/D
     790* |       0 |     197 |       62 |     14 |    81 |    +0.9% |   -2.450 |    -2711.2 |     -145.6 |    183 | digest\[255\]$_DFFE_PN0P_/D
     800* |       0 |     206 |       63 |     14 |    81 |    +1.0% |   -2.455 |    -2713.6 |     -144.8 |    183 | digest\[255\]$_DFFE_PN0P_/D
     810* |       0 |     209 |       66 |     14 |    85 |    +1.0% |   -2.455 |    -2713.6 |     -144.6 |    183 | digest\[255\]$_DFFE_PN0P_/D
     819* |       0 |     194 |       62 |     14 |    81 |    +0.9% |   -2.450 |    -2711.2 |     -144.0 |    183 | digest\[255\]$_DFFE_PN0P_/D
     820* |       0 |     194 |       62 |     14 |    81 |    +0.9% |   -2.450 |    -2711.2 |     -144.0 |    183 | digest\[255\]$_DFFE_PN0P_/D
     830* |       0 |     200 |       64 |     14 |    83 |    +0.9% |   -2.450 |    -2711.2 |     -143.9 |    183 | digest\[255\]$_DFFE_PN0P_/D
     831* |       0 |     196 |       62 |     14 |    82 |    +0.9% |   -2.450 |    -2711.2 |     -143.9 |    183 | digest\[255\]$_DFFE_PN0P_/D
     840* |       0 |     202 |       63 |     14 |    83 |    +1.0% |   -2.450 |    -2711.2 |     -144.4 |    183 | digest\[255\]$_DFFE_PN0P_/D
     850* |       0 |     209 |       65 |     14 |    84 |    +1.0% |   -2.453 |    -2707.8 |     -144.1 |    183 | digest\[255\]$_DFFE_PN0P_/D
     860* |       0 |     216 |       68 |     14 |    84 |    +1.0% |   -2.454 |    -2703.8 |     -144.6 |    183 | digest\[255\]$_DFFE_PN0P_/D
     870* |       0 |     225 |       69 |     14 |    84 |    +1.0% |   -2.453 |    -2703.8 |     -144.3 |    183 | digest\[255\]$_DFFE_PN0P_/D
     880* |       0 |     232 |       74 |     16 |    84 |    +1.1% |   -2.453 |    -2703.8 |     -144.4 |    183 | digest\[255\]$_DFFE_PN0P_/D
     886* |       0 |     199 |       62 |     14 |    83 |    +0.9% |   -2.450 |    -2711.2 |     -143.8 |    183 | digest\[255\]$_DFFE_PN0P_/D
     890* |       0 |     200 |       63 |     14 |    84 |    +1.0% |   -2.450 |    -2711.2 |     -144.4 |    183 | digest\[255\]$_DFFE_PN0P_/D
     900* |       0 |     204 |       66 |     14 |    87 |    +1.0% |   -2.450 |    -2707.8 |     -144.0 |    183 | digest\[255\]$_DFFE_PN0P_/D
     910* |       0 |     211 |       69 |     14 |    87 |    +1.0% |   -2.453 |    -2707.8 |     -144.7 |    183 | digest\[255\]$_DFFE_PN0P_/D
     920* |       0 |     216 |       73 |     14 |    88 |    +1.0% |   -2.453 |    -2707.8 |     -145.1 |    183 | digest\[255\]$_DFFE_PN0P_/D
     926* |       0 |     200 |       63 |     14 |    84 |    +1.0% |   -2.450 |    -2711.2 |     -144.4 |    183 | digest\[255\]$_DFFE_PN0P_/D
     930* |       0 |     202 |       63 |     14 |    85 |    +1.0% |   -2.450 |    -2711.2 |     -144.3 |    183 | digest\[255\]$_DFFE_PN0P_/D
     940* |       0 |     210 |       65 |     14 |    85 |    +1.0% |   -2.453 |    -2707.8 |     -144.0 |    183 | digest\[255\]$_DFFE_PN0P_/D
     950* |       0 |     217 |       68 |     14 |    85 |    +1.0% |   -2.453 |    -2703.8 |     -144.7 |    183 | digest\[255\]$_DFFE_PN0P_/D
     960* |       0 |     224 |       71 |     14 |    86 |    +1.1% |   -2.453 |    -2703.8 |     -144.4 |    183 | digest\[255\]$_DFFE_PN0P_/D
     970* |       0 |     234 |       71 |     14 |    86 |    +1.1% |   -2.453 |    -2703.8 |     -145.9 |    183 | digest\[255\]$_DFFE_PN0P_/D
     980* |       0 |     240 |       77 |     16 |    86 |    +1.1% |   -2.453 |    -2702.9 |     -144.0 |    183 | digest\[255\]$_DFFE_PN0P_/D
     988* |       0 |     208 |       65 |     14 |    85 |    +1.0% |   -2.450 |    -2707.8 |     -144.0 |    183 | digest\[255\]$_DFFE_PN0P_/D
     990* |       0 |     209 |       65 |     14 |    85 |    +1.0% |   -2.450 |    -2707.8 |     -145.6 |    183 | digest\[255\]$_DFFE_PN0P_/D
    1000* |       0 |     218 |       66 |     14 |    85 |    +1.0% |   -2.455 |    -2711.1 |     -145.5 |    183 | digest\[255\]$_DFFE_PN0P_/D
    1010* |       0 |     224 |       69 |     14 |    86 |    +1.0% |   -2.455 |    -2710.2 |     -142.4 |    183 | digest\[255\]$_DFFE_PN0P_/D
    1017* |       0 |     208 |       65 |     14 |    85 |    +1.0% |   -2.450 |    -2707.8 |     -144.0 |    183 | digest\[255\]$_DFFE_PN0P_/D
    1020* |       0 |     210 |       65 |     14 |    85 |    +1.0% |   -2.450 |    -2707.8 |     -145.8 |    183 | digest\[255\]$_DFFE_PN0P_/D
    1030* |       0 |     219 |       66 |     14 |    85 |    +1.0% |   -2.455 |    -2711.1 |     -145.8 |    183 | digest\[255\]$_DFFE_PN0P_/D
    1040* |       0 |     227 |       68 |     14 |    85 |    +1.0% |   -2.455 |    -2710.2 |     -142.2 |    183 | digest\[255\]$_DFFE_PN0P_/D
    1050* |       0 |     228 |       73 |     14 |    89 |    +1.1% |   -2.455 |    -2710.2 |     -143.2 |    183 | digest\[255\]$_DFFE_PN0P_/D
    1057* |       0 |     209 |       65 |     14 |    85 |    +1.0% |   -2.450 |    -2707.8 |     -144.2 |    183 | digest\[255\]$_DFFE_PN0P_/D
    1060* |       0 |     210 |       66 |     14 |    85 |    +1.0% |   -2.453 |    -2707.8 |     -144.4 |    183 | digest\[255\]$_DFFE_PN0P_/D
    1070* |       0 |     217 |       67 |     14 |    87 |    +1.0% |   -2.454 |    -2703.8 |     -144.2 |    183 | digest\[255\]$_DFFE_PN0P_/D
    1080* |       0 |     221 |       68 |     14 |    92 |    +1.0% |   -2.522 |    -2766.7 |     -146.5 |    183 | digest\[255\]$_DFFE_PN0P_/D
    1090* |       0 |     227 |       70 |     14 |    94 |    +1.1% |   -2.478 |    -2719.2 |     -146.1 |    183 | digest\[255\]$_DFFE_PN0P_/D
    1100* |       0 |     231 |       72 |     14 |    98 |    +1.1% |   -2.455 |    -2704.7 |     -144.3 |    183 | digest\[255\]$_DFFE_PN0P_/D
    1110* |       0 |     235 |       74 |     15 |   101 |    +1.1% |   -2.485 |    -2704.7 |     -148.1 |    183 | digest\[255\]$_DFFE_PN0P_/D
    1120* |       0 |     240 |       76 |     15 |   104 |    +1.1% |   -2.468 |    -2705.2 |     -147.3 |    183 | digest\[255\]$_DFFE_PN0P_/D
    1123* |       0 |     221 |       67 |     14 |    90 |    +1.0% |   -2.447 |    -2678.8 |     -143.8 |    183 | digest\[255\]$_DFFE_PN0P_/D
    1130* |       0 |     225 |       68 |     14 |    91 |    +1.0% |   -2.433 |    -2665.5 |     -143.4 |    183 | digest\[255\]$_DFFE_PN0P_/D
    1140* |       0 |     233 |       68 |     14 |    93 |    +1.1% |   -2.453 |    -2693.8 |     -144.7 |    183 | digest\[255\]$_DFFE_PN0P_/D
    1150* |       0 |     238 |       70 |     14 |    96 |    +1.1% |   -2.444 |    -2681.6 |     -144.7 |    183 | digest\[255\]$_DFFE_PN0P_/D
    1158* |       0 |     225 |       68 |     14 |    92 |    +1.0% |   -2.432 |    -2665.6 |     -143.4 |    183 | digest\[255\]$_DFFE_PN0P_/D
    1160* |       0 |     226 |       68 |     14 |    92 |    +1.0% |   -2.432 |    -2665.6 |     -144.6 |    183 | digest\[255\]$_DFFE_PN0P_/D
    1170* |       0 |     233 |       70 |     14 |    93 |    +1.1% |   -2.432 |    -2665.6 |     -144.2 |    183 | digest\[255\]$_DFFE_PN0P_/D
    1180* |       0 |     239 |       72 |     16 |    93 |    +1.1% |   -2.447 |    -2666.3 |     -143.0 |    183 | digest\[255\]$_DFFE_PN0P_/D
    1190* |       0 |     245 |       79 |     16 |    95 |    +1.2% |   -2.432 |    -2664.8 |     -142.1 |    183 | digest\[255\]$_DFFE_PN0P_/D
    1200* |       0 |     249 |       82 |     16 |    98 |    +1.2% |   -2.432 |    -2664.8 |     -141.5 |    183 | digest\[255\]$_DFFE_PN0P_/D
    1210* |       0 |     252 |       84 |     16 |   103 |    +1.2% |   -2.432 |    -2664.7 |     -141.6 |    183 | digest\[255\]$_DFFE_PN0P_/D
    1220* |       0 |     259 |       86 |     16 |   104 |    +1.2% |   -2.432 |    -2664.4 |     -142.3 |    183 | digest\[255\]$_DFFE_PN0P_/D
    1222* |       0 |     261 |       86 |     16 |   104 |    +1.2% |   -2.432 |    -2664.4 |     -141.9 |    183 | digest\[255\]$_DFFE_PN0P_/D
    1230* |       0 |     265 |       86 |     16 |   107 |    +1.2% |   -2.432 |    -2664.4 |     -142.5 |    183 | digest\[255\]$_DFFE_PN0P_/D
    1240* |       0 |     271 |       88 |     16 |   109 |    +1.3% |   -2.432 |    -2664.4 |     -141.9 |    183 | digest\[255\]$_DFFE_PN0P_/D
    1250* |       0 |     277 |       89 |     16 |   112 |    +1.3% |   -2.432 |    -2667.6 |     -142.2 |    183 | digest\[255\]$_DFFE_PN0P_/D
    1260* |       0 |     284 |       93 |     16 |   112 |    +1.3% |   -2.432 |    -2668.5 |     -142.1 |    183 | digest\[255\]$_DFFE_PN0P_/D
    1270* |       0 |     292 |       94 |     16 |   113 |    +1.4% |   -2.432 |    -2668.5 |     -140.9 |    183 | digest\[255\]$_DFFE_PN0P_/D
    1280* |       0 |     296 |      100 |     16 |   113 |    +1.4% |   -2.432 |    -2667.5 |     -149.1 |    183 | digest\[255\]$_DFFE_PN0P_/D
    1288* |       0 |     289 |       93 |     16 |   113 |    +1.3% |   -2.432 |    -2668.5 |     -141.2 |    183 | digest\[255\]$_DFFE_PN0P_/D
    1290* |       0 |     290 |       93 |     16 |   113 |    +1.3% |   -2.432 |    -2668.5 |     -141.1 |    183 | digest\[255\]$_DFFE_PN0P_/D
    1300* |       0 |     297 |       94 |     16 |   115 |    +1.4% |   -2.432 |    -2668.5 |     -140.8 |    183 | digest\[255\]$_DFFE_PN0P_/D
    1310* |       0 |     301 |       98 |     16 |   117 |    +1.4% |   -2.432 |    -2667.5 |     -142.1 |    183 | digest\[255\]$_DFFE_PN0P_/D
    1320* |       0 |     308 |      100 |     16 |   118 |    +1.4% |   -2.432 |    -2667.9 |     -141.7 |    183 | digest\[255\]$_DFFE_PN0P_/D
    1330* |       0 |     312 |      107 |     16 |   118 |    +1.5% |   -2.432 |    -2667.5 |     -156.2 |    183 | digest\[255\]$_DFFE_PN0P_/D
    1339* |       0 |     297 |       96 |     16 |   115 |    +1.4% |   -2.432 |    -2668.5 |     -141.0 |    183 | digest\[255\]$_DFFE_PN0P_/D
    1340* |       0 |     297 |       96 |     16 |   115 |    +1.4% |   -2.432 |    -2668.5 |     -141.0 |    183 | digest\[255\]$_DFFE_PN0P_/D
    1350* |       0 |     303 |       99 |     16 |   116 |    +1.4% |   -2.432 |    -2668.5 |     -141.3 |    183 | digest\[255\]$_DFFE_PN0P_/D
    1360* |       0 |     309 |      102 |     16 |   117 |    +1.4% |   -2.432 |    -2668.3 |     -147.3 |    183 | digest\[255\]$_DFFE_PN0P_/D
    1366* |       0 |     300 |       98 |     16 |   115 |    +1.4% |   -2.432 |    -2668.5 |     -141.2 |    183 | digest\[255\]$_DFFE_PN0P_/D
    1370* |       0 |     300 |      100 |     16 |   116 |    +1.4% |   -2.432 |    -2667.5 |     -142.1 |    183 | digest\[255\]$_DFFE_PN0P_/D
    1376* |       0 |     300 |       99 |     16 |   115 |    +1.4% |   -2.432 |    -2667.5 |     -142.0 |    183 | digest\[255\]$_DFFE_PN0P_/D
    1380* |       0 |     303 |       99 |     16 |   115 |    +1.4% |   -2.432 |    -2667.5 |     -142.0 |    183 | digest\[255\]$_DFFE_PN0P_/D
    1390* |       0 |     309 |      100 |     17 |   117 |    +1.4% |   -2.445 |    -2674.4 |     -144.5 |    183 | digest\[254\]$_DFFE_PN0P_/D
    1400* |       0 |     315 |      101 |     17 |   120 |    +1.5% |   -2.432 |    -2664.2 |     -145.1 |    183 | digest\[254\]$_DFFE_PN0P_/D
    1400* |       0 |     305 |      100 |     16 |   115 |    +1.4% |   -2.430 |    -2662.0 |     -142.9 |    183 | digest\[255\]$_DFFE_PN0P_/D
    1410* |       0 |     310 |      102 |     16 |   117 |    +1.4% |   -2.430 |    -2662.0 |     -142.6 |    183 | digest\[255\]$_DFFE_PN0P_/D
    1420* |       0 |     313 |      103 |     16 |   123 |    +1.4% |   -2.513 |    -2710.8 |     -150.4 |    183 | digest\[254\]$_DFFE_PN0P_/D
    1430* |       0 |     318 |      106 |     16 |   125 |    +1.5% |   -2.525 |    -2731.0 |     -152.8 |    183 | digest\[254\]$_DFFE_PN0P_/D
    1433* |       0 |     309 |      100 |     16 |   116 |    +1.4% |   -2.430 |    -2662.0 |     -141.6 |    183 | digest\[255\]$_DFFE_PN0P_/D
    1440* |       0 |     312 |      102 |     16 |   117 |    +1.4% |   -2.430 |    -2662.0 |     -142.9 |    183 | digest\[255\]$_DFFE_PN0P_/D
    1450* |       0 |     318 |      106 |     16 |   117 |    +1.5% |   -2.430 |    -2662.0 |     -154.6 |    183 | digest\[255\]$_DFFE_PN0P_/D
    1457* |       0 |     311 |      100 |     16 |   116 |    +1.4% |   -2.430 |    -2664.0 |     -141.4 |    183 | digest\[255\]$_DFFE_PN0P_/D
    1460* |       0 |     312 |      100 |     16 |   117 |    +1.4% |   -2.430 |    -2664.0 |     -141.8 |    183 | digest\[255\]$_DFFE_PN0P_/D
    1470* |       0 |     315 |      103 |     16 |   121 |    +1.4% |   -2.431 |    -2664.1 |     -141.9 |    183 | digest\[255\]$_DFFE_PN0P_/D
    1473* |       0 |     313 |      101 |     16 |   119 |    +1.4% |   -2.430 |    -2664.0 |     -141.6 |    183 | digest\[255\]$_DFFE_PN0P_/D
    1480* |       0 |     315 |      104 |     16 |   120 |    +1.5% |   -2.430 |    -2662.0 |     -143.6 |    183 | digest\[255\]$_DFFE_PN0P_/D
    1490* |       0 |     322 |      106 |     16 |   121 |    +1.5% |   -2.430 |    -2662.0 |     -144.0 |    183 | digest\[255\]$_DFFE_PN0P_/D
    1490* |       0 |     320 |      105 |     16 |   121 |    +1.5% |   -2.430 |    -2662.0 |     -143.7 |    183 | digest\[255\]$_DFFE_PN0P_/D
    1499* |       0 |     322 |      105 |     16 |   122 |    +1.5% |   -2.430 |    -2662.0 |     -143.6 |    183 | digest\[255\]$_DFFE_PN0P_/D
    1500* |       0 |     322 |      105 |     16 |   122 |    +1.5% |   -2.430 |    -2662.0 |     -143.6 |    183 | digest\[255\]$_DFFE_PN0P_/D
    1510* |       0 |     328 |      107 |     16 |   124 |    +1.5% |   -2.430 |    -2654.8 |     -143.7 |    183 | digest\[255\]$_DFFE_PN0P_/D
    1520* |       0 |     335 |      110 |     16 |   124 |    +1.5% |   -2.430 |    -2660.9 |     -149.8 |    183 | digest\[255\]$_DFFE_PN0P_/D
    1523* |       0 |     326 |      106 |     16 |   124 |    +1.5% |   -2.430 |    -2662.0 |     -143.5 |    183 | digest\[255\]$_DFFE_PN0P_/D
    1530* |       0 |     328 |      107 |     16 |   127 |    +1.5% |   -2.430 |    -2661.5 |     -143.5 |    183 | digest\[255\]$_DFFE_PN0P_/D
    1540* |       0 |     334 |      110 |     16 |   128 |    +1.5% |   -2.430 |    -2661.4 |     -143.7 |    183 | digest\[255\]$_DFFE_PN0P_/D
    1541* |       0 |     332 |      107 |     16 |   128 |    +1.5% |   -2.430 |    -2661.4 |     -143.4 |    183 | digest\[255\]$_DFFE_PN0P_/D
    1550* |       0 |     336 |      110 |     16 |   129 |    +1.5% |   -2.430 |    -2661.4 |     -143.7 |    183 | digest\[255\]$_DFFE_PN0P_/D
    1550* |       0 |     332 |      107 |     16 |   128 |    +1.5% |   -2.430 |    -2661.4 |     -143.4 |    183 | digest\[255\]$_DFFE_PN0P_/D
    1560* |       0 |     337 |      109 |     16 |   130 |    +1.5% |   -2.430 |    -2661.4 |     -143.7 |    183 | digest\[255\]$_DFFE_PN0P_/D
    1564* |       0 |     334 |      107 |     16 |   128 |    +1.5% |   -2.430 |    -2661.4 |     -143.4 |    183 | digest\[255\]$_DFFE_PN0P_/D
    1568* |       0 |     336 |      108 |     16 |   128 |    +1.5% |   -2.430 |    -2661.4 |     -143.4 |    183 | digest\[255\]$_DFFE_PN0P_/D
    1570* |       0 |     337 |      108 |     16 |   128 |    +1.5% |   -2.430 |    -2661.4 |     -143.4 |    183 | digest\[255\]$_DFFE_PN0P_/D
    1580* |       0 |     344 |      109 |     16 |   130 |    +1.5% |   -2.444 |    -2681.1 |     -143.6 |    183 | digest\[255\]$_DFFE_PN0P_/D
    1589* |       0 |     337 |      108 |     16 |   128 |    +1.5% |   -2.430 |    -2661.4 |     -143.4 |    183 | digest\[255\]$_DFFE_PN0P_/D
    1590* |       0 |     337 |      108 |     16 |   128 |    +1.5% |   -2.430 |    -2661.4 |     -143.4 |    183 | digest\[255\]$_DFFE_PN0P_/D
    1600* |       0 |     339 |      109 |     16 |   135 |    +1.5% |   -2.430 |    -2661.6 |     -143.2 |    183 | digest\[255\]$_DFFE_PN0P_/D
    1610* |       0 |     346 |      111 |     16 |   136 |    +1.5% |   -2.430 |    -2661.6 |     -143.3 |    183 | digest\[255\]$_DFFE_PN0P_/D
    1610* |       0 |     337 |      108 |     16 |   129 |    +1.5% |   -2.430 |    -2661.4 |     -143.3 |    183 | digest\[255\]$_DFFE_PN0P_/D
    1620* |       0 |     342 |      110 |     16 |   131 |    +1.5% |   -2.430 |    -2661.4 |     -143.4 |    183 | digest\[255\]$_DFFE_PN0P_/D
    1624* |       0 |     341 |      108 |     16 |   129 |    +1.5% |   -2.430 |    -2661.4 |     -143.2 |    183 | digest\[255\]$_DFFE_PN0P_/D
    1630* |       0 |     341 |      108 |     16 |   134 |    +1.5% |   -2.430 |    -2661.4 |     -143.2 |    183 | digest\[255\]$_DFFE_PN0P_/D
    1640* |       0 |     348 |      111 |     16 |   134 |    +1.5% |   -2.434 |    -2668.2 |     -151.4 |    183 | digest\[255\]$_DFFE_PN0P_/D
    1650* |       0 |     354 |      115 |     16 |   134 |    +1.6% |   -2.434 |    -2668.2 |     -155.0 |    183 | digest\[255\]$_DFFE_PN0P_/D
    1651* |       0 |     342 |      108 |     16 |   134 |    +1.5% |   -2.430 |    -2661.4 |     -143.1 |    183 | digest\[255\]$_DFFE_PN0P_/D
    1660* |       0 |     348 |      110 |     16 |   134 |    +1.5% |   -2.430 |    -2661.4 |     -143.4 |    183 | digest\[255\]$_DFFE_PN0P_/D
    1670* |       0 |     354 |      114 |     16 |   134 |    +1.5% |   -2.430 |    -2663.4 |     -151.6 |    183 | digest\[255\]$_DFFE_PN0P_/D
    1677* |       0 |     347 |      109 |     16 |   134 |    +1.5% |   -2.430 |    -2661.4 |     -143.3 |    183 | digest\[255\]$_DFFE_PN0P_/D
    1680* |       0 |     347 |      111 |     16 |   134 |    +1.5% |   -2.430 |    -2661.4 |     -143.5 |    183 | digest\[255\]$_DFFE_PN0P_/D
    1682* |       0 |     347 |      109 |     16 |   134 |    +1.5% |   -2.430 |    -2661.4 |     -143.3 |    183 | digest\[255\]$_DFFE_PN0P_/D
    1685* |       0 |     349 |      109 |     16 |   134 |    +1.5% |   -2.430 |    -2661.4 |     -143.2 |    183 | digest\[255\]$_DFFE_PN0P_/D
    1689* |       0 |     349 |      109 |     16 |   134 |    +1.5% |   -2.430 |    -2661.4 |     -143.2 |    183 | digest\[255\]$_DFFE_PN0P_/D
    1690* |       0 |     349 |      109 |     16 |   134 |    +1.5% |   -2.430 |    -2661.4 |     -143.2 |    183 | digest\[255\]$_DFFE_PN0P_/D
    1700* |       0 |     352 |      111 |     16 |   139 |    +1.5% |   -2.430 |    -2661.4 |     -143.3 |    183 | digest\[255\]$_DFFE_PN0P_/D
    1700* |       0 |     350 |      109 |     16 |   135 |    +1.5% |   -2.430 |    -2661.4 |     -143.2 |    183 | digest\[255\]$_DFFE_PN0P_/D
    1710* |       0 |     355 |      112 |     16 |   136 |    +1.5% |   -2.430 |    -2663.4 |     -150.9 |    183 | digest\[255\]$_DFFE_PN0P_/D
    1720* |       0 |     360 |      117 |     16 |   136 |    +1.6% |   -2.430 |    -2663.4 |     -154.9 |    183 | digest\[255\]$_DFFE_PN0P_/D
    1720* |       0 |     351 |      109 |     16 |   136 |    +1.5% |   -2.430 |    -2663.4 |     -142.9 |    183 | digest\[255\]$_DFFE_PN0P_/D
    1730* |       0 |     358 |      110 |     16 |   137 |    +1.5% |   -2.430 |    -2663.8 |     -143.0 |    183 | digest\[255\]$_DFFE_PN0P_/D
    1740* |       0 |     365 |      112 |     16 |   138 |    +1.6% |   -2.437 |    -2676.7 |     -143.4 |    183 | digest\[255\]$_DFFE_PN0P_/D
    1750* |       0 |     371 |      116 |     16 |   138 |    +1.6% |   -2.437 |    -2667.8 |     -145.8 |    183 | digest\[255\]$_DFFE_PN0P_/D
    1760* |       0 |     376 |      119 |     16 |   140 |    +1.6% |   -2.437 |    -2675.6 |     -150.8 |    183 | digest\[255\]$_DFFE_PN0P_/D
    1761* |       0 |     352 |      109 |     16 |   137 |    +1.5% |   -2.430 |    -2663.4 |     -142.9 |    183 | digest\[255\]$_DFFE_PN0P_/D
    1770* |       0 |     356 |      110 |     16 |   140 |    +1.5% |   -2.430 |    -2663.4 |     -145.1 |    183 | digest\[255\]$_DFFE_PN0P_/D
    1780* |       0 |     361 |      115 |     16 |   140 |    +1.6% |   -2.430 |    -2663.4 |     -154.5 |    183 | digest\[255\]$_DFFE_PN0P_/D
    1786* |       0 |     352 |      109 |     16 |   137 |    +1.5% |   -2.430 |    -2663.4 |     -142.9 |    183 | digest\[255\]$_DFFE_PN0P_/D
    1790* |       0 |     353 |      110 |     16 |   138 |    +1.5% |   -2.430 |    -2663.4 |     -145.1 |    183 | digest\[255\]$_DFFE_PN0P_/D
    1800* |       0 |     358 |      115 |     16 |   138 |    +1.6% |   -2.430 |    -2663.4 |     -154.4 |    183 | digest\[255\]$_DFFE_PN0P_/D
    1800* |       0 |     352 |      109 |     16 |   137 |    +1.5% |   -2.430 |    -2663.4 |     -142.9 |    183 | digest\[255\]$_DFFE_PN0P_/D
    1800* |       0 |     352 |      109 |     16 |   137 |    +1.5% |   -2.430 |    -2663.4 |     -142.9 |    183 | digest\[255\]$_DFFE_PN0P_/D
    1800+ |       0 |     352 |      109 |     16 |   137 |    +1.5% |   -2.430 |    -2663.4 |     -142.9 |    118 | digest\[255\]$_DFFE_PN0P_/D
    1801+ |       0 |     352 |      109 |     16 |   137 |    +1.5% |   -2.430 |    -2663.4 |     -142.9 |    118 | digest\[255\]$_DFFE_PN0P_/D
    1802+ |       0 |     352 |      109 |     16 |   137 |    +1.5% |   -2.430 |    -2663.4 |     -142.9 |    118 | digest\[255\]$_DFFE_PN0P_/D
    1805+ |       0 |     353 |      109 |     16 |   138 |    +1.5% |   -2.430 |    -2663.4 |     -142.9 |    118 | digest\[255\]$_DFFE_PN0P_/D
    1806+ |       0 |     353 |      109 |     16 |   138 |    +1.5% |   -2.430 |    -2663.4 |     -142.9 |    118 | digest\[255\]$_DFFE_PN0P_/D
    1809+ |       0 |     355 |      109 |     16 |   138 |    +1.5% |   -2.430 |    -2663.4 |     -142.9 |    118 | digest\[255\]$_DFFE_PN0P_/D
    1810+ |       0 |     355 |      109 |     16 |   138 |    +1.5% |   -2.430 |    -2663.4 |     -142.9 |    118 | digest\[255\]$_DFFE_PN0P_/D
    1810+ |       0 |     355 |      109 |     16 |   138 |    +1.5% |   -2.430 |    -2663.4 |     -142.9 |    118 | digest\[255\]$_DFFE_PN0P_/D
    1811+ |       0 |     355 |      109 |     16 |   138 |    +1.5% |   -2.430 |    -2663.4 |     -142.9 |    118 | digest\[255\]$_DFFE_PN0P_/D
    1812+ |       0 |     355 |      109 |     16 |   138 |    +1.5% |   -2.430 |    -2663.4 |     -142.9 |    118 | digest\[255\]$_DFFE_PN0P_/D
    1813+ |       0 |     355 |      109 |     16 |   138 |    +1.5% |   -2.430 |    -2663.4 |     -142.9 |    118 | digest\[255\]$_DFFE_PN0P_/D
    1816+ |       0 |     357 |      109 |     16 |   138 |    +1.5% |   -2.430 |    -2663.4 |     -142.8 |    118 | digest\[255\]$_DFFE_PN0P_/D
    1818+ |       0 |     358 |      109 |     16 |   138 |    +1.5% |   -2.430 |    -2663.4 |     -142.8 |    118 | digest\[255\]$_DFFE_PN0P_/D
    1819+ |       0 |     358 |      109 |     16 |   138 |    +1.5% |   -2.430 |    -2663.4 |     -142.8 |    118 | digest\[255\]$_DFFE_PN0P_/D
    1820+ |       0 |     358 |      109 |     16 |   138 |    +1.5% |   -2.430 |    -2663.4 |     -142.8 |    118 | digest\[255\]$_DFFE_PN0P_/D
    1820+ |       0 |     358 |      109 |     16 |   138 |    +1.5% |   -2.430 |    -2663.4 |     -142.8 |    118 | digest\[255\]$_DFFE_PN0P_/D
    1822+ |       0 |     359 |      109 |     16 |   138 |    +1.5% |   -2.430 |    -2663.4 |     -142.8 |    118 | digest\[255\]$_DFFE_PN0P_/D
    1824+ |       0 |     359 |      109 |     16 |   139 |    +1.5% |   -2.430 |    -2663.4 |     -142.8 |    118 | digest\[255\]$_DFFE_PN0P_/D
    1827+ |       0 |     361 |      109 |     16 |   139 |    +1.5% |   -2.430 |    -2663.4 |     -142.7 |    118 | digest\[255\]$_DFFE_PN0P_/D
    1828+ |       0 |     361 |      109 |     16 |   139 |    +1.5% |   -2.430 |    -2663.4 |     -142.7 |    118 | digest\[255\]$_DFFE_PN0P_/D
    1830+ |       0 |     362 |      109 |     16 |   139 |    +1.5% |   -2.430 |    -2663.4 |     -142.7 |    118 | digest\[255\]$_DFFE_PN0P_/D
    1830+ |       0 |     362 |      109 |     16 |   139 |    +1.5% |   -2.430 |    -2663.4 |     -142.7 |    118 | digest\[255\]$_DFFE_PN0P_/D
    1831+ |       0 |     362 |      109 |     16 |   139 |    +1.5% |   -2.430 |    -2663.4 |     -142.7 |    118 | digest\[255\]$_DFFE_PN0P_/D
    1832+ |       0 |     362 |      109 |     16 |   139 |    +1.5% |   -2.430 |    -2663.4 |     -142.7 |    118 | digest\[255\]$_DFFE_PN0P_/D
    1834+ |       0 |     363 |      109 |     16 |   139 |    +1.5% |   -2.430 |    -2663.4 |     -142.3 |    118 | digest\[255\]$_DFFE_PN0P_/D
    1835+ |       0 |     363 |      109 |     16 |   139 |    +1.5% |   -2.430 |    -2663.4 |     -142.3 |    118 | digest\[255\]$_DFFE_PN0P_/D
    1836+ |       0 |     363 |      109 |     16 |   139 |    +1.5% |   -2.430 |    -2663.4 |     -142.3 |    118 | digest\[255\]$_DFFE_PN0P_/D
    1838+ |       0 |     364 |      109 |     16 |   139 |    +1.5% |   -2.430 |    -2663.4 |     -142.2 |    118 | digest\[255\]$_DFFE_PN0P_/D
    1839+ |       0 |     364 |      109 |     16 |   139 |    +1.5% |   -2.430 |    -2663.4 |     -142.2 |    118 | digest\[255\]$_DFFE_PN0P_/D
    1840+ |       0 |     364 |      109 |     16 |   139 |    +1.5% |   -2.430 |    -2663.4 |     -142.2 |    118 | digest\[255\]$_DFFE_PN0P_/D
    1840+ |       0 |     364 |      109 |     16 |   139 |    +1.5% |   -2.430 |    -2663.4 |     -142.2 |    118 | digest\[255\]$_DFFE_PN0P_/D
    1841+ |       0 |     364 |      109 |     16 |   139 |    +1.5% |   -2.430 |    -2663.4 |     -142.2 |    118 | digest\[255\]$_DFFE_PN0P_/D
    1843+ |       0 |     365 |      109 |     16 |   139 |    +1.5% |   -2.430 |    -2663.4 |     -142.2 |    118 | digest\[255\]$_DFFE_PN0P_/D
    1844+ |       0 |     365 |      109 |     16 |   139 |    +1.5% |   -2.430 |    -2663.4 |     -142.2 |    118 | digest\[255\]$_DFFE_PN0P_/D
    1847+ |       0 |     367 |      109 |     16 |   139 |    +1.6% |   -2.430 |    -2663.4 |     -142.2 |    118 | digest\[255\]$_DFFE_PN0P_/D
    1848+ |       0 |     367 |      109 |     16 |   139 |    +1.6% |   -2.430 |    -2663.4 |     -142.2 |    118 | digest\[255\]$_DFFE_PN0P_/D
    1849+ |       0 |     367 |      109 |     16 |   139 |    +1.6% |   -2.430 |    -2663.4 |     -142.2 |    118 | digest\[255\]$_DFFE_PN0P_/D
    1850+ |       0 |     367 |      109 |     16 |   139 |    +1.6% |   -2.430 |    -2663.4 |     -142.2 |    118 | digest\[255\]$_DFFE_PN0P_/D
    1850+ |       0 |     367 |      109 |     16 |   139 |    +1.6% |   -2.430 |    -2663.4 |     -142.2 |    118 | digest\[255\]$_DFFE_PN0P_/D
    1851+ |       0 |     367 |      109 |     16 |   139 |    +1.6% |   -2.430 |    -2663.4 |     -142.2 |    118 | digest\[255\]$_DFFE_PN0P_/D
    1852+ |       0 |     367 |      109 |     16 |   139 |    +1.6% |   -2.430 |    -2663.4 |     -142.2 |    118 | digest\[255\]$_DFFE_PN0P_/D
    1855+ |       0 |     369 |      109 |     16 |   139 |    +1.6% |   -2.430 |    -2663.4 |     -142.1 |    118 | digest\[255\]$_DFFE_PN0P_/D
    1856+ |       0 |     369 |      109 |     16 |   139 |    +1.6% |   -2.430 |    -2663.4 |     -142.1 |    118 | digest\[255\]$_DFFE_PN0P_/D
    1859+ |       0 |     371 |      109 |     16 |   139 |    +1.6% |   -2.430 |    -2663.4 |     -142.0 |    118 | digest\[255\]$_DFFE_PN0P_/D
    1860+ |       0 |     371 |      109 |     16 |   139 |    +1.6% |   -2.430 |    -2663.4 |     -142.0 |    118 | digest\[255\]$_DFFE_PN0P_/D
    1861+ |       0 |     372 |      109 |     16 |   139 |    +1.6% |   -2.430 |    -2663.4 |     -142.0 |    118 | digest\[255\]$_DFFE_PN0P_/D
    1862+ |       0 |     372 |      109 |     16 |   139 |    +1.6% |   -2.430 |    -2663.4 |     -142.0 |    118 | digest\[255\]$_DFFE_PN0P_/D
    1863+ |       0 |     372 |      109 |     16 |   139 |    +1.6% |   -2.430 |    -2663.4 |     -142.0 |    118 | digest\[255\]$_DFFE_PN0P_/D
    1865+ |       0 |     373 |      109 |     16 |   139 |    +1.6% |   -2.430 |    -2663.4 |     -142.0 |    118 | digest\[255\]$_DFFE_PN0P_/D
    1867+ |       0 |     374 |      109 |     16 |   139 |    +1.6% |   -2.430 |    -2663.4 |     -142.0 |    118 | digest\[255\]$_DFFE_PN0P_/D
    1868+ |       0 |     374 |      109 |     16 |   139 |    +1.6% |   -2.430 |    -2663.4 |     -142.0 |    118 | digest\[255\]$_DFFE_PN0P_/D
    1869+ |       0 |     374 |      109 |     16 |   139 |    +1.6% |   -2.430 |    -2663.4 |     -142.0 |    118 | digest\[255\]$_DFFE_PN0P_/D
    1870+ |       0 |     374 |      109 |     16 |   139 |    +1.6% |   -2.430 |    -2663.4 |     -142.0 |    118 | digest\[255\]$_DFFE_PN0P_/D
    1870+ |       0 |     374 |      109 |     16 |   139 |    +1.6% |   -2.430 |    -2663.4 |     -142.0 |    118 | digest\[255\]$_DFFE_PN0P_/D
    1871+ |       0 |     374 |      109 |     16 |   139 |    +1.6% |   -2.430 |    -2663.4 |     -142.0 |    118 | digest\[255\]$_DFFE_PN0P_/D
    1872+ |       0 |     374 |      109 |     16 |   139 |    +1.6% |   -2.430 |    -2663.4 |     -142.0 |    118 | digest\[255\]$_DFFE_PN0P_/D
    1874+ |       0 |     375 |      109 |     16 |   139 |    +1.6% |   -2.430 |    -2663.4 |     -142.0 |    118 | digest\[255\]$_DFFE_PN0P_/D
    1875+ |       0 |     375 |      109 |     16 |   139 |    +1.6% |   -2.430 |    -2663.4 |     -142.0 |    118 | digest\[255\]$_DFFE_PN0P_/D
    1876+ |       0 |     375 |      109 |     16 |   139 |    +1.6% |   -2.430 |    -2663.4 |     -142.0 |    118 | digest\[255\]$_DFFE_PN0P_/D
    1877+ |       0 |     375 |      109 |     16 |   139 |    +1.6% |   -2.430 |    -2663.4 |     -142.0 |    118 | digest\[255\]$_DFFE_PN0P_/D
    1878+ |       0 |     375 |      109 |     16 |   139 |    +1.6% |   -2.430 |    -2663.4 |     -142.0 |    118 | digest\[255\]$_DFFE_PN0P_/D
    1880+ |       0 |     375 |      109 |     16 |   140 |    +1.6% |   -2.430 |    -2663.4 |     -142.0 |    118 | digest\[255\]$_DFFE_PN0P_/D
    1885+ |       0 |     378 |      109 |     16 |   142 |    +1.6% |   -2.430 |    -2663.4 |     -141.9 |    118 | digest\[255\]$_DFFE_PN0P_/D
    1886+ |       0 |     378 |      109 |     16 |   142 |    +1.6% |   -2.430 |    -2663.4 |     -141.9 |    118 | digest\[255\]$_DFFE_PN0P_/D
    1887+ |       0 |     378 |      109 |     16 |   142 |    +1.6% |   -2.430 |    -2663.4 |     -141.9 |    118 | digest\[255\]$_DFFE_PN0P_/D
    1888+ |       0 |     378 |      109 |     16 |   142 |    +1.6% |   -2.430 |    -2663.4 |     -141.9 |    118 | digest\[255\]$_DFFE_PN0P_/D
    1889+ |       0 |     378 |      109 |     16 |   142 |    +1.6% |   -2.430 |    -2663.4 |     -141.9 |    118 | digest\[255\]$_DFFE_PN0P_/D
    1890+ |       0 |     378 |      109 |     16 |   142 |    +1.6% |   -2.430 |    -2663.4 |     -141.9 |    118 | digest\[255\]$_DFFE_PN0P_/D
    1890+ |       0 |     378 |      109 |     16 |   142 |    +1.6% |   -2.430 |    -2663.4 |     -141.9 |    118 | digest\[255\]$_DFFE_PN0P_/D
    1892+ |       0 |     379 |      109 |     16 |   142 |    +1.6% |   -2.430 |    -2663.4 |     -141.9 |    118 | digest\[255\]$_DFFE_PN0P_/D
    1896+ |       0 |     381 |      109 |     16 |   143 |    +1.6% |   -2.430 |    -2663.4 |     -141.7 |    118 | digest\[255\]$_DFFE_PN0P_/D
    1897+ |       0 |     381 |      109 |     16 |   143 |    +1.6% |   -2.430 |    -2663.4 |     -141.7 |    118 | digest\[255\]$_DFFE_PN0P_/D
    1898+ |       0 |     381 |      109 |     16 |   143 |    +1.6% |   -2.430 |    -2663.4 |     -141.7 |    118 | digest\[255\]$_DFFE_PN0P_/D
    1900+ |       0 |     382 |      109 |     16 |   143 |    +1.6% |   -2.430 |    -2663.4 |     -141.6 |    118 | digest\[255\]$_DFFE_PN0P_/D
    1905+ |       0 |     386 |      109 |     16 |   143 |    +1.6% |   -2.430 |    -2663.4 |     -141.5 |    118 | digest\[255\]$_DFFE_PN0P_/D
    1907+ |       0 |     387 |      109 |     16 |   143 |    +1.6% |   -2.430 |    -2663.4 |     -141.5 |    118 | digest\[255\]$_DFFE_PN0P_/D
    1908+ |       0 |     387 |      109 |     16 |   143 |    +1.6% |   -2.430 |    -2663.4 |     -141.5 |    118 | digest\[255\]$_DFFE_PN0P_/D
    1909+ |       0 |     387 |      109 |     16 |   143 |    +1.6% |   -2.430 |    -2663.4 |     -141.5 |    118 | digest\[255\]$_DFFE_PN0P_/D
    1910+ |       0 |     387 |      109 |     16 |   143 |    +1.6% |   -2.430 |    -2663.4 |     -141.5 |    118 | digest\[255\]$_DFFE_PN0P_/D
    1910+ |       0 |     387 |      109 |     16 |   143 |    +1.6% |   -2.430 |    -2663.4 |     -141.5 |    118 | digest\[255\]$_DFFE_PN0P_/D
    1911+ |       0 |     387 |      109 |     16 |   143 |    +1.6% |   -2.430 |    -2663.4 |     -141.5 |    118 | digest\[255\]$_DFFE_PN0P_/D
    1912+ |       0 |     387 |      109 |     16 |   143 |    +1.6% |   -2.430 |    -2663.4 |     -141.5 |    118 | digest\[255\]$_DFFE_PN0P_/D
    1913+ |       0 |     387 |      109 |     16 |   143 |    +1.6% |   -2.430 |    -2663.4 |     -141.5 |    118 | digest\[255\]$_DFFE_PN0P_/D
    1914+ |       0 |     387 |      109 |     16 |   143 |    +1.6% |   -2.430 |    -2663.4 |     -141.5 |    118 | digest\[255\]$_DFFE_PN0P_/D
    1915+ |       0 |     387 |      109 |     16 |   143 |    +1.6% |   -2.430 |    -2663.4 |     -141.5 |    118 | digest\[255\]$_DFFE_PN0P_/D
    1916+ |       0 |     387 |      109 |     16 |   143 |    +1.6% |   -2.430 |    -2663.4 |     -141.5 |    118 | digest\[255\]$_DFFE_PN0P_/D
    1917+ |       0 |     387 |      109 |     16 |   143 |    +1.6% |   -2.430 |    -2663.4 |     -141.5 |    118 | digest\[255\]$_DFFE_PN0P_/D
    1918+ |       0 |     387 |      109 |     16 |   143 |    +1.6% |   -2.430 |    -2663.4 |     -141.5 |    118 | digest\[255\]$_DFFE_PN0P_/D
    1919+ |       0 |     387 |      109 |     16 |   143 |    +1.6% |   -2.430 |    -2663.4 |     -141.5 |    118 | digest\[255\]$_DFFE_PN0P_/D
    1920+ |       0 |     387 |      109 |     16 |   143 |    +1.6% |   -2.430 |    -2663.4 |     -141.5 |    118 | digest\[255\]$_DFFE_PN0P_/D
    1920+ |       0 |     387 |      109 |     16 |   143 |    +1.6% |   -2.430 |    -2663.4 |     -141.5 |    118 | digest\[255\]$_DFFE_PN0P_/D
    1921+ |       0 |     387 |      109 |     16 |   143 |    +1.6% |   -2.430 |    -2663.4 |     -141.5 |    118 | digest\[255\]$_DFFE_PN0P_/D
    1922+ |       0 |     387 |      109 |     16 |   143 |    +1.6% |   -2.430 |    -2663.4 |     -141.5 |    118 | digest\[255\]$_DFFE_PN0P_/D
    1923+ |       0 |     387 |      109 |     16 |   143 |    +1.6% |   -2.430 |    -2663.4 |     -141.5 |    118 | digest\[255\]$_DFFE_PN0P_/D
    1924+ |       0 |     387 |      109 |     16 |   143 |    +1.6% |   -2.430 |    -2663.4 |     -141.5 |    118 | digest\[255\]$_DFFE_PN0P_/D
    1925+ |       0 |     387 |      109 |     16 |   143 |    +1.6% |   -2.430 |    -2663.4 |     -141.5 |    118 | digest\[255\]$_DFFE_PN0P_/D
    1926+ |       0 |     387 |      109 |     16 |   143 |    +1.6% |   -2.430 |    -2663.4 |     -141.5 |    118 | digest\[255\]$_DFFE_PN0P_/D
    1927+ |       0 |     387 |      109 |     16 |   143 |    +1.6% |   -2.430 |    -2663.4 |     -141.5 |    118 | digest\[255\]$_DFFE_PN0P_/D
    1928+ |       0 |     387 |      109 |     16 |   143 |    +1.6% |   -2.430 |    -2663.4 |     -141.5 |    118 | digest\[255\]$_DFFE_PN0P_/D
    1929+ |       0 |     387 |      109 |     16 |   143 |    +1.6% |   -2.430 |    -2663.4 |     -141.5 |    118 | digest\[255\]$_DFFE_PN0P_/D
    1930+ |       0 |     387 |      109 |     16 |   143 |    +1.6% |   -2.430 |    -2663.4 |     -141.5 |    118 | digest\[255\]$_DFFE_PN0P_/D
    1930+ |       0 |     387 |      109 |     16 |   143 |    +1.6% |   -2.430 |    -2663.4 |     -141.5 |    118 | digest\[255\]$_DFFE_PN0P_/D
    1931+ |       0 |     387 |      109 |     16 |   143 |    +1.6% |   -2.430 |    -2663.4 |     -141.5 |    118 | digest\[255\]$_DFFE_PN0P_/D
    1932+ |       0 |     387 |      109 |     16 |   143 |    +1.6% |   -2.430 |    -2663.4 |     -141.5 |    118 | digest\[255\]$_DFFE_PN0P_/D
    1933+ |       0 |     387 |      109 |     16 |   143 |    +1.6% |   -2.430 |    -2663.4 |     -141.5 |    118 | digest\[255\]$_DFFE_PN0P_/D
    1934+ |       0 |     387 |      109 |     16 |   143 |    +1.6% |   -2.430 |    -2663.4 |     -141.5 |    118 | digest\[255\]$_DFFE_PN0P_/D
    1935+ |       0 |     387 |      109 |     16 |   143 |    +1.6% |   -2.430 |    -2663.4 |     -141.5 |    118 | digest\[255\]$_DFFE_PN0P_/D
    1936+ |       0 |     387 |      109 |     16 |   143 |    +1.6% |   -2.430 |    -2663.4 |     -141.5 |    118 | digest\[255\]$_DFFE_PN0P_/D
    1937+ |       0 |     387 |      109 |     16 |   143 |    +1.6% |   -2.430 |    -2663.4 |     -141.5 |    118 | digest\[255\]$_DFFE_PN0P_/D
    1938+ |       0 |     387 |      109 |     16 |   143 |    +1.6% |   -2.430 |    -2663.4 |     -141.5 |    118 | digest\[255\]$_DFFE_PN0P_/D
    1939+ |       0 |     387 |      109 |     16 |   143 |    +1.6% |   -2.430 |    -2663.4 |     -141.5 |    118 | digest\[255\]$_DFFE_PN0P_/D
    1940+ |       0 |     387 |      109 |     16 |   143 |    +1.6% |   -2.430 |    -2663.4 |     -141.5 |    118 | digest\[255\]$_DFFE_PN0P_/D
    1940+ |       0 |     387 |      109 |     16 |   143 |    +1.6% |   -2.430 |    -2663.4 |     -141.5 |    118 | digest\[255\]$_DFFE_PN0P_/D
    1941+ |       0 |     387 |      109 |     16 |   143 |    +1.6% |   -2.430 |    -2663.4 |     -141.5 |    118 | digest\[255\]$_DFFE_PN0P_/D
    1942+ |       0 |     387 |      109 |     16 |   143 |    +1.6% |   -2.430 |    -2663.4 |     -141.5 |    118 | digest\[255\]$_DFFE_PN0P_/D
    1943+ |       0 |     387 |      109 |     16 |   143 |    +1.6% |   -2.430 |    -2663.4 |     -141.5 |    118 | digest\[255\]$_DFFE_PN0P_/D
    1944+ |       0 |     387 |      109 |     16 |   143 |    +1.6% |   -2.430 |    -2663.4 |     -141.5 |    118 | digest\[255\]$_DFFE_PN0P_/D
    1945+ |       0 |     387 |      109 |     16 |   143 |    +1.6% |   -2.430 |    -2663.4 |     -141.5 |    118 | digest\[255\]$_DFFE_PN0P_/D
    1946+ |       0 |     387 |      109 |     16 |   143 |    +1.6% |   -2.430 |    -2663.4 |     -141.5 |    118 | digest\[255\]$_DFFE_PN0P_/D
    1947+ |       0 |     387 |      109 |     16 |   143 |    +1.6% |   -2.430 |    -2663.4 |     -141.5 |    118 | digest\[255\]$_DFFE_PN0P_/D
    1948+ |       0 |     387 |      109 |     16 |   143 |    +1.6% |   -2.430 |    -2663.4 |     -141.5 |    118 | digest\[255\]$_DFFE_PN0P_/D
    1949+ |       0 |     387 |      109 |     16 |   143 |    +1.6% |   -2.430 |    -2663.4 |     -141.5 |    118 | digest\[255\]$_DFFE_PN0P_/D
    1950+ |       0 |     387 |      109 |     16 |   143 |    +1.6% |   -2.430 |    -2663.4 |     -141.5 |    118 | digest\[255\]$_DFFE_PN0P_/D
    1950+ |       0 |     387 |      109 |     16 |   143 |    +1.6% |   -2.430 |    -2663.4 |     -141.5 |    118 | digest\[255\]$_DFFE_PN0P_/D
    1951+ |       0 |     387 |      109 |     16 |   143 |    +1.6% |   -2.430 |    -2663.4 |     -141.5 |    118 | digest\[255\]$_DFFE_PN0P_/D
    1952+ |       0 |     387 |      109 |     16 |   143 |    +1.6% |   -2.430 |    -2663.4 |     -141.5 |    118 | digest\[255\]$_DFFE_PN0P_/D
    1953+ |       0 |     387 |      109 |     16 |   143 |    +1.6% |   -2.430 |    -2663.4 |     -141.5 |    118 | digest\[255\]$_DFFE_PN0P_/D
    1954+ |       0 |     387 |      109 |     16 |   143 |    +1.6% |   -2.430 |    -2663.4 |     -141.5 |    118 | digest\[255\]$_DFFE_PN0P_/D
    1955+ |       0 |     387 |      109 |     16 |   143 |    +1.6% |   -2.430 |    -2663.4 |     -141.5 |    118 | digest\[255\]$_DFFE_PN0P_/D
    1956+ |       0 |     387 |      109 |     16 |   143 |    +1.6% |   -2.430 |    -2663.4 |     -141.5 |    118 | digest\[255\]$_DFFE_PN0P_/D
    1957+ |       0 |     387 |      109 |     16 |   143 |    +1.6% |   -2.430 |    -2663.4 |     -141.5 |    118 | digest\[255\]$_DFFE_PN0P_/D
    1958+ |       0 |     387 |      109 |     16 |   143 |    +1.6% |   -2.430 |    -2663.4 |     -141.5 |    118 | digest\[255\]$_DFFE_PN0P_/D
    1959+ |       0 |     387 |      109 |     16 |   143 |    +1.6% |   -2.430 |    -2663.4 |     -141.5 |    118 | digest\[255\]$_DFFE_PN0P_/D
    final |       0 |     387 |      109 |     16 |   143 |    +1.6% |   -2.430 |    -2663.4 |     -141.5 |    118 | digest\[255\]$_DFFE_PN0P_/D
------------------------------------------------------------------------------------------------------------------------------
[INFO RSZ-0040] Inserted 109 buffers.
[INFO RSZ-0051] Resized 387 instances: 386 up, 1 up match, 0 down, 0 VT
[INFO RSZ-0043] Swapped pins on 143 instances.
[INFO RSZ-0049] Cloned 16 instances.
[WARNING RSZ-0062] Unable to repair all setup violations.
[INFO RSZ-0505] Runtime: 36.59s
[INFO RSZ-0033] No hold violations found.
[INFO RSZ-0506] Runtime: 0.02s
Took 37 seconds: repair_timing -setup_margin 1 -hold_margin 0 -repair_tns 100 -match_cell_footprint -verbose
Warning: master sky130_ef_sc_hd__decap_12 has signal pins but no liberty cell
Repair timing output passed lec test
detailed_placement
[INFO DPL-0006] Core area: 413101.20 um^2
[INFO DPL-0007] Movable instances area: 210944.81 um^2
[INFO DPL-0008] Fixed instances area within core: 6849.07 um^2
[INFO DPL-0009] Utilization: 52.7%
[INFO DPL-0005] Diamond search max displacement: +/- 500 sites horizontally, +/- 100 rows vertically.
[INFO DPL-1102] Legalizing using negotiation legalizer.
[INFO DPL-1103] Negotiation base search window: +/-20 sites horizontally, +/-5 rows vertically 
	Automatic search window extension enabled.
	Search window extendable up to the max displacement cap of +/-500 sites, +/-100 rows near walls.
[INFO DPL-1104] NegotiationLegalizer DRC penalty: 5.
[INFO DPL-0392] Negotiation cell height distribution (1 unique row-count(s)):
[INFO DPL-0393]   height 1 row(s): 23918 cells
          |      Total |  Illegal |  Illegal
Iteration | Violations |    Cells |    Sites
---------------------------------------------
        0 |        203 |        43 |       160
        1 |         38 |        10 |        28
        2 |         21 |         4 |        17
        3 |         10 |         3 |         7
        4 |         26 |         3 |        23
        5 |         21 |         2 |        19
        6 |         14 |         3 |        11
        7 |         14 |         3 |        11
        8 |         14 |         4 |        10
        9 |         11 |         3 |         8
       10 |         17 |         4 |        13
       14 |          0 |         0 |         0
Negotiation phase 1 converged at iteration 14.
[INFO DPL-0500] Runtime: 0.34s
Placement Analysis
---------------------------------
total displacement       2272.8 u
average displacement        0.1 u
max displacement           20.0 u
original HPWL          624345.9 u
legalized HPWL         626721.1 u
delta HPWL                    0 %

estimate_parasitics -placement
Report metrics stage 4, cts final...

==========================================================================
cts final report_design_area
--------------------------------------------------------------------------
Design area 217794 um^2 53% utilization.
write_db ./results/sky130hd/chia_sha256_benchmark_corrupted/slot2/4_1_cts.odb
write_sdc -no_timestamp ./results/sky130hd/chia_sha256_benchmark_corrupted/slot2/4_cts.sdc
Log                       Ext     Elapsed/s Peak Memory/MB sha1sum result [0:20)
4_1_cts                   .odb           90            378 f4c2d8296f94a7c599d2
cp ./results/sky130hd/chia_sha256_benchmark_corrupted/slot2/4_1_cts.odb ./results/sky130hd/chia_sha256_benchmark_corrupted/slot2/4_cts.odb
make: Leaving directory '/root/OpenROAD-flow-scripts/flow'

STDERR:
bash: /opt/miniconda/lib/libtinfo.so.6: no version information available (required by bash)
bash: /opt/miniconda/lib/libtinfo.so.6: no version information available (required by bash)
bash: /opt/miniconda/lib/libtinfo.so.6: no version information available (required by bash)
bash: /opt/miniconda/lib/libtinfo.so.6: no version information available (required by bash)
bash: /opt/miniconda/lib/libtinfo.so.6: no version information available (required by bash)
bash: /opt/miniconda/lib/libtinfo.so.6: no version information available (required by bash)
bash: /opt/miniconda/lib/libtinfo.so.6: no version information available (required by bash)
bash: /opt/miniconda/lib/libtinfo.so.6: no version information available (required by bash)
bash: /opt/miniconda/lib/libtinfo.so.6: no version information available (required by bash)
bash: /opt/miniconda/lib/libtinfo.so.6: no version information available (required by bash)
bash: /opt/miniconda/lib/libtinfo.so.6: no version information available (required by bash)
bash: /opt/miniconda/lib/libtinfo.so.6: no version information available (required by bash)
bash: /opt/miniconda/lib/libtinfo.so.6: no version information available (required by bash)
bash: /opt/miniconda/lib/libtinfo.so.6: no version information available (required by bash)
bash: /opt/miniconda/lib/libtinfo.so.6: no version information available (required by bash)
bash: /opt/miniconda/lib/libtinfo.so.6: no version information available (required by bash)
bash: /opt/miniconda/lib/libtinfo.so.6: no version information available (required by bash)
bash: /opt/miniconda/lib/libtinfo.so.6: no version information available (required by bash)
bash: /opt/miniconda/lib/libtinfo.so.6: no version information available (required by bash)
bash: /opt/miniconda/lib/libtinfo.so.6: no version information available (required by bash)
bash: /opt/miniconda/lib/libtinfo.so.6: no version information available (required by bash)
bash: /opt/miniconda/lib/libtinfo.so.6: no version information available (required by bash)
bash: /opt/miniconda/lib/libtinfo.so.6: no version information available (required by bash)
bash: /opt/miniconda/lib/libtinfo.so.6: no version information available (required by bash)
Elapsed time: 1:30.34[h:]min:sec. CPU time: user 90.30 sys 0.45 (100%). Peak memory: 387828KB.
bash: /opt/miniconda/lib/libtinfo.so.6: no version information available (required by bash)
bash: /opt/miniconda/lib/libtinfo.so.6: no version information available (required by bash)
bash: /opt/miniconda/lib/libtinfo.so.6: no version information available (required by bash)
bash: /opt/miniconda/lib/libtinfo.so.6: no version information available (required by bash)
bash: /opt/miniconda/lib/libtinfo.so.6: no version information available (required by bash)
bash: /opt/miniconda/lib/libtinfo.so.6: no version information available (required by bash)
bash: /opt/miniconda/lib/libtinfo.so.6: no version information available (required by bash)
bash: /opt/miniconda/lib/libtinfo.so.6: no version information available (required by bash)
bash: /opt/miniconda/lib/libtinfo.so.6: no version information available (required by bash)
bash: /opt/miniconda/lib/libtinfo.so.6: no version information available (required by bash)
bash: /opt/miniconda/lib/libtinfo.so.6: no version information available (required by bash)
bash: /opt/miniconda/lib/libtinfo.so.6: no version information available (required by bash)
bash: /opt/miniconda/lib/libtinfo.so.6: no version information available (required by bash)
