make: Entering directory '/root/OpenROAD-flow-scripts/flow'
/root/OpenROAD-flow-scripts/flow/scripts/flow.sh 3_1_place_gp_skip_io global_place_skip_io
Running global_place_skip_io.tcl, stage 3_1_place_gp_skip_io
read_liberty /root/OpenROAD-flow-scripts/flow/platforms/sky130hd/lib/sky130_fd_sc_hd__tt_025C_1v80.lib
read_db ./results/sky130hd/chia_sha256_benchmark_corrupted/slot2/2_floorplan.odb
read_sdc ./results/sky130hd/chia_sha256_benchmark_corrupted/slot2/2_floorplan.sdc
source /root/OpenROAD-flow-scripts/flow/platforms/sky130hd/setRC.tcl
global_placement -skip_io -density 0.6 -pad_left 0 -pad_right 0
[INFO GPL-0001] ---- Initialize GPL Main Data Structures
[INFO GPL-0002] DBU: 1000
[INFO GPL-0003] SiteSize: (  0.460  2.720 ) um
[INFO GPL-0004] CoreBBox: (  1.380  2.720 ) ( 644.920 644.640 ) um
[INFO GPL-0016] Core area:                  413101.197 um^2
[INFO GPL-0036] Movable instances area:     168291.405 um^2
[INFO GPL-0037] Total instances area:       175140.474 um^2
[INFO GPL-0035] Pin density area adjust:      6248.818 um^2
[INFO GPL-0032] ---- Initialize Region: Top-level
[INFO GPL-0006] Number of instances:             20644
[INFO GPL-0007] Movable instances:               15170
[INFO GPL-0008] Fixed instances:                  5474
[INFO GPL-0009] Dummy instances:                     0
[INFO GPL-0010] Number of nets:                  16017
[INFO GPL-0011] Number of pins:                  60453
[INFO GPL-0012] Die BBox:       (  0.000  0.000 ) ( 646.075 646.075 ) um
[INFO GPL-0013] Placement BBox: (  1.380  2.720 ) ( 644.920 644.640 ) um
[INFO GPL-0014] Region name: top-level.
[INFO GPL-0015] Region area:                413101.197 um^2
[INFO GPL-0017] Fixed instances area:         6849.069 um^2
[INFO GPL-0018] Movable instances area:     174540.223 um^2
[INFO GPL-0019] Utilization:                    42.964 %
[INFO GPL-0020] Standard cells area:        174540.223 um^2
[INFO GPL-0021] Large instances area:            0.000 um^2
[INFO GPL-0005] ---- Execute Conjugate Gradient Initial Placement.
[INFO GPL-0051] Source of initial instance position counters:
	Odb location = 0	Core center = 15170	Region center = 0
[INFO GPL-0033] ---- Initialize Nesterov Region: Top-level
[INFO GPL-0023] Placement target density:       0.6000
[INFO GPL-0024] Movable insts average area:     11.506 um^2
[INFO GPL-0025] Ideal bin area:                 19.176 um^2
[INFO GPL-0026] Ideal bin count:                 21542
[INFO GPL-0027] Total bin area:             413101.197 um^2
[INFO GPL-0028] Bin count (X, Y):         128 ,    128
[INFO GPL-0029] Bin size (W * H):       5.028 *  5.015 um
[INFO GPL-0030] Number of bins:                  16384
[INFO GPL-0084] ---- Execute Nesterov Global Placement.
[INFO GPL-0031] HPWL: Half-Perimeter Wirelength
Iteration | Overflow |     HPWL (um) |  HPWL(%) |   Penalty | Group
---------------------------------------------------------------
        0 |   0.9996 |  4.117046e+04 |   +0.00% |  1.08e-15 |      
       10 |   0.9991 |  3.165928e+04 |  -23.10% |  1.75e-15 |      
       20 |   0.9991 |  3.147795e+04 |   -0.57% |  2.85e-15 |      
       30 |   0.9991 |  3.148611e+04 |   +0.03% |  4.65e-15 |      
       40 |   0.9991 |  3.147027e+04 |   -0.05% |  7.57e-15 |      
       50 |   0.9991 |  3.146839e+04 |   -0.01% |  1.23e-14 |      
       60 |   0.9991 |  3.149554e+04 |   +0.09% |  2.01e-14 |      
       70 |   0.9991 |  3.154600e+04 |   +0.16% |  3.27e-14 |      
       80 |   0.9991 |  3.163558e+04 |   +0.28% |  5.33e-14 |      
       90 |   0.9991 |  3.183109e+04 |   +0.62% |  8.68e-14 |      
      100 |   0.9989 |  3.231201e+04 |   +1.51% |  1.41e-13 |      
      110 |   0.9982 |  3.377284e+04 |   +4.52% |  2.30e-13 |      
      120 |   0.9970 |  3.777838e+04 |  +11.86% |  3.75e-13 |      
      130 |   0.9951 |  4.580408e+04 |  +21.24% |  6.10e-13 |      
      140 |   0.9929 |  6.240844e+04 |  +36.25% |  9.92e-13 |      
      150 |   0.9899 |  7.837661e+04 |  +25.59% |  1.61e-12 |      
      160 |   0.9869 |  9.124419e+04 |  +16.42% |  2.62e-12 |      
      170 |   0.9812 |  1.113957e+05 |  +22.09% |  4.27e-12 |      
      180 |   0.9731 |  1.382556e+05 |  +24.11% |  6.93e-12 |      
      190 |   0.9628 |  1.662412e+05 |  +20.24% |  1.12e-11 |      
      200 |   0.9498 |  1.990479e+05 |  +19.73% |  1.83e-11 |      
      210 |   0.9308 |  2.382339e+05 |  +19.69% |  2.96e-11 |      
      220 |   0.9066 |  2.805430e+05 |  +17.76% |  4.80e-11 |      
      230 |   0.8771 |  3.260723e+05 |  +16.23% |  7.78e-11 |      
      240 |   0.8440 |  3.724151e+05 |  +14.21% |  1.26e-10 |      
      250 |   0.8085 |  4.180843e+05 |  +12.26% |  2.04e-10 |      
      260 |   0.7673 |  4.638877e+05 |  +10.96% |  3.31e-10 |      
      270 |   0.7221 |  5.066685e+05 |   +9.22% |  5.37e-10 |      
      280 |   0.6683 |  5.474350e+05 |   +8.05% |  8.71e-10 |      
      290 |   0.6088 |  5.857811e+05 |   +7.00% |  1.41e-09 |      
      300 |   0.5525 |  6.268767e+05 |   +7.02% |  2.29e-09 |      
      310 |   0.5044 |  6.622866e+05 |   +5.65% |  3.72e-09 |      
      320 |   0.4564 |  6.764733e+05 |   +2.14% |  6.05e-09 |      
      330 |   0.4161 |  6.908369e+05 |   +2.12% |  9.83e-09 |      
      340 |   0.3769 |  6.993720e+05 |   +1.24% |  1.60e-08 |      
      350 |   0.3339 |  7.031929e+05 |   +0.55% |  2.53e-08 |      
      360 |   0.3004 |  7.047002e+05 |   +0.21% |  3.72e-08 |      
      370 |   0.2668 |  7.065071e+05 |   +0.26% |  5.48e-08 |      
      380 |   0.2338 |  7.075290e+05 |   +0.14% |  8.08e-08 |      
      390 |   0.2030 |  7.084207e+05 |   +0.13% |  1.19e-07 |      
      400 |   0.1754 |  7.090551e+05 |   +0.09% |  1.75e-07 |      
      410 |   0.1493 |  7.098674e+05 |   +0.11% |  2.58e-07 |      
      420 |   0.1277 |  7.109092e+05 |   +0.15% |  3.80e-07 |      
      430 |   0.1082 |  7.117277e+05 |   +0.12% |  5.60e-07 |      
      436 |   0.0984 |  7.122819e+05 |          |  7.35e-07 |      
---------------------------------------------------------------
[INFO GPL-1001] Global placement finished at iteration 436
[INFO GPL-1002] Placed Cell Area            174540.2225
[INFO GPL-1003] Available Free Area         406252.1280
[INFO GPL-1004] Minimum Feasible Density        0.4300 (cell_area / free_area)
[INFO GPL-1006]   Suggested Target Densities:
[INFO GPL-1007]     - For 90% usage of free space: 0.4774
[INFO GPL-1008]     - For 80% usage of free space: 0.5370
[INFO GPL-1009]     - For 50% usage of free space: 0.8593
[INFO GPL-1014] Final placement area: 174540.22 (+0.00%)
Design area 175140 um^2 42% utilization.
write_db ./results/sky130hd/chia_sha256_benchmark_corrupted/slot2/3_1_place_gp_skip_io.odb
Log                       Ext     Elapsed/s Peak Memory/MB sha1sum result [0:20)
3_1_place_gp_skip_io      .odb            2            175 2133160f3bb290242bd3
/root/OpenROAD-flow-scripts/flow/scripts/flow.sh 3_2_place_iop io_placement
Running io_placement.tcl, stage 3_2_place_iop
read_liberty /root/OpenROAD-flow-scripts/flow/platforms/sky130hd/lib/sky130_fd_sc_hd__tt_025C_1v80.lib
read_db ./results/sky130hd/chia_sha256_benchmark_corrupted/slot2/3_1_place_gp_skip_io.odb
read_sdc ./results/sky130hd/chia_sha256_benchmark_corrupted/slot2/2_floorplan.sdc
source /root/OpenROAD-flow-scripts/flow/platforms/sky130hd/setRC.tcl
place_pins -hor_layers met3 -ver_layers met2
Found 0 macro blocks.
Using 2 tracks default min distance between IO pins.
[INFO PPL-0001] Number of available slots 2342
[INFO PPL-0002] Number of I/O             772
[INFO PPL-0003] Number of I/O w/sink      772
[INFO PPL-0004] Number of I/O w/o sink    0
[INFO PPL-0005] Slots per section         200
[INFO PPL-0008] Successfully assigned pins to sections.
[INFO PPL-0012] I/O nets HPWL: 137376.50 um.
Design area 175140 um^2 42% utilization.
write_db ./results/sky130hd/chia_sha256_benchmark_corrupted/slot2/3_2_place_iop.odb
Log                       Ext     Elapsed/s Peak Memory/MB sha1sum result [0:20)
3_2_place_iop             .odb            0            157 55ee0e81673147faac4b
/root/OpenROAD-flow-scripts/flow/scripts/flow.sh 3_3_place_gp global_place
Running global_place.tcl, stage 3_3_place_gp
read_liberty /root/OpenROAD-flow-scripts/flow/platforms/sky130hd/lib/sky130_fd_sc_hd__tt_025C_1v80.lib
read_db ./results/sky130hd/chia_sha256_benchmark_corrupted/slot2/3_2_place_iop.odb
read_sdc ./results/sky130hd/chia_sha256_benchmark_corrupted/slot2/2_floorplan.sdc
source /root/OpenROAD-flow-scripts/flow/platforms/sky130hd/setRC.tcl
[INFO RSZ-0026] Removed 1552 buffers.
Perform port buffering...
[INFO RSZ-0027] Inserted 514 sky130_fd_sc_hd__clkdlybuf4s50_1 input buffers.
[INFO RSZ-0028] Inserted 256 sky130_fd_sc_hd__clkdlybuf4s50_1 output buffers.
global_placement -density 0.6 -pad_left 0 -pad_right 0 -routability_driven -timing_driven -force_center_initial_place -min_phi_coef 0.95 -max_phi_coef 1.05
[INFO GPL-0001] ---- Initialize GPL Main Data Structures
[INFO GPL-0002] DBU: 1000
[INFO GPL-0003] SiteSize: (  0.460  2.720 ) um
[INFO GPL-0004] CoreBBox: (  1.380  2.720 ) ( 644.920 644.640 ) um
[INFO GPL-0016] Core area:                  413101.197 um^2
[INFO GPL-0036] Movable instances area:     168624.224 um^2
[INFO GPL-0037] Total instances area:       175473.293 um^2
[INFO GPL-0035] Pin density area adjust:      6744.972 um^2
[INFO GPL-0032] ---- Initialize Region: Top-level
[INFO GPL-0006] Number of instances:             19862
[INFO GPL-0007] Movable instances:               14388
[INFO GPL-0008] Fixed instances:                  5474
[INFO GPL-0009] Dummy instances:                     0
[INFO GPL-0010] Number of nets:                  15235
[INFO GPL-0011] Number of pins:                  59661
[INFO GPL-0012] Die BBox:       (  0.000  0.000 ) ( 646.075 646.075 ) um
[INFO GPL-0013] Placement BBox: (  1.380  2.720 ) ( 644.920 644.640 ) um
[INFO GPL-0014] Region name: top-level.
[INFO GPL-0015] Region area:                413101.197 um^2
[INFO GPL-0017] Fixed instances area:         6849.069 um^2
[INFO GPL-0018] Movable instances area:     175369.196 um^2
[INFO GPL-0019] Utilization:                    43.168 %
[INFO GPL-0020] Standard cells area:        175369.196 um^2
[INFO GPL-0021] Large instances area:            0.000 um^2
[INFO GPL-0005] ---- Execute Conjugate Gradient Initial Placement.
[INFO GPL-0051] Source of initial instance position counters:
	Odb location = 0	Core center = 14388	Region center = 0
[InitialPlace]  Iter: 1 conjugate gradient residual: 0.00082531 HPWL: 613083335
[InitialPlace]  Iter: 2 conjugate gradient residual: 0.00025328 HPWL: 411653286
[InitialPlace]  Iter: 3 conjugate gradient residual: 0.00030133 HPWL: 379851919
[InitialPlace]  Iter: 4 conjugate gradient residual: 0.00035930 HPWL: 361570035
[InitialPlace]  Iter: 5 conjugate gradient residual: 0.00027759 HPWL: 344612262
[InitialPlace]  Iter: 6 conjugate gradient residual: 0.00017874 HPWL: 331687529
[InitialPlace]  Iter: 7 conjugate gradient residual: 0.00009681 HPWL: 320294664
[InitialPlace]  Iter: 8 conjugate gradient residual: 0.00003892 HPWL: 313661612
[InitialPlace]  Iter: 9 conjugate gradient residual: 0.00002005 HPWL: 309394149
[InitialPlace]  Iter: 10 conjugate gradient residual: 0.00000628 HPWL: 308121173
[INFO GPL-0033] ---- Initialize Nesterov Region: Top-level
[INFO GPL-0023] Placement target density:       0.6000
[INFO GPL-0024] Movable insts average area:     12.189 um^2
[INFO GPL-0025] Ideal bin area:                 20.314 um^2
[INFO GPL-0026] Ideal bin count:                 20335
[INFO GPL-0027] Total bin area:             413101.197 um^2
[INFO GPL-0028] Bin count (X, Y):         128 ,    128
[INFO GPL-0029] Bin size (W * H):       5.028 *  5.015 um
[INFO GPL-0030] Number of bins:                  16384
[INFO GPL-0084] ---- Execute Nesterov Global Placement.
[INFO GPL-0031] HPWL: Half-Perimeter Wirelength
Iteration | Overflow |     HPWL (um) |  HPWL(%) |   Penalty | Group
---------------------------------------------------------------
        0 |   0.9473 |  2.124341e+05 |   +0.00% |  7.99e-16 |      
       10 |   0.9156 |  2.497659e+05 |  +17.57% |  1.29e-15 |      
       20 |   0.9071 |  2.539820e+05 |   +1.69% |  2.10e-15 |      
       30 |   0.9010 |  2.542842e+05 |   +0.12% |  3.43e-15 |      
       40 |   0.8939 |  2.537140e+05 |   -0.22% |  5.58e-15 |      
       50 |   0.8883 |  2.543054e+05 |   +0.23% |  9.09e-15 |      
       60 |   0.8829 |  2.554600e+05 |   +0.45% |  1.48e-14 |      
       70 |   0.8769 |  2.566883e+05 |   +0.48% |  2.41e-14 |      
       80 |   0.8747 |  2.580033e+05 |   +0.51% |  3.93e-14 |      
       90 |   0.8718 |  2.592125e+05 |   +0.47% |  6.40e-14 |      
      100 |   0.8710 |  2.601396e+05 |   +0.36% |  1.04e-13 |      
      110 |   0.8708 |  2.608049e+05 |   +0.26% |  1.70e-13 |      
      120 |   0.8706 |  2.612560e+05 |   +0.17% |  2.76e-13 |      
      130 |   0.8703 |  2.615326e+05 |   +0.11% |  4.50e-13 |      
      140 |   0.8695 |  2.617414e+05 |   +0.08% |  7.33e-13 |      
      150 |   0.8683 |  2.620481e+05 |   +0.12% |  1.19e-12 |      
      160 |   0.8667 |  2.627895e+05 |   +0.28% |  1.95e-12 |      
      170 |   0.8637 |  2.644598e+05 |   +0.64% |  3.17e-12 |      
      180 |   0.8581 |  2.679521e+05 |   +1.32% |  5.16e-12 |      
      190 |   0.8493 |  2.747283e+05 |   +2.53% |  8.40e-12 |      
      200 |   0.8356 |  2.843680e+05 |   +3.51% |  1.37e-11 |      
      210 |   0.8172 |  2.965099e+05 |   +4.27% |  2.22e-11 |      
      220 |   0.7957 |  3.088944e+05 |   +4.18% |  3.62e-11 |      
      230 |   0.7692 |  3.197059e+05 |   +3.50% |  5.88e-11 |      
      240 |   0.7380 |  3.406710e+05 |   +6.56% |  9.56e-11 |      
      250 |   0.7066 |  3.636284e+05 |   +6.74% |  1.55e-10 |      
      260 |   0.6738 |  3.709383e+05 |   +2.01% |  2.53e-10 |      
      270 |   0.6467 |  3.863957e+05 |   +4.17% |  4.11e-10 |      
[INFO GPL-0100] Timing-driven iteration 1/2, virtual: false.
[INFO GPL-0101]    Iter: 275, overflow: 0.634, keep resizer changes at: 1, HPWL: 384957275
Iteration |   Area    | Resized | Buffers | Nets repaired | Remaining
---------------------------------------------------------------------
        0 |     +0.0% |       0 |       0 |             0 |     15236
    final |     +4.4% |     148 |     281 |           147 |         0
---------------------------------------------------------------------
[INFO RSZ-0034] Found 149 slew violations.
[INFO RSZ-0036] Found 52 capacitance violations.
[INFO RSZ-0039] Resized 148 instances.
[INFO RSZ-0038] Inserted 281 buffers in 147 nets.
   Iter   |    Area   | Removed | Inserted |   Pins
          |           | Buffers | Buffers  | Remaining
-------------------------------------------------------
        0 |     +0.0% |       0 |        0 |     14719
     1400 |     +1.5% |       0 |      367 |     13319
     2800 |     +1.6% |      26 |      451 |     11919
     4200 |     +1.9% |      42 |      563 |     10519
     5600 |     +1.8% |      73 |      609 |      9119
     7000 |     +1.9% |     104 |      723 |      7719
     8400 |     +1.9% |     118 |      753 |      6319
     9800 |     +2.4% |     169 |      970 |      4919
    11200 |     +2.7% |     212 |     1108 |      3519
    12600 |     +4.3% |     267 |     1649 |      2119
    14000 |     +9.8% |     267 |     2992 |       719
    final |    +10.5% |     281 |     3190 |         0
-------------------------------------------------------
[INFO GPL-0106] Timing-driven: worst slack -3.5144647e-09
[INFO GPL-0107] Timing-driven: repair_design delta area: 26665.771 um^2 (+15.21%)
[INFO GPL-0108] Timing-driven: repair_design, gpl delta gcells: 3190 (+22.17%)
[INFO GPL-0109] Timing-driven: repair_design, gcells created: 3471, deleted: 281
[INFO GPL-0110] Timing-driven: new target density: 0.6656385
Iteration | Overflow |     HPWL (um) |  HPWL(%) |   Penalty | Group
---------------------------------------------------------------
      280 |   0.5999 |  4.864158e+05 |  +25.89% |  6.63e-10 |      
[INFO GPL-0038] Routability snapshot saved at iter = 281
      280 |   0.5999 |  4.864158e+05 |          |           |      
      290 |   0.5908 |  4.838025e+05 |   -0.54% |  1.08e-09 |      
      300 |   0.5578 |  5.011447e+05 |   +3.58% |  1.75e-09 |      
      310 |   0.5145 |  5.086696e+05 |   +1.50% |  2.85e-09 |      
      320 |   0.4834 |  5.113263e+05 |   +0.52% |  4.65e-09 |      
      330 |   0.4464 |  5.182195e+05 |   +1.35% |  7.56e-09 |      
      340 |   0.4041 |  5.180658e+05 |   -0.03% |  1.23e-08 |      
      350 |   0.3677 |  5.171957e+05 |   -0.17% |  2.01e-08 |      
      360 |   0.3232 |  5.181615e+05 |   +0.19% |  3.11e-08 |      
[INFO GPL-0040] Routability iteration: 1
[WARNING GRT-0281] Net clk has a large fanout of 2569 terminals.
[INFO GPL-0041] Total routing overflow: 19.5381
[INFO GPL-0042] Number of overflowed tiles: 256 (2.96%)
[INFO GPL-0043] Average top 0.5% routing congestion: 1.2065
[INFO GPL-0044] Average top 1.0% routing congestion: 1.1585
[INFO GPL-0045] Average top 2.0% routing congestion: 1.1064
[INFO GPL-0046] Average top 5.0% routing congestion: 1.0352
[INFO GPL-0047] Routability iteration weighted routing congestion: 1.1825
[INFO GPL-0048] Routing congestion (1.1825) lower than previous minimum (1e+30). Updating minimum.
[INFO GPL-0086] Inflated area:                2702.878 um^2 (+1.34%)
[INFO GPL-0052] Placement target density:       0.6656
[INFO GPL-0076] Removing fillers, count: Before: 5378, After: 5166 (-3.94%)
[INFO GPL-0077] Filler area (um^2)     : Before: 68382.093, After: 65676.691 (-3.96%)
[INFO GPL-0078] Removed fillers count: 212, area removed: 2695.211 um^2. Remaining area to be compensated by modifying density: 7.667 um^2
[INFO GPL-0058] White space area:           406252.128 um^2 (+0.00%)
[INFO GPL-0059] Movable instances area:     270417.052 um^2 (+0.00%)
[INFO GPL-0060] Total filler area:           65676.691 um^2 (-3.96%)
[INFO GPL-0061] Total non-inflated area:    270414.537 um^2 (-0.00%)
[INFO GPL-0062] Total inflated area:        273117.415 um^2 (-0.00%)
[INFO GPL-0063] New Target Density:             0.6656
[INFO GPL-0087] Routability end iteration: increase inflation and revert back to snapshot.
Iteration | Overflow |     HPWL (um) |  HPWL(%) |   Penalty | Group
---------------------------------------------------------------
      370 |   0.5966 |  4.918511e+05 |   -5.08% |  7.23e-10 |      
      380 |   0.5904 |  4.871737e+05 |   -0.95% |  1.06e-09 |      
      390 |   0.5610 |  5.025904e+05 |   +3.16% |  1.57e-09 |      
      400 |   0.5282 |  5.076321e+05 |   +1.00% |  2.31e-09 |      
      410 |   0.5056 |  5.080228e+05 |   +0.08% |  3.40e-09 |      
      420 |   0.4759 |  5.140799e+05 |   +1.19% |  5.00e-09 |      
      430 |   0.4437 |  5.152820e+05 |   +0.23% |  7.37e-09 |      
      440 |   0.4160 |  5.149765e+05 |   -0.06% |  1.09e-08 |      
      450 |   0.3815 |  5.165917e+05 |   +0.31% |  1.60e-08 |      
      460 |   0.3494 |  5.164275e+05 |   -0.03% |  2.35e-08 |      
      470 |   0.3173 |  5.187671e+05 |   +0.45% |  3.47e-08 |      
[INFO GPL-0040] Routability iteration: 2
[INFO GPL-0041] Total routing overflow: 10.2557
[INFO GPL-0042] Number of overflowed tiles: 141 (1.63%)
[INFO GPL-0043] Average top 0.5% routing congestion: 1.1453
[INFO GPL-0044] Average top 1.0% routing congestion: 1.1055
[INFO GPL-0045] Average top 2.0% routing congestion: 1.0579
[INFO GPL-0046] Average top 5.0% routing congestion: 0.9905
[INFO GPL-0047] Routability iteration weighted routing congestion: 1.1254
[INFO GPL-0048] Routing congestion (1.1254) lower than previous minimum (1.183). Updating minimum.
[INFO GPL-0086] Inflated area:                1406.723 um^2 (+0.69%)
[INFO GPL-0052] Placement target density:       0.6656
[INFO GPL-0076] Removing fillers, count: Before: 5166, After: 5056 (-2.13%)
[INFO GPL-0077] Filler area (um^2)     : Before: 65676.691, After: 64278.232 (-2.13%)
[INFO GPL-0078] Removed fillers count: 110, area removed: 1398.458 um^2. Remaining area to be compensated by modifying density: 8.265 um^2
[INFO GPL-0058] White space area:           406252.128 um^2 (+0.00%)
[INFO GPL-0059] Movable instances area:     270417.052 um^2 (+0.00%)
[INFO GPL-0060] Total filler area:           64278.232 um^2 (-2.13%)
[INFO GPL-0061] Total non-inflated area:    270422.801 um^2 (+0.00%)
[INFO GPL-0062] Total inflated area:        271829.524 um^2 (+0.00%)
[INFO GPL-0063] New Target Density:             0.6656
[INFO GPL-0087] Routability end iteration: increase inflation and revert back to snapshot.
Iteration | Overflow |     HPWL (um) |  HPWL(%) |   Penalty | Group
---------------------------------------------------------------
      480 |   0.5938 |  4.906450e+05 |   -5.42% |  8.12e-10 |      
      490 |   0.5851 |  4.937358e+05 |   +0.63% |  1.20e-09 |      
      500 |   0.5526 |  5.063845e+05 |   +2.56% |  1.76e-09 |      
      510 |   0.5192 |  5.097032e+05 |   +0.66% |  2.59e-09 |      
      520 |   0.4966 |  5.125588e+05 |   +0.56% |  3.81e-09 |      
      530 |   0.4659 |  5.169160e+05 |   +0.85% |  5.62e-09 |      
      540 |   0.4345 |  5.179506e+05 |   +0.20% |  8.27e-09 |      
      550 |   0.4081 |  5.178165e+05 |   -0.03% |  1.22e-08 |      
      560 |   0.3706 |  5.191635e+05 |   +0.26% |  1.80e-08 |      
      570 |   0.3412 |  5.200060e+05 |   +0.16% |  2.64e-08 |      
      580 |   0.3051 |  5.222014e+05 |   +0.42% |  3.90e-08 |      
[INFO GPL-0040] Routability iteration: 3
[INFO GPL-0041] Total routing overflow: 8.1050
[INFO GPL-0042] Number of overflowed tiles: 128 (1.48%)
[INFO GPL-0043] Average top 0.5% routing congestion: 1.1161
[INFO GPL-0044] Average top 1.0% routing congestion: 1.0846
[INFO GPL-0045] Average top 2.0% routing congestion: 1.0439
[INFO GPL-0046] Average top 5.0% routing congestion: 0.9816
[INFO GPL-0047] Routability iteration weighted routing congestion: 1.1004
[INFO GPL-0048] Routing congestion (1.1004) lower than previous minimum (1.125). Updating minimum.
[INFO GPL-0086] Inflated area:                 976.398 um^2 (+0.47%)
[INFO GPL-0052] Placement target density:       0.6656
[INFO GPL-0076] Removing fillers, count: Before: 5056, After: 4980 (-1.50%)
[INFO GPL-0077] Filler area (um^2)     : Before: 64278.232, After: 63312.025 (-1.50%)
[INFO GPL-0078] Removed fillers count: 76, area removed: 966.208 um^2. Remaining area to be compensated by modifying density: 10.190 um^2
[INFO GPL-0058] White space area:           406252.128 um^2 (+0.00%)
[INFO GPL-0059] Movable instances area:     270417.052 um^2 (+0.00%)
[INFO GPL-0060] Total filler area:           63312.025 um^2 (-1.50%)
[INFO GPL-0061] Total non-inflated area:    270432.992 um^2 (+0.00%)
[INFO GPL-0062] Total inflated area:        271409.390 um^2 (+0.00%)
[INFO GPL-0063] New Target Density:             0.6656
[INFO GPL-0087] Routability end iteration: increase inflation and revert back to snapshot.
Iteration | Overflow |     HPWL (um) |  HPWL(%) |   Penalty | Group
---------------------------------------------------------------
      590 |   0.5936 |  4.880265e+05 |   -6.54% |  9.12e-10 |      
      600 |   0.5747 |  5.002387e+05 |   +2.50% |  1.34e-09 |      
      610 |   0.5421 |  5.094402e+05 |   +1.84% |  1.98e-09 |      
      620 |   0.5117 |  5.114659e+05 |   +0.40% |  2.91e-09 |      
      630 |   0.4877 |  5.163409e+05 |   +0.95% |  4.28e-09 |      
      640 |   0.4556 |  5.185228e+05 |   +0.42% |  6.31e-09 |      
      650 |   0.4278 |  5.192949e+05 |   +0.15% |  9.29e-09 |      
      660 |   0.3988 |  5.196683e+05 |   +0.07% |  1.37e-08 |      
      670 |   0.3600 |  5.209132e+05 |   +0.24% |  2.02e-08 |      
      680 |   0.3313 |  5.225625e+05 |   +0.32% |  2.97e-08 |      
[INFO GPL-0040] Routability iteration: 4
[INFO GPL-0041] Total routing overflow: 6.6754
[INFO GPL-0042] Number of overflowed tiles: 112 (1.29%)
[INFO GPL-0043] Average top 0.5% routing congestion: 1.1014
[INFO GPL-0044] Average top 1.0% routing congestion: 1.0723
[INFO GPL-0045] Average top 2.0% routing congestion: 1.0339
[INFO GPL-0046] Average top 5.0% routing congestion: 0.9775
[INFO GPL-0047] Routability iteration weighted routing congestion: 1.0869
[INFO GPL-0048] Routing congestion (1.0869) lower than previous minimum (1.1). Updating minimum.
[INFO GPL-0086] Inflated area:                 824.333 um^2 (+0.40%)
[INFO GPL-0052] Placement target density:       0.6656
[INFO GPL-0076] Removing fillers, count: Before: 4980, After: 4916 (-1.29%)
[INFO GPL-0077] Filler area (um^2)     : Before: 63312.025, After: 62498.376 (-1.29%)
[INFO GPL-0078] Removed fillers count: 64, area removed: 813.649 um^2. Remaining area to be compensated by modifying density: 10.685 um^2
[INFO GPL-0058] White space area:           406252.128 um^2 (+0.00%)
[INFO GPL-0059] Movable instances area:     270417.052 um^2 (+0.00%)
[INFO GPL-0060] Total filler area:           62498.376 um^2 (-1.29%)
[INFO GPL-0061] Total non-inflated area:    270443.676 um^2 (+0.00%)
[INFO GPL-0062] Total inflated area:        271268.009 um^2 (+0.00%)
[INFO GPL-0063] New Target Density:             0.6656
[INFO GPL-0087] Routability end iteration: increase inflation and revert back to snapshot.
Iteration | Overflow |     HPWL (um) |  HPWL(%) |   Penalty | Group
---------------------------------------------------------------
      690 |   0.6044 |  4.900005e+05 |   -6.23% |  6.95e-10 |      
      700 |   0.5923 |  4.890715e+05 |   -0.19% |  1.02e-09 |      
      710 |   0.5637 |  5.053818e+05 |   +3.33% |  1.51e-09 |      
      720 |   0.5305 |  5.117953e+05 |   +1.27% |  2.22e-09 |      
      730 |   0.5064 |  5.135797e+05 |   +0.35% |  3.27e-09 |      
      740 |   0.4791 |  5.189074e+05 |   +1.04% |  4.81e-09 |      
      750 |   0.4453 |  5.204336e+05 |   +0.29% |  7.09e-09 |      
      760 |   0.4194 |  5.202976e+05 |   -0.03% |  1.04e-08 |      
      770 |   0.3855 |  5.217966e+05 |   +0.29% |  1.54e-08 |      
      780 |   0.3529 |  5.225067e+05 |   +0.14% |  2.26e-08 |      
      790 |   0.3211 |  5.248020e+05 |   +0.44% |  3.34e-08 |      
[INFO GPL-0040] Routability iteration: 5
[INFO GPL-0041] Total routing overflow: 6.1386
[INFO GPL-0042] Number of overflowed tiles: 120 (1.39%)
[INFO GPL-0043] Average top 0.5% routing congestion: 1.0971
[INFO GPL-0044] Average top 1.0% routing congestion: 1.0677
[INFO GPL-0045] Average top 2.0% routing congestion: 1.0311
[INFO GPL-0046] Average top 5.0% routing congestion: 0.9746
[INFO GPL-0047] Routability iteration weighted routing congestion: 1.0824
[INFO GPL-0048] Routing congestion (1.0824) lower than previous minimum (1.087). Updating minimum.
[INFO GPL-0086] Inflated area:                 828.789 um^2 (+0.40%)
[INFO GPL-0052] Placement target density:       0.6656
[INFO GPL-0076] Removing fillers, count: Before: 4916, After: 4851 (-1.32%)
[INFO GPL-0077] Filler area (um^2)     : Before: 62498.376, After: 61672.015 (-1.32%)
[INFO GPL-0078] Removed fillers count: 65, area removed: 826.362 um^2. Remaining area to be compensated by modifying density: 2.428 um^2
[INFO GPL-0058] White space area:           406252.128 um^2 (+0.00%)
[INFO GPL-0059] Movable instances area:     270417.052 um^2 (+0.00%)
[INFO GPL-0060] Total filler area:           61672.015 um^2 (-1.32%)
[INFO GPL-0061] Total non-inflated area:    270446.104 um^2 (+0.00%)
[INFO GPL-0062] Total inflated area:        271274.893 um^2 (+0.00%)
[INFO GPL-0063] New Target Density:             0.6656
[INFO GPL-0087] Routability end iteration: increase inflation and revert back to snapshot.
Iteration | Overflow |     HPWL (um) |  HPWL(%) |   Penalty | Group
---------------------------------------------------------------
      800 |   0.5976 |  4.924913e+05 |   -6.16% |  7.81e-10 |      
      810 |   0.5875 |  4.946816e+05 |   +0.44% |  1.15e-09 |      
      820 |   0.5539 |  5.095218e+05 |   +3.00% |  1.69e-09 |      
      830 |   0.5219 |  5.138357e+05 |   +0.85% |  2.49e-09 |      
      840 |   0.4994 |  5.167967e+05 |   +0.58% |  3.67e-09 |      
      850 |   0.4688 |  5.211624e+05 |   +0.84% |  5.40e-09 |      
      860 |   0.4370 |  5.218328e+05 |   +0.13% |  7.96e-09 |      
      870 |   0.4101 |  5.223478e+05 |   +0.10% |  1.17e-08 |      
      880 |   0.3734 |  5.236352e+05 |   +0.25% |  1.73e-08 |      
      890 |   0.3424 |  5.246678e+05 |   +0.20% |  2.54e-08 |      
      900 |   0.3096 |  5.268155e+05 |   +0.41% |  3.75e-08 |      
[INFO GPL-0040] Routability iteration: 6
[INFO GPL-0041] Total routing overflow: 5.3472
[INFO GPL-0042] Number of overflowed tiles: 107 (1.24%)
[INFO GPL-0043] Average top 0.5% routing congestion: 1.0923
[INFO GPL-0044] Average top 1.0% routing congestion: 1.0603
[INFO GPL-0045] Average top 2.0% routing congestion: 1.0253
[INFO GPL-0046] Average top 5.0% routing congestion: 0.9723
[INFO GPL-0047] Routability iteration weighted routing congestion: 1.0763
[INFO GPL-0048] Routing congestion (1.0763) lower than previous minimum (1.082). Updating minimum.
[INFO GPL-0086] Inflated area:                 714.134 um^2 (+0.34%)
[INFO GPL-0052] Placement target density:       0.6656
[INFO GPL-0076] Removing fillers, count: Before: 4851, After: 4795 (-1.15%)
[INFO GPL-0077] Filler area (um^2)     : Before: 61672.015, After: 60960.072 (-1.15%)
[INFO GPL-0078] Removed fillers count: 56, area removed: 711.942 um^2. Remaining area to be compensated by modifying density: 2.192 um^2
[INFO GPL-0058] White space area:           406252.128 um^2 (+0.00%)
[INFO GPL-0059] Movable instances area:     270417.052 um^2 (+0.00%)
[INFO GPL-0060] Total filler area:           60960.072 um^2 (-1.15%)
[INFO GPL-0061] Total non-inflated area:    270448.296 um^2 (+0.00%)
[INFO GPL-0062] Total inflated area:        271162.430 um^2 (+0.00%)
[INFO GPL-0063] New Target Density:             0.6656
[INFO GPL-0087] Routability end iteration: increase inflation and revert back to snapshot.
Iteration | Overflow |     HPWL (um) |  HPWL(%) |   Penalty | Group
---------------------------------------------------------------
      910 |   0.5952 |  4.908552e+05 |   -6.83% |  8.77e-10 |      
      920 |   0.5782 |  5.010258e+05 |   +2.07% |  1.29e-09 |      
      930 |   0.5447 |  5.120927e+05 |   +2.21% |  1.90e-09 |      
      940 |   0.5131 |  5.154115e+05 |   +0.65% |  2.80e-09 |      
      950 |   0.4897 |  5.199279e+05 |   +0.88% |  4.12e-09 |      
      960 |   0.4579 |  5.225447e+05 |   +0.50% |  6.07e-09 |      
      970 |   0.4306 |  5.230812e+05 |   +0.10% |  8.94e-09 |      
      980 |   0.4010 |  5.242765e+05 |   +0.23% |  1.32e-08 |      
      990 |   0.3644 |  5.251259e+05 |   +0.16% |  1.94e-08 |      
     1000 |   0.3341 |  5.266596e+05 |   +0.29% |  2.86e-08 |      
     1010 |   0.2985 |  5.280359e+05 |   +0.26% |  4.21e-08 |      
[INFO GPL-0040] Routability iteration: 7
[INFO GPL-0041] Total routing overflow: 5.1617
[INFO GPL-0042] Number of overflowed tiles: 105 (1.21%)
[INFO GPL-0043] Average top 0.5% routing congestion: 1.0885
[INFO GPL-0044] Average top 1.0% routing congestion: 1.0585
[INFO GPL-0045] Average top 2.0% routing congestion: 1.0230
[INFO GPL-0046] Average top 5.0% routing congestion: 0.9708
[INFO GPL-0047] Routability iteration weighted routing congestion: 1.0735
[INFO GPL-0048] Routing congestion (1.0735) lower than previous minimum (1.076). Updating minimum.
[INFO GPL-0086] Inflated area:                 649.004 um^2 (+0.31%)
[INFO GPL-0052] Placement target density:       0.6656
[INFO GPL-0076] Removing fillers, count: Before: 4795, After: 4744 (-1.06%)
[INFO GPL-0077] Filler area (um^2)     : Before: 60960.072, After: 60311.696 (-1.06%)
[INFO GPL-0078] Removed fillers count: 51, area removed: 648.376 um^2. Remaining area to be compensated by modifying density: 0.628 um^2
[INFO GPL-0058] White space area:           406252.128 um^2 (+0.00%)
[INFO GPL-0059] Movable instances area:     270417.052 um^2 (+0.00%)
[INFO GPL-0060] Total filler area:           60311.696 um^2 (-1.06%)
[INFO GPL-0061] Total non-inflated area:    270448.924 um^2 (+0.00%)
[INFO GPL-0062] Total inflated area:        271097.928 um^2 (+0.00%)
[INFO GPL-0063] New Target Density:             0.6656
[INFO GPL-0087] Routability end iteration: increase inflation and revert back to snapshot.
Iteration | Overflow |     HPWL (um) |  HPWL(%) |   Penalty | Group
---------------------------------------------------------------
     1020 |   0.5945 |  4.908092e+05 |   -7.05% |  9.85e-10 |      
     1030 |   0.5676 |  5.071476e+05 |   +3.33% |  1.45e-09 |      
     1040 |   0.5343 |  5.148331e+05 |   +1.52% |  2.13e-09 |      
     1050 |   0.5086 |  5.174732e+05 |   +0.51% |  3.14e-09 |      
     1060 |   0.4812 |  5.226022e+05 |   +0.99% |  4.63e-09 |      
     1070 |   0.4497 |  5.240491e+05 |   +0.28% |  6.82e-09 |      
     1080 |   0.4229 |  5.241661e+05 |   +0.02% |  1.00e-08 |      
     1090 |   0.3900 |  5.259899e+05 |   +0.35% |  1.48e-08 |      
     1100 |   0.3548 |  5.265877e+05 |   +0.11% |  2.18e-08 |      
     1110 |   0.3227 |  5.283226e+05 |   +0.33% |  3.21e-08 |      
[INFO GPL-0040] Routability iteration: 8
[INFO GPL-0041] Total routing overflow: 5.4435
[INFO GPL-0042] Number of overflowed tiles: 113 (1.31%)
[INFO GPL-0043] Average top 0.5% routing congestion: 1.0883
[INFO GPL-0044] Average top 1.0% routing congestion: 1.0603
[INFO GPL-0045] Average top 2.0% routing congestion: 1.0265
[INFO GPL-0046] Average top 5.0% routing congestion: 0.9715
[INFO GPL-0047] Routability iteration weighted routing congestion: 1.0743
[INFO GPL-0049] Routing congestion (1.0743) higher than minimum (1.0735). Consecutive non-improvement count: 1.
[INFO GPL-0086] Inflated area:                 697.941 um^2 (+0.33%)
[INFO GPL-0052] Placement target density:       0.6656
[INFO GPL-0076] Removing fillers, count: Before: 4744, After: 4690 (-1.14%)
[INFO GPL-0077] Filler area (um^2)     : Before: 60311.696, After: 59625.180 (-1.14%)
[INFO GPL-0078] Removed fillers count: 54, area removed: 686.516 um^2. Remaining area to be compensated by modifying density: 11.425 um^2
[INFO GPL-0058] White space area:           406252.128 um^2 (+0.00%)
[INFO GPL-0059] Movable instances area:     270417.052 um^2 (+0.00%)
[INFO GPL-0060] Total filler area:           59625.180 um^2 (-1.14%)
[INFO GPL-0061] Total non-inflated area:    270460.349 um^2 (+0.00%)
[INFO GPL-0062] Total inflated area:        271158.291 um^2 (+0.00%)
[INFO GPL-0063] New Target Density:             0.6656
[INFO GPL-0087] Routability end iteration: increase inflation and revert back to snapshot.
Iteration | Overflow |     HPWL (um) |  HPWL(%) |   Penalty | Group
---------------------------------------------------------------
     1120 |   0.6022 |  4.926694e+05 |   -6.75% |  7.51e-10 |      
     1130 |   0.5894 |  4.952055e+05 |   +0.51% |  1.11e-09 |      
     1140 |   0.5571 |  5.116598e+05 |   +3.32% |  1.63e-09 |      
     1150 |   0.5255 |  5.169627e+05 |   +1.04% |  2.40e-09 |      
     1160 |   0.5014 |  5.204218e+05 |   +0.67% |  3.53e-09 |      
     1170 |   0.4724 |  5.240819e+05 |   +0.70% |  5.20e-09 |      
     1180 |   0.4390 |  5.257399e+05 |   +0.32% |  7.65e-09 |      
     1190 |   0.4140 |  5.262524e+05 |   +0.10% |  1.13e-08 |      
     1200 |   0.3797 |  5.277948e+05 |   +0.29% |  1.66e-08 |      
     1210 |   0.3457 |  5.284435e+05 |   +0.12% |  2.45e-08 |      
     1220 |   0.3123 |  5.299453e+05 |   +0.28% |  3.60e-08 |      
[INFO GPL-0040] Routability iteration: 9
[INFO GPL-0041] Total routing overflow: 5.3861
[INFO GPL-0042] Number of overflowed tiles: 111 (1.28%)
[INFO GPL-0043] Average top 0.5% routing congestion: 1.0900
[INFO GPL-0044] Average top 1.0% routing congestion: 1.0601
[INFO GPL-0045] Average top 2.0% routing congestion: 1.0255
[INFO GPL-0046] Average top 5.0% routing congestion: 0.9720
[INFO GPL-0047] Routability iteration weighted routing congestion: 1.0750
[INFO GPL-0049] Routing congestion (1.0750) higher than minimum (1.0735). Consecutive non-improvement count: 2.
[INFO GPL-0086] Inflated area:                 676.808 um^2 (+0.32%)
[INFO GPL-0052] Placement target density:       0.6656
[INFO GPL-0076] Removing fillers, count: Before: 4690, After: 4637 (-1.13%)
[INFO GPL-0077] Filler area (um^2)     : Before: 59625.180, After: 58951.377 (-1.13%)
[INFO GPL-0078] Removed fillers count: 53, area removed: 673.803 um^2. Remaining area to be compensated by modifying density: 3.006 um^2
[INFO GPL-0058] White space area:           406252.128 um^2 (+0.00%)
[INFO GPL-0059] Movable instances area:     270417.052 um^2 (+0.00%)
[INFO GPL-0060] Total filler area:           58951.377 um^2 (-1.13%)
[INFO GPL-0061] Total non-inflated area:    270463.355 um^2 (+0.00%)
[INFO GPL-0062] Total inflated area:        271140.163 um^2 (+0.00%)
[INFO GPL-0063] New Target Density:             0.6656
[INFO GPL-0087] Routability end iteration: increase inflation and revert back to snapshot.
Iteration | Overflow |     HPWL (um) |  HPWL(%) |   Penalty | Group
---------------------------------------------------------------
     1230 |   0.5974 |  4.936978e+05 |   -6.84% |  8.44e-10 |      
     1240 |   0.5819 |  5.015638e+05 |   +1.59% |  1.24e-09 |      
     1250 |   0.5481 |  5.150477e+05 |   +2.69% |  1.83e-09 |      
     1260 |   0.5170 |  5.190276e+05 |   +0.77% |  2.69e-09 |      
     1270 |   0.4931 |  5.235074e+05 |   +0.86% |  3.96e-09 |      
     1280 |   0.4625 |  5.259015e+05 |   +0.46% |  5.84e-09 |      
     1290 |   0.4330 |  5.270753e+05 |   +0.22% |  8.60e-09 |      
     1300 |   0.4038 |  5.282426e+05 |   +0.22% |  1.27e-08 |      
     1310 |   0.3679 |  5.296024e+05 |   +0.26% |  1.87e-08 |      
     1320 |   0.3362 |  5.303667e+05 |   +0.14% |  2.75e-08 |      
     1330 |   0.3018 |  5.316578e+05 |   +0.24% |  4.05e-08 |      
[INFO GPL-0040] Routability iteration: 10
[INFO GPL-0041] Total routing overflow: 5.4754
[INFO GPL-0042] Number of overflowed tiles: 98 (1.13%)
[INFO GPL-0043] Average top 0.5% routing congestion: 1.0974
[INFO GPL-0044] Average top 1.0% routing congestion: 1.0625
[INFO GPL-0045] Average top 2.0% routing congestion: 1.0231
[INFO GPL-0046] Average top 5.0% routing congestion: 0.9685
[INFO GPL-0047] Routability iteration weighted routing congestion: 1.0799
[INFO GPL-0049] Routing congestion (1.0799) higher than minimum (1.0735). Consecutive non-improvement count: 3.
[INFO GPL-0086] Inflated area:                 727.662 um^2 (+0.34%)
[INFO GPL-0052] Placement target density:       0.6656
[INFO GPL-0076] Removing fillers, count: Before: 4637, After: 4580 (-1.23%)
[INFO GPL-0077] Filler area (um^2)     : Before: 58951.377, After: 58226.722 (-1.23%)
[INFO GPL-0078] Removed fillers count: 57, area removed: 724.656 um^2. Remaining area to be compensated by modifying density: 3.006 um^2
[INFO GPL-0054] No improvement in routing congestion for 3 consecutive iterations (limit is 3).
[INFO GPL-0055] Reverting inflation values and target density from the iteration with minimum observed routing congestion.
[INFO GPL-0056] Minimum observed routing congestion: 1.0735
[INFO GPL-0057] Target density at minimum routing congestion: 0.6656
[INFO GPL-0080] Restoring 215 previously removed fillers.
[INFO GPL-0081] Number of fillers before restoration 4580 and after 4795 . Relative change: +4.69%%
[INFO GPL-0082] Total filler area before restoration 58226.72 and after 60960.07 (um^2). Relative change: +4.69%%
[INFO GPL-0089] Routability finished. Reverting to minimal observed routing congestion, could not reach target.
Iteration | Overflow |     HPWL (um) |  HPWL(%) |   Penalty | Group
---------------------------------------------------------------
     1340 |   0.5914 |  4.876989e+05 |   -8.27% |  9.48e-10 |      
     1350 |   0.5688 |  5.028511e+05 |   +3.11% |  1.39e-09 |      
     1360 |   0.5343 |  5.115532e+05 |   +1.73% |  2.05e-09 |      
     1370 |   0.5075 |  5.144974e+05 |   +0.58% |  3.02e-09 |      
     1380 |   0.4816 |  5.198284e+05 |   +1.04% |  4.45e-09 |      
     1390 |   0.4509 |  5.221723e+05 |   +0.45% |  6.56e-09 |      
     1400 |   0.4240 |  5.222802e+05 |   +0.02% |  9.66e-09 |      
     1410 |   0.3915 |  5.237975e+05 |   +0.29% |  1.42e-08 |      
     1420 |   0.3561 |  5.249684e+05 |   +0.22% |  2.10e-08 |      
     1430 |   0.3252 |  5.267086e+05 |   +0.33% |  3.09e-08 |      
     1440 |   0.2900 |  5.278005e+05 |   +0.21% |  4.55e-08 |      
     1450 |   0.2552 |  5.290202e+05 |   +0.23% |  6.70e-08 |      
     1460 |   0.2217 |  5.312560e+05 |   +0.42% |  9.86e-08 |      
[INFO GPL-0100] Timing-driven iteration 2/2, virtual: false.
[INFO GPL-0101]    Iter: 1470, overflow: 0.194, keep resizer changes at: 1, HPWL: 532081204
Iteration |   Area    | Resized | Buffers | Nets repaired | Remaining
---------------------------------------------------------------------
        0 |     +0.0% |       0 |       0 |             0 |     18426
    final |     +0.0% |       0 |       3 |             3 |         0
---------------------------------------------------------------------
[INFO RSZ-0034] Found 3 slew violations.
[INFO RSZ-0036] Found 2 capacitance violations.
[INFO RSZ-0038] Inserted 3 buffers in 3 nets.
   Iter   |    Area   | Removed | Inserted |   Pins
          |           | Buffers | Buffers  | Remaining
-------------------------------------------------------
        0 |     +0.0% |       0 |        0 |     14719
     1400 |     +0.1% |     367 |      387 |     13319
     2800 |     -0.0% |     451 |      453 |     11919
     4200 |     -0.1% |     563 |      563 |     10519
     5600 |     -0.0% |     610 |      620 |      9119
     7000 |     +0.2% |     726 |      807 |      7719
     8400 |     +0.3% |     756 |      845 |      6319
     9800 |     +0.5% |     973 |     1099 |      4919
    11200 |     +0.6% |    1111 |     1267 |      3519
    12600 |     +1.1% |    1652 |     1915 |      2119
    14000 |     +0.8% |    2995 |     3185 |       719
    final |     +0.9% |    3193 |     3396 |         0
-------------------------------------------------------
[INFO GPL-0106] Timing-driven: worst slack -2.8531622e-09
[INFO GPL-0107] Timing-driven: repair_design delta area: 862.208 um^2 (+0.41%)
[INFO GPL-0108] Timing-driven: repair_design, gpl delta gcells: 206 (+1.17%)
[INFO GPL-0109] Timing-driven: repair_design, gcells created: 3399, deleted: 3193
[INFO GPL-0110] Timing-driven: new target density: 0.67281926
Iteration | Overflow |     HPWL (um) |  HPWL(%) |   Penalty | Group
---------------------------------------------------------------
     1470 |   0.2011 |  5.717420e+05 |   +7.62% |  1.45e-07 |      
     1480 |   0.1656 |  5.629740e+05 |   -1.53% |  2.13e-07 |      
     1490 |   0.1403 |  5.583357e+05 |   -0.82% |  3.14e-07 |      
     1500 |   0.1201 |  5.576573e+05 |   -0.12% |  4.63e-07 |      
     1510 |   0.0993 |  5.570995e+05 |   -0.10% |  6.82e-07 |      
     1510 |   0.0993 |  5.570995e+05 |          |  7.09e-07 |      
---------------------------------------------------------------
[INFO GPL-1001] Global placement finished at iteration 1510
[INFO GPL-1017] Routability mode iteration count: 1147
[INFO GPL-1005] Routability final weighted congestion: 1.0707
[INFO GPL-1002] Placed Cell Area            210350.4322
[INFO GPL-1003] Available Free Area         406252.1280
[INFO GPL-1004] Minimum Feasible Density        0.4400 (cell_area / free_area)
[INFO GPL-1006]   Suggested Target Densities:
[INFO GPL-1007]     - For 90% usage of free space: 0.5753
[INFO GPL-1008]     - For 80% usage of free space: 0.6472
[INFO GPL-1011] Original area (um^2): 175369.20
[INFO GPL-1012] Total routability artificial inflation: 7453.26 (+4.25%)
[INFO GPL-1013] Total timing-driven delta area: 27527.98 (+15.70%)
[INFO GPL-1014] Final placement area: 210350.43 (+19.95%)
Took 22 seconds: global_placement -density 0.6 -pad_left 0 -pad_right 0 -routability_driven -timing_driven -force_center_initial_place -min_phi_coef 0.95 -max_phi_coef 1.05
estimate_parasitics -placement
Report metrics stage 3, global place...

==========================================================================
global place report_design_area
--------------------------------------------------------------------------
Design area 204248 um^2 49% utilization.
write_db ./results/sky130hd/chia_sha256_benchmark_corrupted/slot2/3_3_place_gp.odb
Log                       Ext     Elapsed/s Peak Memory/MB sha1sum result [0:20)
3_3_place_gp              .odb           25            495 977a5f52adf0a711fd02
/root/OpenROAD-flow-scripts/flow/scripts/flow.sh 3_4_place_resized resize
Running resize.tcl, stage 3_4_place_resized
read_liberty /root/OpenROAD-flow-scripts/flow/platforms/sky130hd/lib/sky130_fd_sc_hd__tt_025C_1v80.lib
read_db ./results/sky130hd/chia_sha256_benchmark_corrupted/slot2/3_3_place_gp.odb
read_sdc ./results/sky130hd/chia_sha256_benchmark_corrupted/slot2/2_floorplan.sdc
source /root/OpenROAD-flow-scripts/flow/platforms/sky130hd/setRC.tcl
estimate_parasitics -placement
Perform buffer insertion and gate resizing...
repair_design -verbose -match_cell_footprint
Iteration |   Area    | Resized | Buffers | Nets repaired | Remaining
---------------------------------------------------------------------
        0 |     +0.0% |       0 |       0 |             0 |     18632
     1000 |     +0.0% |       0 |       0 |             0 |     17632
     2000 |     +0.0% |       0 |       0 |             0 |     16632
     3000 |     +0.0% |       0 |       0 |             0 |     15632
     4000 |     +0.0% |       0 |       0 |             0 |     14632
     5000 |     +0.0% |       0 |       0 |             0 |     13632
     6000 |     +0.0% |       0 |       0 |             0 |     12632
     7000 |     +0.0% |       0 |       0 |             0 |     11632
     8000 |     +0.0% |       0 |       0 |             0 |     10632
     9000 |     +0.0% |       0 |       0 |             0 |      9632
    10000 |     +0.0% |       0 |       0 |             0 |      8632
    11000 |     +0.0% |       0 |       0 |             0 |      7632
    12000 |     +0.0% |       0 |       0 |             0 |      6632
    13000 |     +0.0% |       0 |       0 |             0 |      5632
    14000 |     +0.0% |       0 |       0 |             0 |      4632
    15000 |     +0.0% |       0 |       0 |             0 |      3632
    16000 |     +0.0% |       0 |       0 |             0 |      2632
    17000 |     +0.0% |       0 |       0 |             0 |      1632
    18000 |     +0.0% |       0 |       0 |             0 |       632
    final |     +0.0% |       0 |       0 |             0 |         0
---------------------------------------------------------------------
[INFO RSZ-0504] Runtime: 0.80s
Floating nets: 
Report metrics stage 3, resizer...

==========================================================================
resizer report_design_area
--------------------------------------------------------------------------
Design area 204248 um^2 49% utilization.
Instance count before 23258, after 23258
Pin count before 65682, after 65682
write_db ./results/sky130hd/chia_sha256_benchmark_corrupted/slot2/3_4_place_resized.odb
Log                       Ext     Elapsed/s Peak Memory/MB sha1sum result [0:20)
3_4_place_resized         .odb            5            214 977a5f52adf0a711fd02
/root/OpenROAD-flow-scripts/flow/scripts/flow.sh 3_5_place_dp detail_place
Running detail_place.tcl, stage 3_5_place_dp
read_liberty /root/OpenROAD-flow-scripts/flow/platforms/sky130hd/lib/sky130_fd_sc_hd__tt_025C_1v80.lib
read_db ./results/sky130hd/chia_sha256_benchmark_corrupted/slot2/3_4_place_resized.odb
read_sdc ./results/sky130hd/chia_sha256_benchmark_corrupted/slot2/2_floorplan.sdc
source /root/OpenROAD-flow-scripts/flow/platforms/sky130hd/setRC.tcl
detailed_placement
[INFO DPL-0006] Core area: 413101.20 um^2
[INFO DPL-0007] Movable instances area: 197399.32 um^2
[INFO DPL-0008] Fixed instances area within core: 6849.07 um^2
[INFO DPL-0009] Utilization: 49.4%
[INFO DPL-0005] Diamond search max displacement: +/- 500 sites horizontally, +/- 100 rows vertically.
[INFO DPL-1102] Legalizing using negotiation legalizer.
[INFO DPL-1103] Negotiation base search window: +/-20 sites horizontally, +/-5 rows vertically 
	Automatic search window extension enabled.
	Search window extendable up to the max displacement cap of +/-500 sites, +/-100 rows near walls.
[INFO DPL-1104] NegotiationLegalizer DRC penalty: 5.
[INFO DPL-0392] Negotiation cell height distribution (1 unique row-count(s)):
[INFO DPL-0393]   height 1 row(s): 23258 cells
          |      Total |  Illegal |  Illegal
Iteration | Violations |    Cells |    Sites
---------------------------------------------
        0 |       1625 |       389 |      1236
        1 |        112 |        26 |        86
        2 |          8 |         2 |         6
        3 |          0 |         0 |         0
Negotiation phase 1 converged at iteration 3.
[INFO DPL-0500] Runtime: 0.18s
Placement Analysis
---------------------------------
total displacement      58393.2 u
average displacement        2.5 u
max displacement           19.6 u
original HPWL          557516.7 u
legalized HPWL         608105.9 u
delta HPWL                    9 %

improve_placement -max_displacement "5 1"
Detailed placement improvement.
[INFO DPL-0401] Setting random seed to 1.
[INFO DPL-0402] Setting maximum displacement 5 1 to 13600 2720 units.
[INFO DPL-0320] Collected 6246 fixed cells.
[INFO DPL-0318] Collected 17784 single height cells.
[INFO DPL-0321] Collected 0 wide cells.
[INFO DPL-0322] Image (1380, 2720) - (644920, 644640)
[INFO DPL-0310] Assigned 17784 cells into segments.  Movement in X-direction is 0.000000, movement in Y-direction is 0.000000.
[INFO DPL-0313] Found 0 cells in wrong regions.
[INFO DPL-0315] Found 0 row alignment problems.
[INFO DPL-0314] Found 0 site alignment problems.
[INFO DPL-0311] Found 0 overlaps between adjacent cells.
[INFO DPL-0312] Found 0 edge spacing violations and 0 padding violations.
[INFO DPL-0303] Running algorithm for independent set matching.
[INFO DPL-0300] Set matching objective is wirelength.
[INFO DPL-0301] Pass   1 of matching; objective is 6.080223e+08.
[INFO DPL-0302] End of matching; objective is 6.075473e+08, improvement is 0.08 percent.
[INFO DPL-0303] Running algorithm for global swaps.
[INFO DPL-0306] Pass   1 of global swaps; hpwl is 6.005880e+08.
[INFO DPL-0306] Pass   2 of global swaps; hpwl is 5.993386e+08.
[INFO DPL-0307] End of global swaps; objective is 5.993386e+08, improvement is 1.35 percent.
[INFO DPL-0303] Running algorithm for vertical swaps.
[INFO DPL-0308] Pass   1 of vertical swaps; hpwl is 5.973490e+08.
[INFO DPL-0309] End of vertical swaps; objective is 5.973490e+08, improvement is 0.33 percent.
[INFO DPL-0303] Running algorithm for reordering.
[INFO DPL-0304] Pass   1 of reordering; objective is 5.968604e+08.
[INFO DPL-0305] End of reordering; objective is 5.968604e+08, improvement is 0.08 percent.
[INFO DPL-0303] Running algorithm for random improvement.
[INFO DPL-0324] Random improver is using random generator.
[INFO DPL-0325] Random improver is using hpwl objective.
[INFO DPL-0326] Random improver cost string is (a).
[INFO DPL-0332] End of pass, Generator random called 355680 times.
[INFO DPL-0335] Generator random, Cumulative attempts 355680, swaps 51486, moves 81879 since last reset.
[INFO DPL-0333] End of pass, Objective hpwl, Initial cost 5.886445e+08, Scratch cost 5.829541e+08, Incremental cost 5.829541e+08, Mismatch? N
[INFO DPL-0338] End of pass, Total cost is 5.829541e+08.
[INFO DPL-0327] Pass   1 of random improver; improvement in cost is 0.97 percent.
[INFO DPL-0328] End of random improver; improvement is 0.966699 percent.
[INFO DPL-0380] Cell flipping.
[INFO DPL-0382] Changed 0 cell orientations for row compatibility.
[INFO DPL-0383] Performed 4973 cell flips.
[INFO DPL-0384] End of flipping; objective is 5.808871e+08, improvement is 1.73 percent.
[INFO DPL-0313] Found 0 cells in wrong regions.
[INFO DPL-0315] Found 0 row alignment problems.
[INFO DPL-0314] Found 0 site alignment problems.
[INFO DPL-0311] Found 0 overlaps between adjacent cells.
[INFO DPL-0312] Found 0 edge spacing violations and 0 padding violations.
Detailed Improvement Results
------------------------------------------
Original HPWL           608105.9 u (  265977.4,   342128.5)
Final HPWL              581083.6 u (  255118.6,   325965.0)
Delta HPWL                  -4.4 % (      -4.1,       -4.7)

optimize_mirroring
[INFO DPL-0020] Mirrored 929 instances
[INFO DPL-0021] HPWL before          581083.6 u
[INFO DPL-0022] HPWL after           580803.4 u
[INFO DPL-0023] HPWL delta               -0.0 %
[INFO FLW-0012] Placement violations .
estimate_parasitics -placement
Report metrics stage 3, detailed place...

==========================================================================
detailed place report_design_area
--------------------------------------------------------------------------
Design area 204248 um^2 49% utilization.
write_db ./results/sky130hd/chia_sha256_benchmark_corrupted/slot2/3_5_place_dp.odb
write_sdc -no_timestamp ./results/sky130hd/chia_sha256_benchmark_corrupted/slot2/3_place.sdc
Log                       Ext     Elapsed/s Peak Memory/MB sha1sum result [0:20)
3_5_place_dp              .odb            7            332 c524c6fdaa45834cd10f
cp ./results/sky130hd/chia_sha256_benchmark_corrupted/slot2/3_5_place_dp.odb ./results/sky130hd/chia_sha256_benchmark_corrupted/slot2/3_place.odb
make: Leaving directory '/root/OpenROAD-flow-scripts/flow'

STDERR:
bash: /opt/miniconda/lib/libtinfo.so.6: no version information available (required by bash)
bash: /opt/miniconda/lib/libtinfo.so.6: no version information available (required by bash)
bash: /opt/miniconda/lib/libtinfo.so.6: no version information available (required by bash)
bash: /opt/miniconda/lib/libtinfo.so.6: no version information available (required by bash)
bash: /opt/miniconda/lib/libtinfo.so.6: no version information available (required by bash)
bash: /opt/miniconda/lib/libtinfo.so.6: no version information available (required by bash)
bash: /opt/miniconda/lib/libtinfo.so.6: no version information available (required by bash)
bash: /opt/miniconda/lib/libtinfo.so.6: no version information available (required by bash)
bash: /opt/miniconda/lib/libtinfo.so.6: no version information available (required by bash)
bash: /opt/miniconda/lib/libtinfo.so.6: no version information available (required by bash)
bash: /opt/miniconda/lib/libtinfo.so.6: no version information available (required by bash)
bash: /opt/miniconda/lib/libtinfo.so.6: no version information available (required by bash)
bash: /opt/miniconda/lib/libtinfo.so.6: no version information available (required by bash)
bash: /opt/miniconda/lib/libtinfo.so.6: no version information available (required by bash)
bash: /opt/miniconda/lib/libtinfo.so.6: no version information available (required by bash)
bash: /opt/miniconda/lib/libtinfo.so.6: no version information available (required by bash)
bash: /opt/miniconda/lib/libtinfo.so.6: no version information available (required by bash)
bash: /opt/miniconda/lib/libtinfo.so.6: no version information available (required by bash)
bash: /opt/miniconda/lib/libtinfo.so.6: no version information available (required by bash)
bash: /opt/miniconda/lib/libtinfo.so.6: no version information available (required by bash)
bash: /opt/miniconda/lib/libtinfo.so.6: no version information available (required by bash)
bash: /opt/miniconda/lib/libtinfo.so.6: no version information available (required by bash)
bash: /opt/miniconda/lib/libtinfo.so.6: no version information available (required by bash)
bash: /opt/miniconda/lib/libtinfo.so.6: no version information available (required by bash)
Elapsed time: 0:02.29[h:]min:sec. CPU time: user 2.21 sys 0.06 (99%). Peak memory: 179592KB.
bash: /opt/miniconda/lib/libtinfo.so.6: no version information available (required by bash)
bash: /opt/miniconda/lib/libtinfo.so.6: no version information available (required by bash)
bash: /opt/miniconda/lib/libtinfo.so.6: no version information available (required by bash)
bash: /opt/miniconda/lib/libtinfo.so.6: no version information available (required by bash)
bash: /opt/miniconda/lib/libtinfo.so.6: no version information available (required by bash)
bash: /opt/miniconda/lib/libtinfo.so.6: no version information available (required by bash)
bash: /opt/miniconda/lib/libtinfo.so.6: no version information available (required by bash)
bash: /opt/miniconda/lib/libtinfo.so.6: no version information available (required by bash)
bash: /opt/miniconda/lib/libtinfo.so.6: no version information available (required by bash)
bash: /opt/miniconda/lib/libtinfo.so.6: no version information available (required by bash)
bash: /opt/miniconda/lib/libtinfo.so.6: no version information available (required by bash)
bash: /opt/miniconda/lib/libtinfo.so.6: no version information available (required by bash)
bash: /opt/miniconda/lib/libtinfo.so.6: no version information available (required by bash)
bash: /opt/miniconda/lib/libtinfo.so.6: no version information available (required by bash)
Elapsed time: 0:00.40[h:]min:sec. CPU time: user 0.33 sys 0.06 (95%). Peak memory: 160956KB.
bash: /opt/miniconda/lib/libtinfo.so.6: no version information available (required by bash)
bash: /opt/miniconda/lib/libtinfo.so.6: no version information available (required by bash)
bash: /opt/miniconda/lib/libtinfo.so.6: no version information available (required by bash)
bash: /opt/miniconda/lib/libtinfo.so.6: no version information available (required by bash)
bash: /opt/miniconda/lib/libtinfo.so.6: no version information available (required by bash)
bash: /opt/miniconda/lib/libtinfo.so.6: no version information available (required by bash)
bash: /opt/miniconda/lib/libtinfo.so.6: no version information available (required by bash)
bash: /opt/miniconda/lib/libtinfo.so.6: no version information available (required by bash)
bash: /opt/miniconda/lib/libtinfo.so.6: no version information available (required by bash)
bash: /opt/miniconda/lib/libtinfo.so.6: no version information available (required by bash)
bash: /opt/miniconda/lib/libtinfo.so.6: no version information available (required by bash)
bash: /opt/miniconda/lib/libtinfo.so.6: no version information available (required by bash)
bash: /opt/miniconda/lib/libtinfo.so.6: no version information available (required by bash)
bash: /opt/miniconda/lib/libtinfo.so.6: no version information available (required by bash)
Elapsed time: 0:25.02[h:]min:sec. CPU time: user 24.27 sys 0.31 (98%). Peak memory: 507900KB.
bash: /opt/miniconda/lib/libtinfo.so.6: no version information available (required by bash)
bash: /opt/miniconda/lib/libtinfo.so.6: no version information available (required by bash)
bash: /opt/miniconda/lib/libtinfo.so.6: no version information available (required by bash)
bash: /opt/miniconda/lib/libtinfo.so.6: no version information available (required by bash)
bash: /opt/miniconda/lib/libtinfo.so.6: no version information available (required by bash)
bash: /opt/miniconda/lib/libtinfo.so.6: no version information available (required by bash)
bash: /opt/miniconda/lib/libtinfo.so.6: no version information available (required by bash)
bash: /opt/miniconda/lib/libtinfo.so.6: no version information available (required by bash)
bash: /opt/miniconda/lib/libtinfo.so.6: no version information available (required by bash)
bash: /opt/miniconda/lib/libtinfo.so.6: no version information available (required by bash)
bash: /opt/miniconda/lib/libtinfo.so.6: no version information available (required by bash)
bash: /opt/miniconda/lib/libtinfo.so.6: no version information available (required by bash)
bash: /opt/miniconda/lib/libtinfo.so.6: no version information available (required by bash)
bash: /opt/miniconda/lib/libtinfo.so.6: no version information available (required by bash)
Elapsed time: 0:05.64[h:]min:sec. CPU time: user 5.50 sys 0.11 (99%). Peak memory: 219440KB.
bash: /opt/miniconda/lib/libtinfo.so.6: no version information available (required by bash)
bash: /opt/miniconda/lib/libtinfo.so.6: no version information available (required by bash)
bash: /opt/miniconda/lib/libtinfo.so.6: no version information available (required by bash)
bash: /opt/miniconda/lib/libtinfo.so.6: no version information available (required by bash)
bash: /opt/miniconda/lib/libtinfo.so.6: no version information available (required by bash)
bash: /opt/miniconda/lib/libtinfo.so.6: no version information available (required by bash)
bash: /opt/miniconda/lib/libtinfo.so.6: no version information available (required by bash)
bash: /opt/miniconda/lib/libtinfo.so.6: no version information available (required by bash)
bash: /opt/miniconda/lib/libtinfo.so.6: no version information available (required by bash)
bash: /opt/miniconda/lib/libtinfo.so.6: no version information available (required by bash)
bash: /opt/miniconda/lib/libtinfo.so.6: no version information available (required by bash)
bash: /opt/miniconda/lib/libtinfo.so.6: no version information available (required by bash)
bash: /opt/miniconda/lib/libtinfo.so.6: no version information available (required by bash)
bash: /opt/miniconda/lib/libtinfo.so.6: no version information available (required by bash)
Elapsed time: 0:07.11[h:]min:sec. CPU time: user 6.98 sys 0.13 (99%). Peak memory: 340404KB.
bash: /opt/miniconda/lib/libtinfo.so.6: no version information available (required by bash)
bash: /opt/miniconda/lib/libtinfo.so.6: no version information available (required by bash)
bash: /opt/miniconda/lib/libtinfo.so.6: no version information available (required by bash)
bash: /opt/miniconda/lib/libtinfo.so.6: no version information available (required by bash)
bash: /opt/miniconda/lib/libtinfo.so.6: no version information available (required by bash)
bash: /opt/miniconda/lib/libtinfo.so.6: no version information available (required by bash)
bash: /opt/miniconda/lib/libtinfo.so.6: no version information available (required by bash)
bash: /opt/miniconda/lib/libtinfo.so.6: no version information available (required by bash)
bash: /opt/miniconda/lib/libtinfo.so.6: no version information available (required by bash)
bash: /opt/miniconda/lib/libtinfo.so.6: no version information available (required by bash)
bash: /opt/miniconda/lib/libtinfo.so.6: no version information available (required by bash)
bash: /opt/miniconda/lib/libtinfo.so.6: no version information available (required by bash)
bash: /opt/miniconda/lib/libtinfo.so.6: no version information available (required by bash)
