make: Entering directory '/root/OpenROAD-flow-scripts/flow'
./logs/sky130hs/gcd/slot2
Log                       Ext     Elapsed/s Peak Memory/MB sha1sum result [0:20)
1_1_yosys_canonicalize    .rtlil          0            122 2e75b25be8e5a7e88cdf
1_2_yosys                 .v              0            123 1c0f31d55e53b1392ca7
1_2_yosys                 .sdc                             d31b191de524c1338fac
1_synth                   .odb            0            144 80fc2cf135103259ee5c
1_synth                   .sdc                             ba344fdf4521e98fc0ec
2_1_floorplan             .odb            0            164 78b264b0fa0e1a09e7a7
2_1_floorplan             .sdc                             ba344fdf4521e98fc0ec
2_2_floorplan_macro       .odb            0            143 78b264b0fa0e1a09e7a7
2_3_floorplan_tapcell     .odb            0            142 53224956af318c07003e
2_4_floorplan_pdn         .odb            0            145 a265b3592277da1a4296
3_1_place_gp_skip_io      .odb            0            145 d67bfc6c3684540d07b5
3_2_place_iop             .odb            0            143 91b3306f230719d08432
3_3_place_gp              .odb            1            269 150ab654077312858432
3_4_place_resized         .odb            0            172 b13de2d36aaf444dc5c7
3_5_place_dp              .odb            0            148 f9933eee332f29b9206f
4_1_cts                   .odb            2            186 56b50e28e3a766c4cf7f
5_1_grt                   .odb           19            281 be755ef7470e883c82fe
5_1_grt                   .sdc                             7b5412feeb12ba667af1
5_2_route                 .odb           21            613 5b550b749cca48f4acc9
5_3_fillcell              .odb            0            146 75b5af946a0ac3806229
6_1_fill                  .odb            0            144 75b5af946a0ac3806229
6_1_fill                  .sdc                             7b5412feeb12ba667af1
6_1_merge                                 1            430                  N/A
6_report                                  1            206                  N/A
Total                                    45            613                     
mkdir -p ./reports/sky130hs/gcd/slot2
echo /root/OpenROAD-flow-scripts/flow/designs/sky130hs/gcd > ./reports/sky130hs/gcd/slot2/design-dir.txt
/opt/miniconda/envs/chia_env/bin/python3 /root/OpenROAD-flow-scripts/flow/util/genMetrics.py -d gcd \
    -p sky130hs \
    -v slot2 \
    --logs ./logs/sky130hs/gcd/slot2 \
    --reports ./reports/sky130hs/gcd/slot2 \
    --results ./results/sky130hs/gcd/slot2 \
    -o ./reports/sky130hs/gcd/slot2/metadata.json 2>&1 \
    | tee /root/OpenROAD-flow-scripts/flow/reports/sky130hs/gcd/slot2/metadata-generate.log
[WARN] not a git repo: /root/OpenROAD-flow-scripts/flow/util/../
[WARN] not a git repo: /root/OpenROAD-flow-scripts/flow/platforms/sky130hs
[WARN] Tag globalroute__timing__clock__slack not found in ./logs/sky130hs/gcd/slot2/5_1_grt.log. Will use N/A.
[WARN] Overwriting Tag synth__runtime__total
[WARN] Overwriting Tag synth__cpu__total
[WARN] Overwriting Tag synth__mem__peak
[WARN] Overwriting Tag finish__runtime__total
[WARN] Overwriting Tag finish__cpu__total
[WARN] Overwriting Tag finish__mem__peak
/opt/miniconda/envs/chia_env/bin/python3 /root/OpenROAD-flow-scripts/flow/util/checkMetadata.py \
    -m ./reports/sky130hs/gcd/slot2/metadata.json \
    -r /root/OpenROAD-flow-scripts/flow/designs/sky130hs/gcd/rules-slot2.json 2>&1 \
    | tee /root/OpenROAD-flow-scripts/flow/reports/sky130hs/gcd/slot2/metadata-check.log
[WARN] File /root/OpenROAD-flow-scripts/flow/designs/sky130hs/gcd/rules-slot2.json not found
No rules
make: Leaving directory '/root/OpenROAD-flow-scripts/flow'

STDERR:
bash: /opt/miniconda/lib/libtinfo.so.6: no version information available (required by bash)
bash: /opt/miniconda/lib/libtinfo.so.6: no version information available (required by bash)
bash: /opt/miniconda/lib/libtinfo.so.6: no version information available (required by bash)
bash: /opt/miniconda/lib/libtinfo.so.6: no version information available (required by bash)
bash: /opt/miniconda/lib/libtinfo.so.6: no version information available (required by bash)
bash: /opt/miniconda/lib/libtinfo.so.6: no version information available (required by bash)
bash: /opt/miniconda/lib/libtinfo.so.6: no version information available (required by bash)
bash: /opt/miniconda/lib/libtinfo.so.6: no version information available (required by bash)
bash: /opt/miniconda/lib/libtinfo.so.6: no version information available (required by bash)
bash: /opt/miniconda/lib/libtinfo.so.6: no version information available (required by bash)
bash: /opt/miniconda/lib/libtinfo.so.6: no version information available (required by bash)
bash: /opt/miniconda/lib/libtinfo.so.6: no version information available (required by bash)
bash: /opt/miniconda/lib/libtinfo.so.6: no version information available (required by bash)
bash: /opt/miniconda/lib/libtinfo.so.6: no version information available (required by bash)
bash: /opt/miniconda/lib/libtinfo.so.6: no version information available (required by bash)
bash: /opt/miniconda/lib/libtinfo.so.6: no version information available (required by bash)
bash: /opt/miniconda/lib/libtinfo.so.6: no version information available (required by bash)
bash: /opt/miniconda/lib/libtinfo.so.6: no version information available (required by bash)
bash: /opt/miniconda/lib/libtinfo.so.6: no version information available (required by bash)
bash: /opt/miniconda/lib/libtinfo.so.6: no version information available (required by bash)
bash: /opt/miniconda/lib/libtinfo.so.6: no version information available (required by bash)
bash: /opt/miniconda/lib/libtinfo.so.6: no version information available (required by bash)
bash: /opt/miniconda/lib/libtinfo.so.6: no version information available (required by bash)
bash: /opt/miniconda/lib/libtinfo.so.6: no version information available (required by bash)
bash: /opt/miniconda/lib/libtinfo.so.6: no version information available (required by bash)
bash: /opt/miniconda/lib/libtinfo.so.6: no version information available (required by bash)
bash: /opt/miniconda/lib/libtinfo.so.6: no version information available (required by bash)
bash: /opt/miniconda/lib/libtinfo.so.6: no version information available (required by bash)
bash: /opt/miniconda/lib/libtinfo.so.6: no version information available (required by bash)
bash: /opt/miniconda/lib/libtinfo.so.6: no version information available (required by bash)
bash: /opt/miniconda/lib/libtinfo.so.6: no version information available (required by bash)
bash: /opt/miniconda/lib/libtinfo.so.6: no version information available (required by bash)
bash: /opt/miniconda/lib/libtinfo.so.6: no version information available (required by bash)
bash: /opt/miniconda/lib/libtinfo.so.6: no version information available (required by bash)
bash: /opt/miniconda/lib/libtinfo.so.6: no version information available (required by bash)
bash: /opt/miniconda/lib/libtinfo.so.6: no version information available (required by bash)
bash: /opt/miniconda/lib/libtinfo.so.6: no version information available (required by bash)
bash: /opt/miniconda/lib/libtinfo.so.6: no version information available (required by bash)
bash: /opt/miniconda/lib/libtinfo.so.6: no version information available (required by bash)
make: *** [/root/OpenROAD-flow-scripts/flow/util/utils.mk:36: metadata-check] Error 1
