
==========================================================================
detailed place report_tns
--------------------------------------------------------------------------
tns max -203.44

==========================================================================
detailed place report_wns
--------------------------------------------------------------------------
wns max -3.23

==========================================================================
detailed place report_worst_slack
--------------------------------------------------------------------------
worst slack max -3.23

==========================================================================
detailed place report_clock_min_period
--------------------------------------------------------------------------
core_clock period_min = 13.23 fmax = 75.60
vclk period_min = 0.00 fmax = inf

==========================================================================
detailed place report_checks -path_delay min
--------------------------------------------------------------------------
Startpoint: rst_n (input port clocked by vclk)
Endpoint: W[1892]$_DFFE_PN0P_
          (removal check against rising-edge clock core_clock)
Path Group: asynchronous
Path Type: min

Fanout     Cap    Slew   Delay    Time   Description
-----------------------------------------------------------------------------
                  0.00    0.00    0.00   clock vclk (rise edge)
                          0.00    0.00   clock network delay (ideal)
                          2.00    2.00 ^ input external delay
     1    0.02    0.00    0.00    2.00 ^ rst_n (in)
                                         rst_n (net)
                  0.00    0.00    2.00 ^ input514/A (sky130_fd_sc_hd__buf_16)
    77    0.51    0.52    0.39    2.39 ^ input514/X (sky130_fd_sc_hd__buf_16)
                                         net513 (net)
                  0.52    0.02    2.41 ^ W[1892]$_DFFE_PN0P_/RESET_B (sky130_fd_sc_hd__dfrtp_1)
                                  2.41   data arrival time

                  0.00    0.00    0.00   clock core_clock (rise edge)
                          0.00    0.00   clock network delay (ideal)
                          0.00    0.00   clock reconvergence pessimism
                                  0.00 ^ W[1892]$_DFFE_PN0P_/CLK (sky130_fd_sc_hd__dfrtp_1)
                          0.44    0.44   library removal time
                                  0.44   data required time
-----------------------------------------------------------------------------
                                  0.44   data required time
                                 -2.41   data arrival time
-----------------------------------------------------------------------------
                                  1.97   slack (MET)


Startpoint: digest[141]$_DFFE_PN0P_
            (rising edge-triggered flip-flop clocked by core_clock)
Endpoint: digest[141]$_DFFE_PN0P_
          (rising edge-triggered flip-flop clocked by core_clock)
Path Group: core_clock
Path Type: min

Fanout     Cap    Slew   Delay    Time   Description
-----------------------------------------------------------------------------
                  0.00    0.00    0.00   clock core_clock (rise edge)
                          0.00    0.00   clock network delay (ideal)
                  0.00    0.00    0.00 ^ digest[141]$_DFFE_PN0P_/CLK (sky130_fd_sc_hd__dfrtp_1)
     2    0.01    0.07    0.32    0.32 ^ digest[141]$_DFFE_PN0P_/Q (sky130_fd_sc_hd__dfrtp_1)
                                         net561 (net)
                  0.07    0.00    0.32 ^ _18507_/A (sky130_fd_sc_hd__nand2_1)
     1    0.00    0.03    0.05    0.37 v _18507_/Y (sky130_fd_sc_hd__nand2_1)
                                         _04742_ (net)
                  0.03    0.00    0.37 v _18511_/A (sky130_fd_sc_hd__nand2_1)
     1    0.00    0.04    0.05    0.42 ^ _18511_/Y (sky130_fd_sc_hd__nand2_1)
                                         _00881_ (net)
                  0.04    0.00    0.42 ^ digest[141]$_DFFE_PN0P_/D (sky130_fd_sc_hd__dfrtp_1)
                                  0.42   data arrival time

                  0.00    0.00    0.00   clock core_clock (rise edge)
                          0.00    0.00   clock network delay (ideal)
                          0.00    0.00   clock reconvergence pessimism
                                  0.00 ^ digest[141]$_DFFE_PN0P_/CLK (sky130_fd_sc_hd__dfrtp_1)
                         -0.04   -0.04   library hold time
                                 -0.04   data required time
-----------------------------------------------------------------------------
                                 -0.04   data required time
                                 -0.42   data arrival time
-----------------------------------------------------------------------------
                                  0.46   slack (MET)


Startpoint: digest[98]$_DFFE_PN0P_
            (rising edge-triggered flip-flop clocked by core_clock)
Endpoint: digest[98] (output port clocked by vclk)
Path Group: vclk
Path Type: min

Fanout     Cap    Slew   Delay    Time   Description
-----------------------------------------------------------------------------
                  0.00    0.00    0.00   clock core_clock (rise edge)
                          0.00    0.00   clock network delay (ideal)
                  0.00    0.00    0.00 ^ digest[98]$_DFFE_PN0P_/CLK (sky130_fd_sc_hd__dfrtp_1)
     2    0.01    0.05    0.35    0.35 v digest[98]$_DFFE_PN0P_/Q (sky130_fd_sc_hd__dfrtp_1)
                                         net768 (net)
                  0.05    0.00    0.35 v output769/A (sky130_fd_sc_hd__clkdlybuf4s50_1)
     1    0.00    0.03    0.39    0.74 v output769/X (sky130_fd_sc_hd__clkdlybuf4s50_1)
                                         digest[98] (net)
                  0.03    0.00    0.74 v digest[98] (out)
                                  0.74   data arrival time

                  0.00    0.00    0.00   clock vclk (rise edge)
                          0.00    0.00   clock network delay (ideal)
                          0.00    0.00   clock reconvergence pessimism
                         -2.00   -2.00   output external delay
                                 -2.00   data required time
-----------------------------------------------------------------------------
                                 -2.00   data required time
                                 -0.74   data arrival time
-----------------------------------------------------------------------------
                                  2.74   slack (MET)



==========================================================================
detailed place report_checks -path_delay max
--------------------------------------------------------------------------
Startpoint: rst_n (input port clocked by vclk)
Endpoint: W[1529]$_DFFE_PN0P_
          (recovery check against rising-edge clock core_clock)
Path Group: asynchronous
Path Type: max

Fanout     Cap    Slew   Delay    Time   Description
-----------------------------------------------------------------------------
                  0.00    0.00    0.00   clock vclk (rise edge)
                          0.00    0.00   clock network delay (ideal)
                          2.00    2.00 ^ input external delay
     1    0.02    0.00    0.00    2.00 ^ rst_n (in)
                                         rst_n (net)
                  0.00    0.00    2.00 ^ input514/A (sky130_fd_sc_hd__buf_16)
    77    0.51    0.52    0.39    2.39 ^ input514/X (sky130_fd_sc_hd__buf_16)
                                         net513 (net)
                  0.54    0.08    2.47 ^ place7628/A (sky130_fd_sc_hd__buf_4)
    52    0.31    0.83    0.75    3.22 ^ place7628/X (sky130_fd_sc_hd__buf_4)
                                         net7627 (net)
                  0.83    0.05    3.27 ^ place7626/A (sky130_fd_sc_hd__buf_4)
    70    0.36    0.98    0.88    4.15 ^ place7626/X (sky130_fd_sc_hd__buf_4)
                                         net7625 (net)
                  0.98    0.05    4.20 ^ W[1529]$_DFFE_PN0P_/RESET_B (sky130_fd_sc_hd__dfrtp_1)
                                  4.20   data arrival time

                  0.00   10.00   10.00   clock core_clock (rise edge)
                          0.00   10.00   clock network delay (ideal)
                          0.00   10.00   clock reconvergence pessimism
                                 10.00 ^ W[1529]$_DFFE_PN0P_/CLK (sky130_fd_sc_hd__dfrtp_1)
                         -0.03    9.97   library recovery time
                                  9.97   data required time
-----------------------------------------------------------------------------
                                  9.97   data required time
                                 -4.20   data arrival time
-----------------------------------------------------------------------------
                                  5.77   slack (MET)


Startpoint: round[0]$_DFFE_PN0P_
            (rising edge-triggered flip-flop clocked by core_clock)
Endpoint: digest[255]$_DFFE_PN0P_
          (rising edge-triggered flip-flop clocked by core_clock)
Path Group: core_clock
Path Type: max

Fanout     Cap    Slew   Delay    Time   Description
-----------------------------------------------------------------------------
                  0.00    0.00    0.00   clock core_clock (rise edge)
                          0.00    0.00   clock network delay (ideal)
                  0.00    0.00    0.00 ^ round[0]$_DFFE_PN0P_/CLK (sky130_fd_sc_hd__dfrtp_4)
     5    0.03    0.09    0.50    0.50 v round[0]$_DFFE_PN0P_/Q (sky130_fd_sc_hd__dfrtp_4)
                                         round[0] (net)
                  0.09    0.00    0.50 v _25477_/A (sky130_fd_sc_hd__ha_4)
     4    0.07    0.20    0.41    0.91 ^ _25477_/SUM (sky130_fd_sc_hd__ha_4)
                                         _00526_ (net)
                  0.21    0.00    0.92 ^ place5428/A (sky130_fd_sc_hd__buf_4)
    24    0.22    0.61    0.54    1.46 ^ place5428/X (sky130_fd_sc_hd__buf_4)
                                         net5427 (net)
                  0.61    0.03    1.49 ^ place5427/A (sky130_fd_sc_hd__buf_4)
     6    0.04    0.13    0.29    1.78 ^ place5427/X (sky130_fd_sc_hd__buf_4)
                                         net5426 (net)
                  0.13    0.00    1.78 ^ _15818_/S0 (sky130_fd_sc_hd__mux4_2)
     1    0.01    0.06    0.24    2.02 ^ _15818_/X (sky130_fd_sc_hd__mux4_2)
                                         _11817_ (net)
                  0.06    0.00    2.02 ^ _15819_/A1 (sky130_fd_sc_hd__mux2i_1)
     1    0.01    0.14    0.11    2.13 v _15819_/Y (sky130_fd_sc_hd__mux2i_1)
                                         _11818_ (net)
                  0.14    0.00    2.13 v place5173/A (sky130_fd_sc_hd__buf_4)
     2    0.04    0.06    0.21    2.34 v place5173/X (sky130_fd_sc_hd__buf_4)
                                         net5172 (net)
                  0.06    0.00    2.35 v _24921_/A2 (sky130_fd_sc_hd__mux4_2)
     1    0.01    0.09    0.48    2.83 v _24921_/X (sky130_fd_sc_hd__mux4_2)
                                         _08877_ (net)
                  0.09    0.00    2.83 v _24922_/A1 (sky130_fd_sc_hd__mux2i_1)
     1    0.03    0.66    0.55    3.38 ^ _24922_/Y (sky130_fd_sc_hd__mux2i_1)
                                         _08878_ (net)
                  0.66    0.00    3.39 ^ place4897/A (sky130_fd_sc_hd__buf_4)
     2    0.02    0.08    0.26    3.64 ^ place4897/X (sky130_fd_sc_hd__buf_4)
                                         net4896 (net)
                  0.08    0.00    3.64 ^ _24993_/B (sky130_fd_sc_hd__xnor2_1)
     1    0.01    0.18    0.14    3.79 ^ _24993_/Y (sky130_fd_sc_hd__xnor2_1)
                                         _08934_ (net)
                  0.18    0.00    3.79 ^ _24994_/B (sky130_fd_sc_hd__xnor2_1)
     1    0.01    0.16    0.12    3.90 v _24994_/Y (sky130_fd_sc_hd__xnor2_1)
                                         _00245_ (net)
                  0.16    0.00    3.90 v _25332_/A (sky130_fd_sc_hd__fa_1)
     1    0.01    0.11    0.55    4.45 v _25332_/SUM (sky130_fd_sc_hd__fa_1)
                                         _12817_ (net)
                  0.11    0.00    4.45 v _25357_/A (sky130_fd_sc_hd__fa_1)
     1    0.00    0.09    0.50    4.95 v _25357_/SUM (sky130_fd_sc_hd__fa_1)
                                         _12866_ (net)
                  0.09    0.00    4.95 v _25457_/A (sky130_fd_sc_hd__ha_1)
     3    0.01    0.10    0.33    5.29 ^ _25457_/SUM (sky130_fd_sc_hd__ha_1)
                                         _00486_ (net)
                  0.10    0.00    5.29 ^ _13206_/A (sky130_fd_sc_hd__nand2_1)
     1    0.00    0.04    0.06    5.34 v _13206_/Y (sky130_fd_sc_hd__nand2_1)
                                         _09321_ (net)
                  0.04    0.00    5.34 v _13208_/A1 (sky130_fd_sc_hd__o21ai_0)
     2    0.01    0.25    0.24    5.58 ^ _13208_/Y (sky130_fd_sc_hd__o21ai_0)
                                         _09323_ (net)
                  0.25    0.00    5.58 ^ _13209_/B (sky130_fd_sc_hd__nand2_1)
     4    0.02    0.14    0.17    5.75 v _13209_/Y (sky130_fd_sc_hd__nand2_1)
                                         _09324_ (net)
                  0.14    0.00    5.75 v _13840_/A2 (sky130_fd_sc_hd__o21a_1)
     1    0.00    0.03    0.20    5.95 v _13840_/X (sky130_fd_sc_hd__o21a_1)
                                         _09945_ (net)
                  0.03    0.00    5.95 v _13841_/A2 (sky130_fd_sc_hd__o21ai_0)
     1    0.01    0.23    0.21    6.16 ^ _13841_/Y (sky130_fd_sc_hd__o21ai_0)
                                         _09946_ (net)
                  0.23    0.00    6.16 ^ _13842_/A1 (sky130_fd_sc_hd__a21oi_1)
     2    0.01    0.09    0.12    6.29 v _13842_/Y (sky130_fd_sc_hd__a21oi_1)
                                         _09947_ (net)
                  0.09    0.00    6.29 v place4713/A (sky130_fd_sc_hd__buf_4)
     1    0.01    0.03    0.15    6.44 v place4713/X (sky130_fd_sc_hd__buf_4)
                                         net4712 (net)
                  0.03    0.00    6.44 v _14032_/B (sky130_fd_sc_hd__xnor2_1)
     1    0.01    0.16    0.15    6.59 ^ _14032_/Y (sky130_fd_sc_hd__xnor2_1)
                                         _10133_ (net)
                  0.16    0.00    6.59 ^ _14033_/B (sky130_fd_sc_hd__nand2_1)
     1    0.01    0.18    0.11    6.71 v _14033_/Y (sky130_fd_sc_hd__nand2_1)
                                         _10134_ (net)
                  0.18    0.00    6.71 v _14034_/B1 (sky130_fd_sc_hd__o21ai_4)
     2    0.01    0.13    0.11    6.82 ^ _14034_/Y (sky130_fd_sc_hd__o21ai_4)
                                         _10135_ (net)
                  0.13    0.00    6.82 ^ _14037_/A (sky130_fd_sc_hd__inv_1)
     1    0.01    0.06    0.09    6.90 v _14037_/Y (sky130_fd_sc_hd__inv_1)
                                         _00186_ (net)
                  0.06    0.00    6.90 v _25303_/CIN (sky130_fd_sc_hd__fa_1)
     1    0.01    0.11    0.48    7.38 v _25303_/SUM (sky130_fd_sc_hd__fa_1)
                                         _12759_ (net)
                  0.11    0.00    7.38 v _25275_/A (sky130_fd_sc_hd__fa_1)
     1    0.01    0.09    0.58    7.96 ^ _25275_/SUM (sky130_fd_sc_hd__fa_1)
                                         _12674_ (net)
                  0.09    0.00    7.96 ^ _25246_/CIN (sky130_fd_sc_hd__fa_1)
     1    0.01    0.11    0.46    8.42 v _25246_/SUM (sky130_fd_sc_hd__fa_1)
                                         _12677_ (net)
                  0.11    0.00    8.42 v _25532_/A (sky130_fd_sc_hd__ha_4)
     2    0.01    0.04    0.28    8.70 ^ _25532_/SUM (sky130_fd_sc_hd__ha_4)
                                         _00637_ (net)
                  0.04    0.00    8.70 ^ place4605/A (sky130_fd_sc_hd__buf_4)
     4    0.02    0.05    0.12    8.82 ^ place4605/X (sky130_fd_sc_hd__buf_4)
                                         net4604 (net)
                  0.05    0.00    8.82 ^ _15331_/A (sky130_fd_sc_hd__nand4_1)
     2    0.01    0.11    0.10    8.92 v _15331_/Y (sky130_fd_sc_hd__nand4_1)
                                         _11376_ (net)
                  0.11    0.00    8.92 v _15354_/B (sky130_fd_sc_hd__nor2_1)
     1    0.00    0.08    0.10    9.02 ^ _15354_/Y (sky130_fd_sc_hd__nor2_1)
                                         _11398_ (net)
                  0.08    0.00    9.02 ^ _15355_/B (sky130_fd_sc_hd__nand2_1)
     2    0.01    0.06    0.08    9.10 v _15355_/Y (sky130_fd_sc_hd__nand2_1)
                                         _11399_ (net)
                  0.06    0.00    9.10 v _16468_/A1 (sky130_fd_sc_hd__a21boi_1)
     2    0.03    0.59    0.47    9.57 ^ _16468_/Y (sky130_fd_sc_hd__a21boi_1)
                                         _12438_ (net)
                  0.59    0.00    9.57 ^ _16526_/A2 (sky130_fd_sc_hd__o21a_1)
     1    0.00    0.06    0.19    9.76 ^ _16526_/X (sky130_fd_sc_hd__o21a_1)
                                         _12486_ (net)
                  0.06    0.00    9.76 ^ _16527_/B (sky130_fd_sc_hd__nor2_1)
     1    0.01    0.05    0.06    9.82 v _16527_/Y (sky130_fd_sc_hd__nor2_1)
                                         _12487_ (net)
                  0.05    0.00    9.82 v _16528_/B (sky130_fd_sc_hd__xnor2_1)
     1    0.01    0.08    0.15    9.97 v _16528_/Y (sky130_fd_sc_hd__xnor2_1)
                                         _00025_ (net)
                  0.08    0.00    9.97 v place4421/A (sky130_fd_sc_hd__buf_4)
     2    0.01    0.03    0.16   10.12 v place4421/X (sky130_fd_sc_hd__buf_4)
                                         net4420 (net)
                  0.03    0.00   10.12 v _25205_/A (sky130_fd_sc_hd__fa_1)
     1    0.00    0.08    0.48   10.60 v _25205_/SUM (sky130_fd_sc_hd__fa_1)
                                         _12572_ (net)
                  0.08    0.00   10.60 v _25413_/A (sky130_fd_sc_hd__ha_1)
     2    0.01    0.06    0.32   10.92 v _25413_/SUM (sky130_fd_sc_hd__ha_1)
                                         _00409_ (net)
                  0.06    0.00   10.92 v _17789_/A1 (sky130_fd_sc_hd__a21o_1)
     2    0.01    0.06    0.19   11.10 v _17789_/X (sky130_fd_sc_hd__a21o_1)
                                         _04137_ (net)
                  0.06    0.00   11.10 v _17790_/A2 (sky130_fd_sc_hd__a21oi_2)
     2    0.01    0.15    0.18   11.28 ^ _17790_/Y (sky130_fd_sc_hd__a21oi_2)
                                         _04138_ (net)
                  0.15    0.00   11.28 ^ _17791_/B (sky130_fd_sc_hd__nor2_1)
     2    0.01    0.06    0.08   11.36 v _17791_/Y (sky130_fd_sc_hd__nor2_1)
                                         _04139_ (net)
                  0.06    0.00   11.36 v _17792_/B1 (sky130_fd_sc_hd__a21oi_2)
     3    0.01    0.15    0.15   11.51 ^ _17792_/Y (sky130_fd_sc_hd__a21oi_2)
                                         _04140_ (net)
                  0.15    0.00   11.51 ^ _17793_/B (sky130_fd_sc_hd__nand2_1)
     1    0.00    0.05    0.08   11.59 v _17793_/Y (sky130_fd_sc_hd__nand2_1)
                                         _04141_ (net)
                  0.05    0.00   11.59 v _17796_/A3 (sky130_fd_sc_hd__o41a_1)
     2    0.01    0.09    0.41   12.00 v _17796_/X (sky130_fd_sc_hd__o41a_1)
                                         _04144_ (net)
                  0.09    0.00   12.00 v _17797_/A1 (sky130_fd_sc_hd__a21o_1)
     2    0.01    0.05    0.19   12.19 v _17797_/X (sky130_fd_sc_hd__a21o_1)
                                         _04145_ (net)
                  0.05    0.00   12.19 v _17798_/A2 (sky130_fd_sc_hd__a21o_1)
     1    0.01    0.04    0.18   12.37 v _17798_/X (sky130_fd_sc_hd__a21o_1)
                                         _04146_ (net)
                  0.04    0.00   12.37 v _17799_/A1 (sky130_fd_sc_hd__a21oi_2)
     1    0.01    0.16    0.18   12.55 ^ _17799_/Y (sky130_fd_sc_hd__a21oi_2)
                                         _04147_ (net)
                  0.16    0.00   12.55 ^ _17800_/A (sky130_fd_sc_hd__xnor2_2)
     2    0.01    0.06    0.10   12.65 v _17800_/Y (sky130_fd_sc_hd__xnor2_2)
                                         _04148_ (net)
                  0.06    0.00   12.65 v _25050_/B (sky130_fd_sc_hd__nor3_2)
     1    0.01    0.17    0.19   12.84 ^ _25050_/Y (sky130_fd_sc_hd__nor3_2)
                                         _08972_ (net)
                  0.17    0.00   12.84 ^ _25051_/A (sky130_fd_sc_hd__xnor2_1)
     1    0.00    0.16    0.15   12.99 ^ _25051_/Y (sky130_fd_sc_hd__xnor2_1)
                                         _08973_ (net)
                  0.16    0.00   12.99 ^ _25053_/A2 (sky130_fd_sc_hd__o21ai_1)
     1    0.00    0.12    0.08   13.07 v _25053_/Y (sky130_fd_sc_hd__o21ai_1)
                                         _03136_ (net)
                  0.12    0.00   13.07 v digest[255]$_DFFE_PN0P_/D (sky130_fd_sc_hd__dfrtp_1)
                                 13.07   data arrival time

                  0.00   10.00   10.00   clock core_clock (rise edge)
                          0.00   10.00   clock network delay (ideal)
                          0.00   10.00   clock reconvergence pessimism
                                 10.00 ^ digest[255]$_DFFE_PN0P_/CLK (sky130_fd_sc_hd__dfrtp_1)
                         -0.16    9.84   library setup time
                                  9.84   data required time
-----------------------------------------------------------------------------
                                  9.84   data required time
                                -13.07   data arrival time
-----------------------------------------------------------------------------
                                 -3.23   slack (VIOLATED)


Startpoint: digest[4]$_DFFE_PN0P_
            (rising edge-triggered flip-flop clocked by core_clock)
Endpoint: digest[4] (output port clocked by vclk)
Path Group: vclk
Path Type: max

Fanout     Cap    Slew   Delay    Time   Description
-----------------------------------------------------------------------------
                  0.00    0.00    0.00   clock core_clock (rise edge)
                          0.00    0.00   clock network delay (ideal)
                  0.00    0.00    0.00 ^ digest[4]$_DFFE_PN0P_/CLK (sky130_fd_sc_hd__dfrtp_1)
     2    0.05    0.44    0.59    0.59 ^ digest[4]$_DFFE_PN0P_/Q (sky130_fd_sc_hd__dfrtp_1)
                                         net715 (net)
                  0.44    0.01    0.60 ^ output716/A (sky130_fd_sc_hd__clkdlybuf4s50_1)
     1    0.00    0.03    0.55    1.15 ^ output716/X (sky130_fd_sc_hd__clkdlybuf4s50_1)
                                         digest[4] (net)
                  0.03    0.00    1.15 ^ digest[4] (out)
                                  1.15   data arrival time

                  0.00   10.00   10.00   clock vclk (rise edge)
                          0.00   10.00   clock network delay (ideal)
                          0.00   10.00   clock reconvergence pessimism
                         -2.00    8.00   output external delay
                                  8.00   data required time
-----------------------------------------------------------------------------
                                  8.00   data required time
                                 -1.15   data arrival time
-----------------------------------------------------------------------------
                                  6.85   slack (MET)



==========================================================================
detailed place report_checks -unconstrained
--------------------------------------------------------------------------
Startpoint: rst_n (input port clocked by vclk)
Endpoint: W[1529]$_DFFE_PN0P_
          (recovery check against rising-edge clock core_clock)
Path Group: asynchronous
Path Type: max

Fanout     Cap    Slew   Delay    Time   Description
-----------------------------------------------------------------------------
                  0.00    0.00    0.00   clock vclk (rise edge)
                          0.00    0.00   clock network delay (ideal)
                          2.00    2.00 ^ input external delay
     1    0.02    0.00    0.00    2.00 ^ rst_n (in)
                                         rst_n (net)
                  0.00    0.00    2.00 ^ input514/A (sky130_fd_sc_hd__buf_16)
    77    0.51    0.52    0.39    2.39 ^ input514/X (sky130_fd_sc_hd__buf_16)
                                         net513 (net)
                  0.54    0.08    2.47 ^ place7628/A (sky130_fd_sc_hd__buf_4)
    52    0.31    0.83    0.75    3.22 ^ place7628/X (sky130_fd_sc_hd__buf_4)
                                         net7627 (net)
                  0.83    0.05    3.27 ^ place7626/A (sky130_fd_sc_hd__buf_4)
    70    0.36    0.98    0.88    4.15 ^ place7626/X (sky130_fd_sc_hd__buf_4)
                                         net7625 (net)
                  0.98    0.05    4.20 ^ W[1529]$_DFFE_PN0P_/RESET_B (sky130_fd_sc_hd__dfrtp_1)
                                  4.20   data arrival time

                  0.00   10.00   10.00   clock core_clock (rise edge)
                          0.00   10.00   clock network delay (ideal)
                          0.00   10.00   clock reconvergence pessimism
                                 10.00 ^ W[1529]$_DFFE_PN0P_/CLK (sky130_fd_sc_hd__dfrtp_1)
                         -0.03    9.97   library recovery time
                                  9.97   data required time
-----------------------------------------------------------------------------
                                  9.97   data required time
                                 -4.20   data arrival time
-----------------------------------------------------------------------------
                                  5.77   slack (MET)


Startpoint: round[0]$_DFFE_PN0P_
            (rising edge-triggered flip-flop clocked by core_clock)
Endpoint: digest[255]$_DFFE_PN0P_
          (rising edge-triggered flip-flop clocked by core_clock)
Path Group: core_clock
Path Type: max

Fanout     Cap    Slew   Delay    Time   Description
-----------------------------------------------------------------------------
                  0.00    0.00    0.00   clock core_clock (rise edge)
                          0.00    0.00   clock network delay (ideal)
                  0.00    0.00    0.00 ^ round[0]$_DFFE_PN0P_/CLK (sky130_fd_sc_hd__dfrtp_4)
     5    0.03    0.09    0.50    0.50 v round[0]$_DFFE_PN0P_/Q (sky130_fd_sc_hd__dfrtp_4)
                                         round[0] (net)
                  0.09    0.00    0.50 v _25477_/A (sky130_fd_sc_hd__ha_4)
     4    0.07    0.20    0.41    0.91 ^ _25477_/SUM (sky130_fd_sc_hd__ha_4)
                                         _00526_ (net)
                  0.21    0.00    0.92 ^ place5428/A (sky130_fd_sc_hd__buf_4)
    24    0.22    0.61    0.54    1.46 ^ place5428/X (sky130_fd_sc_hd__buf_4)
                                         net5427 (net)
                  0.61    0.03    1.49 ^ place5427/A (sky130_fd_sc_hd__buf_4)
     6    0.04    0.13    0.29    1.78 ^ place5427/X (sky130_fd_sc_hd__buf_4)
                                         net5426 (net)
                  0.13    0.00    1.78 ^ _15818_/S0 (sky130_fd_sc_hd__mux4_2)
     1    0.01    0.06    0.24    2.02 ^ _15818_/X (sky130_fd_sc_hd__mux4_2)
                                         _11817_ (net)
                  0.06    0.00    2.02 ^ _15819_/A1 (sky130_fd_sc_hd__mux2i_1)
     1    0.01    0.14    0.11    2.13 v _15819_/Y (sky130_fd_sc_hd__mux2i_1)
                                         _11818_ (net)
                  0.14    0.00    2.13 v place5173/A (sky130_fd_sc_hd__buf_4)
     2    0.04    0.06    0.21    2.34 v place5173/X (sky130_fd_sc_hd__buf_4)
                                         net5172 (net)
                  0.06    0.00    2.35 v _24921_/A2 (sky130_fd_sc_hd__mux4_2)
     1    0.01    0.09    0.48    2.83 v _24921_/X (sky130_fd_sc_hd__mux4_2)
                                         _08877_ (net)
                  0.09    0.00    2.83 v _24922_/A1 (sky130_fd_sc_hd__mux2i_1)
     1    0.03    0.66    0.55    3.38 ^ _24922_/Y (sky130_fd_sc_hd__mux2i_1)
                                         _08878_ (net)
                  0.66    0.00    3.39 ^ place4897/A (sky130_fd_sc_hd__buf_4)
     2    0.02    0.08    0.26    3.64 ^ place4897/X (sky130_fd_sc_hd__buf_4)
                                         net4896 (net)
                  0.08    0.00    3.64 ^ _24993_/B (sky130_fd_sc_hd__xnor2_1)
     1    0.01    0.18    0.14    3.79 ^ _24993_/Y (sky130_fd_sc_hd__xnor2_1)
                                         _08934_ (net)
                  0.18    0.00    3.79 ^ _24994_/B (sky130_fd_sc_hd__xnor2_1)
     1    0.01    0.16    0.12    3.90 v _24994_/Y (sky130_fd_sc_hd__xnor2_1)
                                         _00245_ (net)
                  0.16    0.00    3.90 v _25332_/A (sky130_fd_sc_hd__fa_1)
     1    0.01    0.11    0.55    4.45 v _25332_/SUM (sky130_fd_sc_hd__fa_1)
                                         _12817_ (net)
                  0.11    0.00    4.45 v _25357_/A (sky130_fd_sc_hd__fa_1)
     1    0.00    0.09    0.50    4.95 v _25357_/SUM (sky130_fd_sc_hd__fa_1)
                                         _12866_ (net)
                  0.09    0.00    4.95 v _25457_/A (sky130_fd_sc_hd__ha_1)
     3    0.01    0.10    0.33    5.29 ^ _25457_/SUM (sky130_fd_sc_hd__ha_1)
                                         _00486_ (net)
                  0.10    0.00    5.29 ^ _13206_/A (sky130_fd_sc_hd__nand2_1)
     1    0.00    0.04    0.06    5.34 v _13206_/Y (sky130_fd_sc_hd__nand2_1)
                                         _09321_ (net)
                  0.04    0.00    5.34 v _13208_/A1 (sky130_fd_sc_hd__o21ai_0)
     2    0.01    0.25    0.24    5.58 ^ _13208_/Y (sky130_fd_sc_hd__o21ai_0)
                                         _09323_ (net)
                  0.25    0.00    5.58 ^ _13209_/B (sky130_fd_sc_hd__nand2_1)
     4    0.02    0.14    0.17    5.75 v _13209_/Y (sky130_fd_sc_hd__nand2_1)
                                         _09324_ (net)
                  0.14    0.00    5.75 v _13840_/A2 (sky130_fd_sc_hd__o21a_1)
     1    0.00    0.03    0.20    5.95 v _13840_/X (sky130_fd_sc_hd__o21a_1)
                                         _09945_ (net)
                  0.03    0.00    5.95 v _13841_/A2 (sky130_fd_sc_hd__o21ai_0)
     1    0.01    0.23    0.21    6.16 ^ _13841_/Y (sky130_fd_sc_hd__o21ai_0)
                                         _09946_ (net)
                  0.23    0.00    6.16 ^ _13842_/A1 (sky130_fd_sc_hd__a21oi_1)
     2    0.01    0.09    0.12    6.29 v _13842_/Y (sky130_fd_sc_hd__a21oi_1)
                                         _09947_ (net)
                  0.09    0.00    6.29 v place4713/A (sky130_fd_sc_hd__buf_4)
     1    0.01    0.03    0.15    6.44 v place4713/X (sky130_fd_sc_hd__buf_4)
                                         net4712 (net)
                  0.03    0.00    6.44 v _14032_/B (sky130_fd_sc_hd__xnor2_1)
     1    0.01    0.16    0.15    6.59 ^ _14032_/Y (sky130_fd_sc_hd__xnor2_1)
                                         _10133_ (net)
                  0.16    0.00    6.59 ^ _14033_/B (sky130_fd_sc_hd__nand2_1)
     1    0.01    0.18    0.11    6.71 v _14033_/Y (sky130_fd_sc_hd__nand2_1)
                                         _10134_ (net)
                  0.18    0.00    6.71 v _14034_/B1 (sky130_fd_sc_hd__o21ai_4)
     2    0.01    0.13    0.11    6.82 ^ _14034_/Y (sky130_fd_sc_hd__o21ai_4)
                                         _10135_ (net)
                  0.13    0.00    6.82 ^ _14037_/A (sky130_fd_sc_hd__inv_1)
     1    0.01    0.06    0.09    6.90 v _14037_/Y (sky130_fd_sc_hd__inv_1)
                                         _00186_ (net)
                  0.06    0.00    6.90 v _25303_/CIN (sky130_fd_sc_hd__fa_1)
     1    0.01    0.11    0.48    7.38 v _25303_/SUM (sky130_fd_sc_hd__fa_1)
                                         _12759_ (net)
                  0.11    0.00    7.38 v _25275_/A (sky130_fd_sc_hd__fa_1)
     1    0.01    0.09    0.58    7.96 ^ _25275_/SUM (sky130_fd_sc_hd__fa_1)
                                         _12674_ (net)
                  0.09    0.00    7.96 ^ _25246_/CIN (sky130_fd_sc_hd__fa_1)
     1    0.01    0.11    0.46    8.42 v _25246_/SUM (sky130_fd_sc_hd__fa_1)
                                         _12677_ (net)
                  0.11    0.00    8.42 v _25532_/A (sky130_fd_sc_hd__ha_4)
     2    0.01    0.04    0.28    8.70 ^ _25532_/SUM (sky130_fd_sc_hd__ha_4)
                                         _00637_ (net)
                  0.04    0.00    8.70 ^ place4605/A (sky130_fd_sc_hd__buf_4)
     4    0.02    0.05    0.12    8.82 ^ place4605/X (sky130_fd_sc_hd__buf_4)
                                         net4604 (net)
                  0.05    0.00    8.82 ^ _15331_/A (sky130_fd_sc_hd__nand4_1)
     2    0.01    0.11    0.10    8.92 v _15331_/Y (sky130_fd_sc_hd__nand4_1)
                                         _11376_ (net)
                  0.11    0.00    8.92 v _15354_/B (sky130_fd_sc_hd__nor2_1)
     1    0.00    0.08    0.10    9.02 ^ _15354_/Y (sky130_fd_sc_hd__nor2_1)
                                         _11398_ (net)
                  0.08    0.00    9.02 ^ _15355_/B (sky130_fd_sc_hd__nand2_1)
     2    0.01    0.06    0.08    9.10 v _15355_/Y (sky130_fd_sc_hd__nand2_1)
                                         _11399_ (net)
                  0.06    0.00    9.10 v _16468_/A1 (sky130_fd_sc_hd__a21boi_1)
     2    0.03    0.59    0.47    9.57 ^ _16468_/Y (sky130_fd_sc_hd__a21boi_1)
                                         _12438_ (net)
                  0.59    0.00    9.57 ^ _16526_/A2 (sky130_fd_sc_hd__o21a_1)
     1    0.00    0.06    0.19    9.76 ^ _16526_/X (sky130_fd_sc_hd__o21a_1)
                                         _12486_ (net)
                  0.06    0.00    9.76 ^ _16527_/B (sky130_fd_sc_hd__nor2_1)
     1    0.01    0.05    0.06    9.82 v _16527_/Y (sky130_fd_sc_hd__nor2_1)
                                         _12487_ (net)
                  0.05    0.00    9.82 v _16528_/B (sky130_fd_sc_hd__xnor2_1)
     1    0.01    0.08    0.15    9.97 v _16528_/Y (sky130_fd_sc_hd__xnor2_1)
                                         _00025_ (net)
                  0.08    0.00    9.97 v place4421/A (sky130_fd_sc_hd__buf_4)
     2    0.01    0.03    0.16   10.12 v place4421/X (sky130_fd_sc_hd__buf_4)
                                         net4420 (net)
                  0.03    0.00   10.12 v _25205_/A (sky130_fd_sc_hd__fa_1)
     1    0.00    0.08    0.48   10.60 v _25205_/SUM (sky130_fd_sc_hd__fa_1)
                                         _12572_ (net)
                  0.08    0.00   10.60 v _25413_/A (sky130_fd_sc_hd__ha_1)
     2    0.01    0.06    0.32   10.92 v _25413_/SUM (sky130_fd_sc_hd__ha_1)
                                         _00409_ (net)
                  0.06    0.00   10.92 v _17789_/A1 (sky130_fd_sc_hd__a21o_1)
     2    0.01    0.06    0.19   11.10 v _17789_/X (sky130_fd_sc_hd__a21o_1)
                                         _04137_ (net)
                  0.06    0.00   11.10 v _17790_/A2 (sky130_fd_sc_hd__a21oi_2)
     2    0.01    0.15    0.18   11.28 ^ _17790_/Y (sky130_fd_sc_hd__a21oi_2)
                                         _04138_ (net)
                  0.15    0.00   11.28 ^ _17791_/B (sky130_fd_sc_hd__nor2_1)
     2    0.01    0.06    0.08   11.36 v _17791_/Y (sky130_fd_sc_hd__nor2_1)
                                         _04139_ (net)
                  0.06    0.00   11.36 v _17792_/B1 (sky130_fd_sc_hd__a21oi_2)
     3    0.01    0.15    0.15   11.51 ^ _17792_/Y (sky130_fd_sc_hd__a21oi_2)
                                         _04140_ (net)
                  0.15    0.00   11.51 ^ _17793_/B (sky130_fd_sc_hd__nand2_1)
     1    0.00    0.05    0.08   11.59 v _17793_/Y (sky130_fd_sc_hd__nand2_1)
                                         _04141_ (net)
                  0.05    0.00   11.59 v _17796_/A3 (sky130_fd_sc_hd__o41a_1)
     2    0.01    0.09    0.41   12.00 v _17796_/X (sky130_fd_sc_hd__o41a_1)
                                         _04144_ (net)
                  0.09    0.00   12.00 v _17797_/A1 (sky130_fd_sc_hd__a21o_1)
     2    0.01    0.05    0.19   12.19 v _17797_/X (sky130_fd_sc_hd__a21o_1)
                                         _04145_ (net)
                  0.05    0.00   12.19 v _17798_/A2 (sky130_fd_sc_hd__a21o_1)
     1    0.01    0.04    0.18   12.37 v _17798_/X (sky130_fd_sc_hd__a21o_1)
                                         _04146_ (net)
                  0.04    0.00   12.37 v _17799_/A1 (sky130_fd_sc_hd__a21oi_2)
     1    0.01    0.16    0.18   12.55 ^ _17799_/Y (sky130_fd_sc_hd__a21oi_2)
                                         _04147_ (net)
                  0.16    0.00   12.55 ^ _17800_/A (sky130_fd_sc_hd__xnor2_2)
     2    0.01    0.06    0.10   12.65 v _17800_/Y (sky130_fd_sc_hd__xnor2_2)
                                         _04148_ (net)
                  0.06    0.00   12.65 v _25050_/B (sky130_fd_sc_hd__nor3_2)
     1    0.01    0.17    0.19   12.84 ^ _25050_/Y (sky130_fd_sc_hd__nor3_2)
                                         _08972_ (net)
                  0.17    0.00   12.84 ^ _25051_/A (sky130_fd_sc_hd__xnor2_1)
     1    0.00    0.16    0.15   12.99 ^ _25051_/Y (sky130_fd_sc_hd__xnor2_1)
                                         _08973_ (net)
                  0.16    0.00   12.99 ^ _25053_/A2 (sky130_fd_sc_hd__o21ai_1)
     1    0.00    0.12    0.08   13.07 v _25053_/Y (sky130_fd_sc_hd__o21ai_1)
                                         _03136_ (net)
                  0.12    0.00   13.07 v digest[255]$_DFFE_PN0P_/D (sky130_fd_sc_hd__dfrtp_1)
                                 13.07   data arrival time

                  0.00   10.00   10.00   clock core_clock (rise edge)
                          0.00   10.00   clock network delay (ideal)
                          0.00   10.00   clock reconvergence pessimism
                                 10.00 ^ digest[255]$_DFFE_PN0P_/CLK (sky130_fd_sc_hd__dfrtp_1)
                         -0.16    9.84   library setup time
                                  9.84   data required time
-----------------------------------------------------------------------------
                                  9.84   data required time
                                -13.07   data arrival time
-----------------------------------------------------------------------------
                                 -3.23   slack (VIOLATED)


Startpoint: digest[4]$_DFFE_PN0P_
            (rising edge-triggered flip-flop clocked by core_clock)
Endpoint: digest[4] (output port clocked by vclk)
Path Group: vclk
Path Type: max

Fanout     Cap    Slew   Delay    Time   Description
-----------------------------------------------------------------------------
                  0.00    0.00    0.00   clock core_clock (rise edge)
                          0.00    0.00   clock network delay (ideal)
                  0.00    0.00    0.00 ^ digest[4]$_DFFE_PN0P_/CLK (sky130_fd_sc_hd__dfrtp_1)
     2    0.05    0.44    0.59    0.59 ^ digest[4]$_DFFE_PN0P_/Q (sky130_fd_sc_hd__dfrtp_1)
                                         net715 (net)
                  0.44    0.01    0.60 ^ output716/A (sky130_fd_sc_hd__clkdlybuf4s50_1)
     1    0.00    0.03    0.55    1.15 ^ output716/X (sky130_fd_sc_hd__clkdlybuf4s50_1)
                                         digest[4] (net)
                  0.03    0.00    1.15 ^ digest[4] (out)
                                  1.15   data arrival time

                  0.00   10.00   10.00   clock vclk (rise edge)
                          0.00   10.00   clock network delay (ideal)
                          0.00   10.00   clock reconvergence pessimism
                         -2.00    8.00   output external delay
                                  8.00   data required time
-----------------------------------------------------------------------------
                                  8.00   data required time
                                 -1.15   data arrival time
-----------------------------------------------------------------------------
                                  6.85   slack (MET)



==========================================================================
detailed place report_check_types -max_slew -max_cap -max_fanout -violators
--------------------------------------------------------------------------

==========================================================================
detailed place max_slew_check_slack
--------------------------------------------------------------------------
0.2865988612174988

==========================================================================
detailed place max_slew_check_limit
--------------------------------------------------------------------------
1.5

==========================================================================
detailed place max_slew_check_slack_limit
--------------------------------------------------------------------------
0.1911

==========================================================================
detailed place max_fanout_check_slack
--------------------------------------------------------------------------
1.0000000150474662e+30

==========================================================================
detailed place max_fanout_check_limit
--------------------------------------------------------------------------
1.0000000150474662e+30

==========================================================================
detailed place max_capacitance_check_slack
--------------------------------------------------------------------------
0.009482004679739475

==========================================================================
detailed place max_capacitance_check_limit
--------------------------------------------------------------------------
0.021067000925540924

==========================================================================
detailed place max_capacitance_check_slack_limit
--------------------------------------------------------------------------
0.4501

==========================================================================
detailed place max_slew_violation_count
--------------------------------------------------------------------------
max slew violation count 0

==========================================================================
detailed place max_fanout_violation_count
--------------------------------------------------------------------------
max fanout violation count 0

==========================================================================
detailed place max_cap_violation_count
--------------------------------------------------------------------------
max cap violation count 0

==========================================================================
detailed place setup_violation_count
--------------------------------------------------------------------------
setup violation count 107

==========================================================================
detailed place hold_violation_count
--------------------------------------------------------------------------
hold violation count 0

==========================================================================
detailed place report_checks -path_delay max reg to reg
--------------------------------------------------------------------------
Startpoint: round[0]$_DFFE_PN0P_
            (rising edge-triggered flip-flop clocked by core_clock)
Endpoint: digest[255]$_DFFE_PN0P_
          (rising edge-triggered flip-flop clocked by core_clock)
Path Group: core_clock
Path Type: max

  Delay    Time   Description
---------------------------------------------------------
   0.00    0.00   clock core_clock (rise edge)
   0.00    0.00   clock network delay (ideal)
   0.00    0.00 ^ round[0]$_DFFE_PN0P_/CLK (sky130_fd_sc_hd__dfrtp_4)
   0.50    0.50 v round[0]$_DFFE_PN0P_/Q (sky130_fd_sc_hd__dfrtp_4)
   0.41    0.91 ^ _25477_/SUM (sky130_fd_sc_hd__ha_4)
   0.54    1.46 ^ place5428/X (sky130_fd_sc_hd__buf_4)
   0.32    1.78 ^ place5427/X (sky130_fd_sc_hd__buf_4)
   0.24    2.02 ^ _15818_/X (sky130_fd_sc_hd__mux4_2)
   0.11    2.13 v _15819_/Y (sky130_fd_sc_hd__mux2i_1)
   0.21    2.34 v place5173/X (sky130_fd_sc_hd__buf_4)
   0.49    2.83 v _24921_/X (sky130_fd_sc_hd__mux4_2)
   0.55    3.38 ^ _24922_/Y (sky130_fd_sc_hd__mux2i_1)
   0.26    3.64 ^ place4897/X (sky130_fd_sc_hd__buf_4)
   0.14    3.79 ^ _24993_/Y (sky130_fd_sc_hd__xnor2_1)
   0.12    3.90 v _24994_/Y (sky130_fd_sc_hd__xnor2_1)
   0.55    4.45 v _25332_/SUM (sky130_fd_sc_hd__fa_1)
   0.50    4.95 v _25357_/SUM (sky130_fd_sc_hd__fa_1)
   0.33    5.29 ^ _25457_/SUM (sky130_fd_sc_hd__ha_1)
   0.06    5.34 v _13206_/Y (sky130_fd_sc_hd__nand2_1)
   0.24    5.58 ^ _13208_/Y (sky130_fd_sc_hd__o21ai_0)
   0.17    5.75 v _13209_/Y (sky130_fd_sc_hd__nand2_1)
   0.20    5.95 v _13840_/X (sky130_fd_sc_hd__o21a_1)
   0.21    6.16 ^ _13841_/Y (sky130_fd_sc_hd__o21ai_0)
   0.12    6.29 v _13842_/Y (sky130_fd_sc_hd__a21oi_1)
   0.15    6.44 v place4713/X (sky130_fd_sc_hd__buf_4)
   0.15    6.59 ^ _14032_/Y (sky130_fd_sc_hd__xnor2_1)
   0.11    6.71 v _14033_/Y (sky130_fd_sc_hd__nand2_1)
   0.11    6.82 ^ _14034_/Y (sky130_fd_sc_hd__o21ai_4)
   0.09    6.90 v _14037_/Y (sky130_fd_sc_hd__inv_1)
   0.48    7.38 v _25303_/SUM (sky130_fd_sc_hd__fa_1)
   0.58    7.96 ^ _25275_/SUM (sky130_fd_sc_hd__fa_1)
   0.46    8.42 v _25246_/SUM (sky130_fd_sc_hd__fa_1)
   0.28    8.70 ^ _25532_/SUM (sky130_fd_sc_hd__ha_4)
   0.12    8.82 ^ place4605/X (sky130_fd_sc_hd__buf_4)
   0.10    8.92 v _15331_/Y (sky130_fd_sc_hd__nand4_1)
   0.10    9.02 ^ _15354_/Y (sky130_fd_sc_hd__nor2_1)
   0.08    9.10 v _15355_/Y (sky130_fd_sc_hd__nand2_1)
   0.47    9.57 ^ _16468_/Y (sky130_fd_sc_hd__a21boi_1)
   0.19    9.76 ^ _16526_/X (sky130_fd_sc_hd__o21a_1)
   0.06    9.82 v _16527_/Y (sky130_fd_sc_hd__nor2_1)
   0.15    9.97 v _16528_/Y (sky130_fd_sc_hd__xnor2_1)
   0.16   10.12 v place4421/X (sky130_fd_sc_hd__buf_4)
   0.48   10.60 v _25205_/SUM (sky130_fd_sc_hd__fa_1)
   0.32   10.92 v _25413_/SUM (sky130_fd_sc_hd__ha_1)
   0.19   11.10 v _17789_/X (sky130_fd_sc_hd__a21o_1)
   0.18   11.28 ^ _17790_/Y (sky130_fd_sc_hd__a21oi_2)
   0.08   11.36 v _17791_/Y (sky130_fd_sc_hd__nor2_1)
   0.15   11.51 ^ _17792_/Y (sky130_fd_sc_hd__a21oi_2)
   0.08   11.59 v _17793_/Y (sky130_fd_sc_hd__nand2_1)
   0.41   12.00 v _17796_/X (sky130_fd_sc_hd__o41a_1)
   0.19   12.19 v _17797_/X (sky130_fd_sc_hd__a21o_1)
   0.18   12.37 v _17798_/X (sky130_fd_sc_hd__a21o_1)
   0.18   12.55 ^ _17799_/Y (sky130_fd_sc_hd__a21oi_2)
   0.10   12.65 v _17800_/Y (sky130_fd_sc_hd__xnor2_2)
   0.19   12.84 ^ _25050_/Y (sky130_fd_sc_hd__nor3_2)
   0.15   12.99 ^ _25051_/Y (sky130_fd_sc_hd__xnor2_1)
   0.08   13.07 v _25053_/Y (sky130_fd_sc_hd__o21ai_1)
   0.00   13.07 v digest[255]$_DFFE_PN0P_/D (sky130_fd_sc_hd__dfrtp_1)
          13.07   data arrival time

  10.00   10.00   clock core_clock (rise edge)
   0.00   10.00   clock network delay (ideal)
   0.00   10.00   clock reconvergence pessimism
          10.00 ^ digest[255]$_DFFE_PN0P_/CLK (sky130_fd_sc_hd__dfrtp_1)
  -0.16    9.84   library setup time
           9.84   data required time
---------------------------------------------------------
           9.84   data required time
         -13.07   data arrival time
---------------------------------------------------------
          -3.23   slack (VIOLATED)



==========================================================================
detailed place report_checks -path_delay min reg to reg
--------------------------------------------------------------------------
Startpoint: digest[141]$_DFFE_PN0P_
            (rising edge-triggered flip-flop clocked by core_clock)
Endpoint: digest[141]$_DFFE_PN0P_
          (rising edge-triggered flip-flop clocked by core_clock)
Path Group: core_clock
Path Type: min

  Delay    Time   Description
---------------------------------------------------------
   0.00    0.00   clock core_clock (rise edge)
   0.00    0.00   clock network delay (ideal)
   0.00    0.00 ^ digest[141]$_DFFE_PN0P_/CLK (sky130_fd_sc_hd__dfrtp_1)
   0.32    0.32 ^ digest[141]$_DFFE_PN0P_/Q (sky130_fd_sc_hd__dfrtp_1)
   0.05    0.37 v _18507_/Y (sky130_fd_sc_hd__nand2_1)
   0.05    0.42 ^ _18511_/Y (sky130_fd_sc_hd__nand2_1)
   0.00    0.42 ^ digest[141]$_DFFE_PN0P_/D (sky130_fd_sc_hd__dfrtp_1)
           0.42   data arrival time

   0.00    0.00   clock core_clock (rise edge)
   0.00    0.00   clock network delay (ideal)
   0.00    0.00   clock reconvergence pessimism
           0.00 ^ digest[141]$_DFFE_PN0P_/CLK (sky130_fd_sc_hd__dfrtp_1)
  -0.04   -0.04   library hold time
          -0.04   data required time
---------------------------------------------------------
          -0.04   data required time
          -0.42   data arrival time
---------------------------------------------------------
           0.46   slack (MET)



==========================================================================
detailed place critical path target clock latency max path
--------------------------------------------------------------------------
0.0000

==========================================================================
detailed place critical path target clock latency min path
--------------------------------------------------------------------------
0.0000

==========================================================================
detailed place critical path source clock latency min path
--------------------------------------------------------------------------
0.0000

==========================================================================
detailed place critical path delay
--------------------------------------------------------------------------
13.0673

==========================================================================
detailed place critical path slack
--------------------------------------------------------------------------
-3.2269

==========================================================================
detailed place slack div critical path delay
--------------------------------------------------------------------------
-24.694466

==========================================================================
detailed place report_power
--------------------------------------------------------------------------
Group                  Internal  Switching    Leakage      Total
                          Power      Power      Power      Power (Watts)
----------------------------------------------------------------
Sequential             1.55e-02   3.26e-03   3.40e-08   1.88e-02   3.4%
Combinational          2.48e-01   2.78e-01   5.42e-08   5.26e-01  96.6%
Clock                  0.00e+00   0.00e+00   0.00e+00   0.00e+00   0.0%
Macro                  0.00e+00   0.00e+00   0.00e+00   0.00e+00   0.0%
Pad                    0.00e+00   0.00e+00   0.00e+00   0.00e+00   0.0%
----------------------------------------------------------------
Total                  2.64e-01   2.81e-01   8.83e-08   5.45e-01 100.0%
                          48.5%      51.5%       0.0%
