
==========================================================================
finish report_tns
--------------------------------------------------------------------------
tns max -172.52

==========================================================================
finish report_wns
--------------------------------------------------------------------------
wns max -2.73

==========================================================================
finish report_worst_slack
--------------------------------------------------------------------------
worst slack max -2.73

==========================================================================
finish report_clock_min_period
--------------------------------------------------------------------------
core_clock period_min = 12.73 fmax = 78.56
vclk period_min = 0.00 fmax = inf

==========================================================================
finish report_clock_skew
--------------------------------------------------------------------------
Clock core_clock
   1.02 source latency W[2015]$_DFFE_PN0P_/CLK ^
  -0.91 target latency W[891]$_DFFE_PN0P_/CLK ^
   0.00 CRPR
--------------
   0.11 setup skew

Clock vclk
No launch/capture paths found.


==========================================================================
finish report_checks -path_delay min
--------------------------------------------------------------------------
Startpoint: rst_n (input port clocked by vclk)
Endpoint: W[1892]$_DFFE_PN0P_
          (removal check against rising-edge clock core_clock)
Path Group: asynchronous
Path Type: min

Fanout     Cap    Slew   Delay    Time   Description
-----------------------------------------------------------------------------
                  0.00    0.00    0.00   clock vclk (rise edge)
                          0.00    0.00   clock network delay (ideal)
                          2.00    2.00 ^ input external delay
     1    0.02    0.00    0.00    2.00 ^ rst_n (in)
                                         rst_n (net)
                  0.00    0.00    2.00 ^ input514/A (sky130_fd_sc_hd__buf_16)
    77    0.51    0.52    0.36    2.36 ^ input514/X (sky130_fd_sc_hd__buf_16)
                                         net513 (net)
                  0.52    0.02    2.38 ^ W[1892]$_DFFE_PN0P_/RESET_B (sky130_fd_sc_hd__dfrtp_1)
                                  2.38   data arrival time

                          0.00    0.00   clock core_clock (rise edge)
                          0.00    0.00   clock source latency
     2    0.11    0.00    0.00    0.00 ^ clk (in)
                                         clk (net)
                  0.01    0.00    0.00 ^ clkbuf_0_clk/A (sky130_fd_sc_hd__clkbuf_16)
     4    0.18    0.20    0.23    0.23 ^ clkbuf_0_clk/X (sky130_fd_sc_hd__clkbuf_16)
                                         clknet_0_clk (net)
                  0.20    0.01    0.24 ^ clkbuf_2_3_0_clk/A (sky130_fd_sc_hd__clkbuf_16)
     8    0.19    0.20    0.30    0.54 ^ clkbuf_2_3_0_clk/X (sky130_fd_sc_hd__clkbuf_16)
                                         clknet_2_3_0_clk (net)
                  0.20    0.01    0.55 ^ clkbuf_5_31__f_clk/A (sky130_fd_sc_hd__clkbuf_16)
    10    0.14    0.16    0.27    0.82 ^ clkbuf_5_31__f_clk/X (sky130_fd_sc_hd__clkbuf_16)
                                         clknet_5_31__leaf_clk (net)
                  0.16    0.00    0.82 ^ clkbuf_leaf_121_clk/A (sky130_fd_sc_hd__clkbuf_16)
    11    0.04    0.06    0.18    1.00 ^ clkbuf_leaf_121_clk/X (sky130_fd_sc_hd__clkbuf_16)
                                         clknet_leaf_121_clk (net)
                  0.06    0.00    1.00 ^ W[1892]$_DFFE_PN0P_/CLK (sky130_fd_sc_hd__dfrtp_1)
                          0.00    1.00   clock reconvergence pessimism
                          0.46    1.46   library removal time
                                  1.46   data required time
-----------------------------------------------------------------------------
                                  1.46   data required time
                                 -2.38   data arrival time
-----------------------------------------------------------------------------
                                  0.92   slack (MET)


Startpoint: digest[141]$_DFFE_PN0P_
            (rising edge-triggered flip-flop clocked by core_clock)
Endpoint: digest[141]$_DFFE_PN0P_
          (rising edge-triggered flip-flop clocked by core_clock)
Path Group: core_clock
Path Type: min

Fanout     Cap    Slew   Delay    Time   Description
-----------------------------------------------------------------------------
                          0.00    0.00   clock core_clock (rise edge)
                          0.00    0.00   clock source latency
     2    0.11    0.00    0.00    0.00 ^ clk (in)
                                         clk (net)
                  0.01    0.00    0.00 ^ clkbuf_0_clk/A (sky130_fd_sc_hd__clkbuf_16)
     4    0.18    0.20    0.23    0.23 ^ clkbuf_0_clk/X (sky130_fd_sc_hd__clkbuf_16)
                                         clknet_0_clk (net)
                  0.20    0.01    0.24 ^ clkbuf_2_1_0_clk/A (sky130_fd_sc_hd__clkbuf_16)
     8    0.18    0.19    0.29    0.53 ^ clkbuf_2_1_0_clk/X (sky130_fd_sc_hd__clkbuf_16)
                                         clknet_2_1_0_clk (net)
                  0.19    0.01    0.54 ^ clkbuf_5_10__f_clk/A (sky130_fd_sc_hd__clkbuf_16)
    12    0.16    0.17    0.27    0.81 ^ clkbuf_5_10__f_clk/X (sky130_fd_sc_hd__clkbuf_16)
                                         clknet_5_10__leaf_clk (net)
                  0.17    0.01    0.81 ^ clkbuf_leaf_46_clk/A (sky130_fd_sc_hd__clkbuf_16)
    12    0.04    0.06    0.18    0.99 ^ clkbuf_leaf_46_clk/X (sky130_fd_sc_hd__clkbuf_16)
                                         clknet_leaf_46_clk (net)
                  0.06    0.00    0.99 ^ digest[141]$_DFFE_PN0P_/CLK (sky130_fd_sc_hd__dfrtp_1)
     2    0.01    0.07    0.34    1.33 ^ digest[141]$_DFFE_PN0P_/Q (sky130_fd_sc_hd__dfrtp_1)
                                         net561 (net)
                  0.07    0.00    1.33 ^ _18507_/A (sky130_fd_sc_hd__nand2_1)
     1    0.00    0.03    0.05    1.38 v _18507_/Y (sky130_fd_sc_hd__nand2_1)
                                         _04742_ (net)
                  0.03    0.00    1.38 v _18511_/A (sky130_fd_sc_hd__nand2_1)
     1    0.00    0.04    0.05    1.43 ^ _18511_/Y (sky130_fd_sc_hd__nand2_1)
                                         _00881_ (net)
                  0.04    0.00    1.43 ^ digest[141]$_DFFE_PN0P_/D (sky130_fd_sc_hd__dfrtp_1)
                                  1.43   data arrival time

                          0.00    0.00   clock core_clock (rise edge)
                          0.00    0.00   clock source latency
     2    0.11    0.00    0.00    0.00 ^ clk (in)
                                         clk (net)
                  0.01    0.00    0.00 ^ clkbuf_0_clk/A (sky130_fd_sc_hd__clkbuf_16)
     4    0.18    0.20    0.23    0.23 ^ clkbuf_0_clk/X (sky130_fd_sc_hd__clkbuf_16)
                                         clknet_0_clk (net)
                  0.20    0.01    0.24 ^ clkbuf_2_1_0_clk/A (sky130_fd_sc_hd__clkbuf_16)
     8    0.18    0.19    0.29    0.53 ^ clkbuf_2_1_0_clk/X (sky130_fd_sc_hd__clkbuf_16)
                                         clknet_2_1_0_clk (net)
                  0.19    0.01    0.54 ^ clkbuf_5_10__f_clk/A (sky130_fd_sc_hd__clkbuf_16)
    12    0.16    0.17    0.27    0.81 ^ clkbuf_5_10__f_clk/X (sky130_fd_sc_hd__clkbuf_16)
                                         clknet_5_10__leaf_clk (net)
                  0.17    0.01    0.81 ^ clkbuf_leaf_46_clk/A (sky130_fd_sc_hd__clkbuf_16)
    12    0.04    0.06    0.18    0.99 ^ clkbuf_leaf_46_clk/X (sky130_fd_sc_hd__clkbuf_16)
                                         clknet_leaf_46_clk (net)
                  0.06    0.00    0.99 ^ digest[141]$_DFFE_PN0P_/CLK (sky130_fd_sc_hd__dfrtp_1)
                          0.00    0.99   clock reconvergence pessimism
                         -0.03    0.96   library hold time
                                  0.96   data required time
-----------------------------------------------------------------------------
                                  0.96   data required time
                                 -1.43   data arrival time
-----------------------------------------------------------------------------
                                  0.47   slack (MET)


Startpoint: digest[146]$_DFFE_PN0P_
            (rising edge-triggered flip-flop clocked by core_clock)
Endpoint: digest[146] (output port clocked by vclk)
Path Group: vclk
Path Type: min

Fanout     Cap    Slew   Delay    Time   Description
-----------------------------------------------------------------------------
                          0.00    0.00   clock core_clock (rise edge)
                          0.00    0.00   clock source latency
     2    0.11    0.00    0.00    0.00 ^ clk (in)
                                         clk (net)
                  0.01    0.00    0.00 ^ clkbuf_0_clk/A (sky130_fd_sc_hd__clkbuf_16)
     4    0.18    0.20    0.23    0.23 ^ clkbuf_0_clk/X (sky130_fd_sc_hd__clkbuf_16)
                                         clknet_0_clk (net)
                  0.20    0.01    0.24 ^ clkbuf_2_1_0_clk/A (sky130_fd_sc_hd__clkbuf_16)
     8    0.18    0.19    0.29    0.53 ^ clkbuf_2_1_0_clk/X (sky130_fd_sc_hd__clkbuf_16)
                                         clknet_2_1_0_clk (net)
                  0.19    0.01    0.54 ^ clkbuf_5_10__f_clk/A (sky130_fd_sc_hd__clkbuf_16)
    12    0.16    0.17    0.27    0.81 ^ clkbuf_5_10__f_clk/X (sky130_fd_sc_hd__clkbuf_16)
                                         clknet_5_10__leaf_clk (net)
                  0.17    0.01    0.81 ^ clkbuf_leaf_46_clk/A (sky130_fd_sc_hd__clkbuf_16)
    12    0.04    0.06    0.18    0.99 ^ clkbuf_leaf_46_clk/X (sky130_fd_sc_hd__clkbuf_16)
                                         clknet_leaf_46_clk (net)
                  0.06    0.00    0.99 ^ digest[146]$_DFFE_PN0P_/CLK (sky130_fd_sc_hd__dfrtp_1)
     2    0.01    0.05    0.37    1.37 v digest[146]$_DFFE_PN0P_/Q (sky130_fd_sc_hd__dfrtp_1)
                                         net566 (net)
                  0.05    0.00    1.37 v output567/A (sky130_fd_sc_hd__clkdlybuf4s50_1)
     1    0.00    0.03    0.40    1.76 v output567/X (sky130_fd_sc_hd__clkdlybuf4s50_1)
                                         digest[146] (net)
                  0.03    0.00    1.76 v digest[146] (out)
                                  1.76   data arrival time

                  0.00    0.00    0.00   clock vclk (rise edge)
                          0.00    0.00   clock network delay (ideal)
                          0.00    0.00   clock reconvergence pessimism
                         -2.00   -2.00   output external delay
                                 -2.00   data required time
-----------------------------------------------------------------------------
                                 -2.00   data required time
                                 -1.76   data arrival time
-----------------------------------------------------------------------------
                                  3.76   slack (MET)



==========================================================================
finish report_checks -path_delay max
--------------------------------------------------------------------------
Startpoint: rst_n (input port clocked by vclk)
Endpoint: W[1082]$_DFFE_PN0P_
          (recovery check against rising-edge clock core_clock)
Path Group: asynchronous
Path Type: max

Fanout     Cap    Slew   Delay    Time   Description
-----------------------------------------------------------------------------
                  0.00    0.00    0.00   clock vclk (rise edge)
                          0.00    0.00   clock network delay (ideal)
                          2.00    2.00 ^ input external delay
     1    0.02    0.00    0.00    2.00 ^ rst_n (in)
                                         rst_n (net)
                  0.00    0.00    2.00 ^ input514/A (sky130_fd_sc_hd__buf_16)
    77    0.51    0.52    0.36    2.36 ^ input514/X (sky130_fd_sc_hd__buf_16)
                                         net513 (net)
                  0.57    0.13    2.49 ^ place7628/A (sky130_fd_sc_hd__buf_4)
    52    0.30    0.82    0.72    3.21 ^ place7628/X (sky130_fd_sc_hd__buf_4)
                                         net7627 (net)
                  0.83    0.07    3.29 ^ place7626/A (sky130_fd_sc_hd__buf_4)
    70    0.35    0.94    0.83    4.11 ^ place7626/X (sky130_fd_sc_hd__buf_4)
                                         net7625 (net)
                  0.95    0.09    4.20 ^ W[1082]$_DFFE_PN0P_/RESET_B (sky130_fd_sc_hd__dfrtp_1)
                                  4.20   data arrival time

                         10.00   10.00   clock core_clock (rise edge)
                          0.00   10.00   clock source latency
     2    0.11    0.00    0.00   10.00 ^ clk (in)
                                         clk (net)
                  0.01    0.00   10.00 ^ clkbuf_0_clk/A (sky130_fd_sc_hd__clkbuf_16)
     4    0.18    0.20    0.23   10.23 ^ clkbuf_0_clk/X (sky130_fd_sc_hd__clkbuf_16)
                                         clknet_0_clk (net)
                  0.20    0.01   10.24 ^ clkbuf_2_0_0_clk/A (sky130_fd_sc_hd__clkbuf_16)
     8    0.17    0.18    0.28   10.52 ^ clkbuf_2_0_0_clk/X (sky130_fd_sc_hd__clkbuf_16)
                                         clknet_2_0_0_clk (net)
                  0.18    0.01   10.53 ^ clkbuf_5_2__f_clk/A (sky130_fd_sc_hd__clkbuf_16)
     7    0.11    0.12    0.24   10.76 ^ clkbuf_5_2__f_clk/X (sky130_fd_sc_hd__clkbuf_16)
                                         clknet_5_2__leaf_clk (net)
                  0.12    0.00   10.77 ^ clkbuf_leaf_0_clk/A (sky130_fd_sc_hd__clkbuf_16)
    10    0.03    0.06    0.17   10.93 ^ clkbuf_leaf_0_clk/X (sky130_fd_sc_hd__clkbuf_16)
                                         clknet_leaf_0_clk (net)
                  0.06    0.00   10.93 ^ W[1082]$_DFFE_PN0P_/CLK (sky130_fd_sc_hd__dfrtp_1)
                          0.00   10.93   clock reconvergence pessimism
                          0.00   10.93   library recovery time
                                 10.93   data required time
-----------------------------------------------------------------------------
                                 10.93   data required time
                                 -4.20   data arrival time
-----------------------------------------------------------------------------
                                  6.73   slack (MET)


Startpoint: round[0]$_DFFE_PN0P_
            (rising edge-triggered flip-flop clocked by core_clock)
Endpoint: digest[249]$_DFFE_PN0P_
          (rising edge-triggered flip-flop clocked by core_clock)
Path Group: core_clock
Path Type: max

Fanout     Cap    Slew   Delay    Time   Description
-----------------------------------------------------------------------------
                          0.00    0.00   clock core_clock (rise edge)
                          0.00    0.00   clock source latency
     2    0.11    0.00    0.00    0.00 ^ clk (in)
                                         clk (net)
                  0.01    0.00    0.00 ^ clkbuf_0_clk/A (sky130_fd_sc_hd__clkbuf_16)
     4    0.18    0.20    0.23    0.23 ^ clkbuf_0_clk/X (sky130_fd_sc_hd__clkbuf_16)
                                         clknet_0_clk (net)
                  0.20    0.01    0.24 ^ clkbuf_2_0_0_clk/A (sky130_fd_sc_hd__clkbuf_16)
     8    0.17    0.18    0.28    0.52 ^ clkbuf_2_0_0_clk/X (sky130_fd_sc_hd__clkbuf_16)
                                         clknet_2_0_0_clk (net)
                  0.18    0.00    0.53 ^ clkbuf_5_7__f_clk/A (sky130_fd_sc_hd__clkbuf_16)
     6    0.11    0.12    0.24    0.77 ^ clkbuf_5_7__f_clk/X (sky130_fd_sc_hd__clkbuf_16)
                                         clknet_5_7__leaf_clk (net)
                  0.12    0.00    0.77 ^ clkbuf_leaf_82_clk/A (sky130_fd_sc_hd__clkbuf_16)
     9    0.04    0.06    0.17    0.94 ^ clkbuf_leaf_82_clk/X (sky130_fd_sc_hd__clkbuf_16)
                                         clknet_leaf_82_clk (net)
                  0.06    0.00    0.94 ^ round[0]$_DFFE_PN0P_/CLK (sky130_fd_sc_hd__dfrtp_4)
     5    0.04    0.11    0.54    1.48 v round[0]$_DFFE_PN0P_/Q (sky130_fd_sc_hd__dfrtp_4)
                                         round[0] (net)
                  0.11    0.00    1.48 v _25477_/B (sky130_fd_sc_hd__ha_4)
     2    0.02    0.08    0.32    1.81 ^ _25477_/SUM (sky130_fd_sc_hd__ha_4)
                                         _00526_ (net)
                  0.08    0.00    1.81 ^ rebuffer7657/A (sky130_fd_sc_hd__buf_12)
     3    0.06    0.08    0.14    1.95 ^ rebuffer7657/X (sky130_fd_sc_hd__buf_12)
                                         net7656 (net)
                  0.08    0.00    1.95 ^ place5475/A (sky130_fd_sc_hd__buf_12)
     6    0.09    0.11    0.16    2.11 ^ place5475/X (sky130_fd_sc_hd__buf_12)
                                         net5474 (net)
                  0.12    0.02    2.13 ^ place5474/A (sky130_fd_sc_hd__buf_12)
     4    0.04    0.06    0.13    2.26 ^ place5474/X (sky130_fd_sc_hd__buf_12)
                                         net5473 (net)
                  0.06    0.00    2.26 ^ _16282_/S0 (sky130_fd_sc_hd__mux4_2)
     1    0.01    0.10    0.53    2.79 v _16282_/X (sky130_fd_sc_hd__mux4_2)
                                         _12263_ (net)
                  0.10    0.00    2.79 v _16284_/A0 (sky130_fd_sc_hd__mux2i_4)
     1    0.05    0.41    0.37    3.16 ^ _16284_/Y (sky130_fd_sc_hd__mux2i_4)
                                         _12265_ (net)
                  0.41    0.01    3.17 ^ place5136/A (sky130_fd_sc_hd__buf_6)
     2    0.01    0.04    0.17    3.34 ^ place5136/X (sky130_fd_sc_hd__buf_6)
                                         net5135 (net)
                  0.04    0.00    3.34 ^ _24933_/A2 (sky130_fd_sc_hd__mux4_2)
     1    0.01    0.10    0.27    3.61 ^ _24933_/X (sky130_fd_sc_hd__mux4_2)
                                         _08888_ (net)
                  0.10    0.00    3.61 ^ _24934_/A1 (sky130_fd_sc_hd__mux2i_4)
     1    0.01    0.06    0.08    3.69 v _24934_/Y (sky130_fd_sc_hd__mux2i_4)
                                         _08889_ (net)
                  0.06    0.00    3.69 v rebuffer8059/A (sky130_fd_sc_hd__buf_12)
     2    0.04    0.04    0.15    3.84 v rebuffer8059/X (sky130_fd_sc_hd__buf_12)
                                         net8058 (net)
                  0.04    0.00    3.84 v _25007_/A (sky130_fd_sc_hd__xnor2_2)
     1    0.01    0.07    0.14    3.97 v _25007_/Y (sky130_fd_sc_hd__xnor2_2)
                                         _08941_ (net)
                  0.07    0.00    3.97 v _25008_/A (sky130_fd_sc_hd__xnor2_1)
     1    0.01    0.10    0.16    4.13 v _25008_/Y (sky130_fd_sc_hd__xnor2_1)
                                         _00266_ (net)
                  0.10    0.00    4.13 v _25339_/A (sky130_fd_sc_hd__fa_1)
     1    0.01    0.08    0.57    4.70 ^ _25339_/SUM (sky130_fd_sc_hd__fa_1)
                                         _12831_ (net)
                  0.08    0.00    4.70 ^ _25373_/CIN (sky130_fd_sc_hd__fa_2)
     1    0.01    0.10    0.47    5.17 v _25373_/SUM (sky130_fd_sc_hd__fa_2)
                                         _12900_ (net)
                  0.10    0.00    5.17 v _25486_/B (sky130_fd_sc_hd__ha_4)
     2    0.01    0.03    0.18    5.35 v _25486_/COUT (sky130_fd_sc_hd__ha_4)
                                         _00310_ (net)
                  0.03    0.00    5.35 v _25359_/CIN (sky130_fd_sc_hd__fa_2)
     2    0.01    0.08    0.35    5.70 v _25359_/COUT (sky130_fd_sc_hd__fa_2)
                                         _00311_ (net)
                  0.08    0.00    5.70 v _13201_/A1 (sky130_fd_sc_hd__a21o_1)
     1    0.01    0.05    0.18    5.88 v _13201_/X (sky130_fd_sc_hd__a21o_1)
                                         _09316_ (net)
                  0.05    0.00    5.88 v _13202_/A1 (sky130_fd_sc_hd__a21oi_2)
     2    0.01    0.16    0.17    6.06 ^ _13202_/Y (sky130_fd_sc_hd__a21oi_2)
                                         _09317_ (net)
                  0.16    0.00    6.06 ^ _13205_/A1 (sky130_fd_sc_hd__o211ai_1)
     2    0.01    0.12    0.16    6.22 v _13205_/Y (sky130_fd_sc_hd__o211ai_1)
                                         _09320_ (net)
                  0.12    0.00    6.22 v rebuffer8060/A (sky130_fd_sc_hd__buf_4)
     1    0.00    0.03    0.16    6.38 v rebuffer8060/X (sky130_fd_sc_hd__buf_4)
                                         net8059 (net)
                  0.03    0.00    6.38 v _14234_/A1 (sky130_fd_sc_hd__a31o_2)
     1    0.01    0.04    0.19    6.57 v _14234_/X (sky130_fd_sc_hd__a31o_2)
                                         _10331_ (net)
                  0.04    0.00    6.57 v _14235_/A1 (sky130_fd_sc_hd__a21oi_2)
     1    0.01    0.15    0.16    6.73 ^ _14235_/Y (sky130_fd_sc_hd__a21oi_2)
                                         _10332_ (net)
                  0.15    0.00    6.73 ^ _14236_/B (sky130_fd_sc_hd__xnor2_2)
     1    0.01    0.07    0.10    6.83 v _14236_/Y (sky130_fd_sc_hd__xnor2_2)
                                         _10333_ (net)
                  0.07    0.00    6.83 v _14237_/A1 (sky130_fd_sc_hd__mux2i_4)
     2    0.02    0.20    0.19    7.03 ^ _14237_/Y (sky130_fd_sc_hd__mux2i_4)
                                         _10334_ (net)
                  0.20    0.00    7.03 ^ _14240_/A (sky130_fd_sc_hd__inv_2)
     1    0.03    0.09    0.12    7.14 v _14240_/Y (sky130_fd_sc_hd__inv_2)
                                         _00194_ (net)
                  0.09    0.00    7.15 v _25307_/A (sky130_fd_sc_hd__fa_1)
     1    0.01    0.11    0.53    7.68 v _25307_/SUM (sky130_fd_sc_hd__fa_1)
                                         _12767_ (net)
                  0.11    0.00    7.68 v _25279_/A (sky130_fd_sc_hd__fa_1)
     1    0.01    0.10    0.53    8.21 v _25279_/SUM (sky130_fd_sc_hd__fa_1)
                                         _12690_ (net)
                  0.10    0.00    8.21 v _25250_/A (sky130_fd_sc_hd__fa_1)
     1    0.01    0.13    0.61    8.82 ^ _25250_/SUM (sky130_fd_sc_hd__fa_1)
                                         _12693_ (net)
                  0.13    0.00    8.82 ^ _25528_/B (sky130_fd_sc_hd__ha_4)
     2    0.01    0.04    0.22    9.04 v _25528_/SUM (sky130_fd_sc_hd__ha_4)
                                         _00629_ (net)
                  0.04    0.00    9.04 v _15324_/D (sky130_fd_sc_hd__and4_4)
     2    0.01    0.04    0.20    9.23 v _15324_/X (sky130_fd_sc_hd__and4_4)
                                         _11369_ (net)
                  0.04    0.00    9.24 v _15328_/B2 (sky130_fd_sc_hd__a221oi_2)
     1    0.01    0.22    0.25    9.49 ^ _15328_/Y (sky130_fd_sc_hd__a221oi_2)
                                         _11373_ (net)
                  0.22    0.00    9.49 ^ _15329_/B1 (sky130_fd_sc_hd__o21ai_2)
     2    0.01    0.08    0.11    9.60 v _15329_/Y (sky130_fd_sc_hd__o21ai_2)
                                         _11374_ (net)
                  0.08    0.00    9.60 v _15330_/A (sky130_fd_sc_hd__nor2_2)
     2    0.01    0.10    0.14    9.73 ^ _15330_/Y (sky130_fd_sc_hd__nor2_2)
                                         _11375_ (net)
                  0.10    0.00    9.73 ^ _16533_/A (sky130_fd_sc_hd__nor2b_1)
     2    0.01    0.05    0.07    9.80 v _16533_/Y (sky130_fd_sc_hd__nor2b_1)
                                         _12490_ (net)
                  0.05    0.00    9.80 v _16534_/A2 (sky130_fd_sc_hd__o21a_1)
     1    0.00    0.04    0.17    9.97 v _16534_/X (sky130_fd_sc_hd__o21a_1)
                                         _12491_ (net)
                  0.04    0.00    9.97 v _16535_/A (sky130_fd_sc_hd__nor2_1)
     1    0.01    0.12    0.13   10.10 ^ _16535_/Y (sky130_fd_sc_hd__nor2_1)
                                         _12492_ (net)
                  0.12    0.00   10.10 ^ _16536_/A (sky130_fd_sc_hd__xnor2_1)
     1    0.00    0.14    0.14   10.23 ^ _16536_/Y (sky130_fd_sc_hd__xnor2_1)
                                         _00039_ (net)
                  0.14    0.00   10.23 ^ place4484/A (sky130_fd_sc_hd__buf_4)
     2    0.06    0.16    0.23   10.47 ^ place4484/X (sky130_fd_sc_hd__buf_4)
                                         net4483 (net)
                  0.16    0.01   10.47 ^ _25210_/B (sky130_fd_sc_hd__fa_1)
     1    0.01    0.12    0.49   10.97 v _25210_/SUM (sky130_fd_sc_hd__fa_1)
                                         _12582_ (net)
                  0.12    0.00   10.97 v _25406_/B (sky130_fd_sc_hd__ha_4)
     2    0.01    0.04    0.30   11.27 ^ _25406_/SUM (sky130_fd_sc_hd__ha_4)
                                         _00395_ (net)
                  0.04    0.00   11.27 ^ place4429/A (sky130_fd_sc_hd__buf_6)
     2    0.01    0.03    0.09   11.36 ^ place4429/X (sky130_fd_sc_hd__buf_6)
                                         net4428 (net)
                  0.03    0.00   11.36 ^ _17773_/A (sky130_fd_sc_hd__nand4_1)
     3    0.01    0.14    0.12   11.48 v _17773_/Y (sky130_fd_sc_hd__nand4_1)
                                         _04121_ (net)
                  0.14    0.00   11.48 v rebuffer8054/A (sky130_fd_sc_hd__buf_4)
     1    0.01    0.03    0.17   11.65 v rebuffer8054/X (sky130_fd_sc_hd__buf_4)
                                         net8053 (net)
                  0.03    0.00   11.65 v rebuffer7733/A (sky130_fd_sc_hd__buf_4)
     1    0.01    0.03    0.13   11.78 v rebuffer7733/X (sky130_fd_sc_hd__buf_4)
                                         net7732 (net)
                  0.03    0.00   11.78 v place4397/A (sky130_fd_sc_hd__buf_6)
     1    0.01    0.03    0.11   11.88 v place4397/X (sky130_fd_sc_hd__buf_6)
                                         net4396 (net)
                  0.03    0.00   11.88 v _17908_/B (sky130_fd_sc_hd__nor2_4)
     1    0.01    0.09    0.09   11.97 ^ _17908_/Y (sky130_fd_sc_hd__nor2_4)
                                         _04256_ (net)
                  0.09    0.00   11.97 ^ _17909_/B1 (sky130_fd_sc_hd__o21ai_4)
     4    0.02    0.07    0.09   12.06 v _17909_/Y (sky130_fd_sc_hd__o21ai_4)
                                         _04257_ (net)
                  0.07    0.00   12.06 v _17931_/A1 (sky130_fd_sc_hd__a211oi_1)
     1    0.01    0.37    0.35   12.41 ^ _17931_/Y (sky130_fd_sc_hd__a211oi_1)
                                         _04279_ (net)
                  0.37    0.00   12.41 ^ _17935_/C1 (sky130_fd_sc_hd__a211oi_4)
     2    0.01    0.09    0.08   12.49 v _17935_/Y (sky130_fd_sc_hd__a211oi_4)
                                         _04283_ (net)
                  0.09    0.00   12.49 v _17949_/A (sky130_fd_sc_hd__nor3_4)
     2    0.01    0.16    0.22   12.71 ^ _17949_/Y (sky130_fd_sc_hd__nor3_4)
                                         _04297_ (net)
                  0.16    0.00   12.71 ^ _17950_/B (sky130_fd_sc_hd__and2_4)
     3    0.02    0.07    0.20   12.90 ^ _17950_/X (sky130_fd_sc_hd__and2_4)
                                         _04298_ (net)
                  0.07    0.00   12.90 ^ _18001_/A (sky130_fd_sc_hd__and2_4)
     2    0.02    0.07    0.17   13.07 ^ _18001_/X (sky130_fd_sc_hd__and2_4)
                                         _04346_ (net)
                  0.07    0.00   13.07 ^ rebuffer7736/A (sky130_fd_sc_hd__buf_6)
     1    0.02    0.05    0.11   13.19 ^ rebuffer7736/X (sky130_fd_sc_hd__buf_6)
                                         net7735 (net)
                  0.05    0.00   13.19 ^ _18009_/A (sky130_fd_sc_hd__xor2_4)
     1    0.02    0.21    0.21   13.39 ^ _18009_/X (sky130_fd_sc_hd__xor2_4)
                                         _04352_ (net)
                  0.21    0.00   13.40 ^ place4247/A (sky130_fd_sc_hd__buf_6)
     1    0.00    0.03    0.12   13.52 ^ place4247/X (sky130_fd_sc_hd__buf_6)
                                         net4246 (net)
                  0.03    0.00   13.52 ^ _18011_/A2 (sky130_fd_sc_hd__o21ai_1)
     1    0.00    0.13    0.04   13.56 v _18011_/Y (sky130_fd_sc_hd__o21ai_1)
                                         _00773_ (net)
                  0.13    0.00   13.56 v digest[249]$_DFFE_PN0P_/D (sky130_fd_sc_hd__dfrtp_1)
                                 13.56   data arrival time

                         10.00   10.00   clock core_clock (rise edge)
                          0.00   10.00   clock source latency
     2    0.11    0.00    0.00   10.00 ^ clk (in)
                                         clk (net)
                  0.01    0.00   10.00 ^ clkbuf_0_clk/A (sky130_fd_sc_hd__clkbuf_16)
     4    0.18    0.20    0.23   10.23 ^ clkbuf_0_clk/X (sky130_fd_sc_hd__clkbuf_16)
                                         clknet_0_clk (net)
                  0.20    0.01   10.24 ^ clkbuf_2_1_0_clk/A (sky130_fd_sc_hd__clkbuf_16)
     8    0.18    0.19    0.29   10.53 ^ clkbuf_2_1_0_clk/X (sky130_fd_sc_hd__clkbuf_16)
                                         clknet_2_1_0_clk (net)
                  0.19    0.01   10.54 ^ clkbuf_5_9__f_clk/A (sky130_fd_sc_hd__clkbuf_16)
     7    0.14    0.15    0.26   10.80 ^ clkbuf_5_9__f_clk/X (sky130_fd_sc_hd__clkbuf_16)
                                         clknet_5_9__leaf_clk (net)
                  0.15    0.00   10.80 ^ clkbuf_leaf_34_clk/A (sky130_fd_sc_hd__clkbuf_16)
    11    0.04    0.06    0.18   10.98 ^ clkbuf_leaf_34_clk/X (sky130_fd_sc_hd__clkbuf_16)
                                         clknet_leaf_34_clk (net)
                  0.06    0.00   10.98 ^ digest[249]$_DFFE_PN0P_/CLK (sky130_fd_sc_hd__dfrtp_1)
                          0.00   10.98   clock reconvergence pessimism
                         -0.15   10.83   library setup time
                                 10.83   data required time
-----------------------------------------------------------------------------
                                 10.83   data required time
                                -13.56   data arrival time
-----------------------------------------------------------------------------
                                 -2.73   slack (VIOLATED)


Startpoint: digest[0]$_DFFE_PN0P_
            (rising edge-triggered flip-flop clocked by core_clock)
Endpoint: digest[0] (output port clocked by vclk)
Path Group: vclk
Path Type: max

Fanout     Cap    Slew   Delay    Time   Description
-----------------------------------------------------------------------------
                          0.00    0.00   clock core_clock (rise edge)
                          0.00    0.00   clock source latency
     2    0.11    0.00    0.00    0.00 ^ clk (in)
                                         clk (net)
                  0.01    0.00    0.00 ^ clkbuf_0_clk/A (sky130_fd_sc_hd__clkbuf_16)
     4    0.18    0.20    0.23    0.23 ^ clkbuf_0_clk/X (sky130_fd_sc_hd__clkbuf_16)
                                         clknet_0_clk (net)
                  0.20    0.01    0.24 ^ clkbuf_2_1_0_clk/A (sky130_fd_sc_hd__clkbuf_16)
     8    0.18    0.19    0.29    0.53 ^ clkbuf_2_1_0_clk/X (sky130_fd_sc_hd__clkbuf_16)
                                         clknet_2_1_0_clk (net)
                  0.19    0.01    0.53 ^ clkbuf_5_12__f_clk/A (sky130_fd_sc_hd__clkbuf_16)
     9    0.17    0.18    0.28    0.81 ^ clkbuf_5_12__f_clk/X (sky130_fd_sc_hd__clkbuf_16)
                                         clknet_5_12__leaf_clk (net)
                  0.18    0.00    0.82 ^ clkbuf_leaf_74_clk/A (sky130_fd_sc_hd__clkbuf_16)
    11    0.04    0.06    0.19    1.00 ^ clkbuf_leaf_74_clk/X (sky130_fd_sc_hd__clkbuf_16)
                                         clknet_leaf_74_clk (net)
                  0.06    0.00    1.00 ^ digest[0]$_DFFE_PN0P_/CLK (sky130_fd_sc_hd__dfrtp_1)
     2    0.06    0.52    0.67    1.67 ^ digest[0]$_DFFE_PN0P_/Q (sky130_fd_sc_hd__dfrtp_1)
                                         net515 (net)
                  0.52    0.00    1.68 ^ output516/A (sky130_fd_sc_hd__clkdlybuf4s50_1)
     1    0.00    0.04    0.58    2.25 ^ output516/X (sky130_fd_sc_hd__clkdlybuf4s50_1)
                                         digest[0] (net)
                  0.04    0.00    2.25 ^ digest[0] (out)
                                  2.25   data arrival time

                  0.00   10.00   10.00   clock vclk (rise edge)
                          0.00   10.00   clock network delay (ideal)
                          0.00   10.00   clock reconvergence pessimism
                         -2.00    8.00   output external delay
                                  8.00   data required time
-----------------------------------------------------------------------------
                                  8.00   data required time
                                 -2.25   data arrival time
-----------------------------------------------------------------------------
                                  5.75   slack (MET)



==========================================================================
finish report_checks -unconstrained
--------------------------------------------------------------------------
Startpoint: rst_n (input port clocked by vclk)
Endpoint: W[1082]$_DFFE_PN0P_
          (recovery check against rising-edge clock core_clock)
Path Group: asynchronous
Path Type: max

Fanout     Cap    Slew   Delay    Time   Description
-----------------------------------------------------------------------------
                  0.00    0.00    0.00   clock vclk (rise edge)
                          0.00    0.00   clock network delay (ideal)
                          2.00    2.00 ^ input external delay
     1    0.02    0.00    0.00    2.00 ^ rst_n (in)
                                         rst_n (net)
                  0.00    0.00    2.00 ^ input514/A (sky130_fd_sc_hd__buf_16)
    77    0.51    0.52    0.36    2.36 ^ input514/X (sky130_fd_sc_hd__buf_16)
                                         net513 (net)
                  0.57    0.13    2.49 ^ place7628/A (sky130_fd_sc_hd__buf_4)
    52    0.30    0.82    0.72    3.21 ^ place7628/X (sky130_fd_sc_hd__buf_4)
                                         net7627 (net)
                  0.83    0.07    3.29 ^ place7626/A (sky130_fd_sc_hd__buf_4)
    70    0.35    0.94    0.83    4.11 ^ place7626/X (sky130_fd_sc_hd__buf_4)
                                         net7625 (net)
                  0.95    0.09    4.20 ^ W[1082]$_DFFE_PN0P_/RESET_B (sky130_fd_sc_hd__dfrtp_1)
                                  4.20   data arrival time

                         10.00   10.00   clock core_clock (rise edge)
                          0.00   10.00   clock source latency
     2    0.11    0.00    0.00   10.00 ^ clk (in)
                                         clk (net)
                  0.01    0.00   10.00 ^ clkbuf_0_clk/A (sky130_fd_sc_hd__clkbuf_16)
     4    0.18    0.20    0.23   10.23 ^ clkbuf_0_clk/X (sky130_fd_sc_hd__clkbuf_16)
                                         clknet_0_clk (net)
                  0.20    0.01   10.24 ^ clkbuf_2_0_0_clk/A (sky130_fd_sc_hd__clkbuf_16)
     8    0.17    0.18    0.28   10.52 ^ clkbuf_2_0_0_clk/X (sky130_fd_sc_hd__clkbuf_16)
                                         clknet_2_0_0_clk (net)
                  0.18    0.01   10.53 ^ clkbuf_5_2__f_clk/A (sky130_fd_sc_hd__clkbuf_16)
     7    0.11    0.12    0.24   10.76 ^ clkbuf_5_2__f_clk/X (sky130_fd_sc_hd__clkbuf_16)
                                         clknet_5_2__leaf_clk (net)
                  0.12    0.00   10.77 ^ clkbuf_leaf_0_clk/A (sky130_fd_sc_hd__clkbuf_16)
    10    0.03    0.06    0.17   10.93 ^ clkbuf_leaf_0_clk/X (sky130_fd_sc_hd__clkbuf_16)
                                         clknet_leaf_0_clk (net)
                  0.06    0.00   10.93 ^ W[1082]$_DFFE_PN0P_/CLK (sky130_fd_sc_hd__dfrtp_1)
                          0.00   10.93   clock reconvergence pessimism
                          0.00   10.93   library recovery time
                                 10.93   data required time
-----------------------------------------------------------------------------
                                 10.93   data required time
                                 -4.20   data arrival time
-----------------------------------------------------------------------------
                                  6.73   slack (MET)


Startpoint: round[0]$_DFFE_PN0P_
            (rising edge-triggered flip-flop clocked by core_clock)
Endpoint: digest[249]$_DFFE_PN0P_
          (rising edge-triggered flip-flop clocked by core_clock)
Path Group: core_clock
Path Type: max

Fanout     Cap    Slew   Delay    Time   Description
-----------------------------------------------------------------------------
                          0.00    0.00   clock core_clock (rise edge)
                          0.00    0.00   clock source latency
     2    0.11    0.00    0.00    0.00 ^ clk (in)
                                         clk (net)
                  0.01    0.00    0.00 ^ clkbuf_0_clk/A (sky130_fd_sc_hd__clkbuf_16)
     4    0.18    0.20    0.23    0.23 ^ clkbuf_0_clk/X (sky130_fd_sc_hd__clkbuf_16)
                                         clknet_0_clk (net)
                  0.20    0.01    0.24 ^ clkbuf_2_0_0_clk/A (sky130_fd_sc_hd__clkbuf_16)
     8    0.17    0.18    0.28    0.52 ^ clkbuf_2_0_0_clk/X (sky130_fd_sc_hd__clkbuf_16)
                                         clknet_2_0_0_clk (net)
                  0.18    0.00    0.53 ^ clkbuf_5_7__f_clk/A (sky130_fd_sc_hd__clkbuf_16)
     6    0.11    0.12    0.24    0.77 ^ clkbuf_5_7__f_clk/X (sky130_fd_sc_hd__clkbuf_16)
                                         clknet_5_7__leaf_clk (net)
                  0.12    0.00    0.77 ^ clkbuf_leaf_82_clk/A (sky130_fd_sc_hd__clkbuf_16)
     9    0.04    0.06    0.17    0.94 ^ clkbuf_leaf_82_clk/X (sky130_fd_sc_hd__clkbuf_16)
                                         clknet_leaf_82_clk (net)
                  0.06    0.00    0.94 ^ round[0]$_DFFE_PN0P_/CLK (sky130_fd_sc_hd__dfrtp_4)
     5    0.04    0.11    0.54    1.48 v round[0]$_DFFE_PN0P_/Q (sky130_fd_sc_hd__dfrtp_4)
                                         round[0] (net)
                  0.11    0.00    1.48 v _25477_/B (sky130_fd_sc_hd__ha_4)
     2    0.02    0.08    0.32    1.81 ^ _25477_/SUM (sky130_fd_sc_hd__ha_4)
                                         _00526_ (net)
                  0.08    0.00    1.81 ^ rebuffer7657/A (sky130_fd_sc_hd__buf_12)
     3    0.06    0.08    0.14    1.95 ^ rebuffer7657/X (sky130_fd_sc_hd__buf_12)
                                         net7656 (net)
                  0.08    0.00    1.95 ^ place5475/A (sky130_fd_sc_hd__buf_12)
     6    0.09    0.11    0.16    2.11 ^ place5475/X (sky130_fd_sc_hd__buf_12)
                                         net5474 (net)
                  0.12    0.02    2.13 ^ place5474/A (sky130_fd_sc_hd__buf_12)
     4    0.04    0.06    0.13    2.26 ^ place5474/X (sky130_fd_sc_hd__buf_12)
                                         net5473 (net)
                  0.06    0.00    2.26 ^ _16282_/S0 (sky130_fd_sc_hd__mux4_2)
     1    0.01    0.10    0.53    2.79 v _16282_/X (sky130_fd_sc_hd__mux4_2)
                                         _12263_ (net)
                  0.10    0.00    2.79 v _16284_/A0 (sky130_fd_sc_hd__mux2i_4)
     1    0.05    0.41    0.37    3.16 ^ _16284_/Y (sky130_fd_sc_hd__mux2i_4)
                                         _12265_ (net)
                  0.41    0.01    3.17 ^ place5136/A (sky130_fd_sc_hd__buf_6)
     2    0.01    0.04    0.17    3.34 ^ place5136/X (sky130_fd_sc_hd__buf_6)
                                         net5135 (net)
                  0.04    0.00    3.34 ^ _24933_/A2 (sky130_fd_sc_hd__mux4_2)
     1    0.01    0.10    0.27    3.61 ^ _24933_/X (sky130_fd_sc_hd__mux4_2)
                                         _08888_ (net)
                  0.10    0.00    3.61 ^ _24934_/A1 (sky130_fd_sc_hd__mux2i_4)
     1    0.01    0.06    0.08    3.69 v _24934_/Y (sky130_fd_sc_hd__mux2i_4)
                                         _08889_ (net)
                  0.06    0.00    3.69 v rebuffer8059/A (sky130_fd_sc_hd__buf_12)
     2    0.04    0.04    0.15    3.84 v rebuffer8059/X (sky130_fd_sc_hd__buf_12)
                                         net8058 (net)
                  0.04    0.00    3.84 v _25007_/A (sky130_fd_sc_hd__xnor2_2)
     1    0.01    0.07    0.14    3.97 v _25007_/Y (sky130_fd_sc_hd__xnor2_2)
                                         _08941_ (net)
                  0.07    0.00    3.97 v _25008_/A (sky130_fd_sc_hd__xnor2_1)
     1    0.01    0.10    0.16    4.13 v _25008_/Y (sky130_fd_sc_hd__xnor2_1)
                                         _00266_ (net)
                  0.10    0.00    4.13 v _25339_/A (sky130_fd_sc_hd__fa_1)
     1    0.01    0.08    0.57    4.70 ^ _25339_/SUM (sky130_fd_sc_hd__fa_1)
                                         _12831_ (net)
                  0.08    0.00    4.70 ^ _25373_/CIN (sky130_fd_sc_hd__fa_2)
     1    0.01    0.10    0.47    5.17 v _25373_/SUM (sky130_fd_sc_hd__fa_2)
                                         _12900_ (net)
                  0.10    0.00    5.17 v _25486_/B (sky130_fd_sc_hd__ha_4)
     2    0.01    0.03    0.18    5.35 v _25486_/COUT (sky130_fd_sc_hd__ha_4)
                                         _00310_ (net)
                  0.03    0.00    5.35 v _25359_/CIN (sky130_fd_sc_hd__fa_2)
     2    0.01    0.08    0.35    5.70 v _25359_/COUT (sky130_fd_sc_hd__fa_2)
                                         _00311_ (net)
                  0.08    0.00    5.70 v _13201_/A1 (sky130_fd_sc_hd__a21o_1)
     1    0.01    0.05    0.18    5.88 v _13201_/X (sky130_fd_sc_hd__a21o_1)
                                         _09316_ (net)
                  0.05    0.00    5.88 v _13202_/A1 (sky130_fd_sc_hd__a21oi_2)
     2    0.01    0.16    0.17    6.06 ^ _13202_/Y (sky130_fd_sc_hd__a21oi_2)
                                         _09317_ (net)
                  0.16    0.00    6.06 ^ _13205_/A1 (sky130_fd_sc_hd__o211ai_1)
     2    0.01    0.12    0.16    6.22 v _13205_/Y (sky130_fd_sc_hd__o211ai_1)
                                         _09320_ (net)
                  0.12    0.00    6.22 v rebuffer8060/A (sky130_fd_sc_hd__buf_4)
     1    0.00    0.03    0.16    6.38 v rebuffer8060/X (sky130_fd_sc_hd__buf_4)
                                         net8059 (net)
                  0.03    0.00    6.38 v _14234_/A1 (sky130_fd_sc_hd__a31o_2)
     1    0.01    0.04    0.19    6.57 v _14234_/X (sky130_fd_sc_hd__a31o_2)
                                         _10331_ (net)
                  0.04    0.00    6.57 v _14235_/A1 (sky130_fd_sc_hd__a21oi_2)
     1    0.01    0.15    0.16    6.73 ^ _14235_/Y (sky130_fd_sc_hd__a21oi_2)
                                         _10332_ (net)
                  0.15    0.00    6.73 ^ _14236_/B (sky130_fd_sc_hd__xnor2_2)
     1    0.01    0.07    0.10    6.83 v _14236_/Y (sky130_fd_sc_hd__xnor2_2)
                                         _10333_ (net)
                  0.07    0.00    6.83 v _14237_/A1 (sky130_fd_sc_hd__mux2i_4)
     2    0.02    0.20    0.19    7.03 ^ _14237_/Y (sky130_fd_sc_hd__mux2i_4)
                                         _10334_ (net)
                  0.20    0.00    7.03 ^ _14240_/A (sky130_fd_sc_hd__inv_2)
     1    0.03    0.09    0.12    7.14 v _14240_/Y (sky130_fd_sc_hd__inv_2)
                                         _00194_ (net)
                  0.09    0.00    7.15 v _25307_/A (sky130_fd_sc_hd__fa_1)
     1    0.01    0.11    0.53    7.68 v _25307_/SUM (sky130_fd_sc_hd__fa_1)
                                         _12767_ (net)
                  0.11    0.00    7.68 v _25279_/A (sky130_fd_sc_hd__fa_1)
     1    0.01    0.10    0.53    8.21 v _25279_/SUM (sky130_fd_sc_hd__fa_1)
                                         _12690_ (net)
                  0.10    0.00    8.21 v _25250_/A (sky130_fd_sc_hd__fa_1)
     1    0.01    0.13    0.61    8.82 ^ _25250_/SUM (sky130_fd_sc_hd__fa_1)
                                         _12693_ (net)
                  0.13    0.00    8.82 ^ _25528_/B (sky130_fd_sc_hd__ha_4)
     2    0.01    0.04    0.22    9.04 v _25528_/SUM (sky130_fd_sc_hd__ha_4)
                                         _00629_ (net)
                  0.04    0.00    9.04 v _15324_/D (sky130_fd_sc_hd__and4_4)
     2    0.01    0.04    0.20    9.23 v _15324_/X (sky130_fd_sc_hd__and4_4)
                                         _11369_ (net)
                  0.04    0.00    9.24 v _15328_/B2 (sky130_fd_sc_hd__a221oi_2)
     1    0.01    0.22    0.25    9.49 ^ _15328_/Y (sky130_fd_sc_hd__a221oi_2)
                                         _11373_ (net)
                  0.22    0.00    9.49 ^ _15329_/B1 (sky130_fd_sc_hd__o21ai_2)
     2    0.01    0.08    0.11    9.60 v _15329_/Y (sky130_fd_sc_hd__o21ai_2)
                                         _11374_ (net)
                  0.08    0.00    9.60 v _15330_/A (sky130_fd_sc_hd__nor2_2)
     2    0.01    0.10    0.14    9.73 ^ _15330_/Y (sky130_fd_sc_hd__nor2_2)
                                         _11375_ (net)
                  0.10    0.00    9.73 ^ _16533_/A (sky130_fd_sc_hd__nor2b_1)
     2    0.01    0.05    0.07    9.80 v _16533_/Y (sky130_fd_sc_hd__nor2b_1)
                                         _12490_ (net)
                  0.05    0.00    9.80 v _16534_/A2 (sky130_fd_sc_hd__o21a_1)
     1    0.00    0.04    0.17    9.97 v _16534_/X (sky130_fd_sc_hd__o21a_1)
                                         _12491_ (net)
                  0.04    0.00    9.97 v _16535_/A (sky130_fd_sc_hd__nor2_1)
     1    0.01    0.12    0.13   10.10 ^ _16535_/Y (sky130_fd_sc_hd__nor2_1)
                                         _12492_ (net)
                  0.12    0.00   10.10 ^ _16536_/A (sky130_fd_sc_hd__xnor2_1)
     1    0.00    0.14    0.14   10.23 ^ _16536_/Y (sky130_fd_sc_hd__xnor2_1)
                                         _00039_ (net)
                  0.14    0.00   10.23 ^ place4484/A (sky130_fd_sc_hd__buf_4)
     2    0.06    0.16    0.23   10.47 ^ place4484/X (sky130_fd_sc_hd__buf_4)
                                         net4483 (net)
                  0.16    0.01   10.47 ^ _25210_/B (sky130_fd_sc_hd__fa_1)
     1    0.01    0.12    0.49   10.97 v _25210_/SUM (sky130_fd_sc_hd__fa_1)
                                         _12582_ (net)
                  0.12    0.00   10.97 v _25406_/B (sky130_fd_sc_hd__ha_4)
     2    0.01    0.04    0.30   11.27 ^ _25406_/SUM (sky130_fd_sc_hd__ha_4)
                                         _00395_ (net)
                  0.04    0.00   11.27 ^ place4429/A (sky130_fd_sc_hd__buf_6)
     2    0.01    0.03    0.09   11.36 ^ place4429/X (sky130_fd_sc_hd__buf_6)
                                         net4428 (net)
                  0.03    0.00   11.36 ^ _17773_/A (sky130_fd_sc_hd__nand4_1)
     3    0.01    0.14    0.12   11.48 v _17773_/Y (sky130_fd_sc_hd__nand4_1)
                                         _04121_ (net)
                  0.14    0.00   11.48 v rebuffer8054/A (sky130_fd_sc_hd__buf_4)
     1    0.01    0.03    0.17   11.65 v rebuffer8054/X (sky130_fd_sc_hd__buf_4)
                                         net8053 (net)
                  0.03    0.00   11.65 v rebuffer7733/A (sky130_fd_sc_hd__buf_4)
     1    0.01    0.03    0.13   11.78 v rebuffer7733/X (sky130_fd_sc_hd__buf_4)
                                         net7732 (net)
                  0.03    0.00   11.78 v place4397/A (sky130_fd_sc_hd__buf_6)
     1    0.01    0.03    0.11   11.88 v place4397/X (sky130_fd_sc_hd__buf_6)
                                         net4396 (net)
                  0.03    0.00   11.88 v _17908_/B (sky130_fd_sc_hd__nor2_4)
     1    0.01    0.09    0.09   11.97 ^ _17908_/Y (sky130_fd_sc_hd__nor2_4)
                                         _04256_ (net)
                  0.09    0.00   11.97 ^ _17909_/B1 (sky130_fd_sc_hd__o21ai_4)
     4    0.02    0.07    0.09   12.06 v _17909_/Y (sky130_fd_sc_hd__o21ai_4)
                                         _04257_ (net)
                  0.07    0.00   12.06 v _17931_/A1 (sky130_fd_sc_hd__a211oi_1)
     1    0.01    0.37    0.35   12.41 ^ _17931_/Y (sky130_fd_sc_hd__a211oi_1)
                                         _04279_ (net)
                  0.37    0.00   12.41 ^ _17935_/C1 (sky130_fd_sc_hd__a211oi_4)
     2    0.01    0.09    0.08   12.49 v _17935_/Y (sky130_fd_sc_hd__a211oi_4)
                                         _04283_ (net)
                  0.09    0.00   12.49 v _17949_/A (sky130_fd_sc_hd__nor3_4)
     2    0.01    0.16    0.22   12.71 ^ _17949_/Y (sky130_fd_sc_hd__nor3_4)
                                         _04297_ (net)
                  0.16    0.00   12.71 ^ _17950_/B (sky130_fd_sc_hd__and2_4)
     3    0.02    0.07    0.20   12.90 ^ _17950_/X (sky130_fd_sc_hd__and2_4)
                                         _04298_ (net)
                  0.07    0.00   12.90 ^ _18001_/A (sky130_fd_sc_hd__and2_4)
     2    0.02    0.07    0.17   13.07 ^ _18001_/X (sky130_fd_sc_hd__and2_4)
                                         _04346_ (net)
                  0.07    0.00   13.07 ^ rebuffer7736/A (sky130_fd_sc_hd__buf_6)
     1    0.02    0.05    0.11   13.19 ^ rebuffer7736/X (sky130_fd_sc_hd__buf_6)
                                         net7735 (net)
                  0.05    0.00   13.19 ^ _18009_/A (sky130_fd_sc_hd__xor2_4)
     1    0.02    0.21    0.21   13.39 ^ _18009_/X (sky130_fd_sc_hd__xor2_4)
                                         _04352_ (net)
                  0.21    0.00   13.40 ^ place4247/A (sky130_fd_sc_hd__buf_6)
     1    0.00    0.03    0.12   13.52 ^ place4247/X (sky130_fd_sc_hd__buf_6)
                                         net4246 (net)
                  0.03    0.00   13.52 ^ _18011_/A2 (sky130_fd_sc_hd__o21ai_1)
     1    0.00    0.13    0.04   13.56 v _18011_/Y (sky130_fd_sc_hd__o21ai_1)
                                         _00773_ (net)
                  0.13    0.00   13.56 v digest[249]$_DFFE_PN0P_/D (sky130_fd_sc_hd__dfrtp_1)
                                 13.56   data arrival time

                         10.00   10.00   clock core_clock (rise edge)
                          0.00   10.00   clock source latency
     2    0.11    0.00    0.00   10.00 ^ clk (in)
                                         clk (net)
                  0.01    0.00   10.00 ^ clkbuf_0_clk/A (sky130_fd_sc_hd__clkbuf_16)
     4    0.18    0.20    0.23   10.23 ^ clkbuf_0_clk/X (sky130_fd_sc_hd__clkbuf_16)
                                         clknet_0_clk (net)
                  0.20    0.01   10.24 ^ clkbuf_2_1_0_clk/A (sky130_fd_sc_hd__clkbuf_16)
     8    0.18    0.19    0.29   10.53 ^ clkbuf_2_1_0_clk/X (sky130_fd_sc_hd__clkbuf_16)
                                         clknet_2_1_0_clk (net)
                  0.19    0.01   10.54 ^ clkbuf_5_9__f_clk/A (sky130_fd_sc_hd__clkbuf_16)
     7    0.14    0.15    0.26   10.80 ^ clkbuf_5_9__f_clk/X (sky130_fd_sc_hd__clkbuf_16)
                                         clknet_5_9__leaf_clk (net)
                  0.15    0.00   10.80 ^ clkbuf_leaf_34_clk/A (sky130_fd_sc_hd__clkbuf_16)
    11    0.04    0.06    0.18   10.98 ^ clkbuf_leaf_34_clk/X (sky130_fd_sc_hd__clkbuf_16)
                                         clknet_leaf_34_clk (net)
                  0.06    0.00   10.98 ^ digest[249]$_DFFE_PN0P_/CLK (sky130_fd_sc_hd__dfrtp_1)
                          0.00   10.98   clock reconvergence pessimism
                         -0.15   10.83   library setup time
                                 10.83   data required time
-----------------------------------------------------------------------------
                                 10.83   data required time
                                -13.56   data arrival time
-----------------------------------------------------------------------------
                                 -2.73   slack (VIOLATED)


Startpoint: digest[0]$_DFFE_PN0P_
            (rising edge-triggered flip-flop clocked by core_clock)
Endpoint: digest[0] (output port clocked by vclk)
Path Group: vclk
Path Type: max

Fanout     Cap    Slew   Delay    Time   Description
-----------------------------------------------------------------------------
                          0.00    0.00   clock core_clock (rise edge)
                          0.00    0.00   clock source latency
     2    0.11    0.00    0.00    0.00 ^ clk (in)
                                         clk (net)
                  0.01    0.00    0.00 ^ clkbuf_0_clk/A (sky130_fd_sc_hd__clkbuf_16)
     4    0.18    0.20    0.23    0.23 ^ clkbuf_0_clk/X (sky130_fd_sc_hd__clkbuf_16)
                                         clknet_0_clk (net)
                  0.20    0.01    0.24 ^ clkbuf_2_1_0_clk/A (sky130_fd_sc_hd__clkbuf_16)
     8    0.18    0.19    0.29    0.53 ^ clkbuf_2_1_0_clk/X (sky130_fd_sc_hd__clkbuf_16)
                                         clknet_2_1_0_clk (net)
                  0.19    0.01    0.53 ^ clkbuf_5_12__f_clk/A (sky130_fd_sc_hd__clkbuf_16)
     9    0.17    0.18    0.28    0.81 ^ clkbuf_5_12__f_clk/X (sky130_fd_sc_hd__clkbuf_16)
                                         clknet_5_12__leaf_clk (net)
                  0.18    0.00    0.82 ^ clkbuf_leaf_74_clk/A (sky130_fd_sc_hd__clkbuf_16)
    11    0.04    0.06    0.19    1.00 ^ clkbuf_leaf_74_clk/X (sky130_fd_sc_hd__clkbuf_16)
                                         clknet_leaf_74_clk (net)
                  0.06    0.00    1.00 ^ digest[0]$_DFFE_PN0P_/CLK (sky130_fd_sc_hd__dfrtp_1)
     2    0.06    0.52    0.67    1.67 ^ digest[0]$_DFFE_PN0P_/Q (sky130_fd_sc_hd__dfrtp_1)
                                         net515 (net)
                  0.52    0.00    1.68 ^ output516/A (sky130_fd_sc_hd__clkdlybuf4s50_1)
     1    0.00    0.04    0.58    2.25 ^ output516/X (sky130_fd_sc_hd__clkdlybuf4s50_1)
                                         digest[0] (net)
                  0.04    0.00    2.25 ^ digest[0] (out)
                                  2.25   data arrival time

                  0.00   10.00   10.00   clock vclk (rise edge)
                          0.00   10.00   clock network delay (ideal)
                          0.00   10.00   clock reconvergence pessimism
                         -2.00    8.00   output external delay
                                  8.00   data required time
-----------------------------------------------------------------------------
                                  8.00   data required time
                                 -2.25   data arrival time
-----------------------------------------------------------------------------
                                  5.75   slack (MET)



==========================================================================
finish report_check_types -max_slew -max_cap -max_fanout -violators
--------------------------------------------------------------------------

==========================================================================
finish max_slew_check_slack
--------------------------------------------------------------------------
0.09564904868602753

==========================================================================
finish max_slew_check_limit
--------------------------------------------------------------------------
1.5

==========================================================================
finish max_slew_check_slack_limit
--------------------------------------------------------------------------
0.0638

==========================================================================
finish max_fanout_check_slack
--------------------------------------------------------------------------
1.0000000150474662e+30

==========================================================================
finish max_fanout_check_limit
--------------------------------------------------------------------------
1.0000000150474662e+30

==========================================================================
finish max_capacitance_check_slack
--------------------------------------------------------------------------
0.008140460588037968

==========================================================================
finish max_capacitance_check_limit
--------------------------------------------------------------------------
0.021067000925540924

==========================================================================
finish max_capacitance_check_slack_limit
--------------------------------------------------------------------------
0.3864

==========================================================================
finish max_slew_violation_count
--------------------------------------------------------------------------
max slew violation count 0

==========================================================================
finish max_fanout_violation_count
--------------------------------------------------------------------------
max fanout violation count 0

==========================================================================
finish max_cap_violation_count
--------------------------------------------------------------------------
max cap violation count 0

==========================================================================
finish setup_violation_count
--------------------------------------------------------------------------
setup violation count 103

==========================================================================
finish hold_violation_count
--------------------------------------------------------------------------
hold violation count 0

==========================================================================
finish report_checks -path_delay max reg to reg
--------------------------------------------------------------------------
Startpoint: round[0]$_DFFE_PN0P_
            (rising edge-triggered flip-flop clocked by core_clock)
Endpoint: digest[249]$_DFFE_PN0P_
          (rising edge-triggered flip-flop clocked by core_clock)
Path Group: core_clock
Path Type: max

  Delay    Time   Description
---------------------------------------------------------
   0.00    0.00   clock core_clock (rise edge)
   0.00    0.00   clock source latency
   0.00    0.00 ^ clk (in)
   0.23    0.23 ^ clkbuf_0_clk/X (sky130_fd_sc_hd__clkbuf_16)
   0.29    0.52 ^ clkbuf_2_0_0_clk/X (sky130_fd_sc_hd__clkbuf_16)
   0.24    0.77 ^ clkbuf_5_7__f_clk/X (sky130_fd_sc_hd__clkbuf_16)
   0.18    0.94 ^ clkbuf_leaf_82_clk/X (sky130_fd_sc_hd__clkbuf_16)
   0.00    0.94 ^ round[0]$_DFFE_PN0P_/CLK (sky130_fd_sc_hd__dfrtp_4)
   0.54    1.48 v round[0]$_DFFE_PN0P_/Q (sky130_fd_sc_hd__dfrtp_4)
   0.32    1.81 ^ _25477_/SUM (sky130_fd_sc_hd__ha_4)
   0.14    1.95 ^ rebuffer7657/X (sky130_fd_sc_hd__buf_12)
   0.16    2.11 ^ place5475/X (sky130_fd_sc_hd__buf_12)
   0.15    2.26 ^ place5474/X (sky130_fd_sc_hd__buf_12)
   0.53    2.79 v _16282_/X (sky130_fd_sc_hd__mux4_2)
   0.38    3.16 ^ _16284_/Y (sky130_fd_sc_hd__mux2i_4)
   0.17    3.34 ^ place5136/X (sky130_fd_sc_hd__buf_6)
   0.27    3.61 ^ _24933_/X (sky130_fd_sc_hd__mux4_2)
   0.08    3.69 v _24934_/Y (sky130_fd_sc_hd__mux2i_4)
   0.15    3.84 v rebuffer8059/X (sky130_fd_sc_hd__buf_12)
   0.14    3.97 v _25007_/Y (sky130_fd_sc_hd__xnor2_2)
   0.16    4.13 v _25008_/Y (sky130_fd_sc_hd__xnor2_1)
   0.57    4.70 ^ _25339_/SUM (sky130_fd_sc_hd__fa_1)
   0.47    5.17 v _25373_/SUM (sky130_fd_sc_hd__fa_2)
   0.18    5.35 v _25486_/COUT (sky130_fd_sc_hd__ha_4)
   0.35    5.70 v _25359_/COUT (sky130_fd_sc_hd__fa_2)
   0.18    5.88 v _13201_/X (sky130_fd_sc_hd__a21o_1)
   0.17    6.06 ^ _13202_/Y (sky130_fd_sc_hd__a21oi_2)
   0.16    6.22 v _13205_/Y (sky130_fd_sc_hd__o211ai_1)
   0.16    6.38 v rebuffer8060/X (sky130_fd_sc_hd__buf_4)
   0.19    6.57 v _14234_/X (sky130_fd_sc_hd__a31o_2)
   0.16    6.73 ^ _14235_/Y (sky130_fd_sc_hd__a21oi_2)
   0.10    6.83 v _14236_/Y (sky130_fd_sc_hd__xnor2_2)
   0.20    7.03 ^ _14237_/Y (sky130_fd_sc_hd__mux2i_4)
   0.12    7.14 v _14240_/Y (sky130_fd_sc_hd__inv_2)
   0.54    7.68 v _25307_/SUM (sky130_fd_sc_hd__fa_1)
   0.53    8.21 v _25279_/SUM (sky130_fd_sc_hd__fa_1)
   0.61    8.82 ^ _25250_/SUM (sky130_fd_sc_hd__fa_1)
   0.22    9.04 v _25528_/SUM (sky130_fd_sc_hd__ha_4)
   0.20    9.23 v _15324_/X (sky130_fd_sc_hd__and4_4)
   0.25    9.49 ^ _15328_/Y (sky130_fd_sc_hd__a221oi_2)
   0.11    9.60 v _15329_/Y (sky130_fd_sc_hd__o21ai_2)
   0.14    9.73 ^ _15330_/Y (sky130_fd_sc_hd__nor2_2)
   0.07    9.80 v _16533_/Y (sky130_fd_sc_hd__nor2b_1)
   0.17    9.97 v _16534_/X (sky130_fd_sc_hd__o21a_1)
   0.13   10.10 ^ _16535_/Y (sky130_fd_sc_hd__nor2_1)
   0.14   10.23 ^ _16536_/Y (sky130_fd_sc_hd__xnor2_1)
   0.23   10.47 ^ place4484/X (sky130_fd_sc_hd__buf_4)
   0.50   10.97 v _25210_/SUM (sky130_fd_sc_hd__fa_1)
   0.30   11.27 ^ _25406_/SUM (sky130_fd_sc_hd__ha_4)
   0.09   11.36 ^ place4429/X (sky130_fd_sc_hd__buf_6)
   0.12   11.48 v _17773_/Y (sky130_fd_sc_hd__nand4_1)
   0.17   11.65 v rebuffer8054/X (sky130_fd_sc_hd__buf_4)
   0.13   11.78 v rebuffer7733/X (sky130_fd_sc_hd__buf_4)
   0.11   11.88 v place4397/X (sky130_fd_sc_hd__buf_6)
   0.09   11.97 ^ _17908_/Y (sky130_fd_sc_hd__nor2_4)
   0.09   12.06 v _17909_/Y (sky130_fd_sc_hd__o21ai_4)
   0.35   12.41 ^ _17931_/Y (sky130_fd_sc_hd__a211oi_1)
   0.08   12.49 v _17935_/Y (sky130_fd_sc_hd__a211oi_4)
   0.22   12.71 ^ _17949_/Y (sky130_fd_sc_hd__nor3_4)
   0.20   12.90 ^ _17950_/X (sky130_fd_sc_hd__and2_4)
   0.17   13.07 ^ _18001_/X (sky130_fd_sc_hd__and2_4)
   0.11   13.19 ^ rebuffer7736/X (sky130_fd_sc_hd__buf_6)
   0.21   13.39 ^ _18009_/X (sky130_fd_sc_hd__xor2_4)
   0.12   13.52 ^ place4247/X (sky130_fd_sc_hd__buf_6)
   0.04   13.56 v _18011_/Y (sky130_fd_sc_hd__o21ai_1)
   0.00   13.56 v digest[249]$_DFFE_PN0P_/D (sky130_fd_sc_hd__dfrtp_1)
          13.56   data arrival time

  10.00   10.00   clock core_clock (rise edge)
   0.00   10.00   clock source latency
   0.00   10.00 ^ clk (in)
   0.23   10.23 ^ clkbuf_0_clk/X (sky130_fd_sc_hd__clkbuf_16)
   0.29   10.53 ^ clkbuf_2_1_0_clk/X (sky130_fd_sc_hd__clkbuf_16)
   0.27   10.80 ^ clkbuf_5_9__f_clk/X (sky130_fd_sc_hd__clkbuf_16)
   0.18   10.98 ^ clkbuf_leaf_34_clk/X (sky130_fd_sc_hd__clkbuf_16)
   0.00   10.98 ^ digest[249]$_DFFE_PN0P_/CLK (sky130_fd_sc_hd__dfrtp_1)
   0.00   10.98   clock reconvergence pessimism
  -0.15   10.83   library setup time
          10.83   data required time
---------------------------------------------------------
          10.83   data required time
         -13.56   data arrival time
---------------------------------------------------------
          -2.73   slack (VIOLATED)



==========================================================================
finish report_checks -path_delay min reg to reg
--------------------------------------------------------------------------
Startpoint: digest[141]$_DFFE_PN0P_
            (rising edge-triggered flip-flop clocked by core_clock)
Endpoint: digest[141]$_DFFE_PN0P_
          (rising edge-triggered flip-flop clocked by core_clock)
Path Group: core_clock
Path Type: min

  Delay    Time   Description
---------------------------------------------------------
   0.00    0.00   clock core_clock (rise edge)
   0.00    0.00   clock source latency
   0.00    0.00 ^ clk (in)
   0.23    0.23 ^ clkbuf_0_clk/X (sky130_fd_sc_hd__clkbuf_16)
   0.29    0.53 ^ clkbuf_2_1_0_clk/X (sky130_fd_sc_hd__clkbuf_16)
   0.28    0.81 ^ clkbuf_5_10__f_clk/X (sky130_fd_sc_hd__clkbuf_16)
   0.19    0.99 ^ clkbuf_leaf_46_clk/X (sky130_fd_sc_hd__clkbuf_16)
   0.00    0.99 ^ digest[141]$_DFFE_PN0P_/CLK (sky130_fd_sc_hd__dfrtp_1)
   0.34    1.33 ^ digest[141]$_DFFE_PN0P_/Q (sky130_fd_sc_hd__dfrtp_1)
   0.05    1.38 v _18507_/Y (sky130_fd_sc_hd__nand2_1)
   0.05    1.43 ^ _18511_/Y (sky130_fd_sc_hd__nand2_1)
   0.00    1.43 ^ digest[141]$_DFFE_PN0P_/D (sky130_fd_sc_hd__dfrtp_1)
           1.43   data arrival time

   0.00    0.00   clock core_clock (rise edge)
   0.00    0.00   clock source latency
   0.00    0.00 ^ clk (in)
   0.23    0.23 ^ clkbuf_0_clk/X (sky130_fd_sc_hd__clkbuf_16)
   0.29    0.53 ^ clkbuf_2_1_0_clk/X (sky130_fd_sc_hd__clkbuf_16)
   0.28    0.81 ^ clkbuf_5_10__f_clk/X (sky130_fd_sc_hd__clkbuf_16)
   0.19    0.99 ^ clkbuf_leaf_46_clk/X (sky130_fd_sc_hd__clkbuf_16)
   0.00    0.99 ^ digest[141]$_DFFE_PN0P_/CLK (sky130_fd_sc_hd__dfrtp_1)
   0.00    0.99   clock reconvergence pessimism
  -0.03    0.96   library hold time
           0.96   data required time
---------------------------------------------------------
           0.96   data required time
          -1.43   data arrival time
---------------------------------------------------------
           0.47   slack (MET)



==========================================================================
finish critical path target clock latency max path
--------------------------------------------------------------------------
0.9338

==========================================================================
finish critical path target clock latency min path
--------------------------------------------------------------------------
1.0039

==========================================================================
finish critical path source clock latency min path
--------------------------------------------------------------------------
0.0000

==========================================================================
finish critical path delay
--------------------------------------------------------------------------
13.5620

==========================================================================
finish critical path slack
--------------------------------------------------------------------------
-2.7285

==========================================================================
finish slack div critical path delay
--------------------------------------------------------------------------
-20.118714

==========================================================================
finish report_power
--------------------------------------------------------------------------
Group                  Internal  Switching    Leakage      Total
                          Power      Power      Power      Power (Watts)
----------------------------------------------------------------
Sequential             1.55e-02   3.54e-03   3.40e-08   1.90e-02   2.7%
Combinational          3.31e-01   3.54e-01   5.61e-08   6.85e-01  95.7%
Clock                  6.69e-03   4.98e-03   4.97e-09   1.17e-02   1.6%
Macro                  0.00e+00   0.00e+00   0.00e+00   0.00e+00   0.0%
Pad                    0.00e+00   0.00e+00   0.00e+00   0.00e+00   0.0%
----------------------------------------------------------------
Total                  3.53e-01   3.62e-01   9.51e-08   7.16e-01 100.0%
                          49.4%      50.6%       0.0%
