
==========================================================================
global route report_tns
--------------------------------------------------------------------------
tns max -20.82

==========================================================================
global route report_wns
--------------------------------------------------------------------------
wns max -0.82

==========================================================================
global route report_worst_slack
--------------------------------------------------------------------------
worst slack max -0.82

==========================================================================
global route report_clock_min_period
--------------------------------------------------------------------------
core_clock period_min = 13.32 fmax = 75.08
vclk period_min = 0.00 fmax = inf

==========================================================================
global route report_clock_skew
--------------------------------------------------------------------------
Clock core_clock
   0.98 source latency W[1943]$_DFFE_PN0P_/CLK ^
  -0.92 target latency digest[107]$_DFFE_PN0P_/CLK ^
   0.00 CRPR
--------------
   0.05 setup skew

Clock vclk
No launch/capture paths found.


==========================================================================
global route report_checks -path_delay min
--------------------------------------------------------------------------
Startpoint: rst_n (input port clocked by vclk)
Endpoint: W[590]$_DFFE_PN0P_
          (removal check against rising-edge clock core_clock)
Path Group: asynchronous
Path Type: min

Fanout     Cap    Slew   Delay    Time   Description
-----------------------------------------------------------------------------
                  0.00    0.00    0.00   clock vclk (rise edge)
                          0.00    0.00   clock network delay (ideal)
                          2.50    2.50 ^ input external delay
     1    0.02    0.00    0.00    2.50 ^ rst_n (in)
                                         rst_n (net)
                  0.00    0.00    2.50 ^ input514/A (sky130_fd_sc_hd__buf_16)
   122    0.83    0.84    0.55    3.05 ^ input514/X (sky130_fd_sc_hd__buf_16)
                                         net513 (net)
                  0.85    0.03    3.08 ^ W[590]$_DFFE_PN0P_/RESET_B (sky130_fd_sc_hd__dfrtp_1)
                                  3.08   data arrival time

                          0.00    0.00   clock core_clock (rise edge)
                          0.00    0.00   clock source latency
     1    0.09    0.00    0.00    0.00 ^ clk (in)
                                         clk (net)
                  0.01    0.00    0.00 ^ clkbuf_0_clk/A (sky130_fd_sc_hd__clkbuf_16)
     4    0.17    0.18    0.22    0.22 ^ clkbuf_0_clk/X (sky130_fd_sc_hd__clkbuf_16)
                                         clknet_0_clk (net)
                  0.18    0.01    0.23 ^ clkbuf_2_2_0_clk/A (sky130_fd_sc_hd__clkbuf_16)
     8    0.17    0.18    0.28    0.51 ^ clkbuf_2_2_0_clk/X (sky130_fd_sc_hd__clkbuf_16)
                                         clknet_2_2_0_clk (net)
                  0.18    0.01    0.51 ^ clkbuf_5_21__f_clk/A (sky130_fd_sc_hd__clkbuf_16)
    10    0.13    0.15    0.26    0.77 ^ clkbuf_5_21__f_clk/X (sky130_fd_sc_hd__clkbuf_16)
                                         clknet_5_21__leaf_clk (net)
                  0.15    0.00    0.77 ^ clkbuf_leaf_197_clk/A (sky130_fd_sc_hd__clkbuf_16)
    10    0.04    0.06    0.18    0.95 ^ clkbuf_leaf_197_clk/X (sky130_fd_sc_hd__clkbuf_16)
                                         clknet_leaf_197_clk (net)
                  0.06    0.00    0.95 ^ W[590]$_DFFE_PN0P_/CLK (sky130_fd_sc_hd__dfrtp_1)
                          0.00    0.95   clock reconvergence pessimism
                          0.54    1.49   library removal time
                                  1.49   data required time
-----------------------------------------------------------------------------
                                  1.49   data required time
                                 -3.08   data arrival time
-----------------------------------------------------------------------------
                                  1.59   slack (MET)


Startpoint: digest[19]$_DFFE_PN0P_
            (rising edge-triggered flip-flop clocked by core_clock)
Endpoint: digest[19]$_DFFE_PN0P_
          (rising edge-triggered flip-flop clocked by core_clock)
Path Group: core_clock
Path Type: min

Fanout     Cap    Slew   Delay    Time   Description
-----------------------------------------------------------------------------
                          0.00    0.00   clock core_clock (rise edge)
                          0.00    0.00   clock source latency
     1    0.09    0.00    0.00    0.00 ^ clk (in)
                                         clk (net)
                  0.01    0.00    0.00 ^ clkbuf_0_clk/A (sky130_fd_sc_hd__clkbuf_16)
     4    0.17    0.18    0.22    0.22 ^ clkbuf_0_clk/X (sky130_fd_sc_hd__clkbuf_16)
                                         clknet_0_clk (net)
                  0.18    0.01    0.23 ^ clkbuf_2_3_0_clk/A (sky130_fd_sc_hd__clkbuf_16)
     8    0.17    0.18    0.28    0.51 ^ clkbuf_2_3_0_clk/X (sky130_fd_sc_hd__clkbuf_16)
                                         clknet_2_3_0_clk (net)
                  0.18    0.01    0.51 ^ clkbuf_5_31__f_clk/A (sky130_fd_sc_hd__clkbuf_16)
    11    0.15    0.16    0.26    0.78 ^ clkbuf_5_31__f_clk/X (sky130_fd_sc_hd__clkbuf_16)
                                         clknet_5_31__leaf_clk (net)
                  0.16    0.00    0.78 ^ clkbuf_leaf_135_clk/A (sky130_fd_sc_hd__clkbuf_16)
    12    0.04    0.06    0.18    0.96 ^ clkbuf_leaf_135_clk/X (sky130_fd_sc_hd__clkbuf_16)
                                         clknet_leaf_135_clk (net)
                  0.06    0.00    0.96 ^ digest[19]$_DFFE_PN0P_/CLK (sky130_fd_sc_hd__dfrtp_1)
     2    0.01    0.07    0.35    1.31 ^ digest[19]$_DFFE_PN0P_/Q (sky130_fd_sc_hd__dfrtp_1)
                                         net625 (net)
                  0.07    0.00    1.31 ^ _19227_/A (sky130_fd_sc_hd__nand2_1)
     1    0.00    0.04    0.06    1.37 v _19227_/Y (sky130_fd_sc_hd__nand2_1)
                                         _05340_ (net)
                  0.04    0.00    1.37 v _19228_/B1 (sky130_fd_sc_hd__o21ai_0)
     1    0.00    0.06    0.06    1.43 ^ _19228_/Y (sky130_fd_sc_hd__o21ai_0)
                                         _01003_ (net)
                  0.06    0.00    1.43 ^ digest[19]$_DFFE_PN0P_/D (sky130_fd_sc_hd__dfrtp_1)
                                  1.43   data arrival time

                          0.00    0.00   clock core_clock (rise edge)
                          0.00    0.00   clock source latency
     1    0.09    0.00    0.00    0.00 ^ clk (in)
                                         clk (net)
                  0.01    0.00    0.00 ^ clkbuf_0_clk/A (sky130_fd_sc_hd__clkbuf_16)
     4    0.17    0.18    0.22    0.22 ^ clkbuf_0_clk/X (sky130_fd_sc_hd__clkbuf_16)
                                         clknet_0_clk (net)
                  0.18    0.01    0.23 ^ clkbuf_2_3_0_clk/A (sky130_fd_sc_hd__clkbuf_16)
     8    0.17    0.18    0.28    0.51 ^ clkbuf_2_3_0_clk/X (sky130_fd_sc_hd__clkbuf_16)
                                         clknet_2_3_0_clk (net)
                  0.18    0.01    0.51 ^ clkbuf_5_31__f_clk/A (sky130_fd_sc_hd__clkbuf_16)
    11    0.15    0.16    0.26    0.78 ^ clkbuf_5_31__f_clk/X (sky130_fd_sc_hd__clkbuf_16)
                                         clknet_5_31__leaf_clk (net)
                  0.16    0.00    0.78 ^ clkbuf_leaf_135_clk/A (sky130_fd_sc_hd__clkbuf_16)
    12    0.04    0.06    0.18    0.96 ^ clkbuf_leaf_135_clk/X (sky130_fd_sc_hd__clkbuf_16)
                                         clknet_leaf_135_clk (net)
                  0.06    0.00    0.96 ^ digest[19]$_DFFE_PN0P_/CLK (sky130_fd_sc_hd__dfrtp_1)
                          0.00    0.96   clock reconvergence pessimism
                         -0.04    0.93   library hold time
                                  0.93   data required time
-----------------------------------------------------------------------------
                                  0.93   data required time
                                 -1.43   data arrival time
-----------------------------------------------------------------------------
                                  0.50   slack (MET)


Startpoint: digest[101]$_DFFE_PN0P_
            (rising edge-triggered flip-flop clocked by core_clock)
Endpoint: digest[101] (output port clocked by vclk)
Path Group: vclk
Path Type: min

Fanout     Cap    Slew   Delay    Time   Description
-----------------------------------------------------------------------------
                          0.00    0.00   clock core_clock (rise edge)
                          0.00    0.00   clock source latency
     1    0.09    0.00    0.00    0.00 ^ clk (in)
                                         clk (net)
                  0.01    0.00    0.00 ^ clkbuf_0_clk/A (sky130_fd_sc_hd__clkbuf_16)
     4    0.17    0.18    0.22    0.22 ^ clkbuf_0_clk/X (sky130_fd_sc_hd__clkbuf_16)
                                         clknet_0_clk (net)
                  0.18    0.01    0.23 ^ clkbuf_2_3_0_clk/A (sky130_fd_sc_hd__clkbuf_16)
     8    0.17    0.18    0.28    0.51 ^ clkbuf_2_3_0_clk/X (sky130_fd_sc_hd__clkbuf_16)
                                         clknet_2_3_0_clk (net)
                  0.18    0.01    0.51 ^ clkbuf_5_27__f_clk/A (sky130_fd_sc_hd__clkbuf_16)
     6    0.11    0.12    0.24    0.75 ^ clkbuf_5_27__f_clk/X (sky130_fd_sc_hd__clkbuf_16)
                                         clknet_5_27__leaf_clk (net)
                  0.12    0.00    0.75 ^ clkbuf_leaf_117_clk/A (sky130_fd_sc_hd__clkbuf_16)
    10    0.04    0.06    0.17    0.92 ^ clkbuf_leaf_117_clk/X (sky130_fd_sc_hd__clkbuf_16)
                                         clknet_leaf_117_clk (net)
                  0.06    0.00    0.92 ^ digest[101]$_DFFE_PN0P_/CLK (sky130_fd_sc_hd__dfrtp_1)
     2    0.01    0.05    0.38    1.30 v digest[101]$_DFFE_PN0P_/Q (sky130_fd_sc_hd__dfrtp_1)
                                         net517 (net)
                  0.05    0.00    1.30 v output518/A (sky130_fd_sc_hd__clkdlybuf4s50_1)
     1    0.00    0.05    0.42    1.72 v output518/X (sky130_fd_sc_hd__clkdlybuf4s50_1)
                                         digest[101] (net)
                  0.05    0.00    1.72 v digest[101] (out)
                                  1.72   data arrival time

                  0.00    0.00    0.00   clock vclk (rise edge)
                          0.00    0.00   clock network delay (ideal)
                          0.00    0.00   clock reconvergence pessimism
                         -2.50   -2.50   output external delay
                                 -2.50   data required time
-----------------------------------------------------------------------------
                                 -2.50   data required time
                                 -1.72   data arrival time
-----------------------------------------------------------------------------
                                  4.22   slack (MET)



==========================================================================
global route report_checks -path_delay max
--------------------------------------------------------------------------
Startpoint: rst_n (input port clocked by vclk)
Endpoint: digest[208]$_DFFE_PN0P_
          (recovery check against rising-edge clock core_clock)
Path Group: asynchronous
Path Type: max

Fanout     Cap    Slew   Delay    Time   Description
-----------------------------------------------------------------------------
                  0.00    0.00    0.00   clock vclk (rise edge)
                          0.00    0.00   clock network delay (ideal)
                          2.50    2.50 ^ input external delay
     1    0.02    0.00    0.00    2.50 ^ rst_n (in)
                                         rst_n (net)
                  0.00    0.00    2.50 ^ input514/A (sky130_fd_sc_hd__buf_16)
   122    0.83    0.84    0.55    3.05 ^ input514/X (sky130_fd_sc_hd__buf_16)
                                         net513 (net)
                  0.88    0.14    3.19 ^ place3997/A (sky130_fd_sc_hd__buf_12)
    70    0.45    0.51    0.50    3.69 ^ place3997/X (sky130_fd_sc_hd__buf_12)
                                         net3996 (net)
                  0.52    0.06    3.75 ^ place3993/A (sky130_fd_sc_hd__buf_12)
   153    0.91    1.00    0.71    4.46 ^ place3993/X (sky130_fd_sc_hd__buf_12)
                                         net3992 (net)
                  1.14    0.29    4.75 ^ place3992/A (sky130_fd_sc_hd__buf_4)
    52    0.30    0.81    0.81    5.56 ^ place3992/X (sky130_fd_sc_hd__buf_4)
                                         net3991 (net)
                  0.81    0.02    5.58 ^ digest[208]$_DFFE_PN0P_/RESET_B (sky130_fd_sc_hd__dfrtp_1)
                                  5.58   data arrival time

                         12.50   12.50   clock core_clock (rise edge)
                          0.00   12.50   clock source latency
     1    0.09    0.00    0.00   12.50 ^ clk (in)
                                         clk (net)
                  0.01    0.00   12.50 ^ clkbuf_0_clk/A (sky130_fd_sc_hd__clkbuf_16)
     4    0.17    0.18    0.22   12.72 ^ clkbuf_0_clk/X (sky130_fd_sc_hd__clkbuf_16)
                                         clknet_0_clk (net)
                  0.18    0.01   12.73 ^ clkbuf_2_1_0_clk/A (sky130_fd_sc_hd__clkbuf_16)
     8    0.18    0.20    0.29   13.02 ^ clkbuf_2_1_0_clk/X (sky130_fd_sc_hd__clkbuf_16)
                                         clknet_2_1_0_clk (net)
                  0.20    0.01   13.02 ^ clkbuf_5_10__f_clk/A (sky130_fd_sc_hd__clkbuf_16)
    10    0.14    0.15    0.26   13.29 ^ clkbuf_5_10__f_clk/X (sky130_fd_sc_hd__clkbuf_16)
                                         clknet_5_10__leaf_clk (net)
                  0.15    0.00   13.29 ^ clkbuf_leaf_67_clk/A (sky130_fd_sc_hd__clkbuf_16)
     9    0.04    0.06    0.18   13.47 ^ clkbuf_leaf_67_clk/X (sky130_fd_sc_hd__clkbuf_16)
                                         clknet_leaf_67_clk (net)
                  0.06    0.00   13.47 ^ digest[208]$_DFFE_PN0P_/CLK (sky130_fd_sc_hd__dfrtp_1)
                          0.00   13.47   clock reconvergence pessimism
                          0.03   13.50   library recovery time
                                 13.50   data required time
-----------------------------------------------------------------------------
                                 13.50   data required time
                                 -5.58   data arrival time
-----------------------------------------------------------------------------
                                  7.92   slack (MET)


Startpoint: round[0]$_DFFE_PN0P_
            (rising edge-triggered flip-flop clocked by core_clock)
Endpoint: digest[255]$_DFFE_PN0P_
          (rising edge-triggered flip-flop clocked by core_clock)
Path Group: core_clock
Path Type: max

Fanout     Cap    Slew   Delay    Time   Description
-----------------------------------------------------------------------------
                          0.00    0.00   clock core_clock (rise edge)
                          0.00    0.00   clock source latency
     1    0.09    0.00    0.00    0.00 ^ clk (in)
                                         clk (net)
                  0.01    0.00    0.00 ^ clkbuf_0_clk/A (sky130_fd_sc_hd__clkbuf_16)
     4    0.17    0.18    0.22    0.22 ^ clkbuf_0_clk/X (sky130_fd_sc_hd__clkbuf_16)
                                         clknet_0_clk (net)
                  0.18    0.01    0.23 ^ clkbuf_2_3_0_clk/A (sky130_fd_sc_hd__clkbuf_16)
     8    0.17    0.18    0.28    0.51 ^ clkbuf_2_3_0_clk/X (sky130_fd_sc_hd__clkbuf_16)
                                         clknet_2_3_0_clk (net)
                  0.18    0.00    0.51 ^ clkbuf_5_24__f_clk/A (sky130_fd_sc_hd__clkbuf_16)
     7    0.13    0.15    0.25    0.77 ^ clkbuf_5_24__f_clk/X (sky130_fd_sc_hd__clkbuf_16)
                                         clknet_5_24__leaf_clk (net)
                  0.15    0.00    0.77 ^ clkbuf_leaf_161_clk/A (sky130_fd_sc_hd__clkbuf_16)
     9    0.04    0.06    0.18    0.95 ^ clkbuf_leaf_161_clk/X (sky130_fd_sc_hd__clkbuf_16)
                                         clknet_leaf_161_clk (net)
                  0.06    0.00    0.95 ^ round[0]$_DFFE_PN0P_/CLK (sky130_fd_sc_hd__dfrtp_4)
     6    0.09    0.16    0.59    1.55 v round[0]$_DFFE_PN0P_/Q (sky130_fd_sc_hd__dfrtp_4)
                                         round[0] (net)
                  0.16    0.00    1.55 v place3720/A (sky130_fd_sc_hd__buf_4)
     2    0.01    0.03    0.18    1.73 v place3720/X (sky130_fd_sc_hd__buf_4)
                                         net3719 (net)
                  0.03    0.00    1.73 v _25478_/A (sky130_fd_sc_hd__ha_1)
     3    0.03    0.14    0.28    2.02 v _25478_/COUT (sky130_fd_sc_hd__ha_1)
                                         _00527_ (net)
                  0.14    0.00    2.02 v _15440_/B (sky130_fd_sc_hd__xor2_4)
     3    0.03    0.28    0.30    2.31 ^ _15440_/X (sky130_fd_sc_hd__xor2_4)
                                         _11446_ (net)
                  0.28    0.00    2.32 ^ place3534/A (sky130_fd_sc_hd__buf_6)
     7    0.10    0.21    0.27    2.58 ^ place3534/X (sky130_fd_sc_hd__buf_6)
                                         net3533 (net)
                  0.21    0.02    2.60 ^ place3532/A (sky130_fd_sc_hd__buf_16)
    30    0.27    0.29    0.29    2.90 ^ place3532/X (sky130_fd_sc_hd__buf_16)
                                         net3531 (net)
                  0.29    0.03    2.92 ^ _15956_/S (sky130_fd_sc_hd__mux2i_1)
     2    0.01    0.12    0.18    3.10 v _15956_/Y (sky130_fd_sc_hd__mux2i_1)
                                         _11950_ (net)
                  0.12    0.00    3.10 v _24955_/A0 (sky130_fd_sc_hd__mux4_2)
     1    0.04    0.18    0.62    3.72 v _24955_/X (sky130_fd_sc_hd__mux4_2)
                                         _08906_ (net)
                  0.18    0.00    3.73 v _24957_/A0 (sky130_fd_sc_hd__mux2i_1)
     2    0.02    0.38    0.37    4.09 ^ _24957_/Y (sky130_fd_sc_hd__mux2i_1)
                                         _08908_ (net)
                  0.38    0.00    4.09 ^ _25003_/B (sky130_fd_sc_hd__xnor2_1)
     1    0.01    0.10    0.15    4.25 v _25003_/Y (sky130_fd_sc_hd__xnor2_1)
                                         _08939_ (net)
                  0.10    0.00    4.25 v _25004_/A (sky130_fd_sc_hd__xnor2_1)
     1    0.01    0.30    0.31    4.55 ^ _25004_/Y (sky130_fd_sc_hd__xnor2_1)
                                         _00260_ (net)
                  0.30    0.00    4.56 ^ _25337_/A (sky130_fd_sc_hd__fa_1)
     1    0.01    0.12    0.50    5.05 v _25337_/SUM (sky130_fd_sc_hd__fa_1)
                                         _12827_ (net)
                  0.12    0.00    5.05 v _25375_/B (sky130_fd_sc_hd__fa_1)
     1    0.01    0.11    0.53    5.58 v _25375_/SUM (sky130_fd_sc_hd__fa_1)
                                         _12904_ (net)
                  0.11    0.00    5.58 v _25419_/B (sky130_fd_sc_hd__ha_4)
     3    0.02    0.07    0.32    5.90 ^ _25419_/SUM (sky130_fd_sc_hd__ha_4)
                                         _00421_ (net)
                  0.07    0.00    5.90 ^ _13201_/A2 (sky130_fd_sc_hd__a21o_1)
     1    0.01    0.10    0.16    6.05 ^ _13201_/X (sky130_fd_sc_hd__a21o_1)
                                         _09316_ (net)
                  0.10    0.00    6.05 ^ _13202_/A2 (sky130_fd_sc_hd__a21oi_2)
     2    0.01    0.05    0.07    6.13 v _13202_/Y (sky130_fd_sc_hd__a21oi_2)
                                         _09317_ (net)
                  0.05    0.00    6.13 v _13205_/A2 (sky130_fd_sc_hd__o211ai_1)
     2    0.01    0.26    0.24    6.37 ^ _13205_/Y (sky130_fd_sc_hd__o211ai_1)
                                         _09320_ (net)
                  0.26    0.00    6.37 ^ _13209_/A (sky130_fd_sc_hd__nand2_1)
     2    0.01    0.13    0.16    6.53 v _13209_/Y (sky130_fd_sc_hd__nand2_1)
                                         _09324_ (net)
                  0.13    0.00    6.53 v rebuffer4119/A (sky130_fd_sc_hd__buf_4)
     1    0.01    0.03    0.17    6.70 v rebuffer4119/X (sky130_fd_sc_hd__buf_4)
                                         net4118 (net)
                  0.03    0.00    6.70 v place2942/A (sky130_fd_sc_hd__buf_6)
     2    0.01    0.02    0.11    6.81 v place2942/X (sky130_fd_sc_hd__buf_6)
                                         net2941 (net)
                  0.02    0.00    6.81 v _13840_/A2 (sky130_fd_sc_hd__o21a_1)
     1    0.01    0.05    0.17    6.98 v _13840_/X (sky130_fd_sc_hd__o21a_1)
                                         _09945_ (net)
                  0.05    0.00    6.98 v _13841_/A2 (sky130_fd_sc_hd__o21ai_2)
     1    0.01    0.13    0.13    7.12 ^ _13841_/Y (sky130_fd_sc_hd__o21ai_2)
                                         _09946_ (net)
                  0.13    0.00    7.12 ^ _13842_/A2 (sky130_fd_sc_hd__a21oi_2)
     2    0.01    0.06    0.09    7.21 v _13842_/Y (sky130_fd_sc_hd__a21oi_2)
                                         _09947_ (net)
                  0.06    0.00    7.21 v _13843_/A1 (sky130_fd_sc_hd__o21bai_1)
     1    0.01    0.20    0.21    7.42 ^ _13843_/Y (sky130_fd_sc_hd__o21bai_1)
                                         _09948_ (net)
                  0.20    0.00    7.42 ^ _13844_/A2 (sky130_fd_sc_hd__a21oi_2)
     2    0.01    0.07    0.10    7.52 v _13844_/Y (sky130_fd_sc_hd__a21oi_2)
                                         _09949_ (net)
                  0.07    0.00    7.52 v _13948_/A (sky130_fd_sc_hd__xnor2_1)
     1    0.00    0.15    0.18    7.70 ^ _13948_/Y (sky130_fd_sc_hd__xnor2_1)
                                         _10051_ (net)
                  0.15    0.00    7.70 ^ _13949_/B (sky130_fd_sc_hd__nand2_1)
     1    0.01    0.24    0.12    7.82 v _13949_/Y (sky130_fd_sc_hd__nand2_1)
                                         _10052_ (net)
                  0.24    0.00    7.82 v _13950_/B1 (sky130_fd_sc_hd__o21ai_4)
     2    0.02    0.23    0.18    8.00 ^ _13950_/Y (sky130_fd_sc_hd__o21ai_4)
                                         _10053_ (net)
                  0.23    0.00    8.00 ^ _13953_/A (sky130_fd_sc_hd__inv_2)
     1    0.01    0.06    0.07    8.07 v _13953_/Y (sky130_fd_sc_hd__inv_2)
                                         _00060_ (net)
                  0.06    0.00    8.07 v _25219_/A (sky130_fd_sc_hd__fa_1)
     1    0.01    0.11    0.58    8.65 ^ _25219_/SUM (sky130_fd_sc_hd__fa_1)
                                         _12597_ (net)
                  0.11    0.00    8.65 ^ _25217_/B (sky130_fd_sc_hd__fa_1)
     1    0.01    0.11    0.47    9.12 v _25217_/SUM (sky130_fd_sc_hd__fa_1)
                                         _12589_ (net)
                  0.11    0.00    9.12 v _25215_/B (sky130_fd_sc_hd__fa_1)
     1    0.01    0.13    0.59    9.70 ^ _25215_/SUM (sky130_fd_sc_hd__fa_1)
                                         _12592_ (net)
                  0.13    0.00    9.70 ^ _25452_/A (sky130_fd_sc_hd__ha_4)
     2    0.01    0.04    0.22    9.93 v _25452_/SUM (sky130_fd_sc_hd__ha_4)
                                         _00476_ (net)
                  0.04    0.00    9.93 v place2795/A (sky130_fd_sc_hd__buf_6)
     3    0.01    0.02    0.11   10.04 v place2795/X (sky130_fd_sc_hd__buf_6)
                                         net2794 (net)
                  0.02    0.00   10.04 v _16490_/A1 (sky130_fd_sc_hd__a21o_1)
     1    0.00    0.03    0.14   10.18 v _16490_/X (sky130_fd_sc_hd__a21o_1)
                                         _12459_ (net)
                  0.03    0.00   10.18 v _16491_/A1 (sky130_fd_sc_hd__a21oi_1)
     1    0.00    0.11    0.12   10.30 ^ _16491_/Y (sky130_fd_sc_hd__a21oi_1)
                                         _12460_ (net)
                  0.11    0.00   10.30 ^ _16492_/B1 (sky130_fd_sc_hd__o21ai_1)
     2    0.01    0.11    0.12   10.42 v _16492_/Y (sky130_fd_sc_hd__o21ai_1)
                                         _12461_ (net)
                  0.11    0.00   10.42 v _16493_/A1 (sky130_fd_sc_hd__a21oi_1)
     1    0.01    0.17    0.20   10.62 ^ _16493_/Y (sky130_fd_sc_hd__a21oi_1)
                                         _12462_ (net)
                  0.17    0.00   10.62 ^ _16494_/B1 (sky130_fd_sc_hd__o31a_1)
     2    0.02    0.18    0.26   10.88 ^ _16494_/X (sky130_fd_sc_hd__o31a_1)
                                         _12463_ (net)
                  0.18    0.00   10.88 ^ _16497_/A1 (sky130_fd_sc_hd__o21ai_2)
     2    0.01    0.08    0.11   10.99 v _16497_/Y (sky130_fd_sc_hd__o21ai_2)
                                         _12466_ (net)
                  0.08    0.00   10.99 v _16498_/A2 (sky130_fd_sc_hd__o21ai_2)
     2    0.01    0.13    0.15   11.14 ^ _16498_/Y (sky130_fd_sc_hd__o21ai_2)
                                         _12467_ (net)
                  0.13    0.00   11.14 ^ _16513_/B (sky130_fd_sc_hd__nand2_1)
     1    0.01    0.06    0.09   11.23 v _16513_/Y (sky130_fd_sc_hd__nand2_1)
                                         _12478_ (net)
                  0.06    0.00   11.23 v _16514_/A2 (sky130_fd_sc_hd__a21oi_2)
     1    0.01    0.16    0.19   11.43 ^ _16514_/Y (sky130_fd_sc_hd__a21oi_2)
                                         _12479_ (net)
                  0.16    0.00   11.43 ^ _16515_/B (sky130_fd_sc_hd__xnor2_2)
     1    0.01    0.14    0.14   11.56 ^ _16515_/Y (sky130_fd_sc_hd__xnor2_2)
                                         _00071_ (net)
                  0.14    0.00   11.56 ^ rebuffer4186/A (sky130_fd_sc_hd__buf_6)
     2    0.03    0.06    0.14   11.71 ^ rebuffer4186/X (sky130_fd_sc_hd__buf_6)
                                         net4185 (net)
                  0.06    0.00   11.71 ^ _25224_/B (sky130_fd_sc_hd__fa_1)
     1    0.01    0.12    0.47   12.18 v _25224_/SUM (sky130_fd_sc_hd__fa_1)
                                         _12608_ (net)
                  0.12    0.00   12.18 v _25412_/B (sky130_fd_sc_hd__ha_4)
     3    0.01    0.04    0.20   12.37 v _25412_/COUT (sky130_fd_sc_hd__ha_4)
                                         _00406_ (net)
                  0.04    0.00   12.37 v _17960_/A (sky130_fd_sc_hd__or4_4)
     2    0.01    0.10    0.56   12.93 v _17960_/X (sky130_fd_sc_hd__or4_4)
                                         _04308_ (net)
                  0.10    0.00   12.93 v _17966_/A2 (sky130_fd_sc_hd__o21ai_4)
     3    0.02    0.17    0.19   13.12 ^ _17966_/Y (sky130_fd_sc_hd__o21ai_4)
                                         _04314_ (net)
                  0.17    0.00   13.12 ^ _17967_/B (sky130_fd_sc_hd__nor2_1)
     1    0.00    0.04    0.06   13.18 v _17967_/Y (sky130_fd_sc_hd__nor2_1)
                                         _04315_ (net)
                  0.04    0.00   13.18 v _17968_/A2 (sky130_fd_sc_hd__o21ai_1)
     1    0.01    0.16    0.16   13.34 ^ _17968_/Y (sky130_fd_sc_hd__o21ai_1)
                                         _04316_ (net)
                  0.16    0.00   13.34 ^ _17969_/B (sky130_fd_sc_hd__nand2b_1)
     2    0.01    0.10    0.13   13.47 v _17969_/Y (sky130_fd_sc_hd__nand2b_1)
                                         _04317_ (net)
                  0.10    0.00   13.47 v _17970_/B (sky130_fd_sc_hd__xor2_1)
     2    0.01    0.11    0.20   13.67 v _17970_/X (sky130_fd_sc_hd__xor2_1)
                                         _04318_ (net)
                  0.11    0.00   13.67 v _25050_/A (sky130_fd_sc_hd__nor3_2)
     1    0.01    0.17    0.22   13.89 ^ _25050_/Y (sky130_fd_sc_hd__nor3_2)
                                         _08972_ (net)
                  0.17    0.00   13.89 ^ _25051_/B (sky130_fd_sc_hd__xnor2_1)
     1    0.01    0.17    0.16   14.05 ^ _25051_/Y (sky130_fd_sc_hd__xnor2_1)
                                         _08973_ (net)
                  0.17    0.00   14.05 ^ _25053_/A2 (sky130_fd_sc_hd__o21ai_1)
     1    0.00    0.10    0.08   14.13 v _25053_/Y (sky130_fd_sc_hd__o21ai_1)
                                         _03136_ (net)
                  0.10    0.00   14.13 v digest[255]$_DFFE_PN0P_/D (sky130_fd_sc_hd__dfrtp_1)
                                 14.13   data arrival time

                         12.50   12.50   clock core_clock (rise edge)
                          0.00   12.50   clock source latency
     1    0.09    0.00    0.00   12.50 ^ clk (in)
                                         clk (net)
                  0.01    0.00   12.50 ^ clkbuf_0_clk/A (sky130_fd_sc_hd__clkbuf_16)
     4    0.17    0.18    0.22   12.72 ^ clkbuf_0_clk/X (sky130_fd_sc_hd__clkbuf_16)
                                         clknet_0_clk (net)
                  0.18    0.01   12.73 ^ clkbuf_2_3_0_clk/A (sky130_fd_sc_hd__clkbuf_16)
     8    0.17    0.18    0.28   13.01 ^ clkbuf_2_3_0_clk/X (sky130_fd_sc_hd__clkbuf_16)
                                         clknet_2_3_0_clk (net)
                  0.18    0.01   13.01 ^ clkbuf_5_26__f_clk/A (sky130_fd_sc_hd__clkbuf_16)
     8    0.13    0.15    0.25   13.27 ^ clkbuf_5_26__f_clk/X (sky130_fd_sc_hd__clkbuf_16)
                                         clknet_5_26__leaf_clk (net)
                  0.15    0.00   13.27 ^ clkbuf_leaf_112_clk/A (sky130_fd_sc_hd__clkbuf_16)
    11    0.04    0.06    0.18   13.45 ^ clkbuf_leaf_112_clk/X (sky130_fd_sc_hd__clkbuf_16)
                                         clknet_leaf_112_clk (net)
                  0.06    0.00   13.45 ^ digest[255]$_DFFE_PN0P_/CLK (sky130_fd_sc_hd__dfrtp_1)
                          0.00   13.45   clock reconvergence pessimism
                         -0.13   13.31   library setup time
                                 13.31   data required time
-----------------------------------------------------------------------------
                                 13.31   data required time
                                -14.13   data arrival time
-----------------------------------------------------------------------------
                                 -0.82   slack (VIOLATED)


Startpoint: digest[1]$_DFFE_PN0P_
            (rising edge-triggered flip-flop clocked by core_clock)
Endpoint: digest[1] (output port clocked by vclk)
Path Group: vclk
Path Type: max

Fanout     Cap    Slew   Delay    Time   Description
-----------------------------------------------------------------------------
                          0.00    0.00   clock core_clock (rise edge)
                          0.00    0.00   clock source latency
     1    0.09    0.00    0.00    0.00 ^ clk (in)
                                         clk (net)
                  0.01    0.00    0.00 ^ clkbuf_0_clk/A (sky130_fd_sc_hd__clkbuf_16)
     4    0.17    0.18    0.22    0.22 ^ clkbuf_0_clk/X (sky130_fd_sc_hd__clkbuf_16)
                                         clknet_0_clk (net)
                  0.18    0.01    0.23 ^ clkbuf_2_3_0_clk/A (sky130_fd_sc_hd__clkbuf_16)
     8    0.17    0.18    0.28    0.51 ^ clkbuf_2_3_0_clk/X (sky130_fd_sc_hd__clkbuf_16)
                                         clknet_2_3_0_clk (net)
                  0.18    0.01    0.51 ^ clkbuf_5_30__f_clk/A (sky130_fd_sc_hd__clkbuf_16)
    11    0.14    0.16    0.26    0.78 ^ clkbuf_5_30__f_clk/X (sky130_fd_sc_hd__clkbuf_16)
                                         clknet_5_30__leaf_clk (net)
                  0.16    0.00    0.78 ^ clkbuf_leaf_125_clk/A (sky130_fd_sc_hd__clkbuf_16)
     9    0.04    0.06    0.18    0.96 ^ clkbuf_leaf_125_clk/X (sky130_fd_sc_hd__clkbuf_16)
                                         clknet_leaf_125_clk (net)
                  0.06    0.00    0.96 ^ digest[1]$_DFFE_PN0P_/CLK (sky130_fd_sc_hd__dfrtp_1)
     2    0.01    0.10    0.37    1.33 ^ digest[1]$_DFFE_PN0P_/Q (sky130_fd_sc_hd__dfrtp_1)
                                         net626 (net)
                  0.10    0.00    1.33 ^ output627/A (sky130_fd_sc_hd__clkdlybuf4s50_1)
     1    0.02    0.21    0.61    1.93 ^ output627/X (sky130_fd_sc_hd__clkdlybuf4s50_1)
                                         digest[1] (net)
                  0.21    0.00    1.94 ^ digest[1] (out)
                                  1.94   data arrival time

                  0.00   12.50   12.50   clock vclk (rise edge)
                          0.00   12.50   clock network delay (ideal)
                          0.00   12.50   clock reconvergence pessimism
                         -2.50   10.00   output external delay
                                 10.00   data required time
-----------------------------------------------------------------------------
                                 10.00   data required time
                                 -1.94   data arrival time
-----------------------------------------------------------------------------
                                  8.06   slack (MET)



==========================================================================
global route report_checks -unconstrained
--------------------------------------------------------------------------
Startpoint: rst_n (input port clocked by vclk)
Endpoint: digest[208]$_DFFE_PN0P_
          (recovery check against rising-edge clock core_clock)
Path Group: asynchronous
Path Type: max

Fanout     Cap    Slew   Delay    Time   Description
-----------------------------------------------------------------------------
                  0.00    0.00    0.00   clock vclk (rise edge)
                          0.00    0.00   clock network delay (ideal)
                          2.50    2.50 ^ input external delay
     1    0.02    0.00    0.00    2.50 ^ rst_n (in)
                                         rst_n (net)
                  0.00    0.00    2.50 ^ input514/A (sky130_fd_sc_hd__buf_16)
   122    0.83    0.84    0.55    3.05 ^ input514/X (sky130_fd_sc_hd__buf_16)
                                         net513 (net)
                  0.88    0.14    3.19 ^ place3997/A (sky130_fd_sc_hd__buf_12)
    70    0.45    0.51    0.50    3.69 ^ place3997/X (sky130_fd_sc_hd__buf_12)
                                         net3996 (net)
                  0.52    0.06    3.75 ^ place3993/A (sky130_fd_sc_hd__buf_12)
   153    0.91    1.00    0.71    4.46 ^ place3993/X (sky130_fd_sc_hd__buf_12)
                                         net3992 (net)
                  1.14    0.29    4.75 ^ place3992/A (sky130_fd_sc_hd__buf_4)
    52    0.30    0.81    0.81    5.56 ^ place3992/X (sky130_fd_sc_hd__buf_4)
                                         net3991 (net)
                  0.81    0.02    5.58 ^ digest[208]$_DFFE_PN0P_/RESET_B (sky130_fd_sc_hd__dfrtp_1)
                                  5.58   data arrival time

                         12.50   12.50   clock core_clock (rise edge)
                          0.00   12.50   clock source latency
     1    0.09    0.00    0.00   12.50 ^ clk (in)
                                         clk (net)
                  0.01    0.00   12.50 ^ clkbuf_0_clk/A (sky130_fd_sc_hd__clkbuf_16)
     4    0.17    0.18    0.22   12.72 ^ clkbuf_0_clk/X (sky130_fd_sc_hd__clkbuf_16)
                                         clknet_0_clk (net)
                  0.18    0.01   12.73 ^ clkbuf_2_1_0_clk/A (sky130_fd_sc_hd__clkbuf_16)
     8    0.18    0.20    0.29   13.02 ^ clkbuf_2_1_0_clk/X (sky130_fd_sc_hd__clkbuf_16)
                                         clknet_2_1_0_clk (net)
                  0.20    0.01   13.02 ^ clkbuf_5_10__f_clk/A (sky130_fd_sc_hd__clkbuf_16)
    10    0.14    0.15    0.26   13.29 ^ clkbuf_5_10__f_clk/X (sky130_fd_sc_hd__clkbuf_16)
                                         clknet_5_10__leaf_clk (net)
                  0.15    0.00   13.29 ^ clkbuf_leaf_67_clk/A (sky130_fd_sc_hd__clkbuf_16)
     9    0.04    0.06    0.18   13.47 ^ clkbuf_leaf_67_clk/X (sky130_fd_sc_hd__clkbuf_16)
                                         clknet_leaf_67_clk (net)
                  0.06    0.00   13.47 ^ digest[208]$_DFFE_PN0P_/CLK (sky130_fd_sc_hd__dfrtp_1)
                          0.00   13.47   clock reconvergence pessimism
                          0.03   13.50   library recovery time
                                 13.50   data required time
-----------------------------------------------------------------------------
                                 13.50   data required time
                                 -5.58   data arrival time
-----------------------------------------------------------------------------
                                  7.92   slack (MET)


Startpoint: round[0]$_DFFE_PN0P_
            (rising edge-triggered flip-flop clocked by core_clock)
Endpoint: digest[255]$_DFFE_PN0P_
          (rising edge-triggered flip-flop clocked by core_clock)
Path Group: core_clock
Path Type: max

Fanout     Cap    Slew   Delay    Time   Description
-----------------------------------------------------------------------------
                          0.00    0.00   clock core_clock (rise edge)
                          0.00    0.00   clock source latency
     1    0.09    0.00    0.00    0.00 ^ clk (in)
                                         clk (net)
                  0.01    0.00    0.00 ^ clkbuf_0_clk/A (sky130_fd_sc_hd__clkbuf_16)
     4    0.17    0.18    0.22    0.22 ^ clkbuf_0_clk/X (sky130_fd_sc_hd__clkbuf_16)
                                         clknet_0_clk (net)
                  0.18    0.01    0.23 ^ clkbuf_2_3_0_clk/A (sky130_fd_sc_hd__clkbuf_16)
     8    0.17    0.18    0.28    0.51 ^ clkbuf_2_3_0_clk/X (sky130_fd_sc_hd__clkbuf_16)
                                         clknet_2_3_0_clk (net)
                  0.18    0.00    0.51 ^ clkbuf_5_24__f_clk/A (sky130_fd_sc_hd__clkbuf_16)
     7    0.13    0.15    0.25    0.77 ^ clkbuf_5_24__f_clk/X (sky130_fd_sc_hd__clkbuf_16)
                                         clknet_5_24__leaf_clk (net)
                  0.15    0.00    0.77 ^ clkbuf_leaf_161_clk/A (sky130_fd_sc_hd__clkbuf_16)
     9    0.04    0.06    0.18    0.95 ^ clkbuf_leaf_161_clk/X (sky130_fd_sc_hd__clkbuf_16)
                                         clknet_leaf_161_clk (net)
                  0.06    0.00    0.95 ^ round[0]$_DFFE_PN0P_/CLK (sky130_fd_sc_hd__dfrtp_4)
     6    0.09    0.16    0.59    1.55 v round[0]$_DFFE_PN0P_/Q (sky130_fd_sc_hd__dfrtp_4)
                                         round[0] (net)
                  0.16    0.00    1.55 v place3720/A (sky130_fd_sc_hd__buf_4)
     2    0.01    0.03    0.18    1.73 v place3720/X (sky130_fd_sc_hd__buf_4)
                                         net3719 (net)
                  0.03    0.00    1.73 v _25478_/A (sky130_fd_sc_hd__ha_1)
     3    0.03    0.14    0.28    2.02 v _25478_/COUT (sky130_fd_sc_hd__ha_1)
                                         _00527_ (net)
                  0.14    0.00    2.02 v _15440_/B (sky130_fd_sc_hd__xor2_4)
     3    0.03    0.28    0.30    2.31 ^ _15440_/X (sky130_fd_sc_hd__xor2_4)
                                         _11446_ (net)
                  0.28    0.00    2.32 ^ place3534/A (sky130_fd_sc_hd__buf_6)
     7    0.10    0.21    0.27    2.58 ^ place3534/X (sky130_fd_sc_hd__buf_6)
                                         net3533 (net)
                  0.21    0.02    2.60 ^ place3532/A (sky130_fd_sc_hd__buf_16)
    30    0.27    0.29    0.29    2.90 ^ place3532/X (sky130_fd_sc_hd__buf_16)
                                         net3531 (net)
                  0.29    0.03    2.92 ^ _15956_/S (sky130_fd_sc_hd__mux2i_1)
     2    0.01    0.12    0.18    3.10 v _15956_/Y (sky130_fd_sc_hd__mux2i_1)
                                         _11950_ (net)
                  0.12    0.00    3.10 v _24955_/A0 (sky130_fd_sc_hd__mux4_2)
     1    0.04    0.18    0.62    3.72 v _24955_/X (sky130_fd_sc_hd__mux4_2)
                                         _08906_ (net)
                  0.18    0.00    3.73 v _24957_/A0 (sky130_fd_sc_hd__mux2i_1)
     2    0.02    0.38    0.37    4.09 ^ _24957_/Y (sky130_fd_sc_hd__mux2i_1)
                                         _08908_ (net)
                  0.38    0.00    4.09 ^ _25003_/B (sky130_fd_sc_hd__xnor2_1)
     1    0.01    0.10    0.15    4.25 v _25003_/Y (sky130_fd_sc_hd__xnor2_1)
                                         _08939_ (net)
                  0.10    0.00    4.25 v _25004_/A (sky130_fd_sc_hd__xnor2_1)
     1    0.01    0.30    0.31    4.55 ^ _25004_/Y (sky130_fd_sc_hd__xnor2_1)
                                         _00260_ (net)
                  0.30    0.00    4.56 ^ _25337_/A (sky130_fd_sc_hd__fa_1)
     1    0.01    0.12    0.50    5.05 v _25337_/SUM (sky130_fd_sc_hd__fa_1)
                                         _12827_ (net)
                  0.12    0.00    5.05 v _25375_/B (sky130_fd_sc_hd__fa_1)
     1    0.01    0.11    0.53    5.58 v _25375_/SUM (sky130_fd_sc_hd__fa_1)
                                         _12904_ (net)
                  0.11    0.00    5.58 v _25419_/B (sky130_fd_sc_hd__ha_4)
     3    0.02    0.07    0.32    5.90 ^ _25419_/SUM (sky130_fd_sc_hd__ha_4)
                                         _00421_ (net)
                  0.07    0.00    5.90 ^ _13201_/A2 (sky130_fd_sc_hd__a21o_1)
     1    0.01    0.10    0.16    6.05 ^ _13201_/X (sky130_fd_sc_hd__a21o_1)
                                         _09316_ (net)
                  0.10    0.00    6.05 ^ _13202_/A2 (sky130_fd_sc_hd__a21oi_2)
     2    0.01    0.05    0.07    6.13 v _13202_/Y (sky130_fd_sc_hd__a21oi_2)
                                         _09317_ (net)
                  0.05    0.00    6.13 v _13205_/A2 (sky130_fd_sc_hd__o211ai_1)
     2    0.01    0.26    0.24    6.37 ^ _13205_/Y (sky130_fd_sc_hd__o211ai_1)
                                         _09320_ (net)
                  0.26    0.00    6.37 ^ _13209_/A (sky130_fd_sc_hd__nand2_1)
     2    0.01    0.13    0.16    6.53 v _13209_/Y (sky130_fd_sc_hd__nand2_1)
                                         _09324_ (net)
                  0.13    0.00    6.53 v rebuffer4119/A (sky130_fd_sc_hd__buf_4)
     1    0.01    0.03    0.17    6.70 v rebuffer4119/X (sky130_fd_sc_hd__buf_4)
                                         net4118 (net)
                  0.03    0.00    6.70 v place2942/A (sky130_fd_sc_hd__buf_6)
     2    0.01    0.02    0.11    6.81 v place2942/X (sky130_fd_sc_hd__buf_6)
                                         net2941 (net)
                  0.02    0.00    6.81 v _13840_/A2 (sky130_fd_sc_hd__o21a_1)
     1    0.01    0.05    0.17    6.98 v _13840_/X (sky130_fd_sc_hd__o21a_1)
                                         _09945_ (net)
                  0.05    0.00    6.98 v _13841_/A2 (sky130_fd_sc_hd__o21ai_2)
     1    0.01    0.13    0.13    7.12 ^ _13841_/Y (sky130_fd_sc_hd__o21ai_2)
                                         _09946_ (net)
                  0.13    0.00    7.12 ^ _13842_/A2 (sky130_fd_sc_hd__a21oi_2)
     2    0.01    0.06    0.09    7.21 v _13842_/Y (sky130_fd_sc_hd__a21oi_2)
                                         _09947_ (net)
                  0.06    0.00    7.21 v _13843_/A1 (sky130_fd_sc_hd__o21bai_1)
     1    0.01    0.20    0.21    7.42 ^ _13843_/Y (sky130_fd_sc_hd__o21bai_1)
                                         _09948_ (net)
                  0.20    0.00    7.42 ^ _13844_/A2 (sky130_fd_sc_hd__a21oi_2)
     2    0.01    0.07    0.10    7.52 v _13844_/Y (sky130_fd_sc_hd__a21oi_2)
                                         _09949_ (net)
                  0.07    0.00    7.52 v _13948_/A (sky130_fd_sc_hd__xnor2_1)
     1    0.00    0.15    0.18    7.70 ^ _13948_/Y (sky130_fd_sc_hd__xnor2_1)
                                         _10051_ (net)
                  0.15    0.00    7.70 ^ _13949_/B (sky130_fd_sc_hd__nand2_1)
     1    0.01    0.24    0.12    7.82 v _13949_/Y (sky130_fd_sc_hd__nand2_1)
                                         _10052_ (net)
                  0.24    0.00    7.82 v _13950_/B1 (sky130_fd_sc_hd__o21ai_4)
     2    0.02    0.23    0.18    8.00 ^ _13950_/Y (sky130_fd_sc_hd__o21ai_4)
                                         _10053_ (net)
                  0.23    0.00    8.00 ^ _13953_/A (sky130_fd_sc_hd__inv_2)
     1    0.01    0.06    0.07    8.07 v _13953_/Y (sky130_fd_sc_hd__inv_2)
                                         _00060_ (net)
                  0.06    0.00    8.07 v _25219_/A (sky130_fd_sc_hd__fa_1)
     1    0.01    0.11    0.58    8.65 ^ _25219_/SUM (sky130_fd_sc_hd__fa_1)
                                         _12597_ (net)
                  0.11    0.00    8.65 ^ _25217_/B (sky130_fd_sc_hd__fa_1)
     1    0.01    0.11    0.47    9.12 v _25217_/SUM (sky130_fd_sc_hd__fa_1)
                                         _12589_ (net)
                  0.11    0.00    9.12 v _25215_/B (sky130_fd_sc_hd__fa_1)
     1    0.01    0.13    0.59    9.70 ^ _25215_/SUM (sky130_fd_sc_hd__fa_1)
                                         _12592_ (net)
                  0.13    0.00    9.70 ^ _25452_/A (sky130_fd_sc_hd__ha_4)
     2    0.01    0.04    0.22    9.93 v _25452_/SUM (sky130_fd_sc_hd__ha_4)
                                         _00476_ (net)
                  0.04    0.00    9.93 v place2795/A (sky130_fd_sc_hd__buf_6)
     3    0.01    0.02    0.11   10.04 v place2795/X (sky130_fd_sc_hd__buf_6)
                                         net2794 (net)
                  0.02    0.00   10.04 v _16490_/A1 (sky130_fd_sc_hd__a21o_1)
     1    0.00    0.03    0.14   10.18 v _16490_/X (sky130_fd_sc_hd__a21o_1)
                                         _12459_ (net)
                  0.03    0.00   10.18 v _16491_/A1 (sky130_fd_sc_hd__a21oi_1)
     1    0.00    0.11    0.12   10.30 ^ _16491_/Y (sky130_fd_sc_hd__a21oi_1)
                                         _12460_ (net)
                  0.11    0.00   10.30 ^ _16492_/B1 (sky130_fd_sc_hd__o21ai_1)
     2    0.01    0.11    0.12   10.42 v _16492_/Y (sky130_fd_sc_hd__o21ai_1)
                                         _12461_ (net)
                  0.11    0.00   10.42 v _16493_/A1 (sky130_fd_sc_hd__a21oi_1)
     1    0.01    0.17    0.20   10.62 ^ _16493_/Y (sky130_fd_sc_hd__a21oi_1)
                                         _12462_ (net)
                  0.17    0.00   10.62 ^ _16494_/B1 (sky130_fd_sc_hd__o31a_1)
     2    0.02    0.18    0.26   10.88 ^ _16494_/X (sky130_fd_sc_hd__o31a_1)
                                         _12463_ (net)
                  0.18    0.00   10.88 ^ _16497_/A1 (sky130_fd_sc_hd__o21ai_2)
     2    0.01    0.08    0.11   10.99 v _16497_/Y (sky130_fd_sc_hd__o21ai_2)
                                         _12466_ (net)
                  0.08    0.00   10.99 v _16498_/A2 (sky130_fd_sc_hd__o21ai_2)
     2    0.01    0.13    0.15   11.14 ^ _16498_/Y (sky130_fd_sc_hd__o21ai_2)
                                         _12467_ (net)
                  0.13    0.00   11.14 ^ _16513_/B (sky130_fd_sc_hd__nand2_1)
     1    0.01    0.06    0.09   11.23 v _16513_/Y (sky130_fd_sc_hd__nand2_1)
                                         _12478_ (net)
                  0.06    0.00   11.23 v _16514_/A2 (sky130_fd_sc_hd__a21oi_2)
     1    0.01    0.16    0.19   11.43 ^ _16514_/Y (sky130_fd_sc_hd__a21oi_2)
                                         _12479_ (net)
                  0.16    0.00   11.43 ^ _16515_/B (sky130_fd_sc_hd__xnor2_2)
     1    0.01    0.14    0.14   11.56 ^ _16515_/Y (sky130_fd_sc_hd__xnor2_2)
                                         _00071_ (net)
                  0.14    0.00   11.56 ^ rebuffer4186/A (sky130_fd_sc_hd__buf_6)
     2    0.03    0.06    0.14   11.71 ^ rebuffer4186/X (sky130_fd_sc_hd__buf_6)
                                         net4185 (net)
                  0.06    0.00   11.71 ^ _25224_/B (sky130_fd_sc_hd__fa_1)
     1    0.01    0.12    0.47   12.18 v _25224_/SUM (sky130_fd_sc_hd__fa_1)
                                         _12608_ (net)
                  0.12    0.00   12.18 v _25412_/B (sky130_fd_sc_hd__ha_4)
     3    0.01    0.04    0.20   12.37 v _25412_/COUT (sky130_fd_sc_hd__ha_4)
                                         _00406_ (net)
                  0.04    0.00   12.37 v _17960_/A (sky130_fd_sc_hd__or4_4)
     2    0.01    0.10    0.56   12.93 v _17960_/X (sky130_fd_sc_hd__or4_4)
                                         _04308_ (net)
                  0.10    0.00   12.93 v _17966_/A2 (sky130_fd_sc_hd__o21ai_4)
     3    0.02    0.17    0.19   13.12 ^ _17966_/Y (sky130_fd_sc_hd__o21ai_4)
                                         _04314_ (net)
                  0.17    0.00   13.12 ^ _17967_/B (sky130_fd_sc_hd__nor2_1)
     1    0.00    0.04    0.06   13.18 v _17967_/Y (sky130_fd_sc_hd__nor2_1)
                                         _04315_ (net)
                  0.04    0.00   13.18 v _17968_/A2 (sky130_fd_sc_hd__o21ai_1)
     1    0.01    0.16    0.16   13.34 ^ _17968_/Y (sky130_fd_sc_hd__o21ai_1)
                                         _04316_ (net)
                  0.16    0.00   13.34 ^ _17969_/B (sky130_fd_sc_hd__nand2b_1)
     2    0.01    0.10    0.13   13.47 v _17969_/Y (sky130_fd_sc_hd__nand2b_1)
                                         _04317_ (net)
                  0.10    0.00   13.47 v _17970_/B (sky130_fd_sc_hd__xor2_1)
     2    0.01    0.11    0.20   13.67 v _17970_/X (sky130_fd_sc_hd__xor2_1)
                                         _04318_ (net)
                  0.11    0.00   13.67 v _25050_/A (sky130_fd_sc_hd__nor3_2)
     1    0.01    0.17    0.22   13.89 ^ _25050_/Y (sky130_fd_sc_hd__nor3_2)
                                         _08972_ (net)
                  0.17    0.00   13.89 ^ _25051_/B (sky130_fd_sc_hd__xnor2_1)
     1    0.01    0.17    0.16   14.05 ^ _25051_/Y (sky130_fd_sc_hd__xnor2_1)
                                         _08973_ (net)
                  0.17    0.00   14.05 ^ _25053_/A2 (sky130_fd_sc_hd__o21ai_1)
     1    0.00    0.10    0.08   14.13 v _25053_/Y (sky130_fd_sc_hd__o21ai_1)
                                         _03136_ (net)
                  0.10    0.00   14.13 v digest[255]$_DFFE_PN0P_/D (sky130_fd_sc_hd__dfrtp_1)
                                 14.13   data arrival time

                         12.50   12.50   clock core_clock (rise edge)
                          0.00   12.50   clock source latency
     1    0.09    0.00    0.00   12.50 ^ clk (in)
                                         clk (net)
                  0.01    0.00   12.50 ^ clkbuf_0_clk/A (sky130_fd_sc_hd__clkbuf_16)
     4    0.17    0.18    0.22   12.72 ^ clkbuf_0_clk/X (sky130_fd_sc_hd__clkbuf_16)
                                         clknet_0_clk (net)
                  0.18    0.01   12.73 ^ clkbuf_2_3_0_clk/A (sky130_fd_sc_hd__clkbuf_16)
     8    0.17    0.18    0.28   13.01 ^ clkbuf_2_3_0_clk/X (sky130_fd_sc_hd__clkbuf_16)
                                         clknet_2_3_0_clk (net)
                  0.18    0.01   13.01 ^ clkbuf_5_26__f_clk/A (sky130_fd_sc_hd__clkbuf_16)
     8    0.13    0.15    0.25   13.27 ^ clkbuf_5_26__f_clk/X (sky130_fd_sc_hd__clkbuf_16)
                                         clknet_5_26__leaf_clk (net)
                  0.15    0.00   13.27 ^ clkbuf_leaf_112_clk/A (sky130_fd_sc_hd__clkbuf_16)
    11    0.04    0.06    0.18   13.45 ^ clkbuf_leaf_112_clk/X (sky130_fd_sc_hd__clkbuf_16)
                                         clknet_leaf_112_clk (net)
                  0.06    0.00   13.45 ^ digest[255]$_DFFE_PN0P_/CLK (sky130_fd_sc_hd__dfrtp_1)
                          0.00   13.45   clock reconvergence pessimism
                         -0.13   13.31   library setup time
                                 13.31   data required time
-----------------------------------------------------------------------------
                                 13.31   data required time
                                -14.13   data arrival time
-----------------------------------------------------------------------------
                                 -0.82   slack (VIOLATED)


Startpoint: digest[1]$_DFFE_PN0P_
            (rising edge-triggered flip-flop clocked by core_clock)
Endpoint: digest[1] (output port clocked by vclk)
Path Group: vclk
Path Type: max

Fanout     Cap    Slew   Delay    Time   Description
-----------------------------------------------------------------------------
                          0.00    0.00   clock core_clock (rise edge)
                          0.00    0.00   clock source latency
     1    0.09    0.00    0.00    0.00 ^ clk (in)
                                         clk (net)
                  0.01    0.00    0.00 ^ clkbuf_0_clk/A (sky130_fd_sc_hd__clkbuf_16)
     4    0.17    0.18    0.22    0.22 ^ clkbuf_0_clk/X (sky130_fd_sc_hd__clkbuf_16)
                                         clknet_0_clk (net)
                  0.18    0.01    0.23 ^ clkbuf_2_3_0_clk/A (sky130_fd_sc_hd__clkbuf_16)
     8    0.17    0.18    0.28    0.51 ^ clkbuf_2_3_0_clk/X (sky130_fd_sc_hd__clkbuf_16)
                                         clknet_2_3_0_clk (net)
                  0.18    0.01    0.51 ^ clkbuf_5_30__f_clk/A (sky130_fd_sc_hd__clkbuf_16)
    11    0.14    0.16    0.26    0.78 ^ clkbuf_5_30__f_clk/X (sky130_fd_sc_hd__clkbuf_16)
                                         clknet_5_30__leaf_clk (net)
                  0.16    0.00    0.78 ^ clkbuf_leaf_125_clk/A (sky130_fd_sc_hd__clkbuf_16)
     9    0.04    0.06    0.18    0.96 ^ clkbuf_leaf_125_clk/X (sky130_fd_sc_hd__clkbuf_16)
                                         clknet_leaf_125_clk (net)
                  0.06    0.00    0.96 ^ digest[1]$_DFFE_PN0P_/CLK (sky130_fd_sc_hd__dfrtp_1)
     2    0.01    0.10    0.37    1.33 ^ digest[1]$_DFFE_PN0P_/Q (sky130_fd_sc_hd__dfrtp_1)
                                         net626 (net)
                  0.10    0.00    1.33 ^ output627/A (sky130_fd_sc_hd__clkdlybuf4s50_1)
     1    0.02    0.21    0.61    1.93 ^ output627/X (sky130_fd_sc_hd__clkdlybuf4s50_1)
                                         digest[1] (net)
                  0.21    0.00    1.94 ^ digest[1] (out)
                                  1.94   data arrival time

                  0.00   12.50   12.50   clock vclk (rise edge)
                          0.00   12.50   clock network delay (ideal)
                          0.00   12.50   clock reconvergence pessimism
                         -2.50   10.00   output external delay
                                 10.00   data required time
-----------------------------------------------------------------------------
                                 10.00   data required time
                                 -1.94   data arrival time
-----------------------------------------------------------------------------
                                  8.06   slack (MET)



==========================================================================
global route report_check_types -max_slew -max_cap -max_fanout -violators
--------------------------------------------------------------------------

==========================================================================
global route max_slew_check_slack
--------------------------------------------------------------------------
0.24661783874034882

==========================================================================
global route max_slew_check_limit
--------------------------------------------------------------------------
1.4944789409637451

==========================================================================
global route max_slew_check_slack_limit
--------------------------------------------------------------------------
0.1650

==========================================================================
global route max_fanout_check_slack
--------------------------------------------------------------------------
1.0000000150474662e+30

==========================================================================
global route max_fanout_check_limit
--------------------------------------------------------------------------
1.0000000150474662e+30

==========================================================================
global route max_capacitance_check_slack
--------------------------------------------------------------------------
0.012160013429820538

==========================================================================
global route max_capacitance_check_limit
--------------------------------------------------------------------------
0.021067000925540924

==========================================================================
global route max_capacitance_check_slack_limit
--------------------------------------------------------------------------
0.5772

==========================================================================
global route max_slew_violation_count
--------------------------------------------------------------------------
max slew violation count 0

==========================================================================
global route max_fanout_violation_count
--------------------------------------------------------------------------
max fanout violation count 0

==========================================================================
global route max_cap_violation_count
--------------------------------------------------------------------------
max cap violation count 0

==========================================================================
global route setup_violation_count
--------------------------------------------------------------------------
setup violation count 46

==========================================================================
global route hold_violation_count
--------------------------------------------------------------------------
hold violation count 0

==========================================================================
global route report_checks -path_delay max reg to reg
--------------------------------------------------------------------------
Startpoint: round[0]$_DFFE_PN0P_
            (rising edge-triggered flip-flop clocked by core_clock)
Endpoint: digest[255]$_DFFE_PN0P_
          (rising edge-triggered flip-flop clocked by core_clock)
Path Group: core_clock
Path Type: max

  Delay    Time   Description
---------------------------------------------------------
   0.00    0.00   clock core_clock (rise edge)
   0.00    0.00   clock source latency
   0.00    0.00 ^ clk (in)
   0.22    0.22 ^ clkbuf_0_clk/X (sky130_fd_sc_hd__clkbuf_16)
   0.29    0.51 ^ clkbuf_2_3_0_clk/X (sky130_fd_sc_hd__clkbuf_16)
   0.26    0.77 ^ clkbuf_5_24__f_clk/X (sky130_fd_sc_hd__clkbuf_16)
   0.18    0.95 ^ clkbuf_leaf_161_clk/X (sky130_fd_sc_hd__clkbuf_16)
   0.00    0.95 ^ round[0]$_DFFE_PN0P_/CLK (sky130_fd_sc_hd__dfrtp_4)
   0.59    1.55 v round[0]$_DFFE_PN0P_/Q (sky130_fd_sc_hd__dfrtp_4)
   0.19    1.73 v place3720/X (sky130_fd_sc_hd__buf_4)
   0.28    2.02 v _25478_/COUT (sky130_fd_sc_hd__ha_1)
   0.30    2.31 ^ _15440_/X (sky130_fd_sc_hd__xor2_4)
   0.27    2.58 ^ place3534/X (sky130_fd_sc_hd__buf_6)
   0.31    2.90 ^ place3532/X (sky130_fd_sc_hd__buf_16)
   0.20    3.10 v _15956_/Y (sky130_fd_sc_hd__mux2i_1)
   0.63    3.72 v _24955_/X (sky130_fd_sc_hd__mux4_2)
   0.37    4.09 ^ _24957_/Y (sky130_fd_sc_hd__mux2i_1)
   0.15    4.25 v _25003_/Y (sky130_fd_sc_hd__xnor2_1)
   0.31    4.55 ^ _25004_/Y (sky130_fd_sc_hd__xnor2_1)
   0.50    5.05 v _25337_/SUM (sky130_fd_sc_hd__fa_1)
   0.53    5.58 v _25375_/SUM (sky130_fd_sc_hd__fa_1)
   0.32    5.90 ^ _25419_/SUM (sky130_fd_sc_hd__ha_4)
   0.16    6.05 ^ _13201_/X (sky130_fd_sc_hd__a21o_1)
   0.07    6.13 v _13202_/Y (sky130_fd_sc_hd__a21oi_2)
   0.24    6.37 ^ _13205_/Y (sky130_fd_sc_hd__o211ai_1)
   0.16    6.53 v _13209_/Y (sky130_fd_sc_hd__nand2_1)
   0.17    6.70 v rebuffer4119/X (sky130_fd_sc_hd__buf_4)
   0.11    6.81 v place2942/X (sky130_fd_sc_hd__buf_6)
   0.17    6.98 v _13840_/X (sky130_fd_sc_hd__o21a_1)
   0.14    7.12 ^ _13841_/Y (sky130_fd_sc_hd__o21ai_2)
   0.09    7.21 v _13842_/Y (sky130_fd_sc_hd__a21oi_2)
   0.21    7.42 ^ _13843_/Y (sky130_fd_sc_hd__o21bai_1)
   0.10    7.52 v _13844_/Y (sky130_fd_sc_hd__a21oi_2)
   0.18    7.70 ^ _13948_/Y (sky130_fd_sc_hd__xnor2_1)
   0.12    7.82 v _13949_/Y (sky130_fd_sc_hd__nand2_1)
   0.18    8.00 ^ _13950_/Y (sky130_fd_sc_hd__o21ai_4)
   0.07    8.07 v _13953_/Y (sky130_fd_sc_hd__inv_2)
   0.58    8.65 ^ _25219_/SUM (sky130_fd_sc_hd__fa_1)
   0.47    9.12 v _25217_/SUM (sky130_fd_sc_hd__fa_1)
   0.59    9.70 ^ _25215_/SUM (sky130_fd_sc_hd__fa_1)
   0.22    9.93 v _25452_/SUM (sky130_fd_sc_hd__ha_4)
   0.11   10.04 v place2795/X (sky130_fd_sc_hd__buf_6)
   0.14   10.18 v _16490_/X (sky130_fd_sc_hd__a21o_1)
   0.12   10.30 ^ _16491_/Y (sky130_fd_sc_hd__a21oi_1)
   0.12   10.42 v _16492_/Y (sky130_fd_sc_hd__o21ai_1)
   0.20   10.62 ^ _16493_/Y (sky130_fd_sc_hd__a21oi_1)
   0.26   10.88 ^ _16494_/X (sky130_fd_sc_hd__o31a_1)
   0.11   10.99 v _16497_/Y (sky130_fd_sc_hd__o21ai_2)
   0.15   11.14 ^ _16498_/Y (sky130_fd_sc_hd__o21ai_2)
   0.10   11.23 v _16513_/Y (sky130_fd_sc_hd__nand2_1)
   0.19   11.43 ^ _16514_/Y (sky130_fd_sc_hd__a21oi_2)
   0.14   11.56 ^ _16515_/Y (sky130_fd_sc_hd__xnor2_2)
   0.14   11.71 ^ rebuffer4186/X (sky130_fd_sc_hd__buf_6)
   0.47   12.18 v _25224_/SUM (sky130_fd_sc_hd__fa_1)
   0.20   12.37 v _25412_/COUT (sky130_fd_sc_hd__ha_4)
   0.56   12.93 v _17960_/X (sky130_fd_sc_hd__or4_4)
   0.19   13.12 ^ _17966_/Y (sky130_fd_sc_hd__o21ai_4)
   0.06   13.18 v _17967_/Y (sky130_fd_sc_hd__nor2_1)
   0.16   13.34 ^ _17968_/Y (sky130_fd_sc_hd__o21ai_1)
   0.13   13.47 v _17969_/Y (sky130_fd_sc_hd__nand2b_1)
   0.20   13.67 v _17970_/X (sky130_fd_sc_hd__xor2_1)
   0.22   13.89 ^ _25050_/Y (sky130_fd_sc_hd__nor3_2)
   0.16   14.05 ^ _25051_/Y (sky130_fd_sc_hd__xnor2_1)
   0.08   14.13 v _25053_/Y (sky130_fd_sc_hd__o21ai_1)
   0.00   14.13 v digest[255]$_DFFE_PN0P_/D (sky130_fd_sc_hd__dfrtp_1)
          14.13   data arrival time

  12.50   12.50   clock core_clock (rise edge)
   0.00   12.50   clock source latency
   0.00   12.50 ^ clk (in)
   0.22   12.72 ^ clkbuf_0_clk/X (sky130_fd_sc_hd__clkbuf_16)
   0.29   13.01 ^ clkbuf_2_3_0_clk/X (sky130_fd_sc_hd__clkbuf_16)
   0.26   13.27 ^ clkbuf_5_26__f_clk/X (sky130_fd_sc_hd__clkbuf_16)
   0.18   13.45 ^ clkbuf_leaf_112_clk/X (sky130_fd_sc_hd__clkbuf_16)
   0.00   13.45 ^ digest[255]$_DFFE_PN0P_/CLK (sky130_fd_sc_hd__dfrtp_1)
   0.00   13.45   clock reconvergence pessimism
  -0.13   13.31   library setup time
          13.31   data required time
---------------------------------------------------------
          13.31   data required time
         -14.13   data arrival time
---------------------------------------------------------
          -0.82   slack (VIOLATED)



==========================================================================
global route report_checks -path_delay min reg to reg
--------------------------------------------------------------------------
Startpoint: digest[19]$_DFFE_PN0P_
            (rising edge-triggered flip-flop clocked by core_clock)
Endpoint: digest[19]$_DFFE_PN0P_
          (rising edge-triggered flip-flop clocked by core_clock)
Path Group: core_clock
Path Type: min

  Delay    Time   Description
---------------------------------------------------------
   0.00    0.00   clock core_clock (rise edge)
   0.00    0.00   clock source latency
   0.00    0.00 ^ clk (in)
   0.22    0.22 ^ clkbuf_0_clk/X (sky130_fd_sc_hd__clkbuf_16)
   0.29    0.51 ^ clkbuf_2_3_0_clk/X (sky130_fd_sc_hd__clkbuf_16)
   0.27    0.78 ^ clkbuf_5_31__f_clk/X (sky130_fd_sc_hd__clkbuf_16)
   0.19    0.96 ^ clkbuf_leaf_135_clk/X (sky130_fd_sc_hd__clkbuf_16)
   0.00    0.96 ^ digest[19]$_DFFE_PN0P_/CLK (sky130_fd_sc_hd__dfrtp_1)
   0.35    1.31 ^ digest[19]$_DFFE_PN0P_/Q (sky130_fd_sc_hd__dfrtp_1)
   0.06    1.37 v _19227_/Y (sky130_fd_sc_hd__nand2_1)
   0.06    1.43 ^ _19228_/Y (sky130_fd_sc_hd__o21ai_0)
   0.00    1.43 ^ digest[19]$_DFFE_PN0P_/D (sky130_fd_sc_hd__dfrtp_1)
           1.43   data arrival time

   0.00    0.00   clock core_clock (rise edge)
   0.00    0.00   clock source latency
   0.00    0.00 ^ clk (in)
   0.22    0.22 ^ clkbuf_0_clk/X (sky130_fd_sc_hd__clkbuf_16)
   0.29    0.51 ^ clkbuf_2_3_0_clk/X (sky130_fd_sc_hd__clkbuf_16)
   0.27    0.78 ^ clkbuf_5_31__f_clk/X (sky130_fd_sc_hd__clkbuf_16)
   0.19    0.96 ^ clkbuf_leaf_135_clk/X (sky130_fd_sc_hd__clkbuf_16)
   0.00    0.96 ^ digest[19]$_DFFE_PN0P_/CLK (sky130_fd_sc_hd__dfrtp_1)
   0.00    0.96   clock reconvergence pessimism
  -0.04    0.93   library hold time
           0.93   data required time
---------------------------------------------------------
           0.93   data required time
          -1.43   data arrival time
---------------------------------------------------------
           0.50   slack (MET)



==========================================================================
global route critical path target clock latency max path
--------------------------------------------------------------------------
0.9668

==========================================================================
global route critical path target clock latency min path
--------------------------------------------------------------------------
0.9506

==========================================================================
global route critical path source clock latency min path
--------------------------------------------------------------------------
0.0000

==========================================================================
global route critical path delay
--------------------------------------------------------------------------
14.1323

==========================================================================
global route critical path slack
--------------------------------------------------------------------------
-0.8186

==========================================================================
global route slack div critical path delay
--------------------------------------------------------------------------
-5.792405

==========================================================================
global route report_power
--------------------------------------------------------------------------
Group                  Internal  Switching    Leakage      Total
                          Power      Power      Power      Power (Watts)
----------------------------------------------------------------
Sequential             1.25e-02   4.19e-03   3.40e-08   1.67e-02   2.6%
Combinational          2.87e-01   3.38e-01   4.59e-08   6.25e-01  95.9%
Clock                  5.48e-03   4.26e-03   5.11e-09   9.74e-03   1.5%
Macro                  0.00e+00   0.00e+00   0.00e+00   0.00e+00   0.0%
Pad                    0.00e+00   0.00e+00   0.00e+00   0.00e+00   0.0%
----------------------------------------------------------------
Total                  3.05e-01   3.46e-01   8.50e-08   6.51e-01 100.0%
                          46.9%      53.1%       0.0%
