make: Entering directory '/root/OpenROAD-flow-scripts/flow'
/root/OpenROAD-flow-scripts/flow/scripts/flow.sh 3_1_place_gp_skip_io global_place_skip_io
Running global_place_skip_io.tcl, stage 3_1_place_gp_skip_io
read_liberty /root/OpenROAD-flow-scripts/flow/platforms/sky130hd/lib/sky130_fd_sc_hd__tt_025C_1v80.lib
read_db ./results/sky130hd/chia_sha256_benchmark_corrupted/slot0/2_floorplan.odb
read_sdc ./results/sky130hd/chia_sha256_benchmark_corrupted/slot0/2_floorplan.sdc
source /root/OpenROAD-flow-scripts/flow/platforms/sky130hd/setRC.tcl
global_placement -skip_io -density 0.6 -pad_left 0 -pad_right 0
[INFO GPL-0001] ---- Initialize GPL Main Data Structures
[INFO GPL-0002] DBU: 1000
[INFO GPL-0003] SiteSize: (  0.460  2.720 ) um
[INFO GPL-0004] CoreBBox: (  1.380  2.720 ) ( 550.160 549.440 ) um
[INFO GPL-0016] Core area:                  300029.002 um^2
[INFO GPL-0036] Movable instances area:     167264.170 um^2
[INFO GPL-0037] Total instances area:       172216.419 um^2
[INFO GPL-0035] Pin density area adjust:      6379.795 um^2
[INFO GPL-0032] ---- Initialize Region: Top-level
[INFO GPL-0006] Number of instances:             19128
[INFO GPL-0007] Movable instances:               15170
[INFO GPL-0008] Fixed instances:                  3958
[INFO GPL-0009] Dummy instances:                     0
[INFO GPL-0010] Number of nets:                  16017
[INFO GPL-0011] Number of pins:                  60453
[INFO GPL-0012] Die BBox:       (  0.000  0.000 ) ( 551.270 551.270 ) um
[INFO GPL-0013] Placement BBox: (  1.380  2.720 ) ( 550.160 549.440 ) um
[INFO GPL-0014] Region name: top-level.
[INFO GPL-0015] Region area:                300029.002 um^2
[INFO GPL-0017] Fixed instances area:         4952.250 um^2
[INFO GPL-0018] Movable instances area:     173643.965 um^2
[INFO GPL-0019] Utilization:                    58.847 %
[INFO GPL-0020] Standard cells area:        173643.965 um^2
[INFO GPL-0021] Large instances area:            0.000 um^2
[INFO GPL-0005] ---- Execute Conjugate Gradient Initial Placement.
[INFO GPL-0051] Source of initial instance position counters:
	Odb location = 0	Core center = 15170	Region center = 0
[INFO GPL-0033] ---- Initialize Nesterov Region: Top-level
[INFO GPL-0023] Placement target density:       0.6000
[INFO GPL-0024] Movable insts average area:     11.447 um^2
[INFO GPL-0025] Ideal bin area:                 19.078 um^2
[INFO GPL-0026] Ideal bin count:                 15726
[INFO GPL-0027] Total bin area:             300029.002 um^2
[INFO GPL-0028] Bin count (X, Y):          64 ,     64
[INFO GPL-0029] Bin size (W * H):       8.575 *  8.543 um
[INFO GPL-0030] Number of bins:                   4096
[INFO GPL-0084] ---- Execute Nesterov Global Placement.
[INFO GPL-0031] HPWL: Half-Perimeter Wirelength
Iteration | Overflow |     HPWL (um) |  HPWL(%) |   Penalty | Group
---------------------------------------------------------------
        0 |   0.9989 |  4.317829e+04 |   +0.00% |  3.73e-15 |      
       10 |   0.9979 |  3.151865e+04 |  -27.00% |  6.07e-15 |      
       20 |   0.9979 |  3.129633e+04 |   -0.71% |  9.89e-15 |      
       30 |   0.9979 |  3.130391e+04 |   +0.02% |  1.61e-14 |      
       40 |   0.9979 |  3.129260e+04 |   -0.04% |  2.62e-14 |      
       50 |   0.9979 |  3.129824e+04 |   +0.02% |  4.27e-14 |      
       60 |   0.9979 |  3.134786e+04 |   +0.16% |  6.96e-14 |      
       70 |   0.9979 |  3.144338e+04 |   +0.30% |  1.13e-13 |      
       80 |   0.9979 |  3.162962e+04 |   +0.59% |  1.85e-13 |      
       90 |   0.9978 |  3.209260e+04 |   +1.46% |  3.01e-13 |      
      100 |   0.9974 |  3.340594e+04 |   +4.09% |  4.90e-13 |      
      110 |   0.9955 |  3.756188e+04 |  +12.44% |  7.98e-13 |      
      120 |   0.9912 |  4.814882e+04 |  +28.19% |  1.30e-12 |      
      130 |   0.9866 |  7.082943e+04 |  +47.11% |  2.11e-12 |      
      140 |   0.9795 |  1.030918e+05 |  +45.55% |  3.42e-12 |      
      150 |   0.9738 |  1.225968e+05 |  +18.92% |  5.56e-12 |      
      160 |   0.9649 |  1.443803e+05 |  +17.77% |  9.04e-12 |      
      170 |   0.9505 |  1.795990e+05 |  +24.39% |  1.47e-11 |      
      180 |   0.9336 |  2.149453e+05 |  +19.68% |  2.38e-11 |      
      190 |   0.9137 |  2.524643e+05 |  +17.46% |  3.86e-11 |      
      200 |   0.8878 |  2.966047e+05 |  +17.48% |  6.26e-11 |      
      210 |   0.8570 |  3.410309e+05 |  +14.98% |  1.02e-10 |      
      220 |   0.8211 |  3.857001e+05 |  +13.10% |  1.65e-10 |      
      230 |   0.7803 |  4.318581e+05 |  +11.97% |  2.67e-10 |      
      240 |   0.7389 |  4.795000e+05 |  +11.03% |  4.32e-10 |      
      250 |   0.6919 |  5.283074e+05 |  +10.18% |  7.00e-10 |      
      260 |   0.6417 |  5.716802e+05 |   +8.21% |  1.14e-09 |      
      270 |   0.5831 |  6.132299e+05 |   +7.27% |  1.84e-09 |      
      280 |   0.5207 |  6.528102e+05 |   +6.45% |  2.98e-09 |      
      290 |   0.4598 |  6.919155e+05 |   +5.99% |  4.84e-09 |      
      300 |   0.4131 |  7.220580e+05 |   +4.36% |  7.86e-09 |      
      310 |   0.3674 |  7.296661e+05 |   +1.05% |  1.28e-08 |      
      320 |   0.3229 |  7.399594e+05 |   +1.41% |  2.00e-08 |      
      330 |   0.2917 |  7.381445e+05 |   -0.25% |  2.94e-08 |      
      340 |   0.2612 |  7.402117e+05 |   +0.28% |  4.34e-08 |      
      350 |   0.2298 |  7.422172e+05 |   +0.27% |  6.39e-08 |      
      360 |   0.2019 |  7.433784e+05 |   +0.16% |  9.41e-08 |      
      370 |   0.1717 |  7.442809e+05 |   +0.12% |  1.39e-07 |      
      380 |   0.1486 |  7.449610e+05 |   +0.09% |  2.04e-07 |      
      390 |   0.1260 |  7.454451e+05 |   +0.06% |  3.01e-07 |      
      400 |   0.1035 |  7.457632e+05 |   +0.04% |  4.43e-07 |      
      402 |   0.0996 |  7.457163e+05 |          |  4.97e-07 |      
---------------------------------------------------------------
[INFO GPL-1001] Global placement finished at iteration 402
[INFO GPL-1002] Placed Cell Area            173643.9650
[INFO GPL-1003] Available Free Area         295076.7520
[INFO GPL-1004] Minimum Feasible Density        0.5900 (cell_area / free_area)
[INFO GPL-1006]   Suggested Target Densities:
[INFO GPL-1007]     - For 90% usage of free space: 0.6539
[INFO GPL-1008]     - For 80% usage of free space: 0.7356
[INFO GPL-1014] Final placement area: 173643.96 (+0.00%)
Design area 172216 um^2 57% utilization.
write_db ./results/sky130hd/chia_sha256_benchmark_corrupted/slot0/3_1_place_gp_skip_io.odb
Log                       Ext     Elapsed/s Peak Memory/MB sha1sum result [0:20)
3_1_place_gp_skip_io      .odb            1            171 5a04bad9612863d4262a
/root/OpenROAD-flow-scripts/flow/scripts/flow.sh 3_2_place_iop io_placement
Running io_placement.tcl, stage 3_2_place_iop
read_liberty /root/OpenROAD-flow-scripts/flow/platforms/sky130hd/lib/sky130_fd_sc_hd__tt_025C_1v80.lib
read_db ./results/sky130hd/chia_sha256_benchmark_corrupted/slot0/3_1_place_gp_skip_io.odb
read_sdc ./results/sky130hd/chia_sha256_benchmark_corrupted/slot0/2_floorplan.sdc
source /root/OpenROAD-flow-scripts/flow/platforms/sky130hd/setRC.tcl
place_pins -hor_layers met3 -ver_layers met2
Found 0 macro blocks.
Using 2 tracks default min distance between IO pins.
[INFO PPL-0001] Number of available slots 1996
[INFO PPL-0002] Number of I/O             772
[INFO PPL-0003] Number of I/O w/sink      772
[INFO PPL-0004] Number of I/O w/o sink    0
[INFO PPL-0005] Slots per section         200
[INFO PPL-0008] Successfully assigned pins to sections.
[INFO PPL-0012] I/O nets HPWL: 84609.35 um.
Design area 172216 um^2 57% utilization.
write_db ./results/sky130hd/chia_sha256_benchmark_corrupted/slot0/3_2_place_iop.odb
Log                       Ext     Elapsed/s Peak Memory/MB sha1sum result [0:20)
3_2_place_iop             .odb            0            154 04eebd69bef4b773cd5c
/root/OpenROAD-flow-scripts/flow/scripts/flow.sh 3_3_place_gp global_place
Running global_place.tcl, stage 3_3_place_gp
read_liberty /root/OpenROAD-flow-scripts/flow/platforms/sky130hd/lib/sky130_fd_sc_hd__tt_025C_1v80.lib
read_db ./results/sky130hd/chia_sha256_benchmark_corrupted/slot0/3_2_place_iop.odb
read_sdc ./results/sky130hd/chia_sha256_benchmark_corrupted/slot0/2_floorplan.sdc
source /root/OpenROAD-flow-scripts/flow/platforms/sky130hd/setRC.tcl
[INFO RSZ-0026] Removed 1552 buffers.
Perform port buffering...
[INFO RSZ-0027] Inserted 514 sky130_fd_sc_hd__clkdlybuf4s50_1 input buffers.
[INFO RSZ-0028] Inserted 256 sky130_fd_sc_hd__clkdlybuf4s50_1 output buffers.
global_placement -density 0.6 -pad_left 0 -pad_right 0 -routability_driven -timing_driven -force_center_initial_place -min_phi_coef 0.95 -max_phi_coef 1.05
[INFO GPL-0001] ---- Initialize GPL Main Data Structures
[INFO GPL-0002] DBU: 1000
[INFO GPL-0003] SiteSize: (  0.460  2.720 ) um
[INFO GPL-0004] CoreBBox: (  1.380  2.720 ) ( 550.160 549.440 ) um
[INFO GPL-0016] Core area:                  300029.002 um^2
[INFO GPL-0036] Movable instances area:     167705.843 um^2
[INFO GPL-0037] Total instances area:       172658.093 um^2
[INFO GPL-0035] Pin density area adjust:      6867.402 um^2
[INFO GPL-0032] ---- Initialize Region: Top-level
[INFO GPL-0006] Number of instances:             18346
[INFO GPL-0007] Movable instances:               14388
[INFO GPL-0008] Fixed instances:                  3958
[INFO GPL-0009] Dummy instances:                     0
[INFO GPL-0010] Number of nets:                  15235
[INFO GPL-0011] Number of pins:                  59661
[INFO GPL-0012] Die BBox:       (  0.000  0.000 ) ( 551.270 551.270 ) um
[INFO GPL-0013] Placement BBox: (  1.380  2.720 ) ( 550.160 549.440 ) um
[INFO GPL-0014] Region name: top-level.
[INFO GPL-0015] Region area:                300029.002 um^2
[INFO GPL-0017] Fixed instances area:         4952.250 um^2
[INFO GPL-0018] Movable instances area:     174573.246 um^2
[INFO GPL-0019] Utilization:                    59.162 %
[INFO GPL-0020] Standard cells area:        174573.246 um^2
[INFO GPL-0021] Large instances area:            0.000 um^2
[INFO GPL-0005] ---- Execute Conjugate Gradient Initial Placement.
[INFO GPL-0051] Source of initial instance position counters:
	Odb location = 0	Core center = 14388	Region center = 0
[InitialPlace]  Iter: 1 conjugate gradient residual: 0.00159990 HPWL: 581846998
[InitialPlace]  Iter: 2 conjugate gradient residual: 0.00069932 HPWL: 387147166
[InitialPlace]  Iter: 3 conjugate gradient residual: 0.00033182 HPWL: 353308087
[InitialPlace]  Iter: 4 conjugate gradient residual: 0.00028939 HPWL: 336146529
[InitialPlace]  Iter: 5 conjugate gradient residual: 0.00027354 HPWL: 323576349
[InitialPlace]  Iter: 6 conjugate gradient residual: 0.00019194 HPWL: 316336157
[InitialPlace]  Iter: 7 conjugate gradient residual: 0.00018665 HPWL: 310214394
[InitialPlace]  Iter: 8 conjugate gradient residual: 0.00013275 HPWL: 306653922
[InitialPlace]  Iter: 9 conjugate gradient residual: 0.00010857 HPWL: 304125253
[InitialPlace]  Iter: 10 conjugate gradient residual: 0.00009328 HPWL: 302805953
[InitialPlace]  Iter: 11 conjugate gradient residual: 0.00011794 HPWL: 301053294
[InitialPlace]  Iter: 12 conjugate gradient residual: 0.00008267 HPWL: 300547825
[InitialPlace]  Iter: 13 conjugate gradient residual: 0.00009038 HPWL: 299194538
[InitialPlace]  Iter: 14 conjugate gradient residual: 0.00007282 HPWL: 299101733
[InitialPlace]  Iter: 15 conjugate gradient residual: 0.00006818 HPWL: 298071978
[InitialPlace]  Iter: 16 conjugate gradient residual: 0.00005577 HPWL: 298315761
[InitialPlace]  Iter: 17 conjugate gradient residual: 0.00005825 HPWL: 297460739
[InitialPlace]  Iter: 18 conjugate gradient residual: 0.00004685 HPWL: 297809619
[InitialPlace]  Iter: 19 conjugate gradient residual: 0.00004022 HPWL: 297009639
[InitialPlace]  Iter: 20 conjugate gradient residual: 0.00003847 HPWL: 297416779
[INFO GPL-0033] ---- Initialize Nesterov Region: Top-level
[INFO GPL-0023] Placement target density:       0.6000
[INFO GPL-0024] Movable insts average area:     12.133 um^2
[INFO GPL-0025] Ideal bin area:                 20.222 um^2
[INFO GPL-0026] Ideal bin count:                 14836
[INFO GPL-0027] Total bin area:             300029.002 um^2
[INFO GPL-0028] Bin count (X, Y):          64 ,     64
[INFO GPL-0029] Bin size (W * H):       8.575 *  8.543 um
[INFO GPL-0030] Number of bins:                   4096
[INFO GPL-0084] ---- Execute Nesterov Global Placement.
[INFO GPL-0031] HPWL: Half-Perimeter Wirelength
Iteration | Overflow |     HPWL (um) |  HPWL(%) |   Penalty | Group
---------------------------------------------------------------
        0 |   0.9427 |  1.977019e+05 |   +0.00% |  1.87e-15 |      
       10 |   0.9090 |  2.318455e+05 |  +17.27% |  3.03e-15 |      
       20 |   0.8911 |  2.363844e+05 |   +1.96% |  4.93e-15 |      
       30 |   0.8821 |  2.376900e+05 |   +0.55% |  8.03e-15 |      
       40 |   0.8773 |  2.361116e+05 |   -0.66% |  1.31e-14 |      
       50 |   0.8739 |  2.354714e+05 |   -0.27% |  2.13e-14 |      
       60 |   0.8687 |  2.360717e+05 |   +0.25% |  3.47e-14 |      
       70 |   0.8626 |  2.368934e+05 |   +0.35% |  5.65e-14 |      
       80 |   0.8586 |  2.377558e+05 |   +0.36% |  9.21e-14 |      
       90 |   0.8553 |  2.385838e+05 |   +0.35% |  1.50e-13 |      
      100 |   0.8529 |  2.392197e+05 |   +0.27% |  2.44e-13 |      
      110 |   0.8515 |  2.397063e+05 |   +0.20% |  3.98e-13 |      
      120 |   0.8506 |  2.401526e+05 |   +0.19% |  6.48e-13 |      
      130 |   0.8491 |  2.406657e+05 |   +0.21% |  1.06e-12 |      
      140 |   0.8476 |  2.413474e+05 |   +0.28% |  1.72e-12 |      
      150 |   0.8446 |  2.424956e+05 |   +0.48% |  2.80e-12 |      
      160 |   0.8405 |  2.445990e+05 |   +0.87% |  4.56e-12 |      
      170 |   0.8339 |  2.483795e+05 |   +1.55% |  7.43e-12 |      
      180 |   0.8236 |  2.546389e+05 |   +2.52% |  1.21e-11 |      
      190 |   0.8076 |  2.644168e+05 |   +3.84% |  1.97e-11 |      
      200 |   0.7860 |  2.790305e+05 |   +5.53% |  3.20e-11 |      
      210 |   0.7619 |  2.995449e+05 |   +7.35% |  5.20e-11 |      
      220 |   0.7301 |  3.246403e+05 |   +8.38% |  8.45e-11 |      
      230 |   0.6965 |  3.513204e+05 |   +8.22% |  1.37e-10 |      
      240 |   0.6617 |  3.745771e+05 |   +6.62% |  2.23e-10 |      
[INFO GPL-0100] Timing-driven iteration 1/2, virtual: false.
[INFO GPL-0101]    Iter: 248, overflow: 0.634, keep resizer changes at: 1, HPWL: 386680937
Iteration |   Area    | Resized | Buffers | Nets repaired | Remaining
---------------------------------------------------------------------
        0 |     +0.0% |       0 |       0 |             0 |     15236
    final |     +4.2% |     139 |     273 |           137 |         0
---------------------------------------------------------------------
[INFO RSZ-0034] Found 140 slew violations.
[INFO RSZ-0036] Found 54 capacitance violations.
[INFO RSZ-0039] Resized 139 instances.
[INFO RSZ-0038] Inserted 273 buffers in 137 nets.
   Iter   |    Area   | Removed | Inserted |   Pins
          |           | Buffers | Buffers  | Remaining
-------------------------------------------------------
        0 |     +0.0% |       0 |        0 |     14719
     1400 |     +1.4% |       0 |      347 |     13319
     2800 |     +1.4% |      34 |      428 |     11919
     4200 |     +1.7% |      48 |      526 |     10519
     5600 |     +1.5% |      82 |      568 |      9119
     7000 |     +1.7% |     111 |      691 |      7719
     8400 |     +1.7% |     121 |      726 |      6319
     9800 |     +2.3% |     163 |      931 |      4919
    11200 |     +2.6% |     204 |     1081 |      3519
    12600 |     +2.8% |     258 |     1267 |      2119
    14000 |     +3.6% |     258 |     1455 |       719
    final |     +3.5% |     273 |     1476 |         0
-------------------------------------------------------
[INFO GPL-0106] Timing-driven: worst slack -6.9116635e-10
[INFO GPL-0107] Timing-driven: repair_design delta area: 13380.462 um^2 (+7.66%)
[INFO GPL-0108] Timing-driven: repair_design, gpl delta gcells: 1476 (+10.26%)
[INFO GPL-0109] Timing-driven: repair_design, gcells created: 1749, deleted: 273
[INFO GPL-0110] Timing-driven: new target density: 0.64534575
Iteration | Overflow |     HPWL (um) |  HPWL(%) |   Penalty | Group
---------------------------------------------------------------
      250 |   0.6168 |  4.469712e+05 |  +19.33% |  3.60e-10 |      
[INFO GPL-0038] Routability snapshot saved at iter = 255
      254 |   0.5998 |  4.739256e+05 |          |           |      
      260 |   0.5849 |  4.792378e+05 |   +7.22% |  5.84e-10 |      
      270 |   0.5688 |  4.852847e+05 |   +1.26% |  9.51e-10 |      
      280 |   0.5315 |  4.990131e+05 |   +2.83% |  1.55e-09 |      
      290 |   0.4903 |  4.985239e+05 |   -0.10% |  2.52e-09 |      
      300 |   0.4562 |  4.957723e+05 |   -0.55% |  4.10e-09 |      
      310 |   0.4181 |  4.996268e+05 |   +0.78% |  6.68e-09 |      
      320 |   0.3784 |  5.021874e+05 |   +0.51% |  1.09e-08 |      
      330 |   0.3404 |  4.998038e+05 |   -0.47% |  1.76e-08 |      
      340 |   0.3076 |  4.957708e+05 |   -0.81% |  2.59e-08 |      
[INFO GPL-0040] Routability iteration: 1
[WARNING GRT-0281] Net clk has a large fanout of 2569 terminals.
[INFO GPL-0041] Total routing overflow: 52.2441
[INFO GPL-0042] Number of overflowed tiles: 456 (7.31%)
[INFO GPL-0043] Average top 0.5% routing congestion: 1.3711
[INFO GPL-0044] Average top 1.0% routing congestion: 1.3172
[INFO GPL-0045] Average top 2.0% routing congestion: 1.2556
[INFO GPL-0046] Average top 5.0% routing congestion: 1.1580
[INFO GPL-0047] Routability iteration weighted routing congestion: 1.3442
[INFO GPL-0048] Routing congestion (1.3442) lower than previous minimum (1e+30). Updating minimum.
[INFO GPL-0086] Inflated area:                9574.085 um^2 (+5.09%)
[INFO GPL-0052] Placement target density:       0.6453
[INFO GPL-0076] Removing fillers, count: Before: 195, After: 0 (-100.00%)
[INFO GPL-0077] Filler area (um^2)     : Before: 2472.815, After: 0.000 (-100.00%)
[INFO GPL-0078] Removed fillers count: 195, area removed: 2466.272 um^2. Remaining area to be compensated by modifying density: 7107.814 um^2
[INFO GPL-0079] New target density: 0.6694116
[INFO GPL-0058] White space area:           295076.752 um^2 (+0.00%)
[INFO GPL-0059] Movable instances area:     197527.798 um^2 (+3.73%)
[INFO GPL-0060] Total filler area:               0.000 um^2 (-100.00%)
[INFO GPL-0061] Total non-inflated area:    197527.793 um^2 (+3.73%)
[INFO GPL-0062] Total inflated area:        207101.878 um^2 (+3.55%)
[INFO GPL-0063] New Target Density:             0.6694
[INFO GPL-0087] Routability end iteration: increase inflation and revert back to snapshot.
Iteration | Overflow |     HPWL (um) |  HPWL(%) |   Penalty | Group
---------------------------------------------------------------
      350 |   0.5891 |  4.815274e+05 |   -2.87% |  5.78e-10 |      
      360 |   0.5730 |  4.899369e+05 |   +1.75% |  8.51e-10 |      
      370 |   0.5386 |  5.028379e+05 |   +2.63% |  1.25e-09 |      
      380 |   0.5077 |  5.025225e+05 |   -0.06% |  1.84e-09 |      
      390 |   0.4837 |  5.003069e+05 |   -0.44% |  2.72e-09 |      
      400 |   0.4573 |  5.024917e+05 |   +0.44% |  4.00e-09 |      
      410 |   0.4257 |  5.054930e+05 |   +0.60% |  5.89e-09 |      
      420 |   0.3934 |  5.052785e+05 |   -0.04% |  8.68e-09 |      
      430 |   0.3651 |  5.044336e+05 |   -0.17% |  1.28e-08 |      
      440 |   0.3326 |  5.037566e+05 |   -0.13% |  1.88e-08 |      
      450 |   0.2983 |  5.030849e+05 |   -0.13% |  2.78e-08 |      
[INFO GPL-0040] Routability iteration: 2
[INFO GPL-0041] Total routing overflow: 28.9420
[INFO GPL-0042] Number of overflowed tiles: 326 (5.22%)
[INFO GPL-0043] Average top 0.5% routing congestion: 1.2267
[INFO GPL-0044] Average top 1.0% routing congestion: 1.1982
[INFO GPL-0045] Average top 2.0% routing congestion: 1.1619
[INFO GPL-0046] Average top 5.0% routing congestion: 1.0923
[INFO GPL-0047] Routability iteration weighted routing congestion: 1.2125
[INFO GPL-0048] Routing congestion (1.2125) lower than previous minimum (1.344). Updating minimum.
[INFO GPL-0086] Inflated area:                4170.303 um^2 (+2.11%)
[INFO GPL-0052] Placement target density:       0.6694
[INFO GPL-0076] Removing fillers, count: Before: 0, After: 0 (+0.00%)
[INFO GPL-0077] Filler area (um^2)     : Before: 0.000, After: 0.000 (+0.00%)
[INFO GPL-0078] Removed fillers count: 0, area removed: 0.000 um^2. Remaining area to be compensated by modifying density: 4170.303 um^2
[INFO GPL-0079] New target density: 0.6835445
[INFO GPL-0058] White space area:           295076.752 um^2 (+0.00%)
[INFO GPL-0059] Movable instances area:     201698.099 um^2 (+2.11%)
[INFO GPL-0060] Total filler area:               0.000 um^2 (+0.00%)
[INFO GPL-0061] Total non-inflated area:    201698.096 um^2 (+2.11%)
[INFO GPL-0062] Total inflated area:        205868.398 um^2 (+2.07%)
[INFO GPL-0063] New Target Density:             0.6835
[INFO GPL-0087] Routability end iteration: increase inflation and revert back to snapshot.
Iteration | Overflow |     HPWL (um) |  HPWL(%) |   Penalty | Group
---------------------------------------------------------------
      460 |   0.5885 |  4.825095e+05 |   -4.09% |  6.49e-10 |      
      470 |   0.5620 |  4.961085e+05 |   +2.82% |  9.55e-10 |      
      480 |   0.5272 |  5.056805e+05 |   +1.93% |  1.41e-09 |      
      490 |   0.4987 |  5.032779e+05 |   -0.48% |  2.07e-09 |      
      500 |   0.4749 |  5.035750e+05 |   +0.06% |  3.05e-09 |      
      510 |   0.4484 |  5.058043e+05 |   +0.44% |  4.49e-09 |      
      520 |   0.4162 |  5.085458e+05 |   +0.54% |  6.62e-09 |      
      530 |   0.3841 |  5.075734e+05 |   -0.19% |  9.75e-09 |      
      540 |   0.3520 |  5.067613e+05 |   -0.16% |  1.44e-08 |      
      550 |   0.3213 |  5.056435e+05 |   -0.22% |  2.12e-08 |      
[INFO GPL-0040] Routability iteration: 3
[INFO GPL-0041] Total routing overflow: 24.6552
[INFO GPL-0042] Number of overflowed tiles: 300 (4.81%)
[INFO GPL-0043] Average top 0.5% routing congestion: 1.2080
[INFO GPL-0044] Average top 1.0% routing congestion: 1.1807
[INFO GPL-0045] Average top 2.0% routing congestion: 1.1432
[INFO GPL-0046] Average top 5.0% routing congestion: 1.0786
[INFO GPL-0047] Routability iteration weighted routing congestion: 1.1944
[INFO GPL-0048] Routing congestion (1.1944) lower than previous minimum (1.212). Updating minimum.
[INFO GPL-0086] Inflated area:                3691.870 um^2 (+1.83%)
[INFO GPL-0052] Placement target density:       0.6835
[INFO GPL-0076] Removing fillers, count: Before: 0, After: 0 (+0.00%)
[INFO GPL-0077] Filler area (um^2)     : Before: 0.000, After: 0.000 (+0.00%)
[INFO GPL-0078] Removed fillers count: 0, area removed: 0.000 um^2. Remaining area to be compensated by modifying density: 3691.870 um^2
[INFO GPL-0079] New target density: 0.69605607
[INFO GPL-0058] White space area:           295076.752 um^2 (+0.00%)
[INFO GPL-0059] Movable instances area:     205389.971 um^2 (+1.83%)
[INFO GPL-0060] Total filler area:               0.000 um^2 (+0.00%)
[INFO GPL-0061] Total non-inflated area:    205389.966 um^2 (+1.83%)
[INFO GPL-0062] Total inflated area:        209081.836 um^2 (+1.80%)
[INFO GPL-0063] New Target Density:             0.6961
[INFO GPL-0087] Routability end iteration: increase inflation and revert back to snapshot.
Iteration | Overflow |     HPWL (um) |  HPWL(%) |   Penalty | Group
---------------------------------------------------------------
      560 |   0.6005 |  4.815952e+05 |   -4.76% |  4.95e-10 |      
      570 |   0.5813 |  4.863331e+05 |   +0.98% |  7.29e-10 |      
      580 |   0.5507 |  5.012693e+05 |   +3.07% |  1.07e-09 |      
      590 |   0.5162 |  5.074137e+05 |   +1.23% |  1.58e-09 |      
      600 |   0.4916 |  5.042541e+05 |   -0.62% |  2.33e-09 |      
      610 |   0.4667 |  5.063809e+05 |   +0.42% |  3.43e-09 |      
      620 |   0.4379 |  5.085621e+05 |   +0.43% |  5.05e-09 |      
      630 |   0.4071 |  5.103980e+05 |   +0.36% |  7.43e-09 |      
      640 |   0.3762 |  5.092373e+05 |   -0.23% |  1.09e-08 |      
      650 |   0.3430 |  5.084497e+05 |   -0.15% |  1.61e-08 |      
      660 |   0.3110 |  5.081184e+05 |   -0.07% |  2.38e-08 |      
[INFO GPL-0040] Routability iteration: 4
[INFO GPL-0041] Total routing overflow: 20.0331
[INFO GPL-0042] Number of overflowed tiles: 273 (4.37%)
[INFO GPL-0043] Average top 0.5% routing congestion: 1.1896
[INFO GPL-0044] Average top 1.0% routing congestion: 1.1634
[INFO GPL-0045] Average top 2.0% routing congestion: 1.1275
[INFO GPL-0046] Average top 5.0% routing congestion: 1.0632
[INFO GPL-0047] Routability iteration weighted routing congestion: 1.1765
[INFO GPL-0048] Routing congestion (1.1765) lower than previous minimum (1.194). Updating minimum.
[INFO GPL-0086] Inflated area:                2928.460 um^2 (+1.43%)
[INFO GPL-0052] Placement target density:       0.6961
[INFO GPL-0076] Removing fillers, count: Before: 0, After: 0 (+0.00%)
[INFO GPL-0077] Filler area (um^2)     : Before: 0.000, After: 0.000 (+0.00%)
[INFO GPL-0078] Removed fillers count: 0, area removed: 0.000 um^2. Remaining area to be compensated by modifying density: 2928.460 um^2
[INFO GPL-0079] New target density: 0.7059805
[INFO GPL-0058] White space area:           295076.752 um^2 (+0.00%)
[INFO GPL-0059] Movable instances area:     208318.431 um^2 (+1.43%)
[INFO GPL-0060] Total filler area:               0.000 um^2 (+0.00%)
[INFO GPL-0061] Total non-inflated area:    208318.426 um^2 (+1.43%)
[INFO GPL-0062] Total inflated area:        211246.886 um^2 (+1.41%)
[INFO GPL-0063] New Target Density:             0.7060
[INFO GPL-0087] Routability end iteration: increase inflation and revert back to snapshot.
Iteration | Overflow |     HPWL (um) |  HPWL(%) |   Penalty | Group
---------------------------------------------------------------
      670 |   0.5944 |  4.830610e+05 |   -4.93% |  5.56e-10 |      
      680 |   0.5735 |  4.912914e+05 |   +1.70% |  8.19e-10 |      
      690 |   0.5392 |  5.056497e+05 |   +2.92% |  1.20e-09 |      
      700 |   0.5059 |  5.080383e+05 |   +0.47% |  1.77e-09 |      
      710 |   0.4848 |  5.063263e+05 |   -0.34% |  2.61e-09 |      
      720 |   0.4572 |  5.086874e+05 |   +0.47% |  3.85e-09 |      
      730 |   0.4256 |  5.111582e+05 |   +0.49% |  5.67e-09 |      
      740 |   0.3965 |  5.122053e+05 |   +0.20% |  8.35e-09 |      
      750 |   0.3637 |  5.104891e+05 |   -0.34% |  1.23e-08 |      
      760 |   0.3342 |  5.099688e+05 |   -0.10% |  1.81e-08 |      
      770 |   0.2971 |  5.105071e+05 |   +0.11% |  2.67e-08 |      
[INFO GPL-0040] Routability iteration: 5
[INFO GPL-0041] Total routing overflow: 17.8237
[INFO GPL-0042] Number of overflowed tiles: 271 (4.34%)
[INFO GPL-0043] Average top 0.5% routing congestion: 1.1667
[INFO GPL-0044] Average top 1.0% routing congestion: 1.1445
[INFO GPL-0045] Average top 2.0% routing congestion: 1.1133
[INFO GPL-0046] Average top 5.0% routing congestion: 1.0561
[INFO GPL-0047] Routability iteration weighted routing congestion: 1.1556
[INFO GPL-0048] Routing congestion (1.1556) lower than previous minimum (1.177). Updating minimum.
[INFO GPL-0086] Inflated area:                2609.664 um^2 (+1.25%)
[INFO GPL-0052] Placement target density:       0.7060
[INFO GPL-0076] Removing fillers, count: Before: 0, After: 0 (+0.00%)
[INFO GPL-0077] Filler area (um^2)     : Before: 0.000, After: 0.000 (+0.00%)
[INFO GPL-0078] Removed fillers count: 0, area removed: 0.000 um^2. Remaining area to be compensated by modifying density: 2609.664 um^2
[INFO GPL-0079] New target density: 0.7148245
[INFO GPL-0058] White space area:           295076.752 um^2 (+0.00%)
[INFO GPL-0059] Movable instances area:     210928.091 um^2 (+1.25%)
[INFO GPL-0060] Total filler area:               0.000 um^2 (+0.00%)
[INFO GPL-0061] Total non-inflated area:    210928.090 um^2 (+1.25%)
[INFO GPL-0062] Total inflated area:        213537.754 um^2 (+1.24%)
[INFO GPL-0063] New Target Density:             0.7148
[INFO GPL-0087] Routability end iteration: increase inflation and revert back to snapshot.
Iteration | Overflow |     HPWL (um) |  HPWL(%) |   Penalty | Group
---------------------------------------------------------------
      780 |   0.5893 |  4.848527e+05 |   -5.03% |  6.49e-10 |      
      790 |   0.5592 |  4.986927e+05 |   +2.85% |  9.55e-10 |      
      800 |   0.5244 |  5.092348e+05 |   +2.11% |  1.41e-09 |      
      810 |   0.4961 |  5.078671e+05 |   -0.27% |  2.07e-09 |      
      820 |   0.4724 |  5.089531e+05 |   +0.21% |  3.05e-09 |      
      830 |   0.4445 |  5.110660e+05 |   +0.42% |  4.49e-09 |      
      840 |   0.4147 |  5.133390e+05 |   +0.44% |  6.62e-09 |      
      850 |   0.3833 |  5.132634e+05 |   -0.01% |  9.75e-09 |      
      860 |   0.3494 |  5.114006e+05 |   -0.36% |  1.44e-08 |      
      870 |   0.3197 |  5.114317e+05 |   +0.01% |  2.11e-08 |      
[INFO GPL-0040] Routability iteration: 6
[INFO GPL-0041] Total routing overflow: 14.7519
[INFO GPL-0042] Number of overflowed tiles: 245 (3.93%)
[INFO GPL-0043] Average top 0.5% routing congestion: 1.1560
[INFO GPL-0044] Average top 1.0% routing congestion: 1.1279
[INFO GPL-0045] Average top 2.0% routing congestion: 1.0966
[INFO GPL-0046] Average top 5.0% routing congestion: 1.0450
[INFO GPL-0047] Routability iteration weighted routing congestion: 1.1419
[INFO GPL-0048] Routing congestion (1.1419) lower than previous minimum (1.156). Updating minimum.
[INFO GPL-0086] Inflated area:                2179.708 um^2 (+1.03%)
[INFO GPL-0052] Placement target density:       0.7148
[INFO GPL-0076] Removing fillers, count: Before: 0, After: 0 (+0.00%)
[INFO GPL-0077] Filler area (um^2)     : Before: 0.000, After: 0.000 (+0.00%)
[INFO GPL-0078] Removed fillers count: 0, area removed: 0.000 um^2. Remaining area to be compensated by modifying density: 2179.708 um^2
[INFO GPL-0079] New target density: 0.7222114
[INFO GPL-0058] White space area:           295076.752 um^2 (+0.00%)
[INFO GPL-0059] Movable instances area:     213107.802 um^2 (+1.03%)
[INFO GPL-0060] Total filler area:               0.000 um^2 (+0.00%)
[INFO GPL-0061] Total non-inflated area:    213107.798 um^2 (+1.03%)
[INFO GPL-0062] Total inflated area:        215287.505 um^2 (+1.02%)
[INFO GPL-0063] New Target Density:             0.7222
[INFO GPL-0087] Routability end iteration: increase inflation and revert back to snapshot.
Iteration | Overflow |     HPWL (um) |  HPWL(%) |   Penalty | Group
---------------------------------------------------------------
      880 |   0.6004 |  4.827143e+05 |   -5.62% |  5.15e-10 |      
      890 |   0.5783 |  4.896710e+05 |   +1.44% |  7.58e-10 |      
      900 |   0.5446 |  5.051279e+05 |   +3.16% |  1.11e-09 |      
      910 |   0.5116 |  5.104628e+05 |   +1.06% |  1.64e-09 |      
      920 |   0.4888 |  5.084939e+05 |   -0.39% |  2.42e-09 |      
      930 |   0.4617 |  5.108939e+05 |   +0.47% |  3.56e-09 |      
      940 |   0.4312 |  5.128075e+05 |   +0.37% |  5.24e-09 |      
      950 |   0.4026 |  5.150550e+05 |   +0.44% |  7.72e-09 |      
      960 |   0.3682 |  5.136310e+05 |   -0.28% |  1.14e-08 |      
      970 |   0.3366 |  5.123173e+05 |   -0.26% |  1.68e-08 |      
      980 |   0.3036 |  5.131205e+05 |   +0.16% |  2.47e-08 |      
[INFO GPL-0040] Routability iteration: 7
[INFO GPL-0041] Total routing overflow: 14.0755
[INFO GPL-0042] Number of overflowed tiles: 238 (3.81%)
[INFO GPL-0043] Average top 0.5% routing congestion: 1.1554
[INFO GPL-0044] Average top 1.0% routing congestion: 1.1263
[INFO GPL-0045] Average top 2.0% routing congestion: 1.0936
[INFO GPL-0046] Average top 5.0% routing congestion: 1.0421
[INFO GPL-0047] Routability iteration weighted routing congestion: 1.1408
[INFO GPL-0048] Routing congestion (1.1408) lower than previous minimum (1.142). Updating minimum.
[INFO GPL-0086] Inflated area:                2087.511 um^2 (+0.98%)
[INFO GPL-0052] Placement target density:       0.7222
[INFO GPL-0076] Removing fillers, count: Before: 0, After: 0 (+0.00%)
[INFO GPL-0077] Filler area (um^2)     : Before: 0.000, After: 0.000 (+0.00%)
[INFO GPL-0078] Removed fillers count: 0, area removed: 0.000 um^2. Remaining area to be compensated by modifying density: 2087.512 um^2
[INFO GPL-0079] New target density: 0.72928584
[INFO GPL-0058] White space area:           295076.752 um^2 (+0.00%)
[INFO GPL-0059] Movable instances area:     215195.304 um^2 (+0.98%)
[INFO GPL-0060] Total filler area:               0.000 um^2 (+0.00%)
[INFO GPL-0061] Total non-inflated area:    215195.309 um^2 (+0.98%)
[INFO GPL-0062] Total inflated area:        217282.821 um^2 (+0.97%)
[INFO GPL-0063] New Target Density:             0.7293
[INFO GPL-0087] Routability end iteration: increase inflation and revert back to snapshot.
Iteration | Overflow |     HPWL (um) |  HPWL(%) |   Penalty | Group
---------------------------------------------------------------
      990 |   0.5936 |  4.849359e+05 |   -5.49% |  6.01e-10 |      
     1000 |   0.5652 |  4.966949e+05 |   +2.42% |  8.84e-10 |      
     1010 |   0.5313 |  5.097417e+05 |   +2.63% |  1.30e-09 |      
     1020 |   0.5008 |  5.104458e+05 |   +0.14% |  1.92e-09 |      
     1030 |   0.4784 |  5.100559e+05 |   -0.08% |  2.82e-09 |      
     1040 |   0.4477 |  5.124657e+05 |   +0.47% |  4.16e-09 |      
     1050 |   0.4215 |  5.143311e+05 |   +0.36% |  6.12e-09 |      
     1060 |   0.3891 |  5.161368e+05 |   +0.35% |  9.02e-09 |      
     1070 |   0.3569 |  5.132464e+05 |   -0.56% |  1.33e-08 |      
     1080 |   0.3258 |  5.136107e+05 |   +0.07% |  1.96e-08 |      
[INFO GPL-0040] Routability iteration: 8
[INFO GPL-0041] Total routing overflow: 13.3061
[INFO GPL-0042] Number of overflowed tiles: 228 (3.65%)
[INFO GPL-0043] Average top 0.5% routing congestion: 1.1574
[INFO GPL-0044] Average top 1.0% routing congestion: 1.1256
[INFO GPL-0045] Average top 2.0% routing congestion: 1.0912
[INFO GPL-0046] Average top 5.0% routing congestion: 1.0382
[INFO GPL-0047] Routability iteration weighted routing congestion: 1.1415
[INFO GPL-0049] Routing congestion (1.1415) higher than minimum (1.1408). Consecutive non-improvement count: 1.
[INFO GPL-0086] Inflated area:                1795.986 um^2 (+0.83%)
[INFO GPL-0052] Placement target density:       0.7293
[INFO GPL-0076] Removing fillers, count: Before: 0, After: 0 (+0.00%)
[INFO GPL-0077] Filler area (um^2)     : Before: 0.000, After: 0.000 (+0.00%)
[INFO GPL-0078] Removed fillers count: 0, area removed: 0.000 um^2. Remaining area to be compensated by modifying density: 1795.986 um^2
[INFO GPL-0079] New target density: 0.73537236
[INFO GPL-0058] White space area:           295076.752 um^2 (+0.00%)
[INFO GPL-0059] Movable instances area:     216991.285 um^2 (+0.83%)
[INFO GPL-0060] Total filler area:               0.000 um^2 (+0.00%)
[INFO GPL-0061] Total non-inflated area:    216991.295 um^2 (+0.83%)
[INFO GPL-0062] Total inflated area:        218787.281 um^2 (+0.83%)
[INFO GPL-0063] New Target Density:             0.7354
[INFO GPL-0087] Routability end iteration: increase inflation and revert back to snapshot.
Iteration | Overflow |     HPWL (um) |  HPWL(%) |   Penalty | Group
---------------------------------------------------------------
     1090 |   0.6062 |  4.798458e+05 |   -6.57% |  4.76e-10 |      
     1100 |   0.5836 |  4.883288e+05 |   +1.77% |  7.01e-10 |      
     1110 |   0.5513 |  5.035197e+05 |   +3.11% |  1.03e-09 |      
     1120 |   0.5161 |  5.120973e+05 |   +1.70% |  1.52e-09 |      
     1130 |   0.4922 |  5.105866e+05 |   -0.30% |  2.24e-09 |      
     1140 |   0.4679 |  5.117066e+05 |   +0.22% |  3.30e-09 |      
     1150 |   0.4358 |  5.137244e+05 |   +0.39% |  4.85e-09 |      
     1160 |   0.4072 |  5.165984e+05 |   +0.56% |  7.15e-09 |      
     1170 |   0.3753 |  5.157038e+05 |   -0.17% |  1.05e-08 |      
     1180 |   0.3441 |  5.137527e+05 |   -0.38% |  1.55e-08 |      
     1190 |   0.3113 |  5.147645e+05 |   +0.20% |  2.28e-08 |      
[INFO GPL-0040] Routability iteration: 9
[INFO GPL-0041] Total routing overflow: 12.7561
[INFO GPL-0042] Number of overflowed tiles: 228 (3.65%)
[INFO GPL-0043] Average top 0.5% routing congestion: 1.1413
[INFO GPL-0044] Average top 1.0% routing congestion: 1.1176
[INFO GPL-0045] Average top 2.0% routing congestion: 1.0874
[INFO GPL-0046] Average top 5.0% routing congestion: 1.0371
[INFO GPL-0047] Routability iteration weighted routing congestion: 1.1294
[INFO GPL-0048] Routing congestion (1.1294) lower than previous minimum (1.141). Updating minimum.
[INFO GPL-0086] Inflated area:                1724.979 um^2 (+0.79%)
[INFO GPL-0052] Placement target density:       0.7354
[INFO GPL-0076] Removing fillers, count: Before: 0, After: 0 (+0.00%)
[INFO GPL-0077] Filler area (um^2)     : Before: 0.000, After: 0.000 (+0.00%)
[INFO GPL-0078] Removed fillers count: 0, area removed: 0.000 um^2. Remaining area to be compensated by modifying density: 1724.979 um^2
[INFO GPL-0079] New target density: 0.74121827
[INFO GPL-0058] White space area:           295076.752 um^2 (+0.00%)
[INFO GPL-0059] Movable instances area:     218716.291 um^2 (+0.79%)
[INFO GPL-0060] Total filler area:               0.000 um^2 (+0.00%)
[INFO GPL-0061] Total non-inflated area:    218716.275 um^2 (+0.79%)
[INFO GPL-0062] Total inflated area:        220441.254 um^2 (+0.79%)
[INFO GPL-0063] New Target Density:             0.7412
[INFO GPL-0087] Routability end iteration: increase inflation and revert back to snapshot.
Iteration | Overflow |     HPWL (um) |  HPWL(%) |   Penalty | Group
---------------------------------------------------------------
     1200 |   0.5946 |  4.854301e+05 |   -5.70% |  5.78e-10 |      
     1210 |   0.5672 |  4.959044e+05 |   +2.16% |  8.51e-10 |      
     1220 |   0.5337 |  5.101282e+05 |   +2.87% |  1.25e-09 |      
     1230 |   0.5030 |  5.123660e+05 |   +0.44% |  1.84e-09 |      
     1240 |   0.4801 |  5.119492e+05 |   -0.08% |  2.71e-09 |      
     1250 |   0.4511 |  5.137777e+05 |   +0.36% |  4.00e-09 |      
     1260 |   0.4233 |  5.156766e+05 |   +0.37% |  5.89e-09 |      
     1270 |   0.3909 |  5.175176e+05 |   +0.36% |  8.67e-09 |      
     1280 |   0.3591 |  5.147778e+05 |   -0.53% |  1.28e-08 |      
     1290 |   0.3270 |  5.153534e+05 |   +0.11% |  1.88e-08 |      
[INFO GPL-0040] Routability iteration: 10
[INFO GPL-0041] Total routing overflow: 12.1481
[INFO GPL-0042] Number of overflowed tiles: 222 (3.56%)
[INFO GPL-0043] Average top 0.5% routing congestion: 1.1347
[INFO GPL-0044] Average top 1.0% routing congestion: 1.1120
[INFO GPL-0045] Average top 2.0% routing congestion: 1.0838
[INFO GPL-0046] Average top 5.0% routing congestion: 1.0348
[INFO GPL-0047] Routability iteration weighted routing congestion: 1.1233
[INFO GPL-0048] Routing congestion (1.1233) lower than previous minimum (1.129). Updating minimum.
[INFO GPL-0086] Inflated area:                1775.685 um^2 (+0.81%)
[INFO GPL-0052] Placement target density:       0.7412
[INFO GPL-0076] Removing fillers, count: Before: 0, After: 0 (+0.00%)
[INFO GPL-0077] Filler area (um^2)     : Before: 0.000, After: 0.000 (+0.00%)
[INFO GPL-0078] Removed fillers count: 0, area removed: 0.000 um^2. Remaining area to be compensated by modifying density: 1775.685 um^2
[INFO GPL-0079] New target density: 0.74723595
[INFO GPL-0058] White space area:           295076.752 um^2 (+0.00%)
[INFO GPL-0059] Movable instances area:     220491.956 um^2 (+0.81%)
[INFO GPL-0060] Total filler area:               0.000 um^2 (+0.00%)
[INFO GPL-0061] Total non-inflated area:    220491.959 um^2 (+0.81%)
[INFO GPL-0062] Total inflated area:        222267.644 um^2 (+0.81%)
[INFO GPL-0063] New Target Density:             0.7472
[INFO GPL-0087] Routability end iteration: increase inflation and revert back to snapshot.
Iteration | Overflow |     HPWL (um) |  HPWL(%) |   Penalty | Group
---------------------------------------------------------------
     1300 |   0.6104 |  4.781246e+05 |   -7.22% |  4.58e-10 |      
     1310 |   0.5870 |  4.883977e+05 |   +2.15% |  6.75e-10 |      
     1320 |   0.5533 |  5.029840e+05 |   +2.99% |  9.93e-10 |      
     1330 |   0.5177 |  5.132221e+05 |   +2.04% |  1.46e-09 |      
     1340 |   0.4938 |  5.124162e+05 |   -0.16% |  2.15e-09 |      
     1350 |   0.4704 |  5.133917e+05 |   +0.19% |  3.17e-09 |      
     1360 |   0.4382 |  5.150335e+05 |   +0.32% |  4.67e-09 |      
     1370 |   0.4107 |  5.176192e+05 |   +0.50% |  6.88e-09 |      
     1380 |   0.3792 |  5.171287e+05 |   -0.09% |  1.01e-08 |      
     1390 |   0.3471 |  5.155764e+05 |   -0.30% |  1.49e-08 |      
     1400 |   0.3131 |  5.161363e+05 |   +0.11% |  2.20e-08 |      
[INFO GPL-0040] Routability iteration: 11
[INFO GPL-0041] Total routing overflow: 11.2660
[INFO GPL-0042] Number of overflowed tiles: 205 (3.28%)
[INFO GPL-0043] Average top 0.5% routing congestion: 1.1365
[INFO GPL-0044] Average top 1.0% routing congestion: 1.1115
[INFO GPL-0045] Average top 2.0% routing congestion: 1.0807
[INFO GPL-0046] Average top 5.0% routing congestion: 1.0302
[INFO GPL-0047] Routability iteration weighted routing congestion: 1.1240
[INFO GPL-0049] Routing congestion (1.1240) higher than minimum (1.1233). Consecutive non-improvement count: 1.
[INFO GPL-0086] Inflated area:                1659.546 um^2 (+0.75%)
[INFO GPL-0052] Placement target density:       0.7472
[INFO GPL-0076] Removing fillers, count: Before: 0, After: 0 (+0.00%)
[INFO GPL-0077] Filler area (um^2)     : Before: 0.000, After: 0.000 (+0.00%)
[INFO GPL-0078] Removed fillers count: 0, area removed: 0.000 um^2. Remaining area to be compensated by modifying density: 1659.546 um^2
[INFO GPL-0079] New target density: 0.75286007
[INFO GPL-0058] White space area:           295076.752 um^2 (+0.00%)
[INFO GPL-0059] Movable instances area:     222151.508 um^2 (+0.75%)
[INFO GPL-0060] Total filler area:               0.000 um^2 (+0.00%)
[INFO GPL-0061] Total non-inflated area:    222151.505 um^2 (+0.75%)
[INFO GPL-0062] Total inflated area:        223811.051 um^2 (+0.75%)
[INFO GPL-0063] New Target Density:             0.7529
[INFO GPL-0087] Routability end iteration: increase inflation and revert back to snapshot.
Iteration | Overflow |     HPWL (um) |  HPWL(%) |   Penalty | Group
---------------------------------------------------------------
     1410 |   0.6015 |  4.847788e+05 |   -6.08% |  5.35e-10 |      
     1420 |   0.5744 |  4.935782e+05 |   +1.82% |  7.87e-10 |      
     1430 |   0.5376 |  5.092267e+05 |   +3.17% |  1.16e-09 |      
     1440 |   0.5076 |  5.136164e+05 |   +0.86% |  1.71e-09 |      
     1450 |   0.4867 |  5.131346e+05 |   -0.09% |  2.51e-09 |      
     1460 |   0.4566 |  5.149056e+05 |   +0.35% |  3.70e-09 |      
     1470 |   0.4265 |  5.164159e+05 |   +0.29% |  5.45e-09 |      
     1480 |   0.3974 |  5.188907e+05 |   +0.48% |  8.03e-09 |      
     1490 |   0.3666 |  5.168993e+05 |   -0.38% |  1.18e-08 |      
     1500 |   0.3329 |  5.169527e+05 |   +0.01% |  1.74e-08 |      
     1510 |   0.2999 |  5.170041e+05 |   +0.01% |  2.57e-08 |      
[INFO GPL-0040] Routability iteration: 12
[INFO GPL-0041] Total routing overflow: 11.4530
[INFO GPL-0042] Number of overflowed tiles: 216 (3.46%)
[INFO GPL-0043] Average top 0.5% routing congestion: 1.1388
[INFO GPL-0044] Average top 1.0% routing congestion: 1.1131
[INFO GPL-0045] Average top 2.0% routing congestion: 1.0809
[INFO GPL-0046] Average top 5.0% routing congestion: 1.0310
[INFO GPL-0047] Routability iteration weighted routing congestion: 1.1260
[INFO GPL-0049] Routing congestion (1.1260) higher than minimum (1.1233). Consecutive non-improvement count: 2.
[INFO GPL-0086] Inflated area:                1789.154 um^2 (+0.81%)
[INFO GPL-0052] Placement target density:       0.7529
[INFO GPL-0076] Removing fillers, count: Before: 0, After: 0 (+0.00%)
[INFO GPL-0077] Filler area (um^2)     : Before: 0.000, After: 0.000 (+0.00%)
[INFO GPL-0078] Removed fillers count: 0, area removed: 0.000 um^2. Remaining area to be compensated by modifying density: 1789.154 um^2
[INFO GPL-0079] New target density: 0.7589234
[INFO GPL-0058] White space area:           295076.752 um^2 (+0.00%)
[INFO GPL-0059] Movable instances area:     223940.657 um^2 (+0.81%)
[INFO GPL-0060] Total filler area:               0.000 um^2 (+0.00%)
[INFO GPL-0061] Total non-inflated area:    223940.659 um^2 (+0.81%)
[INFO GPL-0062] Total inflated area:        225729.812 um^2 (+0.80%)
[INFO GPL-0063] New Target Density:             0.7589
[INFO GPL-0087] Routability end iteration: increase inflation and revert back to snapshot.
Iteration | Overflow |     HPWL (um) |  HPWL(%) |   Penalty | Group
---------------------------------------------------------------
     1520 |   0.5893 |  4.882167e+05 |   -5.57% |  6.49e-10 |      
     1530 |   0.5552 |  5.024434e+05 |   +2.91% |  9.55e-10 |      
     1540 |   0.5182 |  5.137474e+05 |   +2.25% |  1.41e-09 |      
     1550 |   0.4960 |  5.134248e+05 |   -0.06% |  2.07e-09 |      
     1560 |   0.4705 |  5.147368e+05 |   +0.26% |  3.05e-09 |      
     1570 |   0.4405 |  5.158027e+05 |   +0.21% |  4.49e-09 |      
     1580 |   0.4106 |  5.185441e+05 |   +0.53% |  6.61e-09 |      
     1590 |   0.3814 |  5.183833e+05 |   -0.03% |  9.74e-09 |      
     1600 |   0.3508 |  5.171557e+05 |   -0.24% |  1.44e-08 |      
     1610 |   0.3134 |  5.172313e+05 |   +0.01% |  2.11e-08 |      
[INFO GPL-0040] Routability iteration: 13
[INFO GPL-0041] Total routing overflow: 9.3353
[INFO GPL-0042] Number of overflowed tiles: 194 (3.11%)
[INFO GPL-0043] Average top 0.5% routing congestion: 1.1215
[INFO GPL-0044] Average top 1.0% routing congestion: 1.0978
[INFO GPL-0045] Average top 2.0% routing congestion: 1.0685
[INFO GPL-0046] Average top 5.0% routing congestion: 1.0234
[INFO GPL-0047] Routability iteration weighted routing congestion: 1.1097
[INFO GPL-0048] Routing congestion (1.1097) lower than previous minimum (1.123). Updating minimum.
[INFO GPL-0086] Inflated area:                1527.188 um^2 (+0.68%)
[INFO GPL-0052] Placement target density:       0.7589
[INFO GPL-0076] Removing fillers, count: Before: 0, After: 0 (+0.00%)
[INFO GPL-0077] Filler area (um^2)     : Before: 0.000, After: 0.000 (+0.00%)
[INFO GPL-0078] Removed fillers count: 0, area removed: 0.000 um^2. Remaining area to be compensated by modifying density: 1527.188 um^2
[INFO GPL-0079] New target density: 0.76409894
[INFO GPL-0058] White space area:           295076.752 um^2 (+0.00%)
[INFO GPL-0059] Movable instances area:     225467.843 um^2 (+0.68%)
[INFO GPL-0060] Total filler area:               0.000 um^2 (+0.00%)
[INFO GPL-0061] Total non-inflated area:    225467.847 um^2 (+0.68%)
[INFO GPL-0062] Total inflated area:        226995.035 um^2 (+0.68%)
[INFO GPL-0063] New Target Density:             0.7641
[INFO GPL-0087] Routability end iteration: increase inflation and revert back to snapshot.
Iteration | Overflow |     HPWL (um) |  HPWL(%) |   Penalty | Group
---------------------------------------------------------------
     1620 |   0.6046 |  4.834090e+05 |   -6.54% |  5.15e-10 |      
     1630 |   0.5765 |  4.928182e+05 |   +1.95% |  7.57e-10 |      
     1640 |   0.5392 |  5.087615e+05 |   +3.24% |  1.11e-09 |      
     1650 |   0.5072 |  5.145205e+05 |   +1.13% |  1.64e-09 |      
     1660 |   0.4880 |  5.141655e+05 |   -0.07% |  2.42e-09 |      
     1670 |   0.4579 |  5.157938e+05 |   +0.32% |  3.56e-09 |      
     1680 |   0.4302 |  5.169717e+05 |   +0.23% |  5.24e-09 |      
     1690 |   0.3990 |  5.197467e+05 |   +0.54% |  7.72e-09 |      
     1700 |   0.3676 |  5.178462e+05 |   -0.37% |  1.14e-08 |      
     1710 |   0.3365 |  5.184707e+05 |   +0.12% |  1.68e-08 |      
     1720 |   0.3014 |  5.187370e+05 |   +0.05% |  2.47e-08 |      
[INFO GPL-0040] Routability iteration: 14
[INFO GPL-0041] Total routing overflow: 8.4173
[INFO GPL-0042] Number of overflowed tiles: 185 (2.96%)
[INFO GPL-0043] Average top 0.5% routing congestion: 1.1100
[INFO GPL-0044] Average top 1.0% routing congestion: 1.0906
[INFO GPL-0045] Average top 2.0% routing congestion: 1.0635
[INFO GPL-0046] Average top 5.0% routing congestion: 1.0200
[INFO GPL-0047] Routability iteration weighted routing congestion: 1.1003
[INFO GPL-0048] Routing congestion (1.1003) lower than previous minimum (1.11). Updating minimum.
[INFO GPL-0086] Inflated area:                1266.369 um^2 (+0.56%)
[INFO GPL-0052] Placement target density:       0.7641
[INFO GPL-0076] Removing fillers, count: Before: 0, After: 0 (+0.00%)
[INFO GPL-0077] Filler area (um^2)     : Before: 0.000, After: 0.000 (+0.00%)
[INFO GPL-0078] Removed fillers count: 0, area removed: 0.000 um^2. Remaining area to be compensated by modifying density: 1266.369 um^2
[INFO GPL-0079] New target density: 0.7683906
[INFO GPL-0058] White space area:           295076.752 um^2 (+0.00%)
[INFO GPL-0059] Movable instances area:     226734.211 um^2 (+0.56%)
[INFO GPL-0060] Total filler area:               0.000 um^2 (+0.00%)
[INFO GPL-0061] Total non-inflated area:    226734.215 um^2 (+0.56%)
[INFO GPL-0062] Total inflated area:        228000.584 um^2 (+0.56%)
[INFO GPL-0063] New Target Density:             0.7684
[INFO GPL-0087] Routability end iteration: increase inflation and revert back to snapshot.
Iteration | Overflow |     HPWL (um) |  HPWL(%) |   Penalty | Group
---------------------------------------------------------------
     1730 |   0.5924 |  4.883809e+05 |   -5.85% |  6.24e-10 |      
     1740 |   0.5571 |  5.012710e+05 |   +2.64% |  9.19e-10 |      
     1750 |   0.5216 |  5.141180e+05 |   +2.56% |  1.35e-09 |      
     1760 |   0.4978 |  5.142230e+05 |   +0.02% |  1.99e-09 |      
     1770 |   0.4736 |  5.157270e+05 |   +0.29% |  2.93e-09 |      
     1780 |   0.4413 |  5.162585e+05 |   +0.10% |  4.32e-09 |      
     1790 |   0.4142 |  5.193948e+05 |   +0.61% |  6.36e-09 |      
     1800 |   0.3824 |  5.197163e+05 |   +0.06% |  9.37e-09 |      
     1810 |   0.3539 |  5.178774e+05 |   -0.35% |  1.38e-08 |      
     1820 |   0.3184 |  5.194707e+05 |   +0.31% |  2.03e-08 |      
[INFO GPL-0040] Routability iteration: 15
[INFO GPL-0041] Total routing overflow: 8.0703
[INFO GPL-0042] Number of overflowed tiles: 176 (2.82%)
[INFO GPL-0043] Average top 0.5% routing congestion: 1.1017
[INFO GPL-0044] Average top 1.0% routing congestion: 1.0842
[INFO GPL-0045] Average top 2.0% routing congestion: 1.0608
[INFO GPL-0046] Average top 5.0% routing congestion: 1.0177
[INFO GPL-0047] Routability iteration weighted routing congestion: 1.0929
[INFO GPL-0048] Routing congestion (1.0929) lower than previous minimum (1.1). Updating minimum.
[INFO GPL-0086] Inflated area:                1214.450 um^2 (+0.54%)
[INFO GPL-0052] Placement target density:       0.7684
[INFO GPL-0076] Removing fillers, count: Before: 0, After: 0 (+0.00%)
[INFO GPL-0077] Filler area (um^2)     : Before: 0.000, After: 0.000 (+0.00%)
[INFO GPL-0078] Removed fillers count: 0, area removed: 0.000 um^2. Remaining area to be compensated by modifying density: 1214.450 um^2
[INFO GPL-0079] New target density: 0.7725063
[INFO GPL-0058] White space area:           295076.752 um^2 (+0.00%)
[INFO GPL-0059] Movable instances area:     227948.659 um^2 (+0.54%)
[INFO GPL-0060] Total filler area:               0.000 um^2 (+0.00%)
[INFO GPL-0061] Total non-inflated area:    227948.665 um^2 (+0.54%)
[INFO GPL-0062] Total inflated area:        229163.116 um^2 (+0.53%)
[INFO GPL-0063] New Target Density:             0.7725
[INFO GPL-0087] Routability end iteration: increase inflation and revert back to snapshot.
Iteration | Overflow |     HPWL (um) |  HPWL(%) |   Penalty | Group
---------------------------------------------------------------
     1830 |   0.6054 |  4.836392e+05 |   -6.90% |  5.15e-10 |      
     1840 |   0.5756 |  4.933531e+05 |   +2.01% |  7.57e-10 |      
     1850 |   0.5388 |  5.094149e+05 |   +3.26% |  1.11e-09 |      
     1860 |   0.5063 |  5.153677e+05 |   +1.17% |  1.64e-09 |      
     1870 |   0.4878 |  5.151230e+05 |   -0.05% |  2.42e-09 |      
     1880 |   0.4549 |  5.167963e+05 |   +0.32% |  3.56e-09 |      
     1890 |   0.4288 |  5.173978e+05 |   +0.12% |  5.24e-09 |      
     1900 |   0.3996 |  5.205308e+05 |   +0.61% |  7.72e-09 |      
     1910 |   0.3670 |  5.189933e+05 |   -0.30% |  1.14e-08 |      
     1920 |   0.3367 |  5.199079e+05 |   +0.18% |  1.68e-08 |      
     1930 |   0.3000 |  5.197793e+05 |   -0.02% |  2.47e-08 |      
[INFO GPL-0040] Routability iteration: 16
[INFO GPL-0041] Total routing overflow: 8.9250
[INFO GPL-0042] Number of overflowed tiles: 185 (2.96%)
[INFO GPL-0043] Average top 0.5% routing congestion: 1.1261
[INFO GPL-0044] Average top 1.0% routing congestion: 1.0975
[INFO GPL-0045] Average top 2.0% routing congestion: 1.0671
[INFO GPL-0046] Average top 5.0% routing congestion: 1.0216
[INFO GPL-0047] Routability iteration weighted routing congestion: 1.1118
[INFO GPL-0049] Routing congestion (1.1118) higher than minimum (1.0929). Consecutive non-improvement count: 1.
[INFO GPL-0086] Inflated area:                1384.055 um^2 (+0.61%)
[INFO GPL-0052] Placement target density:       0.7725
[INFO GPL-0076] Removing fillers, count: Before: 0, After: 0 (+0.00%)
[INFO GPL-0077] Filler area (um^2)     : Before: 0.000, After: 0.000 (+0.00%)
[INFO GPL-0078] Removed fillers count: 0, area removed: 0.000 um^2. Remaining area to be compensated by modifying density: 1384.055 um^2
[INFO GPL-0079] New target density: 0.7771968
[INFO GPL-0058] White space area:           295076.752 um^2 (+0.00%)
[INFO GPL-0059] Movable instances area:     229332.713 um^2 (+0.61%)
[INFO GPL-0060] Total filler area:               0.000 um^2 (+0.00%)
[INFO GPL-0061] Total non-inflated area:    229332.720 um^2 (+0.61%)
[INFO GPL-0062] Total inflated area:        230716.775 um^2 (+0.60%)
[INFO GPL-0063] New Target Density:             0.7772
[INFO GPL-0087] Routability end iteration: increase inflation and revert back to snapshot.
Iteration | Overflow |     HPWL (um) |  HPWL(%) |   Penalty | Group
---------------------------------------------------------------
     1940 |   0.5878 |  4.895403e+05 |   -5.82% |  6.49e-10 |      
     1950 |   0.5526 |  5.034891e+05 |   +2.85% |  9.55e-10 |      
     1960 |   0.5168 |  5.155786e+05 |   +2.40% |  1.41e-09 |      
     1970 |   0.4950 |  5.154316e+05 |   -0.03% |  2.07e-09 |      
     1980 |   0.4690 |  5.171282e+05 |   +0.33% |  3.05e-09 |      
     1990 |   0.4373 |  5.167337e+05 |   -0.08% |  4.49e-09 |      
     2000 |   0.4099 |  5.202375e+05 |   +0.68% |  6.61e-09 |      
     2010 |   0.3775 |  5.208013e+05 |   +0.11% |  9.74e-09 |      
     2020 |   0.3504 |  5.190151e+05 |   -0.34% |  1.43e-08 |      
     2030 |   0.3138 |  5.204236e+05 |   +0.27% |  2.11e-08 |      
[INFO GPL-0040] Routability iteration: 17
[INFO GPL-0041] Total routing overflow: 8.4578
[INFO GPL-0042] Number of overflowed tiles: 180 (2.88%)
[INFO GPL-0043] Average top 0.5% routing congestion: 1.1064
[INFO GPL-0044] Average top 1.0% routing congestion: 1.0872
[INFO GPL-0045] Average top 2.0% routing congestion: 1.0628
[INFO GPL-0046] Average top 5.0% routing congestion: 1.0194
[INFO GPL-0047] Routability iteration weighted routing congestion: 1.0968
[INFO GPL-0049] Routing congestion (1.0968) higher than minimum (1.0929). Consecutive non-improvement count: 2.
[INFO GPL-0086] Inflated area:                1184.749 um^2 (+0.52%)
[INFO GPL-0052] Placement target density:       0.7772
[INFO GPL-0076] Removing fillers, count: Before: 0, After: 0 (+0.00%)
[INFO GPL-0077] Filler area (um^2)     : Before: 0.000, After: 0.000 (+0.00%)
[INFO GPL-0078] Removed fillers count: 0, area removed: 0.000 um^2. Remaining area to be compensated by modifying density: 1184.749 um^2
[INFO GPL-0079] New target density: 0.7812119
[INFO GPL-0058] White space area:           295076.752 um^2 (+0.00%)
[INFO GPL-0059] Movable instances area:     230517.473 um^2 (+0.52%)
[INFO GPL-0060] Total filler area:               0.000 um^2 (+0.00%)
[INFO GPL-0061] Total non-inflated area:    230517.469 um^2 (+0.52%)
[INFO GPL-0062] Total inflated area:        231702.218 um^2 (+0.51%)
[INFO GPL-0063] New Target Density:             0.7812
[INFO GPL-0087] Routability end iteration: increase inflation and revert back to snapshot.
Iteration | Overflow |     HPWL (um) |  HPWL(%) |   Penalty | Group
---------------------------------------------------------------
     2040 |   0.6032 |  4.859222e+05 |   -6.63% |  5.35e-10 |      
     2050 |   0.5707 |  4.954475e+05 |   +1.96% |  7.87e-10 |      
     2060 |   0.5345 |  5.115593e+05 |   +3.25% |  1.16e-09 |      
     2070 |   0.5038 |  5.165695e+05 |   +0.98% |  1.71e-09 |      
     2080 |   0.4843 |  5.167406e+05 |   +0.03% |  2.51e-09 |      
     2090 |   0.4523 |  5.177789e+05 |   +0.20% |  3.70e-09 |      
     2100 |   0.4246 |  5.185656e+05 |   +0.15% |  5.45e-09 |      
     2110 |   0.3965 |  5.218093e+05 |   +0.63% |  8.03e-09 |      
     2120 |   0.3638 |  5.194956e+05 |   -0.44% |  1.18e-08 |      
     2130 |   0.3325 |  5.210521e+05 |   +0.30% |  1.74e-08 |      
     2140 |   0.2972 |  5.210944e+05 |   +0.01% |  2.57e-08 |      
[INFO GPL-0040] Routability iteration: 18
[INFO GPL-0041] Total routing overflow: 7.9935
[INFO GPL-0042] Number of overflowed tiles: 173 (2.77%)
[INFO GPL-0043] Average top 0.5% routing congestion: 1.1069
[INFO GPL-0044] Average top 1.0% routing congestion: 1.0860
[INFO GPL-0045] Average top 2.0% routing congestion: 1.0604
[INFO GPL-0046] Average top 5.0% routing congestion: 1.0183
[INFO GPL-0047] Routability iteration weighted routing congestion: 1.0965
[INFO GPL-0049] Routing congestion (1.0965) higher than minimum (1.0929). Consecutive non-improvement count: 3.
[INFO GPL-0086] Inflated area:                1268.243 um^2 (+0.55%)
[INFO GPL-0052] Placement target density:       0.7812
[INFO GPL-0076] Removing fillers, count: Before: 0, After: 0 (+0.00%)
[INFO GPL-0077] Filler area (um^2)     : Before: 0.000, After: 0.000 (+0.00%)
[INFO GPL-0078] Removed fillers count: 0, area removed: 0.000 um^2. Remaining area to be compensated by modifying density: 1268.243 um^2
[INFO GPL-0079] New target density: 0.7855099
[INFO GPL-0054] No improvement in routing congestion for 3 consecutive iterations (limit is 3).
[INFO GPL-0055] Reverting inflation values and target density from the iteration with minimum observed routing congestion.
[INFO GPL-0056] Minimum observed routing congestion: 1.0929
[INFO GPL-0057] Target density at minimum routing congestion: 0.7684
[INFO GPL-0080] Restoring 0 previously removed fillers.
[INFO GPL-0089] Routability finished. Reverting to minimal observed routing congestion, could not reach target.
Iteration | Overflow |     HPWL (um) |  HPWL(%) |   Penalty | Group
---------------------------------------------------------------
     2150 |   0.5815 |  4.858364e+05 |   -6.77% |  6.49e-10 |      
     2160 |   0.5488 |  5.000272e+05 |   +2.92% |  9.55e-10 |      
     2170 |   0.5127 |  5.114697e+05 |   +2.29% |  1.41e-09 |      
     2180 |   0.4898 |  5.114582e+05 |   -0.00% |  2.07e-09 |      
     2190 |   0.4649 |  5.136763e+05 |   +0.43% |  3.05e-09 |      
     2200 |   0.4336 |  5.146039e+05 |   +0.18% |  4.49e-09 |      
     2210 |   0.4060 |  5.188080e+05 |   +0.82% |  6.61e-09 |      
     2220 |   0.3748 |  5.182396e+05 |   -0.11% |  9.74e-09 |      
     2230 |   0.3468 |  5.173241e+05 |   -0.18% |  1.44e-08 |      
     2240 |   0.3104 |  5.182648e+05 |   +0.18% |  2.11e-08 |      
     2250 |   0.2806 |  5.188489e+05 |   +0.11% |  3.11e-08 |      
     2260 |   0.2453 |  5.185158e+05 |   -0.06% |  4.59e-08 |      
     2270 |   0.2140 |  5.189667e+05 |   +0.09% |  6.76e-08 |      
[INFO GPL-0100] Timing-driven iteration 2/2, virtual: false.
[INFO GPL-0101]    Iter: 2277, overflow: 0.193, keep resizer changes at: 1, HPWL: 519903670
Iteration |   Area    | Resized | Buffers | Nets repaired | Remaining
---------------------------------------------------------------------
        0 |     +0.0% |       0 |       0 |             0 |     16712
    final |     +0.1% |       2 |       7 |             6 |         0
---------------------------------------------------------------------
[INFO RSZ-0034] Found 6 slew violations.
[INFO RSZ-0036] Found 4 capacitance violations.
[INFO RSZ-0039] Resized 2 instances.
[INFO RSZ-0038] Inserted 7 buffers in 6 nets.
   Iter   |    Area   | Removed | Inserted |   Pins
          |           | Buffers | Buffers  | Remaining
-------------------------------------------------------
        0 |     +0.0% |       0 |        0 |     14719
     1400 |     +0.2% |     347 |      371 |     13319
     2800 |     +0.1% |     428 |      444 |     11919
     4200 |     +0.1% |     526 |      531 |     10519
     5600 |     +0.2% |     572 |      604 |      9119
     7000 |     +0.2% |     697 |      745 |      7719
     8400 |     +0.2% |     732 |      768 |      6319
     9800 |     +0.4% |     938 |     1000 |      4919
    11200 |     +0.4% |    1088 |     1142 |      3519
    12600 |     +0.8% |    1274 |     1414 |      2119
    14000 |     +0.2% |    1462 |     1458 |       719
    final |     +0.3% |    1483 |     1493 |         0
-------------------------------------------------------
[INFO GPL-0106] Timing-driven: worst slack -6.61061e-10
[INFO GPL-0107] Timing-driven: repair_design delta area: -4286.400 um^2 (-1.86%)
[INFO GPL-0108] Timing-driven: repair_design, gpl delta gcells: 17 (+0.11%)
[INFO GPL-0109] Timing-driven: repair_design, gcells created: 1500, deleted: 1483
[INFO GPL-0110] Timing-driven: new target density: 0.7666855
Iteration | Overflow |     HPWL (um) |  HPWL(%) |   Penalty | Group
---------------------------------------------------------------
     2280 |   0.1825 |  5.360924e+05 |   +3.30% |  9.94e-08 |      
     2290 |   0.1554 |  5.314200e+05 |   -0.87% |  1.46e-07 |      
     2300 |   0.1294 |  5.292768e+05 |   -0.40% |  2.16e-07 |      
     2310 |   0.1091 |  5.283805e+05 |   -0.17% |  3.18e-07 |      
     2315 |   0.0981 |  5.281172e+05 |          |  4.01e-07 |      
---------------------------------------------------------------
[INFO GPL-1001] Global placement finished at iteration 2315
[INFO GPL-1017] Routability mode iteration count: 1970
[INFO GPL-1005] Routability final weighted congestion: 1.1028
[INFO GPL-1002] Placed Cell Area            222447.8147
[INFO GPL-1003] Available Free Area         295076.7520
[INFO GPL-1004] Minimum Feasible Density        0.6000 (cell_area / free_area)
[INFO GPL-1006]   Suggested Target Densities:
[INFO GPL-1007]     - For 90% usage of free space: 0.8376
[INFO GPL-1008]     - For 80% usage of free space: 0.9423
[INFO GPL-1011] Original area (um^2): 174573.25
[INFO GPL-1012] Total routability artificial inflation: 38780.51 (+22.21%)
[INFO GPL-1013] Total timing-driven delta area: 9094.06 (+5.21%)
[INFO GPL-1014] Final placement area: 222447.81 (+27.42%)
Took 19 seconds: global_placement -density 0.6 -pad_left 0 -pad_right 0 -routability_driven -timing_driven -force_center_initial_place -min_phi_coef 0.95 -max_phi_coef 1.05
estimate_parasitics -placement
Report metrics stage 3, global place...

==========================================================================
global place report_design_area
--------------------------------------------------------------------------
Design area 186865 um^2 62% utilization.
write_db ./results/sky130hd/chia_sha256_benchmark_corrupted/slot0/3_3_place_gp.odb
Log                       Ext     Elapsed/s Peak Memory/MB sha1sum result [0:20)
3_3_place_gp              .odb           22            472 1537d355617820287d04
/root/OpenROAD-flow-scripts/flow/scripts/flow.sh 3_4_place_resized resize
Running resize.tcl, stage 3_4_place_resized
read_liberty /root/OpenROAD-flow-scripts/flow/platforms/sky130hd/lib/sky130_fd_sc_hd__tt_025C_1v80.lib
read_db ./results/sky130hd/chia_sha256_benchmark_corrupted/slot0/3_3_place_gp.odb
read_sdc ./results/sky130hd/chia_sha256_benchmark_corrupted/slot0/2_floorplan.sdc
source /root/OpenROAD-flow-scripts/flow/platforms/sky130hd/setRC.tcl
estimate_parasitics -placement
Perform buffer insertion and gate resizing...
repair_design -verbose -match_cell_footprint
Iteration |   Area    | Resized | Buffers | Nets repaired | Remaining
---------------------------------------------------------------------
        0 |     +0.0% |       0 |       0 |             0 |     16729
     1000 |     +0.0% |       0 |       0 |             0 |     15729
     2000 |     +0.0% |       0 |       0 |             0 |     14729
     3000 |     +0.0% |       0 |       0 |             0 |     13729
     4000 |     +0.0% |       0 |       0 |             0 |     12729
     5000 |     +0.0% |       0 |       0 |             0 |     11729
     6000 |     +0.0% |       0 |       0 |             0 |     10729
     7000 |     +0.0% |       0 |       0 |             0 |      9729
     8000 |     +0.0% |       0 |       0 |             0 |      8729
     9000 |     +0.0% |       0 |       0 |             0 |      7729
    10000 |     +0.0% |       0 |       0 |             0 |      6729
    11000 |     +0.0% |       0 |       0 |             0 |      5729
    12000 |     +0.0% |       0 |       0 |             0 |      4729
    13000 |     +0.0% |       0 |       0 |             0 |      3729
    14000 |     +0.0% |       0 |       0 |             0 |      2729
    15000 |     +0.0% |       0 |       0 |             0 |      1729
    16000 |     +0.0% |       0 |       0 |             0 |       729
    final |     +0.0% |       0 |       0 |             0 |         0
---------------------------------------------------------------------
[INFO RSZ-0504] Runtime: 0.74s
Repair setup and hold violations...
estimate_parasitics -placement
repair_timing -repair_tns 100 -match_cell_footprint -verbose
[INFO RSZ-0100] Repair move sequence: UnbufferMove SizeUpMove SwapPinsMove BufferMove CloneMove SplitLoadMove 
[INFO RSZ-0094] Found 40 endpoints with setup violations.
[INFO RSZ-0099] Repairing 40 out of 40 (100.00%) violating endpoints...
   Iter   | Removed | Resized | Inserted | Cloned |  Pin  |   Area   |    WNS   |   StTNS    |   EnTNS    |  Viol  |  Worst  
          | Buffers |  Gates  | Buffers  |  Gates | Swaps |          |          |            |            | Endpts | St/EnPt 
------------------------------------------------------------------------------------------------------------------------------
       0* |       0 |       0 |        0 |      0 |     0 |    +0.0% |   -1.020 |       -3.1 |      -20.9 |     40 | digest\[255\]$_DFFE_PN0P_/D
      10* |       0 |       9 |        0 |      0 |     0 |    +0.0% |   -0.779 |       -2.4 |      -15.3 |     40 | digest\[253\]$_DFFE_PN0P_/D
      20* |       0 |      14 |        1 |      0 |     4 |    +0.0% |   -0.722 |       -2.2 |      -12.9 |     40 | digest\[253\]$_DFFE_PN0P_/D
      30* |       0 |      21 |        3 |      0 |     5 |    +0.1% |   -0.613 |       -1.7 |       -9.7 |     40 | digest\[255\]$_DFFE_PN0P_/D
      40* |       0 |      27 |        6 |      0 |     7 |    +0.1% |   -0.534 |       -1.5 |       -7.9 |     40 | digest\[255\]$_DFFE_PN0P_/D
      50* |       0 |      34 |       12 |      0 |     8 |    +0.2% |   -0.495 |       -1.4 |       -7.1 |     40 | digest\[255\]$_DFFE_PN0P_/D
      60* |       0 |      40 |       14 |      1 |     9 |    +0.2% |   -0.448 |       -1.2 |       -5.8 |     40 | digest\[255\]$_DFFE_PN0P_/D
      70* |       0 |      46 |       18 |      1 |    10 |    +0.2% |   -0.410 |       -1.1 |       -4.6 |     40 | digest\[255\]$_DFFE_PN0P_/D
      80* |       0 |      51 |       19 |      1 |    14 |    +0.3% |   -0.386 |       -1.0 |       -4.1 |     40 | digest\[255\]$_DFFE_PN0P_/D
      90* |       0 |      59 |       20 |      1 |    15 |    +0.3% |   -0.352 |       -0.9 |       -3.6 |     40 | digest\[255\]$_DFFE_PN0P_/D
     100* |       0 |      65 |       21 |      1 |    18 |    +0.3% |   -0.331 |       -0.9 |       -3.4 |     40 | digest\[255\]$_DFFE_PN0P_/D
     110* |       0 |      71 |       21 |      2 |    21 |    +0.3% |   -0.322 |       -0.8 |       -3.0 |     40 | digest\[255\]$_DFFE_PN0P_/D
     120* |       0 |      76 |       23 |      2 |    24 |    +0.4% |   -0.327 |       -0.9 |       -2.8 |     40 | digest\[254\]$_DFFE_PN0P_/D
     130* |       0 |      82 |       25 |      2 |    26 |    +0.4% |   -0.285 |       -0.8 |       -2.3 |     40 | digest\[255\]$_DFFE_PN0P_/D
     140* |       0 |      89 |       26 |      2 |    28 |    +0.4% |   -0.258 |       -0.6 |       -2.2 |     40 | digest\[255\]$_DFFE_PN0P_/D
     150* |       0 |      97 |       27 |      2 |    29 |    +0.4% |   -0.232 |       -0.6 |       -1.8 |     40 | digest\[254\]$_DFFE_PN0P_/D
     160* |       0 |     104 |       27 |      2 |    32 |    +0.5% |   -0.255 |       -0.6 |       -1.8 |     40 | digest\[254\]$_DFFE_PN0P_/D
     170* |       0 |     110 |       28 |      2 |    35 |    +0.5% |   -0.256 |       -0.6 |       -1.6 |     40 | digest\[255\]$_DFFE_PN0P_/D
     180* |       0 |     114 |       29 |      3 |    39 |    +0.5% |   -0.250 |       -0.6 |       -1.5 |     40 | digest\[255\]$_DFFE_PN0P_/D
     190* |       0 |     121 |       29 |      3 |    42 |    +0.6% |   -0.219 |       -0.6 |       -1.5 |     40 | digest\[255\]$_DFFE_PN0P_/D
     200* |       0 |     126 |       32 |      3 |    45 |    +0.6% |   -0.230 |       -0.6 |       -1.5 |     40 | digest\[255\]$_DFFE_PN0P_/D
     210* |       0 |     132 |       34 |      3 |    47 |    +0.6% |   -0.199 |       -0.5 |       -1.2 |     40 | digest\[255\]$_DFFE_PN0P_/D
     220* |       0 |     136 |       36 |      5 |    50 |    +0.7% |   -0.260 |       -0.7 |       -1.6 |     40 | digest\[255\]$_DFFE_PN0P_/D
     230* |       0 |     139 |       36 |      5 |    57 |    +0.7% |   -0.243 |       -0.6 |       -1.7 |     40 | digest\[254\]$_DFFE_PN0P_/D
     240* |       0 |     141 |       38 |      5 |    63 |    +0.7% |   -0.267 |       -0.7 |       -1.5 |     40 | digest\[255\]$_DFFE_PN0P_/D
     250* |       0 |     146 |       39 |      5 |    67 |    +0.7% |   -0.244 |       -0.6 |       -1.4 |     40 | digest\[255\]$_DFFE_PN0P_/D
     260* |       0 |     149 |       42 |      5 |    72 |    +0.7% |   -0.201 |       -0.5 |       -1.3 |     40 | digest\[255\]$_DFFE_PN0P_/D
     270* |       0 |     153 |       47 |      5 |    75 |    +0.7% |   -0.189 |       -0.5 |       -1.2 |     40 | digest\[255\]$_DFFE_PN0P_/D
     280* |       0 |     159 |       51 |      6 |    75 |    +0.8% |   -0.233 |       -0.5 |       -1.8 |     40 | digest\[255\]$_DFFE_PN0P_/D
     290* |       0 |     163 |       54 |      6 |    79 |    +0.8% |   -0.219 |       -0.6 |       -1.5 |     40 | digest\[254\]$_DFFE_PN0P_/D
     300* |       2 |     164 |       56 |      6 |    84 |    +0.8% |   -0.242 |       -0.7 |       -1.3 |     40 | digest\[255\]$_DFFE_PN0P_/D
     310* |       2 |     170 |       56 |      6 |    88 |    +0.8% |   -0.215 |       -0.6 |       -1.1 |     40 | digest\[255\]$_DFFE_PN0P_/D
     320* |       2 |     179 |       58 |      6 |    88 |    +0.9% |   -0.182 |       -0.5 |       -0.9 |     40 | digest\[255\]$_DFFE_PN0P_/D
     330* |       2 |     184 |       63 |      7 |    91 |    +0.9% |   -0.193 |       -0.5 |       -0.9 |     40 | digest\[255\]$_DFFE_PN0P_/D
     340* |       2 |     186 |       64 |      7 |    98 |    +0.9% |   -0.168 |       -0.4 |       -0.9 |     40 | digest\[255\]$_DFFE_PN0P_/D
     350* |       3 |     188 |       67 |      7 |   102 |    +0.9% |   -0.259 |       -0.7 |       -1.5 |     40 | digest\[255\]$_DFFE_PN0P_/D
     360* |       3 |     193 |       69 |      7 |   105 |    +1.0% |   -0.237 |       -0.6 |       -1.4 |     40 | digest\[255\]$_DFFE_PN0P_/D
     370* |       3 |     196 |       71 |      7 |   110 |    +1.0% |   -0.202 |       -0.5 |       -1.2 |     40 | digest\[255\]$_DFFE_PN0P_/D
     380* |       3 |     199 |       73 |      7 |   115 |    +1.0% |   -0.223 |       -0.6 |       -1.4 |     40 | digest\[255\]$_DFFE_PN0P_/D
     390* |       3 |     203 |       78 |      7 |   118 |    +1.0% |   -0.192 |       -0.5 |       -1.1 |     40 | digest\[255\]$_DFFE_PN0P_/D
     390* |       2 |     186 |       64 |      7 |    98 |    +0.9% |   -0.168 |       -0.4 |       -0.9 |     40 | digest\[255\]$_DFFE_PN0P_/D
     400* |       2 |     191 |       66 |      7 |   100 |    +1.0% |   -0.174 |       -0.4 |       -1.0 |     40 | digest\[255\]$_DFFE_PN0P_/D
     410* |       2 |     196 |       67 |      7 |   104 |    +1.0% |   -0.165 |       -0.4 |       -0.8 |     40 | digest\[255\]$_DFFE_PN0P_/D
     420* |       3 |     197 |       68 |      7 |   111 |    +1.0% |   -0.172 |       -0.4 |       -1.0 |     40 | digest\[254\]$_DFFE_PN0P_/D
     430* |       3 |     201 |       69 |      8 |   115 |    +1.0% |   -0.172 |       -0.5 |       -0.9 |     40 | digest\[254\]$_DFFE_PN0P_/D
     440* |       3 |     204 |       72 |      8 |   119 |    +1.0% |   -0.161 |       -0.4 |       -0.8 |     40 | digest\[254\]$_DFFE_PN0P_/D
     450* |       3 |     210 |       75 |      8 |   120 |    +1.1% |   -0.241 |       -0.5 |       -1.8 |     40 | digest\[254\]$_DFFE_PN0P_/D
     460* |       4 |     214 |       79 |      8 |   122 |    +1.1% |   -0.171 |       -0.5 |       -0.9 |     40 | digest\[254\]$_DFFE_PN0P_/D
     466* |       3 |     197 |       68 |      7 |   107 |    +1.0% |   -0.136 |       -0.3 |       -0.6 |     40 | digest\[255\]$_DFFE_PN0P_/D
     467* |       3 |     197 |       68 |      7 |   107 |    +1.0% |   -0.136 |       -0.3 |       -0.6 |     40 | digest\[255\]$_DFFE_PN0P_/D
     470* |       3 |     198 |       68 |      7 |   108 |    +1.0% |   -0.136 |       -0.3 |       -0.5 |     40 | digest\[255\]$_DFFE_PN0P_/D
     474* |       3 |     199 |       68 |      7 |   111 |    +1.0% |   -0.136 |       -0.3 |       -0.5 |     40 | digest\[255\]$_DFFE_PN0P_/D
     476* |       3 |     200 |       68 |      7 |   111 |    +1.0% |   -0.136 |       -0.3 |       -0.4 |     40 | digest\[255\]$_DFFE_PN0P_/D
     480* |       3 |     200 |       68 |      7 |   114 |    +1.0% |   -0.136 |       -0.3 |       -0.4 |     40 | digest\[255\]$_DFFE_PN0P_/D
     490* |       3 |     204 |       69 |      7 |   119 |    +1.0% |   -0.171 |       -0.4 |       -0.4 |     40 | digest\[255\]$_DFFE_PN0P_/D
     500* |       3 |     211 |       71 |      8 |   119 |    +1.1% |   -0.160 |       -0.4 |       -0.3 |     40 | digest\[255\]$_DFFE_PN0P_/D
     510* |       3 |     215 |       75 |      8 |   121 |    +1.1% |   -0.182 |       -0.5 |       -0.6 |     40 | digest\[255\]$_DFFE_PN0P_/D
     520* |       3 |     216 |       80 |      8 |   126 |    +1.1% |   -0.174 |       -0.5 |       -0.5 |     40 | digest\[255\]$_DFFE_PN0P_/D
     530* |       4 |     219 |       84 |      8 |   128 |    +1.1% |   -0.296 |       -0.6 |       -2.2 |     40 | digest\[255\]$_DFFE_PN0P_/D
     532* |       3 |     201 |       68 |      7 |   115 |    +1.0% |   -0.136 |       -0.3 |       -0.4 |     40 | digest\[255\]$_DFFE_PN0P_/D
     538* |       3 |     205 |       69 |      7 |   115 |    +1.0% |   -0.125 |       -0.3 |       -0.3 |     40 | digest\[255\]$_DFFE_PN0P_/D
     540* |       3 |     206 |       69 |      7 |   115 |    +1.0% |   -0.125 |       -0.3 |       -0.3 |     40 | digest\[255\]$_DFFE_PN0P_/D
     541* |       3 |     206 |       69 |      7 |   115 |    +1.0% |   -0.125 |       -0.3 |       -0.3 |     40 | digest\[255\]$_DFFE_PN0P_/D
     542* |       3 |     206 |       69 |      7 |   115 |    +1.0% |   -0.125 |       -0.3 |       -0.3 |     40 | digest\[255\]$_DFFE_PN0P_/D
     550* |       3 |     211 |       70 |      7 |   116 |    +1.0% |   -0.125 |       -0.3 |       -0.2 |     40 | digest\[255\]$_DFFE_PN0P_/D
     550* |       3 |     211 |       70 |      7 |   116 |    +1.0% |   -0.125 |       -0.3 |       -0.2 |     40 | digest\[255\]$_DFFE_PN0P_/D
     553* |       3 |     212 |       70 |      7 |   117 |    +1.0% |   -0.125 |       -0.3 |       -0.2 |     40 | digest\[255\]$_DFFE_PN0P_/D
     554* |       3 |     212 |       70 |      7 |   117 |    +1.0% |   -0.125 |       -0.3 |       -0.2 |     40 | digest\[255\]$_DFFE_PN0P_/D
     555* |       3 |     212 |       70 |      7 |   117 |    +1.0% |   -0.125 |       -0.3 |       -0.2 |     40 | digest\[255\]$_DFFE_PN0P_/D
     556* |       3 |     212 |       70 |      7 |   117 |    +1.0% |   -0.125 |       -0.3 |       -0.2 |     40 | digest\[255\]$_DFFE_PN0P_/D
     557* |       3 |     212 |       70 |      7 |   117 |    +1.0% |   -0.125 |       -0.3 |       -0.2 |     40 | digest\[255\]$_DFFE_PN0P_/D
     558* |       3 |     212 |       70 |      7 |   117 |    +1.0% |   -0.125 |       -0.3 |       -0.2 |     40 | digest\[255\]$_DFFE_PN0P_/D
     559* |       3 |     212 |       70 |      7 |   117 |    +1.0% |   -0.125 |       -0.3 |       -0.2 |     40 | digest\[255\]$_DFFE_PN0P_/D
     560* |       3 |     212 |       70 |      7 |   117 |    +1.0% |   -0.125 |       -0.3 |       -0.2 |     40 | digest\[255\]$_DFFE_PN0P_/D
     560* |       3 |     212 |       70 |      7 |   117 |    +1.0% |   -0.125 |       -0.3 |       -0.2 |     40 | digest\[255\]$_DFFE_PN0P_/D
     561* |       3 |     212 |       70 |      7 |   117 |    +1.0% |   -0.125 |       -0.3 |       -0.2 |     40 | digest\[255\]$_DFFE_PN0P_/D
     562* |       3 |     212 |       70 |      7 |   117 |    +1.0% |   -0.125 |       -0.3 |       -0.2 |     40 | digest\[255\]$_DFFE_PN0P_/D
     563* |       3 |     212 |       70 |      7 |   117 |    +1.0% |   -0.125 |       -0.3 |       -0.2 |     40 | digest\[255\]$_DFFE_PN0P_/D
     564* |       3 |     212 |       70 |      7 |   117 |    +1.0% |   -0.125 |       -0.3 |       -0.2 |     40 | digest\[255\]$_DFFE_PN0P_/D
     565* |       3 |     212 |       70 |      7 |   117 |    +1.0% |   -0.125 |       -0.3 |       -0.2 |     40 | digest\[255\]$_DFFE_PN0P_/D
     566* |       3 |     212 |       70 |      7 |   117 |    +1.0% |   -0.125 |       -0.3 |       -0.2 |     40 | digest\[255\]$_DFFE_PN0P_/D
     567* |       3 |     212 |       70 |      7 |   117 |    +1.0% |   -0.125 |       -0.3 |       -0.2 |     40 | digest\[255\]$_DFFE_PN0P_/D
     568* |       3 |     212 |       70 |      7 |   117 |    +1.0% |   -0.125 |       -0.3 |       -0.2 |     40 | digest\[255\]$_DFFE_PN0P_/D
     569* |       3 |     212 |       70 |      7 |   117 |    +1.0% |   -0.125 |       -0.3 |       -0.2 |     40 | digest\[255\]$_DFFE_PN0P_/D
     570* |       3 |     212 |       70 |      7 |   117 |    +1.0% |   -0.125 |       -0.3 |       -0.2 |     40 | digest\[255\]$_DFFE_PN0P_/D
     570* |       3 |     212 |       70 |      7 |   117 |    +1.0% |   -0.125 |       -0.3 |       -0.2 |     40 | digest\[255\]$_DFFE_PN0P_/D
     571* |       3 |     212 |       70 |      7 |   117 |    +1.0% |   -0.125 |       -0.3 |       -0.2 |     40 | digest\[255\]$_DFFE_PN0P_/D
     572* |       3 |     212 |       70 |      7 |   117 |    +1.0% |   -0.125 |       -0.3 |       -0.2 |     40 | digest\[255\]$_DFFE_PN0P_/D
     573* |       3 |     212 |       70 |      7 |   117 |    +1.0% |   -0.125 |       -0.3 |       -0.2 |     40 | digest\[255\]$_DFFE_PN0P_/D
     574* |       3 |     212 |       70 |      7 |   117 |    +1.0% |   -0.125 |       -0.3 |       -0.2 |     40 | digest\[255\]$_DFFE_PN0P_/D
     575* |       3 |     212 |       70 |      7 |   117 |    +1.0% |   -0.125 |       -0.3 |       -0.2 |     40 | digest\[255\]$_DFFE_PN0P_/D
     576* |       3 |     212 |       70 |      7 |   117 |    +1.0% |   -0.125 |       -0.3 |       -0.2 |     40 | digest\[255\]$_DFFE_PN0P_/D
     577* |       3 |     212 |       70 |      7 |   117 |    +1.0% |   -0.125 |       -0.3 |       -0.2 |     40 | digest\[255\]$_DFFE_PN0P_/D
     578* |       3 |     212 |       70 |      7 |   117 |    +1.0% |   -0.125 |       -0.3 |       -0.2 |     40 | digest\[255\]$_DFFE_PN0P_/D
     579* |       3 |     212 |       70 |      7 |   117 |    +1.0% |   -0.125 |       -0.3 |       -0.2 |     40 | digest\[255\]$_DFFE_PN0P_/D
     580* |       3 |     212 |       70 |      7 |   117 |    +1.0% |   -0.125 |       -0.3 |       -0.2 |     40 | digest\[255\]$_DFFE_PN0P_/D
     580* |       3 |     212 |       70 |      7 |   117 |    +1.0% |   -0.125 |       -0.3 |       -0.2 |     40 | digest\[255\]$_DFFE_PN0P_/D
     581* |       3 |     212 |       70 |      7 |   117 |    +1.0% |   -0.125 |       -0.3 |       -0.2 |     40 | digest\[255\]$_DFFE_PN0P_/D
     582* |       3 |     212 |       70 |      7 |   117 |    +1.0% |   -0.125 |       -0.3 |       -0.2 |     40 | digest\[255\]$_DFFE_PN0P_/D
     582* |       3 |     212 |       70 |      7 |   117 |    +1.0% |   -0.125 |       -0.3 |       -0.2 |     40 | digest\[255\]$_DFFE_PN0P_/D
     590+ |       3 |     218 |       70 |      7 |   118 |    +1.0% |   -0.102 |       -0.2 |       -0.2 |      4 | digest\[255\]$_DFFE_PN0P_/D
     590+ |       3 |     218 |       70 |      7 |   118 |    +1.0% |   -0.102 |       -0.2 |       -0.2 |      4 | digest\[255\]$_DFFE_PN0P_/D
     592+ |       3 |     219 |       70 |      7 |   118 |    +1.0% |   -0.102 |       -0.2 |       -0.2 |      4 | digest\[255\]$_DFFE_PN0P_/D
     595+ |       3 |     220 |       70 |      7 |   119 |    +1.1% |   -0.102 |       -0.2 |       -0.2 |      4 | digest\[255\]$_DFFE_PN0P_/D
     596+ |       3 |     220 |       70 |      7 |   119 |    +1.1% |   -0.102 |       -0.2 |       -0.2 |      4 | digest\[255\]$_DFFE_PN0P_/D
    final |       3 |     220 |       70 |      7 |   119 |    +1.1% |   -0.102 |       -0.2 |       -0.2 |      3 | digest\[255\]$_DFFE_PN0P_/D
------------------------------------------------------------------------------------------------------------------------------
[INFO RSZ-0059] Removed 3 buffers.
[INFO RSZ-0045] Inserted 70 buffers, 1 to split loads.
[INFO RSZ-0051] Resized 220 instances: 220 up, 0 up match, 0 down, 0 VT
[INFO RSZ-0043] Swapped pins on 119 instances.
[INFO RSZ-0049] Cloned 7 instances.
[WARNING RSZ-0062] Unable to repair all setup violations.
[INFO RSZ-0505] Runtime: 16.77s
[INFO RSZ-0033] No hold violations found.
[INFO RSZ-0506] Runtime: 0.01s
Took 17 seconds: repair_timing -repair_tns 100 -match_cell_footprint -verbose
Floating nets: 
Report metrics stage 3, resizer...

==========================================================================
resizer report_design_area
--------------------------------------------------------------------------
Design area 188831 um^2 63% utilization.
Instance count before 19839, after 19913
Pin count before 61876, after 62024
write_db ./results/sky130hd/chia_sha256_benchmark_corrupted/slot0/3_4_place_resized.odb
Log                       Ext     Elapsed/s Peak Memory/MB sha1sum result [0:20)
3_4_place_resized         .odb           22            220 46ecb7e22226614cd02d
/root/OpenROAD-flow-scripts/flow/scripts/flow.sh 3_5_place_dp detail_place
Running detail_place.tcl, stage 3_5_place_dp
read_liberty /root/OpenROAD-flow-scripts/flow/platforms/sky130hd/lib/sky130_fd_sc_hd__tt_025C_1v80.lib
read_db ./results/sky130hd/chia_sha256_benchmark_corrupted/slot0/3_4_place_resized.odb
read_sdc ./results/sky130hd/chia_sha256_benchmark_corrupted/slot0/2_floorplan.sdc
source /root/OpenROAD-flow-scripts/flow/platforms/sky130hd/setRC.tcl
detailed_placement
[INFO DPL-0006] Core area: 300029.00 um^2
[INFO DPL-0007] Movable instances area: 183878.85 um^2
[INFO DPL-0008] Fixed instances area within core: 4952.25 um^2
[INFO DPL-0009] Utilization: 62.9%
[INFO DPL-0005] Diamond search max displacement: +/- 500 sites horizontally, +/- 100 rows vertically.
[INFO DPL-1102] Legalizing using negotiation legalizer.
[INFO DPL-1103] Negotiation base search window: +/-20 sites horizontally, +/-5 rows vertically 
	Automatic search window extension enabled.
	Search window extendable up to the max displacement cap of +/-500 sites, +/-100 rows near walls.
[INFO DPL-1104] NegotiationLegalizer DRC penalty: 5.
[INFO DPL-0392] Negotiation cell height distribution (1 unique row-count(s)):
[INFO DPL-0393]   height 1 row(s): 19913 cells
          |      Total |  Illegal |  Illegal
Iteration | Violations |    Cells |    Sites
---------------------------------------------
        0 |       2760 |       620 |      2140
        1 |        521 |        85 |       436
        2 |        251 |        33 |       218
        3 |        148 |        14 |       134
        4 |         26 |         2 |        24
        5 |         24 |         2 |        22
        6 |          0 |         0 |         0
Negotiation phase 1 converged at iteration 6.
[INFO DPL-0500] Runtime: 0.24s
Placement Analysis
---------------------------------
total displacement      66479.9 u
average displacement        3.3 u
max displacement           26.7 u
original HPWL          531210.6 u
legalized HPWL         599107.9 u
delta HPWL                   13 %

improve_placement -max_displacement "5 1"
Detailed placement improvement.
[INFO DPL-0401] Setting random seed to 1.
[INFO DPL-0402] Setting maximum displacement 5 1 to 13600 2720 units.
[INFO DPL-0320] Collected 4730 fixed cells.
[INFO DPL-0318] Collected 15955 single height cells.
[INFO DPL-0321] Collected 0 wide cells.
[INFO DPL-0322] Image (1380, 2720) - (550160, 549440)
[INFO DPL-0310] Assigned 15955 cells into segments.  Movement in X-direction is 0.000000, movement in Y-direction is 0.000000.
[INFO DPL-0313] Found 0 cells in wrong regions.
[INFO DPL-0315] Found 0 row alignment problems.
[INFO DPL-0314] Found 0 site alignment problems.
[INFO DPL-0311] Found 0 overlaps between adjacent cells.
[INFO DPL-0312] Found 0 edge spacing violations and 0 padding violations.
[INFO DPL-0303] Running algorithm for independent set matching.
[INFO DPL-0300] Set matching objective is wirelength.
[INFO DPL-0301] Pass   1 of matching; objective is 5.990274e+08.
[INFO DPL-0302] End of matching; objective is 5.982808e+08, improvement is 0.12 percent.
[INFO DPL-0303] Running algorithm for global swaps.
[INFO DPL-0306] Pass   1 of global swaps; hpwl is 5.907056e+08.
[INFO DPL-0306] Pass   2 of global swaps; hpwl is 5.893562e+08.
[INFO DPL-0307] End of global swaps; objective is 5.893562e+08, improvement is 1.49 percent.
[INFO DPL-0303] Running algorithm for vertical swaps.
[INFO DPL-0308] Pass   1 of vertical swaps; hpwl is 5.870499e+08.
[INFO DPL-0309] End of vertical swaps; objective is 5.870499e+08, improvement is 0.39 percent.
[INFO DPL-0303] Running algorithm for reordering.
[INFO DPL-0304] Pass   1 of reordering; objective is 5.864762e+08.
[INFO DPL-0305] End of reordering; objective is 5.864762e+08, improvement is 0.10 percent.
[INFO DPL-0303] Running algorithm for random improvement.
[INFO DPL-0324] Random improver is using random generator.
[INFO DPL-0325] Random improver is using hpwl objective.
[INFO DPL-0326] Random improver cost string is (a).
[INFO DPL-0332] End of pass, Generator random called 319100 times.
[INFO DPL-0335] Generator random, Cumulative attempts 319100, swaps 48632, moves 66612 since last reset.
[INFO DPL-0333] End of pass, Objective hpwl, Initial cost 5.800543e+08, Scratch cost 5.734125e+08, Incremental cost 5.734125e+08, Mismatch? N
[INFO DPL-0338] End of pass, Total cost is 5.734125e+08.
[INFO DPL-0327] Pass   1 of random improver; improvement in cost is 1.15 percent.
[INFO DPL-0332] End of pass, Generator random called 319100 times.
[INFO DPL-0335] Generator random, Cumulative attempts 638200, swaps 94294, moves 133455 since last reset.
[INFO DPL-0333] End of pass, Objective hpwl, Initial cost 5.734125e+08, Scratch cost 5.711437e+08, Incremental cost 5.711437e+08, Mismatch? N
[INFO DPL-0338] End of pass, Total cost is 5.711437e+08.
[INFO DPL-0327] Pass   2 of random improver; improvement in cost is 0.40 percent.
[INFO DPL-0328] End of random improver; improvement is 1.536166 percent.
[INFO DPL-0380] Cell flipping.
[INFO DPL-0382] Changed 0 cell orientations for row compatibility.
[INFO DPL-0383] Performed 4209 cell flips.
[INFO DPL-0384] End of flipping; objective is 5.701511e+08, improvement is 1.29 percent.
[INFO DPL-0313] Found 0 cells in wrong regions.
[INFO DPL-0315] Found 0 row alignment problems.
[INFO DPL-0314] Found 0 site alignment problems.
[INFO DPL-0311] Found 0 overlaps between adjacent cells.
[INFO DPL-0312] Found 0 edge spacing violations and 0 padding violations.
Detailed Improvement Results
------------------------------------------
Original HPWL           599107.9 u (  277631.4,   321476.5)
Final HPWL              570453.4 u (  268137.0,   302316.5)
Delta HPWL                  -4.8 % (      -3.4,       -6.0)

optimize_mirroring
[INFO DPL-0020] Mirrored 590 instances
[INFO DPL-0021] HPWL before          570453.4 u
[INFO DPL-0022] HPWL after           570251.7 u
[INFO DPL-0023] HPWL delta               -0.0 %
[INFO FLW-0012] Placement violations .
estimate_parasitics -placement
Report metrics stage 3, detailed place...

==========================================================================
detailed place report_design_area
--------------------------------------------------------------------------
Design area 188831 um^2 63% utilization.
write_db ./results/sky130hd/chia_sha256_benchmark_corrupted/slot0/3_5_place_dp.odb
write_sdc -no_timestamp ./results/sky130hd/chia_sha256_benchmark_corrupted/slot0/3_place.sdc
Log                       Ext     Elapsed/s Peak Memory/MB sha1sum result [0:20)
3_5_place_dp              .odb            7            236 ba2638a588f9e6605495
cp ./results/sky130hd/chia_sha256_benchmark_corrupted/slot0/3_5_place_dp.odb ./results/sky130hd/chia_sha256_benchmark_corrupted/slot0/3_place.odb
make: Leaving directory '/root/OpenROAD-flow-scripts/flow'

STDERR:
bash: /opt/miniconda/lib/libtinfo.so.6: no version information available (required by bash)
bash: /opt/miniconda/lib/libtinfo.so.6: no version information available (required by bash)
bash: /opt/miniconda/lib/libtinfo.so.6: no version information available (required by bash)
bash: /opt/miniconda/lib/libtinfo.so.6: no version information available (required by bash)
bash: /opt/miniconda/lib/libtinfo.so.6: no version information available (required by bash)
bash: /opt/miniconda/lib/libtinfo.so.6: no version information available (required by bash)
bash: /opt/miniconda/lib/libtinfo.so.6: no version information available (required by bash)
bash: /opt/miniconda/lib/libtinfo.so.6: no version information available (required by bash)
bash: /opt/miniconda/lib/libtinfo.so.6: no version information available (required by bash)
bash: /opt/miniconda/lib/libtinfo.so.6: no version information available (required by bash)
bash: /opt/miniconda/lib/libtinfo.so.6: no version information available (required by bash)
bash: /opt/miniconda/lib/libtinfo.so.6: no version information available (required by bash)
bash: /opt/miniconda/lib/libtinfo.so.6: no version information available (required by bash)
bash: /opt/miniconda/lib/libtinfo.so.6: no version information available (required by bash)
bash: /opt/miniconda/lib/libtinfo.so.6: no version information available (required by bash)
bash: /opt/miniconda/lib/libtinfo.so.6: no version information available (required by bash)
bash: /opt/miniconda/lib/libtinfo.so.6: no version information available (required by bash)
bash: /opt/miniconda/lib/libtinfo.so.6: no version information available (required by bash)
bash: /opt/miniconda/lib/libtinfo.so.6: no version information available (required by bash)
bash: /opt/miniconda/lib/libtinfo.so.6: no version information available (required by bash)
bash: /opt/miniconda/lib/libtinfo.so.6: no version information available (required by bash)
bash: /opt/miniconda/lib/libtinfo.so.6: no version information available (required by bash)
bash: /opt/miniconda/lib/libtinfo.so.6: no version information available (required by bash)
bash: /opt/miniconda/lib/libtinfo.so.6: no version information available (required by bash)
Elapsed time: 0:01.83[h:]min:sec. CPU time: user 1.73 sys 0.06 (97%). Peak memory: 176108KB.
bash: /opt/miniconda/lib/libtinfo.so.6: no version information available (required by bash)
bash: /opt/miniconda/lib/libtinfo.so.6: no version information available (required by bash)
bash: /opt/miniconda/lib/libtinfo.so.6: no version information available (required by bash)
bash: /opt/miniconda/lib/libtinfo.so.6: no version information available (required by bash)
bash: /opt/miniconda/lib/libtinfo.so.6: no version information available (required by bash)
bash: /opt/miniconda/lib/libtinfo.so.6: no version information available (required by bash)
bash: /opt/miniconda/lib/libtinfo.so.6: no version information available (required by bash)
bash: /opt/miniconda/lib/libtinfo.so.6: no version information available (required by bash)
bash: /opt/miniconda/lib/libtinfo.so.6: no version information available (required by bash)
bash: /opt/miniconda/lib/libtinfo.so.6: no version information available (required by bash)
bash: /opt/miniconda/lib/libtinfo.so.6: no version information available (required by bash)
bash: /opt/miniconda/lib/libtinfo.so.6: no version information available (required by bash)
bash: /opt/miniconda/lib/libtinfo.so.6: no version information available (required by bash)
bash: /opt/miniconda/lib/libtinfo.so.6: no version information available (required by bash)
Elapsed time: 0:00.40[h:]min:sec. CPU time: user 0.33 sys 0.05 (95%). Peak memory: 158528KB.
bash: /opt/miniconda/lib/libtinfo.so.6: no version information available (required by bash)
bash: /opt/miniconda/lib/libtinfo.so.6: no version information available (required by bash)
bash: /opt/miniconda/lib/libtinfo.so.6: no version information available (required by bash)
bash: /opt/miniconda/lib/libtinfo.so.6: no version information available (required by bash)
bash: /opt/miniconda/lib/libtinfo.so.6: no version information available (required by bash)
bash: /opt/miniconda/lib/libtinfo.so.6: no version information available (required by bash)
bash: /opt/miniconda/lib/libtinfo.so.6: no version information available (required by bash)
bash: /opt/miniconda/lib/libtinfo.so.6: no version information available (required by bash)
bash: /opt/miniconda/lib/libtinfo.so.6: no version information available (required by bash)
bash: /opt/miniconda/lib/libtinfo.so.6: no version information available (required by bash)
bash: /opt/miniconda/lib/libtinfo.so.6: no version information available (required by bash)
bash: /opt/miniconda/lib/libtinfo.so.6: no version information available (required by bash)
bash: /opt/miniconda/lib/libtinfo.so.6: no version information available (required by bash)
bash: /opt/miniconda/lib/libtinfo.so.6: no version information available (required by bash)
Elapsed time: 0:22.58[h:]min:sec. CPU time: user 22.13 sys 0.36 (99%). Peak memory: 484320KB.
bash: /opt/miniconda/lib/libtinfo.so.6: no version information available (required by bash)
bash: /opt/miniconda/lib/libtinfo.so.6: no version information available (required by bash)
bash: /opt/miniconda/lib/libtinfo.so.6: no version information available (required by bash)
bash: /opt/miniconda/lib/libtinfo.so.6: no version information available (required by bash)
bash: /opt/miniconda/lib/libtinfo.so.6: no version information available (required by bash)
bash: /opt/miniconda/lib/libtinfo.so.6: no version information available (required by bash)
bash: /opt/miniconda/lib/libtinfo.so.6: no version information available (required by bash)
bash: /opt/miniconda/lib/libtinfo.so.6: no version information available (required by bash)
bash: /opt/miniconda/lib/libtinfo.so.6: no version information available (required by bash)
bash: /opt/miniconda/lib/libtinfo.so.6: no version information available (required by bash)
bash: /opt/miniconda/lib/libtinfo.so.6: no version information available (required by bash)
bash: /opt/miniconda/lib/libtinfo.so.6: no version information available (required by bash)
bash: /opt/miniconda/lib/libtinfo.so.6: no version information available (required by bash)
bash: /opt/miniconda/lib/libtinfo.so.6: no version information available (required by bash)
Elapsed time: 0:22.35[h:]min:sec. CPU time: user 22.10 sys 0.14 (99%). Peak memory: 225868KB.
bash: /opt/miniconda/lib/libtinfo.so.6: no version information available (required by bash)
bash: /opt/miniconda/lib/libtinfo.so.6: no version information available (required by bash)
bash: /opt/miniconda/lib/libtinfo.so.6: no version information available (required by bash)
bash: /opt/miniconda/lib/libtinfo.so.6: no version information available (required by bash)
bash: /opt/miniconda/lib/libtinfo.so.6: no version information available (required by bash)
bash: /opt/miniconda/lib/libtinfo.so.6: no version information available (required by bash)
bash: /opt/miniconda/lib/libtinfo.so.6: no version information available (required by bash)
bash: /opt/miniconda/lib/libtinfo.so.6: no version information available (required by bash)
bash: /opt/miniconda/lib/libtinfo.so.6: no version information available (required by bash)
bash: /opt/miniconda/lib/libtinfo.so.6: no version information available (required by bash)
bash: /opt/miniconda/lib/libtinfo.so.6: no version information available (required by bash)
bash: /opt/miniconda/lib/libtinfo.so.6: no version information available (required by bash)
bash: /opt/miniconda/lib/libtinfo.so.6: no version information available (required by bash)
bash: /opt/miniconda/lib/libtinfo.so.6: no version information available (required by bash)
Elapsed time: 0:07.53[h:]min:sec. CPU time: user 7.43 sys 0.08 (99%). Peak memory: 242436KB.
bash: /opt/miniconda/lib/libtinfo.so.6: no version information available (required by bash)
bash: /opt/miniconda/lib/libtinfo.so.6: no version information available (required by bash)
bash: /opt/miniconda/lib/libtinfo.so.6: no version information available (required by bash)
bash: /opt/miniconda/lib/libtinfo.so.6: no version information available (required by bash)
bash: /opt/miniconda/lib/libtinfo.so.6: no version information available (required by bash)
bash: /opt/miniconda/lib/libtinfo.so.6: no version information available (required by bash)
bash: /opt/miniconda/lib/libtinfo.so.6: no version information available (required by bash)
bash: /opt/miniconda/lib/libtinfo.so.6: no version information available (required by bash)
bash: /opt/miniconda/lib/libtinfo.so.6: no version information available (required by bash)
bash: /opt/miniconda/lib/libtinfo.so.6: no version information available (required by bash)
bash: /opt/miniconda/lib/libtinfo.so.6: no version information available (required by bash)
bash: /opt/miniconda/lib/libtinfo.so.6: no version information available (required by bash)
bash: /opt/miniconda/lib/libtinfo.so.6: no version information available (required by bash)
