==============================================================================
CHIA verification-improvement supervisor
Project       : /home/auralab/nwark/chia_sept7_for_multi_rtl_with_multi_llm/for_multiple_rtl_updation_generalized
Design config : pipeline/designs/fifo.yaml
Design        : fifo
Max iterations: 25
Log directory : /home/auralab/nwark/chia_sept7_for_multi_rtl_with_multi_llm/for_multiple_rtl_updation_generalized/generated/designs/fifo/results/verification_improvement/logs
Started       : 2026-09-09T20:34:28+05:30
==============================================================================
==============================================================================
Starting run14
Time          : 2026-09-09T20:34:28+05:30
Project       : /home/auralab/nwark/chia_sept7_for_multi_rtl_with_multi_llm/for_multiple_rtl_updation_generalized
Design config : pipeline/designs/fifo.yaml
Design        : fifo
Max iterations: 25
Run log       : /home/auralab/nwark/chia_sept7_for_multi_rtl_with_multi_llm/for_multiple_rtl_updation_generalized/generated/designs/fifo/results/verification_improvement/logs/run_20260909_203428.log
==============================================================================
------------------------------------------------------------------------------
run14 exit status: 0
Time: 2026-09-09T22:41:29+05:30
Status: CLEAN EXIT
Supervisor: stopping.
------------------------------------------------------------------------------

==============================================================================
CHIA verification-improvement supervisor
Project       : /home/auralab/nwark/chia_sept7_for_multi_rtl_with_multi_llm/for_multiple_rtl_updation_generalized
Design config : pipeline/designs/fifo.yaml
Design        : fifo
Max iterations: 32
Log directory : /home/auralab/nwark/chia_sept7_for_multi_rtl_with_multi_llm/for_multiple_rtl_updation_generalized/generated/designs/fifo/results/verification_improvement/logs
Started       : 2026-09-10T11:07:38+05:30
==============================================================================
==============================================================================
Starting run14
Time          : 2026-09-10T11:07:38+05:30
Project       : /home/auralab/nwark/chia_sept7_for_multi_rtl_with_multi_llm/for_multiple_rtl_updation_generalized
Design config : pipeline/designs/fifo.yaml
Design        : fifo
Max iterations: 32
Run log       : /home/auralab/nwark/chia_sept7_for_multi_rtl_with_multi_llm/for_multiple_rtl_updation_generalized/generated/designs/fifo/results/verification_improvement/logs/run_20260910_110738.log
==============================================================================
------------------------------------------------------------------------------
run14 exit status: 0
Time: 2026-09-10T11:07:40+05:30
Status: CLEAN EXIT
Supervisor: stopping.
------------------------------------------------------------------------------

==============================================================================
CHIA verification-improvement supervisor
Project       : /home/auralab/nwark/chia_sept7_for_multi_rtl_with_multi_llm/for_multiple_rtl_updation_generalized
Design config : pipeline/designs/fifo.yaml
Design        : fifo
Max iterations: 32
Log directory : /home/auralab/nwark/chia_sept7_for_multi_rtl_with_multi_llm/for_multiple_rtl_updation_generalized/generated/designs/fifo/results/verification_improvement/logs
Started       : 2026-09-10T11:07:53+05:30
==============================================================================
==============================================================================
Starting run14
Time          : 2026-09-10T11:07:53+05:30
Project       : /home/auralab/nwark/chia_sept7_for_multi_rtl_with_multi_llm/for_multiple_rtl_updation_generalized
Design config : pipeline/designs/fifo.yaml
Design        : fifo
Max iterations: 32
Run log       : /home/auralab/nwark/chia_sept7_for_multi_rtl_with_multi_llm/for_multiple_rtl_updation_generalized/generated/designs/fifo/results/verification_improvement/logs/run_20260910_110753.log
==============================================================================
------------------------------------------------------------------------------
run14 exit status: 0
Time: 2026-09-10T11:07:54+05:30
Status: CLEAN EXIT
Supervisor: stopping.
------------------------------------------------------------------------------

==============================================================================
CHIA verification-improvement supervisor
Project       : /home/auralab/nwark/chia_sept7_for_multi_rtl_with_multi_llm/for_multiple_rtl_updation_generalized
Design config : pipeline/designs/fifo.yaml
Design        : fifo
Max iterations: 32
Log directory : /home/auralab/nwark/chia_sept7_for_multi_rtl_with_multi_llm/for_multiple_rtl_updation_generalized/generated/designs/fifo/results/verification_improvement/logs
Started       : 2026-09-10T15:15:37+05:30
==============================================================================
==============================================================================
Starting run14
Time          : 2026-09-10T15:15:37+05:30
Project       : /home/auralab/nwark/chia_sept7_for_multi_rtl_with_multi_llm/for_multiple_rtl_updation_generalized
Design config : pipeline/designs/fifo.yaml
Design        : fifo
Max iterations: 32
Run log       : /home/auralab/nwark/chia_sept7_for_multi_rtl_with_multi_llm/for_multiple_rtl_updation_generalized/generated/designs/fifo/results/verification_improvement/logs/run_20260910_151537.log
==============================================================================
------------------------------------------------------------------------------
run14 exit status: 0
Time: 2026-09-10T15:15:48+05:30
Status: CLEAN EXIT
Supervisor: stopping.
------------------------------------------------------------------------------

==============================================================================
CHIA verification-improvement supervisor
Project       : /home/auralab/nwark/chia_sept7_for_multi_rtl_with_multi_llm/for_multiple_rtl_updation_generalized
Design config : pipeline/designs/fifo.yaml
Design        : fifo
Max iterations: 32
Log directory : /home/auralab/nwark/chia_sept7_for_multi_rtl_with_multi_llm/for_multiple_rtl_updation_generalized/generated/designs/fifo/results/verification_improvement/logs
Started       : 2026-09-10T15:17:01+05:30
==============================================================================
==============================================================================
Starting run14
Time          : 2026-09-10T15:17:01+05:30
Project       : /home/auralab/nwark/chia_sept7_for_multi_rtl_with_multi_llm/for_multiple_rtl_updation_generalized
Design config : pipeline/designs/fifo.yaml
Design        : fifo
Max iterations: 32
Run log       : /home/auralab/nwark/chia_sept7_for_multi_rtl_with_multi_llm/for_multiple_rtl_updation_generalized/generated/designs/fifo/results/verification_improvement/logs/run_20260910_151701.log
==============================================================================
------------------------------------------------------------------------------
run14 exit status: 0
Time: 2026-09-10T15:17:03+05:30
Status: CLEAN EXIT
Supervisor: stopping.
------------------------------------------------------------------------------

==============================================================================
CHIA verification-improvement supervisor
Project       : /home/auralab/nwark/chia_sept7_for_multi_rtl_with_multi_llm/for_multiple_rtl_updation_generalized
Design config : pipeline/designs/fifo.yaml
Design        : fifo
Max iterations: 32
Log directory : /home/auralab/nwark/chia_sept7_for_multi_rtl_with_multi_llm/for_multiple_rtl_updation_generalized/generated/designs/fifo/results/verification_improvement/logs
Started       : 2026-09-10T15:18:04+05:30
==============================================================================
==============================================================================
Starting run14
Time          : 2026-09-10T15:18:04+05:30
Project       : /home/auralab/nwark/chia_sept7_for_multi_rtl_with_multi_llm/for_multiple_rtl_updation_generalized
Design config : pipeline/designs/fifo.yaml
Design        : fifo
Max iterations: 32
Run log       : /home/auralab/nwark/chia_sept7_for_multi_rtl_with_multi_llm/for_multiple_rtl_updation_generalized/generated/designs/fifo/results/verification_improvement/logs/run_20260910_151804.log
==============================================================================
------------------------------------------------------------------------------
run14 exit status: 0
Time: 2026-09-10T15:18:06+05:30
Status: CLEAN EXIT
Supervisor: stopping.
------------------------------------------------------------------------------

==============================================================================
CHIA verification-improvement supervisor
Project       : /home/auralab/nwark/chia_sept7_for_multi_rtl_with_multi_llm/for_multiple_rtl_updation_generalized
Design config : pipeline/designs/fifo.yaml
Design        : fifo
Max iterations: 32
Log directory : /home/auralab/nwark/chia_sept7_for_multi_rtl_with_multi_llm/for_multiple_rtl_updation_generalized/generated/designs/fifo/results/verification_improvement/logs
Started       : 2026-09-10T15:18:25+05:30
==============================================================================
==============================================================================
Starting run14
Time          : 2026-09-10T15:18:25+05:30
Project       : /home/auralab/nwark/chia_sept7_for_multi_rtl_with_multi_llm/for_multiple_rtl_updation_generalized
Design config : pipeline/designs/fifo.yaml
Design        : fifo
Max iterations: 32
Run log       : /home/auralab/nwark/chia_sept7_for_multi_rtl_with_multi_llm/for_multiple_rtl_updation_generalized/generated/designs/fifo/results/verification_improvement/logs/run_20260910_151825.log
==============================================================================
------------------------------------------------------------------------------
run14 exit status: 0
Time: 2026-09-10T15:29:20+05:30
Status: CLEAN EXIT
Supervisor: stopping.
------------------------------------------------------------------------------

==============================================================================
CHIA verification-improvement supervisor
Project       : /home/auralab/nwark/chia_sept7_for_multi_rtl_with_multi_llm/for_multiple_rtl_updation_generalized
Design config : pipeline/designs/fifo.yaml
Design        : fifo
Max iterations: 25
Log directory : /home/auralab/nwark/chia_sept7_for_multi_rtl_with_multi_llm/for_multiple_rtl_updation_generalized/generated/designs/fifo/results/verification_improvement/logs
Started       : 2026-09-10T17:29:32+05:30
==============================================================================
==============================================================================
Starting run14
Time          : 2026-09-10T17:29:32+05:30
Project       : /home/auralab/nwark/chia_sept7_for_multi_rtl_with_multi_llm/for_multiple_rtl_updation_generalized
Design config : pipeline/designs/fifo.yaml
Design        : fifo
Max iterations: 25
Run log       : /home/auralab/nwark/chia_sept7_for_multi_rtl_with_multi_llm/for_multiple_rtl_updation_generalized/generated/designs/fifo/results/verification_improvement/logs/run_20260910_172932.log
==============================================================================

[SUPERVISOR] Stop requested by user.
------------------------------------------------------------------------------
run14 exit status: 130
Time: 2026-09-10T17:41:29+05:30
Status: STOPPED BY USER
Supervisor: stopping.
------------------------------------------------------------------------------

==============================================================================
CHIA verification-improvement supervisor
Project       : /home/auralab/nwark/chia_sept7_for_multi_rtl_with_multi_llm/for_multiple_rtl_updation_generalized
Design config : pipeline/designs/fifo.yaml
Design        : fifo
Max iterations: 25
Log directory : /home/auralab/nwark/chia_sept7_for_multi_rtl_with_multi_llm/for_multiple_rtl_updation_generalized/generated/designs/fifo/results/verification_improvement/logs
Started       : 2026-09-10T17:57:02+05:30
==============================================================================
==============================================================================
Starting run14
Time          : 2026-09-10T17:57:02+05:30
Project       : /home/auralab/nwark/chia_sept7_for_multi_rtl_with_multi_llm/for_multiple_rtl_updation_generalized
Design config : pipeline/designs/fifo.yaml
Design        : fifo
Max iterations: 25
Run log       : /home/auralab/nwark/chia_sept7_for_multi_rtl_with_multi_llm/for_multiple_rtl_updation_generalized/generated/designs/fifo/results/verification_improvement/logs/run_20260910_175702.log
==============================================================================
------------------------------------------------------------------------------
run14 exit status: 0
Time: 2026-09-10T18:00:50+05:30
Status: CLEAN EXIT
Supervisor: stopping.
------------------------------------------------------------------------------

