make: Entering directory '/root/OpenROAD-flow-scripts/flow'
./logs/sky130hd/chia_i2c_benchmark_corrupted/slot0
Log                       Ext     Elapsed/s Peak Memory/MB sha1sum result [0:20)
1_1_yosys_canonicalize    .rtlil          0             61 c8ba4f8855ee11ca8807
1_2_yosys                 .v              0             60 2b8f33ce0d99be90150c
1_2_yosys                 .sdc                             b4c53d738ad721e30684
1_synth                   .odb            0            121 296185d589181cd7a9ac
1_synth                   .sdc                             4974275ea6eeacf129b2
2_1_floorplan             .odb            0            140 0593de35ff9128260773
2_1_floorplan             .sdc                             4974275ea6eeacf129b2
2_2_floorplan_macro       .odb            0            119 0593de35ff9128260773
2_3_floorplan_tapcell     .odb            0            119 776158a11ad2cfbde809
2_4_floorplan_pdn         .odb            0            122 bed238ada92526cc4638
3_1_place_gp_skip_io      .odb            0            121 2c43b7b774dff2813c1f
3_2_place_iop             .odb            0            120 816381b60e14c4d1b2bd
3_3_place_gp              .odb            0            234 8d52454d4fcc920aca23
3_4_place_resized         .odb            0            138 8d52454d4fcc920aca23
3_5_place_dp              .odb            0            124 98ef6dba5d8a38673f00
4_1_cts                   .odb            1            162 c0b61af3c37e26145da5
5_1_grt                   .odb            8            247 7f6c095c95db8a881221
5_1_grt                   .sdc                             ba68b1195c737c33fba6
5_2_route                 .odb           20            587 b46cf09ec72b3e1d42ff
5_3_fillcell              .odb            0            123 0f5159ec311906dd97a2
6_1_fill                  .odb            0            120 0f5159ec311906dd97a2
6_1_fill                  .sdc                             ba68b1195c737c33fba6
6_1_merge                                 1            429                  N/A
6_report                                  0            179                  N/A
Total                                    30            587                     
mkdir -p ./reports/sky130hd/chia_i2c_benchmark_corrupted/slot0
echo /root/chia-orfs/rtl_to_gds_designs/sky130hd/chia_i2c_benchmark_corrupted > ./reports/sky130hd/chia_i2c_benchmark_corrupted/slot0/design-dir.txt
/opt/miniconda/envs/chia_env/bin/python3 /root/OpenROAD-flow-scripts/flow/util/genMetrics.py -d chia_i2c_benchmark_corrupted \
    -p sky130hd \
    -v slot0 \
    --logs ./logs/sky130hd/chia_i2c_benchmark_corrupted/slot0 \
    --reports ./reports/sky130hd/chia_i2c_benchmark_corrupted/slot0 \
    --results ./results/sky130hd/chia_i2c_benchmark_corrupted/slot0 \
    -o ./reports/sky130hd/chia_i2c_benchmark_corrupted/slot0/metadata.json 2>&1 \
    | tee /root/OpenROAD-flow-scripts/flow/reports/sky130hd/chia_i2c_benchmark_corrupted/slot0/metadata-generate.log
[WARN] not a git repo: /root/OpenROAD-flow-scripts/flow/util/../
[WARN] not a git repo: /root/OpenROAD-flow-scripts/flow/platforms/sky130hd
[WARN] Tag globalroute__timing__clock__slack not found in ./logs/sky130hd/chia_i2c_benchmark_corrupted/slot0/5_1_grt.log. Will use N/A.
[WARN] Overwriting Tag synth__runtime__total
[WARN] Overwriting Tag synth__cpu__total
[WARN] Overwriting Tag synth__mem__peak
[WARN] Overwriting Tag finish__runtime__total
[WARN] Overwriting Tag finish__cpu__total
[WARN] Overwriting Tag finish__mem__peak
/opt/miniconda/envs/chia_env/bin/python3 /root/OpenROAD-flow-scripts/flow/util/checkMetadata.py \
    -m ./reports/sky130hd/chia_i2c_benchmark_corrupted/slot0/metadata.json \
    -r /root/chia-orfs/rtl_to_gds_designs/sky130hd/chia_i2c_benchmark_corrupted/rules-slot0.json 2>&1 \
    | tee /root/OpenROAD-flow-scripts/flow/reports/sky130hd/chia_i2c_benchmark_corrupted/slot0/metadata-check.log
[WARN] File /root/chia-orfs/rtl_to_gds_designs/sky130hd/chia_i2c_benchmark_corrupted/rules-slot0.json not found
No rules
make: Leaving directory '/root/OpenROAD-flow-scripts/flow'

STDERR:
bash: /opt/miniconda/lib/libtinfo.so.6: no version information available (required by bash)
bash: /opt/miniconda/lib/libtinfo.so.6: no version information available (required by bash)
bash: /opt/miniconda/lib/libtinfo.so.6: no version information available (required by bash)
bash: /opt/miniconda/lib/libtinfo.so.6: no version information available (required by bash)
bash: /opt/miniconda/lib/libtinfo.so.6: no version information available (required by bash)
bash: /opt/miniconda/lib/libtinfo.so.6: no version information available (required by bash)
bash: /opt/miniconda/lib/libtinfo.so.6: no version information available (required by bash)
bash: /opt/miniconda/lib/libtinfo.so.6: no version information available (required by bash)
bash: /opt/miniconda/lib/libtinfo.so.6: no version information available (required by bash)
bash: /opt/miniconda/lib/libtinfo.so.6: no version information available (required by bash)
bash: /opt/miniconda/lib/libtinfo.so.6: no version information available (required by bash)
bash: /opt/miniconda/lib/libtinfo.so.6: no version information available (required by bash)
bash: /opt/miniconda/lib/libtinfo.so.6: no version information available (required by bash)
bash: /opt/miniconda/lib/libtinfo.so.6: no version information available (required by bash)
bash: /opt/miniconda/lib/libtinfo.so.6: no version information available (required by bash)
bash: /opt/miniconda/lib/libtinfo.so.6: no version information available (required by bash)
bash: /opt/miniconda/lib/libtinfo.so.6: no version information available (required by bash)
bash: /opt/miniconda/lib/libtinfo.so.6: no version information available (required by bash)
bash: /opt/miniconda/lib/libtinfo.so.6: no version information available (required by bash)
bash: /opt/miniconda/lib/libtinfo.so.6: no version information available (required by bash)
bash: /opt/miniconda/lib/libtinfo.so.6: no version information available (required by bash)
bash: /opt/miniconda/lib/libtinfo.so.6: no version information available (required by bash)
bash: /opt/miniconda/lib/libtinfo.so.6: no version information available (required by bash)
bash: /opt/miniconda/lib/libtinfo.so.6: no version information available (required by bash)
bash: /opt/miniconda/lib/libtinfo.so.6: no version information available (required by bash)
bash: /opt/miniconda/lib/libtinfo.so.6: no version information available (required by bash)
bash: /opt/miniconda/lib/libtinfo.so.6: no version information available (required by bash)
bash: /opt/miniconda/lib/libtinfo.so.6: no version information available (required by bash)
bash: /opt/miniconda/lib/libtinfo.so.6: no version information available (required by bash)
bash: /opt/miniconda/lib/libtinfo.so.6: no version information available (required by bash)
bash: /opt/miniconda/lib/libtinfo.so.6: no version information available (required by bash)
bash: /opt/miniconda/lib/libtinfo.so.6: no version information available (required by bash)
bash: /opt/miniconda/lib/libtinfo.so.6: no version information available (required by bash)
bash: /opt/miniconda/lib/libtinfo.so.6: no version information available (required by bash)
bash: /opt/miniconda/lib/libtinfo.so.6: no version information available (required by bash)
bash: /opt/miniconda/lib/libtinfo.so.6: no version information available (required by bash)
bash: /opt/miniconda/lib/libtinfo.so.6: no version information available (required by bash)
bash: /opt/miniconda/lib/libtinfo.so.6: no version information available (required by bash)
bash: /opt/miniconda/lib/libtinfo.so.6: no version information available (required by bash)
make: *** [/root/OpenROAD-flow-scripts/flow/util/utils.mk:36: metadata-check] Error 1
