make: Entering directory '/root/OpenROAD-flow-scripts/flow'
/root/OpenROAD-flow-scripts/flow/scripts/flow.sh 3_1_place_gp_skip_io global_place_skip_io
Running global_place_skip_io.tcl, stage 3_1_place_gp_skip_io
read_liberty /root/OpenROAD-flow-scripts/flow/platforms/sky130hd/lib/sky130_fd_sc_hd__tt_025C_1v80.lib
read_db ./results/sky130hd/chia_i2c_benchmark_corrupted/slot0/2_floorplan.odb
read_sdc ./results/sky130hd/chia_i2c_benchmark_corrupted/slot0/2_floorplan.sdc
source /root/OpenROAD-flow-scripts/flow/platforms/sky130hd/setRC.tcl
global_placement -skip_io -density 0.71 -pad_left 0 -pad_right 0
[INFO GPL-0001] ---- Initialize GPL Main Data Structures
[INFO GPL-0002] DBU: 1000
[INFO GPL-0003] SiteSize: (  0.460  2.720 ) um
[INFO GPL-0004] CoreBBox: (  1.380  2.720 ) ( 71.300 70.720 ) um
[INFO GPL-0016] Core area:                    4754.560 um^2
[INFO GPL-0036] Movable instances area:       2347.251 um^2
[INFO GPL-0037] Total instances area:         2431.082 um^2
[INFO GPL-0035] Pin density area adjust:       257.978 um^2
[INFO GPL-0032] ---- Initialize Region: Top-level
[INFO GPL-0006] Number of instances:               342
[INFO GPL-0007] Movable instances:                 275
[INFO GPL-0008] Fixed instances:                    67
[INFO GPL-0009] Dummy instances:                     0
[INFO GPL-0010] Number of nets:                    298
[INFO GPL-0011] Number of pins:                    947
[INFO GPL-0012] Die BBox:       (  0.000  0.000 ) ( 72.610 72.610 ) um
[INFO GPL-0013] Placement BBox: (  1.380  2.720 ) ( 71.300 70.720 ) um
[INFO GPL-0014] Region name: top-level.
[INFO GPL-0015] Region area:                  4754.560 um^2
[INFO GPL-0017] Fixed instances area:           83.830 um^2
[INFO GPL-0018] Movable instances area:       2605.229 um^2
[INFO GPL-0019] Utilization:                    55.778 %
[INFO GPL-0020] Standard cells area:          2605.229 um^2
[INFO GPL-0021] Large instances area:            0.000 um^2
[INFO GPL-0005] ---- Execute Conjugate Gradient Initial Placement.
[INFO GPL-0051] Source of initial instance position counters:
	Odb location = 0	Core center = 275	Region center = 0
[INFO GPL-0033] ---- Initialize Nesterov Region: Top-level
[INFO GPL-0023] Placement target density:       0.7100
[INFO GPL-0024] Movable insts average area:      9.474 um^2
[INFO GPL-0025] Ideal bin area:                 13.343 um^2
[INFO GPL-0026] Ideal bin count:                   356
[INFO GPL-0027] Total bin area:               4754.560 um^2
[INFO GPL-0028] Bin count (X, Y):          16 ,     16
[INFO GPL-0029] Bin size (W * H):       4.370 *  4.250 um
[INFO GPL-0030] Number of bins:                    256
[INFO GPL-0084] ---- Execute Nesterov Global Placement.
[INFO GPL-0031] HPWL: Half-Perimeter Wirelength
Iteration | Overflow |     HPWL (um) |  HPWL(%) |   Penalty | Group
---------------------------------------------------------------
        0 |   0.9797 |  4.809910e+02 |   +0.00% |  4.20e-14 |      
       10 |   0.9615 |  4.290550e+02 |  -10.80% |  6.85e-14 |      
       20 |   0.9605 |  4.285150e+02 |   -0.13% |  1.12e-13 |      
       30 |   0.9605 |  4.286000e+02 |   +0.02% |  1.82e-13 |      
       40 |   0.9605 |  4.285640e+02 |   -0.01% |  2.96e-13 |      
       50 |   0.9605 |  4.286150e+02 |   +0.01% |  4.82e-13 |      
       60 |   0.9605 |  4.288900e+02 |   +0.06% |  7.85e-13 |      
       70 |   0.9605 |  4.295170e+02 |   +0.15% |  1.28e-12 |      
       80 |   0.9605 |  4.308840e+02 |   +0.32% |  2.08e-12 |      
       90 |   0.9605 |  4.333020e+02 |   +0.56% |  3.39e-12 |      
      100 |   0.9605 |  4.366560e+02 |   +0.77% |  5.53e-12 |      
      110 |   0.9596 |  4.421760e+02 |   +1.26% |  9.01e-12 |      
      120 |   0.9518 |  4.521610e+02 |   +2.26% |  1.47e-11 |      
      130 |   0.9444 |  4.831820e+02 |   +6.86% |  2.39e-11 |      
      140 |   0.9214 |  5.669550e+02 |  +17.34% |  3.89e-11 |      
      150 |   0.9099 |  6.684960e+02 |  +17.91% |  6.34e-11 |      
      160 |   0.8757 |  8.141470e+02 |  +21.79% |  1.03e-10 |      
      170 |   0.8539 |  9.096090e+02 |  +11.73% |  1.68e-10 |      
      180 |   0.8188 |  1.056969e+03 |  +16.20% |  2.74e-10 |      
      190 |   0.7839 |  1.183314e+03 |  +11.95% |  4.46e-10 |      
      200 |   0.7448 |  1.358300e+03 |  +14.79% |  7.27e-10 |      
      210 |   0.7042 |  1.499501e+03 |  +10.40% |  1.18e-09 |      
      220 |   0.6610 |  1.647406e+03 |   +9.86% |  1.93e-09 |      
      230 |   0.6142 |  1.797902e+03 |   +9.14% |  3.14e-09 |      
      240 |   0.5665 |  1.945058e+03 |   +8.18% |  5.12e-09 |      
      250 |   0.5159 |  2.085776e+03 |   +7.23% |  8.34e-09 |      
      260 |   0.4577 |  2.205836e+03 |   +5.76% |  1.36e-08 |      
      270 |   0.3967 |  2.300331e+03 |   +4.28% |  2.21e-08 |      
      280 |   0.3405 |  2.410015e+03 |   +4.77% |  3.60e-08 |      
      290 |   0.3031 |  2.511857e+03 |   +4.23% |  5.31e-08 |      
      300 |   0.2591 |  2.564609e+03 |   +2.10% |  7.82e-08 |      
      310 |   0.2188 |  2.607942e+03 |   +1.69% |  1.15e-07 |      
      320 |   0.1901 |  2.663303e+03 |   +2.12% |  1.70e-07 |      
      330 |   0.1615 |  2.711209e+03 |   +1.80% |  2.50e-07 |      
      340 |   0.1322 |  2.738235e+03 |   +1.00% |  3.68e-07 |      
      350 |   0.1140 |  2.763955e+03 |   +0.94% |  5.42e-07 |      
      359 |   0.1000 |  2.782470e+03 |          |  7.99e-07 |      
---------------------------------------------------------------
[INFO GPL-1001] Global placement finished at iteration 359
[INFO GPL-1002] Placed Cell Area             2605.2290
[INFO GPL-1003] Available Free Area          4670.7296
[INFO GPL-1004] Minimum Feasible Density        0.5600 (cell_area / free_area)
[INFO GPL-1006]   Suggested Target Densities:
[INFO GPL-1007]     - For 90% usage of free space: 0.6198
[INFO GPL-1008]     - For 80% usage of free space: 0.6972
[INFO GPL-1014] Final placement area: 2605.23 (+0.00%)
Design area 2431 um^2 51% utilization.
write_db ./results/sky130hd/chia_i2c_benchmark_corrupted/slot0/3_1_place_gp_skip_io.odb
Log                       Ext     Elapsed/s Peak Memory/MB sha1sum result [0:20)
3_1_place_gp_skip_io      .odb            0            121 2c43b7b774dff2813c1f
/root/OpenROAD-flow-scripts/flow/scripts/flow.sh 3_2_place_iop io_placement
Running io_placement.tcl, stage 3_2_place_iop
read_liberty /root/OpenROAD-flow-scripts/flow/platforms/sky130hd/lib/sky130_fd_sc_hd__tt_025C_1v80.lib
read_db ./results/sky130hd/chia_i2c_benchmark_corrupted/slot0/3_1_place_gp_skip_io.odb
read_sdc ./results/sky130hd/chia_i2c_benchmark_corrupted/slot0/2_floorplan.sdc
source /root/OpenROAD-flow-scripts/flow/platforms/sky130hd/setRC.tcl
place_pins -hor_layers met3 -ver_layers met2
Found 0 macro blocks.
Using 2 tracks default min distance between IO pins.
[INFO PPL-0001] Number of available slots 254
[INFO PPL-0002] Number of I/O             36
[INFO PPL-0003] Number of I/O w/sink      35
[INFO PPL-0004] Number of I/O w/o sink    1
[INFO PPL-0005] Slots per section         200
[INFO PPL-0008] Successfully assigned pins to sections.
[INFO PPL-0012] I/O nets HPWL: 618.66 um.
Design area 2431 um^2 51% utilization.
write_db ./results/sky130hd/chia_i2c_benchmark_corrupted/slot0/3_2_place_iop.odb
Log                       Ext     Elapsed/s Peak Memory/MB sha1sum result [0:20)
3_2_place_iop             .odb            0            120 816381b60e14c4d1b2bd
/root/OpenROAD-flow-scripts/flow/scripts/flow.sh 3_3_place_gp global_place
Running global_place.tcl, stage 3_3_place_gp
read_liberty /root/OpenROAD-flow-scripts/flow/platforms/sky130hd/lib/sky130_fd_sc_hd__tt_025C_1v80.lib
read_db ./results/sky130hd/chia_i2c_benchmark_corrupted/slot0/3_2_place_iop.odb
read_sdc ./results/sky130hd/chia_i2c_benchmark_corrupted/slot0/2_floorplan.sdc
source /root/OpenROAD-flow-scripts/flow/platforms/sky130hd/setRC.tcl
[INFO RSZ-0026] Removed 22 buffers.
Perform port buffering...
[INFO RSZ-0027] Inserted 19 sky130_fd_sc_hd__clkdlybuf4s50_1 input buffers.
[INFO RSZ-0028] Inserted 13 sky130_fd_sc_hd__clkdlybuf4s50_1 output buffers.
global_placement -density 0.71 -pad_left 0 -pad_right 0 -routability_driven -timing_driven -force_center_initial_place -min_phi_coef 0.95 -max_phi_coef 1.05
[INFO GPL-0001] ---- Initialize GPL Main Data Structures
[INFO GPL-0002] DBU: 1000
[INFO GPL-0003] SiteSize: (  0.460  2.720 ) um
[INFO GPL-0004] CoreBBox: (  1.380  2.720 ) ( 71.300 70.720 ) um
[INFO GPL-0016] Core area:                    4754.560 um^2
[INFO GPL-0036] Movable instances area:       2566.211 um^2
[INFO GPL-0037] Total instances area:         2650.042 um^2
[INFO GPL-0035] Pin density area adjust:       301.365 um^2
[INFO GPL-0032] ---- Initialize Region: Top-level
[INFO GPL-0006] Number of instances:               352
[INFO GPL-0007] Movable instances:                 285
[INFO GPL-0008] Fixed instances:                    67
[INFO GPL-0009] Dummy instances:                     0
[INFO GPL-0010] Number of nets:                    308
[INFO GPL-0011] Number of pins:                   1003
[INFO GPL-0012] Die BBox:       (  0.000  0.000 ) ( 72.610 72.610 ) um
[INFO GPL-0013] Placement BBox: (  1.380  2.720 ) ( 71.300 70.720 ) um
[INFO GPL-0014] Region name: top-level.
[INFO GPL-0015] Region area:                  4754.560 um^2
[INFO GPL-0017] Fixed instances area:           83.830 um^2
[INFO GPL-0018] Movable instances area:       2867.576 um^2
[INFO GPL-0019] Utilization:                    61.395 %
[INFO GPL-0020] Standard cells area:          2867.576 um^2
[INFO GPL-0021] Large instances area:            0.000 um^2
[INFO GPL-0005] ---- Execute Conjugate Gradient Initial Placement.
[INFO GPL-0051] Source of initial instance position counters:
	Odb location = 0	Core center = 285	Region center = 0
[InitialPlace]  Iter: 1 conjugate gradient residual: 0.00000005 HPWL: 4762154
[InitialPlace]  Iter: 2 conjugate gradient residual: 0.00000011 HPWL: 3702017
[InitialPlace]  Iter: 3 conjugate gradient residual: 0.00000004 HPWL: 3664294
[InitialPlace]  Iter: 4 conjugate gradient residual: 0.00000012 HPWL: 3648416
[InitialPlace]  Iter: 5 conjugate gradient residual: 0.00000009 HPWL: 3622373
[INFO GPL-0033] ---- Initialize Nesterov Region: Top-level
[INFO GPL-0023] Placement target density:       0.7100
[INFO GPL-0024] Movable insts average area:     10.062 um^2
[INFO GPL-0025] Ideal bin area:                 14.171 um^2
[INFO GPL-0026] Ideal bin count:                   335
[INFO GPL-0027] Total bin area:               4754.560 um^2
[INFO GPL-0028] Bin count (X, Y):          16 ,     16
[INFO GPL-0029] Bin size (W * H):       4.370 *  4.250 um
[INFO GPL-0030] Number of bins:                    256
[INFO GPL-0084] ---- Execute Nesterov Global Placement.
[INFO GPL-0031] HPWL: Half-Perimeter Wirelength
Iteration | Overflow |     HPWL (um) |  HPWL(%) |   Penalty | Group
---------------------------------------------------------------
        0 |   0.7905 |  1.616144e+03 |   +0.00% |  3.94e-14 |      
       10 |   0.6511 |  1.891627e+03 |  +17.05% |  6.42e-14 |      
       20 |   0.6488 |  1.894195e+03 |   +0.14% |  1.05e-13 |      
       30 |   0.6419 |  1.900098e+03 |   +0.31% |  1.70e-13 |      
       40 |   0.6449 |  1.902677e+03 |   +0.14% |  2.77e-13 |      
       50 |   0.6445 |  1.904423e+03 |   +0.09% |  4.52e-13 |      
       60 |   0.6439 |  1.901635e+03 |   -0.15% |  7.36e-13 |      
       70 |   0.6426 |  1.897452e+03 |   -0.22% |  1.20e-12 |      
       80 |   0.6420 |  1.896673e+03 |   -0.04% |  1.95e-12 |      
       90 |   0.6421 |  1.898029e+03 |   +0.07% |  3.18e-12 |      
      100 |   0.6429 |  1.900033e+03 |   +0.11% |  5.18e-12 |      
      110 |   0.6428 |  1.901757e+03 |   +0.09% |  8.44e-12 |      
      120 |   0.6420 |  1.902960e+03 |   +0.06% |  1.37e-11 |      
      130 |   0.6409 |  1.904711e+03 |   +0.09% |  2.24e-11 |      
      140 |   0.6396 |  1.909112e+03 |   +0.23% |  3.65e-11 |      
      150 |   0.6375 |  1.916587e+03 |   +0.39% |  5.94e-11 |      
[INFO GPL-0100] Timing-driven iteration 1/2, virtual: false.
[INFO GPL-0101]    Iter: 157, overflow: 0.635, keep resizer changes at: 1, HPWL: 1921569
Iteration |   Area    | Resized | Buffers | Nets repaired | Remaining
---------------------------------------------------------------------
        0 |     +0.0% |       0 |       0 |             0 |       310
    final |     +0.0% |       0 |       0 |             0 |         0
---------------------------------------------------------------------
   Iter   |    Area   | Removed | Inserted |   Pins
          |           | Buffers | Buffers  | Remaining
-------------------------------------------------------
        0 |     +0.0% |       0 |        0 |       285
       28 |     +0.0% |       0 |        0 |       257
       56 |     +0.0% |       0 |        0 |       229
       84 |     +0.0% |       0 |        0 |       201
      112 |     +0.0% |       0 |        0 |       173
      140 |     +0.0% |       0 |        0 |       145
      168 |     +0.0% |       0 |        0 |       117
      196 |     +0.0% |       0 |        0 |        89
      224 |     +0.0% |       0 |        0 |        61
      252 |     +0.0% |       0 |        0 |        33
      280 |     +0.0% |       0 |        0 |         5
    final |     +0.0% |       0 |        0 |         0
-------------------------------------------------------
[INFO GPL-0106] Timing-driven: worst slack -2e-09
[INFO GPL-0107] Timing-driven: repair_design delta area: 0.000 um^2 (+0.00%)
[INFO GPL-0108] Timing-driven: repair_design, gpl delta gcells: 0 (+0.00%)
[INFO GPL-0109] Timing-driven: repair_design, gcells created: 0, deleted: 0
[INFO GPL-0110] Timing-driven: new target density: 0.71
Iteration | Overflow |     HPWL (um) |  HPWL(%) |   Penalty | Group
---------------------------------------------------------------
      160 |   0.6345 |  1.923750e+03 |   +0.37% |  9.68e-11 |      
      170 |   0.6303 |  1.933019e+03 |   +0.48% |  1.58e-10 |      
      180 |   0.6185 |  1.950872e+03 |   +0.92% |  2.57e-10 |      
      190 |   0.6054 |  1.975455e+03 |   +1.26% |  4.18e-10 |      
[INFO GPL-0038] Routability snapshot saved at iter = 195
      194 |   0.5999 |  1.987034e+03 |          |           |      
      200 |   0.5854 |  2.005892e+03 |   +1.54% |  6.81e-10 |      
      210 |   0.5596 |  2.040999e+03 |   +1.75% |  1.11e-09 |      
      220 |   0.5298 |  2.084295e+03 |   +2.12% |  1.81e-09 |      
      230 |   0.4976 |  2.129286e+03 |   +2.16% |  2.94e-09 |      
      240 |   0.4630 |  2.185501e+03 |   +2.64% |  4.80e-09 |      
      250 |   0.4217 |  2.239142e+03 |   +2.45% |  7.81e-09 |      
      260 |   0.3808 |  2.300094e+03 |   +2.72% |  1.27e-08 |      
      270 |   0.3413 |  2.368630e+03 |   +2.98% |  2.07e-08 |      
      280 |   0.3078 |  2.410788e+03 |   +1.78% |  3.05e-08 |      
[INFO GPL-0040] Routability iteration: 1
[INFO GPL-0041] Total routing overflow: 0.0000
[INFO GPL-0042] Number of overflowed tiles: 0 (0.00%)
[INFO GPL-0043] Average top 0.5% routing congestion: 0.8871
[INFO GPL-0044] Average top 1.0% routing congestion: 0.8871
[INFO GPL-0045] Average top 2.0% routing congestion: 0.8806
[INFO GPL-0046] Average top 5.0% routing congestion: 0.7955
[INFO GPL-0047] Routability iteration weighted routing congestion: 0.8871
[INFO GPL-0050] Weighted routing congestion is lower than target routing congestion(1.0100), end routability optimization.
[INFO GPL-0090] Routability finished. Target routing congestion achieved succesfully.
Iteration | Overflow |     HPWL (um) |  HPWL(%) |   Penalty | Group
---------------------------------------------------------------
      290 |   0.2736 |  2.454210e+03 |   +1.80% |  4.50e-08 |      
      300 |   0.2493 |  2.500385e+03 |   +1.88% |  6.63e-08 |      
      310 |   0.2149 |  2.531683e+03 |   +1.25% |  9.76e-08 |      
[INFO GPL-0100] Timing-driven iteration 2/2, virtual: false.
[INFO GPL-0101]    Iter: 319, overflow: 0.194, keep resizer changes at: 1, HPWL: 2556342
Iteration |   Area    | Resized | Buffers | Nets repaired | Remaining
---------------------------------------------------------------------
        0 |     +0.0% |       0 |       0 |             0 |       310
    final |     +0.0% |       0 |       0 |             0 |         0
---------------------------------------------------------------------
   Iter   |    Area   | Removed | Inserted |   Pins
          |           | Buffers | Buffers  | Remaining
-------------------------------------------------------
        0 |     +0.0% |       0 |        0 |       285
       28 |     +0.0% |       0 |        0 |       257
       56 |     +0.0% |       0 |        0 |       229
       84 |     +0.0% |       0 |        0 |       201
      112 |     +0.0% |       0 |        0 |       173
      140 |     +0.0% |       0 |        0 |       145
      168 |     +0.0% |       0 |        0 |       117
      196 |     +0.0% |       0 |        0 |        89
      224 |     +0.0% |       0 |        0 |        61
      252 |     +0.0% |       0 |        0 |        33
      280 |     +0.3% |       0 |        1 |         5
    final |     +0.3% |       0 |        1 |         0
-------------------------------------------------------
[INFO GPL-0106] Timing-driven: worst slack -2e-09
[INFO GPL-0107] Timing-driven: repair_design delta area: 7.507 um^2 (+0.26%)
[INFO GPL-0108] Timing-driven: repair_design, gpl delta gcells: 1 (+0.35%)
[INFO GPL-0109] Timing-driven: repair_design, gcells created: 1, deleted: 0
[INFO GPL-0110] Timing-driven: new target density: 0.7116073
Iteration | Overflow |     HPWL (um) |  HPWL(%) |   Penalty | Group
---------------------------------------------------------------
      320 |   0.1890 |  2.566379e+03 |   +1.37% |  1.44e-07 |      
      330 |   0.1648 |  2.594478e+03 |   +1.09% |  2.12e-07 |      
      340 |   0.1478 |  2.623191e+03 |   +1.11% |  3.12e-07 |      
      350 |   0.1285 |  2.646577e+03 |   +0.89% |  4.60e-07 |      
      360 |   0.1107 |  2.668483e+03 |   +0.83% |  6.77e-07 |      
      368 |   0.0999 |  2.681720e+03 |          |  9.60e-07 |      
---------------------------------------------------------------
[INFO GPL-1001] Global placement finished at iteration 368
[INFO GPL-1017] Routability mode iteration count: 88
[INFO GPL-1005] Routability final weighted congestion: 0.7962
[INFO GPL-1002] Placed Cell Area             2875.0832
[INFO GPL-1003] Available Free Area          4670.7296
[INFO GPL-1004] Minimum Feasible Density        0.6200 (cell_area / free_area)
[INFO GPL-1006]   Suggested Target Densities:
[INFO GPL-1007]     - For 90% usage of free space: 0.6839
[INFO GPL-1008]     - For 80% usage of free space: 0.7694
[INFO GPL-1011] Original area (um^2): 2867.58
[INFO GPL-1012] Total routability artificial inflation: 0.00 (+0.00%)
[INFO GPL-1013] Total timing-driven delta area: 7.51 (+0.26%)
[INFO GPL-1014] Final placement area: 2875.08 (+0.26%)
estimate_parasitics -placement
Report metrics stage 3, global place...

==========================================================================
global place report_design_area
--------------------------------------------------------------------------
Design area 2658 um^2 56% utilization.
write_db ./results/sky130hd/chia_i2c_benchmark_corrupted/slot0/3_3_place_gp.odb
Log                       Ext     Elapsed/s Peak Memory/MB sha1sum result [0:20)
3_3_place_gp              .odb            0            234 8d52454d4fcc920aca23
/root/OpenROAD-flow-scripts/flow/scripts/flow.sh 3_4_place_resized resize
Running resize.tcl, stage 3_4_place_resized
read_liberty /root/OpenROAD-flow-scripts/flow/platforms/sky130hd/lib/sky130_fd_sc_hd__tt_025C_1v80.lib
read_db ./results/sky130hd/chia_i2c_benchmark_corrupted/slot0/3_3_place_gp.odb
read_sdc ./results/sky130hd/chia_i2c_benchmark_corrupted/slot0/2_floorplan.sdc
source /root/OpenROAD-flow-scripts/flow/platforms/sky130hd/setRC.tcl
estimate_parasitics -placement
Perform buffer insertion and gate resizing...
repair_design -verbose -match_cell_footprint
Iteration |   Area    | Resized | Buffers | Nets repaired | Remaining
---------------------------------------------------------------------
        0 |     +0.0% |       0 |       0 |             0 |       311
       10 |     +0.0% |       0 |       0 |             0 |       301
       20 |     +0.0% |       0 |       0 |             0 |       291
       30 |     +0.0% |       0 |       0 |             0 |       281
       40 |     +0.0% |       0 |       0 |             0 |       271
       50 |     +0.0% |       0 |       0 |             0 |       261
       60 |     +0.0% |       0 |       0 |             0 |       251
       70 |     +0.0% |       0 |       0 |             0 |       241
       80 |     +0.0% |       0 |       0 |             0 |       231
       90 |     +0.0% |       0 |       0 |             0 |       221
      100 |     +0.0% |       0 |       0 |             0 |       211
      110 |     +0.0% |       0 |       0 |             0 |       201
      120 |     +0.0% |       0 |       0 |             0 |       191
      130 |     +0.0% |       0 |       0 |             0 |       181
      140 |     +0.0% |       0 |       0 |             0 |       171
      150 |     +0.0% |       0 |       0 |             0 |       161
      160 |     +0.0% |       0 |       0 |             0 |       151
      170 |     +0.0% |       0 |       0 |             0 |       141
      180 |     +0.0% |       0 |       0 |             0 |       131
      190 |     +0.0% |       0 |       0 |             0 |       121
      200 |     +0.0% |       0 |       0 |             0 |       111
      210 |     +0.0% |       0 |       0 |             0 |       101
      220 |     +0.0% |       0 |       0 |             0 |        91
      230 |     +0.0% |       0 |       0 |             0 |        81
      240 |     +0.0% |       0 |       0 |             0 |        71
      250 |     +0.0% |       0 |       0 |             0 |        61
      260 |     +0.0% |       0 |       0 |             0 |        51
      270 |     +0.0% |       0 |       0 |             0 |        41
      280 |     +0.0% |       0 |       0 |             0 |        31
      290 |     +0.0% |       0 |       0 |             0 |        21
      300 |     +0.0% |       0 |       0 |             0 |        11
      310 |     +0.0% |       0 |       0 |             0 |         1
    final |     +0.0% |       0 |       0 |             0 |         0
---------------------------------------------------------------------
[INFO RSZ-0504] Runtime: 0.01s
Floating nets: 
Report metrics stage 3, resizer...

==========================================================================
resizer report_design_area
--------------------------------------------------------------------------
Design area 2658 um^2 56% utilization.
Instance count before 353, after 353
Pin count before 971, after 971
write_db ./results/sky130hd/chia_i2c_benchmark_corrupted/slot0/3_4_place_resized.odb
Log                       Ext     Elapsed/s Peak Memory/MB sha1sum result [0:20)
3_4_place_resized         .odb            0            138 8d52454d4fcc920aca23
/root/OpenROAD-flow-scripts/flow/scripts/flow.sh 3_5_place_dp detail_place
Running detail_place.tcl, stage 3_5_place_dp
read_liberty /root/OpenROAD-flow-scripts/flow/platforms/sky130hd/lib/sky130_fd_sc_hd__tt_025C_1v80.lib
read_db ./results/sky130hd/chia_i2c_benchmark_corrupted/slot0/3_4_place_resized.odb
read_sdc ./results/sky130hd/chia_i2c_benchmark_corrupted/slot0/2_floorplan.sdc
source /root/OpenROAD-flow-scripts/flow/platforms/sky130hd/setRC.tcl
detailed_placement
[INFO DPL-0006] Core area: 4754.56 um^2
[INFO DPL-0007] Movable instances area: 2573.72 um^2
[INFO DPL-0008] Fixed instances area within core: 83.83 um^2
[INFO DPL-0009] Utilization: 55.9%
[INFO DPL-0005] Diamond search max displacement: +/- 500 sites horizontally, +/- 100 rows vertically.
[INFO DPL-1102] Legalizing using negotiation legalizer.
[INFO DPL-1103] Negotiation base search window: +/-20 sites horizontally, +/-5 rows vertically 
	Automatic search window extension enabled.
	Search window extendable up to the max displacement cap of +/-500 sites, +/-100 rows near walls.
[INFO DPL-1104] NegotiationLegalizer DRC penalty: 5.
[INFO DPL-0392] Negotiation cell height distribution (1 unique row-count(s)):
[INFO DPL-0393]   height 1 row(s): 353 cells
          |      Total |  Illegal |  Illegal
Iteration | Violations |    Cells |    Sites
---------------------------------------------
        0 |          8 |         2 |         6
        1 |          0 |         0 |         0
Negotiation phase 1 converged at iteration 1.
[INFO DPL-0500] Runtime: 0.00s
Placement Analysis
---------------------------------
total displacement        857.4 u
average displacement        2.4 u
max displacement           14.2 u
original HPWL            2699.7 u
legalized HPWL           3352.9 u
delta HPWL                   24 %

improve_placement -max_displacement "5 1"
Detailed placement improvement.
[INFO DPL-0401] Setting random seed to 1.
[INFO DPL-0402] Setting maximum displacement 5 1 to 13600 2720 units.
[INFO DPL-0320] Collected 103 fixed cells.
[INFO DPL-0318] Collected 286 single height cells.
[INFO DPL-0321] Collected 0 wide cells.
[INFO DPL-0322] Image (1380, 2720) - (71300, 70720)
[INFO DPL-0310] Assigned 286 cells into segments.  Movement in X-direction is 0.000000, movement in Y-direction is 0.000000.
[INFO DPL-0313] Found 0 cells in wrong regions.
[INFO DPL-0315] Found 0 row alignment problems.
[INFO DPL-0314] Found 0 site alignment problems.
[INFO DPL-0311] Found 0 overlaps between adjacent cells.
[INFO DPL-0312] Found 0 edge spacing violations and 0 padding violations.
[INFO DPL-0303] Running algorithm for independent set matching.
[INFO DPL-0300] Set matching objective is wirelength.
[INFO DPL-0301] Pass   1 of matching; objective is 3.362513e+06.
[INFO DPL-0302] End of matching; objective is 3.357366e+06, improvement is 0.15 percent.
[INFO DPL-0303] Running algorithm for global swaps.
[INFO DPL-0306] Pass   1 of global swaps; hpwl is 3.263308e+06.
[INFO DPL-0306] Pass   2 of global swaps; hpwl is 3.237396e+06.
[INFO DPL-0307] End of global swaps; objective is 3.237396e+06, improvement is 3.57 percent.
[INFO DPL-0303] Running algorithm for vertical swaps.
[INFO DPL-0308] Pass   1 of vertical swaps; hpwl is 3.218650e+06.
[INFO DPL-0309] End of vertical swaps; objective is 3.218650e+06, improvement is 0.58 percent.
[INFO DPL-0303] Running algorithm for reordering.
[INFO DPL-0304] Pass   1 of reordering; objective is 3.207900e+06.
[INFO DPL-0305] End of reordering; objective is 3.207900e+06, improvement is 0.33 percent.
[INFO DPL-0303] Running algorithm for random improvement.
[INFO DPL-0324] Random improver is using random generator.
[INFO DPL-0325] Random improver is using hpwl objective.
[INFO DPL-0326] Random improver cost string is (a).
[INFO DPL-0332] End of pass, Generator random called 5720 times.
[INFO DPL-0335] Generator random, Cumulative attempts 5720, swaps 939, moves  1479 since last reset.
[INFO DPL-0333] End of pass, Objective hpwl, Initial cost 3.207900e+06, Scratch cost 3.137397e+06, Incremental cost 3.137397e+06, Mismatch? N
[INFO DPL-0338] End of pass, Total cost is 3.137397e+06.
[INFO DPL-0327] Pass   1 of random improver; improvement in cost is 2.20 percent.
[INFO DPL-0332] End of pass, Generator random called 5720 times.
[INFO DPL-0335] Generator random, Cumulative attempts 11440, swaps 1849, moves  2977 since last reset.
[INFO DPL-0333] End of pass, Objective hpwl, Initial cost 3.137397e+06, Scratch cost 3.115164e+06, Incremental cost 3.115164e+06, Mismatch? N
[INFO DPL-0338] End of pass, Total cost is 3.115164e+06.
[INFO DPL-0327] Pass   2 of random improver; improvement in cost is 0.71 percent.
[INFO DPL-0328] End of random improver; improvement is 2.890863 percent.
[INFO DPL-0380] Cell flipping.
[INFO DPL-0382] Changed 0 cell orientations for row compatibility.
[INFO DPL-0383] Performed 70 cell flips.
[INFO DPL-0384] End of flipping; objective is 3.027837e+06, improvement is 2.80 percent.
[INFO DPL-0313] Found 0 cells in wrong regions.
[INFO DPL-0315] Found 0 row alignment problems.
[INFO DPL-0314] Found 0 site alignment problems.
[INFO DPL-0311] Found 0 overlaps between adjacent cells.
[INFO DPL-0312] Found 0 edge spacing violations and 0 padding violations.
Detailed Improvement Results
------------------------------------------
Original HPWL             3352.9 u (    1459.9,     1893.0)
Final HPWL                3022.4 u (    1404.9,     1617.5)
Delta HPWL                  -9.9 % (      -3.8,      -14.6)

optimize_mirroring
[INFO DPL-0020] Mirrored 13 instances
[INFO DPL-0021] HPWL before            3022.4 u
[INFO DPL-0022] HPWL after             3019.6 u
[INFO DPL-0023] HPWL delta               -0.1 %
[INFO FLW-0012] Placement violations .
estimate_parasitics -placement
Report metrics stage 3, detailed place...

==========================================================================
detailed place report_design_area
--------------------------------------------------------------------------
Design area 2658 um^2 56% utilization.
write_db ./results/sky130hd/chia_i2c_benchmark_corrupted/slot0/3_5_place_dp.odb
write_sdc -no_timestamp ./results/sky130hd/chia_i2c_benchmark_corrupted/slot0/3_place.sdc
Log                       Ext     Elapsed/s Peak Memory/MB sha1sum result [0:20)
3_5_place_dp              .odb            0            124 98ef6dba5d8a38673f00
cp ./results/sky130hd/chia_i2c_benchmark_corrupted/slot0/3_5_place_dp.odb ./results/sky130hd/chia_i2c_benchmark_corrupted/slot0/3_place.odb
make: Leaving directory '/root/OpenROAD-flow-scripts/flow'

STDERR:
bash: /opt/miniconda/lib/libtinfo.so.6: no version information available (required by bash)
bash: /opt/miniconda/lib/libtinfo.so.6: no version information available (required by bash)
bash: /opt/miniconda/lib/libtinfo.so.6: no version information available (required by bash)
bash: /opt/miniconda/lib/libtinfo.so.6: no version information available (required by bash)
bash: /opt/miniconda/lib/libtinfo.so.6: no version information available (required by bash)
bash: /opt/miniconda/lib/libtinfo.so.6: no version information available (required by bash)
bash: /opt/miniconda/lib/libtinfo.so.6: no version information available (required by bash)
bash: /opt/miniconda/lib/libtinfo.so.6: no version information available (required by bash)
bash: /opt/miniconda/lib/libtinfo.so.6: no version information available (required by bash)
bash: /opt/miniconda/lib/libtinfo.so.6: no version information available (required by bash)
bash: /opt/miniconda/lib/libtinfo.so.6: no version information available (required by bash)
bash: /opt/miniconda/lib/libtinfo.so.6: no version information available (required by bash)
bash: /opt/miniconda/lib/libtinfo.so.6: no version information available (required by bash)
bash: /opt/miniconda/lib/libtinfo.so.6: no version information available (required by bash)
bash: /opt/miniconda/lib/libtinfo.so.6: no version information available (required by bash)
bash: /opt/miniconda/lib/libtinfo.so.6: no version information available (required by bash)
bash: /opt/miniconda/lib/libtinfo.so.6: no version information available (required by bash)
bash: /opt/miniconda/lib/libtinfo.so.6: no version information available (required by bash)
bash: /opt/miniconda/lib/libtinfo.so.6: no version information available (required by bash)
bash: /opt/miniconda/lib/libtinfo.so.6: no version information available (required by bash)
bash: /opt/miniconda/lib/libtinfo.so.6: no version information available (required by bash)
bash: /opt/miniconda/lib/libtinfo.so.6: no version information available (required by bash)
bash: /opt/miniconda/lib/libtinfo.so.6: no version information available (required by bash)
bash: /opt/miniconda/lib/libtinfo.so.6: no version information available (required by bash)
Elapsed time: 0:00.26[h:]min:sec. CPU time: user 0.22 sys 0.03 (97%). Peak memory: 124204KB.
bash: /opt/miniconda/lib/libtinfo.so.6: no version information available (required by bash)
bash: /opt/miniconda/lib/libtinfo.so.6: no version information available (required by bash)
bash: /opt/miniconda/lib/libtinfo.so.6: no version information available (required by bash)
bash: /opt/miniconda/lib/libtinfo.so.6: no version information available (required by bash)
bash: /opt/miniconda/lib/libtinfo.so.6: no version information available (required by bash)
bash: /opt/miniconda/lib/libtinfo.so.6: no version information available (required by bash)
bash: /opt/miniconda/lib/libtinfo.so.6: no version information available (required by bash)
bash: /opt/miniconda/lib/libtinfo.so.6: no version information available (required by bash)
bash: /opt/miniconda/lib/libtinfo.so.6: no version information available (required by bash)
bash: /opt/miniconda/lib/libtinfo.so.6: no version information available (required by bash)
bash: /opt/miniconda/lib/libtinfo.so.6: no version information available (required by bash)
bash: /opt/miniconda/lib/libtinfo.so.6: no version information available (required by bash)
bash: /opt/miniconda/lib/libtinfo.so.6: no version information available (required by bash)
bash: /opt/miniconda/lib/libtinfo.so.6: no version information available (required by bash)
Elapsed time: 0:00.23[h:]min:sec. CPU time: user 0.19 sys 0.03 (96%). Peak memory: 123172KB.
bash: /opt/miniconda/lib/libtinfo.so.6: no version information available (required by bash)
bash: /opt/miniconda/lib/libtinfo.so.6: no version information available (required by bash)
bash: /opt/miniconda/lib/libtinfo.so.6: no version information available (required by bash)
bash: /opt/miniconda/lib/libtinfo.so.6: no version information available (required by bash)
bash: /opt/miniconda/lib/libtinfo.so.6: no version information available (required by bash)
bash: /opt/miniconda/lib/libtinfo.so.6: no version information available (required by bash)
bash: /opt/miniconda/lib/libtinfo.so.6: no version information available (required by bash)
bash: /opt/miniconda/lib/libtinfo.so.6: no version information available (required by bash)
bash: /opt/miniconda/lib/libtinfo.so.6: no version information available (required by bash)
bash: /opt/miniconda/lib/libtinfo.so.6: no version information available (required by bash)
bash: /opt/miniconda/lib/libtinfo.so.6: no version information available (required by bash)
bash: /opt/miniconda/lib/libtinfo.so.6: no version information available (required by bash)
bash: /opt/miniconda/lib/libtinfo.so.6: no version information available (required by bash)
bash: /opt/miniconda/lib/libtinfo.so.6: no version information available (required by bash)
Elapsed time: 0:00.46[h:]min:sec. CPU time: user 0.34 sys 0.12 (98%). Peak memory: 240556KB.
bash: /opt/miniconda/lib/libtinfo.so.6: no version information available (required by bash)
bash: /opt/miniconda/lib/libtinfo.so.6: no version information available (required by bash)
bash: /opt/miniconda/lib/libtinfo.so.6: no version information available (required by bash)
bash: /opt/miniconda/lib/libtinfo.so.6: no version information available (required by bash)
bash: /opt/miniconda/lib/libtinfo.so.6: no version information available (required by bash)
bash: /opt/miniconda/lib/libtinfo.so.6: no version information available (required by bash)
bash: /opt/miniconda/lib/libtinfo.so.6: no version information available (required by bash)
bash: /opt/miniconda/lib/libtinfo.so.6: no version information available (required by bash)
bash: /opt/miniconda/lib/libtinfo.so.6: no version information available (required by bash)
bash: /opt/miniconda/lib/libtinfo.so.6: no version information available (required by bash)
bash: /opt/miniconda/lib/libtinfo.so.6: no version information available (required by bash)
bash: /opt/miniconda/lib/libtinfo.so.6: no version information available (required by bash)
bash: /opt/miniconda/lib/libtinfo.so.6: no version information available (required by bash)
bash: /opt/miniconda/lib/libtinfo.so.6: no version information available (required by bash)
Elapsed time: 0:00.33[h:]min:sec. CPU time: user 0.26 sys 0.07 (97%). Peak memory: 142028KB.
bash: /opt/miniconda/lib/libtinfo.so.6: no version information available (required by bash)
bash: /opt/miniconda/lib/libtinfo.so.6: no version information available (required by bash)
bash: /opt/miniconda/lib/libtinfo.so.6: no version information available (required by bash)
bash: /opt/miniconda/lib/libtinfo.so.6: no version information available (required by bash)
bash: /opt/miniconda/lib/libtinfo.so.6: no version information available (required by bash)
bash: /opt/miniconda/lib/libtinfo.so.6: no version information available (required by bash)
bash: /opt/miniconda/lib/libtinfo.so.6: no version information available (required by bash)
bash: /opt/miniconda/lib/libtinfo.so.6: no version information available (required by bash)
bash: /opt/miniconda/lib/libtinfo.so.6: no version information available (required by bash)
bash: /opt/miniconda/lib/libtinfo.so.6: no version information available (required by bash)
bash: /opt/miniconda/lib/libtinfo.so.6: no version information available (required by bash)
bash: /opt/miniconda/lib/libtinfo.so.6: no version information available (required by bash)
bash: /opt/miniconda/lib/libtinfo.so.6: no version information available (required by bash)
bash: /opt/miniconda/lib/libtinfo.so.6: no version information available (required by bash)
Elapsed time: 0:00.30[h:]min:sec. CPU time: user 0.26 sys 0.04 (97%). Peak memory: 127584KB.
bash: /opt/miniconda/lib/libtinfo.so.6: no version information available (required by bash)
bash: /opt/miniconda/lib/libtinfo.so.6: no version information available (required by bash)
bash: /opt/miniconda/lib/libtinfo.so.6: no version information available (required by bash)
bash: /opt/miniconda/lib/libtinfo.so.6: no version information available (required by bash)
bash: /opt/miniconda/lib/libtinfo.so.6: no version information available (required by bash)
bash: /opt/miniconda/lib/libtinfo.so.6: no version information available (required by bash)
bash: /opt/miniconda/lib/libtinfo.so.6: no version information available (required by bash)
bash: /opt/miniconda/lib/libtinfo.so.6: no version information available (required by bash)
bash: /opt/miniconda/lib/libtinfo.so.6: no version information available (required by bash)
bash: /opt/miniconda/lib/libtinfo.so.6: no version information available (required by bash)
bash: /opt/miniconda/lib/libtinfo.so.6: no version information available (required by bash)
bash: /opt/miniconda/lib/libtinfo.so.6: no version information available (required by bash)
bash: /opt/miniconda/lib/libtinfo.so.6: no version information available (required by bash)
