make: Entering directory '/root/OpenROAD-flow-scripts/flow'
/root/OpenROAD-flow-scripts/flow/scripts/flow.sh 3_1_place_gp_skip_io global_place_skip_io
Running global_place_skip_io.tcl, stage 3_1_place_gp_skip_io
read_liberty /root/OpenROAD-flow-scripts/flow/platforms/sky130hd/lib/sky130_fd_sc_hd__tt_025C_1v80.lib
read_db ./results/sky130hd/chia_i2c_benchmark_corrupted/slot1/2_floorplan.odb
read_sdc ./results/sky130hd/chia_i2c_benchmark_corrupted/slot1/2_floorplan.sdc
source /root/OpenROAD-flow-scripts/flow/platforms/sky130hd/setRC.tcl
global_placement -skip_io -density 0.6 -pad_left 0 -pad_right 0
[INFO GPL-0001] ---- Initialize GPL Main Data Structures
[INFO GPL-0002] DBU: 1000
[INFO GPL-0003] SiteSize: (  0.460  2.720 ) um
[INFO GPL-0004] CoreBBox: (  1.380  2.720 ) ( 73.600 73.440 ) um
[INFO GPL-0016] Core area:                    5107.398 um^2
[INFO GPL-0036] Movable instances area:       2347.251 um^2
[INFO GPL-0037] Total instances area:         2434.835 um^2
[INFO GPL-0035] Pin density area adjust:       257.978 um^2
[INFO GPL-0032] ---- Initialize Region: Top-level
[INFO GPL-0006] Number of instances:               345
[INFO GPL-0007] Movable instances:                 275
[INFO GPL-0008] Fixed instances:                    70
[INFO GPL-0009] Dummy instances:                     0
[INFO GPL-0010] Number of nets:                    298
[INFO GPL-0011] Number of pins:                    947
[INFO GPL-0012] Die BBox:       (  0.000  0.000 ) ( 74.980 74.980 ) um
[INFO GPL-0013] Placement BBox: (  1.380  2.720 ) ( 73.600 73.440 ) um
[INFO GPL-0014] Region name: top-level.
[INFO GPL-0015] Region area:                  5107.398 um^2
[INFO GPL-0017] Fixed instances area:           87.584 um^2
[INFO GPL-0018] Movable instances area:       2605.229 um^2
[INFO GPL-0019] Utilization:                    51.899 %
[INFO GPL-0020] Standard cells area:          2605.229 um^2
[INFO GPL-0021] Large instances area:            0.000 um^2
[INFO GPL-0005] ---- Execute Conjugate Gradient Initial Placement.
[INFO GPL-0051] Source of initial instance position counters:
	Odb location = 0	Core center = 275	Region center = 0
[INFO GPL-0033] ---- Initialize Nesterov Region: Top-level
[INFO GPL-0023] Placement target density:       0.6000
[INFO GPL-0024] Movable insts average area:      9.474 um^2
[INFO GPL-0025] Ideal bin area:                 15.789 um^2
[INFO GPL-0026] Ideal bin count:                   323
[INFO GPL-0027] Total bin area:               5107.398 um^2
[INFO GPL-0028] Bin count (X, Y):          16 ,     16
[INFO GPL-0029] Bin size (W * H):       4.514 *  4.420 um
[INFO GPL-0030] Number of bins:                    256
[INFO GPL-0084] ---- Execute Nesterov Global Placement.
[INFO GPL-0031] HPWL: Half-Perimeter Wirelength
Iteration | Overflow |     HPWL (um) |  HPWL(%) |   Penalty | Group
---------------------------------------------------------------
        0 |   0.9813 |  4.810970e+02 |   +0.00% |  4.20e-14 |      
       10 |   0.9670 |  4.290820e+02 |  -10.81% |  6.85e-14 |      
       20 |   0.9646 |  4.285310e+02 |   -0.13% |  1.12e-13 |      
       30 |   0.9639 |  4.286300e+02 |   +0.02% |  1.82e-13 |      
       40 |   0.9640 |  4.285810e+02 |   -0.01% |  2.96e-13 |      
       50 |   0.9643 |  4.287330e+02 |   +0.04% |  4.82e-13 |      
       60 |   0.9639 |  4.291230e+02 |   +0.09% |  7.85e-13 |      
       70 |   0.9639 |  4.296970e+02 |   +0.13% |  1.28e-12 |      
       80 |   0.9639 |  4.304200e+02 |   +0.17% |  2.08e-12 |      
       90 |   0.9639 |  4.315320e+02 |   +0.26% |  3.39e-12 |      
      100 |   0.9638 |  4.334170e+02 |   +0.44% |  5.53e-12 |      
      110 |   0.9611 |  4.373020e+02 |   +0.90% |  9.01e-12 |      
      120 |   0.9553 |  4.492820e+02 |   +2.74% |  1.47e-11 |      
      130 |   0.9529 |  4.947930e+02 |  +10.13% |  2.39e-11 |      
      140 |   0.9203 |  5.863760e+02 |  +18.51% |  3.89e-11 |      
      150 |   0.9066 |  6.584870e+02 |  +12.30% |  6.34e-11 |      
      160 |   0.8849 |  8.527520e+02 |  +29.50% |  1.03e-10 |      
      170 |   0.8481 |  1.010268e+03 |  +18.47% |  1.68e-10 |      
      180 |   0.8279 |  1.128896e+03 |  +11.74% |  2.74e-10 |      
      190 |   0.7855 |  1.294114e+03 |  +14.64% |  4.46e-10 |      
      200 |   0.7519 |  1.475113e+03 |  +13.99% |  7.27e-10 |      
      210 |   0.7061 |  1.628620e+03 |  +10.41% |  1.18e-09 |      
      220 |   0.6600 |  1.775053e+03 |   +8.99% |  1.93e-09 |      
      230 |   0.6156 |  1.940173e+03 |   +9.30% |  3.14e-09 |      
      240 |   0.5654 |  2.089126e+03 |   +7.68% |  5.12e-09 |      
      250 |   0.5122 |  2.228831e+03 |   +6.69% |  8.34e-09 |      
      260 |   0.4555 |  2.360873e+03 |   +5.92% |  1.36e-08 |      
      270 |   0.4025 |  2.502538e+03 |   +6.00% |  2.21e-08 |      
      280 |   0.3455 |  2.618334e+03 |   +4.63% |  3.60e-08 |      
      290 |   0.2995 |  2.708816e+03 |   +3.46% |  5.36e-08 |      
      300 |   0.2598 |  2.772124e+03 |   +2.34% |  7.90e-08 |      
      310 |   0.2182 |  2.824621e+03 |   +1.89% |  1.16e-07 |      
      320 |   0.1905 |  2.879986e+03 |   +1.96% |  1.71e-07 |      
      330 |   0.1643 |  2.927842e+03 |   +1.66% |  2.52e-07 |      
      340 |   0.1475 |  2.965932e+03 |   +1.30% |  3.72e-07 |      
      350 |   0.1235 |  2.982024e+03 |   +0.54% |  5.48e-07 |      
      360 |   0.1037 |  3.007882e+03 |   +0.87% |  8.07e-07 |      
      362 |   0.0985 |  3.010368e+03 |          |  9.07e-07 |      
---------------------------------------------------------------
[INFO GPL-1001] Global placement finished at iteration 362
[INFO GPL-1002] Placed Cell Area             2605.2290
[INFO GPL-1003] Available Free Area          5019.8144
[INFO GPL-1004] Minimum Feasible Density        0.5200 (cell_area / free_area)
[INFO GPL-1006]   Suggested Target Densities:
[INFO GPL-1007]     - For 90% usage of free space: 0.5767
[INFO GPL-1008]     - For 80% usage of free space: 0.6487
[INFO GPL-1014] Final placement area: 2605.23 (+0.00%)
Design area 2435 um^2 48% utilization.
write_db ./results/sky130hd/chia_i2c_benchmark_corrupted/slot1/3_1_place_gp_skip_io.odb
Log                       Ext     Elapsed/s Peak Memory/MB sha1sum result [0:20)
3_1_place_gp_skip_io      .odb            0            121 75bdc5e664ea128bdcf9
/root/OpenROAD-flow-scripts/flow/scripts/flow.sh 3_2_place_iop io_placement
Running io_placement.tcl, stage 3_2_place_iop
read_liberty /root/OpenROAD-flow-scripts/flow/platforms/sky130hd/lib/sky130_fd_sc_hd__tt_025C_1v80.lib
read_db ./results/sky130hd/chia_i2c_benchmark_corrupted/slot1/3_1_place_gp_skip_io.odb
read_sdc ./results/sky130hd/chia_i2c_benchmark_corrupted/slot1/2_floorplan.sdc
source /root/OpenROAD-flow-scripts/flow/platforms/sky130hd/setRC.tcl
place_pins -hor_layers met3 -ver_layers met2
Found 0 macro blocks.
Using 2 tracks default min distance between IO pins.
[INFO PPL-0001] Number of available slots 262
[INFO PPL-0002] Number of I/O             36
[INFO PPL-0003] Number of I/O w/sink      35
[INFO PPL-0004] Number of I/O w/o sink    1
[INFO PPL-0005] Slots per section         200
[INFO PPL-0008] Successfully assigned pins to sections.
[INFO PPL-0012] I/O nets HPWL: 578.05 um.
Design area 2435 um^2 48% utilization.
write_db ./results/sky130hd/chia_i2c_benchmark_corrupted/slot1/3_2_place_iop.odb
Log                       Ext     Elapsed/s Peak Memory/MB sha1sum result [0:20)
3_2_place_iop             .odb            0            120 8dfe50d312197210ffe9
/root/OpenROAD-flow-scripts/flow/scripts/flow.sh 3_3_place_gp global_place
Running global_place.tcl, stage 3_3_place_gp
read_liberty /root/OpenROAD-flow-scripts/flow/platforms/sky130hd/lib/sky130_fd_sc_hd__tt_025C_1v80.lib
read_db ./results/sky130hd/chia_i2c_benchmark_corrupted/slot1/3_2_place_iop.odb
read_sdc ./results/sky130hd/chia_i2c_benchmark_corrupted/slot1/2_floorplan.sdc
source /root/OpenROAD-flow-scripts/flow/platforms/sky130hd/setRC.tcl
[INFO RSZ-0026] Removed 22 buffers.
Perform port buffering...
[INFO RSZ-0027] Inserted 19 sky130_fd_sc_hd__clkdlybuf4s50_1 input buffers.
[INFO RSZ-0028] Inserted 13 sky130_fd_sc_hd__clkdlybuf4s50_1 output buffers.
global_placement -density 0.6 -pad_left 0 -pad_right 0 -routability_driven -timing_driven -force_center_initial_place -min_phi_coef 0.95 -max_phi_coef 1.05
[INFO GPL-0001] ---- Initialize GPL Main Data Structures
[INFO GPL-0002] DBU: 1000
[INFO GPL-0003] SiteSize: (  0.460  2.720 ) um
[INFO GPL-0004] CoreBBox: (  1.380  2.720 ) ( 73.600 73.440 ) um
[INFO GPL-0016] Core area:                    5107.398 um^2
[INFO GPL-0036] Movable instances area:       2566.211 um^2
[INFO GPL-0037] Total instances area:         2653.795 um^2
[INFO GPL-0035] Pin density area adjust:       301.365 um^2
[INFO GPL-0032] ---- Initialize Region: Top-level
[INFO GPL-0006] Number of instances:               355
[INFO GPL-0007] Movable instances:                 285
[INFO GPL-0008] Fixed instances:                    70
[INFO GPL-0009] Dummy instances:                     0
[INFO GPL-0010] Number of nets:                    308
[INFO GPL-0011] Number of pins:                   1003
[INFO GPL-0012] Die BBox:       (  0.000  0.000 ) ( 74.980 74.980 ) um
[INFO GPL-0013] Placement BBox: (  1.380  2.720 ) ( 73.600 73.440 ) um
[INFO GPL-0014] Region name: top-level.
[INFO GPL-0015] Region area:                  5107.398 um^2
[INFO GPL-0017] Fixed instances area:           87.584 um^2
[INFO GPL-0018] Movable instances area:       2867.576 um^2
[INFO GPL-0019] Utilization:                    57.125 %
[INFO GPL-0020] Standard cells area:          2867.576 um^2
[INFO GPL-0021] Large instances area:            0.000 um^2
[INFO GPL-0005] ---- Execute Conjugate Gradient Initial Placement.
[INFO GPL-0051] Source of initial instance position counters:
	Odb location = 0	Core center = 285	Region center = 0
[InitialPlace]  Iter: 1 conjugate gradient residual: 0.00000011 HPWL: 4942371
[InitialPlace]  Iter: 2 conjugate gradient residual: 0.00000011 HPWL: 3778893
[InitialPlace]  Iter: 3 conjugate gradient residual: 0.00000008 HPWL: 3743332
[InitialPlace]  Iter: 4 conjugate gradient residual: 0.00000010 HPWL: 3738521
[InitialPlace]  Iter: 5 conjugate gradient residual: 0.00000010 HPWL: 3715275
[INFO GPL-0033] ---- Initialize Nesterov Region: Top-level
[INFO GPL-0023] Placement target density:       0.6000
[INFO GPL-0024] Movable insts average area:     10.062 um^2
[INFO GPL-0025] Ideal bin area:                 16.769 um^2
[INFO GPL-0026] Ideal bin count:                   304
[INFO GPL-0027] Total bin area:               5107.398 um^2
[INFO GPL-0028] Bin count (X, Y):          16 ,     16
[INFO GPL-0029] Bin size (W * H):       4.514 *  4.420 um
[INFO GPL-0030] Number of bins:                    256
[INFO GPL-0084] ---- Execute Nesterov Global Placement.
[INFO GPL-0031] HPWL: Half-Perimeter Wirelength
Iteration | Overflow |     HPWL (um) |  HPWL(%) |   Penalty | Group
---------------------------------------------------------------
        0 |   0.7818 |  1.705307e+03 |   +0.00% |  4.12e-14 |      
       10 |   0.6642 |  1.975226e+03 |  +15.83% |  6.71e-14 |      
       20 |   0.6608 |  1.974722e+03 |   -0.03% |  1.09e-13 |      
       30 |   0.6568 |  1.979446e+03 |   +0.24% |  1.78e-13 |      
       40 |   0.6557 |  1.980449e+03 |   +0.05% |  2.90e-13 |      
       50 |   0.6551 |  1.981419e+03 |   +0.05% |  4.72e-13 |      
       60 |   0.6560 |  1.980276e+03 |   -0.06% |  7.69e-13 |      
       70 |   0.6562 |  1.978637e+03 |   -0.08% |  1.25e-12 |      
       80 |   0.6562 |  1.978699e+03 |   +0.00% |  2.04e-12 |      
       90 |   0.6559 |  1.979269e+03 |   +0.03% |  3.32e-12 |      
      100 |   0.6556 |  1.980393e+03 |   +0.06% |  5.41e-12 |      
      110 |   0.6550 |  1.981483e+03 |   +0.06% |  8.82e-12 |      
      120 |   0.6542 |  1.982763e+03 |   +0.06% |  1.44e-11 |      
      130 |   0.6531 |  1.984779e+03 |   +0.10% |  2.34e-11 |      
      140 |   0.6508 |  1.988855e+03 |   +0.21% |  3.81e-11 |      
      150 |   0.6475 |  1.994775e+03 |   +0.30% |  6.21e-11 |      
      160 |   0.6426 |  2.001805e+03 |   +0.35% |  1.01e-10 |      
[INFO GPL-0100] Timing-driven iteration 1/2, virtual: false.
[INFO GPL-0101]    Iter: 169, overflow: 0.635, keep resizer changes at: 1, HPWL: 2010600
Iteration |   Area    | Resized | Buffers | Nets repaired | Remaining
---------------------------------------------------------------------
        0 |     +0.0% |       0 |       0 |             0 |       310
    final |     +0.0% |       0 |       0 |             0 |         0
---------------------------------------------------------------------
   Iter   |    Area   | Removed | Inserted |   Pins
          |           | Buffers | Buffers  | Remaining
-------------------------------------------------------
        0 |     +0.0% |       0 |        0 |       285
       28 |     +0.0% |       0 |        0 |       257
       56 |     +0.0% |       0 |        0 |       229
       84 |     +0.0% |       0 |        0 |       201
      112 |     +0.0% |       0 |        0 |       173
      140 |     +0.0% |       0 |        0 |       145
      168 |     +0.0% |       0 |        0 |       117
      196 |     +0.0% |       0 |        0 |        89
      224 |     +0.0% |       0 |        0 |        61
      252 |     +0.0% |       0 |        0 |        33
      280 |     +0.0% |       0 |        0 |         5
    final |     +0.0% |       0 |        0 |         0
-------------------------------------------------------
[INFO GPL-0106] Timing-driven: worst slack -2e-09
[INFO GPL-0107] Timing-driven: repair_design delta area: 0.000 um^2 (+0.00%)
[INFO GPL-0108] Timing-driven: repair_design, gpl delta gcells: 0 (+0.00%)
[INFO GPL-0109] Timing-driven: repair_design, gcells created: 0, deleted: 0
[INFO GPL-0110] Timing-driven: new target density: 0.6
Iteration | Overflow |     HPWL (um) |  HPWL(%) |   Penalty | Group
---------------------------------------------------------------
      170 |   0.6331 |  2.014736e+03 |   +0.65% |  1.65e-10 |      
      180 |   0.6240 |  2.029027e+03 |   +0.71% |  2.68e-10 |      
      190 |   0.6052 |  2.058702e+03 |   +1.46% |  4.37e-10 |      
[INFO GPL-0038] Routability snapshot saved at iter = 195
      194 |   0.5993 |  2.070729e+03 |          |           |      
      200 |   0.5881 |  2.088706e+03 |   +1.46% |  7.12e-10 |      
      210 |   0.5644 |  2.133370e+03 |   +2.14% |  1.16e-09 |      
      220 |   0.5359 |  2.187052e+03 |   +2.52% |  1.89e-09 |      
      230 |   0.5004 |  2.234261e+03 |   +2.16% |  3.08e-09 |      
      240 |   0.4600 |  2.298506e+03 |   +2.88% |  5.01e-09 |      
      250 |   0.4192 |  2.365691e+03 |   +2.92% |  8.16e-09 |      
      260 |   0.3712 |  2.442629e+03 |   +3.25% |  1.33e-08 |      
      270 |   0.3355 |  2.516784e+03 |   +3.04% |  2.10e-08 |      
      280 |   0.3048 |  2.564882e+03 |   +1.91% |  3.10e-08 |      
[INFO GPL-0040] Routability iteration: 1
[INFO GPL-0041] Total routing overflow: 0.0000
[INFO GPL-0042] Number of overflowed tiles: 0 (0.00%)
[INFO GPL-0043] Average top 0.5% routing congestion: 0.8382
[INFO GPL-0044] Average top 1.0% routing congestion: 0.8382
[INFO GPL-0045] Average top 2.0% routing congestion: 0.8207
[INFO GPL-0046] Average top 5.0% routing congestion: 0.7936
[INFO GPL-0047] Routability iteration weighted routing congestion: 0.8382
[INFO GPL-0050] Weighted routing congestion is lower than target routing congestion(1.0100), end routability optimization.
[INFO GPL-0090] Routability finished. Target routing congestion achieved succesfully.
Iteration | Overflow |     HPWL (um) |  HPWL(%) |   Penalty | Group
---------------------------------------------------------------
      290 |   0.2716 |  2.626485e+03 |   +2.40% |  4.56e-08 |      
      300 |   0.2423 |  2.683199e+03 |   +2.16% |  6.72e-08 |      
      310 |   0.2146 |  2.733317e+03 |   +1.87% |  9.90e-08 |      
[INFO GPL-0100] Timing-driven iteration 2/2, virtual: false.
[INFO GPL-0101]    Iter: 319, overflow: 0.194, keep resizer changes at: 1, HPWL: 2760265
Iteration |   Area    | Resized | Buffers | Nets repaired | Remaining
---------------------------------------------------------------------
        0 |     +0.0% |       0 |       0 |             0 |       310
    final |     +0.0% |       0 |       0 |             0 |         0
---------------------------------------------------------------------
   Iter   |    Area   | Removed | Inserted |   Pins
          |           | Buffers | Buffers  | Remaining
-------------------------------------------------------
        0 |     +0.0% |       0 |        0 |       285
       28 |     +0.0% |       0 |        0 |       257
       56 |     +0.0% |       0 |        0 |       229
       84 |     +0.0% |       0 |        0 |       201
      112 |     +0.0% |       0 |        0 |       173
      140 |     +0.0% |       0 |        0 |       145
      168 |     +0.0% |       0 |        0 |       117
      196 |     +0.0% |       0 |        0 |        89
      224 |     +0.0% |       0 |        0 |        61
      252 |     +0.0% |       0 |        0 |        33
      280 |     +0.3% |       0 |        1 |         5
    final |     +0.3% |       0 |        1 |         0
-------------------------------------------------------
[INFO GPL-0106] Timing-driven: worst slack -2e-09
[INFO GPL-0107] Timing-driven: repair_design delta area: 7.507 um^2 (+0.26%)
[INFO GPL-0108] Timing-driven: repair_design, gpl delta gcells: 1 (+0.35%)
[INFO GPL-0109] Timing-driven: repair_design, gcells created: 1, deleted: 0
[INFO GPL-0110] Timing-driven: new target density: 0.6014955
Iteration | Overflow |     HPWL (um) |  HPWL(%) |   Penalty | Group
---------------------------------------------------------------
      320 |   0.1910 |  2.767099e+03 |   +1.24% |  1.46e-07 |      
      330 |   0.1718 |  2.805478e+03 |   +1.39% |  2.15e-07 |      
      340 |   0.1531 |  2.826291e+03 |   +0.74% |  3.16e-07 |      
      350 |   0.1393 |  2.854628e+03 |   +1.00% |  4.66e-07 |      
      360 |   0.1233 |  2.883496e+03 |   +1.01% |  6.87e-07 |      
      370 |   0.1104 |  2.901715e+03 |   +0.63% |  1.01e-06 |      
      380 |   0.1009 |  2.926281e+03 |   +0.85% |  1.49e-06 |      
      381 |   0.0990 |  2.926181e+03 |          |  1.61e-06 |      
---------------------------------------------------------------
[INFO GPL-1001] Global placement finished at iteration 381
[INFO GPL-1017] Routability mode iteration count: 87
[INFO GPL-1005] Routability final weighted congestion: 0.7625
[INFO GPL-1002] Placed Cell Area             2875.0832
[INFO GPL-1003] Available Free Area          5019.8144
[INFO GPL-1004] Minimum Feasible Density        0.5800 (cell_area / free_area)
[INFO GPL-1006]   Suggested Target Densities:
[INFO GPL-1007]     - For 90% usage of free space: 0.6364
[INFO GPL-1008]     - For 80% usage of free space: 0.7159
[INFO GPL-1011] Original area (um^2): 2867.58
[INFO GPL-1012] Total routability artificial inflation: 0.00 (+0.00%)
[INFO GPL-1013] Total timing-driven delta area: 7.51 (+0.26%)
[INFO GPL-1014] Final placement area: 2875.08 (+0.26%)
estimate_parasitics -placement
Report metrics stage 3, global place...

==========================================================================
global place report_design_area
--------------------------------------------------------------------------
Design area 2661 um^2 52% utilization.
write_db ./results/sky130hd/chia_i2c_benchmark_corrupted/slot1/3_3_place_gp.odb
Log                       Ext     Elapsed/s Peak Memory/MB sha1sum result [0:20)
3_3_place_gp              .odb            0            235 91f92fbe213dec9f1b41
/root/OpenROAD-flow-scripts/flow/scripts/flow.sh 3_4_place_resized resize
Running resize.tcl, stage 3_4_place_resized
read_liberty /root/OpenROAD-flow-scripts/flow/platforms/sky130hd/lib/sky130_fd_sc_hd__tt_025C_1v80.lib
read_db ./results/sky130hd/chia_i2c_benchmark_corrupted/slot1/3_3_place_gp.odb
read_sdc ./results/sky130hd/chia_i2c_benchmark_corrupted/slot1/2_floorplan.sdc
source /root/OpenROAD-flow-scripts/flow/platforms/sky130hd/setRC.tcl
estimate_parasitics -placement
Perform buffer insertion and gate resizing...
repair_design -verbose -match_cell_footprint
Iteration |   Area    | Resized | Buffers | Nets repaired | Remaining
---------------------------------------------------------------------
        0 |     +0.0% |       0 |       0 |             0 |       311
       10 |     +0.0% |       0 |       0 |             0 |       301
       20 |     +0.0% |       0 |       0 |             0 |       291
       30 |     +0.0% |       0 |       0 |             0 |       281
       40 |     +0.0% |       0 |       0 |             0 |       271
       50 |     +0.0% |       0 |       0 |             0 |       261
       60 |     +0.0% |       0 |       0 |             0 |       251
       70 |     +0.0% |       0 |       0 |             0 |       241
       80 |     +0.0% |       0 |       0 |             0 |       231
       90 |     +0.0% |       0 |       0 |             0 |       221
      100 |     +0.0% |       0 |       0 |             0 |       211
      110 |     +0.0% |       0 |       0 |             0 |       201
      120 |     +0.0% |       0 |       0 |             0 |       191
      130 |     +0.0% |       0 |       0 |             0 |       181
      140 |     +0.0% |       0 |       0 |             0 |       171
      150 |     +0.0% |       0 |       0 |             0 |       161
      160 |     +0.0% |       0 |       0 |             0 |       151
      170 |     +0.0% |       0 |       0 |             0 |       141
      180 |     +0.0% |       0 |       0 |             0 |       131
      190 |     +0.0% |       0 |       0 |             0 |       121
      200 |     +0.0% |       0 |       0 |             0 |       111
      210 |     +0.0% |       0 |       0 |             0 |       101
      220 |     +0.0% |       0 |       0 |             0 |        91
      230 |     +0.0% |       0 |       0 |             0 |        81
      240 |     +0.0% |       0 |       0 |             0 |        71
      250 |     +0.0% |       0 |       0 |             0 |        61
      260 |     +0.0% |       0 |       0 |             0 |        51
      270 |     +0.0% |       0 |       0 |             0 |        41
      280 |     +0.0% |       0 |       0 |             0 |        31
      290 |     +0.0% |       0 |       0 |             0 |        21
      300 |     +0.0% |       0 |       0 |             0 |        11
      310 |     +0.0% |       0 |       0 |             0 |         1
    final |     +0.0% |       0 |       0 |             0 |         0
---------------------------------------------------------------------
[INFO RSZ-0504] Runtime: 0.01s
Floating nets: 
Report metrics stage 3, resizer...

==========================================================================
resizer report_design_area
--------------------------------------------------------------------------
Design area 2661 um^2 52% utilization.
Instance count before 356, after 356
Pin count before 971, after 971
write_db ./results/sky130hd/chia_i2c_benchmark_corrupted/slot1/3_4_place_resized.odb
Log                       Ext     Elapsed/s Peak Memory/MB sha1sum result [0:20)
3_4_place_resized         .odb            0            139 91f92fbe213dec9f1b41
/root/OpenROAD-flow-scripts/flow/scripts/flow.sh 3_5_place_dp detail_place
Running detail_place.tcl, stage 3_5_place_dp
read_liberty /root/OpenROAD-flow-scripts/flow/platforms/sky130hd/lib/sky130_fd_sc_hd__tt_025C_1v80.lib
read_db ./results/sky130hd/chia_i2c_benchmark_corrupted/slot1/3_4_place_resized.odb
read_sdc ./results/sky130hd/chia_i2c_benchmark_corrupted/slot1/2_floorplan.sdc
source /root/OpenROAD-flow-scripts/flow/platforms/sky130hd/setRC.tcl
detailed_placement
[INFO DPL-0006] Core area: 5107.40 um^2
[INFO DPL-0007] Movable instances area: 2573.72 um^2
[INFO DPL-0008] Fixed instances area within core: 87.58 um^2
[INFO DPL-0009] Utilization: 52.1%
[INFO DPL-0005] Diamond search max displacement: +/- 500 sites horizontally, +/- 100 rows vertically.
[INFO DPL-1102] Legalizing using negotiation legalizer.
[INFO DPL-1103] Negotiation base search window: +/-20 sites horizontally, +/-5 rows vertically 
	Automatic search window extension enabled.
	Search window extendable up to the max displacement cap of +/-500 sites, +/-100 rows near walls.
[INFO DPL-1104] NegotiationLegalizer DRC penalty: 5.
[INFO DPL-0392] Negotiation cell height distribution (1 unique row-count(s)):
[INFO DPL-0393]   height 1 row(s): 356 cells
          |      Total |  Illegal |  Illegal
Iteration | Violations |    Cells |    Sites
---------------------------------------------
        0 |         16 |         2 |        14
        1 |          0 |         0 |         0
Negotiation phase 1 converged at iteration 1.
[INFO DPL-0500] Runtime: 0.00s
Placement Analysis
---------------------------------
total displacement        814.8 u
average displacement        2.3 u
max displacement           17.4 u
original HPWL            2940.8 u
legalized HPWL           3485.1 u
delta HPWL                   19 %

improve_placement -max_displacement "5 1"
Detailed placement improvement.
[INFO DPL-0401] Setting random seed to 1.
[INFO DPL-0402] Setting maximum displacement 5 1 to 13600 2720 units.
[INFO DPL-0320] Collected 106 fixed cells.
[INFO DPL-0318] Collected 286 single height cells.
[INFO DPL-0321] Collected 0 wide cells.
[INFO DPL-0322] Image (1380, 2720) - (73600, 73440)
[INFO DPL-0310] Assigned 286 cells into segments.  Movement in X-direction is 0.000000, movement in Y-direction is 0.000000.
[INFO DPL-0313] Found 0 cells in wrong regions.
[INFO DPL-0315] Found 0 row alignment problems.
[INFO DPL-0314] Found 0 site alignment problems.
[INFO DPL-0311] Found 0 overlaps between adjacent cells.
[INFO DPL-0312] Found 0 edge spacing violations and 0 padding violations.
[INFO DPL-0303] Running algorithm for independent set matching.
[INFO DPL-0300] Set matching objective is wirelength.
[INFO DPL-0301] Pass   1 of matching; objective is 3.493071e+06.
[INFO DPL-0302] End of matching; objective is 3.490765e+06, improvement is 0.07 percent.
[INFO DPL-0303] Running algorithm for global swaps.
[INFO DPL-0306] Pass   1 of global swaps; hpwl is 3.401787e+06.
[INFO DPL-0306] Pass   2 of global swaps; hpwl is 3.392065e+06.
[INFO DPL-0307] End of global swaps; objective is 3.392065e+06, improvement is 2.83 percent.
[INFO DPL-0303] Running algorithm for vertical swaps.
[INFO DPL-0308] Pass   1 of vertical swaps; hpwl is 3.358539e+06.
[INFO DPL-0309] End of vertical swaps; objective is 3.358539e+06, improvement is 0.99 percent.
[INFO DPL-0303] Running algorithm for reordering.
[INFO DPL-0304] Pass   1 of reordering; objective is 3.346605e+06.
[INFO DPL-0305] End of reordering; objective is 3.346605e+06, improvement is 0.36 percent.
[INFO DPL-0303] Running algorithm for random improvement.
[INFO DPL-0324] Random improver is using random generator.
[INFO DPL-0325] Random improver is using hpwl objective.
[INFO DPL-0326] Random improver cost string is (a).
[INFO DPL-0332] End of pass, Generator random called 5720 times.
[INFO DPL-0335] Generator random, Cumulative attempts 5720, swaps 767, moves  2005 since last reset.
[INFO DPL-0333] End of pass, Objective hpwl, Initial cost 3.346605e+06, Scratch cost 3.268792e+06, Incremental cost 3.268792e+06, Mismatch? N
[INFO DPL-0338] End of pass, Total cost is 3.268792e+06.
[INFO DPL-0327] Pass   1 of random improver; improvement in cost is 2.33 percent.
[INFO DPL-0332] End of pass, Generator random called 5720 times.
[INFO DPL-0335] Generator random, Cumulative attempts 11440, swaps 1481, moves  3975 since last reset.
[INFO DPL-0333] End of pass, Objective hpwl, Initial cost 3.268792e+06, Scratch cost 3.232522e+06, Incremental cost 3.232522e+06, Mismatch? N
[INFO DPL-0338] End of pass, Total cost is 3.232522e+06.
[INFO DPL-0327] Pass   2 of random improver; improvement in cost is 1.11 percent.
[INFO DPL-0332] End of pass, Generator random called 5720 times.
[INFO DPL-0335] Generator random, Cumulative attempts 17160, swaps 2210, moves  5868 since last reset.
[INFO DPL-0333] End of pass, Objective hpwl, Initial cost 3.232522e+06, Scratch cost 3.211858e+06, Incremental cost 3.211858e+06, Mismatch? N
[INFO DPL-0338] End of pass, Total cost is 3.211858e+06.
[INFO DPL-0327] Pass   3 of random improver; improvement in cost is 0.64 percent.
[INFO DPL-0328] End of random improver; improvement is 4.026379 percent.
[INFO DPL-0380] Cell flipping.
[INFO DPL-0382] Changed 0 cell orientations for row compatibility.
[INFO DPL-0383] Performed 66 cell flips.
[INFO DPL-0384] End of flipping; objective is 3.129595e+06, improvement is 2.56 percent.
[INFO DPL-0313] Found 0 cells in wrong regions.
[INFO DPL-0315] Found 0 row alignment problems.
[INFO DPL-0314] Found 0 site alignment problems.
[INFO DPL-0311] Found 0 overlaps between adjacent cells.
[INFO DPL-0312] Found 0 edge spacing violations and 0 padding violations.
Detailed Improvement Results
------------------------------------------
Original HPWL             3485.1 u (    1487.4,     1997.7)
Final HPWL                3124.5 u (    1412.9,     1711.5)
Delta HPWL                 -10.3 % (      -5.0,      -14.3)

optimize_mirroring
[INFO DPL-0020] Mirrored 14 instances
[INFO DPL-0021] HPWL before            3124.5 u
[INFO DPL-0022] HPWL after             3121.8 u
[INFO DPL-0023] HPWL delta               -0.1 %
[INFO FLW-0012] Placement violations .
estimate_parasitics -placement
Report metrics stage 3, detailed place...

==========================================================================
detailed place report_design_area
--------------------------------------------------------------------------
Design area 2661 um^2 52% utilization.
write_db ./results/sky130hd/chia_i2c_benchmark_corrupted/slot1/3_5_place_dp.odb
write_sdc -no_timestamp ./results/sky130hd/chia_i2c_benchmark_corrupted/slot1/3_place.sdc
Log                       Ext     Elapsed/s Peak Memory/MB sha1sum result [0:20)
3_5_place_dp              .odb            0            123 6352bcf44f6706e0f609
cp ./results/sky130hd/chia_i2c_benchmark_corrupted/slot1/3_5_place_dp.odb ./results/sky130hd/chia_i2c_benchmark_corrupted/slot1/3_place.odb
make: Leaving directory '/root/OpenROAD-flow-scripts/flow'

STDERR:
bash: /opt/miniconda/lib/libtinfo.so.6: no version information available (required by bash)
bash: /opt/miniconda/lib/libtinfo.so.6: no version information available (required by bash)
bash: /opt/miniconda/lib/libtinfo.so.6: no version information available (required by bash)
bash: /opt/miniconda/lib/libtinfo.so.6: no version information available (required by bash)
bash: /opt/miniconda/lib/libtinfo.so.6: no version information available (required by bash)
bash: /opt/miniconda/lib/libtinfo.so.6: no version information available (required by bash)
bash: /opt/miniconda/lib/libtinfo.so.6: no version information available (required by bash)
bash: /opt/miniconda/lib/libtinfo.so.6: no version information available (required by bash)
bash: /opt/miniconda/lib/libtinfo.so.6: no version information available (required by bash)
bash: /opt/miniconda/lib/libtinfo.so.6: no version information available (required by bash)
bash: /opt/miniconda/lib/libtinfo.so.6: no version information available (required by bash)
bash: /opt/miniconda/lib/libtinfo.so.6: no version information available (required by bash)
bash: /opt/miniconda/lib/libtinfo.so.6: no version information available (required by bash)
bash: /opt/miniconda/lib/libtinfo.so.6: no version information available (required by bash)
bash: /opt/miniconda/lib/libtinfo.so.6: no version information available (required by bash)
bash: /opt/miniconda/lib/libtinfo.so.6: no version information available (required by bash)
bash: /opt/miniconda/lib/libtinfo.so.6: no version information available (required by bash)
bash: /opt/miniconda/lib/libtinfo.so.6: no version information available (required by bash)
bash: /opt/miniconda/lib/libtinfo.so.6: no version information available (required by bash)
bash: /opt/miniconda/lib/libtinfo.so.6: no version information available (required by bash)
bash: /opt/miniconda/lib/libtinfo.so.6: no version information available (required by bash)
bash: /opt/miniconda/lib/libtinfo.so.6: no version information available (required by bash)
bash: /opt/miniconda/lib/libtinfo.so.6: no version information available (required by bash)
bash: /opt/miniconda/lib/libtinfo.so.6: no version information available (required by bash)
Elapsed time: 0:00.25[h:]min:sec. CPU time: user 0.21 sys 0.04 (99%). Peak memory: 123940KB.
bash: /opt/miniconda/lib/libtinfo.so.6: no version information available (required by bash)
bash: /opt/miniconda/lib/libtinfo.so.6: no version information available (required by bash)
bash: /opt/miniconda/lib/libtinfo.so.6: no version information available (required by bash)
bash: /opt/miniconda/lib/libtinfo.so.6: no version information available (required by bash)
bash: /opt/miniconda/lib/libtinfo.so.6: no version information available (required by bash)
bash: /opt/miniconda/lib/libtinfo.so.6: no version information available (required by bash)
bash: /opt/miniconda/lib/libtinfo.so.6: no version information available (required by bash)
bash: /opt/miniconda/lib/libtinfo.so.6: no version information available (required by bash)
bash: /opt/miniconda/lib/libtinfo.so.6: no version information available (required by bash)
bash: /opt/miniconda/lib/libtinfo.so.6: no version information available (required by bash)
bash: /opt/miniconda/lib/libtinfo.so.6: no version information available (required by bash)
bash: /opt/miniconda/lib/libtinfo.so.6: no version information available (required by bash)
bash: /opt/miniconda/lib/libtinfo.so.6: no version information available (required by bash)
bash: /opt/miniconda/lib/libtinfo.so.6: no version information available (required by bash)
Elapsed time: 0:00.24[h:]min:sec. CPU time: user 0.20 sys 0.03 (95%). Peak memory: 123024KB.
bash: /opt/miniconda/lib/libtinfo.so.6: no version information available (required by bash)
bash: /opt/miniconda/lib/libtinfo.so.6: no version information available (required by bash)
bash: /opt/miniconda/lib/libtinfo.so.6: no version information available (required by bash)
bash: /opt/miniconda/lib/libtinfo.so.6: no version information available (required by bash)
bash: /opt/miniconda/lib/libtinfo.so.6: no version information available (required by bash)
bash: /opt/miniconda/lib/libtinfo.so.6: no version information available (required by bash)
bash: /opt/miniconda/lib/libtinfo.so.6: no version information available (required by bash)
bash: /opt/miniconda/lib/libtinfo.so.6: no version information available (required by bash)
bash: /opt/miniconda/lib/libtinfo.so.6: no version information available (required by bash)
bash: /opt/miniconda/lib/libtinfo.so.6: no version information available (required by bash)
bash: /opt/miniconda/lib/libtinfo.so.6: no version information available (required by bash)
bash: /opt/miniconda/lib/libtinfo.so.6: no version information available (required by bash)
bash: /opt/miniconda/lib/libtinfo.so.6: no version information available (required by bash)
bash: /opt/miniconda/lib/libtinfo.so.6: no version information available (required by bash)
Elapsed time: 0:00.46[h:]min:sec. CPU time: user 0.33 sys 0.13 (99%). Peak memory: 240680KB.
bash: /opt/miniconda/lib/libtinfo.so.6: no version information available (required by bash)
bash: /opt/miniconda/lib/libtinfo.so.6: no version information available (required by bash)
bash: /opt/miniconda/lib/libtinfo.so.6: no version information available (required by bash)
bash: /opt/miniconda/lib/libtinfo.so.6: no version information available (required by bash)
bash: /opt/miniconda/lib/libtinfo.so.6: no version information available (required by bash)
bash: /opt/miniconda/lib/libtinfo.so.6: no version information available (required by bash)
bash: /opt/miniconda/lib/libtinfo.so.6: no version information available (required by bash)
bash: /opt/miniconda/lib/libtinfo.so.6: no version information available (required by bash)
bash: /opt/miniconda/lib/libtinfo.so.6: no version information available (required by bash)
bash: /opt/miniconda/lib/libtinfo.so.6: no version information available (required by bash)
bash: /opt/miniconda/lib/libtinfo.so.6: no version information available (required by bash)
bash: /opt/miniconda/lib/libtinfo.so.6: no version information available (required by bash)
bash: /opt/miniconda/lib/libtinfo.so.6: no version information available (required by bash)
bash: /opt/miniconda/lib/libtinfo.so.6: no version information available (required by bash)
Elapsed time: 0:00.34[h:]min:sec. CPU time: user 0.26 sys 0.07 (97%). Peak memory: 142348KB.
bash: /opt/miniconda/lib/libtinfo.so.6: no version information available (required by bash)
bash: /opt/miniconda/lib/libtinfo.so.6: no version information available (required by bash)
bash: /opt/miniconda/lib/libtinfo.so.6: no version information available (required by bash)
bash: /opt/miniconda/lib/libtinfo.so.6: no version information available (required by bash)
bash: /opt/miniconda/lib/libtinfo.so.6: no version information available (required by bash)
bash: /opt/miniconda/lib/libtinfo.so.6: no version information available (required by bash)
bash: /opt/miniconda/lib/libtinfo.so.6: no version information available (required by bash)
bash: /opt/miniconda/lib/libtinfo.so.6: no version information available (required by bash)
bash: /opt/miniconda/lib/libtinfo.so.6: no version information available (required by bash)
bash: /opt/miniconda/lib/libtinfo.so.6: no version information available (required by bash)
bash: /opt/miniconda/lib/libtinfo.so.6: no version information available (required by bash)
bash: /opt/miniconda/lib/libtinfo.so.6: no version information available (required by bash)
bash: /opt/miniconda/lib/libtinfo.so.6: no version information available (required by bash)
bash: /opt/miniconda/lib/libtinfo.so.6: no version information available (required by bash)
Elapsed time: 0:00.31[h:]min:sec. CPU time: user 0.26 sys 0.04 (97%). Peak memory: 126624KB.
bash: /opt/miniconda/lib/libtinfo.so.6: no version information available (required by bash)
bash: /opt/miniconda/lib/libtinfo.so.6: no version information available (required by bash)
bash: /opt/miniconda/lib/libtinfo.so.6: no version information available (required by bash)
bash: /opt/miniconda/lib/libtinfo.so.6: no version information available (required by bash)
bash: /opt/miniconda/lib/libtinfo.so.6: no version information available (required by bash)
bash: /opt/miniconda/lib/libtinfo.so.6: no version information available (required by bash)
bash: /opt/miniconda/lib/libtinfo.so.6: no version information available (required by bash)
bash: /opt/miniconda/lib/libtinfo.so.6: no version information available (required by bash)
bash: /opt/miniconda/lib/libtinfo.so.6: no version information available (required by bash)
bash: /opt/miniconda/lib/libtinfo.so.6: no version information available (required by bash)
bash: /opt/miniconda/lib/libtinfo.so.6: no version information available (required by bash)
bash: /opt/miniconda/lib/libtinfo.so.6: no version information available (required by bash)
bash: /opt/miniconda/lib/libtinfo.so.6: no version information available (required by bash)
