
==========================================================================
detailed place report_tns
--------------------------------------------------------------------------
tns max -150.81

==========================================================================
detailed place report_wns
--------------------------------------------------------------------------
wns max -2.60

==========================================================================
detailed place report_worst_slack
--------------------------------------------------------------------------
worst slack max -2.60

==========================================================================
detailed place report_clock_min_period
--------------------------------------------------------------------------
core_clock period_min = 12.60 fmax = 79.36
vclk period_min = 0.00 fmax = inf

==========================================================================
detailed place report_checks -path_delay min
--------------------------------------------------------------------------
Startpoint: rst_n (input port clocked by vclk)
Endpoint: W[1857]$_DFFE_PN0P_
          (removal check against rising-edge clock core_clock)
Path Group: asynchronous
Path Type: min

Fanout     Cap    Slew   Delay    Time   Description
-----------------------------------------------------------------------------
                  0.00    0.00    0.00   clock vclk (rise edge)
                          0.00    0.00   clock network delay (ideal)
                          2.00    2.00 ^ input external delay
     1    0.01    0.00    0.00    2.00 ^ rst_n (in)
                                         rst_n (net)
                  0.00    0.00    2.00 ^ input514/A (sky130_fd_sc_hd__buf_16)
    99    0.61    0.62    0.43    2.43 ^ input514/X (sky130_fd_sc_hd__buf_16)
                                         net513 (net)
                  0.62    0.02    2.46 ^ W[1857]$_DFFE_PN0P_/RESET_B (sky130_fd_sc_hd__dfrtp_1)
                                  2.46   data arrival time

                  0.00    0.00    0.00   clock core_clock (rise edge)
                          0.00    0.00   clock network delay (ideal)
                          0.00    0.00   clock reconvergence pessimism
                                  0.00 ^ W[1857]$_DFFE_PN0P_/CLK (sky130_fd_sc_hd__dfrtp_1)
                          0.47    0.47   library removal time
                                  0.47   data required time
-----------------------------------------------------------------------------
                                  0.47   data required time
                                 -2.46   data arrival time
-----------------------------------------------------------------------------
                                  1.99   slack (MET)


Startpoint: digest[141]$_DFFE_PN0P_
            (rising edge-triggered flip-flop clocked by core_clock)
Endpoint: digest[141]$_DFFE_PN0P_
          (rising edge-triggered flip-flop clocked by core_clock)
Path Group: core_clock
Path Type: min

Fanout     Cap    Slew   Delay    Time   Description
-----------------------------------------------------------------------------
                  0.00    0.00    0.00   clock core_clock (rise edge)
                          0.00    0.00   clock network delay (ideal)
                  0.00    0.00    0.00 ^ digest[141]$_DFFE_PN0P_/CLK (sky130_fd_sc_hd__dfrtp_1)
     2    0.01    0.08    0.33    0.33 ^ digest[141]$_DFFE_PN0P_/Q (sky130_fd_sc_hd__dfrtp_1)
                                         net561 (net)
                  0.08    0.00    0.33 ^ _18507_/A (sky130_fd_sc_hd__nand2_1)
     1    0.00    0.03    0.05    0.38 v _18507_/Y (sky130_fd_sc_hd__nand2_1)
                                         _04742_ (net)
                  0.03    0.00    0.38 v _18511_/A (sky130_fd_sc_hd__nand2_1)
     1    0.00    0.03    0.05    0.43 ^ _18511_/Y (sky130_fd_sc_hd__nand2_1)
                                         _00881_ (net)
                  0.03    0.00    0.43 ^ digest[141]$_DFFE_PN0P_/D (sky130_fd_sc_hd__dfrtp_1)
                                  0.43   data arrival time

                  0.00    0.00    0.00   clock core_clock (rise edge)
                          0.00    0.00   clock network delay (ideal)
                          0.00    0.00   clock reconvergence pessimism
                                  0.00 ^ digest[141]$_DFFE_PN0P_/CLK (sky130_fd_sc_hd__dfrtp_1)
                         -0.04   -0.04   library hold time
                                 -0.04   data required time
-----------------------------------------------------------------------------
                                 -0.04   data required time
                                 -0.43   data arrival time
-----------------------------------------------------------------------------
                                  0.46   slack (MET)


Startpoint: digest[224]$_DFFE_PN0P_
            (rising edge-triggered flip-flop clocked by core_clock)
Endpoint: digest[224] (output port clocked by vclk)
Path Group: vclk
Path Type: min

Fanout     Cap    Slew   Delay    Time   Description
-----------------------------------------------------------------------------
                  0.00    0.00    0.00   clock core_clock (rise edge)
                          0.00    0.00   clock network delay (ideal)
                  0.00    0.00    0.00 ^ digest[224]$_DFFE_PN0P_/CLK (sky130_fd_sc_hd__dfrtp_1)
     2    0.01    0.05    0.35    0.35 v digest[224]$_DFFE_PN0P_/Q (sky130_fd_sc_hd__dfrtp_1)
                                         net653 (net)
                  0.05    0.00    0.35 v output654/A (sky130_fd_sc_hd__clkdlybuf4s50_1)
     1    0.00    0.03    0.39    0.74 v output654/X (sky130_fd_sc_hd__clkdlybuf4s50_1)
                                         digest[224] (net)
                  0.03    0.00    0.74 v digest[224] (out)
                                  0.74   data arrival time

                  0.00    0.00    0.00   clock vclk (rise edge)
                          0.00    0.00   clock network delay (ideal)
                          0.00    0.00   clock reconvergence pessimism
                         -2.00   -2.00   output external delay
                                 -2.00   data required time
-----------------------------------------------------------------------------
                                 -2.00   data required time
                                 -0.74   data arrival time
-----------------------------------------------------------------------------
                                  2.74   slack (MET)



==========================================================================
detailed place report_checks -path_delay max
--------------------------------------------------------------------------
Startpoint: rst_n (input port clocked by vclk)
Endpoint: round[3]$_DFFE_PN0P_
          (recovery check against rising-edge clock core_clock)
Path Group: asynchronous
Path Type: max

Fanout     Cap    Slew   Delay    Time   Description
-----------------------------------------------------------------------------
                  0.00    0.00    0.00   clock vclk (rise edge)
                          0.00    0.00   clock network delay (ideal)
                          2.00    2.00 ^ input external delay
     1    0.01    0.00    0.00    2.00 ^ rst_n (in)
                                         rst_n (net)
                  0.00    0.00    2.00 ^ input514/A (sky130_fd_sc_hd__buf_16)
    99    0.61    0.62    0.43    2.43 ^ input514/X (sky130_fd_sc_hd__buf_16)
                                         net513 (net)
                  0.65    0.10    2.54 ^ place7663/A (sky130_fd_sc_hd__buf_12)
   126    0.68    0.76    0.62    3.16 ^ place7663/X (sky130_fd_sc_hd__buf_12)
                                         net7662 (net)
                  0.79    0.13    3.28 ^ place7662/A (sky130_fd_sc_hd__buf_4)
    63    0.33    0.88    0.83    4.11 ^ place7662/X (sky130_fd_sc_hd__buf_4)
                                         net7661 (net)
                  0.89    0.03    4.14 ^ round[3]$_DFFE_PN0P_/RESET_B (sky130_fd_sc_hd__dfrtp_4)
                                  4.14   data arrival time

                  0.00   10.00   10.00   clock core_clock (rise edge)
                          0.00   10.00   clock network delay (ideal)
                          0.00   10.00   clock reconvergence pessimism
                                 10.00 ^ round[3]$_DFFE_PN0P_/CLK (sky130_fd_sc_hd__dfrtp_4)
                         -0.11    9.89   library recovery time
                                  9.89   data required time
-----------------------------------------------------------------------------
                                  9.89   data required time
                                 -4.14   data arrival time
-----------------------------------------------------------------------------
                                  5.75   slack (MET)


Startpoint: round[1]$_DFFE_PN0P_
            (rising edge-triggered flip-flop clocked by core_clock)
Endpoint: digest[255]$_DFFE_PN0P_
          (rising edge-triggered flip-flop clocked by core_clock)
Path Group: core_clock
Path Type: max

Fanout     Cap    Slew   Delay    Time   Description
-----------------------------------------------------------------------------
                  0.00    0.00    0.00   clock core_clock (rise edge)
                          0.00    0.00   clock network delay (ideal)
                  0.00    0.00    0.00 ^ round[1]$_DFFE_PN0P_/CLK (sky130_fd_sc_hd__dfrtp_4)
     3    0.02    0.08    0.41    0.41 ^ round[1]$_DFFE_PN0P_/Q (sky130_fd_sc_hd__dfrtp_4)
                                         round[1] (net)
                  0.08    0.00    0.41 ^ _12950_/A (sky130_fd_sc_hd__clkinv_2)
     2    0.01    0.06    0.08    0.49 v _12950_/Y (sky130_fd_sc_hd__clkinv_2)
                                         _09067_ (net)
                  0.06    0.00    0.49 v _25435_/B (sky130_fd_sc_hd__ha_4)
     2    0.02    0.08    0.30    0.79 ^ _25435_/SUM (sky130_fd_sc_hd__ha_4)
                                         _00451_ (net)
                  0.08    0.00    0.79 ^ rebuffer7701/A (sky130_fd_sc_hd__buf_12)
     3    0.05    0.07    0.13    0.92 ^ rebuffer7701/X (sky130_fd_sc_hd__buf_12)
                                         net7700 (net)
                  0.07    0.01    0.93 ^ place5283/A (sky130_fd_sc_hd__buf_12)
    10    0.08    0.10    0.15    1.08 ^ place5283/X (sky130_fd_sc_hd__buf_12)
                                         net5282 (net)
                  0.10    0.00    1.08 ^ rebuffer7687/A (sky130_fd_sc_hd__buf_4)
     4    0.02    0.06    0.15    1.23 ^ rebuffer7687/X (sky130_fd_sc_hd__buf_4)
                                         net7686 (net)
                  0.06    0.00    1.23 ^ _24843_/S1 (sky130_fd_sc_hd__mux4_2)
     1    0.00    0.09    0.29    1.52 v _24843_/X (sky130_fd_sc_hd__mux4_2)
                                         _08813_ (net)
                  0.09    0.00    1.52 v _24845_/A2 (sky130_fd_sc_hd__mux4_2)
     1    0.06    0.21    0.65    2.17 v _24845_/X (sky130_fd_sc_hd__mux4_2)
                                         _08815_ (net)
                  0.21    0.01    2.18 v _24846_/A3 (sky130_fd_sc_hd__mux4_2)
     3    0.03    0.14    0.62    2.80 v _24846_/X (sky130_fd_sc_hd__mux4_2)
                                         _08816_ (net)
                  0.14    0.00    2.80 v _24861_/A (sky130_fd_sc_hd__xnor2_2)
     1    0.01    0.21    0.26    3.06 ^ _24861_/Y (sky130_fd_sc_hd__xnor2_2)
                                         _08824_ (net)
                  0.21    0.00    3.06 ^ _24862_/B (sky130_fd_sc_hd__xnor2_2)
     1    0.01    0.20    0.16    3.22 ^ _24862_/Y (sky130_fd_sc_hd__xnor2_2)
                                         _00265_ (net)
                  0.20    0.00    3.23 ^ _25338_/B (sky130_fd_sc_hd__fa_1)
     1    0.01    0.09    0.46    3.68 v _25338_/SUM (sky130_fd_sc_hd__fa_1)
                                         _12829_ (net)
                  0.09    0.00    3.68 v _25381_/CIN (sky130_fd_sc_hd__fa_1)
     2    0.01    0.14    0.56    4.24 ^ _25381_/SUM (sky130_fd_sc_hd__fa_1)
                                         _12869_ (net)
                  0.14    0.00    4.24 ^ _25482_/B (sky130_fd_sc_hd__ha_1)
     1    0.00    0.05    0.25    4.49 v _25482_/SUM (sky130_fd_sc_hd__ha_1)
                                         _00535_ (net)
                  0.05    0.00    4.49 v _13117_/A1 (sky130_fd_sc_hd__a21o_1)
     1    0.01    0.05    0.17    4.66 v _13117_/X (sky130_fd_sc_hd__a21o_1)
                                         _09233_ (net)
                  0.05    0.00    4.66 v _13118_/A1 (sky130_fd_sc_hd__a21oi_2)
     2    0.01    0.13    0.15    4.81 ^ _13118_/Y (sky130_fd_sc_hd__a21oi_2)
                                         _09234_ (net)
                  0.13    0.00    4.81 ^ _13119_/A2 (sky130_fd_sc_hd__o21bai_1)
     1    0.01    0.07    0.10    4.92 v _13119_/Y (sky130_fd_sc_hd__o21bai_1)
                                         _09235_ (net)
                  0.07    0.00    4.92 v _13120_/A2 (sky130_fd_sc_hd__a21oi_2)
     2    0.01    0.13    0.18    5.09 ^ _13120_/Y (sky130_fd_sc_hd__a21oi_2)
                                         _09236_ (net)
                  0.13    0.00    5.09 ^ _13121_/A1 (sky130_fd_sc_hd__o21bai_1)
     1    0.00    0.05    0.09    5.18 v _13121_/Y (sky130_fd_sc_hd__o21bai_1)
                                         _09237_ (net)
                  0.05    0.00    5.18 v _13122_/A2 (sky130_fd_sc_hd__a21o_1)
     3    0.02    0.10    0.24    5.43 v _13122_/X (sky130_fd_sc_hd__a21o_1)
                                         _09238_ (net)
                  0.10    0.00    5.43 v _14179_/A (sky130_fd_sc_hd__nand2_2)
     2    0.01    0.07    0.10    5.53 ^ _14179_/Y (sky130_fd_sc_hd__nand2_2)
                                         _10277_ (net)
                  0.07    0.00    5.53 ^ _14180_/A1 (sky130_fd_sc_hd__o21ai_2)
     1    0.00    0.04    0.06    5.59 v _14180_/Y (sky130_fd_sc_hd__o21ai_2)
                                         _10278_ (net)
                  0.04    0.00    5.59 v _14181_/A (sky130_fd_sc_hd__xor2_1)
     1    0.01    0.09    0.18    5.77 v _14181_/X (sky130_fd_sc_hd__xor2_1)
                                         _10279_ (net)
                  0.09    0.00    5.77 v _14182_/A1 (sky130_fd_sc_hd__mux2i_4)
     2    0.02    0.20    0.20    5.97 ^ _14182_/Y (sky130_fd_sc_hd__mux2i_4)
                                         _10280_ (net)
                  0.20    0.00    5.97 ^ place4701/A (sky130_fd_sc_hd__buf_12)
     2    0.05    0.07    0.16    6.13 ^ place4701/X (sky130_fd_sc_hd__buf_12)
                                         net4700 (net)
                  0.07    0.01    6.14 ^ _14185_/A (sky130_fd_sc_hd__inv_4)
     1    0.01    0.02    0.03    6.17 v _14185_/Y (sky130_fd_sc_hd__inv_4)
                                         _00192_ (net)
                  0.02    0.00    6.17 v _25306_/A (sky130_fd_sc_hd__fa_1)
     1    0.01    0.11    0.57    6.74 ^ _25306_/SUM (sky130_fd_sc_hd__fa_1)
                                         _12765_ (net)
                  0.11    0.00    6.74 ^ _25278_/B (sky130_fd_sc_hd__fa_1)
     1    0.01    0.10    0.45    7.20 v _25278_/SUM (sky130_fd_sc_hd__fa_1)
                                         _12686_ (net)
                  0.10    0.00    7.20 v _25249_/A (sky130_fd_sc_hd__fa_1)
     1    0.01    0.14    0.62    7.81 ^ _25249_/SUM (sky130_fd_sc_hd__fa_1)
                                         _12689_ (net)
                  0.14    0.00    7.81 ^ _25529_/A (sky130_fd_sc_hd__ha_4)
     2    0.01    0.05    0.23    8.05 v _25529_/SUM (sky130_fd_sc_hd__ha_4)
                                         _00631_ (net)
                  0.05    0.00    8.05 v _15324_/A (sky130_fd_sc_hd__and4_4)
     2    0.01    0.04    0.15    8.20 v _15324_/X (sky130_fd_sc_hd__and4_4)
                                         _11369_ (net)
                  0.04    0.00    8.20 v _15328_/B1 (sky130_fd_sc_hd__a221oi_2)
     1    0.00    0.17    0.20    8.40 ^ _15328_/Y (sky130_fd_sc_hd__a221oi_2)
                                         _11373_ (net)
                  0.17    0.00    8.40 ^ _15329_/B1 (sky130_fd_sc_hd__o21ai_1)
     2    0.01    0.08    0.12    8.51 v _15329_/Y (sky130_fd_sc_hd__o21ai_1)
                                         _11374_ (net)
                  0.08    0.00    8.51 v _15330_/B (sky130_fd_sc_hd__nor2_1)
     2    0.01    0.16    0.16    8.67 ^ _15330_/Y (sky130_fd_sc_hd__nor2_1)
                                         _11375_ (net)
                  0.16    0.00    8.67 ^ _16533_/A (sky130_fd_sc_hd__nor2b_1)
     2    0.01    0.06    0.09    8.76 v _16533_/Y (sky130_fd_sc_hd__nor2b_1)
                                         _12490_ (net)
                  0.06    0.00    8.76 v _16534_/A2 (sky130_fd_sc_hd__o21a_1)
     1    0.00    0.03    0.17    8.93 v _16534_/X (sky130_fd_sc_hd__o21a_1)
                                         _12491_ (net)
                  0.03    0.00    8.93 v _16535_/B (sky130_fd_sc_hd__nor2_1)
     1    0.01    0.12    0.11    9.04 ^ _16535_/Y (sky130_fd_sc_hd__nor2_1)
                                         _12492_ (net)
                  0.12    0.00    9.04 ^ _16536_/B (sky130_fd_sc_hd__xnor2_1)
     1    0.00    0.14    0.14    9.17 ^ _16536_/Y (sky130_fd_sc_hd__xnor2_1)
                                         _00039_ (net)
                  0.14    0.00    9.17 ^ place4492/A (sky130_fd_sc_hd__buf_4)
     2    0.04    0.12    0.20    9.37 ^ place4492/X (sky130_fd_sc_hd__buf_4)
                                         net4491 (net)
                  0.12    0.01    9.38 ^ _25210_/CIN (sky130_fd_sc_hd__fa_1)
     1    0.01    0.09    0.44    9.82 v _25210_/SUM (sky130_fd_sc_hd__fa_1)
                                         _12582_ (net)
                  0.09    0.00    9.82 v _25406_/A (sky130_fd_sc_hd__ha_1)
     2    0.01    0.07    0.33   10.14 v _25406_/SUM (sky130_fd_sc_hd__ha_1)
                                         _00395_ (net)
                  0.07    0.00   10.14 v _17781_/A2 (sky130_fd_sc_hd__a21o_1)
     1    0.01    0.04    0.19   10.33 v _17781_/X (sky130_fd_sc_hd__a21o_1)
                                         _04129_ (net)
                  0.04    0.00   10.33 v _17782_/A2 (sky130_fd_sc_hd__a21oi_2)
     2    0.01    0.14    0.17   10.50 ^ _17782_/Y (sky130_fd_sc_hd__a21oi_2)
                                         _04130_ (net)
                  0.14    0.00   10.50 ^ _17786_/A2 (sky130_fd_sc_hd__o221ai_2)
     2    0.01    0.08    0.12   10.62 v _17786_/Y (sky130_fd_sc_hd__o221ai_2)
                                         _04134_ (net)
                  0.08    0.00   10.63 v place4385/A (sky130_fd_sc_hd__buf_4)
     1    0.01    0.03    0.15   10.78 v place4385/X (sky130_fd_sc_hd__buf_4)
                                         net4384 (net)
                  0.03    0.00   10.78 v _17917_/A1 (sky130_fd_sc_hd__a31oi_4)
     1    0.01    0.16    0.15   10.92 ^ _17917_/Y (sky130_fd_sc_hd__a31oi_4)
                                         _04265_ (net)
                  0.16    0.00   10.92 ^ _17918_/B1 (sky130_fd_sc_hd__o31ai_4)
     3    0.02    0.09    0.12   11.04 v _17918_/Y (sky130_fd_sc_hd__o31ai_4)
                                         _04266_ (net)
                  0.09    0.00   11.04 v _17923_/A2 (sky130_fd_sc_hd__a211o_1)
     1    0.01    0.07    0.33   11.37 v _17923_/X (sky130_fd_sc_hd__a211o_1)
                                         _04271_ (net)
                  0.07    0.00   11.37 v _17924_/A1 (sky130_fd_sc_hd__a21oi_2)
     1    0.01    0.14    0.17   11.54 ^ _17924_/Y (sky130_fd_sc_hd__a21oi_2)
                                         _04272_ (net)
                  0.14    0.00   11.54 ^ _17925_/B (sky130_fd_sc_hd__xnor2_2)
     2    0.01    0.05    0.08   11.62 v _17925_/Y (sky130_fd_sc_hd__xnor2_2)
                                         _04273_ (net)
                  0.05    0.00   11.62 v _17950_/B (sky130_fd_sc_hd__and2_4)
     3    0.02    0.05    0.18   11.80 v _17950_/X (sky130_fd_sc_hd__and2_4)
                                         _04298_ (net)
                  0.05    0.00   11.80 v _17984_/A2 (sky130_fd_sc_hd__a21oi_2)
     1    0.01    0.12    0.16   11.96 ^ _17984_/Y (sky130_fd_sc_hd__a21oi_2)
                                         _04331_ (net)
                  0.12    0.00   11.96 ^ _17992_/A2 (sky130_fd_sc_hd__a21boi_2)
     2    0.01    0.07    0.08   12.05 v _17992_/Y (sky130_fd_sc_hd__a21boi_2)
                                         _04339_ (net)
                  0.07    0.00   12.05 v _25050_/B (sky130_fd_sc_hd__nor3_2)
     1    0.01    0.16    0.19   12.23 ^ _25050_/Y (sky130_fd_sc_hd__nor3_2)
                                         _08972_ (net)
                  0.16    0.00   12.23 ^ _25051_/B (sky130_fd_sc_hd__xnor2_1)
     1    0.00    0.13    0.14   12.37 ^ _25051_/Y (sky130_fd_sc_hd__xnor2_1)
                                         _08973_ (net)
                  0.13    0.00   12.37 ^ _25053_/A2 (sky130_fd_sc_hd__o21ai_1)
     1    0.00    0.11    0.07   12.45 v _25053_/Y (sky130_fd_sc_hd__o21ai_1)
                                         _03136_ (net)
                  0.11    0.00   12.45 v digest[255]$_DFFE_PN0P_/D (sky130_fd_sc_hd__dfrtp_1)
                                 12.45   data arrival time

                  0.00   10.00   10.00   clock core_clock (rise edge)
                          0.00   10.00   clock network delay (ideal)
                          0.00   10.00   clock reconvergence pessimism
                                 10.00 ^ digest[255]$_DFFE_PN0P_/CLK (sky130_fd_sc_hd__dfrtp_1)
                         -0.16    9.84   library setup time
                                  9.84   data required time
-----------------------------------------------------------------------------
                                  9.84   data required time
                                -12.45   data arrival time
-----------------------------------------------------------------------------
                                 -2.60   slack (VIOLATED)


Startpoint: digest[26]$_DFFE_PN0P_
            (rising edge-triggered flip-flop clocked by core_clock)
Endpoint: digest[26] (output port clocked by vclk)
Path Group: vclk
Path Type: max

Fanout     Cap    Slew   Delay    Time   Description
-----------------------------------------------------------------------------
                  0.00    0.00    0.00   clock core_clock (rise edge)
                          0.00    0.00   clock network delay (ideal)
                  0.00    0.00    0.00 ^ digest[26]$_DFFE_PN0P_/CLK (sky130_fd_sc_hd__dfrtp_1)
     2    0.07    0.58    0.68    0.68 ^ digest[26]$_DFFE_PN0P_/Q (sky130_fd_sc_hd__dfrtp_1)
                                         net689 (net)
                  0.58    0.02    0.70 ^ output690/A (sky130_fd_sc_hd__clkdlybuf4s50_1)
     1    0.00    0.06    0.60    1.30 ^ output690/X (sky130_fd_sc_hd__clkdlybuf4s50_1)
                                         digest[26] (net)
                  0.06    0.00    1.30 ^ digest[26] (out)
                                  1.30   data arrival time

                  0.00   10.00   10.00   clock vclk (rise edge)
                          0.00   10.00   clock network delay (ideal)
                          0.00   10.00   clock reconvergence pessimism
                         -2.00    8.00   output external delay
                                  8.00   data required time
-----------------------------------------------------------------------------
                                  8.00   data required time
                                 -1.30   data arrival time
-----------------------------------------------------------------------------
                                  6.70   slack (MET)



==========================================================================
detailed place report_checks -unconstrained
--------------------------------------------------------------------------
Startpoint: rst_n (input port clocked by vclk)
Endpoint: round[3]$_DFFE_PN0P_
          (recovery check against rising-edge clock core_clock)
Path Group: asynchronous
Path Type: max

Fanout     Cap    Slew   Delay    Time   Description
-----------------------------------------------------------------------------
                  0.00    0.00    0.00   clock vclk (rise edge)
                          0.00    0.00   clock network delay (ideal)
                          2.00    2.00 ^ input external delay
     1    0.01    0.00    0.00    2.00 ^ rst_n (in)
                                         rst_n (net)
                  0.00    0.00    2.00 ^ input514/A (sky130_fd_sc_hd__buf_16)
    99    0.61    0.62    0.43    2.43 ^ input514/X (sky130_fd_sc_hd__buf_16)
                                         net513 (net)
                  0.65    0.10    2.54 ^ place7663/A (sky130_fd_sc_hd__buf_12)
   126    0.68    0.76    0.62    3.16 ^ place7663/X (sky130_fd_sc_hd__buf_12)
                                         net7662 (net)
                  0.79    0.13    3.28 ^ place7662/A (sky130_fd_sc_hd__buf_4)
    63    0.33    0.88    0.83    4.11 ^ place7662/X (sky130_fd_sc_hd__buf_4)
                                         net7661 (net)
                  0.89    0.03    4.14 ^ round[3]$_DFFE_PN0P_/RESET_B (sky130_fd_sc_hd__dfrtp_4)
                                  4.14   data arrival time

                  0.00   10.00   10.00   clock core_clock (rise edge)
                          0.00   10.00   clock network delay (ideal)
                          0.00   10.00   clock reconvergence pessimism
                                 10.00 ^ round[3]$_DFFE_PN0P_/CLK (sky130_fd_sc_hd__dfrtp_4)
                         -0.11    9.89   library recovery time
                                  9.89   data required time
-----------------------------------------------------------------------------
                                  9.89   data required time
                                 -4.14   data arrival time
-----------------------------------------------------------------------------
                                  5.75   slack (MET)


Startpoint: round[1]$_DFFE_PN0P_
            (rising edge-triggered flip-flop clocked by core_clock)
Endpoint: digest[255]$_DFFE_PN0P_
          (rising edge-triggered flip-flop clocked by core_clock)
Path Group: core_clock
Path Type: max

Fanout     Cap    Slew   Delay    Time   Description
-----------------------------------------------------------------------------
                  0.00    0.00    0.00   clock core_clock (rise edge)
                          0.00    0.00   clock network delay (ideal)
                  0.00    0.00    0.00 ^ round[1]$_DFFE_PN0P_/CLK (sky130_fd_sc_hd__dfrtp_4)
     3    0.02    0.08    0.41    0.41 ^ round[1]$_DFFE_PN0P_/Q (sky130_fd_sc_hd__dfrtp_4)
                                         round[1] (net)
                  0.08    0.00    0.41 ^ _12950_/A (sky130_fd_sc_hd__clkinv_2)
     2    0.01    0.06    0.08    0.49 v _12950_/Y (sky130_fd_sc_hd__clkinv_2)
                                         _09067_ (net)
                  0.06    0.00    0.49 v _25435_/B (sky130_fd_sc_hd__ha_4)
     2    0.02    0.08    0.30    0.79 ^ _25435_/SUM (sky130_fd_sc_hd__ha_4)
                                         _00451_ (net)
                  0.08    0.00    0.79 ^ rebuffer7701/A (sky130_fd_sc_hd__buf_12)
     3    0.05    0.07    0.13    0.92 ^ rebuffer7701/X (sky130_fd_sc_hd__buf_12)
                                         net7700 (net)
                  0.07    0.01    0.93 ^ place5283/A (sky130_fd_sc_hd__buf_12)
    10    0.08    0.10    0.15    1.08 ^ place5283/X (sky130_fd_sc_hd__buf_12)
                                         net5282 (net)
                  0.10    0.00    1.08 ^ rebuffer7687/A (sky130_fd_sc_hd__buf_4)
     4    0.02    0.06    0.15    1.23 ^ rebuffer7687/X (sky130_fd_sc_hd__buf_4)
                                         net7686 (net)
                  0.06    0.00    1.23 ^ _24843_/S1 (sky130_fd_sc_hd__mux4_2)
     1    0.00    0.09    0.29    1.52 v _24843_/X (sky130_fd_sc_hd__mux4_2)
                                         _08813_ (net)
                  0.09    0.00    1.52 v _24845_/A2 (sky130_fd_sc_hd__mux4_2)
     1    0.06    0.21    0.65    2.17 v _24845_/X (sky130_fd_sc_hd__mux4_2)
                                         _08815_ (net)
                  0.21    0.01    2.18 v _24846_/A3 (sky130_fd_sc_hd__mux4_2)
     3    0.03    0.14    0.62    2.80 v _24846_/X (sky130_fd_sc_hd__mux4_2)
                                         _08816_ (net)
                  0.14    0.00    2.80 v _24861_/A (sky130_fd_sc_hd__xnor2_2)
     1    0.01    0.21    0.26    3.06 ^ _24861_/Y (sky130_fd_sc_hd__xnor2_2)
                                         _08824_ (net)
                  0.21    0.00    3.06 ^ _24862_/B (sky130_fd_sc_hd__xnor2_2)
     1    0.01    0.20    0.16    3.22 ^ _24862_/Y (sky130_fd_sc_hd__xnor2_2)
                                         _00265_ (net)
                  0.20    0.00    3.23 ^ _25338_/B (sky130_fd_sc_hd__fa_1)
     1    0.01    0.09    0.46    3.68 v _25338_/SUM (sky130_fd_sc_hd__fa_1)
                                         _12829_ (net)
                  0.09    0.00    3.68 v _25381_/CIN (sky130_fd_sc_hd__fa_1)
     2    0.01    0.14    0.56    4.24 ^ _25381_/SUM (sky130_fd_sc_hd__fa_1)
                                         _12869_ (net)
                  0.14    0.00    4.24 ^ _25482_/B (sky130_fd_sc_hd__ha_1)
     1    0.00    0.05    0.25    4.49 v _25482_/SUM (sky130_fd_sc_hd__ha_1)
                                         _00535_ (net)
                  0.05    0.00    4.49 v _13117_/A1 (sky130_fd_sc_hd__a21o_1)
     1    0.01    0.05    0.17    4.66 v _13117_/X (sky130_fd_sc_hd__a21o_1)
                                         _09233_ (net)
                  0.05    0.00    4.66 v _13118_/A1 (sky130_fd_sc_hd__a21oi_2)
     2    0.01    0.13    0.15    4.81 ^ _13118_/Y (sky130_fd_sc_hd__a21oi_2)
                                         _09234_ (net)
                  0.13    0.00    4.81 ^ _13119_/A2 (sky130_fd_sc_hd__o21bai_1)
     1    0.01    0.07    0.10    4.92 v _13119_/Y (sky130_fd_sc_hd__o21bai_1)
                                         _09235_ (net)
                  0.07    0.00    4.92 v _13120_/A2 (sky130_fd_sc_hd__a21oi_2)
     2    0.01    0.13    0.18    5.09 ^ _13120_/Y (sky130_fd_sc_hd__a21oi_2)
                                         _09236_ (net)
                  0.13    0.00    5.09 ^ _13121_/A1 (sky130_fd_sc_hd__o21bai_1)
     1    0.00    0.05    0.09    5.18 v _13121_/Y (sky130_fd_sc_hd__o21bai_1)
                                         _09237_ (net)
                  0.05    0.00    5.18 v _13122_/A2 (sky130_fd_sc_hd__a21o_1)
     3    0.02    0.10    0.24    5.43 v _13122_/X (sky130_fd_sc_hd__a21o_1)
                                         _09238_ (net)
                  0.10    0.00    5.43 v _14179_/A (sky130_fd_sc_hd__nand2_2)
     2    0.01    0.07    0.10    5.53 ^ _14179_/Y (sky130_fd_sc_hd__nand2_2)
                                         _10277_ (net)
                  0.07    0.00    5.53 ^ _14180_/A1 (sky130_fd_sc_hd__o21ai_2)
     1    0.00    0.04    0.06    5.59 v _14180_/Y (sky130_fd_sc_hd__o21ai_2)
                                         _10278_ (net)
                  0.04    0.00    5.59 v _14181_/A (sky130_fd_sc_hd__xor2_1)
     1    0.01    0.09    0.18    5.77 v _14181_/X (sky130_fd_sc_hd__xor2_1)
                                         _10279_ (net)
                  0.09    0.00    5.77 v _14182_/A1 (sky130_fd_sc_hd__mux2i_4)
     2    0.02    0.20    0.20    5.97 ^ _14182_/Y (sky130_fd_sc_hd__mux2i_4)
                                         _10280_ (net)
                  0.20    0.00    5.97 ^ place4701/A (sky130_fd_sc_hd__buf_12)
     2    0.05    0.07    0.16    6.13 ^ place4701/X (sky130_fd_sc_hd__buf_12)
                                         net4700 (net)
                  0.07    0.01    6.14 ^ _14185_/A (sky130_fd_sc_hd__inv_4)
     1    0.01    0.02    0.03    6.17 v _14185_/Y (sky130_fd_sc_hd__inv_4)
                                         _00192_ (net)
                  0.02    0.00    6.17 v _25306_/A (sky130_fd_sc_hd__fa_1)
     1    0.01    0.11    0.57    6.74 ^ _25306_/SUM (sky130_fd_sc_hd__fa_1)
                                         _12765_ (net)
                  0.11    0.00    6.74 ^ _25278_/B (sky130_fd_sc_hd__fa_1)
     1    0.01    0.10    0.45    7.20 v _25278_/SUM (sky130_fd_sc_hd__fa_1)
                                         _12686_ (net)
                  0.10    0.00    7.20 v _25249_/A (sky130_fd_sc_hd__fa_1)
     1    0.01    0.14    0.62    7.81 ^ _25249_/SUM (sky130_fd_sc_hd__fa_1)
                                         _12689_ (net)
                  0.14    0.00    7.81 ^ _25529_/A (sky130_fd_sc_hd__ha_4)
     2    0.01    0.05    0.23    8.05 v _25529_/SUM (sky130_fd_sc_hd__ha_4)
                                         _00631_ (net)
                  0.05    0.00    8.05 v _15324_/A (sky130_fd_sc_hd__and4_4)
     2    0.01    0.04    0.15    8.20 v _15324_/X (sky130_fd_sc_hd__and4_4)
                                         _11369_ (net)
                  0.04    0.00    8.20 v _15328_/B1 (sky130_fd_sc_hd__a221oi_2)
     1    0.00    0.17    0.20    8.40 ^ _15328_/Y (sky130_fd_sc_hd__a221oi_2)
                                         _11373_ (net)
                  0.17    0.00    8.40 ^ _15329_/B1 (sky130_fd_sc_hd__o21ai_1)
     2    0.01    0.08    0.12    8.51 v _15329_/Y (sky130_fd_sc_hd__o21ai_1)
                                         _11374_ (net)
                  0.08    0.00    8.51 v _15330_/B (sky130_fd_sc_hd__nor2_1)
     2    0.01    0.16    0.16    8.67 ^ _15330_/Y (sky130_fd_sc_hd__nor2_1)
                                         _11375_ (net)
                  0.16    0.00    8.67 ^ _16533_/A (sky130_fd_sc_hd__nor2b_1)
     2    0.01    0.06    0.09    8.76 v _16533_/Y (sky130_fd_sc_hd__nor2b_1)
                                         _12490_ (net)
                  0.06    0.00    8.76 v _16534_/A2 (sky130_fd_sc_hd__o21a_1)
     1    0.00    0.03    0.17    8.93 v _16534_/X (sky130_fd_sc_hd__o21a_1)
                                         _12491_ (net)
                  0.03    0.00    8.93 v _16535_/B (sky130_fd_sc_hd__nor2_1)
     1    0.01    0.12    0.11    9.04 ^ _16535_/Y (sky130_fd_sc_hd__nor2_1)
                                         _12492_ (net)
                  0.12    0.00    9.04 ^ _16536_/B (sky130_fd_sc_hd__xnor2_1)
     1    0.00    0.14    0.14    9.17 ^ _16536_/Y (sky130_fd_sc_hd__xnor2_1)
                                         _00039_ (net)
                  0.14    0.00    9.17 ^ place4492/A (sky130_fd_sc_hd__buf_4)
     2    0.04    0.12    0.20    9.37 ^ place4492/X (sky130_fd_sc_hd__buf_4)
                                         net4491 (net)
                  0.12    0.01    9.38 ^ _25210_/CIN (sky130_fd_sc_hd__fa_1)
     1    0.01    0.09    0.44    9.82 v _25210_/SUM (sky130_fd_sc_hd__fa_1)
                                         _12582_ (net)
                  0.09    0.00    9.82 v _25406_/A (sky130_fd_sc_hd__ha_1)
     2    0.01    0.07    0.33   10.14 v _25406_/SUM (sky130_fd_sc_hd__ha_1)
                                         _00395_ (net)
                  0.07    0.00   10.14 v _17781_/A2 (sky130_fd_sc_hd__a21o_1)
     1    0.01    0.04    0.19   10.33 v _17781_/X (sky130_fd_sc_hd__a21o_1)
                                         _04129_ (net)
                  0.04    0.00   10.33 v _17782_/A2 (sky130_fd_sc_hd__a21oi_2)
     2    0.01    0.14    0.17   10.50 ^ _17782_/Y (sky130_fd_sc_hd__a21oi_2)
                                         _04130_ (net)
                  0.14    0.00   10.50 ^ _17786_/A2 (sky130_fd_sc_hd__o221ai_2)
     2    0.01    0.08    0.12   10.62 v _17786_/Y (sky130_fd_sc_hd__o221ai_2)
                                         _04134_ (net)
                  0.08    0.00   10.63 v place4385/A (sky130_fd_sc_hd__buf_4)
     1    0.01    0.03    0.15   10.78 v place4385/X (sky130_fd_sc_hd__buf_4)
                                         net4384 (net)
                  0.03    0.00   10.78 v _17917_/A1 (sky130_fd_sc_hd__a31oi_4)
     1    0.01    0.16    0.15   10.92 ^ _17917_/Y (sky130_fd_sc_hd__a31oi_4)
                                         _04265_ (net)
                  0.16    0.00   10.92 ^ _17918_/B1 (sky130_fd_sc_hd__o31ai_4)
     3    0.02    0.09    0.12   11.04 v _17918_/Y (sky130_fd_sc_hd__o31ai_4)
                                         _04266_ (net)
                  0.09    0.00   11.04 v _17923_/A2 (sky130_fd_sc_hd__a211o_1)
     1    0.01    0.07    0.33   11.37 v _17923_/X (sky130_fd_sc_hd__a211o_1)
                                         _04271_ (net)
                  0.07    0.00   11.37 v _17924_/A1 (sky130_fd_sc_hd__a21oi_2)
     1    0.01    0.14    0.17   11.54 ^ _17924_/Y (sky130_fd_sc_hd__a21oi_2)
                                         _04272_ (net)
                  0.14    0.00   11.54 ^ _17925_/B (sky130_fd_sc_hd__xnor2_2)
     2    0.01    0.05    0.08   11.62 v _17925_/Y (sky130_fd_sc_hd__xnor2_2)
                                         _04273_ (net)
                  0.05    0.00   11.62 v _17950_/B (sky130_fd_sc_hd__and2_4)
     3    0.02    0.05    0.18   11.80 v _17950_/X (sky130_fd_sc_hd__and2_4)
                                         _04298_ (net)
                  0.05    0.00   11.80 v _17984_/A2 (sky130_fd_sc_hd__a21oi_2)
     1    0.01    0.12    0.16   11.96 ^ _17984_/Y (sky130_fd_sc_hd__a21oi_2)
                                         _04331_ (net)
                  0.12    0.00   11.96 ^ _17992_/A2 (sky130_fd_sc_hd__a21boi_2)
     2    0.01    0.07    0.08   12.05 v _17992_/Y (sky130_fd_sc_hd__a21boi_2)
                                         _04339_ (net)
                  0.07    0.00   12.05 v _25050_/B (sky130_fd_sc_hd__nor3_2)
     1    0.01    0.16    0.19   12.23 ^ _25050_/Y (sky130_fd_sc_hd__nor3_2)
                                         _08972_ (net)
                  0.16    0.00   12.23 ^ _25051_/B (sky130_fd_sc_hd__xnor2_1)
     1    0.00    0.13    0.14   12.37 ^ _25051_/Y (sky130_fd_sc_hd__xnor2_1)
                                         _08973_ (net)
                  0.13    0.00   12.37 ^ _25053_/A2 (sky130_fd_sc_hd__o21ai_1)
     1    0.00    0.11    0.07   12.45 v _25053_/Y (sky130_fd_sc_hd__o21ai_1)
                                         _03136_ (net)
                  0.11    0.00   12.45 v digest[255]$_DFFE_PN0P_/D (sky130_fd_sc_hd__dfrtp_1)
                                 12.45   data arrival time

                  0.00   10.00   10.00   clock core_clock (rise edge)
                          0.00   10.00   clock network delay (ideal)
                          0.00   10.00   clock reconvergence pessimism
                                 10.00 ^ digest[255]$_DFFE_PN0P_/CLK (sky130_fd_sc_hd__dfrtp_1)
                         -0.16    9.84   library setup time
                                  9.84   data required time
-----------------------------------------------------------------------------
                                  9.84   data required time
                                -12.45   data arrival time
-----------------------------------------------------------------------------
                                 -2.60   slack (VIOLATED)


Startpoint: digest[26]$_DFFE_PN0P_
            (rising edge-triggered flip-flop clocked by core_clock)
Endpoint: digest[26] (output port clocked by vclk)
Path Group: vclk
Path Type: max

Fanout     Cap    Slew   Delay    Time   Description
-----------------------------------------------------------------------------
                  0.00    0.00    0.00   clock core_clock (rise edge)
                          0.00    0.00   clock network delay (ideal)
                  0.00    0.00    0.00 ^ digest[26]$_DFFE_PN0P_/CLK (sky130_fd_sc_hd__dfrtp_1)
     2    0.07    0.58    0.68    0.68 ^ digest[26]$_DFFE_PN0P_/Q (sky130_fd_sc_hd__dfrtp_1)
                                         net689 (net)
                  0.58    0.02    0.70 ^ output690/A (sky130_fd_sc_hd__clkdlybuf4s50_1)
     1    0.00    0.06    0.60    1.30 ^ output690/X (sky130_fd_sc_hd__clkdlybuf4s50_1)
                                         digest[26] (net)
                  0.06    0.00    1.30 ^ digest[26] (out)
                                  1.30   data arrival time

                  0.00   10.00   10.00   clock vclk (rise edge)
                          0.00   10.00   clock network delay (ideal)
                          0.00   10.00   clock reconvergence pessimism
                         -2.00    8.00   output external delay
                                  8.00   data required time
-----------------------------------------------------------------------------
                                  8.00   data required time
                                 -1.30   data arrival time
-----------------------------------------------------------------------------
                                  6.70   slack (MET)



==========================================================================
detailed place report_check_types -max_slew -max_cap -max_fanout -violators
--------------------------------------------------------------------------

==========================================================================
detailed place max_slew_check_slack
--------------------------------------------------------------------------
0.29051727056503296

==========================================================================
detailed place max_slew_check_limit
--------------------------------------------------------------------------
1.5

==========================================================================
detailed place max_slew_check_slack_limit
--------------------------------------------------------------------------
0.1937

==========================================================================
detailed place max_fanout_check_slack
--------------------------------------------------------------------------
1.0000000150474662e+30

==========================================================================
detailed place max_fanout_check_limit
--------------------------------------------------------------------------
1.0000000150474662e+30

==========================================================================
detailed place max_capacitance_check_slack
--------------------------------------------------------------------------
0.009020729921758175

==========================================================================
detailed place max_capacitance_check_limit
--------------------------------------------------------------------------
0.021067000925540924

==========================================================================
detailed place max_capacitance_check_slack_limit
--------------------------------------------------------------------------
0.4282

==========================================================================
detailed place max_slew_violation_count
--------------------------------------------------------------------------
max slew violation count 0

==========================================================================
detailed place max_fanout_violation_count
--------------------------------------------------------------------------
max fanout violation count 0

==========================================================================
detailed place max_cap_violation_count
--------------------------------------------------------------------------
max cap violation count 0

==========================================================================
detailed place setup_violation_count
--------------------------------------------------------------------------
setup violation count 101

==========================================================================
detailed place hold_violation_count
--------------------------------------------------------------------------
hold violation count 0

==========================================================================
detailed place report_checks -path_delay max reg to reg
--------------------------------------------------------------------------
Startpoint: round[1]$_DFFE_PN0P_
            (rising edge-triggered flip-flop clocked by core_clock)
Endpoint: digest[255]$_DFFE_PN0P_
          (rising edge-triggered flip-flop clocked by core_clock)
Path Group: core_clock
Path Type: max

  Delay    Time   Description
---------------------------------------------------------
   0.00    0.00   clock core_clock (rise edge)
   0.00    0.00   clock network delay (ideal)
   0.00    0.00 ^ round[1]$_DFFE_PN0P_/CLK (sky130_fd_sc_hd__dfrtp_4)
   0.41    0.41 ^ round[1]$_DFFE_PN0P_/Q (sky130_fd_sc_hd__dfrtp_4)
   0.08    0.49 v _12950_/Y (sky130_fd_sc_hd__clkinv_2)
   0.30    0.79 ^ _25435_/SUM (sky130_fd_sc_hd__ha_4)
   0.13    0.92 ^ rebuffer7701/X (sky130_fd_sc_hd__buf_12)
   0.16    1.08 ^ place5283/X (sky130_fd_sc_hd__buf_12)
   0.15    1.23 ^ rebuffer7687/X (sky130_fd_sc_hd__buf_4)
   0.29    1.52 v _24843_/X (sky130_fd_sc_hd__mux4_2)
   0.65    2.17 v _24845_/X (sky130_fd_sc_hd__mux4_2)
   0.63    2.80 v _24846_/X (sky130_fd_sc_hd__mux4_2)
   0.26    3.06 ^ _24861_/Y (sky130_fd_sc_hd__xnor2_2)
   0.16    3.22 ^ _24862_/Y (sky130_fd_sc_hd__xnor2_2)
   0.46    3.68 v _25338_/SUM (sky130_fd_sc_hd__fa_1)
   0.56    4.24 ^ _25381_/SUM (sky130_fd_sc_hd__fa_1)
   0.25    4.49 v _25482_/SUM (sky130_fd_sc_hd__ha_1)
   0.17    4.66 v _13117_/X (sky130_fd_sc_hd__a21o_1)
   0.15    4.81 ^ _13118_/Y (sky130_fd_sc_hd__a21oi_2)
   0.10    4.92 v _13119_/Y (sky130_fd_sc_hd__o21bai_1)
   0.18    5.09 ^ _13120_/Y (sky130_fd_sc_hd__a21oi_2)
   0.09    5.18 v _13121_/Y (sky130_fd_sc_hd__o21bai_1)
   0.24    5.43 v _13122_/X (sky130_fd_sc_hd__a21o_1)
   0.10    5.53 ^ _14179_/Y (sky130_fd_sc_hd__nand2_2)
   0.06    5.59 v _14180_/Y (sky130_fd_sc_hd__o21ai_2)
   0.18    5.77 v _14181_/X (sky130_fd_sc_hd__xor2_1)
   0.20    5.97 ^ _14182_/Y (sky130_fd_sc_hd__mux2i_4)
   0.16    6.13 ^ place4701/X (sky130_fd_sc_hd__buf_12)
   0.04    6.17 v _14185_/Y (sky130_fd_sc_hd__inv_4)
   0.57    6.74 ^ _25306_/SUM (sky130_fd_sc_hd__fa_1)
   0.45    7.20 v _25278_/SUM (sky130_fd_sc_hd__fa_1)
   0.62    7.81 ^ _25249_/SUM (sky130_fd_sc_hd__fa_1)
   0.23    8.05 v _25529_/SUM (sky130_fd_sc_hd__ha_4)
   0.15    8.20 v _15324_/X (sky130_fd_sc_hd__and4_4)
   0.20    8.40 ^ _15328_/Y (sky130_fd_sc_hd__a221oi_2)
   0.12    8.51 v _15329_/Y (sky130_fd_sc_hd__o21ai_1)
   0.16    8.67 ^ _15330_/Y (sky130_fd_sc_hd__nor2_1)
   0.09    8.76 v _16533_/Y (sky130_fd_sc_hd__nor2b_1)
   0.17    8.93 v _16534_/X (sky130_fd_sc_hd__o21a_1)
   0.11    9.04 ^ _16535_/Y (sky130_fd_sc_hd__nor2_1)
   0.14    9.17 ^ _16536_/Y (sky130_fd_sc_hd__xnor2_1)
   0.20    9.37 ^ place4492/X (sky130_fd_sc_hd__buf_4)
   0.44    9.82 v _25210_/SUM (sky130_fd_sc_hd__fa_1)
   0.33   10.14 v _25406_/SUM (sky130_fd_sc_hd__ha_1)
   0.19   10.33 v _17781_/X (sky130_fd_sc_hd__a21o_1)
   0.17   10.50 ^ _17782_/Y (sky130_fd_sc_hd__a21oi_2)
   0.12   10.62 v _17786_/Y (sky130_fd_sc_hd__o221ai_2)
   0.15   10.78 v place4385/X (sky130_fd_sc_hd__buf_4)
   0.15   10.92 ^ _17917_/Y (sky130_fd_sc_hd__a31oi_4)
   0.12   11.04 v _17918_/Y (sky130_fd_sc_hd__o31ai_4)
   0.33   11.37 v _17923_/X (sky130_fd_sc_hd__a211o_1)
   0.17   11.54 ^ _17924_/Y (sky130_fd_sc_hd__a21oi_2)
   0.08   11.62 v _17925_/Y (sky130_fd_sc_hd__xnor2_2)
   0.18   11.80 v _17950_/X (sky130_fd_sc_hd__and2_4)
   0.16   11.96 ^ _17984_/Y (sky130_fd_sc_hd__a21oi_2)
   0.08   12.05 v _17992_/Y (sky130_fd_sc_hd__a21boi_2)
   0.19   12.23 ^ _25050_/Y (sky130_fd_sc_hd__nor3_2)
   0.14   12.37 ^ _25051_/Y (sky130_fd_sc_hd__xnor2_1)
   0.07   12.45 v _25053_/Y (sky130_fd_sc_hd__o21ai_1)
   0.00   12.45 v digest[255]$_DFFE_PN0P_/D (sky130_fd_sc_hd__dfrtp_1)
          12.45   data arrival time

  10.00   10.00   clock core_clock (rise edge)
   0.00   10.00   clock network delay (ideal)
   0.00   10.00   clock reconvergence pessimism
          10.00 ^ digest[255]$_DFFE_PN0P_/CLK (sky130_fd_sc_hd__dfrtp_1)
  -0.16    9.84   library setup time
           9.84   data required time
---------------------------------------------------------
           9.84   data required time
         -12.45   data arrival time
---------------------------------------------------------
          -2.60   slack (VIOLATED)



==========================================================================
detailed place report_checks -path_delay min reg to reg
--------------------------------------------------------------------------
Startpoint: digest[141]$_DFFE_PN0P_
            (rising edge-triggered flip-flop clocked by core_clock)
Endpoint: digest[141]$_DFFE_PN0P_
          (rising edge-triggered flip-flop clocked by core_clock)
Path Group: core_clock
Path Type: min

  Delay    Time   Description
---------------------------------------------------------
   0.00    0.00   clock core_clock (rise edge)
   0.00    0.00   clock network delay (ideal)
   0.00    0.00 ^ digest[141]$_DFFE_PN0P_/CLK (sky130_fd_sc_hd__dfrtp_1)
   0.33    0.33 ^ digest[141]$_DFFE_PN0P_/Q (sky130_fd_sc_hd__dfrtp_1)
   0.05    0.38 v _18507_/Y (sky130_fd_sc_hd__nand2_1)
   0.05    0.43 ^ _18511_/Y (sky130_fd_sc_hd__nand2_1)
   0.00    0.43 ^ digest[141]$_DFFE_PN0P_/D (sky130_fd_sc_hd__dfrtp_1)
           0.43   data arrival time

   0.00    0.00   clock core_clock (rise edge)
   0.00    0.00   clock network delay (ideal)
   0.00    0.00   clock reconvergence pessimism
           0.00 ^ digest[141]$_DFFE_PN0P_/CLK (sky130_fd_sc_hd__dfrtp_1)
  -0.04   -0.04   library hold time
          -0.04   data required time
---------------------------------------------------------
          -0.04   data required time
          -0.43   data arrival time
---------------------------------------------------------
           0.46   slack (MET)



==========================================================================
detailed place critical path target clock latency max path
--------------------------------------------------------------------------
0.0000

==========================================================================
detailed place critical path target clock latency min path
--------------------------------------------------------------------------
0.0000

==========================================================================
detailed place critical path source clock latency min path
--------------------------------------------------------------------------
0.0000

==========================================================================
detailed place critical path delay
--------------------------------------------------------------------------
12.4460

==========================================================================
detailed place critical path slack
--------------------------------------------------------------------------
-2.6012

==========================================================================
detailed place slack div critical path delay
--------------------------------------------------------------------------
-20.899888

==========================================================================
detailed place report_power
--------------------------------------------------------------------------
Group                  Internal  Switching    Leakage      Total
                          Power      Power      Power      Power (Watts)
----------------------------------------------------------------
Sequential             1.56e-02   3.31e-03   3.40e-08   1.89e-02   3.0%
Combinational          2.92e-01   3.15e-01   5.52e-08   6.07e-01  97.0%
Clock                  0.00e+00   0.00e+00   0.00e+00   0.00e+00   0.0%
Macro                  0.00e+00   0.00e+00   0.00e+00   0.00e+00   0.0%
Pad                    0.00e+00   0.00e+00   0.00e+00   0.00e+00   0.0%
----------------------------------------------------------------
Total                  3.07e-01   3.18e-01   8.92e-08   6.26e-01 100.0%
                          49.1%      50.9%       0.0%
