
==========================================================================
cts final report_tns
--------------------------------------------------------------------------
tns max -10.17

==========================================================================
cts final report_wns
--------------------------------------------------------------------------
wns max -0.55

==========================================================================
cts final report_worst_slack
--------------------------------------------------------------------------
worst slack max -0.55

==========================================================================
cts final report_clock_min_period
--------------------------------------------------------------------------
core_clock period_min = 12.55 fmax = 79.67
vclk period_min = 0.00 fmax = inf

==========================================================================
cts final report_clock_skew
--------------------------------------------------------------------------
Clock core_clock
   0.94 source latency W[956]$_DFFE_PN0P_/CLK ^
  -1.02 target latency a[25]$_DFFE_PN0P_/CLK ^
   0.00 CRPR
--------------
  -0.08 setup skew

Clock vclk
No launch/capture paths found.


==========================================================================
cts final report_checks -path_delay min
--------------------------------------------------------------------------
Startpoint: rst_n (input port clocked by vclk)
Endpoint: W[2021]$_DFFE_PN0P_
          (removal check against rising-edge clock core_clock)
Path Group: asynchronous
Path Type: min

Fanout     Cap    Slew   Delay    Time   Description
-----------------------------------------------------------------------------
                  0.00    0.00    0.00   clock vclk (rise edge)
                          0.00    0.00   clock network delay (ideal)
                          2.40    2.40 ^ input external delay
     1    0.02    0.00    0.00    2.40 ^ rst_n (in)
                                         rst_n (net)
                  0.00    0.00    2.40 ^ input514/A (sky130_fd_sc_hd__buf_16)
   124    0.78    0.79    0.54    2.94 ^ input514/X (sky130_fd_sc_hd__buf_16)
                                         net513 (net)
                  0.79    0.02    2.95 ^ W[2021]$_DFFE_PN0P_/RESET_B (sky130_fd_sc_hd__dfrtp_1)
                                  2.95   data arrival time

                          0.00    0.00   clock core_clock (rise edge)
                          0.00    0.00   clock source latency
     1    0.14    0.00    0.00    0.00 ^ clk (in)
                                         clk (net)
                  0.01    0.01    0.01 ^ clkbuf_0_clk/A (sky130_fd_sc_hd__clkbuf_16)
     4    0.20    0.22    0.24    0.25 ^ clkbuf_0_clk/X (sky130_fd_sc_hd__clkbuf_16)
                                         clknet_0_clk (net)
                  0.22    0.01    0.25 ^ clkbuf_2_3_0_clk/A (sky130_fd_sc_hd__clkbuf_16)
     8    0.18    0.19    0.30    0.55 ^ clkbuf_2_3_0_clk/X (sky130_fd_sc_hd__clkbuf_16)
                                         clknet_2_3_0_clk (net)
                  0.19    0.00    0.56 ^ clkbuf_5_31__f_clk/A (sky130_fd_sc_hd__clkbuf_16)
    10    0.15    0.16    0.27    0.82 ^ clkbuf_5_31__f_clk/X (sky130_fd_sc_hd__clkbuf_16)
                                         clknet_5_31__leaf_clk (net)
                  0.16    0.00    0.82 ^ clkbuf_leaf_119_clk/A (sky130_fd_sc_hd__clkbuf_16)
    11    0.04    0.06    0.18    1.00 ^ clkbuf_leaf_119_clk/X (sky130_fd_sc_hd__clkbuf_16)
                                         clknet_leaf_119_clk (net)
                  0.06    0.00    1.00 ^ W[2021]$_DFFE_PN0P_/CLK (sky130_fd_sc_hd__dfrtp_1)
                          0.00    1.00   clock reconvergence pessimism
                          0.53    1.53   library removal time
                                  1.53   data required time
-----------------------------------------------------------------------------
                                  1.53   data required time
                                 -2.95   data arrival time
-----------------------------------------------------------------------------
                                  1.42   slack (MET)


Startpoint: digest[138]$_DFFE_PN0P_
            (rising edge-triggered flip-flop clocked by core_clock)
Endpoint: digest[138]$_DFFE_PN0P_
          (rising edge-triggered flip-flop clocked by core_clock)
Path Group: core_clock
Path Type: min

Fanout     Cap    Slew   Delay    Time   Description
-----------------------------------------------------------------------------
                          0.00    0.00   clock core_clock (rise edge)
                          0.00    0.00   clock source latency
     1    0.14    0.00    0.00    0.00 ^ clk (in)
                                         clk (net)
                  0.01    0.01    0.01 ^ clkbuf_0_clk/A (sky130_fd_sc_hd__clkbuf_16)
     4    0.20    0.22    0.24    0.25 ^ clkbuf_0_clk/X (sky130_fd_sc_hd__clkbuf_16)
                                         clknet_0_clk (net)
                  0.22    0.01    0.25 ^ clkbuf_2_1_0_clk/A (sky130_fd_sc_hd__clkbuf_16)
     8    0.19    0.20    0.30    0.55 ^ clkbuf_2_1_0_clk/X (sky130_fd_sc_hd__clkbuf_16)
                                         clknet_2_1_0_clk (net)
                  0.20    0.00    0.56 ^ clkbuf_5_11__f_clk/A (sky130_fd_sc_hd__clkbuf_16)
    11    0.15    0.16    0.27    0.83 ^ clkbuf_5_11__f_clk/X (sky130_fd_sc_hd__clkbuf_16)
                                         clknet_5_11__leaf_clk (net)
                  0.16    0.00    0.83 ^ clkbuf_leaf_45_clk/A (sky130_fd_sc_hd__clkbuf_16)
    11    0.03    0.06    0.18    1.01 ^ clkbuf_leaf_45_clk/X (sky130_fd_sc_hd__clkbuf_16)
                                         clknet_leaf_45_clk (net)
                  0.06    0.00    1.01 ^ digest[138]$_DFFE_PN0P_/CLK (sky130_fd_sc_hd__dfrtp_1)
     2    0.01    0.07    0.34    1.35 ^ digest[138]$_DFFE_PN0P_/Q (sky130_fd_sc_hd__dfrtp_1)
                                         net557 (net)
                  0.07    0.00    1.35 ^ _18521_/A (sky130_fd_sc_hd__nand2_1)
     1    0.00    0.03    0.04    1.39 v _18521_/Y (sky130_fd_sc_hd__nand2_1)
                                         _04753_ (net)
                  0.03    0.00    1.39 v _18522_/B1 (sky130_fd_sc_hd__o21ai_0)
     1    0.00    0.07    0.06    1.45 ^ _18522_/Y (sky130_fd_sc_hd__o21ai_0)
                                         _00884_ (net)
                  0.07    0.00    1.45 ^ digest[138]$_DFFE_PN0P_/D (sky130_fd_sc_hd__dfrtp_1)
                                  1.45   data arrival time

                          0.00    0.00   clock core_clock (rise edge)
                          0.00    0.00   clock source latency
     1    0.14    0.00    0.00    0.00 ^ clk (in)
                                         clk (net)
                  0.01    0.01    0.01 ^ clkbuf_0_clk/A (sky130_fd_sc_hd__clkbuf_16)
     4    0.20    0.22    0.24    0.25 ^ clkbuf_0_clk/X (sky130_fd_sc_hd__clkbuf_16)
                                         clknet_0_clk (net)
                  0.22    0.01    0.25 ^ clkbuf_2_1_0_clk/A (sky130_fd_sc_hd__clkbuf_16)
     8    0.19    0.20    0.30    0.55 ^ clkbuf_2_1_0_clk/X (sky130_fd_sc_hd__clkbuf_16)
                                         clknet_2_1_0_clk (net)
                  0.20    0.00    0.56 ^ clkbuf_5_11__f_clk/A (sky130_fd_sc_hd__clkbuf_16)
    11    0.15    0.16    0.27    0.83 ^ clkbuf_5_11__f_clk/X (sky130_fd_sc_hd__clkbuf_16)
                                         clknet_5_11__leaf_clk (net)
                  0.16    0.00    0.83 ^ clkbuf_leaf_45_clk/A (sky130_fd_sc_hd__clkbuf_16)
    11    0.03    0.06    0.18    1.01 ^ clkbuf_leaf_45_clk/X (sky130_fd_sc_hd__clkbuf_16)
                                         clknet_leaf_45_clk (net)
                  0.06    0.00    1.01 ^ digest[138]$_DFFE_PN0P_/CLK (sky130_fd_sc_hd__dfrtp_1)
                          0.00    1.01   clock reconvergence pessimism
                         -0.04    0.97   library hold time
                                  0.97   data required time
-----------------------------------------------------------------------------
                                  0.97   data required time
                                 -1.45   data arrival time
-----------------------------------------------------------------------------
                                  0.48   slack (MET)


Startpoint: digest[9]$_DFFE_PN0P_
            (rising edge-triggered flip-flop clocked by core_clock)
Endpoint: digest[9] (output port clocked by vclk)
Path Group: vclk
Path Type: min

Fanout     Cap    Slew   Delay    Time   Description
-----------------------------------------------------------------------------
                          0.00    0.00   clock core_clock (rise edge)
                          0.00    0.00   clock source latency
     1    0.14    0.00    0.00    0.00 ^ clk (in)
                                         clk (net)
                  0.01    0.01    0.01 ^ clkbuf_0_clk/A (sky130_fd_sc_hd__clkbuf_16)
     4    0.20    0.22    0.24    0.25 ^ clkbuf_0_clk/X (sky130_fd_sc_hd__clkbuf_16)
                                         clknet_0_clk (net)
                  0.22    0.01    0.25 ^ clkbuf_2_3_0_clk/A (sky130_fd_sc_hd__clkbuf_16)
     8    0.18    0.19    0.30    0.55 ^ clkbuf_2_3_0_clk/X (sky130_fd_sc_hd__clkbuf_16)
                                         clknet_2_3_0_clk (net)
                  0.19    0.00    0.56 ^ clkbuf_5_27__f_clk/A (sky130_fd_sc_hd__clkbuf_16)
    10    0.13    0.15    0.26    0.81 ^ clkbuf_5_27__f_clk/X (sky130_fd_sc_hd__clkbuf_16)
                                         clknet_5_27__leaf_clk (net)
                  0.15    0.00    0.82 ^ clkbuf_leaf_102_clk/A (sky130_fd_sc_hd__clkbuf_16)
    10    0.04    0.06    0.17    0.99 ^ clkbuf_leaf_102_clk/X (sky130_fd_sc_hd__clkbuf_16)
                                         clknet_leaf_102_clk (net)
                  0.06    0.00    0.99 ^ digest[9]$_DFFE_PN0P_/CLK (sky130_fd_sc_hd__dfrtp_1)
     2    0.01    0.06    0.39    1.38 v digest[9]$_DFFE_PN0P_/Q (sky130_fd_sc_hd__dfrtp_1)
                                         net770 (net)
                  0.06    0.00    1.38 v output771/A (sky130_fd_sc_hd__clkdlybuf4s50_1)
     1    0.00    0.04    0.41    1.78 v output771/X (sky130_fd_sc_hd__clkdlybuf4s50_1)
                                         digest[9] (net)
                  0.04    0.00    1.78 v digest[9] (out)
                                  1.78   data arrival time

                  0.00    0.00    0.00   clock vclk (rise edge)
                          0.00    0.00   clock network delay (ideal)
                          0.00    0.00   clock reconvergence pessimism
                         -2.40   -2.40   output external delay
                                 -2.40   data required time
-----------------------------------------------------------------------------
                                 -2.40   data required time
                                 -1.78   data arrival time
-----------------------------------------------------------------------------
                                  4.18   slack (MET)



==========================================================================
cts final report_checks -path_delay max
--------------------------------------------------------------------------
Startpoint: rst_n (input port clocked by vclk)
Endpoint: W[542]$_DFFE_PN0P_
          (recovery check against rising-edge clock core_clock)
Path Group: asynchronous
Path Type: max

Fanout     Cap    Slew   Delay    Time   Description
-----------------------------------------------------------------------------
                  0.00    0.00    0.00   clock vclk (rise edge)
                          0.00    0.00   clock network delay (ideal)
                          2.40    2.40 ^ input external delay
     1    0.02    0.00    0.00    2.40 ^ rst_n (in)
                                         rst_n (net)
                  0.00    0.00    2.40 ^ input514/A (sky130_fd_sc_hd__buf_16)
   124    0.78    0.79    0.54    2.94 ^ input514/X (sky130_fd_sc_hd__buf_16)
                                         net513 (net)
                  0.81    0.11    3.05 ^ place6145/A (sky130_fd_sc_hd__buf_4)
    34    0.18    0.47    0.56    3.61 ^ place6145/X (sky130_fd_sc_hd__buf_4)
                                         net6144 (net)
                  0.47    0.00    3.61 ^ place6144/A (sky130_fd_sc_hd__buf_4)
    29    0.17    0.46    0.50    4.11 ^ place6144/X (sky130_fd_sc_hd__buf_4)
                                         net6143 (net)
                  0.46    0.02    4.13 ^ place6143/A (sky130_fd_sc_hd__buf_12)
   159    0.84    0.94    0.69    4.82 ^ place6143/X (sky130_fd_sc_hd__buf_12)
                                         net6142 (net)
                  0.98    0.16    4.98 ^ W[542]$_DFFE_PN0P_/RESET_B (sky130_fd_sc_hd__dfrtp_1)
                                  4.98   data arrival time

                         12.00   12.00   clock core_clock (rise edge)
                          0.00   12.00   clock source latency
     1    0.14    0.00    0.00   12.00 ^ clk (in)
                                         clk (net)
                  0.01    0.01   12.01 ^ clkbuf_0_clk/A (sky130_fd_sc_hd__clkbuf_16)
     4    0.20    0.22    0.24   12.25 ^ clkbuf_0_clk/X (sky130_fd_sc_hd__clkbuf_16)
                                         clknet_0_clk (net)
                  0.22    0.01   12.25 ^ clkbuf_2_0_0_clk/A (sky130_fd_sc_hd__clkbuf_16)
     8    0.17    0.18    0.29   12.54 ^ clkbuf_2_0_0_clk/X (sky130_fd_sc_hd__clkbuf_16)
                                         clknet_2_0_0_clk (net)
                  0.18    0.00   12.55 ^ clkbuf_5_0__f_clk/A (sky130_fd_sc_hd__clkbuf_16)
     5    0.10    0.11    0.23   12.78 ^ clkbuf_5_0__f_clk/X (sky130_fd_sc_hd__clkbuf_16)
                                         clknet_5_0__leaf_clk (net)
                  0.11    0.00   12.78 ^ clkbuf_leaf_4_clk/A (sky130_fd_sc_hd__clkbuf_16)
    11    0.04    0.06    0.16   12.94 ^ clkbuf_leaf_4_clk/X (sky130_fd_sc_hd__clkbuf_16)
                                         clknet_leaf_4_clk (net)
                  0.06    0.00   12.94 ^ W[542]$_DFFE_PN0P_/CLK (sky130_fd_sc_hd__dfrtp_1)
                          0.00   12.94   clock reconvergence pessimism
                         -0.01   12.93   library recovery time
                                 12.93   data required time
-----------------------------------------------------------------------------
                                 12.93   data required time
                                 -4.98   data arrival time
-----------------------------------------------------------------------------
                                  7.95   slack (MET)


Startpoint: round[1]$_DFFE_PN0P_
            (rising edge-triggered flip-flop clocked by core_clock)
Endpoint: digest[254]$_DFFE_PN0P_
          (rising edge-triggered flip-flop clocked by core_clock)
Path Group: core_clock
Path Type: max

Fanout     Cap    Slew   Delay    Time   Description
-----------------------------------------------------------------------------
                          0.00    0.00   clock core_clock (rise edge)
                          0.00    0.00   clock source latency
     1    0.14    0.00    0.00    0.00 ^ clk (in)
                                         clk (net)
                  0.01    0.01    0.01 ^ clkbuf_0_clk/A (sky130_fd_sc_hd__clkbuf_16)
     4    0.20    0.22    0.24    0.25 ^ clkbuf_0_clk/X (sky130_fd_sc_hd__clkbuf_16)
                                         clknet_0_clk (net)
                  0.22    0.01    0.25 ^ clkbuf_2_2_0_clk/A (sky130_fd_sc_hd__clkbuf_16)
     8    0.19    0.20    0.30    0.55 ^ clkbuf_2_2_0_clk/X (sky130_fd_sc_hd__clkbuf_16)
                                         clknet_2_2_0_clk (net)
                  0.20    0.00    0.56 ^ clkbuf_5_19__f_clk/A (sky130_fd_sc_hd__clkbuf_16)
     9    0.14    0.15    0.26    0.82 ^ clkbuf_5_19__f_clk/X (sky130_fd_sc_hd__clkbuf_16)
                                         clknet_5_19__leaf_clk (net)
                  0.15    0.00    0.83 ^ clkbuf_leaf_157_clk/A (sky130_fd_sc_hd__clkbuf_16)
     9    0.06    0.08    0.19    1.02 ^ clkbuf_leaf_157_clk/X (sky130_fd_sc_hd__clkbuf_16)
                                         clknet_leaf_157_clk (net)
                  0.08    0.00    1.02 ^ round[1]$_DFFE_PN0P_/CLK (sky130_fd_sc_hd__dfrtp_4)
     4    0.03    0.11    0.46    1.49 ^ round[1]$_DFFE_PN0P_/Q (sky130_fd_sc_hd__dfrtp_4)
                                         round[1] (net)
                  0.11    0.00    1.49 ^ _12950_/A (sky130_fd_sc_hd__clkinv_4)
     2    0.01    0.04    0.07    1.55 v _12950_/Y (sky130_fd_sc_hd__clkinv_4)
                                         _09067_ (net)
                  0.04    0.00    1.55 v _25435_/A (sky130_fd_sc_hd__ha_4)
     5    0.04    0.13    0.33    1.88 ^ _25435_/SUM (sky130_fd_sc_hd__ha_4)
                                         _00451_ (net)
                  0.13    0.00    1.89 ^ rebuffer6209/A (sky130_fd_sc_hd__buf_6)
     2    0.03    0.06    0.14    2.03 ^ rebuffer6209/X (sky130_fd_sc_hd__buf_6)
                                         net6208 (net)
                  0.06    0.00    2.03 ^ place5053/A (sky130_fd_sc_hd__buf_16)
     7    0.10    0.12    0.16    2.19 ^ place5053/X (sky130_fd_sc_hd__buf_16)
                                         net5052 (net)
                  0.13    0.02    2.21 ^ _24798_/S1 (sky130_fd_sc_hd__mux4_2)
     1    0.00    0.08    0.31    2.51 v _24798_/X (sky130_fd_sc_hd__mux4_2)
                                         _08770_ (net)
                  0.08    0.00    2.51 v _24799_/A3 (sky130_fd_sc_hd__mux4_2)
     1    0.06    0.21    0.66    3.17 v _24799_/X (sky130_fd_sc_hd__mux4_2)
                                         _08771_ (net)
                  0.21    0.01    3.18 v _24800_/A3 (sky130_fd_sc_hd__mux4_2)
     3    0.04    0.18    0.67    3.85 v _24800_/X (sky130_fd_sc_hd__mux4_2)
                                         _08772_ (net)
                  0.18    0.01    3.86 v _24861_/A (sky130_fd_sc_hd__xnor2_2)
     1    0.01    0.08    0.21    4.06 v _24861_/Y (sky130_fd_sc_hd__xnor2_2)
                                         _08824_ (net)
                  0.08    0.00    4.07 v _24862_/B (sky130_fd_sc_hd__xnor2_2)
     1    0.01    0.07    0.15    4.22 v _24862_/Y (sky130_fd_sc_hd__xnor2_2)
                                         _00265_ (net)
                  0.07    0.00    4.22 v _25338_/A (sky130_fd_sc_hd__fa_1)
     1    0.01    0.07    0.55    4.77 ^ _25338_/SUM (sky130_fd_sc_hd__fa_1)
                                         _12829_ (net)
                  0.07    0.00    4.77 ^ _25381_/CIN (sky130_fd_sc_hd__fa_1)
     2    0.01    0.09    0.43    5.20 v _25381_/SUM (sky130_fd_sc_hd__fa_1)
                                         _12869_ (net)
                  0.09    0.00    5.20 v _25482_/A (sky130_fd_sc_hd__ha_1)
     1    0.00    0.05    0.30    5.50 v _25482_/SUM (sky130_fd_sc_hd__ha_1)
                                         _00535_ (net)
                  0.05    0.00    5.50 v _13117_/A1 (sky130_fd_sc_hd__a21o_1)
     1    0.01    0.05    0.17    5.67 v _13117_/X (sky130_fd_sc_hd__a21o_1)
                                         _09233_ (net)
                  0.05    0.00    5.67 v _13118_/A1 (sky130_fd_sc_hd__a21oi_2)
     2    0.01    0.14    0.16    5.83 ^ _13118_/Y (sky130_fd_sc_hd__a21oi_2)
                                         _09234_ (net)
                  0.14    0.00    5.83 ^ _13119_/A1 (sky130_fd_sc_hd__o21bai_1)
     1    0.01    0.07    0.11    5.94 v _13119_/Y (sky130_fd_sc_hd__o21bai_1)
                                         _09235_ (net)
                  0.07    0.00    5.94 v _13120_/A1 (sky130_fd_sc_hd__a21oi_2)
     2    0.01    0.13    0.16    6.10 ^ _13120_/Y (sky130_fd_sc_hd__a21oi_2)
                                         _09236_ (net)
                  0.13    0.00    6.10 ^ _13121_/A2 (sky130_fd_sc_hd__o21bai_1)
     1    0.00    0.05    0.08    6.17 v _13121_/Y (sky130_fd_sc_hd__o21bai_1)
                                         _09237_ (net)
                  0.05    0.00    6.17 v _13122_/A1 (sky130_fd_sc_hd__a21o_1)
     3    0.02    0.11    0.22    6.40 v _13122_/X (sky130_fd_sc_hd__a21o_1)
                                         _09238_ (net)
                  0.11    0.00    6.40 v _14179_/A (sky130_fd_sc_hd__nand2_1)
     2    0.01    0.08    0.11    6.51 ^ _14179_/Y (sky130_fd_sc_hd__nand2_1)
                                         _10277_ (net)
                  0.08    0.00    6.51 ^ place4532/A (sky130_fd_sc_hd__buf_4)
     1    0.01    0.03    0.11    6.62 ^ place4532/X (sky130_fd_sc_hd__buf_4)
                                         net4531 (net)
                  0.03    0.00    6.62 ^ _14291_/B (sky130_fd_sc_hd__nand2b_1)
     1    0.01    0.06    0.06    6.68 v _14291_/Y (sky130_fd_sc_hd__nand2b_1)
                                         _10387_ (net)
                  0.06    0.00    6.68 v _14292_/A1 (sky130_fd_sc_hd__a21oi_2)
     1    0.01    0.15    0.17    6.85 ^ _14292_/Y (sky130_fd_sc_hd__a21oi_2)
                                         _10388_ (net)
                  0.15    0.00    6.85 ^ _14293_/A (sky130_fd_sc_hd__xnor2_2)
     1    0.01    0.07    0.10    6.96 v _14293_/Y (sky130_fd_sc_hd__xnor2_2)
                                         _10389_ (net)
                  0.07    0.00    6.96 v _14294_/A1 (sky130_fd_sc_hd__mux2i_4)
     2    0.03    0.27    0.25    7.21 ^ _14294_/Y (sky130_fd_sc_hd__mux2i_4)
                                         _10390_ (net)
                  0.27    0.00    7.21 ^ _14297_/A (sky130_fd_sc_hd__inv_2)
     1    0.02    0.08    0.10    7.31 v _14297_/Y (sky130_fd_sc_hd__inv_2)
                                         _00196_ (net)
                  0.08    0.00    7.31 v _25308_/CIN (sky130_fd_sc_hd__fa_1)
     1    0.01    0.11    0.53    7.84 ^ _25308_/SUM (sky130_fd_sc_hd__fa_1)
                                         _12769_ (net)
                  0.11    0.00    7.84 ^ _25280_/CIN (sky130_fd_sc_hd__fa_2)
     1    0.01    0.09    0.46    8.31 v _25280_/SUM (sky130_fd_sc_hd__fa_2)
                                         _12694_ (net)
                  0.09    0.00    8.31 v _25251_/B (sky130_fd_sc_hd__fa_1)
     1    0.01    0.12    0.52    8.83 v _25251_/SUM (sky130_fd_sc_hd__fa_1)
                                         _12697_ (net)
                  0.12    0.00    8.83 v _25527_/A (sky130_fd_sc_hd__ha_4)
     3    0.01    0.04    0.30    9.12 ^ _25527_/SUM (sky130_fd_sc_hd__ha_4)
                                         _00627_ (net)
                  0.04    0.00    9.12 ^ _15340_/B1 (sky130_fd_sc_hd__o21ai_1)
     1    0.00    0.05    0.06    9.18 v _15340_/Y (sky130_fd_sc_hd__o21ai_1)
                                         _11384_ (net)
                  0.05    0.00    9.18 v _15341_/B (sky130_fd_sc_hd__nand2b_1)
     1    0.00    0.06    0.08    9.26 ^ _15341_/Y (sky130_fd_sc_hd__nand2b_1)
                                         _11385_ (net)
                  0.06    0.00    9.26 ^ _15342_/A2 (sky130_fd_sc_hd__a21oi_1)
     1    0.00    0.05    0.07    9.33 v _15342_/Y (sky130_fd_sc_hd__a21oi_1)
                                         _11386_ (net)
                  0.05    0.00    9.33 v _15343_/B1 (sky130_fd_sc_hd__a21oi_1)
     2    0.01    0.17    0.16    9.49 ^ _15343_/Y (sky130_fd_sc_hd__a21oi_1)
                                         _11387_ (net)
                  0.17    0.00    9.50 ^ _15352_/A (sky130_fd_sc_hd__and3_4)
     3    0.02    0.08    0.24    9.73 ^ _15352_/X (sky130_fd_sc_hd__and3_4)
                                         _11396_ (net)
                  0.08    0.00    9.73 ^ _15355_/A (sky130_fd_sc_hd__nand2_4)
     2    0.01    0.05    0.06    9.79 v _15355_/Y (sky130_fd_sc_hd__nand2_4)
                                         _11399_ (net)
                  0.05    0.00    9.79 v _16468_/A1 (sky130_fd_sc_hd__a21boi_4)
     2    0.03    0.26    0.25   10.04 ^ _16468_/Y (sky130_fd_sc_hd__a21boi_4)
                                         _12438_ (net)
                  0.26    0.00   10.05 ^ _16526_/A2 (sky130_fd_sc_hd__o21a_1)
     1    0.01    0.07    0.17   10.21 ^ _16526_/X (sky130_fd_sc_hd__o21a_1)
                                         _12486_ (net)
                  0.07    0.00   10.21 ^ _16527_/B (sky130_fd_sc_hd__nor2_2)
     1    0.01    0.05    0.05   10.26 v _16527_/Y (sky130_fd_sc_hd__nor2_2)
                                         _12487_ (net)
                  0.05    0.00   10.26 v _16528_/B (sky130_fd_sc_hd__xnor2_2)
     1    0.01    0.07    0.14   10.40 v _16528_/Y (sky130_fd_sc_hd__xnor2_2)
                                         _00025_ (net)
                  0.07    0.00   10.40 v place4261/A (sky130_fd_sc_hd__buf_4)
     2    0.01    0.03    0.15   10.55 v place4261/X (sky130_fd_sc_hd__buf_4)
                                         net4260 (net)
                  0.03    0.00   10.55 v _25205_/B (sky130_fd_sc_hd__fa_1)
     1    0.00    0.08    0.45   11.01 v _25205_/SUM (sky130_fd_sc_hd__fa_1)
                                         _12572_ (net)
                  0.08    0.00   11.01 v _25413_/B (sky130_fd_sc_hd__ha_1)
     2    0.01    0.06    0.30   11.31 v _25413_/SUM (sky130_fd_sc_hd__ha_1)
                                         _00409_ (net)
                  0.06    0.00   11.31 v _17789_/A2 (sky130_fd_sc_hd__a21o_1)
     2    0.01    0.05    0.20   11.51 v _17789_/X (sky130_fd_sc_hd__a21o_1)
                                         _04137_ (net)
                  0.05    0.00   11.51 v _17790_/A1 (sky130_fd_sc_hd__a21oi_2)
     2    0.01    0.16    0.18   11.69 ^ _17790_/Y (sky130_fd_sc_hd__a21oi_2)
                                         _04138_ (net)
                  0.16    0.00   11.69 ^ _17791_/B (sky130_fd_sc_hd__nor2_2)
     2    0.01    0.05    0.06   11.75 v _17791_/Y (sky130_fd_sc_hd__nor2_2)
                                         _04139_ (net)
                  0.05    0.00   11.75 v place4160/A (sky130_fd_sc_hd__buf_4)
     1    0.00    0.03    0.13   11.88 v place4160/X (sky130_fd_sc_hd__buf_4)
                                         net4159 (net)
                  0.03    0.00   11.88 v _17960_/D (sky130_fd_sc_hd__or4_4)
     2    0.01    0.10    0.44   12.31 v _17960_/X (sky130_fd_sc_hd__or4_4)
                                         _04308_ (net)
                  0.10    0.00   12.31 v _17962_/A2 (sky130_fd_sc_hd__o21a_1)
     2    0.01    0.06    0.21   12.53 v _17962_/X (sky130_fd_sc_hd__o21a_1)
                                         _04310_ (net)
                  0.06    0.00   12.53 v place4133/A (sky130_fd_sc_hd__buf_6)
     1    0.02    0.03    0.13   12.66 v place4133/X (sky130_fd_sc_hd__buf_6)
                                         net4132 (net)
                  0.03    0.00   12.66 v _17963_/A (sky130_fd_sc_hd__xnor2_4)
     4    0.03    0.24    0.24   12.90 ^ _17963_/Y (sky130_fd_sc_hd__xnor2_4)
                                         _04311_ (net)
                  0.24    0.00   12.90 ^ _17964_/B1 (sky130_fd_sc_hd__o21ai_2)
     2    0.01    0.07    0.10   13.00 v _17964_/Y (sky130_fd_sc_hd__o21ai_2)
                                         _04312_ (net)
                  0.07    0.00   13.00 v _17971_/A2 (sky130_fd_sc_hd__a21oi_1)
     1    0.01    0.17    0.20   13.19 ^ _17971_/Y (sky130_fd_sc_hd__a21oi_1)
                                         _04319_ (net)
                  0.17    0.00   13.19 ^ _17972_/A (sky130_fd_sc_hd__xnor2_1)
     1    0.01    0.16    0.15   13.34 ^ _17972_/Y (sky130_fd_sc_hd__xnor2_1)
                                         _04320_ (net)
                  0.16    0.00   13.34 ^ _17975_/A2 (sky130_fd_sc_hd__o21ai_1)
     1    0.00    0.11    0.09   13.43 v _17975_/Y (sky130_fd_sc_hd__o21ai_1)
                                         _00768_ (net)
                  0.11    0.00   13.43 v digest[254]$_DFFE_PN0P_/D (sky130_fd_sc_hd__dfrtp_1)
                                 13.43   data arrival time

                         12.00   12.00   clock core_clock (rise edge)
                          0.00   12.00   clock source latency
     1    0.14    0.00    0.00   12.00 ^ clk (in)
                                         clk (net)
                  0.01    0.01   12.01 ^ clkbuf_0_clk/A (sky130_fd_sc_hd__clkbuf_16)
     4    0.20    0.22    0.24   12.25 ^ clkbuf_0_clk/X (sky130_fd_sc_hd__clkbuf_16)
                                         clknet_0_clk (net)
                  0.22    0.01   12.25 ^ clkbuf_2_1_0_clk/A (sky130_fd_sc_hd__clkbuf_16)
     8    0.19    0.20    0.30   12.55 ^ clkbuf_2_1_0_clk/X (sky130_fd_sc_hd__clkbuf_16)
                                         clknet_2_1_0_clk (net)
                  0.20    0.00   12.56 ^ clkbuf_5_9__f_clk/A (sky130_fd_sc_hd__clkbuf_16)
     9    0.15    0.16    0.27   12.83 ^ clkbuf_5_9__f_clk/X (sky130_fd_sc_hd__clkbuf_16)
                                         clknet_5_9__leaf_clk (net)
                  0.16    0.00   12.83 ^ clkbuf_leaf_27_clk/A (sky130_fd_sc_hd__clkbuf_16)
    11    0.04    0.06    0.18   13.02 ^ clkbuf_leaf_27_clk/X (sky130_fd_sc_hd__clkbuf_16)
                                         clknet_leaf_27_clk (net)
                  0.06    0.00   13.02 ^ digest[254]$_DFFE_PN0P_/CLK (sky130_fd_sc_hd__dfrtp_1)
                          0.00   13.02   clock reconvergence pessimism
                         -0.14   12.88   library setup time
                                 12.88   data required time
-----------------------------------------------------------------------------
                                 12.88   data required time
                                -13.43   data arrival time
-----------------------------------------------------------------------------
                                 -0.55   slack (VIOLATED)


Startpoint: digest[4]$_DFFE_PN0P_
            (rising edge-triggered flip-flop clocked by core_clock)
Endpoint: digest[4] (output port clocked by vclk)
Path Group: vclk
Path Type: max

Fanout     Cap    Slew   Delay    Time   Description
-----------------------------------------------------------------------------
                          0.00    0.00   clock core_clock (rise edge)
                          0.00    0.00   clock source latency
     1    0.14    0.00    0.00    0.00 ^ clk (in)
                                         clk (net)
                  0.01    0.01    0.01 ^ clkbuf_0_clk/A (sky130_fd_sc_hd__clkbuf_16)
     4    0.20    0.22    0.24    0.25 ^ clkbuf_0_clk/X (sky130_fd_sc_hd__clkbuf_16)
                                         clknet_0_clk (net)
                  0.22    0.01    0.25 ^ clkbuf_2_1_0_clk/A (sky130_fd_sc_hd__clkbuf_16)
     8    0.19    0.20    0.30    0.55 ^ clkbuf_2_1_0_clk/X (sky130_fd_sc_hd__clkbuf_16)
                                         clknet_2_1_0_clk (net)
                  0.20    0.00    0.56 ^ clkbuf_5_13__f_clk/A (sky130_fd_sc_hd__clkbuf_16)
    11    0.15    0.17    0.27    0.83 ^ clkbuf_5_13__f_clk/X (sky130_fd_sc_hd__clkbuf_16)
                                         clknet_5_13__leaf_clk (net)
                  0.17    0.00    0.83 ^ clkbuf_leaf_66_clk/A (sky130_fd_sc_hd__clkbuf_16)
    11    0.04    0.06    0.18    1.02 ^ clkbuf_leaf_66_clk/X (sky130_fd_sc_hd__clkbuf_16)
                                         clknet_leaf_66_clk (net)
                  0.06    0.00    1.02 ^ digest[4]$_DFFE_PN0P_/CLK (sky130_fd_sc_hd__dfrtp_1)
     2    0.05    0.44    0.61    1.63 ^ digest[4]$_DFFE_PN0P_/Q (sky130_fd_sc_hd__dfrtp_1)
                                         net715 (net)
                  0.44    0.01    1.64 ^ output716/A (sky130_fd_sc_hd__clkdlybuf4s50_1)
     1    0.01    0.07    0.58    2.22 ^ output716/X (sky130_fd_sc_hd__clkdlybuf4s50_1)
                                         digest[4] (net)
                  0.07    0.00    2.22 ^ digest[4] (out)
                                  2.22   data arrival time

                  0.00   12.00   12.00   clock vclk (rise edge)
                          0.00   12.00   clock network delay (ideal)
                          0.00   12.00   clock reconvergence pessimism
                         -2.40    9.60   output external delay
                                  9.60   data required time
-----------------------------------------------------------------------------
                                  9.60   data required time
                                 -2.22   data arrival time
-----------------------------------------------------------------------------
                                  7.38   slack (MET)



==========================================================================
cts final report_checks -unconstrained
--------------------------------------------------------------------------
Startpoint: rst_n (input port clocked by vclk)
Endpoint: W[542]$_DFFE_PN0P_
          (recovery check against rising-edge clock core_clock)
Path Group: asynchronous
Path Type: max

Fanout     Cap    Slew   Delay    Time   Description
-----------------------------------------------------------------------------
                  0.00    0.00    0.00   clock vclk (rise edge)
                          0.00    0.00   clock network delay (ideal)
                          2.40    2.40 ^ input external delay
     1    0.02    0.00    0.00    2.40 ^ rst_n (in)
                                         rst_n (net)
                  0.00    0.00    2.40 ^ input514/A (sky130_fd_sc_hd__buf_16)
   124    0.78    0.79    0.54    2.94 ^ input514/X (sky130_fd_sc_hd__buf_16)
                                         net513 (net)
                  0.81    0.11    3.05 ^ place6145/A (sky130_fd_sc_hd__buf_4)
    34    0.18    0.47    0.56    3.61 ^ place6145/X (sky130_fd_sc_hd__buf_4)
                                         net6144 (net)
                  0.47    0.00    3.61 ^ place6144/A (sky130_fd_sc_hd__buf_4)
    29    0.17    0.46    0.50    4.11 ^ place6144/X (sky130_fd_sc_hd__buf_4)
                                         net6143 (net)
                  0.46    0.02    4.13 ^ place6143/A (sky130_fd_sc_hd__buf_12)
   159    0.84    0.94    0.69    4.82 ^ place6143/X (sky130_fd_sc_hd__buf_12)
                                         net6142 (net)
                  0.98    0.16    4.98 ^ W[542]$_DFFE_PN0P_/RESET_B (sky130_fd_sc_hd__dfrtp_1)
                                  4.98   data arrival time

                         12.00   12.00   clock core_clock (rise edge)
                          0.00   12.00   clock source latency
     1    0.14    0.00    0.00   12.00 ^ clk (in)
                                         clk (net)
                  0.01    0.01   12.01 ^ clkbuf_0_clk/A (sky130_fd_sc_hd__clkbuf_16)
     4    0.20    0.22    0.24   12.25 ^ clkbuf_0_clk/X (sky130_fd_sc_hd__clkbuf_16)
                                         clknet_0_clk (net)
                  0.22    0.01   12.25 ^ clkbuf_2_0_0_clk/A (sky130_fd_sc_hd__clkbuf_16)
     8    0.17    0.18    0.29   12.54 ^ clkbuf_2_0_0_clk/X (sky130_fd_sc_hd__clkbuf_16)
                                         clknet_2_0_0_clk (net)
                  0.18    0.00   12.55 ^ clkbuf_5_0__f_clk/A (sky130_fd_sc_hd__clkbuf_16)
     5    0.10    0.11    0.23   12.78 ^ clkbuf_5_0__f_clk/X (sky130_fd_sc_hd__clkbuf_16)
                                         clknet_5_0__leaf_clk (net)
                  0.11    0.00   12.78 ^ clkbuf_leaf_4_clk/A (sky130_fd_sc_hd__clkbuf_16)
    11    0.04    0.06    0.16   12.94 ^ clkbuf_leaf_4_clk/X (sky130_fd_sc_hd__clkbuf_16)
                                         clknet_leaf_4_clk (net)
                  0.06    0.00   12.94 ^ W[542]$_DFFE_PN0P_/CLK (sky130_fd_sc_hd__dfrtp_1)
                          0.00   12.94   clock reconvergence pessimism
                         -0.01   12.93   library recovery time
                                 12.93   data required time
-----------------------------------------------------------------------------
                                 12.93   data required time
                                 -4.98   data arrival time
-----------------------------------------------------------------------------
                                  7.95   slack (MET)


Startpoint: round[1]$_DFFE_PN0P_
            (rising edge-triggered flip-flop clocked by core_clock)
Endpoint: digest[254]$_DFFE_PN0P_
          (rising edge-triggered flip-flop clocked by core_clock)
Path Group: core_clock
Path Type: max

Fanout     Cap    Slew   Delay    Time   Description
-----------------------------------------------------------------------------
                          0.00    0.00   clock core_clock (rise edge)
                          0.00    0.00   clock source latency
     1    0.14    0.00    0.00    0.00 ^ clk (in)
                                         clk (net)
                  0.01    0.01    0.01 ^ clkbuf_0_clk/A (sky130_fd_sc_hd__clkbuf_16)
     4    0.20    0.22    0.24    0.25 ^ clkbuf_0_clk/X (sky130_fd_sc_hd__clkbuf_16)
                                         clknet_0_clk (net)
                  0.22    0.01    0.25 ^ clkbuf_2_2_0_clk/A (sky130_fd_sc_hd__clkbuf_16)
     8    0.19    0.20    0.30    0.55 ^ clkbuf_2_2_0_clk/X (sky130_fd_sc_hd__clkbuf_16)
                                         clknet_2_2_0_clk (net)
                  0.20    0.00    0.56 ^ clkbuf_5_19__f_clk/A (sky130_fd_sc_hd__clkbuf_16)
     9    0.14    0.15    0.26    0.82 ^ clkbuf_5_19__f_clk/X (sky130_fd_sc_hd__clkbuf_16)
                                         clknet_5_19__leaf_clk (net)
                  0.15    0.00    0.83 ^ clkbuf_leaf_157_clk/A (sky130_fd_sc_hd__clkbuf_16)
     9    0.06    0.08    0.19    1.02 ^ clkbuf_leaf_157_clk/X (sky130_fd_sc_hd__clkbuf_16)
                                         clknet_leaf_157_clk (net)
                  0.08    0.00    1.02 ^ round[1]$_DFFE_PN0P_/CLK (sky130_fd_sc_hd__dfrtp_4)
     4    0.03    0.11    0.46    1.49 ^ round[1]$_DFFE_PN0P_/Q (sky130_fd_sc_hd__dfrtp_4)
                                         round[1] (net)
                  0.11    0.00    1.49 ^ _12950_/A (sky130_fd_sc_hd__clkinv_4)
     2    0.01    0.04    0.07    1.55 v _12950_/Y (sky130_fd_sc_hd__clkinv_4)
                                         _09067_ (net)
                  0.04    0.00    1.55 v _25435_/A (sky130_fd_sc_hd__ha_4)
     5    0.04    0.13    0.33    1.88 ^ _25435_/SUM (sky130_fd_sc_hd__ha_4)
                                         _00451_ (net)
                  0.13    0.00    1.89 ^ rebuffer6209/A (sky130_fd_sc_hd__buf_6)
     2    0.03    0.06    0.14    2.03 ^ rebuffer6209/X (sky130_fd_sc_hd__buf_6)
                                         net6208 (net)
                  0.06    0.00    2.03 ^ place5053/A (sky130_fd_sc_hd__buf_16)
     7    0.10    0.12    0.16    2.19 ^ place5053/X (sky130_fd_sc_hd__buf_16)
                                         net5052 (net)
                  0.13    0.02    2.21 ^ _24798_/S1 (sky130_fd_sc_hd__mux4_2)
     1    0.00    0.08    0.31    2.51 v _24798_/X (sky130_fd_sc_hd__mux4_2)
                                         _08770_ (net)
                  0.08    0.00    2.51 v _24799_/A3 (sky130_fd_sc_hd__mux4_2)
     1    0.06    0.21    0.66    3.17 v _24799_/X (sky130_fd_sc_hd__mux4_2)
                                         _08771_ (net)
                  0.21    0.01    3.18 v _24800_/A3 (sky130_fd_sc_hd__mux4_2)
     3    0.04    0.18    0.67    3.85 v _24800_/X (sky130_fd_sc_hd__mux4_2)
                                         _08772_ (net)
                  0.18    0.01    3.86 v _24861_/A (sky130_fd_sc_hd__xnor2_2)
     1    0.01    0.08    0.21    4.06 v _24861_/Y (sky130_fd_sc_hd__xnor2_2)
                                         _08824_ (net)
                  0.08    0.00    4.07 v _24862_/B (sky130_fd_sc_hd__xnor2_2)
     1    0.01    0.07    0.15    4.22 v _24862_/Y (sky130_fd_sc_hd__xnor2_2)
                                         _00265_ (net)
                  0.07    0.00    4.22 v _25338_/A (sky130_fd_sc_hd__fa_1)
     1    0.01    0.07    0.55    4.77 ^ _25338_/SUM (sky130_fd_sc_hd__fa_1)
                                         _12829_ (net)
                  0.07    0.00    4.77 ^ _25381_/CIN (sky130_fd_sc_hd__fa_1)
     2    0.01    0.09    0.43    5.20 v _25381_/SUM (sky130_fd_sc_hd__fa_1)
                                         _12869_ (net)
                  0.09    0.00    5.20 v _25482_/A (sky130_fd_sc_hd__ha_1)
     1    0.00    0.05    0.30    5.50 v _25482_/SUM (sky130_fd_sc_hd__ha_1)
                                         _00535_ (net)
                  0.05    0.00    5.50 v _13117_/A1 (sky130_fd_sc_hd__a21o_1)
     1    0.01    0.05    0.17    5.67 v _13117_/X (sky130_fd_sc_hd__a21o_1)
                                         _09233_ (net)
                  0.05    0.00    5.67 v _13118_/A1 (sky130_fd_sc_hd__a21oi_2)
     2    0.01    0.14    0.16    5.83 ^ _13118_/Y (sky130_fd_sc_hd__a21oi_2)
                                         _09234_ (net)
                  0.14    0.00    5.83 ^ _13119_/A1 (sky130_fd_sc_hd__o21bai_1)
     1    0.01    0.07    0.11    5.94 v _13119_/Y (sky130_fd_sc_hd__o21bai_1)
                                         _09235_ (net)
                  0.07    0.00    5.94 v _13120_/A1 (sky130_fd_sc_hd__a21oi_2)
     2    0.01    0.13    0.16    6.10 ^ _13120_/Y (sky130_fd_sc_hd__a21oi_2)
                                         _09236_ (net)
                  0.13    0.00    6.10 ^ _13121_/A2 (sky130_fd_sc_hd__o21bai_1)
     1    0.00    0.05    0.08    6.17 v _13121_/Y (sky130_fd_sc_hd__o21bai_1)
                                         _09237_ (net)
                  0.05    0.00    6.17 v _13122_/A1 (sky130_fd_sc_hd__a21o_1)
     3    0.02    0.11    0.22    6.40 v _13122_/X (sky130_fd_sc_hd__a21o_1)
                                         _09238_ (net)
                  0.11    0.00    6.40 v _14179_/A (sky130_fd_sc_hd__nand2_1)
     2    0.01    0.08    0.11    6.51 ^ _14179_/Y (sky130_fd_sc_hd__nand2_1)
                                         _10277_ (net)
                  0.08    0.00    6.51 ^ place4532/A (sky130_fd_sc_hd__buf_4)
     1    0.01    0.03    0.11    6.62 ^ place4532/X (sky130_fd_sc_hd__buf_4)
                                         net4531 (net)
                  0.03    0.00    6.62 ^ _14291_/B (sky130_fd_sc_hd__nand2b_1)
     1    0.01    0.06    0.06    6.68 v _14291_/Y (sky130_fd_sc_hd__nand2b_1)
                                         _10387_ (net)
                  0.06    0.00    6.68 v _14292_/A1 (sky130_fd_sc_hd__a21oi_2)
     1    0.01    0.15    0.17    6.85 ^ _14292_/Y (sky130_fd_sc_hd__a21oi_2)
                                         _10388_ (net)
                  0.15    0.00    6.85 ^ _14293_/A (sky130_fd_sc_hd__xnor2_2)
     1    0.01    0.07    0.10    6.96 v _14293_/Y (sky130_fd_sc_hd__xnor2_2)
                                         _10389_ (net)
                  0.07    0.00    6.96 v _14294_/A1 (sky130_fd_sc_hd__mux2i_4)
     2    0.03    0.27    0.25    7.21 ^ _14294_/Y (sky130_fd_sc_hd__mux2i_4)
                                         _10390_ (net)
                  0.27    0.00    7.21 ^ _14297_/A (sky130_fd_sc_hd__inv_2)
     1    0.02    0.08    0.10    7.31 v _14297_/Y (sky130_fd_sc_hd__inv_2)
                                         _00196_ (net)
                  0.08    0.00    7.31 v _25308_/CIN (sky130_fd_sc_hd__fa_1)
     1    0.01    0.11    0.53    7.84 ^ _25308_/SUM (sky130_fd_sc_hd__fa_1)
                                         _12769_ (net)
                  0.11    0.00    7.84 ^ _25280_/CIN (sky130_fd_sc_hd__fa_2)
     1    0.01    0.09    0.46    8.31 v _25280_/SUM (sky130_fd_sc_hd__fa_2)
                                         _12694_ (net)
                  0.09    0.00    8.31 v _25251_/B (sky130_fd_sc_hd__fa_1)
     1    0.01    0.12    0.52    8.83 v _25251_/SUM (sky130_fd_sc_hd__fa_1)
                                         _12697_ (net)
                  0.12    0.00    8.83 v _25527_/A (sky130_fd_sc_hd__ha_4)
     3    0.01    0.04    0.30    9.12 ^ _25527_/SUM (sky130_fd_sc_hd__ha_4)
                                         _00627_ (net)
                  0.04    0.00    9.12 ^ _15340_/B1 (sky130_fd_sc_hd__o21ai_1)
     1    0.00    0.05    0.06    9.18 v _15340_/Y (sky130_fd_sc_hd__o21ai_1)
                                         _11384_ (net)
                  0.05    0.00    9.18 v _15341_/B (sky130_fd_sc_hd__nand2b_1)
     1    0.00    0.06    0.08    9.26 ^ _15341_/Y (sky130_fd_sc_hd__nand2b_1)
                                         _11385_ (net)
                  0.06    0.00    9.26 ^ _15342_/A2 (sky130_fd_sc_hd__a21oi_1)
     1    0.00    0.05    0.07    9.33 v _15342_/Y (sky130_fd_sc_hd__a21oi_1)
                                         _11386_ (net)
                  0.05    0.00    9.33 v _15343_/B1 (sky130_fd_sc_hd__a21oi_1)
     2    0.01    0.17    0.16    9.49 ^ _15343_/Y (sky130_fd_sc_hd__a21oi_1)
                                         _11387_ (net)
                  0.17    0.00    9.50 ^ _15352_/A (sky130_fd_sc_hd__and3_4)
     3    0.02    0.08    0.24    9.73 ^ _15352_/X (sky130_fd_sc_hd__and3_4)
                                         _11396_ (net)
                  0.08    0.00    9.73 ^ _15355_/A (sky130_fd_sc_hd__nand2_4)
     2    0.01    0.05    0.06    9.79 v _15355_/Y (sky130_fd_sc_hd__nand2_4)
                                         _11399_ (net)
                  0.05    0.00    9.79 v _16468_/A1 (sky130_fd_sc_hd__a21boi_4)
     2    0.03    0.26    0.25   10.04 ^ _16468_/Y (sky130_fd_sc_hd__a21boi_4)
                                         _12438_ (net)
                  0.26    0.00   10.05 ^ _16526_/A2 (sky130_fd_sc_hd__o21a_1)
     1    0.01    0.07    0.17   10.21 ^ _16526_/X (sky130_fd_sc_hd__o21a_1)
                                         _12486_ (net)
                  0.07    0.00   10.21 ^ _16527_/B (sky130_fd_sc_hd__nor2_2)
     1    0.01    0.05    0.05   10.26 v _16527_/Y (sky130_fd_sc_hd__nor2_2)
                                         _12487_ (net)
                  0.05    0.00   10.26 v _16528_/B (sky130_fd_sc_hd__xnor2_2)
     1    0.01    0.07    0.14   10.40 v _16528_/Y (sky130_fd_sc_hd__xnor2_2)
                                         _00025_ (net)
                  0.07    0.00   10.40 v place4261/A (sky130_fd_sc_hd__buf_4)
     2    0.01    0.03    0.15   10.55 v place4261/X (sky130_fd_sc_hd__buf_4)
                                         net4260 (net)
                  0.03    0.00   10.55 v _25205_/B (sky130_fd_sc_hd__fa_1)
     1    0.00    0.08    0.45   11.01 v _25205_/SUM (sky130_fd_sc_hd__fa_1)
                                         _12572_ (net)
                  0.08    0.00   11.01 v _25413_/B (sky130_fd_sc_hd__ha_1)
     2    0.01    0.06    0.30   11.31 v _25413_/SUM (sky130_fd_sc_hd__ha_1)
                                         _00409_ (net)
                  0.06    0.00   11.31 v _17789_/A2 (sky130_fd_sc_hd__a21o_1)
     2    0.01    0.05    0.20   11.51 v _17789_/X (sky130_fd_sc_hd__a21o_1)
                                         _04137_ (net)
                  0.05    0.00   11.51 v _17790_/A1 (sky130_fd_sc_hd__a21oi_2)
     2    0.01    0.16    0.18   11.69 ^ _17790_/Y (sky130_fd_sc_hd__a21oi_2)
                                         _04138_ (net)
                  0.16    0.00   11.69 ^ _17791_/B (sky130_fd_sc_hd__nor2_2)
     2    0.01    0.05    0.06   11.75 v _17791_/Y (sky130_fd_sc_hd__nor2_2)
                                         _04139_ (net)
                  0.05    0.00   11.75 v place4160/A (sky130_fd_sc_hd__buf_4)
     1    0.00    0.03    0.13   11.88 v place4160/X (sky130_fd_sc_hd__buf_4)
                                         net4159 (net)
                  0.03    0.00   11.88 v _17960_/D (sky130_fd_sc_hd__or4_4)
     2    0.01    0.10    0.44   12.31 v _17960_/X (sky130_fd_sc_hd__or4_4)
                                         _04308_ (net)
                  0.10    0.00   12.31 v _17962_/A2 (sky130_fd_sc_hd__o21a_1)
     2    0.01    0.06    0.21   12.53 v _17962_/X (sky130_fd_sc_hd__o21a_1)
                                         _04310_ (net)
                  0.06    0.00   12.53 v place4133/A (sky130_fd_sc_hd__buf_6)
     1    0.02    0.03    0.13   12.66 v place4133/X (sky130_fd_sc_hd__buf_6)
                                         net4132 (net)
                  0.03    0.00   12.66 v _17963_/A (sky130_fd_sc_hd__xnor2_4)
     4    0.03    0.24    0.24   12.90 ^ _17963_/Y (sky130_fd_sc_hd__xnor2_4)
                                         _04311_ (net)
                  0.24    0.00   12.90 ^ _17964_/B1 (sky130_fd_sc_hd__o21ai_2)
     2    0.01    0.07    0.10   13.00 v _17964_/Y (sky130_fd_sc_hd__o21ai_2)
                                         _04312_ (net)
                  0.07    0.00   13.00 v _17971_/A2 (sky130_fd_sc_hd__a21oi_1)
     1    0.01    0.17    0.20   13.19 ^ _17971_/Y (sky130_fd_sc_hd__a21oi_1)
                                         _04319_ (net)
                  0.17    0.00   13.19 ^ _17972_/A (sky130_fd_sc_hd__xnor2_1)
     1    0.01    0.16    0.15   13.34 ^ _17972_/Y (sky130_fd_sc_hd__xnor2_1)
                                         _04320_ (net)
                  0.16    0.00   13.34 ^ _17975_/A2 (sky130_fd_sc_hd__o21ai_1)
     1    0.00    0.11    0.09   13.43 v _17975_/Y (sky130_fd_sc_hd__o21ai_1)
                                         _00768_ (net)
                  0.11    0.00   13.43 v digest[254]$_DFFE_PN0P_/D (sky130_fd_sc_hd__dfrtp_1)
                                 13.43   data arrival time

                         12.00   12.00   clock core_clock (rise edge)
                          0.00   12.00   clock source latency
     1    0.14    0.00    0.00   12.00 ^ clk (in)
                                         clk (net)
                  0.01    0.01   12.01 ^ clkbuf_0_clk/A (sky130_fd_sc_hd__clkbuf_16)
     4    0.20    0.22    0.24   12.25 ^ clkbuf_0_clk/X (sky130_fd_sc_hd__clkbuf_16)
                                         clknet_0_clk (net)
                  0.22    0.01   12.25 ^ clkbuf_2_1_0_clk/A (sky130_fd_sc_hd__clkbuf_16)
     8    0.19    0.20    0.30   12.55 ^ clkbuf_2_1_0_clk/X (sky130_fd_sc_hd__clkbuf_16)
                                         clknet_2_1_0_clk (net)
                  0.20    0.00   12.56 ^ clkbuf_5_9__f_clk/A (sky130_fd_sc_hd__clkbuf_16)
     9    0.15    0.16    0.27   12.83 ^ clkbuf_5_9__f_clk/X (sky130_fd_sc_hd__clkbuf_16)
                                         clknet_5_9__leaf_clk (net)
                  0.16    0.00   12.83 ^ clkbuf_leaf_27_clk/A (sky130_fd_sc_hd__clkbuf_16)
    11    0.04    0.06    0.18   13.02 ^ clkbuf_leaf_27_clk/X (sky130_fd_sc_hd__clkbuf_16)
                                         clknet_leaf_27_clk (net)
                  0.06    0.00   13.02 ^ digest[254]$_DFFE_PN0P_/CLK (sky130_fd_sc_hd__dfrtp_1)
                          0.00   13.02   clock reconvergence pessimism
                         -0.14   12.88   library setup time
                                 12.88   data required time
-----------------------------------------------------------------------------
                                 12.88   data required time
                                -13.43   data arrival time
-----------------------------------------------------------------------------
                                 -0.55   slack (VIOLATED)


Startpoint: digest[4]$_DFFE_PN0P_
            (rising edge-triggered flip-flop clocked by core_clock)
Endpoint: digest[4] (output port clocked by vclk)
Path Group: vclk
Path Type: max

Fanout     Cap    Slew   Delay    Time   Description
-----------------------------------------------------------------------------
                          0.00    0.00   clock core_clock (rise edge)
                          0.00    0.00   clock source latency
     1    0.14    0.00    0.00    0.00 ^ clk (in)
                                         clk (net)
                  0.01    0.01    0.01 ^ clkbuf_0_clk/A (sky130_fd_sc_hd__clkbuf_16)
     4    0.20    0.22    0.24    0.25 ^ clkbuf_0_clk/X (sky130_fd_sc_hd__clkbuf_16)
                                         clknet_0_clk (net)
                  0.22    0.01    0.25 ^ clkbuf_2_1_0_clk/A (sky130_fd_sc_hd__clkbuf_16)
     8    0.19    0.20    0.30    0.55 ^ clkbuf_2_1_0_clk/X (sky130_fd_sc_hd__clkbuf_16)
                                         clknet_2_1_0_clk (net)
                  0.20    0.00    0.56 ^ clkbuf_5_13__f_clk/A (sky130_fd_sc_hd__clkbuf_16)
    11    0.15    0.17    0.27    0.83 ^ clkbuf_5_13__f_clk/X (sky130_fd_sc_hd__clkbuf_16)
                                         clknet_5_13__leaf_clk (net)
                  0.17    0.00    0.83 ^ clkbuf_leaf_66_clk/A (sky130_fd_sc_hd__clkbuf_16)
    11    0.04    0.06    0.18    1.02 ^ clkbuf_leaf_66_clk/X (sky130_fd_sc_hd__clkbuf_16)
                                         clknet_leaf_66_clk (net)
                  0.06    0.00    1.02 ^ digest[4]$_DFFE_PN0P_/CLK (sky130_fd_sc_hd__dfrtp_1)
     2    0.05    0.44    0.61    1.63 ^ digest[4]$_DFFE_PN0P_/Q (sky130_fd_sc_hd__dfrtp_1)
                                         net715 (net)
                  0.44    0.01    1.64 ^ output716/A (sky130_fd_sc_hd__clkdlybuf4s50_1)
     1    0.01    0.07    0.58    2.22 ^ output716/X (sky130_fd_sc_hd__clkdlybuf4s50_1)
                                         digest[4] (net)
                  0.07    0.00    2.22 ^ digest[4] (out)
                                  2.22   data arrival time

                  0.00   12.00   12.00   clock vclk (rise edge)
                          0.00   12.00   clock network delay (ideal)
                          0.00   12.00   clock reconvergence pessimism
                         -2.40    9.60   output external delay
                                  9.60   data required time
-----------------------------------------------------------------------------
                                  9.60   data required time
                                 -2.22   data arrival time
-----------------------------------------------------------------------------
                                  7.38   slack (MET)



==========================================================================
cts final report_check_types -max_slew -max_cap -max_fanout -violators
--------------------------------------------------------------------------

==========================================================================
cts final max_slew_check_slack
--------------------------------------------------------------------------
0.3281252086162567

==========================================================================
cts final max_slew_check_limit
--------------------------------------------------------------------------
1.4932399988174438

==========================================================================
cts final max_slew_check_slack_limit
--------------------------------------------------------------------------
0.2197

==========================================================================
cts final max_fanout_check_slack
--------------------------------------------------------------------------
1.0000000150474662e+30

==========================================================================
cts final max_fanout_check_limit
--------------------------------------------------------------------------
1.0000000150474662e+30

==========================================================================
cts final max_capacitance_check_slack
--------------------------------------------------------------------------
0.0088755888864398

==========================================================================
cts final max_capacitance_check_limit
--------------------------------------------------------------------------
0.021067000925540924

==========================================================================
cts final max_capacitance_check_slack_limit
--------------------------------------------------------------------------
0.4213

==========================================================================
cts final max_slew_violation_count
--------------------------------------------------------------------------
max slew violation count 0

==========================================================================
cts final max_fanout_violation_count
--------------------------------------------------------------------------
max fanout violation count 0

==========================================================================
cts final max_cap_violation_count
--------------------------------------------------------------------------
max cap violation count 0

==========================================================================
cts final setup_violation_count
--------------------------------------------------------------------------
setup violation count 35

==========================================================================
cts final hold_violation_count
--------------------------------------------------------------------------
hold violation count 0

==========================================================================
cts final report_checks -path_delay max reg to reg
--------------------------------------------------------------------------
Startpoint: round[1]$_DFFE_PN0P_
            (rising edge-triggered flip-flop clocked by core_clock)
Endpoint: digest[254]$_DFFE_PN0P_
          (rising edge-triggered flip-flop clocked by core_clock)
Path Group: core_clock
Path Type: max

  Delay    Time   Description
---------------------------------------------------------
   0.00    0.00   clock core_clock (rise edge)
   0.00    0.00   clock source latency
   0.00    0.00 ^ clk (in)
   0.25    0.25 ^ clkbuf_0_clk/X (sky130_fd_sc_hd__clkbuf_16)
   0.31    0.55 ^ clkbuf_2_2_0_clk/X (sky130_fd_sc_hd__clkbuf_16)
   0.27    0.82 ^ clkbuf_5_19__f_clk/X (sky130_fd_sc_hd__clkbuf_16)
   0.20    1.02 ^ clkbuf_leaf_157_clk/X (sky130_fd_sc_hd__clkbuf_16)
   0.00    1.02 ^ round[1]$_DFFE_PN0P_/CLK (sky130_fd_sc_hd__dfrtp_4)
   0.46    1.49 ^ round[1]$_DFFE_PN0P_/Q (sky130_fd_sc_hd__dfrtp_4)
   0.07    1.55 v _12950_/Y (sky130_fd_sc_hd__clkinv_4)
   0.33    1.88 ^ _25435_/SUM (sky130_fd_sc_hd__ha_4)
   0.14    2.03 ^ rebuffer6209/X (sky130_fd_sc_hd__buf_6)
   0.16    2.19 ^ place5053/X (sky130_fd_sc_hd__buf_16)
   0.33    2.51 v _24798_/X (sky130_fd_sc_hd__mux4_2)
   0.66    3.17 v _24799_/X (sky130_fd_sc_hd__mux4_2)
   0.68    3.85 v _24800_/X (sky130_fd_sc_hd__mux4_2)
   0.21    4.06 v _24861_/Y (sky130_fd_sc_hd__xnor2_2)
   0.15    4.22 v _24862_/Y (sky130_fd_sc_hd__xnor2_2)
   0.55    4.77 ^ _25338_/SUM (sky130_fd_sc_hd__fa_1)
   0.43    5.20 v _25381_/SUM (sky130_fd_sc_hd__fa_1)
   0.30    5.50 v _25482_/SUM (sky130_fd_sc_hd__ha_1)
   0.17    5.67 v _13117_/X (sky130_fd_sc_hd__a21o_1)
   0.16    5.83 ^ _13118_/Y (sky130_fd_sc_hd__a21oi_2)
   0.11    5.94 v _13119_/Y (sky130_fd_sc_hd__o21bai_1)
   0.16    6.10 ^ _13120_/Y (sky130_fd_sc_hd__a21oi_2)
   0.08    6.17 v _13121_/Y (sky130_fd_sc_hd__o21bai_1)
   0.22    6.40 v _13122_/X (sky130_fd_sc_hd__a21o_1)
   0.11    6.51 ^ _14179_/Y (sky130_fd_sc_hd__nand2_1)
   0.11    6.62 ^ place4532/X (sky130_fd_sc_hd__buf_4)
   0.06    6.68 v _14291_/Y (sky130_fd_sc_hd__nand2b_1)
   0.17    6.85 ^ _14292_/Y (sky130_fd_sc_hd__a21oi_2)
   0.10    6.96 v _14293_/Y (sky130_fd_sc_hd__xnor2_2)
   0.25    7.21 ^ _14294_/Y (sky130_fd_sc_hd__mux2i_4)
   0.10    7.31 v _14297_/Y (sky130_fd_sc_hd__inv_2)
   0.53    7.84 ^ _25308_/SUM (sky130_fd_sc_hd__fa_1)
   0.46    8.31 v _25280_/SUM (sky130_fd_sc_hd__fa_2)
   0.52    8.83 v _25251_/SUM (sky130_fd_sc_hd__fa_1)
   0.30    9.12 ^ _25527_/SUM (sky130_fd_sc_hd__ha_4)
   0.06    9.18 v _15340_/Y (sky130_fd_sc_hd__o21ai_1)
   0.08    9.26 ^ _15341_/Y (sky130_fd_sc_hd__nand2b_1)
   0.07    9.33 v _15342_/Y (sky130_fd_sc_hd__a21oi_1)
   0.16    9.49 ^ _15343_/Y (sky130_fd_sc_hd__a21oi_1)
   0.24    9.73 ^ _15352_/X (sky130_fd_sc_hd__and3_4)
   0.06    9.79 v _15355_/Y (sky130_fd_sc_hd__nand2_4)
   0.25   10.04 ^ _16468_/Y (sky130_fd_sc_hd__a21boi_4)
   0.17   10.21 ^ _16526_/X (sky130_fd_sc_hd__o21a_1)
   0.05   10.26 v _16527_/Y (sky130_fd_sc_hd__nor2_2)
   0.14   10.40 v _16528_/Y (sky130_fd_sc_hd__xnor2_2)
   0.15   10.55 v place4261/X (sky130_fd_sc_hd__buf_4)
   0.46   11.01 v _25205_/SUM (sky130_fd_sc_hd__fa_1)
   0.30   11.31 v _25413_/SUM (sky130_fd_sc_hd__ha_1)
   0.20   11.51 v _17789_/X (sky130_fd_sc_hd__a21o_1)
   0.18   11.69 ^ _17790_/Y (sky130_fd_sc_hd__a21oi_2)
   0.06   11.75 v _17791_/Y (sky130_fd_sc_hd__nor2_2)
   0.13   11.88 v place4160/X (sky130_fd_sc_hd__buf_4)
   0.44   12.31 v _17960_/X (sky130_fd_sc_hd__or4_4)
   0.21   12.53 v _17962_/X (sky130_fd_sc_hd__o21a_1)
   0.13   12.66 v place4133/X (sky130_fd_sc_hd__buf_6)
   0.24   12.90 ^ _17963_/Y (sky130_fd_sc_hd__xnor2_4)
   0.10   13.00 v _17964_/Y (sky130_fd_sc_hd__o21ai_2)
   0.20   13.19 ^ _17971_/Y (sky130_fd_sc_hd__a21oi_1)
   0.15   13.34 ^ _17972_/Y (sky130_fd_sc_hd__xnor2_1)
   0.09   13.43 v _17975_/Y (sky130_fd_sc_hd__o21ai_1)
   0.00   13.43 v digest[254]$_DFFE_PN0P_/D (sky130_fd_sc_hd__dfrtp_1)
          13.43   data arrival time

  12.00   12.00   clock core_clock (rise edge)
   0.00   12.00   clock source latency
   0.00   12.00 ^ clk (in)
   0.25   12.25 ^ clkbuf_0_clk/X (sky130_fd_sc_hd__clkbuf_16)
   0.31   12.55 ^ clkbuf_2_1_0_clk/X (sky130_fd_sc_hd__clkbuf_16)
   0.28   12.83 ^ clkbuf_5_9__f_clk/X (sky130_fd_sc_hd__clkbuf_16)
   0.19   13.02 ^ clkbuf_leaf_27_clk/X (sky130_fd_sc_hd__clkbuf_16)
   0.00   13.02 ^ digest[254]$_DFFE_PN0P_/CLK (sky130_fd_sc_hd__dfrtp_1)
   0.00   13.02   clock reconvergence pessimism
  -0.14   12.88   library setup time
          12.88   data required time
---------------------------------------------------------
          12.88   data required time
         -13.43   data arrival time
---------------------------------------------------------
          -0.55   slack (VIOLATED)



==========================================================================
cts final report_checks -path_delay min reg to reg
--------------------------------------------------------------------------
Startpoint: digest[138]$_DFFE_PN0P_
            (rising edge-triggered flip-flop clocked by core_clock)
Endpoint: digest[138]$_DFFE_PN0P_
          (rising edge-triggered flip-flop clocked by core_clock)
Path Group: core_clock
Path Type: min

  Delay    Time   Description
---------------------------------------------------------
   0.00    0.00   clock core_clock (rise edge)
   0.00    0.00   clock source latency
   0.00    0.00 ^ clk (in)
   0.25    0.25 ^ clkbuf_0_clk/X (sky130_fd_sc_hd__clkbuf_16)
   0.31    0.55 ^ clkbuf_2_1_0_clk/X (sky130_fd_sc_hd__clkbuf_16)
   0.27    0.83 ^ clkbuf_5_11__f_clk/X (sky130_fd_sc_hd__clkbuf_16)
   0.18    1.01 ^ clkbuf_leaf_45_clk/X (sky130_fd_sc_hd__clkbuf_16)
   0.00    1.01 ^ digest[138]$_DFFE_PN0P_/CLK (sky130_fd_sc_hd__dfrtp_1)
   0.34    1.35 ^ digest[138]$_DFFE_PN0P_/Q (sky130_fd_sc_hd__dfrtp_1)
   0.04    1.39 v _18521_/Y (sky130_fd_sc_hd__nand2_1)
   0.06    1.45 ^ _18522_/Y (sky130_fd_sc_hd__o21ai_0)
   0.00    1.45 ^ digest[138]$_DFFE_PN0P_/D (sky130_fd_sc_hd__dfrtp_1)
           1.45   data arrival time

   0.00    0.00   clock core_clock (rise edge)
   0.00    0.00   clock source latency
   0.00    0.00 ^ clk (in)
   0.25    0.25 ^ clkbuf_0_clk/X (sky130_fd_sc_hd__clkbuf_16)
   0.31    0.55 ^ clkbuf_2_1_0_clk/X (sky130_fd_sc_hd__clkbuf_16)
   0.27    0.83 ^ clkbuf_5_11__f_clk/X (sky130_fd_sc_hd__clkbuf_16)
   0.18    1.01 ^ clkbuf_leaf_45_clk/X (sky130_fd_sc_hd__clkbuf_16)
   0.00    1.01 ^ digest[138]$_DFFE_PN0P_/CLK (sky130_fd_sc_hd__dfrtp_1)
   0.00    1.01   clock reconvergence pessimism
  -0.04    0.97   library hold time
           0.97   data required time
---------------------------------------------------------
           0.97   data required time
          -1.45   data arrival time
---------------------------------------------------------
           0.48   slack (MET)



==========================================================================
cts final critical path target clock latency max path
--------------------------------------------------------------------------
0.9443

==========================================================================
cts final critical path target clock latency min path
--------------------------------------------------------------------------
1.0042

==========================================================================
cts final critical path source clock latency min path
--------------------------------------------------------------------------
0.0000

==========================================================================
cts final critical path delay
--------------------------------------------------------------------------
13.4309

==========================================================================
cts final critical path slack
--------------------------------------------------------------------------
-0.5520

==========================================================================
cts final slack div critical path delay
--------------------------------------------------------------------------
-4.109926

==========================================================================
cts final report_power
--------------------------------------------------------------------------
Group                  Internal  Switching    Leakage      Total
                          Power      Power      Power      Power (Watts)
----------------------------------------------------------------
Sequential             1.32e-02   3.45e-03   3.40e-08   1.66e-02   2.8%
Combinational          2.76e-01   2.97e-01   4.83e-08   5.72e-01  95.6%
Clock                  5.53e-03   4.14e-03   4.89e-09   9.67e-03   1.6%
Macro                  0.00e+00   0.00e+00   0.00e+00   0.00e+00   0.0%
Pad                    0.00e+00   0.00e+00   0.00e+00   0.00e+00   0.0%
----------------------------------------------------------------
Total                  2.95e-01   3.04e-01   8.72e-08   5.99e-01 100.0%
                          49.2%      50.8%       0.0%
