
==========================================================================
global place report_tns
--------------------------------------------------------------------------
tns max -2.85

==========================================================================
global place report_wns
--------------------------------------------------------------------------
wns max -0.11

==========================================================================
global place report_worst_slack
--------------------------------------------------------------------------
worst slack max -0.11

==========================================================================
global place report_clock_min_period
--------------------------------------------------------------------------
core_clock period_min = 1.51 fmax = 662.12
vclk_core_clock period_min = 0.00 fmax = inf

==========================================================================
global place report_checks -path_delay min
--------------------------------------------------------------------------
Startpoint: ctrl.state.out[0]$_DFF_P_
            (rising edge-triggered flip-flop clocked by core_clock)
Endpoint: dpath.a_reg.out[8]$_DFFE_PP_
          (rising edge-triggered flip-flop clocked by core_clock)
Path Group: core_clock
Path Type: min

Fanout     Cap    Slew   Delay    Time   Description
-----------------------------------------------------------------------------
                  0.00    0.00    0.00   clock core_clock (rise edge)
                          0.23    0.23   clock network delay (ideal)
                  0.00    0.00    0.23 ^ ctrl.state.out[0]$_DFF_P_/CLK (sky130_fd_sc_hs__dfxtp_1)
     3    0.01    0.10    0.22    0.45 ^ ctrl.state.out[0]$_DFF_P_/Q (sky130_fd_sc_hs__dfxtp_1)
                                         net36 (net)
                  0.10    0.00    0.45 ^ _341_/A (sky130_fd_sc_hs__inv_2)
     4    0.02    0.05    0.06    0.52 v _341_/Y (sky130_fd_sc_hs__inv_2)
                                         _039_ (net)
                  0.05    0.00    0.52 v _641_/A (sky130_fd_sc_hs__nand2_1)
     3    0.01    0.09    0.09    0.60 ^ _641_/Y (sky130_fd_sc_hs__nand2_1)
                                         ctrl$a_reg_en[0] (net)
                  0.09    0.00    0.60 ^ dpath.a_reg.out[8]$_DFFE_PP_/DE (sky130_fd_sc_hs__edfxtp_1)
                                  0.60   data arrival time

                  0.00    0.00    0.00   clock core_clock (rise edge)
                          0.23    0.23   clock network delay (ideal)
                          0.00    0.23   clock reconvergence pessimism
                                  0.23 ^ dpath.a_reg.out[8]$_DFFE_PP_/CLK (sky130_fd_sc_hs__edfxtp_1)
                          0.14    0.37   library hold time
                                  0.37   data required time
-----------------------------------------------------------------------------
                                  0.37   data required time
                                 -0.60   data arrival time
-----------------------------------------------------------------------------
                                  0.23   slack (MET)


Startpoint: ctrl.state.out[2]$_DFF_P_
            (rising edge-triggered flip-flop clocked by core_clock)
Endpoint: resp_val (output port clocked by vclk_core_clock)
Path Group: vclk_core_clock
Path Type: min

Fanout     Cap    Slew   Delay    Time   Description
-----------------------------------------------------------------------------
                  0.00    0.00    0.00   clock core_clock (rise edge)
                          0.23    0.23   clock network delay (ideal)
                  0.00    0.00    0.23 ^ ctrl.state.out[2]$_DFF_P_/CLK (sky130_fd_sc_hs__dfxtp_1)
     2    0.01    0.06    0.18    0.42 ^ ctrl.state.out[2]$_DFF_P_/Q (sky130_fd_sc_hs__dfxtp_1)
                                         ctrl.state.out[2] (net)
                  0.06    0.00    0.42 ^ _627_/B (sky130_fd_sc_hs__nor3b_1)
     2    0.01    0.04    0.05    0.47 v _627_/Y (sky130_fd_sc_hs__nor3b_1)
                                         net53 (net)
                  0.04    0.00    0.47 v output53/A (sky130_fd_sc_hs__buf_1)
     1    0.00    0.01    0.06    0.53 v output53/X (sky130_fd_sc_hs__buf_1)
                                         resp_val (net)
                  0.01    0.00    0.53 v resp_val (out)
                                  0.53   data arrival time

                  0.00    0.00    0.00   clock vclk_core_clock (rise edge)
                          0.23    0.23   clock network delay (ideal)
                          0.00    0.23   clock reconvergence pessimism
                         -0.28   -0.05   output external delay
                                 -0.05   data required time
-----------------------------------------------------------------------------
                                 -0.05   data required time
                                 -0.53   data arrival time
-----------------------------------------------------------------------------
                                  0.58   slack (MET)



==========================================================================
global place report_checks -path_delay max
--------------------------------------------------------------------------
Startpoint: dpath.a_reg.out[6]$_DFFE_PP_
            (rising edge-triggered flip-flop clocked by core_clock)
Endpoint: dpath.b_reg.out[1]$_DFFE_PP_
          (rising edge-triggered flip-flop clocked by core_clock)
Path Group: core_clock
Path Type: max

Fanout     Cap    Slew   Delay    Time   Description
-----------------------------------------------------------------------------
                  0.00    0.00    0.00   clock core_clock (rise edge)
                          0.23    0.23   clock network delay (ideal)
                  0.00    0.00    0.23 ^ dpath.a_reg.out[6]$_DFFE_PP_/CLK (sky130_fd_sc_hs__edfxtp_1)
     3    0.01    0.08    0.21    0.44 v dpath.a_reg.out[6]$_DFFE_PP_/Q (sky130_fd_sc_hs__edfxtp_1)
                                         dpath.a_lt_b$in0[6] (net)
                  0.08    0.00    0.44 v _376_/A (sky130_fd_sc_hs__xnor2_2)
     2    0.01    0.16    0.17    0.61 ^ _376_/Y (sky130_fd_sc_hs__xnor2_2)
                                         _059_ (net)
                  0.16    0.00    0.61 ^ _438_/A (sky130_fd_sc_hs__nand2_2)
     3    0.01    0.06    0.07    0.69 v _438_/Y (sky130_fd_sc_hs__nand2_2)
                                         _120_ (net)
                  0.06    0.00    0.69 v _448_/B (sky130_fd_sc_hs__nor2_1)
     2    0.01    0.11    0.11    0.79 ^ _448_/Y (sky130_fd_sc_hs__nor2_1)
                                         _130_ (net)
                  0.11    0.00    0.79 ^ _449_/B (sky130_fd_sc_hs__nor2_2)
     2    0.01    0.05    0.06    0.86 v _449_/Y (sky130_fd_sc_hs__nor2_2)
                                         _131_ (net)
                  0.05    0.00    0.86 v _450_/B (sky130_fd_sc_hs__nand2_2)
     2    0.02    0.09    0.09    0.94 ^ _450_/Y (sky130_fd_sc_hs__nand2_2)
                                         _132_ (net)
                  0.09    0.00    0.95 ^ _458_/A (sky130_fd_sc_hs__nand2_8)
     2    0.02    0.04    0.05    0.99 v _458_/Y (sky130_fd_sc_hs__nand2_8)
                                         _140_ (net)
                  0.04    0.00    0.99 v _581_/A (sky130_fd_sc_hs__nand2_8)
     2    0.01    0.06    0.06    1.05 ^ _581_/Y (sky130_fd_sc_hs__nand2_8)
                                         _251_ (net)
                  0.06    0.00    1.05 ^ _640_/A2 (sky130_fd_sc_hs__o21ai_4)
    16    0.05    0.11    0.09    1.14 v _640_/Y (sky130_fd_sc_hs__o21ai_4)
                                         ctrl$b_reg_en[0] (net)
                  0.11    0.00    1.15 v dpath.b_reg.out[1]$_DFFE_PP_/DE (sky130_fd_sc_hs__edfxtp_1)
                                  1.15   data arrival time

                  0.00    1.40    1.40   clock core_clock (rise edge)
                          0.23    1.64   clock network delay (ideal)
                          0.00    1.64   clock reconvergence pessimism
                                  1.64 ^ dpath.b_reg.out[1]$_DFFE_PP_/CLK (sky130_fd_sc_hs__edfxtp_1)
                         -0.60    1.04   library setup time
                                  1.04   data required time
-----------------------------------------------------------------------------
                                  1.04   data required time
                                 -1.15   data arrival time
-----------------------------------------------------------------------------
                                 -0.11   slack (VIOLATED)


Startpoint: dpath.b_reg.out[7]$_DFFE_PP_
            (rising edge-triggered flip-flop clocked by core_clock)
Endpoint: resp_msg[11] (output port clocked by vclk_core_clock)
Path Group: vclk_core_clock
Path Type: max

Fanout     Cap    Slew   Delay    Time   Description
-----------------------------------------------------------------------------
                  0.00    0.00    0.00   clock core_clock (rise edge)
                          0.23    0.23   clock network delay (ideal)
                  0.00    0.00    0.23 ^ dpath.b_reg.out[7]$_DFFE_PP_/CLK (sky130_fd_sc_hs__edfxtp_1)
     4    0.01    0.08    0.20    0.44 v dpath.b_reg.out[7]$_DFFE_PP_/Q (sky130_fd_sc_hs__edfxtp_1)
                                         dpath.a_lt_b$in1[7] (net)
                  0.08    0.00    0.44 v _399_/B (sky130_fd_sc_hs__xnor2_1)
     2    0.01    0.17    0.16    0.60 ^ _399_/Y (sky130_fd_sc_hs__xnor2_1)
                                         _082_ (net)
                  0.17    0.00    0.60 ^ place217/A (sky130_fd_sc_hs__bufbuf_8)
     1    0.00    0.02    0.19    0.79 ^ place217/X (sky130_fd_sc_hs__bufbuf_8)
                                         net217 (net)
                  0.02    0.00    0.79 ^ _400_/B (sky130_fd_sc_hs__nand2_1)
     2    0.01    0.06    0.06    0.85 v _400_/Y (sky130_fd_sc_hs__nand2_1)
                                         _083_ (net)
                  0.06    0.00    0.85 v _401_/B (sky130_fd_sc_hs__nor2_1)
     3    0.01    0.18    0.16    1.01 ^ _401_/Y (sky130_fd_sc_hs__nor2_1)
                                         _084_ (net)
                  0.18    0.00    1.01 ^ _545_/B1 (sky130_fd_sc_hs__o21ai_1)
     2    0.01    0.09    0.12    1.13 v _545_/Y (sky130_fd_sc_hs__o21ai_1)
                                         _221_ (net)
                  0.09    0.00    1.13 v _548_/B (sky130_fd_sc_hs__nand3_1)
     1    0.00    0.06    0.08    1.20 ^ _548_/Y (sky130_fd_sc_hs__nand3_1)
                                         _224_ (net)
                  0.06    0.00    1.20 ^ _550_/A (sky130_fd_sc_hs__nand2_1)
     1    0.00    0.03    0.04    1.24 v _550_/Y (sky130_fd_sc_hs__nand2_1)
                                         _226_ (net)
                  0.03    0.00    1.24 v _551_/B (sky130_fd_sc_hs__nand2_1)
     2    0.01    0.10    0.09    1.33 ^ _551_/Y (sky130_fd_sc_hs__nand2_1)
                                         net39 (net)
                  0.10    0.00    1.33 ^ output39/A (sky130_fd_sc_hs__buf_1)
     1    0.00    0.02    0.07    1.40 ^ output39/X (sky130_fd_sc_hs__buf_1)
                                         resp_msg[11] (net)
                  0.02    0.00    1.40 ^ resp_msg[11] (out)
                                  1.40   data arrival time

                  0.00    1.40    1.40   clock vclk_core_clock (rise edge)
                          0.23    1.64   clock network delay (ideal)
                          0.00    1.64   clock reconvergence pessimism
                         -0.28    1.36   output external delay
                                  1.36   data required time
-----------------------------------------------------------------------------
                                  1.36   data required time
                                 -1.40   data arrival time
-----------------------------------------------------------------------------
                                 -0.04   slack (VIOLATED)



==========================================================================
global place report_checks -unconstrained
--------------------------------------------------------------------------
Startpoint: dpath.a_reg.out[6]$_DFFE_PP_
            (rising edge-triggered flip-flop clocked by core_clock)
Endpoint: dpath.b_reg.out[1]$_DFFE_PP_
          (rising edge-triggered flip-flop clocked by core_clock)
Path Group: core_clock
Path Type: max

Fanout     Cap    Slew   Delay    Time   Description
-----------------------------------------------------------------------------
                  0.00    0.00    0.00   clock core_clock (rise edge)
                          0.23    0.23   clock network delay (ideal)
                  0.00    0.00    0.23 ^ dpath.a_reg.out[6]$_DFFE_PP_/CLK (sky130_fd_sc_hs__edfxtp_1)
     3    0.01    0.08    0.21    0.44 v dpath.a_reg.out[6]$_DFFE_PP_/Q (sky130_fd_sc_hs__edfxtp_1)
                                         dpath.a_lt_b$in0[6] (net)
                  0.08    0.00    0.44 v _376_/A (sky130_fd_sc_hs__xnor2_2)
     2    0.01    0.16    0.17    0.61 ^ _376_/Y (sky130_fd_sc_hs__xnor2_2)
                                         _059_ (net)
                  0.16    0.00    0.61 ^ _438_/A (sky130_fd_sc_hs__nand2_2)
     3    0.01    0.06    0.07    0.69 v _438_/Y (sky130_fd_sc_hs__nand2_2)
                                         _120_ (net)
                  0.06    0.00    0.69 v _448_/B (sky130_fd_sc_hs__nor2_1)
     2    0.01    0.11    0.11    0.79 ^ _448_/Y (sky130_fd_sc_hs__nor2_1)
                                         _130_ (net)
                  0.11    0.00    0.79 ^ _449_/B (sky130_fd_sc_hs__nor2_2)
     2    0.01    0.05    0.06    0.86 v _449_/Y (sky130_fd_sc_hs__nor2_2)
                                         _131_ (net)
                  0.05    0.00    0.86 v _450_/B (sky130_fd_sc_hs__nand2_2)
     2    0.02    0.09    0.09    0.94 ^ _450_/Y (sky130_fd_sc_hs__nand2_2)
                                         _132_ (net)
                  0.09    0.00    0.95 ^ _458_/A (sky130_fd_sc_hs__nand2_8)
     2    0.02    0.04    0.05    0.99 v _458_/Y (sky130_fd_sc_hs__nand2_8)
                                         _140_ (net)
                  0.04    0.00    0.99 v _581_/A (sky130_fd_sc_hs__nand2_8)
     2    0.01    0.06    0.06    1.05 ^ _581_/Y (sky130_fd_sc_hs__nand2_8)
                                         _251_ (net)
                  0.06    0.00    1.05 ^ _640_/A2 (sky130_fd_sc_hs__o21ai_4)
    16    0.05    0.11    0.09    1.14 v _640_/Y (sky130_fd_sc_hs__o21ai_4)
                                         ctrl$b_reg_en[0] (net)
                  0.11    0.00    1.15 v dpath.b_reg.out[1]$_DFFE_PP_/DE (sky130_fd_sc_hs__edfxtp_1)
                                  1.15   data arrival time

                  0.00    1.40    1.40   clock core_clock (rise edge)
                          0.23    1.64   clock network delay (ideal)
                          0.00    1.64   clock reconvergence pessimism
                                  1.64 ^ dpath.b_reg.out[1]$_DFFE_PP_/CLK (sky130_fd_sc_hs__edfxtp_1)
                         -0.60    1.04   library setup time
                                  1.04   data required time
-----------------------------------------------------------------------------
                                  1.04   data required time
                                 -1.15   data arrival time
-----------------------------------------------------------------------------
                                 -0.11   slack (VIOLATED)


Startpoint: dpath.b_reg.out[7]$_DFFE_PP_
            (rising edge-triggered flip-flop clocked by core_clock)
Endpoint: resp_msg[11] (output port clocked by vclk_core_clock)
Path Group: vclk_core_clock
Path Type: max

Fanout     Cap    Slew   Delay    Time   Description
-----------------------------------------------------------------------------
                  0.00    0.00    0.00   clock core_clock (rise edge)
                          0.23    0.23   clock network delay (ideal)
                  0.00    0.00    0.23 ^ dpath.b_reg.out[7]$_DFFE_PP_/CLK (sky130_fd_sc_hs__edfxtp_1)
     4    0.01    0.08    0.20    0.44 v dpath.b_reg.out[7]$_DFFE_PP_/Q (sky130_fd_sc_hs__edfxtp_1)
                                         dpath.a_lt_b$in1[7] (net)
                  0.08    0.00    0.44 v _399_/B (sky130_fd_sc_hs__xnor2_1)
     2    0.01    0.17    0.16    0.60 ^ _399_/Y (sky130_fd_sc_hs__xnor2_1)
                                         _082_ (net)
                  0.17    0.00    0.60 ^ place217/A (sky130_fd_sc_hs__bufbuf_8)
     1    0.00    0.02    0.19    0.79 ^ place217/X (sky130_fd_sc_hs__bufbuf_8)
                                         net217 (net)
                  0.02    0.00    0.79 ^ _400_/B (sky130_fd_sc_hs__nand2_1)
     2    0.01    0.06    0.06    0.85 v _400_/Y (sky130_fd_sc_hs__nand2_1)
                                         _083_ (net)
                  0.06    0.00    0.85 v _401_/B (sky130_fd_sc_hs__nor2_1)
     3    0.01    0.18    0.16    1.01 ^ _401_/Y (sky130_fd_sc_hs__nor2_1)
                                         _084_ (net)
                  0.18    0.00    1.01 ^ _545_/B1 (sky130_fd_sc_hs__o21ai_1)
     2    0.01    0.09    0.12    1.13 v _545_/Y (sky130_fd_sc_hs__o21ai_1)
                                         _221_ (net)
                  0.09    0.00    1.13 v _548_/B (sky130_fd_sc_hs__nand3_1)
     1    0.00    0.06    0.08    1.20 ^ _548_/Y (sky130_fd_sc_hs__nand3_1)
                                         _224_ (net)
                  0.06    0.00    1.20 ^ _550_/A (sky130_fd_sc_hs__nand2_1)
     1    0.00    0.03    0.04    1.24 v _550_/Y (sky130_fd_sc_hs__nand2_1)
                                         _226_ (net)
                  0.03    0.00    1.24 v _551_/B (sky130_fd_sc_hs__nand2_1)
     2    0.01    0.10    0.09    1.33 ^ _551_/Y (sky130_fd_sc_hs__nand2_1)
                                         net39 (net)
                  0.10    0.00    1.33 ^ output39/A (sky130_fd_sc_hs__buf_1)
     1    0.00    0.02    0.07    1.40 ^ output39/X (sky130_fd_sc_hs__buf_1)
                                         resp_msg[11] (net)
                  0.02    0.00    1.40 ^ resp_msg[11] (out)
                                  1.40   data arrival time

                  0.00    1.40    1.40   clock vclk_core_clock (rise edge)
                          0.23    1.64   clock network delay (ideal)
                          0.00    1.64   clock reconvergence pessimism
                         -0.28    1.36   output external delay
                                  1.36   data required time
-----------------------------------------------------------------------------
                                  1.36   data required time
                                 -1.40   data arrival time
-----------------------------------------------------------------------------
                                 -0.04   slack (VIOLATED)



==========================================================================
global place report_power
--------------------------------------------------------------------------
Group                  Internal  Switching    Leakage      Total
                          Power      Power      Power      Power (Watts)
----------------------------------------------------------------
Sequential             1.68e-03   1.21e-04   4.70e-08   1.80e-03  34.1%
Combinational          2.20e-03   1.29e-03   5.66e-08   3.49e-03  65.9%
Clock                  0.00e+00   0.00e+00   0.00e+00   0.00e+00   0.0%
Macro                  0.00e+00   0.00e+00   0.00e+00   0.00e+00   0.0%
Pad                    0.00e+00   0.00e+00   0.00e+00   0.00e+00   0.0%
----------------------------------------------------------------
Total                  3.88e-03   1.41e-03   1.04e-07   5.30e-03 100.0%
                          73.3%      26.7%       0.0%
