
==========================================================================
finish report_tns
--------------------------------------------------------------------------
tns max -9.66

==========================================================================
finish report_wns
--------------------------------------------------------------------------
wns max -0.30

==========================================================================
finish report_worst_slack
--------------------------------------------------------------------------
worst slack max -0.30

==========================================================================
finish report_clock_min_period
--------------------------------------------------------------------------
core_clock period_min = 1.70 fmax = 589.75
vclk_core_clock period_min = 0.00 fmax = inf

==========================================================================
finish report_clock_skew
--------------------------------------------------------------------------
Clock core_clock
   0.23 source latency dpath.a_reg.out[12]$_DFFE_PP_/CLK ^
  -0.24 target latency dpath.b_reg.out[7]$_DFFE_PP_/CLK ^
   0.00 CRPR
--------------
  -0.00 setup skew

Clock vclk_core_clock
No launch/capture paths found.


==========================================================================
finish report_checks -path_delay min
--------------------------------------------------------------------------
Startpoint: ctrl.state.out[2]$_DFF_P_
            (rising edge-triggered flip-flop clocked by core_clock)
Endpoint: dpath.a_reg.out[0]$_DFFE_PP_
          (rising edge-triggered flip-flop clocked by core_clock)
Path Group: core_clock
Path Type: min

Fanout     Cap    Slew   Delay    Time   Description
-----------------------------------------------------------------------------
                          0.00    0.00   clock core_clock (rise edge)
                          0.00    0.00   clock source latency
     1    0.01    0.00    0.00    0.00 ^ clk (in)
                                         clk (net)
                  0.00    0.00    0.00 ^ clkbuf_0_clk/A (sky130_fd_sc_hs__clkbuf_8)
     4    0.04    0.05    0.11    0.11 ^ clkbuf_0_clk/X (sky130_fd_sc_hs__clkbuf_8)
                                         clknet_0_clk (net)
                  0.05    0.00    0.11 ^ clkbuf_2_2__f_clk/A (sky130_fd_sc_hs__clkbuf_8)
    10    0.04    0.06    0.13    0.23 ^ clkbuf_2_2__f_clk/X (sky130_fd_sc_hs__clkbuf_8)
                                         clknet_2_2__leaf_clk (net)
                  0.06    0.00    0.23 ^ ctrl.state.out[2]$_DFF_P_/CLK (sky130_fd_sc_hs__dfxtp_1)
     2    0.01    0.08    0.22    0.46 ^ ctrl.state.out[2]$_DFF_P_/Q (sky130_fd_sc_hs__dfxtp_1)
                                         ctrl.state.out[2] (net)
                  0.08    0.00    0.46 ^ _476_/A (sky130_fd_sc_hs__inv_2)
     6    0.04    0.08    0.09    0.55 v _476_/Y (sky130_fd_sc_hs__inv_2)
                                         _158_ (net)
                  0.08    0.00    0.55 v _641_/B (sky130_fd_sc_hs__nand2_1)
     3    0.01    0.09    0.11    0.65 ^ _641_/Y (sky130_fd_sc_hs__nand2_1)
                                         ctrl$a_reg_en[0] (net)
                  0.09    0.00    0.66 ^ dpath.a_reg.out[0]$_DFFE_PP_/DE (sky130_fd_sc_hs__edfxtp_1)
                                  0.66   data arrival time

                          0.00    0.00   clock core_clock (rise edge)
                          0.00    0.00   clock source latency
     1    0.01    0.00    0.00    0.00 ^ clk (in)
                                         clk (net)
                  0.00    0.00    0.00 ^ clkbuf_0_clk/A (sky130_fd_sc_hs__clkbuf_8)
     4    0.04    0.05    0.11    0.11 ^ clkbuf_0_clk/X (sky130_fd_sc_hs__clkbuf_8)
                                         clknet_0_clk (net)
                  0.05    0.00    0.11 ^ clkbuf_2_0__f_clk/A (sky130_fd_sc_hs__clkbuf_8)
    10    0.04    0.06    0.13    0.23 ^ clkbuf_2_0__f_clk/X (sky130_fd_sc_hs__clkbuf_8)
                                         clknet_2_0__leaf_clk (net)
                  0.06    0.00    0.23 ^ dpath.a_reg.out[0]$_DFFE_PP_/CLK (sky130_fd_sc_hs__edfxtp_1)
                          0.00    0.23   clock reconvergence pessimism
                          0.25    0.49   library hold time
                                  0.49   data required time
-----------------------------------------------------------------------------
                                  0.49   data required time
                                 -0.66   data arrival time
-----------------------------------------------------------------------------
                                  0.17   slack (MET)


Startpoint: ctrl.state.out[2]$_DFF_P_
            (rising edge-triggered flip-flop clocked by core_clock)
Endpoint: resp_val (output port clocked by vclk_core_clock)
Path Group: vclk_core_clock
Path Type: min

Fanout     Cap    Slew   Delay    Time   Description
-----------------------------------------------------------------------------
                          0.00    0.00   clock core_clock (rise edge)
                          0.00    0.00   clock source latency
     1    0.01    0.00    0.00    0.00 ^ clk (in)
                                         clk (net)
                  0.00    0.00    0.00 ^ clkbuf_0_clk/A (sky130_fd_sc_hs__clkbuf_8)
     4    0.04    0.05    0.11    0.11 ^ clkbuf_0_clk/X (sky130_fd_sc_hs__clkbuf_8)
                                         clknet_0_clk (net)
                  0.05    0.00    0.11 ^ clkbuf_2_2__f_clk/A (sky130_fd_sc_hs__clkbuf_8)
    10    0.04    0.06    0.13    0.23 ^ clkbuf_2_2__f_clk/X (sky130_fd_sc_hs__clkbuf_8)
                                         clknet_2_2__leaf_clk (net)
                  0.06    0.00    0.23 ^ ctrl.state.out[2]$_DFF_P_/CLK (sky130_fd_sc_hs__dfxtp_1)
     2    0.01    0.08    0.22    0.46 ^ ctrl.state.out[2]$_DFF_P_/Q (sky130_fd_sc_hs__dfxtp_1)
                                         ctrl.state.out[2] (net)
                  0.08    0.00    0.46 ^ _627_/B (sky130_fd_sc_hs__nor3b_1)
     2    0.01    0.05    0.07    0.52 v _627_/Y (sky130_fd_sc_hs__nor3b_1)
                                         net53 (net)
                  0.05    0.00    0.53 v output53/A (sky130_fd_sc_hs__buf_1)
     1    0.00    0.01    0.06    0.59 v output53/X (sky130_fd_sc_hs__buf_1)
                                         resp_val (net)
                  0.01    0.00    0.59 v resp_val (out)
                                  0.59   data arrival time

                  0.00    0.00    0.00   clock vclk_core_clock (rise edge)
                          0.23    0.23   clock network delay (ideal)
                          0.00    0.23   clock reconvergence pessimism
                         -0.28   -0.05   output external delay
                                 -0.05   data required time
-----------------------------------------------------------------------------
                                 -0.05   data required time
                                 -0.59   data arrival time
-----------------------------------------------------------------------------
                                  0.63   slack (MET)



==========================================================================
finish report_checks -path_delay max
--------------------------------------------------------------------------
Startpoint: dpath.b_reg.out[3]$_DFFE_PP_
            (rising edge-triggered flip-flop clocked by core_clock)
Endpoint: dpath.a_reg.out[4]$_DFFE_PP_
          (rising edge-triggered flip-flop clocked by core_clock)
Path Group: core_clock
Path Type: max

Fanout     Cap    Slew   Delay    Time   Description
-----------------------------------------------------------------------------
                          0.00    0.00   clock core_clock (rise edge)
                          0.00    0.00   clock source latency
     1    0.01    0.00    0.00    0.00 ^ clk (in)
                                         clk (net)
                  0.00    0.00    0.00 ^ clkbuf_0_clk/A (sky130_fd_sc_hs__clkbuf_8)
     4    0.04    0.05    0.11    0.11 ^ clkbuf_0_clk/X (sky130_fd_sc_hs__clkbuf_8)
                                         clknet_0_clk (net)
                  0.05    0.00    0.11 ^ clkbuf_2_1__f_clk/A (sky130_fd_sc_hs__clkbuf_8)
    10    0.04    0.06    0.13    0.23 ^ clkbuf_2_1__f_clk/X (sky130_fd_sc_hs__clkbuf_8)
                                         clknet_2_1__leaf_clk (net)
                  0.06    0.00    0.23 ^ dpath.b_reg.out[3]$_DFFE_PP_/CLK (sky130_fd_sc_hs__edfxtp_1)
     3    0.02    0.12    0.25    0.48 ^ dpath.b_reg.out[3]$_DFFE_PP_/Q (sky130_fd_sc_hs__edfxtp_1)
                                         dpath.a_lt_b$in1[3] (net)
                  0.12    0.00    0.48 ^ _311_/A_N (sky130_fd_sc_hs__nand2b_2)
     3    0.01    0.08    0.13    0.61 ^ _311_/Y (sky130_fd_sc_hs__nand2b_2)
                                         _015_ (net)
                  0.08    0.00    0.61 ^ rebuffer286/A (sky130_fd_sc_hs__buf_2)
     1    0.01    0.03    0.08    0.69 ^ rebuffer286/X (sky130_fd_sc_hs__buf_2)
                                         net286 (net)
                  0.03    0.00    0.69 ^ _331_/B1_N (sky130_fd_sc_hs__a21boi_4)
     2    0.01    0.10    0.14    0.83 ^ _331_/Y (sky130_fd_sc_hs__a21boi_4)
                                         _034_ (net)
                  0.10    0.00    0.83 ^ _332_/A (sky130_fd_sc_hs__nand2_2)
     2    0.01    0.06    0.07    0.90 v _332_/Y (sky130_fd_sc_hs__nand2_2)
                                         _035_ (net)
                  0.06    0.00    0.90 v _441_/A (sky130_fd_sc_hs__nand2_2)
     2    0.01    0.06    0.06    0.96 ^ _441_/Y (sky130_fd_sc_hs__nand2_2)
                                         _123_ (net)
                  0.06    0.00    0.96 ^ _450_/A (sky130_fd_sc_hs__nand2_2)
     2    0.02    0.07    0.07    1.04 v _450_/Y (sky130_fd_sc_hs__nand2_2)
                                         _132_ (net)
                  0.07    0.00    1.04 v _458_/B (sky130_fd_sc_hs__nand2_8)
     2    0.02    0.08    0.09    1.13 ^ _458_/Y (sky130_fd_sc_hs__nand2_8)
                                         _140_ (net)
                  0.08    0.00    1.13 ^ _581_/A (sky130_fd_sc_hs__nand2_8)
     3    0.03    0.06    0.06    1.19 v _581_/Y (sky130_fd_sc_hs__nand2_8)
                                         _251_ (net)
                  0.06    0.00    1.19 v rebuffer426/A (sky130_fd_sc_hs__buf_4)
     1    0.01    0.03    0.10    1.29 v rebuffer426/X (sky130_fd_sc_hs__buf_4)
                                         net426 (net)
                  0.03    0.00    1.29 v rebuffer323/A (sky130_fd_sc_hs__buf_8)
     2    0.03    0.03    0.09    1.38 v rebuffer323/X (sky130_fd_sc_hs__buf_8)
                                         net323 (net)
                  0.03    0.00    1.38 v clone321/A (sky130_fd_sc_hs__buf_8)
     4    0.02    0.03    0.09    1.48 v clone321/X (sky130_fd_sc_hs__buf_8)
                                         net321 (net)
                  0.03    0.00    1.48 v _607_/A (sky130_fd_sc_hs__nand3_1)
     1    0.01    0.10    0.06    1.54 ^ _607_/Y (sky130_fd_sc_hs__nand3_1)
                                         _270_ (net)
                  0.10    0.00    1.54 ^ _610_/A (sky130_fd_sc_hs__nand3_1)
     1    0.01    0.06    0.07    1.61 v _610_/Y (sky130_fd_sc_hs__nand3_1)
                                         dpath.a_mux$out[4] (net)
                  0.06    0.00    1.61 v dpath.a_reg.out[4]$_DFFE_PP_/D (sky130_fd_sc_hs__edfxtp_1)
                                  1.61   data arrival time

                          1.40    1.40   clock core_clock (rise edge)
                          0.00    1.40   clock source latency
     1    0.01    0.00    0.00    1.40 ^ clk (in)
                                         clk (net)
                  0.00    0.00    1.40 ^ clkbuf_0_clk/A (sky130_fd_sc_hs__clkbuf_8)
     4    0.04    0.05    0.11    1.51 ^ clkbuf_0_clk/X (sky130_fd_sc_hs__clkbuf_8)
                                         clknet_0_clk (net)
                  0.05    0.00    1.51 ^ clkbuf_2_1__f_clk/A (sky130_fd_sc_hs__clkbuf_8)
    10    0.04    0.06    0.13    1.63 ^ clkbuf_2_1__f_clk/X (sky130_fd_sc_hs__clkbuf_8)
                                         clknet_2_1__leaf_clk (net)
                  0.06    0.00    1.63 ^ dpath.a_reg.out[4]$_DFFE_PP_/CLK (sky130_fd_sc_hs__edfxtp_1)
                          0.00    1.63   clock reconvergence pessimism
                         -0.32    1.32   library setup time
                                  1.32   data required time
-----------------------------------------------------------------------------
                                  1.32   data required time
                                 -1.61   data arrival time
-----------------------------------------------------------------------------
                                 -0.30   slack (VIOLATED)


Startpoint: dpath.b_reg.out[2]$_DFFE_PP_
            (rising edge-triggered flip-flop clocked by core_clock)
Endpoint: resp_msg[11] (output port clocked by vclk_core_clock)
Path Group: vclk_core_clock
Path Type: max

Fanout     Cap    Slew   Delay    Time   Description
-----------------------------------------------------------------------------
                          0.00    0.00   clock core_clock (rise edge)
                          0.00    0.00   clock source latency
     1    0.01    0.00    0.00    0.00 ^ clk (in)
                                         clk (net)
                  0.00    0.00    0.00 ^ clkbuf_0_clk/A (sky130_fd_sc_hs__clkbuf_8)
     4    0.04    0.05    0.11    0.11 ^ clkbuf_0_clk/X (sky130_fd_sc_hs__clkbuf_8)
                                         clknet_0_clk (net)
                  0.05    0.00    0.11 ^ clkbuf_2_0__f_clk/A (sky130_fd_sc_hs__clkbuf_8)
    10    0.04    0.06    0.13    0.23 ^ clkbuf_2_0__f_clk/X (sky130_fd_sc_hs__clkbuf_8)
                                         clknet_2_0__leaf_clk (net)
                  0.06    0.00    0.24 ^ dpath.b_reg.out[2]$_DFFE_PP_/CLK (sky130_fd_sc_hs__edfxtp_1)
     4    0.02    0.11    0.26    0.49 v dpath.b_reg.out[2]$_DFFE_PP_/Q (sky130_fd_sc_hs__edfxtp_1)
                                         dpath.a_lt_b$in1[2] (net)
                  0.11    0.00    0.49 v _301_/B (sky130_fd_sc_hs__nand2b_1)
     2    0.01    0.10    0.12    0.61 ^ _301_/Y (sky130_fd_sc_hs__nand2b_1)
                                         _005_ (net)
                  0.10    0.00    0.61 ^ place241/A (sky130_fd_sc_hs__clkbuf_2)
     2    0.01    0.07    0.12    0.74 ^ place241/X (sky130_fd_sc_hs__clkbuf_2)
                                         net241 (net)
                  0.07    0.00    0.74 ^ _302_/B (sky130_fd_sc_hs__and2_2)
     3    0.01    0.06    0.11    0.85 ^ _302_/X (sky130_fd_sc_hs__and2_2)
                                         _006_ (net)
                  0.06    0.00    0.85 ^ _306_/A (sky130_fd_sc_hs__nand3_1)
     1    0.01    0.08    0.07    0.92 v _306_/Y (sky130_fd_sc_hs__nand3_1)
                                         _010_ (net)
                  0.08    0.00    0.92 v _310_/A (sky130_fd_sc_hs__nand2_2)
     4    0.02    0.07    0.08    1.00 ^ _310_/Y (sky130_fd_sc_hs__nand2_2)
                                         _014_ (net)
                  0.07    0.00    1.00 ^ rebuffer427/A (sky130_fd_sc_hs__bufbuf_8)
     1    0.01    0.03    0.18    1.18 ^ rebuffer427/X (sky130_fd_sc_hs__bufbuf_8)
                                         net427 (net)
                  0.03    0.00    1.18 ^ _544_/B (sky130_fd_sc_hs__nand3_2)
     2    0.01    0.07    0.07    1.25 v _544_/Y (sky130_fd_sc_hs__nand3_2)
                                         _220_ (net)
                  0.07    0.00    1.25 v _548_/A (sky130_fd_sc_hs__nand3_1)
     1    0.00    0.06    0.06    1.31 ^ _548_/Y (sky130_fd_sc_hs__nand3_1)
                                         _224_ (net)
                  0.06    0.00    1.31 ^ _550_/A (sky130_fd_sc_hs__nand2_1)
     1    0.01    0.05    0.05    1.36 v _550_/Y (sky130_fd_sc_hs__nand2_1)
                                         _226_ (net)
                  0.05    0.00    1.36 v _551_/B (sky130_fd_sc_hs__nand2_2)
     2    0.02    0.08    0.08    1.44 ^ _551_/Y (sky130_fd_sc_hs__nand2_2)
                                         net39 (net)
                  0.08    0.00    1.44 ^ output39/A (sky130_fd_sc_hs__buf_1)
     1    0.00    0.02    0.06    1.51 ^ output39/X (sky130_fd_sc_hs__buf_1)
                                         resp_msg[11] (net)
                  0.02    0.00    1.51 ^ resp_msg[11] (out)
                                  1.51   data arrival time

                  0.00    1.40    1.40   clock vclk_core_clock (rise edge)
                          0.23    1.64   clock network delay (ideal)
                          0.00    1.64   clock reconvergence pessimism
                         -0.28    1.36   output external delay
                                  1.36   data required time
-----------------------------------------------------------------------------
                                  1.36   data required time
                                 -1.51   data arrival time
-----------------------------------------------------------------------------
                                 -0.15   slack (VIOLATED)



==========================================================================
finish report_checks -unconstrained
--------------------------------------------------------------------------
Startpoint: dpath.b_reg.out[3]$_DFFE_PP_
            (rising edge-triggered flip-flop clocked by core_clock)
Endpoint: dpath.a_reg.out[4]$_DFFE_PP_
          (rising edge-triggered flip-flop clocked by core_clock)
Path Group: core_clock
Path Type: max

Fanout     Cap    Slew   Delay    Time   Description
-----------------------------------------------------------------------------
                          0.00    0.00   clock core_clock (rise edge)
                          0.00    0.00   clock source latency
     1    0.01    0.00    0.00    0.00 ^ clk (in)
                                         clk (net)
                  0.00    0.00    0.00 ^ clkbuf_0_clk/A (sky130_fd_sc_hs__clkbuf_8)
     4    0.04    0.05    0.11    0.11 ^ clkbuf_0_clk/X (sky130_fd_sc_hs__clkbuf_8)
                                         clknet_0_clk (net)
                  0.05    0.00    0.11 ^ clkbuf_2_1__f_clk/A (sky130_fd_sc_hs__clkbuf_8)
    10    0.04    0.06    0.13    0.23 ^ clkbuf_2_1__f_clk/X (sky130_fd_sc_hs__clkbuf_8)
                                         clknet_2_1__leaf_clk (net)
                  0.06    0.00    0.23 ^ dpath.b_reg.out[3]$_DFFE_PP_/CLK (sky130_fd_sc_hs__edfxtp_1)
     3    0.02    0.12    0.25    0.48 ^ dpath.b_reg.out[3]$_DFFE_PP_/Q (sky130_fd_sc_hs__edfxtp_1)
                                         dpath.a_lt_b$in1[3] (net)
                  0.12    0.00    0.48 ^ _311_/A_N (sky130_fd_sc_hs__nand2b_2)
     3    0.01    0.08    0.13    0.61 ^ _311_/Y (sky130_fd_sc_hs__nand2b_2)
                                         _015_ (net)
                  0.08    0.00    0.61 ^ rebuffer286/A (sky130_fd_sc_hs__buf_2)
     1    0.01    0.03    0.08    0.69 ^ rebuffer286/X (sky130_fd_sc_hs__buf_2)
                                         net286 (net)
                  0.03    0.00    0.69 ^ _331_/B1_N (sky130_fd_sc_hs__a21boi_4)
     2    0.01    0.10    0.14    0.83 ^ _331_/Y (sky130_fd_sc_hs__a21boi_4)
                                         _034_ (net)
                  0.10    0.00    0.83 ^ _332_/A (sky130_fd_sc_hs__nand2_2)
     2    0.01    0.06    0.07    0.90 v _332_/Y (sky130_fd_sc_hs__nand2_2)
                                         _035_ (net)
                  0.06    0.00    0.90 v _441_/A (sky130_fd_sc_hs__nand2_2)
     2    0.01    0.06    0.06    0.96 ^ _441_/Y (sky130_fd_sc_hs__nand2_2)
                                         _123_ (net)
                  0.06    0.00    0.96 ^ _450_/A (sky130_fd_sc_hs__nand2_2)
     2    0.02    0.07    0.07    1.04 v _450_/Y (sky130_fd_sc_hs__nand2_2)
                                         _132_ (net)
                  0.07    0.00    1.04 v _458_/B (sky130_fd_sc_hs__nand2_8)
     2    0.02    0.08    0.09    1.13 ^ _458_/Y (sky130_fd_sc_hs__nand2_8)
                                         _140_ (net)
                  0.08    0.00    1.13 ^ _581_/A (sky130_fd_sc_hs__nand2_8)
     3    0.03    0.06    0.06    1.19 v _581_/Y (sky130_fd_sc_hs__nand2_8)
                                         _251_ (net)
                  0.06    0.00    1.19 v rebuffer426/A (sky130_fd_sc_hs__buf_4)
     1    0.01    0.03    0.10    1.29 v rebuffer426/X (sky130_fd_sc_hs__buf_4)
                                         net426 (net)
                  0.03    0.00    1.29 v rebuffer323/A (sky130_fd_sc_hs__buf_8)
     2    0.03    0.03    0.09    1.38 v rebuffer323/X (sky130_fd_sc_hs__buf_8)
                                         net323 (net)
                  0.03    0.00    1.38 v clone321/A (sky130_fd_sc_hs__buf_8)
     4    0.02    0.03    0.09    1.48 v clone321/X (sky130_fd_sc_hs__buf_8)
                                         net321 (net)
                  0.03    0.00    1.48 v _607_/A (sky130_fd_sc_hs__nand3_1)
     1    0.01    0.10    0.06    1.54 ^ _607_/Y (sky130_fd_sc_hs__nand3_1)
                                         _270_ (net)
                  0.10    0.00    1.54 ^ _610_/A (sky130_fd_sc_hs__nand3_1)
     1    0.01    0.06    0.07    1.61 v _610_/Y (sky130_fd_sc_hs__nand3_1)
                                         dpath.a_mux$out[4] (net)
                  0.06    0.00    1.61 v dpath.a_reg.out[4]$_DFFE_PP_/D (sky130_fd_sc_hs__edfxtp_1)
                                  1.61   data arrival time

                          1.40    1.40   clock core_clock (rise edge)
                          0.00    1.40   clock source latency
     1    0.01    0.00    0.00    1.40 ^ clk (in)
                                         clk (net)
                  0.00    0.00    1.40 ^ clkbuf_0_clk/A (sky130_fd_sc_hs__clkbuf_8)
     4    0.04    0.05    0.11    1.51 ^ clkbuf_0_clk/X (sky130_fd_sc_hs__clkbuf_8)
                                         clknet_0_clk (net)
                  0.05    0.00    1.51 ^ clkbuf_2_1__f_clk/A (sky130_fd_sc_hs__clkbuf_8)
    10    0.04    0.06    0.13    1.63 ^ clkbuf_2_1__f_clk/X (sky130_fd_sc_hs__clkbuf_8)
                                         clknet_2_1__leaf_clk (net)
                  0.06    0.00    1.63 ^ dpath.a_reg.out[4]$_DFFE_PP_/CLK (sky130_fd_sc_hs__edfxtp_1)
                          0.00    1.63   clock reconvergence pessimism
                         -0.32    1.32   library setup time
                                  1.32   data required time
-----------------------------------------------------------------------------
                                  1.32   data required time
                                 -1.61   data arrival time
-----------------------------------------------------------------------------
                                 -0.30   slack (VIOLATED)


Startpoint: dpath.b_reg.out[2]$_DFFE_PP_
            (rising edge-triggered flip-flop clocked by core_clock)
Endpoint: resp_msg[11] (output port clocked by vclk_core_clock)
Path Group: vclk_core_clock
Path Type: max

Fanout     Cap    Slew   Delay    Time   Description
-----------------------------------------------------------------------------
                          0.00    0.00   clock core_clock (rise edge)
                          0.00    0.00   clock source latency
     1    0.01    0.00    0.00    0.00 ^ clk (in)
                                         clk (net)
                  0.00    0.00    0.00 ^ clkbuf_0_clk/A (sky130_fd_sc_hs__clkbuf_8)
     4    0.04    0.05    0.11    0.11 ^ clkbuf_0_clk/X (sky130_fd_sc_hs__clkbuf_8)
                                         clknet_0_clk (net)
                  0.05    0.00    0.11 ^ clkbuf_2_0__f_clk/A (sky130_fd_sc_hs__clkbuf_8)
    10    0.04    0.06    0.13    0.23 ^ clkbuf_2_0__f_clk/X (sky130_fd_sc_hs__clkbuf_8)
                                         clknet_2_0__leaf_clk (net)
                  0.06    0.00    0.24 ^ dpath.b_reg.out[2]$_DFFE_PP_/CLK (sky130_fd_sc_hs__edfxtp_1)
     4    0.02    0.11    0.26    0.49 v dpath.b_reg.out[2]$_DFFE_PP_/Q (sky130_fd_sc_hs__edfxtp_1)
                                         dpath.a_lt_b$in1[2] (net)
                  0.11    0.00    0.49 v _301_/B (sky130_fd_sc_hs__nand2b_1)
     2    0.01    0.10    0.12    0.61 ^ _301_/Y (sky130_fd_sc_hs__nand2b_1)
                                         _005_ (net)
                  0.10    0.00    0.61 ^ place241/A (sky130_fd_sc_hs__clkbuf_2)
     2    0.01    0.07    0.12    0.74 ^ place241/X (sky130_fd_sc_hs__clkbuf_2)
                                         net241 (net)
                  0.07    0.00    0.74 ^ _302_/B (sky130_fd_sc_hs__and2_2)
     3    0.01    0.06    0.11    0.85 ^ _302_/X (sky130_fd_sc_hs__and2_2)
                                         _006_ (net)
                  0.06    0.00    0.85 ^ _306_/A (sky130_fd_sc_hs__nand3_1)
     1    0.01    0.08    0.07    0.92 v _306_/Y (sky130_fd_sc_hs__nand3_1)
                                         _010_ (net)
                  0.08    0.00    0.92 v _310_/A (sky130_fd_sc_hs__nand2_2)
     4    0.02    0.07    0.08    1.00 ^ _310_/Y (sky130_fd_sc_hs__nand2_2)
                                         _014_ (net)
                  0.07    0.00    1.00 ^ rebuffer427/A (sky130_fd_sc_hs__bufbuf_8)
     1    0.01    0.03    0.18    1.18 ^ rebuffer427/X (sky130_fd_sc_hs__bufbuf_8)
                                         net427 (net)
                  0.03    0.00    1.18 ^ _544_/B (sky130_fd_sc_hs__nand3_2)
     2    0.01    0.07    0.07    1.25 v _544_/Y (sky130_fd_sc_hs__nand3_2)
                                         _220_ (net)
                  0.07    0.00    1.25 v _548_/A (sky130_fd_sc_hs__nand3_1)
     1    0.00    0.06    0.06    1.31 ^ _548_/Y (sky130_fd_sc_hs__nand3_1)
                                         _224_ (net)
                  0.06    0.00    1.31 ^ _550_/A (sky130_fd_sc_hs__nand2_1)
     1    0.01    0.05    0.05    1.36 v _550_/Y (sky130_fd_sc_hs__nand2_1)
                                         _226_ (net)
                  0.05    0.00    1.36 v _551_/B (sky130_fd_sc_hs__nand2_2)
     2    0.02    0.08    0.08    1.44 ^ _551_/Y (sky130_fd_sc_hs__nand2_2)
                                         net39 (net)
                  0.08    0.00    1.44 ^ output39/A (sky130_fd_sc_hs__buf_1)
     1    0.00    0.02    0.06    1.51 ^ output39/X (sky130_fd_sc_hs__buf_1)
                                         resp_msg[11] (net)
                  0.02    0.00    1.51 ^ resp_msg[11] (out)
                                  1.51   data arrival time

                  0.00    1.40    1.40   clock vclk_core_clock (rise edge)
                          0.23    1.64   clock network delay (ideal)
                          0.00    1.64   clock reconvergence pessimism
                         -0.28    1.36   output external delay
                                  1.36   data required time
-----------------------------------------------------------------------------
                                  1.36   data required time
                                 -1.51   data arrival time
-----------------------------------------------------------------------------
                                 -0.15   slack (VIOLATED)



==========================================================================
finish report_check_types -max_slew -max_cap -max_fanout -violators
--------------------------------------------------------------------------

==========================================================================
finish max_slew_check_slack
--------------------------------------------------------------------------
0.4736727774143219

==========================================================================
finish max_slew_check_limit
--------------------------------------------------------------------------
1.0

==========================================================================
finish max_slew_check_slack_limit
--------------------------------------------------------------------------
0.4737

==========================================================================
finish max_fanout_check_slack
--------------------------------------------------------------------------
1.0000000150474662e+30

==========================================================================
finish max_fanout_check_limit
--------------------------------------------------------------------------
1.0000000150474662e+30

==========================================================================
finish max_capacitance_check_slack
--------------------------------------------------------------------------
0.02225923351943493

==========================================================================
finish max_capacitance_check_limit
--------------------------------------------------------------------------
0.034299999475479126

==========================================================================
finish max_capacitance_check_slack_limit
--------------------------------------------------------------------------
0.6490

==========================================================================
finish max_slew_violation_count
--------------------------------------------------------------------------
max slew violation count 0

==========================================================================
finish max_fanout_violation_count
--------------------------------------------------------------------------
max fanout violation count 0

==========================================================================
finish max_cap_violation_count
--------------------------------------------------------------------------
max cap violation count 0

==========================================================================
finish setup_violation_count
--------------------------------------------------------------------------
setup violation count 43

==========================================================================
finish hold_violation_count
--------------------------------------------------------------------------
hold violation count 0

==========================================================================
finish report_checks -path_delay max reg to reg
--------------------------------------------------------------------------
Startpoint: dpath.b_reg.out[3]$_DFFE_PP_
            (rising edge-triggered flip-flop clocked by core_clock)
Endpoint: dpath.a_reg.out[4]$_DFFE_PP_
          (rising edge-triggered flip-flop clocked by core_clock)
Path Group: core_clock
Path Type: max

  Delay    Time   Description
---------------------------------------------------------
   0.00    0.00   clock core_clock (rise edge)
   0.00    0.00   clock source latency
   0.00    0.00 ^ clk (in)
   0.11    0.11 ^ clkbuf_0_clk/X (sky130_fd_sc_hs__clkbuf_8)
   0.13    0.23 ^ clkbuf_2_1__f_clk/X (sky130_fd_sc_hs__clkbuf_8)
   0.00    0.23 ^ dpath.b_reg.out[3]$_DFFE_PP_/CLK (sky130_fd_sc_hs__edfxtp_1)
   0.25    0.48 ^ dpath.b_reg.out[3]$_DFFE_PP_/Q (sky130_fd_sc_hs__edfxtp_1)
   0.13    0.61 ^ _311_/Y (sky130_fd_sc_hs__nand2b_2)
   0.09    0.69 ^ rebuffer286/X (sky130_fd_sc_hs__buf_2)
   0.14    0.83 ^ _331_/Y (sky130_fd_sc_hs__a21boi_4)
   0.07    0.90 v _332_/Y (sky130_fd_sc_hs__nand2_2)
   0.06    0.96 ^ _441_/Y (sky130_fd_sc_hs__nand2_2)
   0.07    1.04 v _450_/Y (sky130_fd_sc_hs__nand2_2)
   0.10    1.13 ^ _458_/Y (sky130_fd_sc_hs__nand2_8)
   0.06    1.19 v _581_/Y (sky130_fd_sc_hs__nand2_8)
   0.10    1.29 v rebuffer426/X (sky130_fd_sc_hs__buf_4)
   0.09    1.38 v rebuffer323/X (sky130_fd_sc_hs__buf_8)
   0.09    1.48 v clone321/X (sky130_fd_sc_hs__buf_8)
   0.06    1.54 ^ _607_/Y (sky130_fd_sc_hs__nand3_1)
   0.07    1.61 v _610_/Y (sky130_fd_sc_hs__nand3_1)
   0.00    1.61 v dpath.a_reg.out[4]$_DFFE_PP_/D (sky130_fd_sc_hs__edfxtp_1)
           1.61   data arrival time

   1.40    1.40   clock core_clock (rise edge)
   0.00    1.40   clock source latency
   0.00    1.40 ^ clk (in)
   0.11    1.51 ^ clkbuf_0_clk/X (sky130_fd_sc_hs__clkbuf_8)
   0.13    1.63 ^ clkbuf_2_1__f_clk/X (sky130_fd_sc_hs__clkbuf_8)
   0.00    1.63 ^ dpath.a_reg.out[4]$_DFFE_PP_/CLK (sky130_fd_sc_hs__edfxtp_1)
   0.00    1.63   clock reconvergence pessimism
  -0.32    1.32   library setup time
           1.32   data required time
---------------------------------------------------------
           1.32   data required time
          -1.61   data arrival time
---------------------------------------------------------
          -0.30   slack (VIOLATED)



==========================================================================
finish report_checks -path_delay min reg to reg
--------------------------------------------------------------------------
Startpoint: ctrl.state.out[2]$_DFF_P_
            (rising edge-triggered flip-flop clocked by core_clock)
Endpoint: dpath.a_reg.out[0]$_DFFE_PP_
          (rising edge-triggered flip-flop clocked by core_clock)
Path Group: core_clock
Path Type: min

  Delay    Time   Description
---------------------------------------------------------
   0.00    0.00   clock core_clock (rise edge)
   0.00    0.00   clock source latency
   0.00    0.00 ^ clk (in)
   0.11    0.11 ^ clkbuf_0_clk/X (sky130_fd_sc_hs__clkbuf_8)
   0.13    0.23 ^ clkbuf_2_2__f_clk/X (sky130_fd_sc_hs__clkbuf_8)
   0.00    0.23 ^ ctrl.state.out[2]$_DFF_P_/CLK (sky130_fd_sc_hs__dfxtp_1)
   0.22    0.46 ^ ctrl.state.out[2]$_DFF_P_/Q (sky130_fd_sc_hs__dfxtp_1)
   0.09    0.55 v _476_/Y (sky130_fd_sc_hs__inv_2)
   0.11    0.65 ^ _641_/Y (sky130_fd_sc_hs__nand2_1)
   0.00    0.66 ^ dpath.a_reg.out[0]$_DFFE_PP_/DE (sky130_fd_sc_hs__edfxtp_1)
           0.66   data arrival time

   0.00    0.00   clock core_clock (rise edge)
   0.00    0.00   clock source latency
   0.00    0.00 ^ clk (in)
   0.11    0.11 ^ clkbuf_0_clk/X (sky130_fd_sc_hs__clkbuf_8)
   0.13    0.23 ^ clkbuf_2_0__f_clk/X (sky130_fd_sc_hs__clkbuf_8)
   0.00    0.23 ^ dpath.a_reg.out[0]$_DFFE_PP_/CLK (sky130_fd_sc_hs__edfxtp_1)
   0.00    0.23   clock reconvergence pessimism
   0.25    0.49   library hold time
           0.49   data required time
---------------------------------------------------------
           0.49   data required time
          -0.66   data arrival time
---------------------------------------------------------
           0.17   slack (MET)



==========================================================================
finish critical path target clock latency max path
--------------------------------------------------------------------------
0.2332

==========================================================================
finish critical path target clock latency min path
--------------------------------------------------------------------------
0.2346

==========================================================================
finish critical path source clock latency min path
--------------------------------------------------------------------------
0.2350

==========================================================================
finish critical path delay
--------------------------------------------------------------------------
1.6129

==========================================================================
finish critical path slack
--------------------------------------------------------------------------
-0.2956

==========================================================================
finish slack div critical path delay
--------------------------------------------------------------------------
-18.327237

==========================================================================
finish report_power
--------------------------------------------------------------------------
Group                  Internal  Switching    Leakage      Total
                          Power      Power      Power      Power (Watts)
----------------------------------------------------------------
Sequential             1.62e-03   1.61e-04   4.70e-08   1.78e-03  23.7%
Combinational          2.92e-03   1.81e-03   6.18e-08   4.73e-03  63.1%
Clock                  5.27e-04   4.57e-04   1.15e-09   9.83e-04  13.1%
Macro                  0.00e+00   0.00e+00   0.00e+00   0.00e+00   0.0%
Pad                    0.00e+00   0.00e+00   0.00e+00   0.00e+00   0.0%
----------------------------------------------------------------
Total                  5.07e-03   2.43e-03   1.10e-07   7.49e-03 100.0%
                          67.6%      32.4%       0.0%
