make: Entering directory '/root/OpenROAD-flow-scripts/flow'
/root/OpenROAD-flow-scripts/flow/scripts/flow.sh 3_1_place_gp_skip_io global_place_skip_io
Running global_place_skip_io.tcl, stage 3_1_place_gp_skip_io
read_liberty /root/OpenROAD-flow-scripts/flow/platforms/sky130hs/lib/sky130_fd_sc_hs__tt_025C_1v80.lib
read_db ./results/sky130hs/gcd/slot1/2_floorplan.odb
read_sdc ./results/sky130hs/gcd/slot1/2_floorplan.sdc
source /root/OpenROAD-flow-scripts/flow/platforms/sky130hs/setRC.tcl
[INFO GPL-0022] Initialize gpl and calculate uniform density.
Placement density is 0.6500000214576721, computed from PLACE_DENSITY_LB_ADDON  0.1 and lower bound 0.6000000238418579
global_placement -skip_io -density 0.6500000214576721 -pad_left 0 -pad_right 0
[INFO GPL-0001] ---- Initialize GPL Main Data Structures
[INFO GPL-0002] DBU: 1000
[INFO GPL-0003] SiteSize: (  0.480  3.330 ) um
[INFO GPL-0004] CoreBBox: (  1.440  3.330 ) ( 89.760 89.910 ) um
[INFO GPL-0016] Core area:                    7646.746 um^2
[INFO GPL-0036] Movable instances area:       3981.614 um^2
[INFO GPL-0037] Total instances area:         4115.880 um^2
[INFO GPL-0035] Pin density area adjust:       491.863 um^2
[INFO GPL-0032] ---- Initialize Region: Top-level
[INFO GPL-0006] Number of instances:               469
[INFO GPL-0007] Movable instances:                 385
[INFO GPL-0008] Fixed instances:                    84
[INFO GPL-0009] Dummy instances:                     0
[INFO GPL-0010] Number of nets:                    421
[INFO GPL-0011] Number of pins:                   1281
[INFO GPL-0012] Die BBox:       (  0.000  0.000 ) ( 91.235 91.235 ) um
[INFO GPL-0013] Placement BBox: (  1.440  3.330 ) ( 89.760 89.910 ) um
[INFO GPL-0014] Region name: top-level.
[INFO GPL-0015] Region area:                  7646.746 um^2
[INFO GPL-0017] Fixed instances area:          134.266 um^2
[INFO GPL-0018] Movable instances area:       4473.477 um^2
[INFO GPL-0019] Utilization:                    59.547 %
[INFO GPL-0020] Standard cells area:          4473.477 um^2
[INFO GPL-0021] Large instances area:            0.000 um^2
[INFO GPL-0005] ---- Execute Conjugate Gradient Initial Placement.
[INFO GPL-0051] Source of initial instance position counters:
	Odb location = 0	Core center = 385	Region center = 0
[INFO GPL-0033] ---- Initialize Nesterov Region: Top-level
[INFO GPL-0023] Placement target density:       0.6500
[INFO GPL-0024] Movable insts average area:     11.619 um^2
[INFO GPL-0025] Ideal bin area:                 17.876 um^2
[INFO GPL-0026] Ideal bin count:                   427
[INFO GPL-0027] Total bin area:               7646.746 um^2
[INFO GPL-0028] Bin count (X, Y):          16 ,     16
[INFO GPL-0029] Bin size (W * H):       5.520 *  5.411 um
[INFO GPL-0030] Number of bins:                    256
[INFO GPL-0084] ---- Execute Nesterov Global Placement.
[INFO GPL-0031] HPWL: Half-Perimeter Wirelength
Iteration | Overflow |     HPWL (um) |  HPWL(%) |   Penalty | Group
---------------------------------------------------------------
        0 |   0.9655 |  8.208160e+02 |   +0.00% |  3.82e-14 |      
       10 |   0.9655 |  8.103870e+02 |   -1.27% |  6.23e-14 |      
       20 |   0.9655 |  8.066720e+02 |   -0.46% |  1.01e-13 |      
       30 |   0.9655 |  8.066260e+02 |   -0.01% |  1.65e-13 |      
       40 |   0.9655 |  8.068290e+02 |   +0.03% |  2.69e-13 |      
       50 |   0.9655 |  8.069200e+02 |   +0.01% |  4.38e-13 |      
       60 |   0.9655 |  8.072070e+02 |   +0.04% |  7.14e-13 |      
       70 |   0.9655 |  8.079840e+02 |   +0.10% |  1.16e-12 |      
       80 |   0.9655 |  8.098280e+02 |   +0.23% |  1.89e-12 |      
       90 |   0.9655 |  8.130150e+02 |   +0.39% |  3.09e-12 |      
      100 |   0.9655 |  8.182080e+02 |   +0.64% |  5.03e-12 |      
      110 |   0.9655 |  8.278950e+02 |   +1.18% |  8.19e-12 |      
      120 |   0.9655 |  8.491470e+02 |   +2.57% |  1.33e-11 |      
      130 |   0.9593 |  9.319440e+02 |   +9.75% |  2.17e-11 |      
      140 |   0.9269 |  1.249867e+03 |  +34.11% |  3.54e-11 |      
      150 |   0.9055 |  1.579459e+03 |  +26.37% |  5.76e-11 |      
      160 |   0.8930 |  1.725756e+03 |   +9.26% |  9.39e-11 |      
      170 |   0.8559 |  2.068599e+03 |  +19.87% |  1.53e-10 |      
      180 |   0.8202 |  2.328870e+03 |  +12.58% |  2.49e-10 |      
      190 |   0.7942 |  2.696062e+03 |  +15.77% |  4.06e-10 |      
      200 |   0.7476 |  2.984324e+03 |  +10.69% |  6.61e-10 |      
      210 |   0.7033 |  3.305445e+03 |  +10.76% |  1.08e-09 |      
      220 |   0.6611 |  3.665290e+03 |  +10.89% |  1.75e-09 |      
      230 |   0.6081 |  3.970102e+03 |   +8.32% |  2.86e-09 |      
      240 |   0.5603 |  4.297782e+03 |   +8.25% |  4.65e-09 |      
      250 |   0.5076 |  4.601180e+03 |   +7.06% |  7.58e-09 |      
      260 |   0.4517 |  4.871157e+03 |   +5.87% |  1.23e-08 |      
      270 |   0.3913 |  5.063774e+03 |   +3.95% |  2.01e-08 |      
      280 |   0.3314 |  5.229331e+03 |   +3.27% |  3.21e-08 |      
      290 |   0.2737 |  5.316277e+03 |   +1.66% |  4.73e-08 |      
      300 |   0.2384 |  5.435975e+03 |   +2.25% |  6.97e-08 |      
      310 |   0.2084 |  5.493941e+03 |   +1.07% |  1.03e-07 |      
      320 |   0.1782 |  5.565516e+03 |   +1.30% |  1.51e-07 |      
      330 |   0.1541 |  5.639974e+03 |   +1.34% |  2.23e-07 |      
      340 |   0.1257 |  5.698028e+03 |   +1.03% |  3.28e-07 |      
      350 |   0.1087 |  5.735492e+03 |   +0.66% |  4.83e-07 |      
      355 |   0.0993 |  5.769331e+03 |          |  6.10e-07 |      
---------------------------------------------------------------
[INFO GPL-1001] Global placement finished at iteration 355
[INFO GPL-1002] Placed Cell Area             4473.4770
[INFO GPL-1003] Available Free Area          7512.4800
[INFO GPL-1004] Minimum Feasible Density        0.6000 (cell_area / free_area)
[INFO GPL-1006]   Suggested Target Densities:
[INFO GPL-1007]     - For 90% usage of free space: 0.6616
[INFO GPL-1008]     - For 80% usage of free space: 0.7443
[INFO GPL-1014] Final placement area: 4473.48 (+0.00%)
Design area 4116 um^2 54% utilization.
write_db ./results/sky130hs/gcd/slot1/3_1_place_gp_skip_io.odb
Log                       Ext     Elapsed/s Peak Memory/MB sha1sum result [0:20)
3_1_place_gp_skip_io      .odb            0            144 f2913e4bd77a13f897e5
/root/OpenROAD-flow-scripts/flow/scripts/flow.sh 3_2_place_iop io_placement
Running io_placement.tcl, stage 3_2_place_iop
read_liberty /root/OpenROAD-flow-scripts/flow/platforms/sky130hs/lib/sky130_fd_sc_hs__tt_025C_1v80.lib
read_db ./results/sky130hs/gcd/slot1/3_1_place_gp_skip_io.odb
read_sdc ./results/sky130hs/gcd/slot1/2_floorplan.sdc
source /root/OpenROAD-flow-scripts/flow/platforms/sky130hs/setRC.tcl
place_pins -hor_layers met3 -ver_layers met2
Found 0 macro blocks.
Using 2 tracks default min distance between IO pins.
[INFO PPL-0001] Number of available slots 302
[INFO PPL-0002] Number of I/O             54
[INFO PPL-0003] Number of I/O w/sink      54
[INFO PPL-0004] Number of I/O w/o sink    0
[INFO PPL-0005] Slots per section         200
[INFO PPL-0008] Successfully assigned pins to sections.
[INFO PPL-0012] I/O nets HPWL: 1534.85 um.
Design area 4116 um^2 54% utilization.
write_db ./results/sky130hs/gcd/slot1/3_2_place_iop.odb
Log                       Ext     Elapsed/s Peak Memory/MB sha1sum result [0:20)
3_2_place_iop             .odb            0            144 4976e5a094ba944ad726
/root/OpenROAD-flow-scripts/flow/scripts/flow.sh 3_3_place_gp global_place
Running global_place.tcl, stage 3_3_place_gp
read_liberty /root/OpenROAD-flow-scripts/flow/platforms/sky130hs/lib/sky130_fd_sc_hs__tt_025C_1v80.lib
read_db ./results/sky130hs/gcd/slot1/3_2_place_iop.odb
read_sdc ./results/sky130hs/gcd/slot1/2_floorplan.sdc
source /root/OpenROAD-flow-scripts/flow/platforms/sky130hs/setRC.tcl
[INFO RSZ-0026] Removed 8 buffers.
Perform port buffering...
[INFO RSZ-0027] Inserted 35 sky130_fd_sc_hs__buf_1 input buffers.
[INFO RSZ-0028] Inserted 18 sky130_fd_sc_hs__buf_1 output buffers.
[INFO GPL-0022] Initialize gpl and calculate uniform density.
Placement density is 0.6769999957084656, computed from PLACE_DENSITY_LB_ADDON  0.1 and lower bound 0.6299999952316284
global_placement -density 0.6769999957084656 -pad_left 0 -pad_right 0 -routability_driven -timing_driven -force_center_initial_place -min_phi_coef 0.95 -max_phi_coef 1.05
[INFO GPL-0001] ---- Initialize GPL Main Data Structures
[INFO GPL-0002] DBU: 1000
[INFO GPL-0003] SiteSize: (  0.480  3.330 ) um
[INFO GPL-0004] CoreBBox: (  1.440  3.330 ) ( 89.760 89.910 ) um
[INFO GPL-0016] Core area:                    7646.746 um^2
[INFO GPL-0036] Movable instances area:       4238.957 um^2
[INFO GPL-0037] Total instances area:         4373.222 um^2
[INFO GPL-0035] Pin density area adjust:       488.783 um^2
[INFO GPL-0032] ---- Initialize Region: Top-level
[INFO GPL-0006] Number of instances:               514
[INFO GPL-0007] Movable instances:                 430
[INFO GPL-0008] Fixed instances:                    84
[INFO GPL-0009] Dummy instances:                     0
[INFO GPL-0010] Number of nets:                    466
[INFO GPL-0011] Number of pins:                   1425
[INFO GPL-0012] Die BBox:       (  0.000  0.000 ) ( 91.235 91.235 ) um
[INFO GPL-0013] Placement BBox: (  1.440  3.330 ) ( 89.760 89.910 ) um
[INFO GPL-0014] Region name: top-level.
[INFO GPL-0015] Region area:                  7646.746 um^2
[INFO GPL-0017] Fixed instances area:          134.266 um^2
[INFO GPL-0018] Movable instances area:       4727.740 um^2
[INFO GPL-0019] Utilization:                    62.932 %
[INFO GPL-0020] Standard cells area:          4727.740 um^2
[INFO GPL-0021] Large instances area:            0.000 um^2
[INFO GPL-0005] ---- Execute Conjugate Gradient Initial Placement.
[INFO GPL-0051] Source of initial instance position counters:
	Odb location = 0	Core center = 430	Region center = 0
[InitialPlace]  Iter: 1 conjugate gradient residual: 0.00000009 HPWL: 9780913
[InitialPlace]  Iter: 2 conjugate gradient residual: 0.00000008 HPWL: 6520418
[InitialPlace]  Iter: 3 conjugate gradient residual: 0.00000011 HPWL: 6486571
[InitialPlace]  Iter: 4 conjugate gradient residual: 0.00000010 HPWL: 6480756
[InitialPlace]  Iter: 5 conjugate gradient residual: 0.00000010 HPWL: 6476692
[INFO GPL-0033] ---- Initialize Nesterov Region: Top-level
[INFO GPL-0023] Placement target density:       0.6770
[INFO GPL-0024] Movable insts average area:     10.995 um^2
[INFO GPL-0025] Ideal bin area:                 16.240 um^2
[INFO GPL-0026] Ideal bin count:                   470
[INFO GPL-0027] Total bin area:               7646.746 um^2
[INFO GPL-0028] Bin count (X, Y):          16 ,     16
[INFO GPL-0029] Bin size (W * H):       5.520 *  5.411 um
[INFO GPL-0030] Number of bins:                    256
[INFO GPL-0084] ---- Execute Nesterov Global Placement.
[INFO GPL-0031] HPWL: Half-Perimeter Wirelength
Iteration | Overflow |     HPWL (um) |  HPWL(%) |   Penalty | Group
---------------------------------------------------------------
        0 |   0.8585 |  3.582987e+03 |   +0.00% |  2.34e-14 |      
       10 |   0.7479 |  4.256763e+03 |  +18.80% |  3.81e-14 |      
       20 |   0.7344 |  4.285162e+03 |   +0.67% |  6.21e-14 |      
       30 |   0.7348 |  4.271846e+03 |   -0.31% |  1.01e-13 |      
       40 |   0.7347 |  4.279650e+03 |   +0.18% |  1.65e-13 |      
       50 |   0.7336 |  4.283427e+03 |   +0.09% |  2.68e-13 |      
       60 |   0.7343 |  4.277467e+03 |   -0.14% |  4.37e-13 |      
       70 |   0.7337 |  4.276533e+03 |   -0.02% |  7.12e-13 |      
       80 |   0.7334 |  4.276894e+03 |   +0.01% |  1.16e-12 |      
       90 |   0.7336 |  4.278444e+03 |   +0.04% |  1.89e-12 |      
      100 |   0.7333 |  4.282028e+03 |   +0.08% |  3.08e-12 |      
      110 |   0.7329 |  4.285380e+03 |   +0.08% |  5.01e-12 |      
      120 |   0.7322 |  4.289629e+03 |   +0.10% |  8.17e-12 |      
      130 |   0.7311 |  4.297093e+03 |   +0.17% |  1.33e-11 |      
      140 |   0.7293 |  4.309167e+03 |   +0.28% |  2.17e-11 |      
      150 |   0.7264 |  4.328246e+03 |   +0.44% |  3.53e-11 |      
      160 |   0.7216 |  4.356813e+03 |   +0.66% |  5.75e-11 |      
      170 |   0.7136 |  4.396392e+03 |   +0.91% |  9.37e-11 |      
      180 |   0.6976 |  4.454177e+03 |   +1.31% |  1.53e-10 |      
      190 |   0.6848 |  4.535492e+03 |   +1.83% |  2.48e-10 |      
      200 |   0.6643 |  4.647897e+03 |   +2.48% |  4.05e-10 |      
      210 |   0.6357 |  4.755070e+03 |   +2.31% |  6.59e-10 |      
[INFO GPL-0100] Timing-driven iteration 1/2, virtual: false.
[INFO GPL-0101]    Iter: 212, overflow: 0.634, keep resizer changes at: 1, HPWL: 4765907
Iteration |   Area    | Resized | Buffers | Nets repaired | Remaining
---------------------------------------------------------------------
        0 |     +0.0% |       0 |       0 |             0 |       466
    final |     +0.0% |       0 |       0 |             0 |         0
---------------------------------------------------------------------
   Iter   |    Area   | Removed | Inserted |   Pins
          |           | Buffers | Buffers  | Remaining
-------------------------------------------------------
        0 |     +0.0% |       0 |        0 |       430
       43 |     +0.3% |       0 |        1 |       387
       86 |     +0.4% |       0 |        2 |       344
      129 |     +0.8% |       0 |        4 |       301
      172 |     +0.8% |       0 |        4 |       258
      215 |     +1.3% |       0 |        7 |       215
      258 |     +1.5% |       0 |        8 |       172
      301 |     +1.6% |       0 |        9 |       129
      344 |     +2.0% |       0 |       12 |        86
      387 |     +2.3% |       0 |       14 |        43
    final |     +2.3% |       0 |       14 |         0
-------------------------------------------------------
[INFO GPL-0106] Timing-driven: worst slack 1.8622887e-10
[INFO GPL-0107] Timing-driven: repair_design delta area: 102.298 um^2 (+2.16%)
[INFO GPL-0108] Timing-driven: repair_design, gpl delta gcells: 14 (+3.26%)
[INFO GPL-0109] Timing-driven: repair_design, gcells created: 14, deleted: 0
[INFO GPL-0110] Timing-driven: new target density: 0.690617
Iteration | Overflow |     HPWL (um) |  HPWL(%) |   Penalty | Group
---------------------------------------------------------------
      220 |   0.6244 |  5.123352e+03 |   +7.75% |  1.07e-09 |      
      230 |   0.5985 |  5.198571e+03 |   +1.47% |  1.75e-09 |      
[INFO GPL-0038] Routability snapshot saved at iter = 231
      230 |   0.5985 |  5.198571e+03 |          |           |      
      240 |   0.5475 |  5.426703e+03 |   +4.39% |  2.85e-09 |      
      250 |   0.5158 |  5.566087e+03 |   +2.57% |  4.64e-09 |      
      260 |   0.4633 |  5.770065e+03 |   +3.66% |  7.56e-09 |      
      270 |   0.4186 |  5.911369e+03 |   +2.45% |  1.23e-08 |      
      280 |   0.3665 |  6.066498e+03 |   +2.62% |  2.01e-08 |      
      290 |   0.3152 |  6.200573e+03 |   +2.21% |  3.08e-08 |      
[INFO GPL-0040] Routability iteration: 1
[INFO GPL-0041] Total routing overflow: 0.0000
[INFO GPL-0042] Number of overflowed tiles: 0 (0.00%)
[INFO GPL-0043] Average top 0.5% routing congestion: 0.9606
[INFO GPL-0044] Average top 1.0% routing congestion: 0.9360
[INFO GPL-0045] Average top 2.0% routing congestion: 0.9190
[INFO GPL-0046] Average top 5.0% routing congestion: 0.8837
[INFO GPL-0047] Routability iteration weighted routing congestion: 0.9483
[INFO GPL-0050] Weighted routing congestion is lower than target routing congestion(1.0100), end routability optimization.
[INFO GPL-0090] Routability finished. Target routing congestion achieved succesfully.
Iteration | Overflow |     HPWL (um) |  HPWL(%) |   Penalty | Group
---------------------------------------------------------------
      300 |   0.2781 |  6.356518e+03 |   +2.52% |  4.53e-08 |      
      310 |   0.2421 |  6.516384e+03 |   +2.51% |  6.67e-08 |      
      320 |   0.2048 |  6.638111e+03 |   +1.87% |  9.83e-08 |      
[INFO GPL-0100] Timing-driven iteration 2/2, virtual: false.
[INFO GPL-0101]    Iter: 324, overflow: 0.194, keep resizer changes at: 1, HPWL: 6673606
Iteration |   Area    | Resized | Buffers | Nets repaired | Remaining
---------------------------------------------------------------------
        0 |     +0.0% |       0 |       0 |             0 |       480
    final |     +0.0% |       0 |       0 |             0 |         0
---------------------------------------------------------------------
   Iter   |    Area   | Removed | Inserted |   Pins
          |           | Buffers | Buffers  | Remaining
-------------------------------------------------------
        0 |     +0.0% |       0 |        0 |       430
       43 |     -0.2% |       1 |        0 |       387
       86 |     +0.1% |       2 |        1 |       344
      129 |     +0.1% |       4 |        3 |       301
      172 |     +0.9% |       4 |        6 |       258
      215 |     +1.6% |       7 |       12 |       215
      258 |     +2.4% |       8 |       17 |       172
      301 |     +3.2% |       9 |       24 |       129
      344 |     +5.0% |      12 |       39 |        86
      387 |     +7.8% |      14 |       61 |        43
    final |     +8.0% |      14 |       62 |         0
-------------------------------------------------------
[INFO GPL-0106] Timing-driven: worst slack 1.4347745e-11
[INFO GPL-0107] Timing-driven: repair_design delta area: 356.443 um^2 (+7.38%)
[INFO GPL-0108] Timing-driven: repair_design, gpl delta gcells: 48 (+10.81%)
[INFO GPL-0109] Timing-driven: repair_design, gcells created: 62, deleted: 14
[INFO GPL-0110] Timing-driven: new target density: 0.7380639
Iteration | Overflow |     HPWL (um) |  HPWL(%) |   Penalty | Group
---------------------------------------------------------------
      330 |   0.1846 |  7.208598e+03 |   +8.59% |  1.45e-07 |      
      340 |   0.1598 |  7.300082e+03 |   +1.27% |  2.13e-07 |      
      350 |   0.1324 |  7.298297e+03 |   -0.02% |  3.14e-07 |      
      360 |   0.1159 |  7.288349e+03 |   -0.14% |  4.63e-07 |      
      369 |   0.0994 |  7.299168e+03 |          |  6.82e-07 |      
---------------------------------------------------------------
[INFO GPL-1001] Global placement finished at iteration 369
[INFO GPL-1017] Routability mode iteration count: 63
[INFO GPL-1005] Routability final weighted congestion: 0.8936
[INFO GPL-1002] Placed Cell Area             5186.4810
[INFO GPL-1003] Available Free Area          7512.4800
[INFO GPL-1004] Minimum Feasible Density        0.6300 (cell_area / free_area)
[INFO GPL-1006]   Suggested Target Densities:
[INFO GPL-1007]     - For 90% usage of free space: 0.7671
[INFO GPL-1008]     - For 80% usage of free space: 0.8630
[INFO GPL-1011] Original area (um^2): 4727.74
[INFO GPL-1012] Total routability artificial inflation: 0.00 (+0.00%)
[INFO GPL-1013] Total timing-driven delta area: 458.74 (+9.70%)
[INFO GPL-1014] Final placement area: 5186.48 (+9.70%)
estimate_parasitics -placement
Report metrics stage 3, global place...

==========================================================================
global place report_design_area
--------------------------------------------------------------------------
Design area 4832 um^2 63% utilization.
write_db ./results/sky130hs/gcd/slot1/3_3_place_gp.odb
Log                       Ext     Elapsed/s Peak Memory/MB sha1sum result [0:20)
3_3_place_gp              .odb            1            269 ce0d333f2088bf8d0dbc
/root/OpenROAD-flow-scripts/flow/scripts/flow.sh 3_4_place_resized resize
Running resize.tcl, stage 3_4_place_resized
read_liberty /root/OpenROAD-flow-scripts/flow/platforms/sky130hs/lib/sky130_fd_sc_hs__tt_025C_1v80.lib
read_db ./results/sky130hs/gcd/slot1/3_3_place_gp.odb
read_sdc ./results/sky130hs/gcd/slot1/2_floorplan.sdc
source /root/OpenROAD-flow-scripts/flow/platforms/sky130hs/setRC.tcl
estimate_parasitics -placement
Perform buffer insertion and gate resizing...
repair_design -verbose -match_cell_footprint
Iteration |   Area    | Resized | Buffers | Nets repaired | Remaining
---------------------------------------------------------------------
        0 |     +0.0% |       0 |       0 |             0 |       528
       10 |     +0.0% |       0 |       0 |             0 |       518
       20 |     +0.0% |       0 |       0 |             0 |       508
       30 |     +0.0% |       0 |       0 |             0 |       498
       40 |     +0.0% |       0 |       0 |             0 |       488
       50 |     +0.0% |       0 |       0 |             0 |       478
       60 |     +0.0% |       0 |       0 |             0 |       468
       70 |     +0.0% |       0 |       0 |             0 |       458
       80 |     +0.0% |       0 |       0 |             0 |       448
       90 |     +0.0% |       0 |       0 |             0 |       438
      100 |     +0.0% |       0 |       0 |             0 |       428
      110 |     +0.0% |       0 |       0 |             0 |       418
      120 |     +0.0% |       0 |       0 |             0 |       408
      130 |     +0.0% |       0 |       0 |             0 |       398
      140 |     +0.0% |       0 |       0 |             0 |       388
      150 |     +0.0% |       0 |       0 |             0 |       378
      160 |     +0.0% |       0 |       0 |             0 |       368
      170 |     +0.0% |       0 |       0 |             0 |       358
      180 |     +0.0% |       0 |       0 |             0 |       348
      190 |     +0.0% |       0 |       0 |             0 |       338
      200 |     +0.0% |       0 |       0 |             0 |       328
      210 |     +0.0% |       0 |       0 |             0 |       318
      220 |     +0.0% |       0 |       0 |             0 |       308
      230 |     +0.0% |       0 |       0 |             0 |       298
      240 |     +0.0% |       0 |       0 |             0 |       288
      250 |     +0.0% |       0 |       0 |             0 |       278
      260 |     +0.0% |       0 |       0 |             0 |       268
      270 |     +0.0% |       0 |       0 |             0 |       258
      280 |     +0.0% |       0 |       0 |             0 |       248
      290 |     +0.0% |       0 |       0 |             0 |       238
      300 |     +0.0% |       0 |       0 |             0 |       228
      310 |     +0.0% |       0 |       0 |             0 |       218
      320 |     +0.0% |       0 |       0 |             0 |       208
      330 |     +0.0% |       0 |       0 |             0 |       198
      340 |     +0.0% |       0 |       0 |             0 |       188
      350 |     +0.0% |       0 |       0 |             0 |       178
      360 |     +0.0% |       0 |       0 |             0 |       168
      370 |     +0.0% |       0 |       0 |             0 |       158
      380 |     +0.0% |       0 |       0 |             0 |       148
      390 |     +0.0% |       0 |       0 |             0 |       138
      400 |     +0.0% |       0 |       0 |             0 |       128
      410 |     +0.0% |       0 |       0 |             0 |       118
      420 |     +0.0% |       0 |       0 |             0 |       108
      430 |     +0.0% |       0 |       0 |             0 |        98
      440 |     +0.0% |       0 |       0 |             0 |        88
      450 |     +0.0% |       0 |       0 |             0 |        78
      460 |     +0.0% |       0 |       0 |             0 |        68
      470 |     +0.0% |       0 |       0 |             0 |        58
      480 |     +0.0% |       0 |       0 |             0 |        48
      490 |     +0.0% |       0 |       0 |             0 |        38
      500 |     +0.0% |       0 |       0 |             0 |        28
      510 |     +0.0% |       0 |       0 |             0 |        18
      520 |     +0.0% |       0 |       0 |             0 |         8
    final |     +0.0% |       0 |       0 |             0 |         0
---------------------------------------------------------------------
[INFO RSZ-0504] Runtime: 0.02s
Repair setup and hold violations...
estimate_parasitics -placement
repair_timing -repair_tns 100 -match_cell_footprint -verbose
[INFO RSZ-0100] Repair move sequence: UnbufferMove SizeUpMove SwapPinsMove BufferMove CloneMove SplitLoadMove 
[INFO RSZ-0094] Found 16 endpoints with setup violations.
[INFO RSZ-0099] Repairing 16 out of 16 (100.00%) violating endpoints...
   Iter   | Removed | Resized | Inserted | Cloned |  Pin  |   Area   |    WNS   |   StTNS    |   EnTNS    |  Viol  |  Worst  
          | Buffers |  Gates  | Buffers  |  Gates | Swaps |          |          |            |            | Endpts | St/EnPt 
------------------------------------------------------------------------------------------------------------------------------
       0* |       0 |       0 |        0 |      0 |     0 |    +0.0% |   -0.046 |       -0.3 |       -0.7 |     16 | dpath.b_reg.out\[12\]$_DFFE_PP_/DE
       2* |       0 |       1 |        0 |      0 |     0 |    +0.1% |    0.051 |        0.0 |        0.0 |     16 | dpath.a_reg.out\[12\]$_DFFE_PP_/D
       3* |       0 |       1 |        0 |      0 |     0 |    +0.1% |    0.051 |        0.0 |        0.0 |     16 | dpath.a_reg.out\[12\]$_DFFE_PP_/D
       4* |       0 |       1 |        0 |      0 |     0 |    +0.1% |    0.051 |        0.0 |        0.0 |     16 | dpath.a_reg.out\[12\]$_DFFE_PP_/D
       5* |       0 |       1 |        0 |      0 |     0 |    +0.1% |    0.051 |        0.0 |        0.0 |     16 | dpath.a_reg.out\[12\]$_DFFE_PP_/D
       6* |       0 |       1 |        0 |      0 |     0 |    +0.1% |    0.051 |        0.0 |        0.0 |     16 | dpath.a_reg.out\[12\]$_DFFE_PP_/D
       7* |       0 |       1 |        0 |      0 |     0 |    +0.1% |    0.051 |        0.0 |        0.0 |     16 | dpath.a_reg.out\[12\]$_DFFE_PP_/D
       8* |       0 |       1 |        0 |      0 |     0 |    +0.1% |    0.051 |        0.0 |        0.0 |     16 | dpath.a_reg.out\[12\]$_DFFE_PP_/D
       9* |       0 |       1 |        0 |      0 |     0 |    +0.1% |    0.051 |        0.0 |        0.0 |     16 | dpath.a_reg.out\[12\]$_DFFE_PP_/D
      10* |       0 |       1 |        0 |      0 |     0 |    +0.1% |    0.051 |        0.0 |        0.0 |     16 | dpath.a_reg.out\[12\]$_DFFE_PP_/D
      10* |       0 |       1 |        0 |      0 |     0 |    +0.1% |    0.051 |        0.0 |        0.0 |     16 | dpath.a_reg.out\[12\]$_DFFE_PP_/D
      11* |       0 |       1 |        0 |      0 |     0 |    +0.1% |    0.051 |        0.0 |        0.0 |     16 | dpath.a_reg.out\[12\]$_DFFE_PP_/D
      12* |       0 |       1 |        0 |      0 |     0 |    +0.1% |    0.051 |        0.0 |        0.0 |     16 | dpath.a_reg.out\[12\]$_DFFE_PP_/D
      13* |       0 |       1 |        0 |      0 |     0 |    +0.1% |    0.051 |        0.0 |        0.0 |     16 | dpath.a_reg.out\[12\]$_DFFE_PP_/D
      14* |       0 |       1 |        0 |      0 |     0 |    +0.1% |    0.051 |        0.0 |        0.0 |     16 | dpath.a_reg.out\[12\]$_DFFE_PP_/D
      15* |       0 |       1 |        0 |      0 |     0 |    +0.1% |    0.051 |        0.0 |        0.0 |     16 | dpath.a_reg.out\[12\]$_DFFE_PP_/D
      16* |       0 |       1 |        0 |      0 |     0 |    +0.1% |    0.051 |        0.0 |        0.0 |     16 | dpath.a_reg.out\[12\]$_DFFE_PP_/D
      17* |       0 |       1 |        0 |      0 |     0 |    +0.1% |    0.051 |        0.0 |        0.0 |     16 | dpath.a_reg.out\[12\]$_DFFE_PP_/D
      17* |       0 |       1 |        0 |      0 |     0 |    +0.1% |    0.051 |        0.0 |        0.0 |     16 | dpath.a_reg.out\[12\]$_DFFE_PP_/D
    final |       0 |       1 |        0 |      0 |     0 |    +0.1% |    0.051 |        0.0 |        0.0 |      0 | dpath.a_reg.out\[12\]$_DFFE_PP_/D
------------------------------------------------------------------------------------------------------------------------------
[INFO RSZ-0051] Resized 1 instances: 1 up, 0 up match, 0 down, 0 VT
[INFO RSZ-0505] Runtime: 0.03s
[INFO RSZ-0033] No hold violations found.
[INFO RSZ-0506] Runtime: 0.00s
Floating nets: 
Report metrics stage 3, resizer...

==========================================================================
resizer report_design_area
--------------------------------------------------------------------------
Design area 4835 um^2 63% utilization.
Instance count before 576, after 576
Pin count before 1495, after 1495
write_db ./results/sky130hs/gcd/slot1/3_4_place_resized.odb
Log                       Ext     Elapsed/s Peak Memory/MB sha1sum result [0:20)
3_4_place_resized         .odb            0            167 dbb335be369b4183fb28
/root/OpenROAD-flow-scripts/flow/scripts/flow.sh 3_5_place_dp detail_place
Running detail_place.tcl, stage 3_5_place_dp
read_liberty /root/OpenROAD-flow-scripts/flow/platforms/sky130hs/lib/sky130_fd_sc_hs__tt_025C_1v80.lib
read_db ./results/sky130hs/gcd/slot1/3_4_place_resized.odb
read_sdc ./results/sky130hs/gcd/slot1/2_floorplan.sdc
source /root/OpenROAD-flow-scripts/flow/platforms/sky130hs/setRC.tcl
detailed_placement
[INFO DPL-0006] Core area: 7646.75 um^2
[INFO DPL-0007] Movable instances area: 4700.89 um^2
[INFO DPL-0008] Fixed instances area within core: 134.27 um^2
[INFO DPL-0009] Utilization: 63.2%
[INFO DPL-0005] Diamond search max displacement: +/- 500 sites horizontally, +/- 100 rows vertically.
[INFO DPL-1102] Legalizing using negotiation legalizer.
[INFO DPL-1103] Negotiation base search window: +/-20 sites horizontally, +/-5 rows vertically 
	Automatic search window extension enabled.
	Search window extendable up to the max displacement cap of +/-500 sites, +/-100 rows near walls.
[INFO DPL-1104] NegotiationLegalizer DRC penalty: 5.
[INFO DPL-0392] Negotiation cell height distribution (1 unique row-count(s)):
[INFO DPL-0393]   height 1 row(s): 576 cells
          |      Total |  Illegal |  Illegal
Iteration | Violations |    Cells |    Sites
---------------------------------------------
        0 |         45 |         9 |        36
        1 |          0 |         0 |         0
Negotiation phase 1 converged at iteration 1.
[INFO DPL-0500] Runtime: 0.00s
Placement Analysis
---------------------------------
total displacement       1900.0 u
average displacement        3.3 u
max displacement           22.2 u
original HPWL            7339.6 u
legalized HPWL           8973.8 u
delta HPWL                   22 %

improve_placement -max_displacement "5 1"
Detailed placement improvement.
[INFO DPL-0401] Setting random seed to 1.
[INFO DPL-0402] Setting maximum displacement 5 1 to 16650 3330 units.
[INFO DPL-0320] Collected 138 fixed cells.
[INFO DPL-0318] Collected 492 single height cells.
[INFO DPL-0321] Collected 0 wide cells.
[INFO DPL-0322] Image (1440, 3330) - (89760, 89910)
[INFO DPL-0310] Assigned 492 cells into segments.  Movement in X-direction is 0.000000, movement in Y-direction is 0.000000.
[INFO DPL-0313] Found 0 cells in wrong regions.
[INFO DPL-0315] Found 0 row alignment problems.
[INFO DPL-0314] Found 0 site alignment problems.
[INFO DPL-0311] Found 0 overlaps between adjacent cells.
[INFO DPL-0312] Found 0 edge spacing violations and 0 padding violations.
[INFO DPL-0303] Running algorithm for independent set matching.
[INFO DPL-0300] Set matching objective is wirelength.
[INFO DPL-0301] Pass   1 of matching; objective is 8.969041e+06.
[INFO DPL-0302] End of matching; objective is 8.928636e+06, improvement is 0.45 percent.
[INFO DPL-0303] Running algorithm for global swaps.
[INFO DPL-0306] Pass   1 of global swaps; hpwl is 8.590662e+06.
[INFO DPL-0306] Pass   2 of global swaps; hpwl is 8.546345e+06.
[INFO DPL-0307] End of global swaps; objective is 8.546345e+06, improvement is 4.28 percent.
[INFO DPL-0303] Running algorithm for vertical swaps.
[INFO DPL-0308] Pass   1 of vertical swaps; hpwl is 8.502207e+06.
[INFO DPL-0309] End of vertical swaps; objective is 8.502207e+06, improvement is 0.52 percent.
[INFO DPL-0303] Running algorithm for reordering.
[INFO DPL-0304] Pass   1 of reordering; objective is 8.467857e+06.
[INFO DPL-0305] End of reordering; objective is 8.467857e+06, improvement is 0.40 percent.
[INFO DPL-0303] Running algorithm for random improvement.
[INFO DPL-0324] Random improver is using random generator.
[INFO DPL-0325] Random improver is using hpwl objective.
[INFO DPL-0326] Random improver cost string is (a).
[INFO DPL-0332] End of pass, Generator random called 9840 times.
[INFO DPL-0335] Generator random, Cumulative attempts 9840, swaps 1777, moves  2180 since last reset.
[INFO DPL-0333] End of pass, Objective hpwl, Initial cost 8.467857e+06, Scratch cost 8.251519e+06, Incremental cost 8.251519e+06, Mismatch? N
[INFO DPL-0338] End of pass, Total cost is 8.251519e+06.
[INFO DPL-0327] Pass   1 of random improver; improvement in cost is 2.55 percent.
[INFO DPL-0332] End of pass, Generator random called 9840 times.
[INFO DPL-0335] Generator random, Cumulative attempts 19680, swaps 3474, moves  4403 since last reset.
[INFO DPL-0333] End of pass, Objective hpwl, Initial cost 8.251519e+06, Scratch cost 8.139641e+06, Incremental cost 8.139641e+06, Mismatch? N
[INFO DPL-0338] End of pass, Total cost is 8.139641e+06.
[INFO DPL-0327] Pass   2 of random improver; improvement in cost is 1.36 percent.
[INFO DPL-0332] End of pass, Generator random called 9840 times.
[INFO DPL-0335] Generator random, Cumulative attempts 29520, swaps 5138, moves  6630 since last reset.
[INFO DPL-0333] End of pass, Objective hpwl, Initial cost 8.139641e+06, Scratch cost 8.098113e+06, Incremental cost 8.098113e+06, Mismatch? N
[INFO DPL-0338] End of pass, Total cost is 8.098113e+06.
[INFO DPL-0327] Pass   3 of random improver; improvement in cost is 0.51 percent.
[INFO DPL-0328] End of random improver; improvement is 4.366441 percent.
[INFO DPL-0380] Cell flipping.
[INFO DPL-0382] Changed 0 cell orientations for row compatibility.
[INFO DPL-0383] Performed 133 cell flips.
[INFO DPL-0384] End of flipping; objective is 7.922383e+06, improvement is 2.17 percent.
[INFO DPL-0313] Found 0 cells in wrong regions.
[INFO DPL-0315] Found 0 row alignment problems.
[INFO DPL-0314] Found 0 site alignment problems.
[INFO DPL-0311] Found 0 overlaps between adjacent cells.
[INFO DPL-0312] Found 0 edge spacing violations and 0 padding violations.
Detailed Improvement Results
------------------------------------------
Original HPWL             8973.8 u (    4413.6,     4560.1)
Final HPWL                7925.7 u (    4088.7,     3836.9)
Delta HPWL                 -11.7 % (      -7.4,      -15.9)

optimize_mirroring
[INFO DPL-0020] Mirrored 24 instances
[INFO DPL-0021] HPWL before            7925.7 u
[INFO DPL-0022] HPWL after             7923.7 u
[INFO DPL-0023] HPWL delta               -0.0 %
[INFO FLW-0012] Placement violations .
estimate_parasitics -placement
Report metrics stage 3, detailed place...

==========================================================================
detailed place report_design_area
--------------------------------------------------------------------------
Design area 4835 um^2 63% utilization.
write_db ./results/sky130hs/gcd/slot1/3_5_place_dp.odb
write_sdc -no_timestamp ./results/sky130hs/gcd/slot1/3_place.sdc
Log                       Ext     Elapsed/s Peak Memory/MB sha1sum result [0:20)
3_5_place_dp              .odb            0            148 83f6fff7676007821bfb
cp ./results/sky130hs/gcd/slot1/3_5_place_dp.odb ./results/sky130hs/gcd/slot1/3_place.odb
make: Leaving directory '/root/OpenROAD-flow-scripts/flow'

STDERR:
bash: /opt/miniconda/lib/libtinfo.so.6: no version information available (required by bash)
bash: /opt/miniconda/lib/libtinfo.so.6: no version information available (required by bash)
bash: /opt/miniconda/lib/libtinfo.so.6: no version information available (required by bash)
bash: /opt/miniconda/lib/libtinfo.so.6: no version information available (required by bash)
bash: /opt/miniconda/lib/libtinfo.so.6: no version information available (required by bash)
bash: /opt/miniconda/lib/libtinfo.so.6: no version information available (required by bash)
bash: /opt/miniconda/lib/libtinfo.so.6: no version information available (required by bash)
bash: /opt/miniconda/lib/libtinfo.so.6: no version information available (required by bash)
bash: /opt/miniconda/lib/libtinfo.so.6: no version information available (required by bash)
bash: /opt/miniconda/lib/libtinfo.so.6: no version information available (required by bash)
bash: /opt/miniconda/lib/libtinfo.so.6: no version information available (required by bash)
bash: /opt/miniconda/lib/libtinfo.so.6: no version information available (required by bash)
bash: /opt/miniconda/lib/libtinfo.so.6: no version information available (required by bash)
bash: /opt/miniconda/lib/libtinfo.so.6: no version information available (required by bash)
bash: /opt/miniconda/lib/libtinfo.so.6: no version information available (required by bash)
bash: /opt/miniconda/lib/libtinfo.so.6: no version information available (required by bash)
bash: /opt/miniconda/lib/libtinfo.so.6: no version information available (required by bash)
bash: /opt/miniconda/lib/libtinfo.so.6: no version information available (required by bash)
bash: /opt/miniconda/lib/libtinfo.so.6: no version information available (required by bash)
bash: /opt/miniconda/lib/libtinfo.so.6: no version information available (required by bash)
bash: /opt/miniconda/lib/libtinfo.so.6: no version information available (required by bash)
bash: /opt/miniconda/lib/libtinfo.so.6: no version information available (required by bash)
bash: /opt/miniconda/lib/libtinfo.so.6: no version information available (required by bash)
bash: /opt/miniconda/lib/libtinfo.so.6: no version information available (required by bash)
Elapsed time: 0:00.75[h:]min:sec. CPU time: user 0.70 sys 0.05 (99%). Peak memory: 147780KB.
bash: /opt/miniconda/lib/libtinfo.so.6: no version information available (required by bash)
bash: /opt/miniconda/lib/libtinfo.so.6: no version information available (required by bash)
bash: /opt/miniconda/lib/libtinfo.so.6: no version information available (required by bash)
bash: /opt/miniconda/lib/libtinfo.so.6: no version information available (required by bash)
bash: /opt/miniconda/lib/libtinfo.so.6: no version information available (required by bash)
bash: /opt/miniconda/lib/libtinfo.so.6: no version information available (required by bash)
bash: /opt/miniconda/lib/libtinfo.so.6: no version information available (required by bash)
bash: /opt/miniconda/lib/libtinfo.so.6: no version information available (required by bash)
bash: /opt/miniconda/lib/libtinfo.so.6: no version information available (required by bash)
bash: /opt/miniconda/lib/libtinfo.so.6: no version information available (required by bash)
bash: /opt/miniconda/lib/libtinfo.so.6: no version information available (required by bash)
bash: /opt/miniconda/lib/libtinfo.so.6: no version information available (required by bash)
bash: /opt/miniconda/lib/libtinfo.so.6: no version information available (required by bash)
bash: /opt/miniconda/lib/libtinfo.so.6: no version information available (required by bash)
Elapsed time: 0:00.73[h:]min:sec. CPU time: user 0.66 sys 0.05 (98%). Peak memory: 147916KB.
bash: /opt/miniconda/lib/libtinfo.so.6: no version information available (required by bash)
bash: /opt/miniconda/lib/libtinfo.so.6: no version information available (required by bash)
bash: /opt/miniconda/lib/libtinfo.so.6: no version information available (required by bash)
bash: /opt/miniconda/lib/libtinfo.so.6: no version information available (required by bash)
bash: /opt/miniconda/lib/libtinfo.so.6: no version information available (required by bash)
bash: /opt/miniconda/lib/libtinfo.so.6: no version information available (required by bash)
bash: /opt/miniconda/lib/libtinfo.so.6: no version information available (required by bash)
bash: /opt/miniconda/lib/libtinfo.so.6: no version information available (required by bash)
bash: /opt/miniconda/lib/libtinfo.so.6: no version information available (required by bash)
bash: /opt/miniconda/lib/libtinfo.so.6: no version information available (required by bash)
bash: /opt/miniconda/lib/libtinfo.so.6: no version information available (required by bash)
bash: /opt/miniconda/lib/libtinfo.so.6: no version information available (required by bash)
bash: /opt/miniconda/lib/libtinfo.so.6: no version information available (required by bash)
bash: /opt/miniconda/lib/libtinfo.so.6: no version information available (required by bash)
Elapsed time: 0:01.01[h:]min:sec. CPU time: user 0.90 sys 0.09 (98%). Peak memory: 276016KB.
bash: /opt/miniconda/lib/libtinfo.so.6: no version information available (required by bash)
bash: /opt/miniconda/lib/libtinfo.so.6: no version information available (required by bash)
bash: /opt/miniconda/lib/libtinfo.so.6: no version information available (required by bash)
bash: /opt/miniconda/lib/libtinfo.so.6: no version information available (required by bash)
bash: /opt/miniconda/lib/libtinfo.so.6: no version information available (required by bash)
bash: /opt/miniconda/lib/libtinfo.so.6: no version information available (required by bash)
bash: /opt/miniconda/lib/libtinfo.so.6: no version information available (required by bash)
bash: /opt/miniconda/lib/libtinfo.so.6: no version information available (required by bash)
bash: /opt/miniconda/lib/libtinfo.so.6: no version information available (required by bash)
bash: /opt/miniconda/lib/libtinfo.so.6: no version information available (required by bash)
bash: /opt/miniconda/lib/libtinfo.so.6: no version information available (required by bash)
bash: /opt/miniconda/lib/libtinfo.so.6: no version information available (required by bash)
bash: /opt/miniconda/lib/libtinfo.so.6: no version information available (required by bash)
bash: /opt/miniconda/lib/libtinfo.so.6: no version information available (required by bash)
Elapsed time: 0:00.87[h:]min:sec. CPU time: user 0.78 sys 0.08 (98%). Peak memory: 171848KB.
bash: /opt/miniconda/lib/libtinfo.so.6: no version information available (required by bash)
bash: /opt/miniconda/lib/libtinfo.so.6: no version information available (required by bash)
bash: /opt/miniconda/lib/libtinfo.so.6: no version information available (required by bash)
bash: /opt/miniconda/lib/libtinfo.so.6: no version information available (required by bash)
bash: /opt/miniconda/lib/libtinfo.so.6: no version information available (required by bash)
bash: /opt/miniconda/lib/libtinfo.so.6: no version information available (required by bash)
bash: /opt/miniconda/lib/libtinfo.so.6: no version information available (required by bash)
bash: /opt/miniconda/lib/libtinfo.so.6: no version information available (required by bash)
bash: /opt/miniconda/lib/libtinfo.so.6: no version information available (required by bash)
bash: /opt/miniconda/lib/libtinfo.so.6: no version information available (required by bash)
bash: /opt/miniconda/lib/libtinfo.so.6: no version information available (required by bash)
bash: /opt/miniconda/lib/libtinfo.so.6: no version information available (required by bash)
bash: /opt/miniconda/lib/libtinfo.so.6: no version information available (required by bash)
bash: /opt/miniconda/lib/libtinfo.so.6: no version information available (required by bash)
Elapsed time: 0:00.85[h:]min:sec. CPU time: user 0.78 sys 0.05 (97%). Peak memory: 152068KB.
bash: /opt/miniconda/lib/libtinfo.so.6: no version information available (required by bash)
bash: /opt/miniconda/lib/libtinfo.so.6: no version information available (required by bash)
bash: /opt/miniconda/lib/libtinfo.so.6: no version information available (required by bash)
bash: /opt/miniconda/lib/libtinfo.so.6: no version information available (required by bash)
bash: /opt/miniconda/lib/libtinfo.so.6: no version information available (required by bash)
bash: /opt/miniconda/lib/libtinfo.so.6: no version information available (required by bash)
bash: /opt/miniconda/lib/libtinfo.so.6: no version information available (required by bash)
bash: /opt/miniconda/lib/libtinfo.so.6: no version information available (required by bash)
bash: /opt/miniconda/lib/libtinfo.so.6: no version information available (required by bash)
bash: /opt/miniconda/lib/libtinfo.so.6: no version information available (required by bash)
bash: /opt/miniconda/lib/libtinfo.so.6: no version information available (required by bash)
bash: /opt/miniconda/lib/libtinfo.so.6: no version information available (required by bash)
bash: /opt/miniconda/lib/libtinfo.so.6: no version information available (required by bash)
