make: Entering directory '/root/OpenROAD-flow-scripts/flow'
/root/OpenROAD-flow-scripts/flow/scripts/flow.sh 5_1_grt global_route
Running global_route.tcl, stage 5_1_grt
read_liberty /root/OpenROAD-flow-scripts/flow/platforms/sky130hs/lib/sky130_fd_sc_hs__tt_025C_1v80.lib
read_db ./results/sky130hs/gcd/slot1/4_cts.odb
read_sdc ./results/sky130hs/gcd/slot1/4_cts.sdc
source /root/OpenROAD-flow-scripts/flow/platforms/sky130hs/setRC.tcl
pin_access
[INFO DRT-0149] Reading tech and libs.
[WARNING DRT-0349] LEF58_ENCLOSURE with no CUTCLASS is not supported. Skipping for layer mcon
[WARNING DRT-0349] LEF58_ENCLOSURE with no CUTCLASS is not supported. Skipping for layer mcon
[WARNING DRT-0349] LEF58_ENCLOSURE with no CUTCLASS is not supported. Skipping for layer via
[WARNING DRT-0349] LEF58_ENCLOSURE with no CUTCLASS is not supported. Skipping for layer via
[WARNING DRT-0349] LEF58_ENCLOSURE with no CUTCLASS is not supported. Skipping for layer via2
[WARNING DRT-0349] LEF58_ENCLOSURE with no CUTCLASS is not supported. Skipping for layer via2
[WARNING DRT-0349] LEF58_ENCLOSURE with no CUTCLASS is not supported. Skipping for layer via3
[WARNING DRT-0349] LEF58_ENCLOSURE with no CUTCLASS is not supported. Skipping for layer via3
[WARNING DRT-0349] LEF58_ENCLOSURE with no CUTCLASS is not supported. Skipping for layer via4
[WARNING DRT-0349] LEF58_ENCLOSURE with no CUTCLASS is not supported. Skipping for layer via4

Units:                1000
Number of layers:     13
Number of macros:     390
Number of vias:       29
Number of viarulegen: 25

[INFO DRT-0150] Reading design.

Design:                   gcd
Die area:                 ( 0 0 ) ( 91235 91235 )
Number of track patterns: 12
Number of DEF vias:       0
Number of components:     584
Number of terminals:      56
Number of snets:          2
Number of nets:           533

[INFO DRT-0167] List of default vias:
  Layer via
    default via: M1M2_PR
  Layer via2
    default via: M2M3_PR
  Layer via3
    default via: M3M4_PR
  Layer via4
    default via: M4M5_PR
[INFO DRT-0162] Library cell analysis.
[INFO DRT-0163] Instance analysis.
[INFO DRT-0164] Number of unique instances = 71.
[INFO DRT-0168] Init region query.
[INFO DRT-0024]   Complete FR_MASTERSLICE.
[INFO DRT-0024]   Complete Fr_VIA.
[INFO DRT-0024]   Complete li1.
[INFO DRT-0024]   Complete mcon.
[INFO DRT-0024]   Complete met1.
[INFO DRT-0024]   Complete via.
[INFO DRT-0024]   Complete met2.
[INFO DRT-0024]   Complete via2.
[INFO DRT-0024]   Complete met3.
[INFO DRT-0024]   Complete via3.
[INFO DRT-0024]   Complete met4.
[INFO DRT-0024]   Complete via4.
[INFO DRT-0024]   Complete met5.
[INFO DRT-0033] FR_MASTERSLICE shape region query size = 0.
[INFO DRT-0033] FR_VIA shape region query size = 0.
[INFO DRT-0033] li1 shape region query size = 10963.
[INFO DRT-0033] mcon shape region query size = 6296.
[INFO DRT-0033] met1 shape region query size = 2380.
[INFO DRT-0033] via shape region query size = 405.
[INFO DRT-0033] met2 shape region query size = 272.
[INFO DRT-0033] via2 shape region query size = 324.
[INFO DRT-0033] met3 shape region query size = 268.
[INFO DRT-0033] via3 shape region query size = 324.
[INFO DRT-0033] met4 shape region query size = 105.
[INFO DRT-0033] via4 shape region query size = 18.
[INFO DRT-0033] met5 shape region query size = 30.
[INFO DRT-0165] Start pin access.
[INFO DRT-0078]   Complete 500 pins.
[INFO DRT-0081]   Complete 71 unique inst patterns.
[INFO DRT-0084]   Complete 297 groups.
#scanned instances     = 584
#unique  instances     = 71
#stdCellGenAp          = 1455
#stdCellValidPlanarAp  = 0
#stdCellValidViaAp     = 1178
#stdCellPinNoAp        = 0
#stdCellPinCnt         = 1508
#instTermValidViaApCnt = 0
#macroGenAp            = 0
#macroValidPlanarAp    = 0
#macroValidViaAp       = 0
#macroNoAp             = 0
[INFO DRT-0166] Complete pin access.
[INFO DRT-0267] cpu time = 00:00:05, elapsed time = 00:00:05, memory = 150.48 (MB), peak = 150.48 (MB)
Took 6 seconds: pin_access
global_route -congestion_report_file ./reports/sky130hs/gcd/slot1/congestion.rpt -congestion_iterations 30 -congestion_report_iter_step 5 -verbose
[INFO GRT-0020] Min routing layer: met1
[INFO GRT-0021] Max routing layer: met5
[INFO GRT-0022] Global adjustment: 0%
[INFO GRT-0023] Grid origin: (0, 0)
[INFO GRT-0088] Layer li1     Track-Pitch = 0.4800  line-2-Via Pitch: 0.3400
[INFO GRT-0088] Layer met1    Track-Pitch = 0.3700  line-2-Via Pitch: 0.3400
[INFO GRT-0088] Layer met2    Track-Pitch = 0.4800  line-2-Via Pitch: 0.3500
[INFO GRT-0088] Layer met3    Track-Pitch = 0.7400  line-2-Via Pitch: 0.6150
[INFO GRT-0088] Layer met4    Track-Pitch = 0.9600  line-2-Via Pitch: 1.0400
[INFO GRT-0088] Layer met5    Track-Pitch = 3.3300  line-2-Via Pitch: 3.1100
[INFO GRT-0003] Macros: 0
[INFO GRT-0004] Blockages: 171
[INFO GRT-0019] Found 6 clock nets.
[INFO GRT-0001] Minimum degree: 2
[INFO GRT-0002] Maximum degree: 24

[INFO GRT-0053] Routing resources analysis:
          Routing      Original      Derated      Resource
Layer     Direction    Resources     Resources    Reduction (%)
---------------------------------------------------------------
li1        Vertical            0             0          0.00%
met1       Horizontal       2256          1728          23.40%
met2       Vertical         1815          1397          23.03%
met3       Horizontal       1293          1012          21.73%
met4       Vertical          891           627          29.63%
met5       Horizontal        209           143          31.58%
---------------------------------------------------------------

[INFO GRT-0197] Via related to pin nodes: 2287
[INFO GRT-0198] Via related Steiner nodes: 24
[INFO GRT-0199] Via filling finished.
[INFO GRT-0111] Final number of vias: 2802
[INFO GRT-0112] Final usage 3D: 9679

[INFO GRT-0096] Final congestion report:
Layer         Resource        Demand        Usage (%)    Max H / Max V / Total Congestion
---------------------------------------------------------------------------------------
li1                  0             0            0.00%             0 /  0 /  0
met1              1728           646           37.38%             0 /  0 /  0
met2              1397           538           38.51%             0 /  0 /  0
met3              1012            50            4.94%             0 /  0 /  0
met4               627            39            6.22%             0 /  0 /  0
met5               143             0            0.00%             0 /  0 /  0
---------------------------------------------------------------------------------------
Total             4907          1273           25.94%             0 /  0 /  0

[INFO GRT-0018] Total wirelength: 15156 um
[INFO GRT-0014] Routed nets: 533
[INFO GRT-0303] Global routing runtime = 00:00:00
[WARNING STA-0450] virtual clock vclk_core_clock can not be propagated.
estimate_parasitics -global_routing
Perform buffer insertion and gate resizing...
repair_design -verbose
Iteration |   Area    | Resized | Buffers | Nets repaired | Remaining
---------------------------------------------------------------------
        0 |     +0.0% |       0 |       0 |             0 |       536
       10 |     +0.0% |       0 |       0 |             0 |       526
       20 |     +0.0% |       0 |       0 |             0 |       516
       30 |     +0.0% |       0 |       0 |             0 |       506
       40 |     +0.0% |       0 |       0 |             0 |       496
       50 |     +0.0% |       0 |       0 |             0 |       486
       60 |     +0.0% |       0 |       0 |             0 |       476
       70 |     +0.0% |       0 |       0 |             0 |       466
       80 |     +0.0% |       0 |       0 |             0 |       456
       90 |     +0.0% |       0 |       0 |             0 |       446
      100 |     +0.0% |       0 |       0 |             0 |       436
      110 |     +0.0% |       0 |       0 |             0 |       426
      120 |     +0.0% |       0 |       0 |             0 |       416
      130 |     +0.0% |       0 |       0 |             0 |       406
      140 |     +0.0% |       0 |       0 |             0 |       396
      150 |     +0.0% |       0 |       0 |             0 |       386
      160 |     +0.0% |       0 |       0 |             0 |       376
      170 |     +0.0% |       0 |       0 |             0 |       366
      180 |     +0.0% |       0 |       0 |             0 |       356
      190 |     +0.0% |       0 |       0 |             0 |       346
      200 |     +0.0% |       0 |       0 |             0 |       336
      210 |     +0.0% |       0 |       0 |             0 |       326
      220 |     +0.0% |       0 |       0 |             0 |       316
      230 |     +0.0% |       0 |       0 |             0 |       306
      240 |     +0.0% |       0 |       0 |             0 |       296
      250 |     +0.0% |       0 |       0 |             0 |       286
      260 |     +0.0% |       0 |       0 |             0 |       276
      270 |     +0.0% |       0 |       0 |             0 |       266
      280 |     +0.0% |       0 |       0 |             0 |       256
      290 |     +0.0% |       0 |       0 |             0 |       246
      300 |     +0.0% |       0 |       0 |             0 |       236
      310 |     +0.0% |       0 |       0 |             0 |       226
      320 |     +0.0% |       0 |       0 |             0 |       216
      330 |     +0.0% |       0 |       0 |             0 |       206
      340 |     +0.0% |       0 |       0 |             0 |       196
      350 |     +0.0% |       0 |       0 |             0 |       186
      360 |     +0.0% |       0 |       0 |             0 |       176
      370 |     +0.0% |       0 |       0 |             0 |       166
      380 |     +0.0% |       0 |       0 |             0 |       156
      390 |     +0.0% |       0 |       0 |             0 |       146
      400 |     +0.0% |       0 |       0 |             0 |       136
      410 |     +0.0% |       0 |       0 |             0 |       126
      420 |     +0.0% |       0 |       0 |             0 |       116
      430 |     +0.0% |       0 |       0 |             0 |       106
      440 |     +0.0% |       0 |       0 |             0 |        96
      450 |     +0.0% |       0 |       0 |             0 |        86
      460 |     +0.0% |       0 |       0 |             0 |        76
      470 |     +0.0% |       0 |       0 |             0 |        66
      480 |     +0.0% |       0 |       0 |             0 |        56
      490 |     +0.0% |       0 |       0 |             0 |        46
      500 |     +0.0% |       0 |       0 |             0 |        36
      510 |     +0.0% |       0 |       0 |             0 |        26
      520 |     +0.0% |       0 |       0 |             0 |        16
      530 |     +0.0% |       0 |       0 |             0 |         6
    final |     +0.0% |       0 |       0 |             0 |         0
---------------------------------------------------------------------
[INFO RSZ-0504] Runtime: 0.02s
global_route -start_incremental
detailed_placement
[INFO DPL-0006] Core area: 7646.75 um^2
[INFO DPL-0007] Movable instances area: 4830.36 um^2
[INFO DPL-0008] Fixed instances area within core: 134.27 um^2
[INFO DPL-0009] Utilization: 64.9%
[INFO DPL-0005] Diamond search max displacement: +/- 500 sites horizontally, +/- 100 rows vertically.
[INFO DPL-1102] Legalizing using negotiation legalizer.
[INFO DPL-1103] Negotiation base search window: +/-20 sites horizontally, +/-5 rows vertically 
	Automatic search window extension enabled.
	Search window extendable up to the max displacement cap of +/-500 sites, +/-100 rows near walls.
[INFO DPL-1104] NegotiationLegalizer DRC penalty: 5.
[INFO DPL-0392] Negotiation cell height distribution (1 unique row-count(s)):
[INFO DPL-0393]   height 1 row(s): 584 cells
[INFO DPL-0500] Runtime: 0.00s
Placement Analysis
---------------------------------
total displacement          0.0 u
average displacement        0.0 u
max displacement            0.0 u
original HPWL            8365.7 u
legalized HPWL           8365.7 u
delta HPWL                    0 %

global_route -end_incremental -congestion_report_file ./reports/sky130hs/gcd/slot1/congestion_post_repair_design.rpt
Repair setup and hold violations...
estimate_parasitics -global_routing
repair_timing -setup_margin 0 -hold_margin 0 -repair_tns 100 -verbose
[INFO RSZ-0100] Repair move sequence: UnbufferMove SizeUpMove SwapPinsMove BufferMove CloneMove SplitLoadMove 
[INFO RSZ-0094] Found 25 endpoints with setup violations.
[INFO RSZ-0099] Repairing 25 out of 25 (100.00%) violating endpoints...
   Iter   | Removed | Resized | Inserted | Cloned |  Pin  |   Area   |    WNS   |   StTNS    |   EnTNS    |  Viol  |  Worst  
          | Buffers |  Gates  | Buffers  |  Gates | Swaps |          |          |            |            | Endpts | St/EnPt 
------------------------------------------------------------------------------------------------------------------------------
       0* |       0 |       0 |        0 |      0 |     0 |    +0.0% |   -0.183 |       -4.0 |       -3.7 |     25 | dpath.b_reg.out\[0\]$_DFFE_PP_/DE
      10* |       0 |       8 |        1 |      0 |     0 |    +0.6% |   -0.034 |       -0.2 |       -0.5 |     25 | dpath.a_reg.out\[11\]$_DFFE_PP_/D
      20* |       0 |      14 |        4 |      0 |     2 |    +1.7% |   -0.046 |       -0.4 |       -0.7 |     25 | dpath.b_reg.out\[0\]$_DFFE_PP_/DE
      28* |       0 |       9 |        1 |      0 |     0 |    +0.6% |   -0.030 |       -0.2 |       -0.4 |     25 | dpath.b_reg.out\[0\]$_DFFE_PP_/DE
      30* |       0 |       9 |        2 |      0 |     0 |    +1.0% |   -0.050 |       -0.4 |       -0.8 |     25 | dpath.b_reg.out\[0\]$_DFFE_PP_/DE
      40* |       0 |      15 |        8 |      0 |     0 |    +2.3% |   -0.025 |       -0.2 |       -0.3 |     25 | dpath.b_reg.out\[0\]$_DFFE_PP_/DE
      50* |       2 |      18 |       14 |      0 |     0 |    +3.2% |   -0.006 |       -0.0 |       -0.0 |     25 | dpath.b_reg.out\[0\]$_DFFE_PP_/DE
      60* |       7 |      18 |       19 |      0 |     0 |    +3.2% |   -0.006 |       -0.0 |       -0.0 |     25 | dpath.b_reg.out\[0\]$_DFFE_PP_/DE
      70* |      12 |      18 |       24 |      0 |     0 |    +3.2% |   -0.006 |       -0.0 |       -0.0 |     25 | dpath.b_reg.out\[0\]$_DFFE_PP_/DE
      80* |      17 |      18 |       29 |      0 |     0 |    +3.2% |   -0.006 |       -0.0 |       -0.0 |     25 | dpath.b_reg.out\[0\]$_DFFE_PP_/DE
      90* |      22 |      18 |       34 |      0 |     0 |    +3.2% |   -0.006 |       -0.0 |       -0.0 |     25 | dpath.b_reg.out\[0\]$_DFFE_PP_/DE
      96* |       0 |      18 |       12 |      0 |     0 |    +3.2% |   -0.006 |       -0.0 |       -0.0 |     25 | dpath.b_reg.out\[0\]$_DFFE_PP_/DE
     100* |       2 |      18 |       13 |      0 |     0 |    +2.8% |   -0.007 |       -0.0 |       -0.0 |     25 | dpath.b_reg.out\[0\]$_DFFE_PP_/DE
     110* |       7 |      18 |       18 |      0 |     0 |    +2.8% |   -0.007 |       -0.0 |       -0.0 |     25 | dpath.b_reg.out\[0\]$_DFFE_PP_/DE
     120* |      12 |      18 |       23 |      0 |     0 |    +2.8% |   -0.007 |       -0.0 |       -0.0 |     25 | dpath.b_reg.out\[0\]$_DFFE_PP_/DE
     130* |      17 |      18 |       28 |      0 |     0 |    +2.8% |   -0.007 |       -0.0 |       -0.0 |     25 | dpath.b_reg.out\[0\]$_DFFE_PP_/DE
     140* |      22 |      18 |       33 |      0 |     0 |    +2.8% |   -0.007 |       -0.0 |       -0.0 |     25 | dpath.b_reg.out\[0\]$_DFFE_PP_/DE
     147* |       0 |      18 |       12 |      0 |     0 |    +3.2% |   -0.006 |       -0.0 |       -0.0 |     25 | dpath.b_reg.out\[0\]$_DFFE_PP_/DE
     150* |       1 |      18 |       13 |      0 |     0 |    +3.2% |   -0.006 |       -0.0 |       -0.0 |     25 | dpath.b_reg.out\[0\]$_DFFE_PP_/DE
     160* |       6 |      18 |       18 |      0 |     0 |    +3.2% |   -0.006 |       -0.0 |       -0.0 |     25 | dpath.b_reg.out\[0\]$_DFFE_PP_/DE
     170* |      11 |      18 |       23 |      0 |     0 |    +3.2% |   -0.006 |       -0.0 |       -0.0 |     25 | dpath.b_reg.out\[0\]$_DFFE_PP_/DE
     180* |      16 |      18 |       28 |      0 |     0 |    +3.2% |   -0.006 |       -0.0 |       -0.0 |     25 | dpath.b_reg.out\[0\]$_DFFE_PP_/DE
     190* |      21 |      18 |       33 |      0 |     0 |    +3.2% |   -0.006 |       -0.0 |       -0.0 |     25 | dpath.b_reg.out\[0\]$_DFFE_PP_/DE
     198* |       0 |      18 |       12 |      0 |     0 |    +3.2% |   -0.006 |       -0.0 |       -0.0 |     25 | dpath.b_reg.out\[0\]$_DFFE_PP_/DE
     200* |       1 |      18 |       12 |      0 |     0 |    +2.8% |   -0.007 |       -0.0 |       -0.0 |     25 | dpath.b_reg.out\[0\]$_DFFE_PP_/DE
     210* |       6 |      18 |       17 |      0 |     0 |    +2.8% |   -0.007 |       -0.0 |       -0.0 |     25 | dpath.b_reg.out\[0\]$_DFFE_PP_/DE
     220* |      11 |      18 |       22 |      0 |     0 |    +2.8% |   -0.007 |       -0.0 |       -0.0 |     25 | dpath.b_reg.out\[0\]$_DFFE_PP_/DE
     230* |      16 |      18 |       27 |      0 |     0 |    +2.8% |   -0.007 |       -0.0 |       -0.0 |     25 | dpath.b_reg.out\[0\]$_DFFE_PP_/DE
     240* |      21 |      18 |       32 |      0 |     0 |    +2.8% |   -0.007 |       -0.0 |       -0.0 |     25 | dpath.b_reg.out\[0\]$_DFFE_PP_/DE
     249* |       0 |      18 |       12 |      0 |     0 |    +3.2% |   -0.006 |       -0.0 |       -0.0 |     25 | dpath.b_reg.out\[0\]$_DFFE_PP_/DE
     250* |       0 |      18 |       12 |      0 |     0 |    +3.2% |   -0.006 |       -0.0 |       -0.0 |     25 | dpath.b_reg.out\[0\]$_DFFE_PP_/DE
     260* |       5 |      18 |       17 |      0 |     0 |    +3.2% |   -0.006 |       -0.0 |       -0.0 |     25 | dpath.b_reg.out\[0\]$_DFFE_PP_/DE
     270* |      10 |      18 |       22 |      0 |     0 |    +3.2% |   -0.006 |       -0.0 |       -0.0 |     25 | dpath.b_reg.out\[0\]$_DFFE_PP_/DE
     280* |      15 |      18 |       27 |      0 |     0 |    +3.2% |   -0.006 |       -0.0 |       -0.0 |     25 | dpath.b_reg.out\[0\]$_DFFE_PP_/DE
     290* |      20 |      18 |       32 |      0 |     0 |    +3.2% |   -0.006 |       -0.0 |       -0.0 |     25 | dpath.b_reg.out\[0\]$_DFFE_PP_/DE
     300* |      25 |      18 |       37 |      0 |     0 |    +3.2% |   -0.006 |       -0.0 |       -0.0 |     25 | dpath.b_reg.out\[0\]$_DFFE_PP_/DE
     300* |       0 |      18 |       12 |      0 |     0 |    +3.2% |   -0.006 |       -0.0 |       -0.0 |     25 | dpath.b_reg.out\[0\]$_DFFE_PP_/DE
     310* |       5 |      18 |       16 |      0 |     0 |    +2.8% |   -0.007 |       -0.0 |       -0.0 |     25 | dpath.b_reg.out\[0\]$_DFFE_PP_/DE
     320* |      10 |      18 |       21 |      0 |     0 |    +2.8% |   -0.007 |       -0.0 |       -0.0 |     25 | dpath.b_reg.out\[0\]$_DFFE_PP_/DE
     330* |      15 |      18 |       26 |      0 |     0 |    +2.8% |   -0.007 |       -0.0 |       -0.0 |     25 | dpath.b_reg.out\[0\]$_DFFE_PP_/DE
     340* |      20 |      18 |       31 |      0 |     0 |    +2.8% |   -0.007 |       -0.0 |       -0.0 |     25 | dpath.b_reg.out\[0\]$_DFFE_PP_/DE
     350* |      25 |      18 |       36 |      0 |     0 |    +2.8% |   -0.007 |       -0.0 |       -0.0 |     25 | dpath.b_reg.out\[0\]$_DFFE_PP_/DE
     351* |       0 |      18 |       12 |      0 |     0 |    +3.2% |   -0.006 |       -0.0 |       -0.0 |     25 | dpath.b_reg.out\[0\]$_DFFE_PP_/DE
     352* |       0 |      18 |       12 |      0 |     0 |    +3.2% |   -0.006 |       -0.0 |       -0.0 |     25 | dpath.b_reg.out\[0\]$_DFFE_PP_/DE
     360* |       4 |      18 |       15 |      0 |     0 |    +2.8% |   -0.007 |       -0.0 |       -0.0 |     25 | dpath.b_reg.out\[0\]$_DFFE_PP_/DE
     370* |       9 |      18 |       20 |      0 |     0 |    +2.8% |   -0.007 |       -0.0 |       -0.0 |     25 | dpath.b_reg.out\[0\]$_DFFE_PP_/DE
     380* |      14 |      18 |       25 |      0 |     0 |    +2.8% |   -0.007 |       -0.0 |       -0.0 |     25 | dpath.b_reg.out\[0\]$_DFFE_PP_/DE
     390* |      19 |      18 |       30 |      0 |     0 |    +2.8% |   -0.007 |       -0.0 |       -0.0 |     25 | dpath.b_reg.out\[0\]$_DFFE_PP_/DE
     400* |      24 |      18 |       35 |      0 |     0 |    +2.8% |   -0.007 |       -0.0 |       -0.0 |     25 | dpath.b_reg.out\[0\]$_DFFE_PP_/DE
     403* |       0 |      18 |       12 |      0 |     0 |    +3.2% |   -0.006 |       -0.0 |       -0.0 |     25 | dpath.b_reg.out\[0\]$_DFFE_PP_/DE
     410* |       3 |      18 |       15 |      0 |     0 |    +3.2% |   -0.006 |       -0.0 |       -0.0 |     25 | dpath.b_reg.out\[0\]$_DFFE_PP_/DE
     420* |       8 |      18 |       20 |      0 |     0 |    +3.2% |   -0.006 |       -0.0 |       -0.0 |     25 | dpath.b_reg.out\[0\]$_DFFE_PP_/DE
     430* |      13 |      18 |       25 |      0 |     0 |    +3.2% |   -0.006 |       -0.0 |       -0.0 |     25 | dpath.b_reg.out\[0\]$_DFFE_PP_/DE
     440* |      18 |      18 |       30 |      0 |     0 |    +3.2% |   -0.006 |       -0.0 |       -0.0 |     25 | dpath.b_reg.out\[0\]$_DFFE_PP_/DE
     450* |      23 |      18 |       35 |      0 |     0 |    +3.2% |   -0.006 |       -0.0 |       -0.0 |     25 | dpath.b_reg.out\[0\]$_DFFE_PP_/DE
     454* |       0 |      18 |       12 |      0 |     0 |    +3.2% |   -0.006 |       -0.0 |       -0.0 |     25 | dpath.b_reg.out\[0\]$_DFFE_PP_/DE
     460* |       3 |      18 |       14 |      0 |     0 |    +2.8% |   -0.007 |       -0.0 |       -0.0 |     25 | dpath.b_reg.out\[0\]$_DFFE_PP_/DE
     470* |       8 |      18 |       19 |      0 |     0 |    +2.8% |   -0.007 |       -0.0 |       -0.0 |     25 | dpath.b_reg.out\[0\]$_DFFE_PP_/DE
     480* |      13 |      18 |       24 |      0 |     0 |    +2.8% |   -0.007 |       -0.0 |       -0.0 |     25 | dpath.b_reg.out\[0\]$_DFFE_PP_/DE
     490* |      18 |      18 |       29 |      0 |     0 |    +2.8% |   -0.007 |       -0.0 |       -0.0 |     25 | dpath.b_reg.out\[0\]$_DFFE_PP_/DE
     500* |      23 |      18 |       34 |      0 |     0 |    +2.8% |   -0.007 |       -0.0 |       -0.0 |     25 | dpath.b_reg.out\[0\]$_DFFE_PP_/DE
     505* |       0 |      18 |       12 |      0 |     0 |    +3.2% |   -0.006 |       -0.0 |       -0.0 |     25 | dpath.b_reg.out\[0\]$_DFFE_PP_/DE
     510* |       2 |      18 |       14 |      0 |     0 |    +3.2% |   -0.006 |       -0.0 |       -0.0 |     25 | dpath.b_reg.out\[0\]$_DFFE_PP_/DE
     520* |       7 |      18 |       19 |      0 |     0 |    +3.2% |   -0.006 |       -0.0 |       -0.0 |     25 | dpath.b_reg.out\[0\]$_DFFE_PP_/DE
     530* |      12 |      18 |       24 |      0 |     0 |    +3.2% |   -0.006 |       -0.0 |       -0.0 |     25 | dpath.b_reg.out\[0\]$_DFFE_PP_/DE
     540* |      17 |      18 |       29 |      0 |     0 |    +3.2% |   -0.006 |       -0.0 |       -0.0 |     25 | dpath.b_reg.out\[0\]$_DFFE_PP_/DE
     550* |      22 |      18 |       34 |      0 |     0 |    +3.2% |   -0.006 |       -0.0 |       -0.0 |     25 | dpath.b_reg.out\[0\]$_DFFE_PP_/DE
     556* |       0 |      18 |       12 |      0 |     0 |    +3.2% |   -0.006 |       -0.0 |       -0.0 |     25 | dpath.b_reg.out\[0\]$_DFFE_PP_/DE
     560* |       2 |      18 |       13 |      0 |     0 |    +2.8% |   -0.007 |       -0.0 |       -0.0 |     25 | dpath.b_reg.out\[0\]$_DFFE_PP_/DE
     570* |       7 |      18 |       18 |      0 |     0 |    +2.8% |   -0.007 |       -0.0 |       -0.0 |     25 | dpath.b_reg.out\[0\]$_DFFE_PP_/DE
     580* |      12 |      18 |       23 |      0 |     0 |    +2.8% |   -0.007 |       -0.0 |       -0.0 |     25 | dpath.b_reg.out\[0\]$_DFFE_PP_/DE
     590* |      17 |      18 |       28 |      0 |     0 |    +2.8% |   -0.007 |       -0.0 |       -0.0 |     25 | dpath.b_reg.out\[0\]$_DFFE_PP_/DE
     600* |      22 |      18 |       33 |      0 |     0 |    +2.8% |   -0.007 |       -0.0 |       -0.0 |     25 | dpath.b_reg.out\[0\]$_DFFE_PP_/DE
     607* |       0 |      18 |       12 |      0 |     0 |    +3.2% |   -0.006 |       -0.0 |       -0.0 |     25 | dpath.b_reg.out\[0\]$_DFFE_PP_/DE
     610* |       1 |      18 |       13 |      0 |     0 |    +3.2% |   -0.006 |       -0.0 |       -0.0 |     25 | dpath.b_reg.out\[0\]$_DFFE_PP_/DE
     620* |       6 |      18 |       18 |      0 |     0 |    +3.2% |   -0.006 |       -0.0 |       -0.0 |     25 | dpath.b_reg.out\[0\]$_DFFE_PP_/DE
     630* |      11 |      18 |       23 |      0 |     0 |    +3.2% |   -0.006 |       -0.0 |       -0.0 |     25 | dpath.b_reg.out\[0\]$_DFFE_PP_/DE
     640* |      16 |      18 |       28 |      0 |     0 |    +3.2% |   -0.006 |       -0.0 |       -0.0 |     25 | dpath.b_reg.out\[0\]$_DFFE_PP_/DE
     650* |      21 |      18 |       33 |      0 |     0 |    +3.2% |   -0.006 |       -0.0 |       -0.0 |     25 | dpath.b_reg.out\[0\]$_DFFE_PP_/DE
     658* |       0 |      18 |       12 |      0 |     0 |    +3.2% |   -0.006 |       -0.0 |       -0.0 |     25 | dpath.b_reg.out\[0\]$_DFFE_PP_/DE
     660* |       1 |      18 |       12 |      0 |     0 |    +2.8% |   -0.007 |       -0.0 |       -0.0 |     25 | dpath.b_reg.out\[0\]$_DFFE_PP_/DE
     670* |       6 |      18 |       17 |      0 |     0 |    +2.8% |   -0.007 |       -0.0 |       -0.0 |     25 | dpath.b_reg.out\[0\]$_DFFE_PP_/DE
     680* |      11 |      18 |       22 |      0 |     0 |    +2.8% |   -0.007 |       -0.0 |       -0.0 |     25 | dpath.b_reg.out\[0\]$_DFFE_PP_/DE
     690* |      16 |      18 |       27 |      0 |     0 |    +2.8% |   -0.007 |       -0.0 |       -0.0 |     25 | dpath.b_reg.out\[0\]$_DFFE_PP_/DE
     700* |      21 |      18 |       32 |      0 |     0 |    +2.8% |   -0.007 |       -0.0 |       -0.0 |     25 | dpath.b_reg.out\[0\]$_DFFE_PP_/DE
     709* |       0 |      18 |       12 |      0 |     0 |    +3.2% |   -0.006 |       -0.0 |       -0.0 |     25 | dpath.b_reg.out\[0\]$_DFFE_PP_/DE
     710* |       0 |      18 |       12 |      0 |     0 |    +3.2% |   -0.006 |       -0.0 |       -0.0 |     25 | dpath.b_reg.out\[0\]$_DFFE_PP_/DE
     711* |       0 |      18 |       12 |      0 |     0 |    +3.2% |   -0.006 |       -0.0 |       -0.0 |     25 | dpath.b_reg.out\[0\]$_DFFE_PP_/DE
     713* |       0 |      19 |       12 |      0 |     0 |    +3.2% |   -0.006 |       -0.0 |       -0.0 |     25 | dpath.b_reg.out\[0\]$_DFFE_PP_/DE
     714* |       0 |      19 |       12 |      0 |     0 |    +3.2% |   -0.006 |       -0.0 |       -0.0 |     25 | dpath.b_reg.out\[0\]$_DFFE_PP_/DE
     715* |       0 |      19 |       12 |      0 |     0 |    +3.2% |   -0.006 |       -0.0 |       -0.0 |     25 | dpath.b_reg.out\[0\]$_DFFE_PP_/DE
     716* |       0 |      19 |       12 |      0 |     0 |    +3.2% |   -0.006 |       -0.0 |       -0.0 |     25 | dpath.b_reg.out\[0\]$_DFFE_PP_/DE
     717* |       0 |      19 |       12 |      0 |     0 |    +3.2% |   -0.006 |       -0.0 |       -0.0 |     25 | dpath.b_reg.out\[0\]$_DFFE_PP_/DE
     718* |       0 |      19 |       12 |      0 |     0 |    +3.2% |   -0.006 |       -0.0 |       -0.0 |     25 | dpath.b_reg.out\[0\]$_DFFE_PP_/DE
     719* |       0 |      19 |       12 |      0 |     0 |    +3.2% |   -0.006 |       -0.0 |       -0.0 |     25 | dpath.b_reg.out\[0\]$_DFFE_PP_/DE
     720* |       0 |      19 |       12 |      0 |     0 |    +3.2% |   -0.006 |       -0.0 |       -0.0 |     25 | dpath.b_reg.out\[0\]$_DFFE_PP_/DE
     720* |       0 |      19 |       12 |      0 |     0 |    +3.2% |   -0.006 |       -0.0 |       -0.0 |     25 | dpath.b_reg.out\[0\]$_DFFE_PP_/DE
     721* |       0 |      19 |       12 |      0 |     0 |    +3.2% |   -0.006 |       -0.0 |       -0.0 |     25 | dpath.b_reg.out\[0\]$_DFFE_PP_/DE
     721* |       0 |      19 |       12 |      0 |     0 |    +3.2% |   -0.006 |       -0.0 |       -0.0 |     25 | dpath.b_reg.out\[0\]$_DFFE_PP_/DE
     724+ |       0 |      20 |       12 |      0 |     1 |    +3.3% |   -0.004 |       -0.0 |       -0.0 |     15 | dpath.b_reg.out\[0\]$_DFFE_PP_/DE
     726+ |       0 |      20 |       12 |      0 |     2 |    +3.3% |   -0.004 |       -0.0 |       -0.0 |     15 | dpath.b_reg.out\[0\]$_DFFE_PP_/DE
     727+ |       0 |      20 |       12 |      0 |     2 |    +3.3% |   -0.004 |       -0.0 |       -0.0 |     15 | dpath.b_reg.out\[0\]$_DFFE_PP_/DE
     728+ |       0 |      20 |       12 |      0 |     2 |    +3.3% |   -0.004 |       -0.0 |       -0.0 |     15 | dpath.b_reg.out\[0\]$_DFFE_PP_/DE
     729+ |       0 |      20 |       12 |      0 |     2 |    +3.3% |   -0.004 |       -0.0 |       -0.0 |     15 | dpath.b_reg.out\[0\]$_DFFE_PP_/DE
     730+ |       0 |      20 |       12 |      0 |     2 |    +3.3% |   -0.004 |       -0.0 |       -0.0 |     15 | dpath.b_reg.out\[0\]$_DFFE_PP_/DE
     730+ |       0 |      20 |       12 |      0 |     2 |    +3.3% |   -0.004 |       -0.0 |       -0.0 |     15 | dpath.b_reg.out\[0\]$_DFFE_PP_/DE
     731+ |       0 |      20 |       12 |      0 |     2 |    +3.3% |   -0.004 |       -0.0 |       -0.0 |     15 | dpath.b_reg.out\[0\]$_DFFE_PP_/DE
     732+ |       0 |      20 |       12 |      0 |     2 |    +3.3% |   -0.004 |       -0.0 |       -0.0 |     15 | dpath.b_reg.out\[0\]$_DFFE_PP_/DE
     733+ |       0 |      20 |       12 |      0 |     2 |    +3.3% |   -0.004 |       -0.0 |       -0.0 |     15 | dpath.b_reg.out\[0\]$_DFFE_PP_/DE
     734+ |       0 |      20 |       12 |      0 |     2 |    +3.3% |   -0.004 |       -0.0 |       -0.0 |     15 | dpath.b_reg.out\[0\]$_DFFE_PP_/DE
     735+ |       0 |      20 |       12 |      0 |     2 |    +3.3% |   -0.004 |       -0.0 |       -0.0 |     15 | dpath.b_reg.out\[0\]$_DFFE_PP_/DE
     736+ |       0 |      20 |       12 |      0 |     2 |    +3.3% |   -0.004 |       -0.0 |       -0.0 |     15 | dpath.b_reg.out\[0\]$_DFFE_PP_/DE
     737+ |       0 |      20 |       12 |      0 |     2 |    +3.3% |   -0.004 |       -0.0 |       -0.0 |     15 | dpath.b_reg.out\[0\]$_DFFE_PP_/DE
     738+ |       0 |      20 |       12 |      0 |     2 |    +3.3% |   -0.004 |       -0.0 |       -0.0 |     15 | dpath.b_reg.out\[0\]$_DFFE_PP_/DE
     739+ |       0 |      20 |       12 |      0 |     2 |    +3.3% |   -0.004 |       -0.0 |       -0.0 |     15 | dpath.b_reg.out\[0\]$_DFFE_PP_/DE
    final |       0 |      20 |       12 |      0 |     2 |    +3.3% |   -0.004 |       -0.0 |       -0.0 |      6 | dpath.b_reg.out\[0\]$_DFFE_PP_/DE
------------------------------------------------------------------------------------------------------------------------------
[INFO RSZ-0040] Inserted 12 buffers.
[INFO RSZ-0051] Resized 20 instances: 20 up, 0 up match, 0 down, 0 VT
[INFO RSZ-0043] Swapped pins on 2 instances.
[WARNING RSZ-0062] Unable to repair all setup violations.
[INFO RSZ-0505] Runtime: 19.71s
[INFO RSZ-0033] No hold violations found.
[INFO RSZ-0506] Runtime: 0.00s
Took 20 seconds: repair_timing -setup_margin 0 -hold_margin 0 -repair_tns 100 -verbose
global_route -start_incremental
detailed_placement
[INFO DPL-0006] Core area: 7646.75 um^2
[INFO DPL-0007] Movable instances area: 4993.40 um^2
[INFO DPL-0008] Fixed instances area within core: 134.27 um^2
[INFO DPL-0009] Utilization: 67.1%
[INFO DPL-0005] Diamond search max displacement: +/- 500 sites horizontally, +/- 100 rows vertically.
[INFO DPL-1102] Legalizing using negotiation legalizer.
[INFO DPL-1103] Negotiation base search window: +/-20 sites horizontally, +/-5 rows vertically 
	Automatic search window extension enabled.
	Search window extendable up to the max displacement cap of +/-500 sites, +/-100 rows near walls.
[INFO DPL-1104] NegotiationLegalizer DRC penalty: 5.
[INFO DPL-0392] Negotiation cell height distribution (1 unique row-count(s)):
[INFO DPL-0393]   height 1 row(s): 596 cells
          |      Total |  Illegal |  Illegal
Iteration | Violations |    Cells |    Sites
---------------------------------------------
        0 |         18 |         4 |        14
        1 |          0 |         0 |         0
Negotiation phase 1 converged at iteration 1.
[INFO DPL-0500] Runtime: 0.00s
Placement Analysis
---------------------------------
total displacement        190.5 u
average displacement        0.3 u
max displacement           17.6 u
original HPWL            8462.4 u
legalized HPWL           8717.1 u
delta HPWL                    3 %

check_placement -verbose
global_route -end_incremental -congestion_report_file ./reports/sky130hs/gcd/slot1/congestion_post_repair_timing.rpt
estimate_parasitics -global_routing
repair_timing -setup -sequence "vt_swap reroute" -skip_last_gasp -repair_tns 0 -verbose
[INFO RSZ-0100] Repair move sequence: RerouteMove 
[INFO RSZ-0094] Found 16 endpoints with setup violations.
[INFO RSZ-0099] Repairing 1 out of 16 (0.00%) violating endpoints...
   Iter   | Removed | Resized | Inserted | Cloned |  Pin  |   Area   |    WNS   |   StTNS    |   EnTNS    |  Viol  |  Worst  
          | Buffers |  Gates  | Buffers  |  Gates | Swaps |          |          |            |            | Endpts | St/EnPt 
------------------------------------------------------------------------------------------------------------------------------
       0* |       0 |       0 |        0 |      0 |     0 |    +0.0% |   -0.017 |       -0.1 |       -0.2 |     16 | dpath.b_reg.out\[0\]$_DFFE_PP_/DE
       1* |       0 |       0 |        0 |      0 |     0 |    +0.0% |   -0.017 |       -0.1 |       -0.2 |     16 | dpath.b_reg.out\[0\]$_DFFE_PP_/DE
       1* |       0 |       0 |        0 |      0 |     0 |    +0.0% |   -0.017 |       -0.1 |       -0.2 |     16 | dpath.b_reg.out\[0\]$_DFFE_PP_/DE
    final |       0 |       0 |        0 |      0 |     0 |    +0.0% |   -0.017 |       -0.1 |       -0.2 |     16 | dpath.b_reg.out\[0\]$_DFFE_PP_/DE
------------------------------------------------------------------------------------------------------------------------------
[WARNING RSZ-0062] Unable to repair all setup violations.
[INFO RSZ-0505] Runtime: 0.06s
Repair antennas...
[INFO GRT-0012] Found 0 antenna violations.
[INFO ANT-0002] Found 0 net violations.
[INFO ANT-0001] Found 0 pin violations.
Estimate parasitics...
estimate_parasitics -global_routing
Report metrics stage 5, global route...

==========================================================================
global route report_design_area
--------------------------------------------------------------------------
Design area 5128 um^2 67% utilization.
[INFO FLW-0007] clock core_clock period 1.780000
[WARNING FLW-0010] more than one clock found. Skipping sdc update.
[INFO FLW-0011] Path endpoint path count 88
write_db ./results/sky130hs/gcd/slot1/5_1_grt.odb
write_sdc -no_timestamp ./results/sky130hs/gcd/slot1/5_1_grt.sdc
Log                       Ext     Elapsed/s Peak Memory/MB sha1sum result [0:20)
5_1_grt                   .odb           27            280 9335f5ff7ed61418e1ad
5_1_grt                   .sdc                             466790a08fb9be30051a
/root/OpenROAD-flow-scripts/flow/scripts/flow.sh 5_2_route detail_route
Running detail_route.tcl, stage 5_2_route
read_liberty /root/OpenROAD-flow-scripts/flow/platforms/sky130hs/lib/sky130_fd_sc_hs__tt_025C_1v80.lib
read_db ./results/sky130hs/gcd/slot1/5_1_grt.odb
read_sdc ./results/sky130hs/gcd/slot1/5_1_grt.sdc
source /root/OpenROAD-flow-scripts/flow/platforms/sky130hs/setRC.tcl
[WARNING STA-0450] virtual clock vclk_core_clock can not be propagated.
detailed_route -output_drc ./reports/sky130hs/gcd/slot1/5_route_drc.rpt -output_maze ./results/sky130hs/gcd/slot1/maze.log -droute_end_iter 64 -verbose 1 -drc_report_iter_step 5
[INFO DRT-0149] Reading tech and libs.
[WARNING DRT-0349] LEF58_ENCLOSURE with no CUTCLASS is not supported. Skipping for layer mcon
[WARNING DRT-0349] LEF58_ENCLOSURE with no CUTCLASS is not supported. Skipping for layer mcon
[WARNING DRT-0349] LEF58_ENCLOSURE with no CUTCLASS is not supported. Skipping for layer via
[WARNING DRT-0349] LEF58_ENCLOSURE with no CUTCLASS is not supported. Skipping for layer via
[WARNING DRT-0349] LEF58_ENCLOSURE with no CUTCLASS is not supported. Skipping for layer via2
[WARNING DRT-0349] LEF58_ENCLOSURE with no CUTCLASS is not supported. Skipping for layer via2
[WARNING DRT-0349] LEF58_ENCLOSURE with no CUTCLASS is not supported. Skipping for layer via3
[WARNING DRT-0349] LEF58_ENCLOSURE with no CUTCLASS is not supported. Skipping for layer via3
[WARNING DRT-0349] LEF58_ENCLOSURE with no CUTCLASS is not supported. Skipping for layer via4
[WARNING DRT-0349] LEF58_ENCLOSURE with no CUTCLASS is not supported. Skipping for layer via4

Units:                1000
Number of layers:     13
Number of macros:     390
Number of vias:       29
Number of viarulegen: 25

[INFO DRT-0150] Reading design.

Design:                   gcd
Die area:                 ( 0 0 ) ( 91235 91235 )
Number of track patterns: 12
Number of DEF vias:       0
Number of components:     596
Number of terminals:      56
Number of snets:          2
Number of nets:           545

[INFO DRT-0167] List of default vias:
  Layer via
    default via: M1M2_PR
  Layer via2
    default via: M2M3_PR
  Layer via3
    default via: M3M4_PR
  Layer via4
    default via: M4M5_PR
[INFO DRT-0162] Library cell analysis.
[INFO DRT-0163] Instance analysis.
[INFO DRT-0164] Number of unique instances = 77.
[INFO DRT-0168] Init region query.
[INFO DRT-0024]   Complete FR_MASTERSLICE.
[INFO DRT-0024]   Complete Fr_VIA.
[INFO DRT-0024]   Complete li1.
[INFO DRT-0024]   Complete mcon.
[INFO DRT-0024]   Complete met1.
[INFO DRT-0024]   Complete via.
[INFO DRT-0024]   Complete met2.
[INFO DRT-0024]   Complete via2.
[INFO DRT-0024]   Complete met3.
[INFO DRT-0024]   Complete via3.
[INFO DRT-0024]   Complete met4.
[INFO DRT-0024]   Complete via4.
[INFO DRT-0024]   Complete met5.
[INFO DRT-0033] FR_MASTERSLICE shape region query size = 0.
[INFO DRT-0033] FR_VIA shape region query size = 0.
[INFO DRT-0033] li1 shape region query size = 11312.
[INFO DRT-0033] mcon shape region query size = 6506.
[INFO DRT-0033] met1 shape region query size = 2437.
[INFO DRT-0033] via shape region query size = 405.
[INFO DRT-0033] met2 shape region query size = 272.
[INFO DRT-0033] via2 shape region query size = 324.
[INFO DRT-0033] met3 shape region query size = 268.
[INFO DRT-0033] via3 shape region query size = 324.
[INFO DRT-0033] met4 shape region query size = 105.
[INFO DRT-0033] via4 shape region query size = 18.
[INFO DRT-0033] met5 shape region query size = 30.
[INFO DRT-0165] Start pin access.
[INFO DRT-0078]   Complete 540 pins.
[INFO DRT-0081]   Complete 77 unique inst patterns.
[INFO DRT-0084]   Complete 293 groups.
#scanned instances     = 596
#unique  instances     = 77
#stdCellGenAp          = 1558
#stdCellValidPlanarAp  = 0
#stdCellValidViaAp     = 1253
#stdCellPinNoAp        = 0
#stdCellPinCnt         = 1532
#instTermValidViaApCnt = 0
#macroGenAp            = 0
#macroValidPlanarAp    = 0
#macroValidViaAp       = 0
#macroNoAp             = 0
[INFO DRT-0166] Complete pin access.
[INFO DRT-0267] cpu time = 00:00:07, elapsed time = 00:00:07, memory = 245.37 (MB), peak = 245.37 (MB)

[INFO DRT-0157] Number of guides:     3229

[INFO DRT-0169] Post process guides.
[INFO DRT-0176] GCELLGRID X 0 DO 12 STEP 7200 ;
[INFO DRT-0177] GCELLGRID Y 0 DO 12 STEP 7200 ;
[INFO DRT-0028]   Complete FR_MASTERSLICE.
[INFO DRT-0028]   Complete Fr_VIA.
[INFO DRT-0028]   Complete li1.
[INFO DRT-0028]   Complete mcon.
[INFO DRT-0028]   Complete met1.
[INFO DRT-0028]   Complete via.
[INFO DRT-0028]   Complete met2.
[INFO DRT-0028]   Complete via2.
[INFO DRT-0028]   Complete met3.
[INFO DRT-0028]   Complete via3.
[INFO DRT-0028]   Complete met4.
[INFO DRT-0028]   Complete via4.
[INFO DRT-0028]   Complete met5.
[INFO DRT-0178] Init guide query.
[INFO DRT-0035]   Complete FR_MASTERSLICE (guide).
[INFO DRT-0035]   Complete Fr_VIA (guide).
[INFO DRT-0035]   Complete li1 (guide).
[INFO DRT-0035]   Complete mcon (guide).
[INFO DRT-0035]   Complete met1 (guide).
[INFO DRT-0035]   Complete via (guide).
[INFO DRT-0035]   Complete met2 (guide).
[INFO DRT-0035]   Complete via2 (guide).
[INFO DRT-0035]   Complete met3 (guide).
[INFO DRT-0035]   Complete via3 (guide).
[INFO DRT-0035]   Complete met4 (guide).
[INFO DRT-0035]   Complete via4 (guide).
[INFO DRT-0035]   Complete met5 (guide).
[INFO DRT-0036] FR_MASTERSLICE guide region query size = 0.
[INFO DRT-0036] FR_VIA guide region query size = 0.
[INFO DRT-0036] li1 guide region query size = 1205.
[INFO DRT-0036] mcon guide region query size = 0.
[INFO DRT-0036] met1 guide region query size = 947.
[INFO DRT-0036] via guide region query size = 0.
[INFO DRT-0036] met2 guide region query size = 448.
[INFO DRT-0036] via2 guide region query size = 0.
[INFO DRT-0036] met3 guide region query size = 35.
[INFO DRT-0036] via3 guide region query size = 0.
[INFO DRT-0036] met4 guide region query size = 5.
[INFO DRT-0036] via4 guide region query size = 0.
[INFO DRT-0036] met5 guide region query size = 0.
[INFO DRT-0179] Init gr pin query.
[INFO DRT-0267] cpu time = 00:00:00, elapsed time = 00:00:00, memory = 246.49 (MB), peak = 246.49 (MB)
[INFO DRT-0245] skipped writing guide updates to database.
[INFO DRT-0181] Start track assignment.
[INFO DRT-0184] Done with 1658 vertical wires in 1 frboxes and 982 horizontal wires in 1 frboxes.
[INFO DRT-0186] Done with 161 vertical wires in 1 frboxes and 302 horizontal wires in 1 frboxes.
[INFO DRT-0182] Complete track assignment.
[INFO DRT-0267] cpu time = 00:00:00, elapsed time = 00:00:00, memory = 249.68 (MB), peak = 249.68 (MB)
[INFO DRT-0187] Start routing data preparation.
[INFO DRT-0267] cpu time = 00:00:00, elapsed time = 00:00:00, memory = 249.87 (MB), peak = 249.87 (MB)
[INFO DRT-0194] Start detail routing.
[INFO DRT-0195] Start 0th optimization iteration.
    Completing 20% with 0 violations.
    elapsed time = 00:00:01, memory = 262.95 (MB).
    Completing 50% with 34 violations.
    elapsed time = 00:00:02, memory = 285.07 (MB).
    Completing 70% with 65 violations.
    elapsed time = 00:00:02, memory = 285.07 (MB).
    Completing 100% with 103 violations.
    elapsed time = 00:00:02, memory = 285.07 (MB).
[INFO DRT-0199]   Number of violations = 106.
Viol/Layer        met1   met2   met4
Metal Spacing       15      2      2
Recheck              3      0      0
Short               82      2      0
[INFO DRT-0267] cpu time = 00:00:02, elapsed time = 00:00:02, memory = 613.20 (MB), peak = 613.20 (MB)
Total wire length = 9742 um.
Total wire length on LAYER li1 = 0 um.
Total wire length on LAYER met1 = 5176 um.
Total wire length on LAYER met2 = 4205 um.
Total wire length on LAYER met3 = 255 um.
Total wire length on LAYER met4 = 105 um.
Total wire length on LAYER met5 = 0 um.
Total number of vias = 2925.
Up-via summary (total 2925):

-----------------------
 FR_MASTERSLICE       0
            li1    1556
           met1    1324
           met2      38
           met3       7
           met4       0
-----------------------
               2925


[INFO DRT-0195] Start 1st optimization iteration.
    Completing 20% with 106 violations.
    elapsed time = 00:00:00, memory = 613.39 (MB).
    Completing 50% with 109 violations.
    elapsed time = 00:00:01, memory = 613.39 (MB).
    Completing 70% with 94 violations.
    elapsed time = 00:00:01, memory = 613.39 (MB).
    Completing 100% with 55 violations.
    elapsed time = 00:00:03, memory = 613.39 (MB).
[INFO DRT-0199]   Number of violations = 55.
Viol/Layer        met1   met2
Metal Spacing       11      3
Short               40      1
[INFO DRT-0267] cpu time = 00:00:03, elapsed time = 00:00:03, memory = 613.57 (MB), peak = 613.57 (MB)
Total wire length = 9685 um.
Total wire length on LAYER li1 = 0 um.
Total wire length on LAYER met1 = 5160 um.
Total wire length on LAYER met2 = 4167 um.
Total wire length on LAYER met3 = 253 um.
Total wire length on LAYER met4 = 104 um.
Total wire length on LAYER met5 = 0 um.
Total number of vias = 2911.
Up-via summary (total 2911):

-----------------------
 FR_MASTERSLICE       0
            li1    1552
           met1    1315
           met2      36
           met3       8
           met4       0
-----------------------
               2911


[INFO DRT-0195] Start 2nd optimization iteration.
    Completing 10% with 55 violations.
    elapsed time = 00:00:00, memory = 613.57 (MB).
    Completing 20% with 55 violations.
    elapsed time = 00:00:00, memory = 613.57 (MB).
    Completing 30% with 55 violations.
    elapsed time = 00:00:00, memory = 613.57 (MB).
    Completing 40% with 55 violations.
    elapsed time = 00:00:00, memory = 613.57 (MB).
    Completing 50% with 59 violations.
    elapsed time = 00:00:00, memory = 613.57 (MB).
    Completing 60% with 59 violations.
    elapsed time = 00:00:00, memory = 613.57 (MB).
    Completing 70% with 55 violations.
    elapsed time = 00:00:00, memory = 613.57 (MB).
    Completing 80% with 55 violations.
    elapsed time = 00:00:01, memory = 613.57 (MB).
    Completing 100% with 89 violations.
    elapsed time = 00:00:02, memory = 613.57 (MB).
[INFO DRT-0199]   Number of violations = 89.
Viol/Layer        met1   met2
Metal Spacing       15      4
Short               70      0
[INFO DRT-0267] cpu time = 00:00:02, elapsed time = 00:00:02, memory = 613.57 (MB), peak = 613.57 (MB)
Total wire length = 9660 um.
Total wire length on LAYER li1 = 0 um.
Total wire length on LAYER met1 = 5109 um.
Total wire length on LAYER met2 = 4171 um.
Total wire length on LAYER met3 = 275 um.
Total wire length on LAYER met4 = 104 um.
Total wire length on LAYER met5 = 0 um.
Total number of vias = 2918.
Up-via summary (total 2918):

-----------------------
 FR_MASTERSLICE       0
            li1    1556
           met1    1316
           met2      39
           met3       7
           met4       0
-----------------------
               2918


[INFO DRT-0195] Start 3rd guides tiles iteration.
    Completing 30% with 89 violations.
    elapsed time = 00:00:07, memory = 613.57 (MB).
    Completing 60% with 9 violations.
    elapsed time = 00:00:08, memory = 613.57 (MB).
    Completing 100% with 0 violations.
    elapsed time = 00:00:08, memory = 613.57 (MB).
[INFO DRT-0199]   Number of violations = 0.
[INFO DRT-0267] cpu time = 00:00:08, elapsed time = 00:00:08, memory = 613.57 (MB), peak = 613.57 (MB)
Total wire length = 9669 um.
Total wire length on LAYER li1 = 0 um.
Total wire length on LAYER met1 = 4973 um.
Total wire length on LAYER met2 = 4196 um.
Total wire length on LAYER met3 = 395 um.
Total wire length on LAYER met4 = 104 um.
Total wire length on LAYER met5 = 0 um.
Total number of vias = 2937.
Up-via summary (total 2937):

-----------------------
 FR_MASTERSLICE       0
            li1    1555
           met1    1317
           met2      58
           met3       7
           met4       0
-----------------------
               2937


[INFO DRT-0198] Complete detail routing.
Total wire length = 9669 um.
Total wire length on LAYER li1 = 0 um.
Total wire length on LAYER met1 = 4973 um.
Total wire length on LAYER met2 = 4196 um.
Total wire length on LAYER met3 = 395 um.
Total wire length on LAYER met4 = 104 um.
Total wire length on LAYER met5 = 0 um.
Total number of vias = 2937.
Up-via summary (total 2937):

-----------------------
 FR_MASTERSLICE       0
            li1    1555
           met1    1317
           met2      58
           met3       7
           met4       0
-----------------------
               2937


[INFO DRT-0267] cpu time = 00:00:17, elapsed time = 00:00:17, memory = 613.57 (MB), peak = 613.57 (MB)

[INFO DRT-0180] Post processing.
[INFO DRT-0501] Runtime: 24.90s
Took 25 seconds: detailed_route -output_drc ./reports/sky130hs/gcd/slot1/5_route_drc.rpt -output_maze ./results/sky130hs/gcd/slot1/maze.log -droute_end_iter 64 -verbose 1 -drc_report_iter_step 5
[INFO GRT-0012] Found 0 antenna violations.
[INFO ANT-0002] Found 0 net violations.
[INFO ANT-0001] Found 0 pin violations.
[INFO ANT-0002] Found 0 net violations.
[INFO ANT-0001] Found 0 pin violations.
Design area 5128 um^2 67% utilization.
write_db ./results/sky130hs/gcd/slot1/5_2_route.odb
Log                       Ext     Elapsed/s Peak Memory/MB sha1sum result [0:20)
5_2_route                 .odb           25            613 130feb864d0a1baf4b14
/root/OpenROAD-flow-scripts/flow/scripts/flow.sh 5_3_fillcell fillcell
Running fillcell.tcl, stage 5_3_fillcell
read_liberty /root/OpenROAD-flow-scripts/flow/platforms/sky130hs/lib/sky130_fd_sc_hs__tt_025C_1v80.lib
read_db ./results/sky130hs/gcd/slot1/5_2_route.odb
read_sdc ./results/sky130hs/gcd/slot1/5_1_grt.sdc
source /root/OpenROAD-flow-scripts/flow/platforms/sky130hs/setRC.tcl
[WARNING STA-0450] virtual clock vclk_core_clock can not be propagated.
filler_placement "sky130_fd_sc_hs__fill_1 sky130_fd_sc_hs__fill_2 sky130_fd_sc_hs__fill_4 sky130_fd_sc_hs__fill_8"
[INFO DPL-0001] Placed 530 filler instances.
Design area 5128 um^2 67% utilization.
write_db ./results/sky130hs/gcd/slot1/5_3_fillcell.odb
Log                       Ext     Elapsed/s Peak Memory/MB sha1sum result [0:20)
5_3_fillcell              .odb            0            147 1c22e891ede15f16dd40
cp ./results/sky130hs/gcd/slot1/5_3_fillcell.odb ./results/sky130hs/gcd/slot1/5_route.odb
cp ./results/sky130hs/gcd/slot1/5_1_grt.sdc ./results/sky130hs/gcd/slot1/5_route.sdc
make: Leaving directory '/root/OpenROAD-flow-scripts/flow'

STDERR:
bash: /opt/miniconda/lib/libtinfo.so.6: no version information available (required by bash)
bash: /opt/miniconda/lib/libtinfo.so.6: no version information available (required by bash)
bash: /opt/miniconda/lib/libtinfo.so.6: no version information available (required by bash)
bash: /opt/miniconda/lib/libtinfo.so.6: no version information available (required by bash)
bash: /opt/miniconda/lib/libtinfo.so.6: no version information available (required by bash)
bash: /opt/miniconda/lib/libtinfo.so.6: no version information available (required by bash)
bash: /opt/miniconda/lib/libtinfo.so.6: no version information available (required by bash)
bash: /opt/miniconda/lib/libtinfo.so.6: no version information available (required by bash)
bash: /opt/miniconda/lib/libtinfo.so.6: no version information available (required by bash)
bash: /opt/miniconda/lib/libtinfo.so.6: no version information available (required by bash)
bash: /opt/miniconda/lib/libtinfo.so.6: no version information available (required by bash)
bash: /opt/miniconda/lib/libtinfo.so.6: no version information available (required by bash)
bash: /opt/miniconda/lib/libtinfo.so.6: no version information available (required by bash)
bash: /opt/miniconda/lib/libtinfo.so.6: no version information available (required by bash)
bash: /opt/miniconda/lib/libtinfo.so.6: no version information available (required by bash)
bash: /opt/miniconda/lib/libtinfo.so.6: no version information available (required by bash)
bash: /opt/miniconda/lib/libtinfo.so.6: no version information available (required by bash)
bash: /opt/miniconda/lib/libtinfo.so.6: no version information available (required by bash)
bash: /opt/miniconda/lib/libtinfo.so.6: no version information available (required by bash)
bash: /opt/miniconda/lib/libtinfo.so.6: no version information available (required by bash)
bash: /opt/miniconda/lib/libtinfo.so.6: no version information available (required by bash)
bash: /opt/miniconda/lib/libtinfo.so.6: no version information available (required by bash)
bash: /opt/miniconda/lib/libtinfo.so.6: no version information available (required by bash)
bash: /opt/miniconda/lib/libtinfo.so.6: no version information available (required by bash)
Elapsed time: 0:27.26[h:]min:sec. CPU time: user 27.02 sys 0.23 (99%). Peak memory: 287736KB.
bash: /opt/miniconda/lib/libtinfo.so.6: no version information available (required by bash)
bash: /opt/miniconda/lib/libtinfo.so.6: no version information available (required by bash)
bash: /opt/miniconda/lib/libtinfo.so.6: no version information available (required by bash)
bash: /opt/miniconda/lib/libtinfo.so.6: no version information available (required by bash)
bash: /opt/miniconda/lib/libtinfo.so.6: no version information available (required by bash)
bash: /opt/miniconda/lib/libtinfo.so.6: no version information available (required by bash)
bash: /opt/miniconda/lib/libtinfo.so.6: no version information available (required by bash)
bash: /opt/miniconda/lib/libtinfo.so.6: no version information available (required by bash)
bash: /opt/miniconda/lib/libtinfo.so.6: no version information available (required by bash)
bash: /opt/miniconda/lib/libtinfo.so.6: no version information available (required by bash)
bash: /opt/miniconda/lib/libtinfo.so.6: no version information available (required by bash)
bash: /opt/miniconda/lib/libtinfo.so.6: no version information available (required by bash)
bash: /opt/miniconda/lib/libtinfo.so.6: no version information available (required by bash)
bash: /opt/miniconda/lib/libtinfo.so.6: no version information available (required by bash)
Elapsed time: 0:25.95[h:]min:sec. CPU time: user 25.74 sys 0.21 (100%). Peak memory: 628492KB.
bash: /opt/miniconda/lib/libtinfo.so.6: no version information available (required by bash)
bash: /opt/miniconda/lib/libtinfo.so.6: no version information available (required by bash)
bash: /opt/miniconda/lib/libtinfo.so.6: no version information available (required by bash)
bash: /opt/miniconda/lib/libtinfo.so.6: no version information available (required by bash)
bash: /opt/miniconda/lib/libtinfo.so.6: no version information available (required by bash)
bash: /opt/miniconda/lib/libtinfo.so.6: no version information available (required by bash)
bash: /opt/miniconda/lib/libtinfo.so.6: no version information available (required by bash)
bash: /opt/miniconda/lib/libtinfo.so.6: no version information available (required by bash)
bash: /opt/miniconda/lib/libtinfo.so.6: no version information available (required by bash)
bash: /opt/miniconda/lib/libtinfo.so.6: no version information available (required by bash)
bash: /opt/miniconda/lib/libtinfo.so.6: no version information available (required by bash)
bash: /opt/miniconda/lib/libtinfo.so.6: no version information available (required by bash)
bash: /opt/miniconda/lib/libtinfo.so.6: no version information available (required by bash)
bash: /opt/miniconda/lib/libtinfo.so.6: no version information available (required by bash)
Elapsed time: 0:00.73[h:]min:sec. CPU time: user 0.67 sys 0.05 (99%). Peak memory: 150720KB.
bash: /opt/miniconda/lib/libtinfo.so.6: no version information available (required by bash)
bash: /opt/miniconda/lib/libtinfo.so.6: no version information available (required by bash)
bash: /opt/miniconda/lib/libtinfo.so.6: no version information available (required by bash)
bash: /opt/miniconda/lib/libtinfo.so.6: no version information available (required by bash)
bash: /opt/miniconda/lib/libtinfo.so.6: no version information available (required by bash)
bash: /opt/miniconda/lib/libtinfo.so.6: no version information available (required by bash)
bash: /opt/miniconda/lib/libtinfo.so.6: no version information available (required by bash)
bash: /opt/miniconda/lib/libtinfo.so.6: no version information available (required by bash)
bash: /opt/miniconda/lib/libtinfo.so.6: no version information available (required by bash)
bash: /opt/miniconda/lib/libtinfo.so.6: no version information available (required by bash)
bash: /opt/miniconda/lib/libtinfo.so.6: no version information available (required by bash)
bash: /opt/miniconda/lib/libtinfo.so.6: no version information available (required by bash)
bash: /opt/miniconda/lib/libtinfo.so.6: no version information available (required by bash)
bash: /opt/miniconda/lib/libtinfo.so.6: no version information available (required by bash)
bash: /opt/miniconda/lib/libtinfo.so.6: no version information available (required by bash)
bash: /opt/miniconda/lib/libtinfo.so.6: no version information available (required by bash)
bash: /opt/miniconda/lib/libtinfo.so.6: no version information available (required by bash)
bash: /opt/miniconda/lib/libtinfo.so.6: no version information available (required by bash)
bash: /opt/miniconda/lib/libtinfo.so.6: no version information available (required by bash)
bash: /opt/miniconda/lib/libtinfo.so.6: no version information available (required by bash)
bash: /opt/miniconda/lib/libtinfo.so.6: no version information available (required by bash)
bash: /opt/miniconda/lib/libtinfo.so.6: no version information available (required by bash)
bash: /opt/miniconda/lib/libtinfo.so.6: no version information available (required by bash)
bash: /opt/miniconda/lib/libtinfo.so.6: no version information available (required by bash)
bash: /opt/miniconda/lib/libtinfo.so.6: no version information available (required by bash)
bash: /opt/miniconda/lib/libtinfo.so.6: no version information available (required by bash)
