
==========================================================================
finish report_tns
--------------------------------------------------------------------------
tns max 0.00

==========================================================================
finish report_wns
--------------------------------------------------------------------------
wns max 0.00

==========================================================================
finish report_worst_slack
--------------------------------------------------------------------------
worst slack max 0.10

==========================================================================
finish report_clock_min_period
--------------------------------------------------------------------------
core_clock period_min = 1.68 fmax = 596.07
vclk_core_clock period_min = 0.00 fmax = inf

==========================================================================
finish report_clock_skew
--------------------------------------------------------------------------
Clock core_clock
   0.23 source latency ctrl.state.out[2]$_DFF_P_/CLK ^
  -0.23 target latency dpath.a_reg.out[4]$_DFFE_PP_/CLK ^
   0.00 CRPR
--------------
  -0.00 setup skew

Clock vclk_core_clock
No launch/capture paths found.


==========================================================================
finish report_checks -path_delay min
--------------------------------------------------------------------------
Startpoint: ctrl.state.out[1]$_DFF_P_
            (rising edge-triggered flip-flop clocked by core_clock)
Endpoint: ctrl.state.out[1]$_DFF_P_
          (rising edge-triggered flip-flop clocked by core_clock)
Path Group: core_clock
Path Type: min

Fanout     Cap    Slew   Delay    Time   Description
-----------------------------------------------------------------------------
                          0.00    0.00   clock core_clock (rise edge)
                          0.00    0.00   clock source latency
     1    0.02    0.00    0.00    0.00 ^ clk (in)
                                         clk (net)
                  0.00    0.00    0.00 ^ clkbuf_0_clk/A (sky130_fd_sc_hs__clkbuf_8)
     4    0.03    0.05    0.10    0.10 ^ clkbuf_0_clk/X (sky130_fd_sc_hs__clkbuf_8)
                                         clknet_0_clk (net)
                  0.05    0.00    0.10 ^ clkbuf_2_0__f_clk/A (sky130_fd_sc_hs__clkbuf_8)
    10    0.04    0.06    0.13    0.23 ^ clkbuf_2_0__f_clk/X (sky130_fd_sc_hs__clkbuf_8)
                                         clknet_2_0__leaf_clk (net)
                  0.06    0.00    0.23 ^ ctrl.state.out[1]$_DFF_P_/CLK (sky130_fd_sc_hs__dfxtp_1)
     2    0.01    0.06    0.20    0.44 ^ ctrl.state.out[1]$_DFF_P_/Q (sky130_fd_sc_hs__dfxtp_1)
                                         ctrl.state.out[1] (net)
                  0.06    0.00    0.44 ^ _635_/B (sky130_fd_sc_hs__nand2_1)
     1    0.00    0.03    0.04    0.48 v _635_/Y (sky130_fd_sc_hs__nand2_1)
                                         _291_ (net)
                  0.03    0.00    0.48 v _636_/B1 (sky130_fd_sc_hs__o31ai_1)
     1    0.00    0.03    0.04    0.51 ^ _636_/Y (sky130_fd_sc_hs__o31ai_1)
                                         _001_ (net)
                  0.03    0.00    0.51 ^ ctrl.state.out[1]$_DFF_P_/D (sky130_fd_sc_hs__dfxtp_1)
                                  0.51   data arrival time

                          0.00    0.00   clock core_clock (rise edge)
                          0.00    0.00   clock source latency
     1    0.02    0.00    0.00    0.00 ^ clk (in)
                                         clk (net)
                  0.00    0.00    0.00 ^ clkbuf_0_clk/A (sky130_fd_sc_hs__clkbuf_8)
     4    0.03    0.05    0.10    0.10 ^ clkbuf_0_clk/X (sky130_fd_sc_hs__clkbuf_8)
                                         clknet_0_clk (net)
                  0.05    0.00    0.10 ^ clkbuf_2_0__f_clk/A (sky130_fd_sc_hs__clkbuf_8)
    10    0.04    0.06    0.13    0.23 ^ clkbuf_2_0__f_clk/X (sky130_fd_sc_hs__clkbuf_8)
                                         clknet_2_0__leaf_clk (net)
                  0.06    0.00    0.23 ^ ctrl.state.out[1]$_DFF_P_/CLK (sky130_fd_sc_hs__dfxtp_1)
                          0.00    0.23   clock reconvergence pessimism
                          0.01    0.25   library hold time
                                  0.25   data required time
-----------------------------------------------------------------------------
                                  0.25   data required time
                                 -0.51   data arrival time
-----------------------------------------------------------------------------
                                  0.27   slack (MET)


Startpoint: ctrl.state.out[2]$_DFF_P_
            (rising edge-triggered flip-flop clocked by core_clock)
Endpoint: resp_val (output port clocked by vclk_core_clock)
Path Group: vclk_core_clock
Path Type: min

Fanout     Cap    Slew   Delay    Time   Description
-----------------------------------------------------------------------------
                          0.00    0.00   clock core_clock (rise edge)
                          0.00    0.00   clock source latency
     1    0.02    0.00    0.00    0.00 ^ clk (in)
                                         clk (net)
                  0.00    0.00    0.00 ^ clkbuf_0_clk/A (sky130_fd_sc_hs__clkbuf_8)
     4    0.03    0.05    0.10    0.10 ^ clkbuf_0_clk/X (sky130_fd_sc_hs__clkbuf_8)
                                         clknet_0_clk (net)
                  0.05    0.00    0.10 ^ clkbuf_2_0__f_clk/A (sky130_fd_sc_hs__clkbuf_8)
    10    0.04    0.06    0.13    0.23 ^ clkbuf_2_0__f_clk/X (sky130_fd_sc_hs__clkbuf_8)
                                         clknet_2_0__leaf_clk (net)
                  0.06    0.00    0.23 ^ ctrl.state.out[2]$_DFF_P_/CLK (sky130_fd_sc_hs__dfxtp_1)
     2    0.01    0.06    0.20    0.43 ^ ctrl.state.out[2]$_DFF_P_/Q (sky130_fd_sc_hs__dfxtp_1)
                                         ctrl.state.out[2] (net)
                  0.06    0.00    0.43 ^ _627_/B (sky130_fd_sc_hs__nor3b_1)
     2    0.01    0.04    0.05    0.49 v _627_/Y (sky130_fd_sc_hs__nor3b_1)
                                         net53 (net)
                  0.04    0.00    0.49 v output53/A (sky130_fd_sc_hs__buf_1)
     1    0.00    0.01    0.06    0.55 v output53/X (sky130_fd_sc_hs__buf_1)
                                         resp_val (net)
                  0.01    0.00    0.55 v resp_val (out)
                                  0.55   data arrival time

                  0.00    0.00    0.00   clock vclk_core_clock (rise edge)
                          0.23    0.23   clock network delay (ideal)
                          0.00    0.23   clock reconvergence pessimism
                         -0.36   -0.12   output external delay
                                 -0.12   data required time
-----------------------------------------------------------------------------
                                 -0.12   data required time
                                 -0.55   data arrival time
-----------------------------------------------------------------------------
                                  0.67   slack (MET)



==========================================================================
finish report_checks -path_delay max
--------------------------------------------------------------------------
Startpoint: dpath.b_reg.out[5]$_DFFE_PP_
            (rising edge-triggered flip-flop clocked by core_clock)
Endpoint: dpath.b_reg.out[15]$_DFFE_PP_
          (rising edge-triggered flip-flop clocked by core_clock)
Path Group: core_clock
Path Type: max

Fanout     Cap    Slew   Delay    Time   Description
-----------------------------------------------------------------------------
                          0.00    0.00   clock core_clock (rise edge)
                          0.00    0.00   clock source latency
     1    0.02    0.00    0.00    0.00 ^ clk (in)
                                         clk (net)
                  0.00    0.00    0.00 ^ clkbuf_0_clk/A (sky130_fd_sc_hs__clkbuf_8)
     4    0.03    0.05    0.10    0.10 ^ clkbuf_0_clk/X (sky130_fd_sc_hs__clkbuf_8)
                                         clknet_0_clk (net)
                  0.05    0.00    0.10 ^ clkbuf_2_0__f_clk/A (sky130_fd_sc_hs__clkbuf_8)
    10    0.04    0.06    0.13    0.23 ^ clkbuf_2_0__f_clk/X (sky130_fd_sc_hs__clkbuf_8)
                                         clknet_2_0__leaf_clk (net)
                  0.06    0.00    0.23 ^ dpath.b_reg.out[5]$_DFFE_PP_/CLK (sky130_fd_sc_hs__edfxtp_1)
     4    0.02    0.10    0.25    0.48 v dpath.b_reg.out[5]$_DFFE_PP_/Q (sky130_fd_sc_hs__edfxtp_1)
                                         dpath.a_lt_b$in1[5] (net)
                  0.10    0.00    0.48 v _380_/A_N (sky130_fd_sc_hs__nand2b_1)
     2    0.01    0.07    0.14    0.62 v _380_/Y (sky130_fd_sc_hs__nand2b_1)
                                         _063_ (net)
                  0.07    0.00    0.62 v _445_/B (sky130_fd_sc_hs__nand2_1)
     1    0.01    0.05    0.07    0.69 ^ _445_/Y (sky130_fd_sc_hs__nand2_1)
                                         _127_ (net)
                  0.05    0.00    0.69 ^ _447_/A (sky130_fd_sc_hs__nand2_1)
     2    0.01    0.06    0.06    0.76 v _447_/Y (sky130_fd_sc_hs__nand2_1)
                                         _129_ (net)
                  0.06    0.00    0.76 v _448_/A (sky130_fd_sc_hs__nor2_2)
     2    0.01    0.09    0.10    0.86 ^ _448_/Y (sky130_fd_sc_hs__nor2_2)
                                         _130_ (net)
                  0.09    0.00    0.86 ^ _449_/B (sky130_fd_sc_hs__nor2_2)
     2    0.01    0.05    0.07    0.93 v _449_/Y (sky130_fd_sc_hs__nor2_2)
                                         _131_ (net)
                  0.05    0.00    0.93 v _450_/B (sky130_fd_sc_hs__nand2_2)
     2    0.02    0.09    0.09    1.02 ^ _450_/Y (sky130_fd_sc_hs__nand2_2)
                                         _132_ (net)
                  0.09    0.00    1.02 ^ _458_/A (sky130_fd_sc_hs__nand2_8)
     2    0.01    0.04    0.04    1.06 v _458_/Y (sky130_fd_sc_hs__nand2_8)
                                         _140_ (net)
                  0.04    0.00    1.06 v _581_/A (sky130_fd_sc_hs__nand2_2)
     2    0.01    0.07    0.06    1.12 ^ _581_/Y (sky130_fd_sc_hs__nand2_2)
                                         _251_ (net)
                  0.07    0.00    1.12 ^ _640_/A2 (sky130_fd_sc_hs__o21ai_4)
    16    0.06    0.11    0.10    1.22 v _640_/Y (sky130_fd_sc_hs__o21ai_4)
                                         ctrl$b_reg_en[0] (net)
                  0.11    0.00    1.23 v dpath.b_reg.out[15]$_DFFE_PP_/DE (sky130_fd_sc_hs__edfxtp_1)
                                  1.23   data arrival time

                          1.78    1.78   clock core_clock (rise edge)
                          0.00    1.78   clock source latency
     1    0.02    0.00    0.00    1.78 ^ clk (in)
                                         clk (net)
                  0.00    0.00    1.78 ^ clkbuf_0_clk/A (sky130_fd_sc_hs__clkbuf_8)
     4    0.03    0.05    0.10    1.88 ^ clkbuf_0_clk/X (sky130_fd_sc_hs__clkbuf_8)
                                         clknet_0_clk (net)
                  0.05    0.00    1.88 ^ clkbuf_2_3__f_clk/A (sky130_fd_sc_hs__clkbuf_8)
     9    0.04    0.06    0.13    2.01 ^ clkbuf_2_3__f_clk/X (sky130_fd_sc_hs__clkbuf_8)
                                         clknet_2_3__leaf_clk (net)
                  0.06    0.00    2.01 ^ dpath.b_reg.out[15]$_DFFE_PP_/CLK (sky130_fd_sc_hs__edfxtp_1)
                          0.00    2.01   clock reconvergence pessimism
                         -0.68    1.33   library setup time
                                  1.33   data required time
-----------------------------------------------------------------------------
                                  1.33   data required time
                                 -1.23   data arrival time
-----------------------------------------------------------------------------
                                  0.10   slack (MET)


Startpoint: dpath.b_reg.out[5]$_DFFE_PP_
            (rising edge-triggered flip-flop clocked by core_clock)
Endpoint: resp_msg[9] (output port clocked by vclk_core_clock)
Path Group: vclk_core_clock
Path Type: max

Fanout     Cap    Slew   Delay    Time   Description
-----------------------------------------------------------------------------
                          0.00    0.00   clock core_clock (rise edge)
                          0.00    0.00   clock source latency
     1    0.02    0.00    0.00    0.00 ^ clk (in)
                                         clk (net)
                  0.00    0.00    0.00 ^ clkbuf_0_clk/A (sky130_fd_sc_hs__clkbuf_8)
     4    0.03    0.05    0.10    0.10 ^ clkbuf_0_clk/X (sky130_fd_sc_hs__clkbuf_8)
                                         clknet_0_clk (net)
                  0.05    0.00    0.10 ^ clkbuf_2_0__f_clk/A (sky130_fd_sc_hs__clkbuf_8)
    10    0.04    0.06    0.13    0.23 ^ clkbuf_2_0__f_clk/X (sky130_fd_sc_hs__clkbuf_8)
                                         clknet_2_0__leaf_clk (net)
                  0.06    0.00    0.23 ^ dpath.b_reg.out[5]$_DFFE_PP_/CLK (sky130_fd_sc_hs__edfxtp_1)
     4    0.02    0.10    0.25    0.48 v dpath.b_reg.out[5]$_DFFE_PP_/Q (sky130_fd_sc_hs__edfxtp_1)
                                         dpath.a_lt_b$in1[5] (net)
                  0.10    0.00    0.48 v _299_/B (sky130_fd_sc_hs__xnor2_1)
     2    0.01    0.23    0.21    0.70 ^ _299_/Y (sky130_fd_sc_hs__xnor2_1)
                                         _003_ (net)
                  0.23    0.00    0.70 ^ place100/A (sky130_fd_sc_hs__buf_1)
     2    0.01    0.07    0.12    0.82 ^ place100/X (sky130_fd_sc_hs__buf_1)
                                         net100 (net)
                  0.07    0.00    0.82 ^ _377_/A (sky130_fd_sc_hs__nand2_1)
     3    0.01    0.07    0.08    0.90 v _377_/Y (sky130_fd_sc_hs__nand2_1)
                                         _060_ (net)
                  0.07    0.00    0.90 v _518_/A (sky130_fd_sc_hs__nor2_1)
     3    0.02    0.21    0.19    1.08 ^ _518_/Y (sky130_fd_sc_hs__nor2_1)
                                         _198_ (net)
                  0.21    0.00    1.08 ^ _571_/A (sky130_fd_sc_hs__nand3_1)
     2    0.01    0.11    0.13    1.21 v _571_/Y (sky130_fd_sc_hs__nand3_1)
                                         _243_ (net)
                  0.11    0.00    1.22 v _576_/A (sky130_fd_sc_hs__nand3_1)
     1    0.00    0.06    0.07    1.29 ^ _576_/Y (sky130_fd_sc_hs__nand3_1)
                                         _248_ (net)
                  0.06    0.00    1.29 ^ _577_/A (sky130_fd_sc_hs__nand2_1)
     1    0.00    0.03    0.04    1.33 v _577_/Y (sky130_fd_sc_hs__nand2_1)
                                         _249_ (net)
                  0.03    0.00    1.33 v _578_/B (sky130_fd_sc_hs__nand2_1)
     2    0.02    0.11    0.10    1.43 ^ _578_/Y (sky130_fd_sc_hs__nand2_1)
                                         net52 (net)
                  0.11    0.00    1.43 ^ output52/A (sky130_fd_sc_hs__buf_1)
     1    0.00    0.02    0.07    1.49 ^ output52/X (sky130_fd_sc_hs__buf_1)
                                         resp_msg[9] (net)
                  0.02    0.00    1.49 ^ resp_msg[9] (out)
                                  1.49   data arrival time

                  0.00    1.78    1.78   clock vclk_core_clock (rise edge)
                          0.23    2.02   clock network delay (ideal)
                          0.00    2.02   clock reconvergence pessimism
                         -0.36    1.66   output external delay
                                  1.66   data required time
-----------------------------------------------------------------------------
                                  1.66   data required time
                                 -1.49   data arrival time
-----------------------------------------------------------------------------
                                  0.17   slack (MET)



==========================================================================
finish report_checks -unconstrained
--------------------------------------------------------------------------
Startpoint: dpath.b_reg.out[5]$_DFFE_PP_
            (rising edge-triggered flip-flop clocked by core_clock)
Endpoint: dpath.b_reg.out[15]$_DFFE_PP_
          (rising edge-triggered flip-flop clocked by core_clock)
Path Group: core_clock
Path Type: max

Fanout     Cap    Slew   Delay    Time   Description
-----------------------------------------------------------------------------
                          0.00    0.00   clock core_clock (rise edge)
                          0.00    0.00   clock source latency
     1    0.02    0.00    0.00    0.00 ^ clk (in)
                                         clk (net)
                  0.00    0.00    0.00 ^ clkbuf_0_clk/A (sky130_fd_sc_hs__clkbuf_8)
     4    0.03    0.05    0.10    0.10 ^ clkbuf_0_clk/X (sky130_fd_sc_hs__clkbuf_8)
                                         clknet_0_clk (net)
                  0.05    0.00    0.10 ^ clkbuf_2_0__f_clk/A (sky130_fd_sc_hs__clkbuf_8)
    10    0.04    0.06    0.13    0.23 ^ clkbuf_2_0__f_clk/X (sky130_fd_sc_hs__clkbuf_8)
                                         clknet_2_0__leaf_clk (net)
                  0.06    0.00    0.23 ^ dpath.b_reg.out[5]$_DFFE_PP_/CLK (sky130_fd_sc_hs__edfxtp_1)
     4    0.02    0.10    0.25    0.48 v dpath.b_reg.out[5]$_DFFE_PP_/Q (sky130_fd_sc_hs__edfxtp_1)
                                         dpath.a_lt_b$in1[5] (net)
                  0.10    0.00    0.48 v _380_/A_N (sky130_fd_sc_hs__nand2b_1)
     2    0.01    0.07    0.14    0.62 v _380_/Y (sky130_fd_sc_hs__nand2b_1)
                                         _063_ (net)
                  0.07    0.00    0.62 v _445_/B (sky130_fd_sc_hs__nand2_1)
     1    0.01    0.05    0.07    0.69 ^ _445_/Y (sky130_fd_sc_hs__nand2_1)
                                         _127_ (net)
                  0.05    0.00    0.69 ^ _447_/A (sky130_fd_sc_hs__nand2_1)
     2    0.01    0.06    0.06    0.76 v _447_/Y (sky130_fd_sc_hs__nand2_1)
                                         _129_ (net)
                  0.06    0.00    0.76 v _448_/A (sky130_fd_sc_hs__nor2_2)
     2    0.01    0.09    0.10    0.86 ^ _448_/Y (sky130_fd_sc_hs__nor2_2)
                                         _130_ (net)
                  0.09    0.00    0.86 ^ _449_/B (sky130_fd_sc_hs__nor2_2)
     2    0.01    0.05    0.07    0.93 v _449_/Y (sky130_fd_sc_hs__nor2_2)
                                         _131_ (net)
                  0.05    0.00    0.93 v _450_/B (sky130_fd_sc_hs__nand2_2)
     2    0.02    0.09    0.09    1.02 ^ _450_/Y (sky130_fd_sc_hs__nand2_2)
                                         _132_ (net)
                  0.09    0.00    1.02 ^ _458_/A (sky130_fd_sc_hs__nand2_8)
     2    0.01    0.04    0.04    1.06 v _458_/Y (sky130_fd_sc_hs__nand2_8)
                                         _140_ (net)
                  0.04    0.00    1.06 v _581_/A (sky130_fd_sc_hs__nand2_2)
     2    0.01    0.07    0.06    1.12 ^ _581_/Y (sky130_fd_sc_hs__nand2_2)
                                         _251_ (net)
                  0.07    0.00    1.12 ^ _640_/A2 (sky130_fd_sc_hs__o21ai_4)
    16    0.06    0.11    0.10    1.22 v _640_/Y (sky130_fd_sc_hs__o21ai_4)
                                         ctrl$b_reg_en[0] (net)
                  0.11    0.00    1.23 v dpath.b_reg.out[15]$_DFFE_PP_/DE (sky130_fd_sc_hs__edfxtp_1)
                                  1.23   data arrival time

                          1.78    1.78   clock core_clock (rise edge)
                          0.00    1.78   clock source latency
     1    0.02    0.00    0.00    1.78 ^ clk (in)
                                         clk (net)
                  0.00    0.00    1.78 ^ clkbuf_0_clk/A (sky130_fd_sc_hs__clkbuf_8)
     4    0.03    0.05    0.10    1.88 ^ clkbuf_0_clk/X (sky130_fd_sc_hs__clkbuf_8)
                                         clknet_0_clk (net)
                  0.05    0.00    1.88 ^ clkbuf_2_3__f_clk/A (sky130_fd_sc_hs__clkbuf_8)
     9    0.04    0.06    0.13    2.01 ^ clkbuf_2_3__f_clk/X (sky130_fd_sc_hs__clkbuf_8)
                                         clknet_2_3__leaf_clk (net)
                  0.06    0.00    2.01 ^ dpath.b_reg.out[15]$_DFFE_PP_/CLK (sky130_fd_sc_hs__edfxtp_1)
                          0.00    2.01   clock reconvergence pessimism
                         -0.68    1.33   library setup time
                                  1.33   data required time
-----------------------------------------------------------------------------
                                  1.33   data required time
                                 -1.23   data arrival time
-----------------------------------------------------------------------------
                                  0.10   slack (MET)


Startpoint: dpath.b_reg.out[5]$_DFFE_PP_
            (rising edge-triggered flip-flop clocked by core_clock)
Endpoint: resp_msg[9] (output port clocked by vclk_core_clock)
Path Group: vclk_core_clock
Path Type: max

Fanout     Cap    Slew   Delay    Time   Description
-----------------------------------------------------------------------------
                          0.00    0.00   clock core_clock (rise edge)
                          0.00    0.00   clock source latency
     1    0.02    0.00    0.00    0.00 ^ clk (in)
                                         clk (net)
                  0.00    0.00    0.00 ^ clkbuf_0_clk/A (sky130_fd_sc_hs__clkbuf_8)
     4    0.03    0.05    0.10    0.10 ^ clkbuf_0_clk/X (sky130_fd_sc_hs__clkbuf_8)
                                         clknet_0_clk (net)
                  0.05    0.00    0.10 ^ clkbuf_2_0__f_clk/A (sky130_fd_sc_hs__clkbuf_8)
    10    0.04    0.06    0.13    0.23 ^ clkbuf_2_0__f_clk/X (sky130_fd_sc_hs__clkbuf_8)
                                         clknet_2_0__leaf_clk (net)
                  0.06    0.00    0.23 ^ dpath.b_reg.out[5]$_DFFE_PP_/CLK (sky130_fd_sc_hs__edfxtp_1)
     4    0.02    0.10    0.25    0.48 v dpath.b_reg.out[5]$_DFFE_PP_/Q (sky130_fd_sc_hs__edfxtp_1)
                                         dpath.a_lt_b$in1[5] (net)
                  0.10    0.00    0.48 v _299_/B (sky130_fd_sc_hs__xnor2_1)
     2    0.01    0.23    0.21    0.70 ^ _299_/Y (sky130_fd_sc_hs__xnor2_1)
                                         _003_ (net)
                  0.23    0.00    0.70 ^ place100/A (sky130_fd_sc_hs__buf_1)
     2    0.01    0.07    0.12    0.82 ^ place100/X (sky130_fd_sc_hs__buf_1)
                                         net100 (net)
                  0.07    0.00    0.82 ^ _377_/A (sky130_fd_sc_hs__nand2_1)
     3    0.01    0.07    0.08    0.90 v _377_/Y (sky130_fd_sc_hs__nand2_1)
                                         _060_ (net)
                  0.07    0.00    0.90 v _518_/A (sky130_fd_sc_hs__nor2_1)
     3    0.02    0.21    0.19    1.08 ^ _518_/Y (sky130_fd_sc_hs__nor2_1)
                                         _198_ (net)
                  0.21    0.00    1.08 ^ _571_/A (sky130_fd_sc_hs__nand3_1)
     2    0.01    0.11    0.13    1.21 v _571_/Y (sky130_fd_sc_hs__nand3_1)
                                         _243_ (net)
                  0.11    0.00    1.22 v _576_/A (sky130_fd_sc_hs__nand3_1)
     1    0.00    0.06    0.07    1.29 ^ _576_/Y (sky130_fd_sc_hs__nand3_1)
                                         _248_ (net)
                  0.06    0.00    1.29 ^ _577_/A (sky130_fd_sc_hs__nand2_1)
     1    0.00    0.03    0.04    1.33 v _577_/Y (sky130_fd_sc_hs__nand2_1)
                                         _249_ (net)
                  0.03    0.00    1.33 v _578_/B (sky130_fd_sc_hs__nand2_1)
     2    0.02    0.11    0.10    1.43 ^ _578_/Y (sky130_fd_sc_hs__nand2_1)
                                         net52 (net)
                  0.11    0.00    1.43 ^ output52/A (sky130_fd_sc_hs__buf_1)
     1    0.00    0.02    0.07    1.49 ^ output52/X (sky130_fd_sc_hs__buf_1)
                                         resp_msg[9] (net)
                  0.02    0.00    1.49 ^ resp_msg[9] (out)
                                  1.49   data arrival time

                  0.00    1.78    1.78   clock vclk_core_clock (rise edge)
                          0.23    2.02   clock network delay (ideal)
                          0.00    2.02   clock reconvergence pessimism
                         -0.36    1.66   output external delay
                                  1.66   data required time
-----------------------------------------------------------------------------
                                  1.66   data required time
                                 -1.49   data arrival time
-----------------------------------------------------------------------------
                                  0.17   slack (MET)



==========================================================================
finish report_check_types -max_slew -max_cap -max_fanout -violators
--------------------------------------------------------------------------

==========================================================================
finish max_slew_check_slack
--------------------------------------------------------------------------
0.5413241386413574

==========================================================================
finish max_slew_check_limit
--------------------------------------------------------------------------
1.0

==========================================================================
finish max_slew_check_slack_limit
--------------------------------------------------------------------------
0.5413

==========================================================================
finish max_fanout_check_slack
--------------------------------------------------------------------------
1.0000000150474662e+30

==========================================================================
finish max_fanout_check_limit
--------------------------------------------------------------------------
1.0000000150474662e+30

==========================================================================
finish max_capacitance_check_slack
--------------------------------------------------------------------------
0.024168286472558975

==========================================================================
finish max_capacitance_check_limit
--------------------------------------------------------------------------
0.034299999475479126

==========================================================================
finish max_capacitance_check_slack_limit
--------------------------------------------------------------------------
0.7046

==========================================================================
finish max_slew_violation_count
--------------------------------------------------------------------------
max slew violation count 0

==========================================================================
finish max_fanout_violation_count
--------------------------------------------------------------------------
max fanout violation count 0

==========================================================================
finish max_cap_violation_count
--------------------------------------------------------------------------
max cap violation count 0

==========================================================================
finish setup_violation_count
--------------------------------------------------------------------------
setup violation count 0

==========================================================================
finish hold_violation_count
--------------------------------------------------------------------------
hold violation count 0

==========================================================================
finish report_checks -path_delay max reg to reg
--------------------------------------------------------------------------
Startpoint: dpath.b_reg.out[5]$_DFFE_PP_
            (rising edge-triggered flip-flop clocked by core_clock)
Endpoint: dpath.b_reg.out[15]$_DFFE_PP_
          (rising edge-triggered flip-flop clocked by core_clock)
Path Group: core_clock
Path Type: max

  Delay    Time   Description
---------------------------------------------------------
   0.00    0.00   clock core_clock (rise edge)
   0.00    0.00   clock source latency
   0.00    0.00 ^ clk (in)
   0.10    0.10 ^ clkbuf_0_clk/X (sky130_fd_sc_hs__clkbuf_8)
   0.13    0.23 ^ clkbuf_2_0__f_clk/X (sky130_fd_sc_hs__clkbuf_8)
   0.00    0.23 ^ dpath.b_reg.out[5]$_DFFE_PP_/CLK (sky130_fd_sc_hs__edfxtp_1)
   0.25    0.48 v dpath.b_reg.out[5]$_DFFE_PP_/Q (sky130_fd_sc_hs__edfxtp_1)
   0.14    0.62 v _380_/Y (sky130_fd_sc_hs__nand2b_1)
   0.07    0.69 ^ _445_/Y (sky130_fd_sc_hs__nand2_1)
   0.07    0.76 v _447_/Y (sky130_fd_sc_hs__nand2_1)
   0.10    0.86 ^ _448_/Y (sky130_fd_sc_hs__nor2_2)
   0.07    0.93 v _449_/Y (sky130_fd_sc_hs__nor2_2)
   0.09    1.02 ^ _450_/Y (sky130_fd_sc_hs__nand2_2)
   0.04    1.06 v _458_/Y (sky130_fd_sc_hs__nand2_8)
   0.06    1.12 ^ _581_/Y (sky130_fd_sc_hs__nand2_2)
   0.10    1.22 v _640_/Y (sky130_fd_sc_hs__o21ai_4)
   0.00    1.23 v dpath.b_reg.out[15]$_DFFE_PP_/DE (sky130_fd_sc_hs__edfxtp_1)
           1.23   data arrival time

   1.78    1.78   clock core_clock (rise edge)
   0.00    1.78   clock source latency
   0.00    1.78 ^ clk (in)
   0.10    1.88 ^ clkbuf_0_clk/X (sky130_fd_sc_hs__clkbuf_8)
   0.13    2.01 ^ clkbuf_2_3__f_clk/X (sky130_fd_sc_hs__clkbuf_8)
   0.00    2.01 ^ dpath.b_reg.out[15]$_DFFE_PP_/CLK (sky130_fd_sc_hs__edfxtp_1)
   0.00    2.01   clock reconvergence pessimism
  -0.68    1.33   library setup time
           1.33   data required time
---------------------------------------------------------
           1.33   data required time
          -1.23   data arrival time
---------------------------------------------------------
           0.10   slack (MET)



==========================================================================
finish report_checks -path_delay min reg to reg
--------------------------------------------------------------------------
Startpoint: ctrl.state.out[1]$_DFF_P_
            (rising edge-triggered flip-flop clocked by core_clock)
Endpoint: ctrl.state.out[1]$_DFF_P_
          (rising edge-triggered flip-flop clocked by core_clock)
Path Group: core_clock
Path Type: min

  Delay    Time   Description
---------------------------------------------------------
   0.00    0.00   clock core_clock (rise edge)
   0.00    0.00   clock source latency
   0.00    0.00 ^ clk (in)
   0.10    0.10 ^ clkbuf_0_clk/X (sky130_fd_sc_hs__clkbuf_8)
   0.13    0.23 ^ clkbuf_2_0__f_clk/X (sky130_fd_sc_hs__clkbuf_8)
   0.00    0.23 ^ ctrl.state.out[1]$_DFF_P_/CLK (sky130_fd_sc_hs__dfxtp_1)
   0.20    0.44 ^ ctrl.state.out[1]$_DFF_P_/Q (sky130_fd_sc_hs__dfxtp_1)
   0.04    0.48 v _635_/Y (sky130_fd_sc_hs__nand2_1)
   0.04    0.51 ^ _636_/Y (sky130_fd_sc_hs__o31ai_1)
   0.00    0.51 ^ ctrl.state.out[1]$_DFF_P_/D (sky130_fd_sc_hs__dfxtp_1)
           0.51   data arrival time

   0.00    0.00   clock core_clock (rise edge)
   0.00    0.00   clock source latency
   0.00    0.00 ^ clk (in)
   0.10    0.10 ^ clkbuf_0_clk/X (sky130_fd_sc_hs__clkbuf_8)
   0.13    0.23 ^ clkbuf_2_0__f_clk/X (sky130_fd_sc_hs__clkbuf_8)
   0.00    0.23 ^ ctrl.state.out[1]$_DFF_P_/CLK (sky130_fd_sc_hs__dfxtp_1)
   0.00    0.23   clock reconvergence pessimism
   0.01    0.25   library hold time
           0.25   data required time
---------------------------------------------------------
           0.25   data required time
          -0.51   data arrival time
---------------------------------------------------------
           0.27   slack (MET)



==========================================================================
finish critical path target clock latency max path
--------------------------------------------------------------------------
0.2326

==========================================================================
finish critical path target clock latency min path
--------------------------------------------------------------------------
0.2311

==========================================================================
finish critical path source clock latency min path
--------------------------------------------------------------------------
0.2350

==========================================================================
finish critical path delay
--------------------------------------------------------------------------
1.2256

==========================================================================
finish critical path slack
--------------------------------------------------------------------------
0.1024

==========================================================================
finish slack div critical path delay
--------------------------------------------------------------------------
8.355091

==========================================================================
finish report_power
--------------------------------------------------------------------------
Group                  Internal  Switching    Leakage      Total
                          Power      Power      Power      Power (Watts)
----------------------------------------------------------------
Sequential             1.27e-03   1.16e-04   4.70e-08   1.39e-03  30.9%
Combinational          1.38e-03   1.03e-03   4.49e-08   2.41e-03  53.6%
Clock                  3.32e-04   3.64e-04   1.06e-09   6.96e-04  15.5%
Macro                  0.00e+00   0.00e+00   0.00e+00   0.00e+00   0.0%
Pad                    0.00e+00   0.00e+00   0.00e+00   0.00e+00   0.0%
----------------------------------------------------------------
Total                  2.99e-03   1.51e-03   9.30e-08   4.50e-03 100.0%
                          66.4%      33.5%       0.0%
