
==========================================================================
cts final report_tns
--------------------------------------------------------------------------
tns max 0.00

==========================================================================
cts final report_wns
--------------------------------------------------------------------------
wns max 0.00

==========================================================================
cts final report_worst_slack
--------------------------------------------------------------------------
worst slack max 3.84

==========================================================================
cts final report_clock_min_period
--------------------------------------------------------------------------
core_clock period_min = 6.16 fmax = 162.41
vclk period_min = 0.00 fmax = inf

==========================================================================
cts final report_clock_skew
--------------------------------------------------------------------------
Clock core_clock
   0.66 source latency round_key[54]$_SDFFE_PN0P_/CLK ^
  -0.72 target latency ciphertext[54]$_SDFFE_PN0P_/CLK ^
   0.00 CRPR
--------------
  -0.06 setup skew

Clock vclk
No launch/capture paths found.


==========================================================================
cts final report_checks -path_delay min
--------------------------------------------------------------------------
Startpoint: ciphertext[116]$_SDFFE_PN0P_
            (rising edge-triggered flip-flop clocked by core_clock)
Endpoint: ciphertext[116]$_SDFFE_PN0P_
          (rising edge-triggered flip-flop clocked by core_clock)
Path Group: core_clock
Path Type: min

Fanout     Cap    Slew   Delay    Time   Description
-----------------------------------------------------------------------------
                          0.00    0.00   clock core_clock (rise edge)
                          0.00    0.00   clock source latency
     1    0.08    0.00    0.00    0.00 ^ clk (in)
                                         clk (net)
                  0.00    0.00    0.00 ^ clkbuf_0_clk/A (sky130_fd_sc_hd__clkbuf_16)
     4    0.13    0.14    0.19    0.19 ^ clkbuf_0_clk/X (sky130_fd_sc_hd__clkbuf_16)
                                         clknet_0_clk (net)
                  0.14    0.00    0.20 ^ clkbuf_2_3__f_clk/A (sky130_fd_sc_hd__clkbuf_16)
    14    0.21    0.22    0.29    0.49 ^ clkbuf_2_3__f_clk/X (sky130_fd_sc_hd__clkbuf_16)
                                         clknet_2_3__leaf_clk (net)
                  0.22    0.00    0.49 ^ clkbuf_leaf_6_clk/A (sky130_fd_sc_hd__clkbuf_16)
    11    0.04    0.06    0.20    0.69 ^ clkbuf_leaf_6_clk/X (sky130_fd_sc_hd__clkbuf_16)
                                         clknet_leaf_6_clk (net)
                  0.06    0.00    0.69 ^ ciphertext[116]$_SDFFE_PN0P_/CLK (sky130_fd_sc_hd__dfxtp_1)
     2    0.01    0.04    0.31    1.00 v ciphertext[116]$_SDFFE_PN0P_/Q (sky130_fd_sc_hd__dfxtp_1)
                                         net277 (net)
                  0.04    0.00    1.00 v _15777_/A (sky130_fd_sc_hd__nand2_1)
     1    0.00    0.04    0.05    1.05 ^ _15777_/Y (sky130_fd_sc_hd__nand2_1)
                                         _06896_ (net)
                  0.04    0.00    1.05 ^ _15778_/A2 (sky130_fd_sc_hd__a21oi_1)
     1    0.00    0.03    0.05    1.10 v _15778_/Y (sky130_fd_sc_hd__a21oi_1)
                                         _00014_ (net)
                  0.03    0.00    1.10 v ciphertext[116]$_SDFFE_PN0P_/D (sky130_fd_sc_hd__dfxtp_1)
                                  1.10   data arrival time

                          0.00    0.00   clock core_clock (rise edge)
                          0.00    0.00   clock source latency
     1    0.08    0.00    0.00    0.00 ^ clk (in)
                                         clk (net)
                  0.00    0.00    0.00 ^ clkbuf_0_clk/A (sky130_fd_sc_hd__clkbuf_16)
     4    0.13    0.14    0.19    0.19 ^ clkbuf_0_clk/X (sky130_fd_sc_hd__clkbuf_16)
                                         clknet_0_clk (net)
                  0.14    0.00    0.20 ^ clkbuf_2_3__f_clk/A (sky130_fd_sc_hd__clkbuf_16)
    14    0.21    0.22    0.29    0.49 ^ clkbuf_2_3__f_clk/X (sky130_fd_sc_hd__clkbuf_16)
                                         clknet_2_3__leaf_clk (net)
                  0.22    0.00    0.49 ^ clkbuf_leaf_6_clk/A (sky130_fd_sc_hd__clkbuf_16)
    11    0.04    0.06    0.20    0.69 ^ clkbuf_leaf_6_clk/X (sky130_fd_sc_hd__clkbuf_16)
                                         clknet_leaf_6_clk (net)
                  0.06    0.00    0.69 ^ ciphertext[116]$_SDFFE_PN0P_/CLK (sky130_fd_sc_hd__dfxtp_1)
                          0.00    0.69   clock reconvergence pessimism
                         -0.05    0.65   library hold time
                                  0.65   data required time
-----------------------------------------------------------------------------
                                  0.65   data required time
                                 -1.10   data arrival time
-----------------------------------------------------------------------------
                                  0.45   slack (MET)


Startpoint: ciphertext[43]$_SDFFE_PN0P_
            (rising edge-triggered flip-flop clocked by core_clock)
Endpoint: ciphertext[43] (output port clocked by vclk)
Path Group: vclk
Path Type: min

Fanout     Cap    Slew   Delay    Time   Description
-----------------------------------------------------------------------------
                          0.00    0.00   clock core_clock (rise edge)
                          0.00    0.00   clock source latency
     1    0.08    0.00    0.00    0.00 ^ clk (in)
                                         clk (net)
                  0.00    0.00    0.00 ^ clkbuf_0_clk/A (sky130_fd_sc_hd__clkbuf_16)
     4    0.13    0.14    0.19    0.19 ^ clkbuf_0_clk/X (sky130_fd_sc_hd__clkbuf_16)
                                         clknet_0_clk (net)
                  0.14    0.00    0.20 ^ clkbuf_2_1__f_clk/A (sky130_fd_sc_hd__clkbuf_16)
    14    0.22    0.23    0.30    0.49 ^ clkbuf_2_1__f_clk/X (sky130_fd_sc_hd__clkbuf_16)
                                         clknet_2_1__leaf_clk (net)
                  0.23    0.00    0.50 ^ clkbuf_leaf_28_clk/A (sky130_fd_sc_hd__clkbuf_16)
     7    0.03    0.06    0.20    0.70 ^ clkbuf_leaf_28_clk/X (sky130_fd_sc_hd__clkbuf_16)
                                         clknet_leaf_28_clk (net)
                  0.06    0.00    0.70 ^ ciphertext[43]$_SDFFE_PN0P_/CLK (sky130_fd_sc_hd__dfxtp_1)
     2    0.01    0.04    0.31    1.01 v ciphertext[43]$_SDFFE_PN0P_/Q (sky130_fd_sc_hd__dfxtp_1)
                                         net324 (net)
                  0.04    0.00    1.01 v output324/A (sky130_fd_sc_hd__clkdlybuf4s50_1)
     1    0.00    0.05    0.41    1.42 v output324/X (sky130_fd_sc_hd__clkdlybuf4s50_1)
                                         ciphertext[43] (net)
                  0.05    0.00    1.42 v ciphertext[43] (out)
                                  1.42   data arrival time

                  0.00    0.00    0.00   clock vclk (rise edge)
                          0.00    0.00   clock network delay (ideal)
                          0.00    0.00   clock reconvergence pessimism
                         -2.00   -2.00   output external delay
                                 -2.00   data required time
-----------------------------------------------------------------------------
                                 -2.00   data required time
                                 -1.42   data arrival time
-----------------------------------------------------------------------------
                                  3.42   slack (MET)



==========================================================================
cts final report_checks -path_delay max
--------------------------------------------------------------------------
Startpoint: round_key[10]$_SDFFE_PN0P_
            (rising edge-triggered flip-flop clocked by core_clock)
Endpoint: state[17]$_SDFFE_PN0P_
          (rising edge-triggered flip-flop clocked by core_clock)
Path Group: core_clock
Path Type: max

Fanout     Cap    Slew   Delay    Time   Description
-----------------------------------------------------------------------------
                          0.00    0.00   clock core_clock (rise edge)
                          0.00    0.00   clock source latency
     1    0.08    0.00    0.00    0.00 ^ clk (in)
                                         clk (net)
                  0.00    0.00    0.00 ^ clkbuf_0_clk/A (sky130_fd_sc_hd__clkbuf_16)
     4    0.13    0.14    0.19    0.19 ^ clkbuf_0_clk/X (sky130_fd_sc_hd__clkbuf_16)
                                         clknet_0_clk (net)
                  0.14    0.00    0.20 ^ clkbuf_2_3__f_clk/A (sky130_fd_sc_hd__clkbuf_16)
    14    0.21    0.22    0.29    0.49 ^ clkbuf_2_3__f_clk/X (sky130_fd_sc_hd__clkbuf_16)
                                         clknet_2_3__leaf_clk (net)
                  0.22    0.00    0.49 ^ clkbuf_leaf_16_clk/A (sky130_fd_sc_hd__clkbuf_16)
     9    0.04    0.06    0.20    0.69 ^ clkbuf_leaf_16_clk/X (sky130_fd_sc_hd__clkbuf_16)
                                         clknet_leaf_16_clk (net)
                  0.06    0.00    0.69 ^ round_key[10]$_SDFFE_PN0P_/CLK (sky130_fd_sc_hd__dfxtp_2)
    23    0.11    0.54    0.66    1.36 ^ round_key[10]$_SDFFE_PN0P_/Q (sky130_fd_sc_hd__dfxtp_2)
                                         round_key[10] (net)
                  0.54    0.02    1.37 ^ place1079/A (sky130_fd_sc_hd__buf_4)
    77    0.25    0.67    0.66    2.03 ^ place1079/X (sky130_fd_sc_hd__buf_4)
                                         net1079 (net)
                  0.67    0.02    2.05 ^ _15080_/B (sky130_fd_sc_hd__nand2b_1)
    10    0.05    0.39    0.46    2.51 v _15080_/Y (sky130_fd_sc_hd__nand2b_1)
                                         _06202_ (net)
                  0.39    0.00    2.51 v _16008_/B1_N (sky130_fd_sc_hd__a21boi_0)
     1    0.00    0.13    0.24    2.75 v _16008_/Y (sky130_fd_sc_hd__a21boi_0)
                                         _07124_ (net)
                  0.13    0.00    2.75 v _16014_/A0 (sky130_fd_sc_hd__mux4_2)
     1    0.01    0.09    0.49    3.24 v _16014_/X (sky130_fd_sc_hd__mux4_2)
                                         _07130_ (net)
                  0.09    0.00    3.24 v _16015_/B2 (sky130_fd_sc_hd__a32o_1)
     2    0.01    0.09    0.28    3.52 v _16015_/X (sky130_fd_sc_hd__a32o_1)
                                         _07131_ (net)
                  0.09    0.00    3.52 v _16016_/S (sky130_fd_sc_hd__mux2i_1)
     2    0.00    0.07    0.14    3.66 v _16016_/Y (sky130_fd_sc_hd__mux2i_1)
                                         _07132_ (net)
                  0.07    0.00    3.66 v _16041_/A (sky130_fd_sc_hd__nor3_1)
     3    0.04    1.06    0.86    4.52 ^ _16041_/Y (sky130_fd_sc_hd__nor3_1)
                                         _07157_ (net)
                  1.06    0.00    4.53 ^ _27011_/A (sky130_fd_sc_hd__xnor2_1)
     3    0.01    0.20    0.26    4.79 v _27011_/Y (sky130_fd_sc_hd__xnor2_1)
                                         _04752_ (net)
                  0.20    0.00    4.79 v _27021_/A_N (sky130_fd_sc_hd__nand2b_1)
     1    0.00    0.06    0.21    4.99 v _27021_/Y (sky130_fd_sc_hd__nand2b_1)
                                         _04763_ (net)
                  0.06    0.00    4.99 v _27023_/A2 (sky130_fd_sc_hd__a311oi_1)
     1    0.00    0.23    0.27    5.27 ^ _27023_/Y (sky130_fd_sc_hd__a311oi_1)
                                         _04765_ (net)
                  0.23    0.00    5.27 ^ _27024_/D (sky130_fd_sc_hd__nor4_1)
     1    0.01    0.08    0.11    5.38 v _27024_/Y (sky130_fd_sc_hd__nor4_1)
                                         _04767_ (net)
                  0.08    0.00    5.38 v _27025_/B2 (sky130_fd_sc_hd__a221oi_1)
     1    0.05    1.56    1.25    6.63 ^ _27025_/Y (sky130_fd_sc_hd__a221oi_1)
                                         _00240_ (net)
                  1.56    0.01    6.64 ^ state[17]$_SDFFE_PN0P_/D (sky130_fd_sc_hd__dfxtp_2)
                                  6.64   data arrival time

                         10.00   10.00   clock core_clock (rise edge)
                          0.00   10.00   clock source latency
     1    0.08    0.00    0.00   10.00 ^ clk (in)
                                         clk (net)
                  0.00    0.00   10.00 ^ clkbuf_0_clk/A (sky130_fd_sc_hd__clkbuf_16)
     4    0.13    0.14    0.19   10.19 ^ clkbuf_0_clk/X (sky130_fd_sc_hd__clkbuf_16)
                                         clknet_0_clk (net)
                  0.14    0.00   10.20 ^ clkbuf_2_1__f_clk/A (sky130_fd_sc_hd__clkbuf_16)
    14    0.22    0.23    0.30   10.49 ^ clkbuf_2_1__f_clk/X (sky130_fd_sc_hd__clkbuf_16)
                                         clknet_2_1__leaf_clk (net)
                  0.23    0.00   10.50 ^ clkbuf_leaf_26_clk/A (sky130_fd_sc_hd__clkbuf_16)
     6    0.07    0.08    0.22   10.72 ^ clkbuf_leaf_26_clk/X (sky130_fd_sc_hd__clkbuf_16)
                                         clknet_leaf_26_clk (net)
                  0.08    0.00   10.72 ^ state[17]$_SDFFE_PN0P_/CLK (sky130_fd_sc_hd__dfxtp_2)
                          0.00   10.72   clock reconvergence pessimism
                         -0.24   10.48   library setup time
                                 10.48   data required time
-----------------------------------------------------------------------------
                                 10.48   data required time
                                 -6.64   data arrival time
-----------------------------------------------------------------------------
                                  3.84   slack (MET)


Startpoint: ciphertext[32]$_SDFFE_PN0P_
            (rising edge-triggered flip-flop clocked by core_clock)
Endpoint: ciphertext[32] (output port clocked by vclk)
Path Group: vclk
Path Type: max

Fanout     Cap    Slew   Delay    Time   Description
-----------------------------------------------------------------------------
                          0.00    0.00   clock core_clock (rise edge)
                          0.00    0.00   clock source latency
     1    0.08    0.00    0.00    0.00 ^ clk (in)
                                         clk (net)
                  0.00    0.00    0.00 ^ clkbuf_0_clk/A (sky130_fd_sc_hd__clkbuf_16)
     4    0.13    0.14    0.19    0.19 ^ clkbuf_0_clk/X (sky130_fd_sc_hd__clkbuf_16)
                                         clknet_0_clk (net)
                  0.14    0.00    0.20 ^ clkbuf_2_1__f_clk/A (sky130_fd_sc_hd__clkbuf_16)
    14    0.22    0.23    0.30    0.49 ^ clkbuf_2_1__f_clk/X (sky130_fd_sc_hd__clkbuf_16)
                                         clknet_2_1__leaf_clk (net)
                  0.23    0.00    0.50 ^ clkbuf_leaf_36_clk/A (sky130_fd_sc_hd__clkbuf_16)
    10    0.04    0.06    0.20    0.70 ^ clkbuf_leaf_36_clk/X (sky130_fd_sc_hd__clkbuf_16)
                                         clknet_leaf_36_clk (net)
                  0.06    0.00    0.70 ^ ciphertext[32]$_SDFFE_PN0P_/CLK (sky130_fd_sc_hd__dfxtp_1)
     2    0.06    0.52    0.64    1.34 ^ ciphertext[32]$_SDFFE_PN0P_/Q (sky130_fd_sc_hd__dfxtp_1)
                                         net312 (net)
                  0.52    0.01    1.36 ^ output312/A (sky130_fd_sc_hd__clkdlybuf4s50_1)
     1    0.00    0.05    0.58    1.93 ^ output312/X (sky130_fd_sc_hd__clkdlybuf4s50_1)
                                         ciphertext[32] (net)
                  0.05    0.00    1.93 ^ ciphertext[32] (out)
                                  1.93   data arrival time

                  0.00   10.00   10.00   clock vclk (rise edge)
                          0.00   10.00   clock network delay (ideal)
                          0.00   10.00   clock reconvergence pessimism
                         -2.00    8.00   output external delay
                                  8.00   data required time
-----------------------------------------------------------------------------
                                  8.00   data required time
                                 -1.93   data arrival time
-----------------------------------------------------------------------------
                                  6.07   slack (MET)



==========================================================================
cts final report_checks -unconstrained
--------------------------------------------------------------------------
Startpoint: round_key[10]$_SDFFE_PN0P_
            (rising edge-triggered flip-flop clocked by core_clock)
Endpoint: state[17]$_SDFFE_PN0P_
          (rising edge-triggered flip-flop clocked by core_clock)
Path Group: core_clock
Path Type: max

Fanout     Cap    Slew   Delay    Time   Description
-----------------------------------------------------------------------------
                          0.00    0.00   clock core_clock (rise edge)
                          0.00    0.00   clock source latency
     1    0.08    0.00    0.00    0.00 ^ clk (in)
                                         clk (net)
                  0.00    0.00    0.00 ^ clkbuf_0_clk/A (sky130_fd_sc_hd__clkbuf_16)
     4    0.13    0.14    0.19    0.19 ^ clkbuf_0_clk/X (sky130_fd_sc_hd__clkbuf_16)
                                         clknet_0_clk (net)
                  0.14    0.00    0.20 ^ clkbuf_2_3__f_clk/A (sky130_fd_sc_hd__clkbuf_16)
    14    0.21    0.22    0.29    0.49 ^ clkbuf_2_3__f_clk/X (sky130_fd_sc_hd__clkbuf_16)
                                         clknet_2_3__leaf_clk (net)
                  0.22    0.00    0.49 ^ clkbuf_leaf_16_clk/A (sky130_fd_sc_hd__clkbuf_16)
     9    0.04    0.06    0.20    0.69 ^ clkbuf_leaf_16_clk/X (sky130_fd_sc_hd__clkbuf_16)
                                         clknet_leaf_16_clk (net)
                  0.06    0.00    0.69 ^ round_key[10]$_SDFFE_PN0P_/CLK (sky130_fd_sc_hd__dfxtp_2)
    23    0.11    0.54    0.66    1.36 ^ round_key[10]$_SDFFE_PN0P_/Q (sky130_fd_sc_hd__dfxtp_2)
                                         round_key[10] (net)
                  0.54    0.02    1.37 ^ place1079/A (sky130_fd_sc_hd__buf_4)
    77    0.25    0.67    0.66    2.03 ^ place1079/X (sky130_fd_sc_hd__buf_4)
                                         net1079 (net)
                  0.67    0.02    2.05 ^ _15080_/B (sky130_fd_sc_hd__nand2b_1)
    10    0.05    0.39    0.46    2.51 v _15080_/Y (sky130_fd_sc_hd__nand2b_1)
                                         _06202_ (net)
                  0.39    0.00    2.51 v _16008_/B1_N (sky130_fd_sc_hd__a21boi_0)
     1    0.00    0.13    0.24    2.75 v _16008_/Y (sky130_fd_sc_hd__a21boi_0)
                                         _07124_ (net)
                  0.13    0.00    2.75 v _16014_/A0 (sky130_fd_sc_hd__mux4_2)
     1    0.01    0.09    0.49    3.24 v _16014_/X (sky130_fd_sc_hd__mux4_2)
                                         _07130_ (net)
                  0.09    0.00    3.24 v _16015_/B2 (sky130_fd_sc_hd__a32o_1)
     2    0.01    0.09    0.28    3.52 v _16015_/X (sky130_fd_sc_hd__a32o_1)
                                         _07131_ (net)
                  0.09    0.00    3.52 v _16016_/S (sky130_fd_sc_hd__mux2i_1)
     2    0.00    0.07    0.14    3.66 v _16016_/Y (sky130_fd_sc_hd__mux2i_1)
                                         _07132_ (net)
                  0.07    0.00    3.66 v _16041_/A (sky130_fd_sc_hd__nor3_1)
     3    0.04    1.06    0.86    4.52 ^ _16041_/Y (sky130_fd_sc_hd__nor3_1)
                                         _07157_ (net)
                  1.06    0.00    4.53 ^ _27011_/A (sky130_fd_sc_hd__xnor2_1)
     3    0.01    0.20    0.26    4.79 v _27011_/Y (sky130_fd_sc_hd__xnor2_1)
                                         _04752_ (net)
                  0.20    0.00    4.79 v _27021_/A_N (sky130_fd_sc_hd__nand2b_1)
     1    0.00    0.06    0.21    4.99 v _27021_/Y (sky130_fd_sc_hd__nand2b_1)
                                         _04763_ (net)
                  0.06    0.00    4.99 v _27023_/A2 (sky130_fd_sc_hd__a311oi_1)
     1    0.00    0.23    0.27    5.27 ^ _27023_/Y (sky130_fd_sc_hd__a311oi_1)
                                         _04765_ (net)
                  0.23    0.00    5.27 ^ _27024_/D (sky130_fd_sc_hd__nor4_1)
     1    0.01    0.08    0.11    5.38 v _27024_/Y (sky130_fd_sc_hd__nor4_1)
                                         _04767_ (net)
                  0.08    0.00    5.38 v _27025_/B2 (sky130_fd_sc_hd__a221oi_1)
     1    0.05    1.56    1.25    6.63 ^ _27025_/Y (sky130_fd_sc_hd__a221oi_1)
                                         _00240_ (net)
                  1.56    0.01    6.64 ^ state[17]$_SDFFE_PN0P_/D (sky130_fd_sc_hd__dfxtp_2)
                                  6.64   data arrival time

                         10.00   10.00   clock core_clock (rise edge)
                          0.00   10.00   clock source latency
     1    0.08    0.00    0.00   10.00 ^ clk (in)
                                         clk (net)
                  0.00    0.00   10.00 ^ clkbuf_0_clk/A (sky130_fd_sc_hd__clkbuf_16)
     4    0.13    0.14    0.19   10.19 ^ clkbuf_0_clk/X (sky130_fd_sc_hd__clkbuf_16)
                                         clknet_0_clk (net)
                  0.14    0.00   10.20 ^ clkbuf_2_1__f_clk/A (sky130_fd_sc_hd__clkbuf_16)
    14    0.22    0.23    0.30   10.49 ^ clkbuf_2_1__f_clk/X (sky130_fd_sc_hd__clkbuf_16)
                                         clknet_2_1__leaf_clk (net)
                  0.23    0.00   10.50 ^ clkbuf_leaf_26_clk/A (sky130_fd_sc_hd__clkbuf_16)
     6    0.07    0.08    0.22   10.72 ^ clkbuf_leaf_26_clk/X (sky130_fd_sc_hd__clkbuf_16)
                                         clknet_leaf_26_clk (net)
                  0.08    0.00   10.72 ^ state[17]$_SDFFE_PN0P_/CLK (sky130_fd_sc_hd__dfxtp_2)
                          0.00   10.72   clock reconvergence pessimism
                         -0.24   10.48   library setup time
                                 10.48   data required time
-----------------------------------------------------------------------------
                                 10.48   data required time
                                 -6.64   data arrival time
-----------------------------------------------------------------------------
                                  3.84   slack (MET)


Startpoint: ciphertext[32]$_SDFFE_PN0P_
            (rising edge-triggered flip-flop clocked by core_clock)
Endpoint: ciphertext[32] (output port clocked by vclk)
Path Group: vclk
Path Type: max

Fanout     Cap    Slew   Delay    Time   Description
-----------------------------------------------------------------------------
                          0.00    0.00   clock core_clock (rise edge)
                          0.00    0.00   clock source latency
     1    0.08    0.00    0.00    0.00 ^ clk (in)
                                         clk (net)
                  0.00    0.00    0.00 ^ clkbuf_0_clk/A (sky130_fd_sc_hd__clkbuf_16)
     4    0.13    0.14    0.19    0.19 ^ clkbuf_0_clk/X (sky130_fd_sc_hd__clkbuf_16)
                                         clknet_0_clk (net)
                  0.14    0.00    0.20 ^ clkbuf_2_1__f_clk/A (sky130_fd_sc_hd__clkbuf_16)
    14    0.22    0.23    0.30    0.49 ^ clkbuf_2_1__f_clk/X (sky130_fd_sc_hd__clkbuf_16)
                                         clknet_2_1__leaf_clk (net)
                  0.23    0.00    0.50 ^ clkbuf_leaf_36_clk/A (sky130_fd_sc_hd__clkbuf_16)
    10    0.04    0.06    0.20    0.70 ^ clkbuf_leaf_36_clk/X (sky130_fd_sc_hd__clkbuf_16)
                                         clknet_leaf_36_clk (net)
                  0.06    0.00    0.70 ^ ciphertext[32]$_SDFFE_PN0P_/CLK (sky130_fd_sc_hd__dfxtp_1)
     2    0.06    0.52    0.64    1.34 ^ ciphertext[32]$_SDFFE_PN0P_/Q (sky130_fd_sc_hd__dfxtp_1)
                                         net312 (net)
                  0.52    0.01    1.36 ^ output312/A (sky130_fd_sc_hd__clkdlybuf4s50_1)
     1    0.00    0.05    0.58    1.93 ^ output312/X (sky130_fd_sc_hd__clkdlybuf4s50_1)
                                         ciphertext[32] (net)
                  0.05    0.00    1.93 ^ ciphertext[32] (out)
                                  1.93   data arrival time

                  0.00   10.00   10.00   clock vclk (rise edge)
                          0.00   10.00   clock network delay (ideal)
                          0.00   10.00   clock reconvergence pessimism
                         -2.00    8.00   output external delay
                                  8.00   data required time
-----------------------------------------------------------------------------
                                  8.00   data required time
                                 -1.93   data arrival time
-----------------------------------------------------------------------------
                                  6.07   slack (MET)



==========================================================================
cts final report_check_types -max_slew -max_cap -max_fanout -violators
--------------------------------------------------------------------------
max slew

Pin                                    Limit    Slew   Slack
------------------------------------------------------------
state[17]$_SDFFE_PN0P_/D                1.50    1.56   -0.06 (VIOLATED)


==========================================================================
cts final max_slew_check_slack
--------------------------------------------------------------------------
-0.06177813932299614

==========================================================================
cts final max_slew_check_limit
--------------------------------------------------------------------------
1.5

==========================================================================
cts final max_slew_check_slack_limit
--------------------------------------------------------------------------
-0.0412

==========================================================================
cts final max_fanout_check_slack
--------------------------------------------------------------------------
1.0000000150474662e+30

==========================================================================
cts final max_fanout_check_limit
--------------------------------------------------------------------------
1.0000000150474662e+30

==========================================================================
cts final max_capacitance_check_slack
--------------------------------------------------------------------------
0.005813573487102985

==========================================================================
cts final max_capacitance_check_limit
--------------------------------------------------------------------------
0.05494200065732002

==========================================================================
cts final max_capacitance_check_slack_limit
--------------------------------------------------------------------------
0.1058

==========================================================================
cts final max_slew_violation_count
--------------------------------------------------------------------------
max slew violation count 1

==========================================================================
cts final max_fanout_violation_count
--------------------------------------------------------------------------
max fanout violation count 0

==========================================================================
cts final max_cap_violation_count
--------------------------------------------------------------------------
max cap violation count 0

==========================================================================
cts final setup_violation_count
--------------------------------------------------------------------------
setup violation count 0

==========================================================================
cts final hold_violation_count
--------------------------------------------------------------------------
hold violation count 0

==========================================================================
cts final report_checks -path_delay max reg to reg
--------------------------------------------------------------------------
Startpoint: round_key[10]$_SDFFE_PN0P_
            (rising edge-triggered flip-flop clocked by core_clock)
Endpoint: state[17]$_SDFFE_PN0P_
          (rising edge-triggered flip-flop clocked by core_clock)
Path Group: core_clock
Path Type: max

  Delay    Time   Description
---------------------------------------------------------
   0.00    0.00   clock core_clock (rise edge)
   0.00    0.00   clock source latency
   0.00    0.00 ^ clk (in)
   0.19    0.19 ^ clkbuf_0_clk/X (sky130_fd_sc_hd__clkbuf_16)
   0.30    0.49 ^ clkbuf_2_3__f_clk/X (sky130_fd_sc_hd__clkbuf_16)
   0.20    0.69 ^ clkbuf_leaf_16_clk/X (sky130_fd_sc_hd__clkbuf_16)
   0.00    0.69 ^ round_key[10]$_SDFFE_PN0P_/CLK (sky130_fd_sc_hd__dfxtp_2)
   0.66    1.36 ^ round_key[10]$_SDFFE_PN0P_/Q (sky130_fd_sc_hd__dfxtp_2)
   0.68    2.03 ^ place1079/X (sky130_fd_sc_hd__buf_4)
   0.47    2.51 v _15080_/Y (sky130_fd_sc_hd__nand2b_1)
   0.24    2.75 v _16008_/Y (sky130_fd_sc_hd__a21boi_0)
   0.49    3.24 v _16014_/X (sky130_fd_sc_hd__mux4_2)
   0.28    3.52 v _16015_/X (sky130_fd_sc_hd__a32o_1)
   0.14    3.66 v _16016_/Y (sky130_fd_sc_hd__mux2i_1)
   0.86    4.52 ^ _16041_/Y (sky130_fd_sc_hd__nor3_1)
   0.26    4.79 v _27011_/Y (sky130_fd_sc_hd__xnor2_1)
   0.21    4.99 v _27021_/Y (sky130_fd_sc_hd__nand2b_1)
   0.27    5.27 ^ _27023_/Y (sky130_fd_sc_hd__a311oi_1)
   0.11    5.38 v _27024_/Y (sky130_fd_sc_hd__nor4_1)
   1.25    6.63 ^ _27025_/Y (sky130_fd_sc_hd__a221oi_1)
   0.01    6.64 ^ state[17]$_SDFFE_PN0P_/D (sky130_fd_sc_hd__dfxtp_2)
           6.64   data arrival time

  10.00   10.00   clock core_clock (rise edge)
   0.00   10.00   clock source latency
   0.00   10.00 ^ clk (in)
   0.19   10.19 ^ clkbuf_0_clk/X (sky130_fd_sc_hd__clkbuf_16)
   0.30   10.49 ^ clkbuf_2_1__f_clk/X (sky130_fd_sc_hd__clkbuf_16)
   0.22   10.72 ^ clkbuf_leaf_26_clk/X (sky130_fd_sc_hd__clkbuf_16)
   0.00   10.72 ^ state[17]$_SDFFE_PN0P_/CLK (sky130_fd_sc_hd__dfxtp_2)
   0.00   10.72   clock reconvergence pessimism
  -0.24   10.48   library setup time
          10.48   data required time
---------------------------------------------------------
          10.48   data required time
          -6.64   data arrival time
---------------------------------------------------------
           3.84   slack (MET)



==========================================================================
cts final report_checks -path_delay min reg to reg
--------------------------------------------------------------------------
Startpoint: ciphertext[116]$_SDFFE_PN0P_
            (rising edge-triggered flip-flop clocked by core_clock)
Endpoint: ciphertext[116]$_SDFFE_PN0P_
          (rising edge-triggered flip-flop clocked by core_clock)
Path Group: core_clock
Path Type: min

  Delay    Time   Description
---------------------------------------------------------
   0.00    0.00   clock core_clock (rise edge)
   0.00    0.00   clock source latency
   0.00    0.00 ^ clk (in)
   0.19    0.19 ^ clkbuf_0_clk/X (sky130_fd_sc_hd__clkbuf_16)
   0.30    0.49 ^ clkbuf_2_3__f_clk/X (sky130_fd_sc_hd__clkbuf_16)
   0.20    0.69 ^ clkbuf_leaf_6_clk/X (sky130_fd_sc_hd__clkbuf_16)
   0.00    0.69 ^ ciphertext[116]$_SDFFE_PN0P_/CLK (sky130_fd_sc_hd__dfxtp_1)
   0.31    1.00 v ciphertext[116]$_SDFFE_PN0P_/Q (sky130_fd_sc_hd__dfxtp_1)
   0.05    1.05 ^ _15777_/Y (sky130_fd_sc_hd__nand2_1)
   0.05    1.10 v _15778_/Y (sky130_fd_sc_hd__a21oi_1)
   0.00    1.10 v ciphertext[116]$_SDFFE_PN0P_/D (sky130_fd_sc_hd__dfxtp_1)
           1.10   data arrival time

   0.00    0.00   clock core_clock (rise edge)
   0.00    0.00   clock source latency
   0.00    0.00 ^ clk (in)
   0.19    0.19 ^ clkbuf_0_clk/X (sky130_fd_sc_hd__clkbuf_16)
   0.30    0.49 ^ clkbuf_2_3__f_clk/X (sky130_fd_sc_hd__clkbuf_16)
   0.20    0.69 ^ clkbuf_leaf_6_clk/X (sky130_fd_sc_hd__clkbuf_16)
   0.00    0.69 ^ ciphertext[116]$_SDFFE_PN0P_/CLK (sky130_fd_sc_hd__dfxtp_1)
   0.00    0.69   clock reconvergence pessimism
  -0.05    0.65   library hold time
           0.65   data required time
---------------------------------------------------------
           0.65   data required time
          -1.10   data arrival time
---------------------------------------------------------
           0.45   slack (MET)



==========================================================================
cts final critical path target clock latency max path
--------------------------------------------------------------------------
0.7229

==========================================================================
cts final critical path target clock latency min path
--------------------------------------------------------------------------
0.6640

==========================================================================
cts final critical path source clock latency min path
--------------------------------------------------------------------------
0.0000

==========================================================================
cts final critical path delay
--------------------------------------------------------------------------
6.6354

==========================================================================
cts final critical path slack
--------------------------------------------------------------------------
3.8426

==========================================================================
cts final slack div critical path delay
--------------------------------------------------------------------------
57.910601

==========================================================================
cts final report_power
--------------------------------------------------------------------------
Group                  Internal  Switching    Leakage      Total
                          Power      Power      Power      Power (Watts)
----------------------------------------------------------------
Sequential             2.07e-03   1.27e-03   3.24e-09   3.34e-03   5.9%
Combinational          1.92e-02   3.23e-02   2.67e-08   5.16e-02  90.4%
Clock                  1.25e-03   9.04e-04   9.35e-10   2.16e-03   3.8%
Macro                  0.00e+00   0.00e+00   0.00e+00   0.00e+00   0.0%
Pad                    0.00e+00   0.00e+00   0.00e+00   0.00e+00   0.0%
----------------------------------------------------------------
Total                  2.26e-02   3.45e-02   3.08e-08   5.71e-02 100.0%
                          39.5%      60.5%       0.0%
