
==========================================================================
resizer report_tns
--------------------------------------------------------------------------
tns max 0.00

==========================================================================
resizer report_wns
--------------------------------------------------------------------------
wns max 0.00

==========================================================================
resizer report_worst_slack
--------------------------------------------------------------------------
worst slack max 2.97

==========================================================================
resizer report_clock_min_period
--------------------------------------------------------------------------
vclk period_min = 7.03 fmax = 142.32

==========================================================================
resizer report_checks -path_delay min
--------------------------------------------------------------------------
Startpoint: data_in[36] (input port clocked by vclk)
Endpoint: codeword[43] (output port clocked by vclk)
Path Group: vclk
Path Type: min

Fanout     Cap    Slew   Delay    Time   Description
-----------------------------------------------------------------------------
                  0.00    0.00    0.00   clock vclk (rise edge)
                          0.00    0.00   clock network delay (ideal)
                          2.00    2.00 v input external delay
     1    0.00    0.00    0.00    2.00 v data_in[36] (in)
                                         data_in[36] (net)
                  0.00    0.00    2.00 v input30/A (sky130_fd_sc_hd__clkdlybuf4s50_1)
     2    0.01    0.07    0.41    2.41 v input30/X (sky130_fd_sc_hd__clkdlybuf4s50_1)
                                         net30 (net)
                  0.07    0.00    2.41 v output102/A (sky130_fd_sc_hd__clkdlybuf4s50_1)
     1    0.00    0.04    0.42    2.83 v output102/X (sky130_fd_sc_hd__clkdlybuf4s50_1)
                                         codeword[43] (net)
                  0.04    0.00    2.83 v codeword[43] (out)
                                  2.83   data arrival time

                  0.00    0.00    0.00   clock vclk (rise edge)
                          0.00    0.00   clock network delay (ideal)
                          0.00    0.00   clock reconvergence pessimism
                         -2.00   -2.00   output external delay
                                 -2.00   data required time
-----------------------------------------------------------------------------
                                 -2.00   data required time
                                 -2.83   data arrival time
-----------------------------------------------------------------------------
                                  4.83   slack (MET)



==========================================================================
resizer report_checks -path_delay max
--------------------------------------------------------------------------
Startpoint: data_in[36] (input port clocked by vclk)
Endpoint: codeword[0] (output port clocked by vclk)
Path Group: vclk
Path Type: max

Fanout     Cap    Slew   Delay    Time   Description
-----------------------------------------------------------------------------
                  0.00    0.00    0.00   clock vclk (rise edge)
                          0.00    0.00   clock network delay (ideal)
                          2.00    2.00 ^ input external delay
     1    0.00    0.00    0.00    2.00 ^ data_in[36] (in)
                                         data_in[36] (net)
                  0.00    0.00    2.00 ^ input30/A (sky130_fd_sc_hd__clkdlybuf4s50_1)
     2    0.01    0.07    0.47    2.47 ^ input30/X (sky130_fd_sc_hd__clkdlybuf4s50_1)
                                         net30 (net)
                  0.07    0.00    2.47 ^ _107_/A (sky130_fd_sc_hd__xnor3_2)
     3    0.02    0.12    0.48    2.95 v _107_/X (sky130_fd_sc_hd__xnor3_2)
                                         _081_ (net)
                  0.12    0.00    2.95 v _109_/B (sky130_fd_sc_hd__xnor3_2)
     2    0.01    0.10    0.42    3.38 v _109_/X (sky130_fd_sc_hd__xnor3_2)
                                         _083_ (net)
                  0.10    0.00    3.38 v _181_/A (sky130_fd_sc_hd__xnor3_1)
     1    0.00    0.07    0.39    3.76 ^ _181_/X (sky130_fd_sc_hd__xnor3_1)
                                         _045_ (net)
                  0.07    0.00    3.76 ^ _182_/C (sky130_fd_sc_hd__xnor3_2)
     2    0.01    0.08    0.26    4.02 v _182_/X (sky130_fd_sc_hd__xnor3_2)
                                         net67 (net)
                  0.08    0.00    4.02 v _220_/B (sky130_fd_sc_hd__xnor3_1)
     1    0.00    0.07    0.35    4.37 v _220_/X (sky130_fd_sc_hd__xnor3_1)
                                         _080_ (net)
                  0.07    0.00    4.37 v _221_/C (sky130_fd_sc_hd__xnor3_1)
     1    0.00    0.06    0.20    4.57 ^ _221_/X (sky130_fd_sc_hd__xnor3_1)
                                         net65 (net)
                  0.06    0.00    4.57 ^ output65/A (sky130_fd_sc_hd__clkdlybuf4s50_1)
     1    0.00    0.04    0.46    5.03 ^ output65/X (sky130_fd_sc_hd__clkdlybuf4s50_1)
                                         codeword[0] (net)
                  0.04    0.00    5.03 ^ codeword[0] (out)
                                  5.03   data arrival time

                  0.00   10.00   10.00   clock vclk (rise edge)
                          0.00   10.00   clock network delay (ideal)
                          0.00   10.00   clock reconvergence pessimism
                         -2.00    8.00   output external delay
                                  8.00   data required time
-----------------------------------------------------------------------------
                                  8.00   data required time
                                 -5.03   data arrival time
-----------------------------------------------------------------------------
                                  2.97   slack (MET)



==========================================================================
resizer report_checks -unconstrained
--------------------------------------------------------------------------
Startpoint: data_in[36] (input port clocked by vclk)
Endpoint: codeword[0] (output port clocked by vclk)
Path Group: vclk
Path Type: max

Fanout     Cap    Slew   Delay    Time   Description
-----------------------------------------------------------------------------
                  0.00    0.00    0.00   clock vclk (rise edge)
                          0.00    0.00   clock network delay (ideal)
                          2.00    2.00 ^ input external delay
     1    0.00    0.00    0.00    2.00 ^ data_in[36] (in)
                                         data_in[36] (net)
                  0.00    0.00    2.00 ^ input30/A (sky130_fd_sc_hd__clkdlybuf4s50_1)
     2    0.01    0.07    0.47    2.47 ^ input30/X (sky130_fd_sc_hd__clkdlybuf4s50_1)
                                         net30 (net)
                  0.07    0.00    2.47 ^ _107_/A (sky130_fd_sc_hd__xnor3_2)
     3    0.02    0.12    0.48    2.95 v _107_/X (sky130_fd_sc_hd__xnor3_2)
                                         _081_ (net)
                  0.12    0.00    2.95 v _109_/B (sky130_fd_sc_hd__xnor3_2)
     2    0.01    0.10    0.42    3.38 v _109_/X (sky130_fd_sc_hd__xnor3_2)
                                         _083_ (net)
                  0.10    0.00    3.38 v _181_/A (sky130_fd_sc_hd__xnor3_1)
     1    0.00    0.07    0.39    3.76 ^ _181_/X (sky130_fd_sc_hd__xnor3_1)
                                         _045_ (net)
                  0.07    0.00    3.76 ^ _182_/C (sky130_fd_sc_hd__xnor3_2)
     2    0.01    0.08    0.26    4.02 v _182_/X (sky130_fd_sc_hd__xnor3_2)
                                         net67 (net)
                  0.08    0.00    4.02 v _220_/B (sky130_fd_sc_hd__xnor3_1)
     1    0.00    0.07    0.35    4.37 v _220_/X (sky130_fd_sc_hd__xnor3_1)
                                         _080_ (net)
                  0.07    0.00    4.37 v _221_/C (sky130_fd_sc_hd__xnor3_1)
     1    0.00    0.06    0.20    4.57 ^ _221_/X (sky130_fd_sc_hd__xnor3_1)
                                         net65 (net)
                  0.06    0.00    4.57 ^ output65/A (sky130_fd_sc_hd__clkdlybuf4s50_1)
     1    0.00    0.04    0.46    5.03 ^ output65/X (sky130_fd_sc_hd__clkdlybuf4s50_1)
                                         codeword[0] (net)
                  0.04    0.00    5.03 ^ codeword[0] (out)
                                  5.03   data arrival time

                  0.00   10.00   10.00   clock vclk (rise edge)
                          0.00   10.00   clock network delay (ideal)
                          0.00   10.00   clock reconvergence pessimism
                         -2.00    8.00   output external delay
                                  8.00   data required time
-----------------------------------------------------------------------------
                                  8.00   data required time
                                 -5.03   data arrival time
-----------------------------------------------------------------------------
                                  2.97   slack (MET)



==========================================================================
resizer report_check_types -max_slew -max_cap -max_fanout -violators
--------------------------------------------------------------------------

==========================================================================
resizer max_slew_check_slack
--------------------------------------------------------------------------
1.0271694660186768

==========================================================================
resizer max_slew_check_limit
--------------------------------------------------------------------------
1.4892979860305786

==========================================================================
resizer max_slew_check_slack_limit
--------------------------------------------------------------------------
0.6897

==========================================================================
resizer max_fanout_check_slack
--------------------------------------------------------------------------
1.0000000150474662e+30

==========================================================================
resizer max_fanout_check_limit
--------------------------------------------------------------------------
1.0000000150474662e+30

==========================================================================
resizer max_capacitance_check_slack
--------------------------------------------------------------------------
0.04939861595630646

==========================================================================
resizer max_capacitance_check_limit
--------------------------------------------------------------------------
0.0695900022983551

==========================================================================
resizer max_capacitance_check_slack_limit
--------------------------------------------------------------------------
0.7099

==========================================================================
resizer max_slew_violation_count
--------------------------------------------------------------------------
max slew violation count 0

==========================================================================
resizer max_fanout_violation_count
--------------------------------------------------------------------------
max fanout violation count 0

==========================================================================
resizer max_cap_violation_count
--------------------------------------------------------------------------
max cap violation count 0

==========================================================================
resizer setup_violation_count
--------------------------------------------------------------------------
setup violation count 0

==========================================================================
resizer hold_violation_count
--------------------------------------------------------------------------
hold violation count 0

==========================================================================
resizer critical path delay
--------------------------------------------------------------------------
5.0264

==========================================================================
resizer critical path slack
--------------------------------------------------------------------------
2.9736

==========================================================================
resizer slack div critical path delay
--------------------------------------------------------------------------
59.159637

==========================================================================
resizer report_power
--------------------------------------------------------------------------
Group                  Internal  Switching    Leakage      Total
                          Power      Power      Power      Power (Watts)
----------------------------------------------------------------
Sequential             0.00e+00   0.00e+00   0.00e+00   0.00e+00   0.0%
Combinational          4.66e-04   1.55e-04   1.20e-09   6.21e-04 100.0%
Clock                  0.00e+00   0.00e+00   0.00e+00   0.00e+00   0.0%
Macro                  0.00e+00   0.00e+00   0.00e+00   0.00e+00   0.0%
Pad                    0.00e+00   0.00e+00   0.00e+00   0.00e+00   0.0%
----------------------------------------------------------------
Total                  4.66e-04   1.55e-04   1.20e-09   6.21e-04 100.0%
                          75.0%      25.0%       0.0%
