
==========================================================================
detailed place report_tns
--------------------------------------------------------------------------
tns max 0.00

==========================================================================
detailed place report_wns
--------------------------------------------------------------------------
wns max 0.00

==========================================================================
detailed place report_worst_slack
--------------------------------------------------------------------------
worst slack max 0.03

==========================================================================
detailed place report_clock_min_period
--------------------------------------------------------------------------
core_clock period_min = 1.59 fmax = 627.93
vclk_core_clock period_min = 0.00 fmax = inf

==========================================================================
detailed place report_checks -path_delay min
--------------------------------------------------------------------------
Startpoint: ctrl.state.out[1]$_DFF_P_
            (rising edge-triggered flip-flop clocked by core_clock)
Endpoint: ctrl.state.out[1]$_DFF_P_
          (rising edge-triggered flip-flop clocked by core_clock)
Path Group: core_clock
Path Type: min

Fanout     Cap    Slew   Delay    Time   Description
-----------------------------------------------------------------------------
                  0.00    0.00    0.00   clock core_clock (rise edge)
                          0.23    0.23   clock network delay (ideal)
                  0.00    0.00    0.23 ^ ctrl.state.out[1]$_DFF_P_/CLK (sky130_fd_sc_hs__dfxtp_1)
     2    0.01    0.06    0.19    0.43 ^ ctrl.state.out[1]$_DFF_P_/Q (sky130_fd_sc_hs__dfxtp_1)
                                         ctrl.state.out[1] (net)
                  0.06    0.00    0.43 ^ _635_/B (sky130_fd_sc_hs__nand2_1)
     1    0.00    0.03    0.04    0.47 v _635_/Y (sky130_fd_sc_hs__nand2_1)
                                         _291_ (net)
                  0.03    0.00    0.47 v _636_/B1 (sky130_fd_sc_hs__o31ai_1)
     1    0.00    0.04    0.05    0.52 ^ _636_/Y (sky130_fd_sc_hs__o31ai_1)
                                         _001_ (net)
                  0.04    0.00    0.52 ^ ctrl.state.out[1]$_DFF_P_/D (sky130_fd_sc_hs__dfxtp_1)
                                  0.52   data arrival time

                  0.00    0.00    0.00   clock core_clock (rise edge)
                          0.23    0.23   clock network delay (ideal)
                          0.00    0.23   clock reconvergence pessimism
                                  0.23 ^ ctrl.state.out[1]$_DFF_P_/CLK (sky130_fd_sc_hs__dfxtp_1)
                          0.00    0.24   library hold time
                                  0.24   data required time
-----------------------------------------------------------------------------
                                  0.24   data required time
                                 -0.52   data arrival time
-----------------------------------------------------------------------------
                                  0.28   slack (MET)


Startpoint: ctrl.state.out[2]$_DFF_P_
            (rising edge-triggered flip-flop clocked by core_clock)
Endpoint: resp_val (output port clocked by vclk_core_clock)
Path Group: vclk_core_clock
Path Type: min

Fanout     Cap    Slew   Delay    Time   Description
-----------------------------------------------------------------------------
                  0.00    0.00    0.00   clock core_clock (rise edge)
                          0.23    0.23   clock network delay (ideal)
                  0.00    0.00    0.23 ^ ctrl.state.out[2]$_DFF_P_/CLK (sky130_fd_sc_hs__dfxtp_1)
     2    0.01    0.06    0.19    0.42 ^ ctrl.state.out[2]$_DFF_P_/Q (sky130_fd_sc_hs__dfxtp_1)
                                         ctrl.state.out[2] (net)
                  0.06    0.00    0.42 ^ _627_/B (sky130_fd_sc_hs__nor3b_1)
     2    0.01    0.04    0.05    0.47 v _627_/Y (sky130_fd_sc_hs__nor3b_1)
                                         net53 (net)
                  0.04    0.00    0.47 v output53/A (sky130_fd_sc_hs__buf_1)
     1    0.00    0.01    0.06    0.53 v output53/X (sky130_fd_sc_hs__buf_1)
                                         resp_val (net)
                  0.01    0.00    0.53 v resp_val (out)
                                  0.53   data arrival time

                  0.00    0.00    0.00   clock vclk_core_clock (rise edge)
                          0.23    0.23   clock network delay (ideal)
                          0.00    0.23   clock reconvergence pessimism
                         -0.32   -0.09   output external delay
                                 -0.09   data required time
-----------------------------------------------------------------------------
                                 -0.09   data required time
                                 -0.53   data arrival time
-----------------------------------------------------------------------------
                                  0.62   slack (MET)



==========================================================================
detailed place report_checks -path_delay max
--------------------------------------------------------------------------
Startpoint: dpath.a_reg.out[10]$_DFFE_PP_
            (rising edge-triggered flip-flop clocked by core_clock)
Endpoint: dpath.a_reg.out[11]$_DFFE_PP_
          (rising edge-triggered flip-flop clocked by core_clock)
Path Group: core_clock
Path Type: max

Fanout     Cap    Slew   Delay    Time   Description
-----------------------------------------------------------------------------
                  0.00    0.00    0.00   clock core_clock (rise edge)
                          0.23    0.23   clock network delay (ideal)
                  0.00    0.00    0.23 ^ dpath.a_reg.out[10]$_DFFE_PP_/CLK (sky130_fd_sc_hs__edfxtp_1)
     3    0.02    0.09    0.22    0.45 v dpath.a_reg.out[10]$_DFFE_PP_/Q (sky130_fd_sc_hs__edfxtp_1)
                                         dpath.a_lt_b$in0[10] (net)
                  0.09    0.00    0.45 v _392_/A_N (sky130_fd_sc_hs__nand2b_1)
     3    0.01    0.07    0.13    0.59 v _392_/Y (sky130_fd_sc_hs__nand2b_1)
                                         _075_ (net)
                  0.07    0.00    0.59 v _393_/B (sky130_fd_sc_hs__and2_2)
     3    0.02    0.04    0.13    0.71 v _393_/X (sky130_fd_sc_hs__and2_2)
                                         _076_ (net)
                  0.04    0.00    0.71 v _451_/B (sky130_fd_sc_hs__nand2_2)
     4    0.02    0.08    0.08    0.79 ^ _451_/Y (sky130_fd_sc_hs__nand2_2)
                                         _133_ (net)
                  0.08    0.00    0.79 ^ _464_/A2 (sky130_fd_sc_hs__o21ai_2)
     1    0.01    0.06    0.06    0.86 v _464_/Y (sky130_fd_sc_hs__o21ai_2)
                                         _146_ (net)
                  0.06    0.00    0.86 v _474_/A1 (sky130_fd_sc_hs__a21oi_4)
     2    0.01    0.10    0.11    0.97 ^ _474_/Y (sky130_fd_sc_hs__a21oi_4)
                                         _156_ (net)
                  0.10    0.00    0.97 ^ place79/A (sky130_fd_sc_hs__buf_2)
    17    0.08    0.35    0.30    1.27 ^ place79/X (sky130_fd_sc_hs__buf_2)
                                         net79 (net)
                  0.35    0.00    1.27 ^ _503_/A2 (sky130_fd_sc_hs__a21oi_4)
     7    0.03    0.11    0.11    1.38 v _503_/Y (sky130_fd_sc_hs__a21oi_4)
                                         _184_ (net)
                  0.11    0.00    1.38 v _552_/B (sky130_fd_sc_hs__nand2_1)
     1    0.01    0.06    0.09    1.46 ^ _552_/Y (sky130_fd_sc_hs__nand2_1)
                                         _227_ (net)
                  0.06    0.00    1.46 ^ _553_/B (sky130_fd_sc_hs__nand2_1)
     1    0.00    0.03    0.04    1.50 v _553_/Y (sky130_fd_sc_hs__nand2_1)
                                         dpath.a_mux$out[11] (net)
                  0.03    0.00    1.50 v dpath.a_reg.out[11]$_DFFE_PP_/D (sky130_fd_sc_hs__edfxtp_1)
                                  1.50   data arrival time

                  0.00    1.62    1.62   clock core_clock (rise edge)
                          0.23    1.86   clock network delay (ideal)
                          0.00    1.86   clock reconvergence pessimism
                                  1.86 ^ dpath.a_reg.out[11]$_DFFE_PP_/CLK (sky130_fd_sc_hs__edfxtp_1)
                         -0.32    1.53   library setup time
                                  1.53   data required time
-----------------------------------------------------------------------------
                                  1.53   data required time
                                 -1.50   data arrival time
-----------------------------------------------------------------------------
                                  0.03   slack (MET)


Startpoint: dpath.b_reg.out[5]$_DFFE_PP_
            (rising edge-triggered flip-flop clocked by core_clock)
Endpoint: resp_msg[13] (output port clocked by vclk_core_clock)
Path Group: vclk_core_clock
Path Type: max

Fanout     Cap    Slew   Delay    Time   Description
-----------------------------------------------------------------------------
                  0.00    0.00    0.00   clock core_clock (rise edge)
                          0.23    0.23   clock network delay (ideal)
                  0.00    0.00    0.23 ^ dpath.b_reg.out[5]$_DFFE_PP_/CLK (sky130_fd_sc_hs__edfxtp_1)
     5    0.02    0.09    0.22    0.45 v dpath.b_reg.out[5]$_DFFE_PP_/Q (sky130_fd_sc_hs__edfxtp_1)
                                         dpath.a_lt_b$in1[5] (net)
                  0.09    0.00    0.46 v _299_/B (sky130_fd_sc_hs__xnor2_1)
     2    0.01    0.20    0.19    0.65 ^ _299_/Y (sky130_fd_sc_hs__xnor2_1)
                                         _003_ (net)
                  0.20    0.00    0.65 ^ place89/A (sky130_fd_sc_hs__buf_1)
     2    0.01    0.07    0.12    0.77 ^ place89/X (sky130_fd_sc_hs__buf_1)
                                         net89 (net)
                  0.07    0.00    0.77 ^ _377_/A (sky130_fd_sc_hs__nand2_1)
     3    0.01    0.08    0.07    0.84 v _377_/Y (sky130_fd_sc_hs__nand2_1)
                                         _060_ (net)
                  0.08    0.00    0.84 v _518_/A (sky130_fd_sc_hs__nor2_1)
     3    0.01    0.17    0.17    1.01 ^ _518_/Y (sky130_fd_sc_hs__nor2_1)
                                         _198_ (net)
                  0.17    0.00    1.01 ^ _519_/A (sky130_fd_sc_hs__and2_1)
     1    0.00    0.04    0.09    1.10 ^ _519_/X (sky130_fd_sc_hs__and2_1)
                                         _199_ (net)
                  0.04    0.00    1.10 ^ _520_/B (sky130_fd_sc_hs__nand2_1)
     2    0.01    0.05    0.05    1.15 v _520_/Y (sky130_fd_sc_hs__nand2_1)
                                         _200_ (net)
                  0.05    0.00    1.15 v _521_/B (sky130_fd_sc_hs__nand2_1)
     1    0.00    0.04    0.05    1.21 ^ _521_/Y (sky130_fd_sc_hs__nand2_1)
                                         _201_ (net)
                  0.04    0.00    1.21 ^ _523_/A (sky130_fd_sc_hs__nand2_1)
     1    0.00    0.03    0.04    1.24 v _523_/Y (sky130_fd_sc_hs__nand2_1)
                                         _203_ (net)
                  0.03    0.00    1.24 v _525_/A (sky130_fd_sc_hs__nand2_1)
     2    0.01    0.09    0.07    1.32 ^ _525_/Y (sky130_fd_sc_hs__nand2_1)
                                         net41 (net)
                  0.09    0.00    1.32 ^ output41/A (sky130_fd_sc_hs__buf_1)
     1    0.00    0.02    0.06    1.38 ^ output41/X (sky130_fd_sc_hs__buf_1)
                                         resp_msg[13] (net)
                  0.02    0.00    1.38 ^ resp_msg[13] (out)
                                  1.38   data arrival time

                  0.00    1.62    1.62   clock vclk_core_clock (rise edge)
                          0.23    1.86   clock network delay (ideal)
                          0.00    1.86   clock reconvergence pessimism
                         -0.32    1.53   output external delay
                                  1.53   data required time
-----------------------------------------------------------------------------
                                  1.53   data required time
                                 -1.38   data arrival time
-----------------------------------------------------------------------------
                                  0.15   slack (MET)



==========================================================================
detailed place report_checks -unconstrained
--------------------------------------------------------------------------
Startpoint: dpath.a_reg.out[10]$_DFFE_PP_
            (rising edge-triggered flip-flop clocked by core_clock)
Endpoint: dpath.a_reg.out[11]$_DFFE_PP_
          (rising edge-triggered flip-flop clocked by core_clock)
Path Group: core_clock
Path Type: max

Fanout     Cap    Slew   Delay    Time   Description
-----------------------------------------------------------------------------
                  0.00    0.00    0.00   clock core_clock (rise edge)
                          0.23    0.23   clock network delay (ideal)
                  0.00    0.00    0.23 ^ dpath.a_reg.out[10]$_DFFE_PP_/CLK (sky130_fd_sc_hs__edfxtp_1)
     3    0.02    0.09    0.22    0.45 v dpath.a_reg.out[10]$_DFFE_PP_/Q (sky130_fd_sc_hs__edfxtp_1)
                                         dpath.a_lt_b$in0[10] (net)
                  0.09    0.00    0.45 v _392_/A_N (sky130_fd_sc_hs__nand2b_1)
     3    0.01    0.07    0.13    0.59 v _392_/Y (sky130_fd_sc_hs__nand2b_1)
                                         _075_ (net)
                  0.07    0.00    0.59 v _393_/B (sky130_fd_sc_hs__and2_2)
     3    0.02    0.04    0.13    0.71 v _393_/X (sky130_fd_sc_hs__and2_2)
                                         _076_ (net)
                  0.04    0.00    0.71 v _451_/B (sky130_fd_sc_hs__nand2_2)
     4    0.02    0.08    0.08    0.79 ^ _451_/Y (sky130_fd_sc_hs__nand2_2)
                                         _133_ (net)
                  0.08    0.00    0.79 ^ _464_/A2 (sky130_fd_sc_hs__o21ai_2)
     1    0.01    0.06    0.06    0.86 v _464_/Y (sky130_fd_sc_hs__o21ai_2)
                                         _146_ (net)
                  0.06    0.00    0.86 v _474_/A1 (sky130_fd_sc_hs__a21oi_4)
     2    0.01    0.10    0.11    0.97 ^ _474_/Y (sky130_fd_sc_hs__a21oi_4)
                                         _156_ (net)
                  0.10    0.00    0.97 ^ place79/A (sky130_fd_sc_hs__buf_2)
    17    0.08    0.35    0.30    1.27 ^ place79/X (sky130_fd_sc_hs__buf_2)
                                         net79 (net)
                  0.35    0.00    1.27 ^ _503_/A2 (sky130_fd_sc_hs__a21oi_4)
     7    0.03    0.11    0.11    1.38 v _503_/Y (sky130_fd_sc_hs__a21oi_4)
                                         _184_ (net)
                  0.11    0.00    1.38 v _552_/B (sky130_fd_sc_hs__nand2_1)
     1    0.01    0.06    0.09    1.46 ^ _552_/Y (sky130_fd_sc_hs__nand2_1)
                                         _227_ (net)
                  0.06    0.00    1.46 ^ _553_/B (sky130_fd_sc_hs__nand2_1)
     1    0.00    0.03    0.04    1.50 v _553_/Y (sky130_fd_sc_hs__nand2_1)
                                         dpath.a_mux$out[11] (net)
                  0.03    0.00    1.50 v dpath.a_reg.out[11]$_DFFE_PP_/D (sky130_fd_sc_hs__edfxtp_1)
                                  1.50   data arrival time

                  0.00    1.62    1.62   clock core_clock (rise edge)
                          0.23    1.86   clock network delay (ideal)
                          0.00    1.86   clock reconvergence pessimism
                                  1.86 ^ dpath.a_reg.out[11]$_DFFE_PP_/CLK (sky130_fd_sc_hs__edfxtp_1)
                         -0.32    1.53   library setup time
                                  1.53   data required time
-----------------------------------------------------------------------------
                                  1.53   data required time
                                 -1.50   data arrival time
-----------------------------------------------------------------------------
                                  0.03   slack (MET)


Startpoint: dpath.b_reg.out[5]$_DFFE_PP_
            (rising edge-triggered flip-flop clocked by core_clock)
Endpoint: resp_msg[13] (output port clocked by vclk_core_clock)
Path Group: vclk_core_clock
Path Type: max

Fanout     Cap    Slew   Delay    Time   Description
-----------------------------------------------------------------------------
                  0.00    0.00    0.00   clock core_clock (rise edge)
                          0.23    0.23   clock network delay (ideal)
                  0.00    0.00    0.23 ^ dpath.b_reg.out[5]$_DFFE_PP_/CLK (sky130_fd_sc_hs__edfxtp_1)
     5    0.02    0.09    0.22    0.45 v dpath.b_reg.out[5]$_DFFE_PP_/Q (sky130_fd_sc_hs__edfxtp_1)
                                         dpath.a_lt_b$in1[5] (net)
                  0.09    0.00    0.46 v _299_/B (sky130_fd_sc_hs__xnor2_1)
     2    0.01    0.20    0.19    0.65 ^ _299_/Y (sky130_fd_sc_hs__xnor2_1)
                                         _003_ (net)
                  0.20    0.00    0.65 ^ place89/A (sky130_fd_sc_hs__buf_1)
     2    0.01    0.07    0.12    0.77 ^ place89/X (sky130_fd_sc_hs__buf_1)
                                         net89 (net)
                  0.07    0.00    0.77 ^ _377_/A (sky130_fd_sc_hs__nand2_1)
     3    0.01    0.08    0.07    0.84 v _377_/Y (sky130_fd_sc_hs__nand2_1)
                                         _060_ (net)
                  0.08    0.00    0.84 v _518_/A (sky130_fd_sc_hs__nor2_1)
     3    0.01    0.17    0.17    1.01 ^ _518_/Y (sky130_fd_sc_hs__nor2_1)
                                         _198_ (net)
                  0.17    0.00    1.01 ^ _519_/A (sky130_fd_sc_hs__and2_1)
     1    0.00    0.04    0.09    1.10 ^ _519_/X (sky130_fd_sc_hs__and2_1)
                                         _199_ (net)
                  0.04    0.00    1.10 ^ _520_/B (sky130_fd_sc_hs__nand2_1)
     2    0.01    0.05    0.05    1.15 v _520_/Y (sky130_fd_sc_hs__nand2_1)
                                         _200_ (net)
                  0.05    0.00    1.15 v _521_/B (sky130_fd_sc_hs__nand2_1)
     1    0.00    0.04    0.05    1.21 ^ _521_/Y (sky130_fd_sc_hs__nand2_1)
                                         _201_ (net)
                  0.04    0.00    1.21 ^ _523_/A (sky130_fd_sc_hs__nand2_1)
     1    0.00    0.03    0.04    1.24 v _523_/Y (sky130_fd_sc_hs__nand2_1)
                                         _203_ (net)
                  0.03    0.00    1.24 v _525_/A (sky130_fd_sc_hs__nand2_1)
     2    0.01    0.09    0.07    1.32 ^ _525_/Y (sky130_fd_sc_hs__nand2_1)
                                         net41 (net)
                  0.09    0.00    1.32 ^ output41/A (sky130_fd_sc_hs__buf_1)
     1    0.00    0.02    0.06    1.38 ^ output41/X (sky130_fd_sc_hs__buf_1)
                                         resp_msg[13] (net)
                  0.02    0.00    1.38 ^ resp_msg[13] (out)
                                  1.38   data arrival time

                  0.00    1.62    1.62   clock vclk_core_clock (rise edge)
                          0.23    1.86   clock network delay (ideal)
                          0.00    1.86   clock reconvergence pessimism
                         -0.32    1.53   output external delay
                                  1.53   data required time
-----------------------------------------------------------------------------
                                  1.53   data required time
                                 -1.38   data arrival time
-----------------------------------------------------------------------------
                                  0.15   slack (MET)



==========================================================================
detailed place report_check_types -max_slew -max_cap -max_fanout -violators
--------------------------------------------------------------------------

==========================================================================
detailed place max_slew_check_slack
--------------------------------------------------------------------------
0.4448425769805908

==========================================================================
detailed place max_slew_check_limit
--------------------------------------------------------------------------
1.0

==========================================================================
detailed place max_slew_check_slack_limit
--------------------------------------------------------------------------
0.4448

==========================================================================
detailed place max_fanout_check_slack
--------------------------------------------------------------------------
1.0000000150474662e+30

==========================================================================
detailed place max_fanout_check_limit
--------------------------------------------------------------------------
1.0000000150474662e+30

==========================================================================
detailed place max_capacitance_check_slack
--------------------------------------------------------------------------
0.02591940388083458

==========================================================================
detailed place max_capacitance_check_limit
--------------------------------------------------------------------------
0.034299999475479126

==========================================================================
detailed place max_capacitance_check_slack_limit
--------------------------------------------------------------------------
0.7557

==========================================================================
detailed place max_slew_violation_count
--------------------------------------------------------------------------
max slew violation count 0

==========================================================================
detailed place max_fanout_violation_count
--------------------------------------------------------------------------
max fanout violation count 0

==========================================================================
detailed place max_cap_violation_count
--------------------------------------------------------------------------
max cap violation count 0

==========================================================================
detailed place setup_violation_count
--------------------------------------------------------------------------
setup violation count 0

==========================================================================
detailed place hold_violation_count
--------------------------------------------------------------------------
hold violation count 0

==========================================================================
detailed place report_checks -path_delay max reg to reg
--------------------------------------------------------------------------
Startpoint: dpath.a_reg.out[10]$_DFFE_PP_
            (rising edge-triggered flip-flop clocked by core_clock)
Endpoint: dpath.a_reg.out[11]$_DFFE_PP_
          (rising edge-triggered flip-flop clocked by core_clock)
Path Group: core_clock
Path Type: max

  Delay    Time   Description
---------------------------------------------------------
   0.00    0.00   clock core_clock (rise edge)
   0.23    0.23   clock network delay (ideal)
   0.00    0.23 ^ dpath.a_reg.out[10]$_DFFE_PP_/CLK (sky130_fd_sc_hs__edfxtp_1)
   0.22    0.45 v dpath.a_reg.out[10]$_DFFE_PP_/Q (sky130_fd_sc_hs__edfxtp_1)
   0.13    0.59 v _392_/Y (sky130_fd_sc_hs__nand2b_1)
   0.13    0.71 v _393_/X (sky130_fd_sc_hs__and2_2)
   0.08    0.79 ^ _451_/Y (sky130_fd_sc_hs__nand2_2)
   0.06    0.86 v _464_/Y (sky130_fd_sc_hs__o21ai_2)
   0.11    0.97 ^ _474_/Y (sky130_fd_sc_hs__a21oi_4)
   0.30    1.27 ^ place79/X (sky130_fd_sc_hs__buf_2)
   0.11    1.38 v _503_/Y (sky130_fd_sc_hs__a21oi_4)
   0.09    1.46 ^ _552_/Y (sky130_fd_sc_hs__nand2_1)
   0.04    1.50 v _553_/Y (sky130_fd_sc_hs__nand2_1)
   0.00    1.50 v dpath.a_reg.out[11]$_DFFE_PP_/D (sky130_fd_sc_hs__edfxtp_1)
           1.50   data arrival time

   1.62    1.62   clock core_clock (rise edge)
   0.23    1.86   clock network delay (ideal)
   0.00    1.86   clock reconvergence pessimism
           1.86 ^ dpath.a_reg.out[11]$_DFFE_PP_/CLK (sky130_fd_sc_hs__edfxtp_1)
  -0.32    1.53   library setup time
           1.53   data required time
---------------------------------------------------------
           1.53   data required time
          -1.50   data arrival time
---------------------------------------------------------
           0.03   slack (MET)



==========================================================================
detailed place report_checks -path_delay min reg to reg
--------------------------------------------------------------------------
Startpoint: ctrl.state.out[1]$_DFF_P_
            (rising edge-triggered flip-flop clocked by core_clock)
Endpoint: ctrl.state.out[1]$_DFF_P_
          (rising edge-triggered flip-flop clocked by core_clock)
Path Group: core_clock
Path Type: min

  Delay    Time   Description
---------------------------------------------------------
   0.00    0.00   clock core_clock (rise edge)
   0.23    0.23   clock network delay (ideal)
   0.00    0.23 ^ ctrl.state.out[1]$_DFF_P_/CLK (sky130_fd_sc_hs__dfxtp_1)
   0.19    0.43 ^ ctrl.state.out[1]$_DFF_P_/Q (sky130_fd_sc_hs__dfxtp_1)
   0.04    0.47 v _635_/Y (sky130_fd_sc_hs__nand2_1)
   0.05    0.52 ^ _636_/Y (sky130_fd_sc_hs__o31ai_1)
   0.00    0.52 ^ ctrl.state.out[1]$_DFF_P_/D (sky130_fd_sc_hs__dfxtp_1)
           0.52   data arrival time

   0.00    0.00   clock core_clock (rise edge)
   0.23    0.23   clock network delay (ideal)
   0.00    0.23   clock reconvergence pessimism
           0.23 ^ ctrl.state.out[1]$_DFF_P_/CLK (sky130_fd_sc_hs__dfxtp_1)
   0.00    0.24   library hold time
           0.24   data required time
---------------------------------------------------------
           0.24   data required time
          -0.52   data arrival time
---------------------------------------------------------
           0.28   slack (MET)



==========================================================================
detailed place critical path target clock latency max path
--------------------------------------------------------------------------
0.2350

==========================================================================
detailed place critical path target clock latency min path
--------------------------------------------------------------------------
0.2350

==========================================================================
detailed place critical path source clock latency min path
--------------------------------------------------------------------------
0.2350

==========================================================================
detailed place critical path delay
--------------------------------------------------------------------------
1.5032

==========================================================================
detailed place critical path slack
--------------------------------------------------------------------------
0.0275

==========================================================================
detailed place slack div critical path delay
--------------------------------------------------------------------------
1.829431

==========================================================================
detailed place report_power
--------------------------------------------------------------------------
Group                  Internal  Switching    Leakage      Total
                          Power      Power      Power      Power (Watts)
----------------------------------------------------------------
Sequential             1.46e-03   1.24e-04   4.70e-08   1.58e-03  39.2%
Combinational          1.43e-03   1.02e-03   4.04e-08   2.45e-03  60.8%
Clock                  0.00e+00   0.00e+00   0.00e+00   0.00e+00   0.0%
Macro                  0.00e+00   0.00e+00   0.00e+00   0.00e+00   0.0%
Pad                    0.00e+00   0.00e+00   0.00e+00   0.00e+00   0.0%
----------------------------------------------------------------
Total                  2.88e-03   1.14e-03   8.74e-08   4.03e-03 100.0%
                          71.6%      28.4%       0.0%
