
==========================================================================
cts final report_tns
--------------------------------------------------------------------------
tns max -0.52

==========================================================================
cts final report_wns
--------------------------------------------------------------------------
wns max -0.04

==========================================================================
cts final report_worst_slack
--------------------------------------------------------------------------
worst slack max -0.04

==========================================================================
cts final report_clock_min_period
--------------------------------------------------------------------------
core_clock period_min = 1.66 fmax = 603.95
vclk_core_clock period_min = 0.00 fmax = inf

==========================================================================
cts final report_clock_skew
--------------------------------------------------------------------------
Clock core_clock
   0.23 source latency ctrl.state.out[0]$_DFF_P_/CLK ^
  -0.24 target latency dpath.b_reg.out[7]$_DFFE_PP_/CLK ^
   0.00 CRPR
--------------
  -0.00 setup skew

Clock vclk_core_clock
No launch/capture paths found.


==========================================================================
cts final report_checks -path_delay min
--------------------------------------------------------------------------
Startpoint: ctrl.state.out[2]$_DFF_P_
            (rising edge-triggered flip-flop clocked by core_clock)
Endpoint: dpath.b_reg.out[8]$_DFFE_PP_
          (rising edge-triggered flip-flop clocked by core_clock)
Path Group: core_clock
Path Type: min

Fanout     Cap    Slew   Delay    Time   Description
-----------------------------------------------------------------------------
                          0.00    0.00   clock core_clock (rise edge)
                          0.00    0.00   clock source latency
     1    0.02    0.00    0.00    0.00 ^ clk (in)
                                         clk (net)
                  0.00    0.00    0.00 ^ clkbuf_0_clk/A (sky130_fd_sc_hs__clkbuf_8)
     4    0.03    0.05    0.10    0.10 ^ clkbuf_0_clk/X (sky130_fd_sc_hs__clkbuf_8)
                                         clknet_0_clk (net)
                  0.05    0.00    0.10 ^ clkbuf_2_0__f_clk/A (sky130_fd_sc_hs__clkbuf_8)
    10    0.04    0.06    0.13    0.23 ^ clkbuf_2_0__f_clk/X (sky130_fd_sc_hs__clkbuf_8)
                                         clknet_2_0__leaf_clk (net)
                  0.06    0.00    0.23 ^ ctrl.state.out[2]$_DFF_P_/CLK (sky130_fd_sc_hs__dfxtp_1)
     2    0.01    0.06    0.20    0.44 ^ ctrl.state.out[2]$_DFF_P_/Q (sky130_fd_sc_hs__dfxtp_1)
                                         ctrl.state.out[2] (net)
                  0.06    0.00    0.44 ^ _476_/A (sky130_fd_sc_hs__inv_1)
     6    0.04    0.14    0.13    0.57 v _476_/Y (sky130_fd_sc_hs__inv_1)
                                         _158_ (net)
                  0.14    0.00    0.57 v clone110/A2 (sky130_fd_sc_hs__o21ai_4)
     8    0.03    0.13    0.18    0.74 ^ clone110/Y (sky130_fd_sc_hs__o21ai_4)
                                         net110 (net)
                  0.13    0.00    0.74 ^ dpath.b_reg.out[8]$_DFFE_PP_/DE (sky130_fd_sc_hs__edfxtp_1)
                                  0.74   data arrival time

                          0.00    0.00   clock core_clock (rise edge)
                          0.00    0.00   clock source latency
     1    0.02    0.00    0.00    0.00 ^ clk (in)
                                         clk (net)
                  0.00    0.00    0.00 ^ clkbuf_0_clk/A (sky130_fd_sc_hs__clkbuf_8)
     4    0.03    0.05    0.10    0.10 ^ clkbuf_0_clk/X (sky130_fd_sc_hs__clkbuf_8)
                                         clknet_0_clk (net)
                  0.05    0.00    0.10 ^ clkbuf_2_2__f_clk/A (sky130_fd_sc_hs__clkbuf_8)
    10    0.04    0.06    0.13    0.23 ^ clkbuf_2_2__f_clk/X (sky130_fd_sc_hs__clkbuf_8)
                                         clknet_2_2__leaf_clk (net)
                  0.06    0.00    0.23 ^ dpath.b_reg.out[8]$_DFFE_PP_/CLK (sky130_fd_sc_hs__edfxtp_1)
                          0.00    0.23   clock reconvergence pessimism
                          0.24    0.47   library hold time
                                  0.47   data required time
-----------------------------------------------------------------------------
                                  0.47   data required time
                                 -0.74   data arrival time
-----------------------------------------------------------------------------
                                  0.27   slack (MET)


Startpoint: ctrl.state.out[2]$_DFF_P_
            (rising edge-triggered flip-flop clocked by core_clock)
Endpoint: resp_val (output port clocked by vclk_core_clock)
Path Group: vclk_core_clock
Path Type: min

Fanout     Cap    Slew   Delay    Time   Description
-----------------------------------------------------------------------------
                          0.00    0.00   clock core_clock (rise edge)
                          0.00    0.00   clock source latency
     1    0.02    0.00    0.00    0.00 ^ clk (in)
                                         clk (net)
                  0.00    0.00    0.00 ^ clkbuf_0_clk/A (sky130_fd_sc_hs__clkbuf_8)
     4    0.03    0.05    0.10    0.10 ^ clkbuf_0_clk/X (sky130_fd_sc_hs__clkbuf_8)
                                         clknet_0_clk (net)
                  0.05    0.00    0.10 ^ clkbuf_2_0__f_clk/A (sky130_fd_sc_hs__clkbuf_8)
    10    0.04    0.06    0.13    0.23 ^ clkbuf_2_0__f_clk/X (sky130_fd_sc_hs__clkbuf_8)
                                         clknet_2_0__leaf_clk (net)
                  0.06    0.00    0.23 ^ ctrl.state.out[2]$_DFF_P_/CLK (sky130_fd_sc_hs__dfxtp_1)
     2    0.01    0.06    0.20    0.44 ^ ctrl.state.out[2]$_DFF_P_/Q (sky130_fd_sc_hs__dfxtp_1)
                                         ctrl.state.out[2] (net)
                  0.06    0.00    0.44 ^ _627_/B (sky130_fd_sc_hs__nor3b_1)
     2    0.01    0.04    0.05    0.49 v _627_/Y (sky130_fd_sc_hs__nor3b_1)
                                         net53 (net)
                  0.04    0.00    0.49 v output53/A (sky130_fd_sc_hs__buf_1)
     1    0.00    0.01    0.06    0.55 v output53/X (sky130_fd_sc_hs__buf_1)
                                         resp_val (net)
                  0.01    0.00    0.55 v resp_val (out)
                                  0.55   data arrival time

                  0.00    0.00    0.00   clock vclk_core_clock (rise edge)
                          0.23    0.23   clock network delay (ideal)
                          0.00    0.23   clock reconvergence pessimism
                         -0.32   -0.09   output external delay
                                 -0.09   data required time
-----------------------------------------------------------------------------
                                 -0.09   data required time
                                 -0.55   data arrival time
-----------------------------------------------------------------------------
                                  0.64   slack (MET)



==========================================================================
cts final report_checks -path_delay max
--------------------------------------------------------------------------
Startpoint: dpath.a_reg.out[2]$_DFFE_PP_
            (rising edge-triggered flip-flop clocked by core_clock)
Endpoint: dpath.b_reg.out[12]$_DFFE_PP_
          (rising edge-triggered flip-flop clocked by core_clock)
Path Group: core_clock
Path Type: max

Fanout     Cap    Slew   Delay    Time   Description
-----------------------------------------------------------------------------
                          0.00    0.00   clock core_clock (rise edge)
                          0.00    0.00   clock source latency
     1    0.02    0.00    0.00    0.00 ^ clk (in)
                                         clk (net)
                  0.00    0.00    0.00 ^ clkbuf_0_clk/A (sky130_fd_sc_hs__clkbuf_8)
     4    0.03    0.05    0.10    0.10 ^ clkbuf_0_clk/X (sky130_fd_sc_hs__clkbuf_8)
                                         clknet_0_clk (net)
                  0.05    0.00    0.10 ^ clkbuf_2_1__f_clk/A (sky130_fd_sc_hs__clkbuf_8)
    10    0.04    0.06    0.13    0.23 ^ clkbuf_2_1__f_clk/X (sky130_fd_sc_hs__clkbuf_8)
                                         clknet_2_1__leaf_clk (net)
                  0.06    0.00    0.23 ^ dpath.a_reg.out[2]$_DFFE_PP_/CLK (sky130_fd_sc_hs__edfxtp_1)
     4    0.02    0.12    0.24    0.48 ^ dpath.a_reg.out[2]$_DFFE_PP_/Q (sky130_fd_sc_hs__edfxtp_1)
                                         dpath.a_lt_b$in0[2] (net)
                  0.12    0.00    0.48 ^ _301_/A_N (sky130_fd_sc_hs__nand2b_2)
     2    0.01    0.08    0.12    0.60 ^ _301_/Y (sky130_fd_sc_hs__nand2b_2)
                                         _005_ (net)
                  0.08    0.00    0.60 ^ _328_/B (sky130_fd_sc_hs__nand2_2)
     2    0.01    0.05    0.06    0.67 v _328_/Y (sky130_fd_sc_hs__nand2_2)
                                         _031_ (net)
                  0.05    0.00    0.67 v _329_/B (sky130_fd_sc_hs__nor2_2)
     1    0.01    0.06    0.06    0.73 ^ _329_/Y (sky130_fd_sc_hs__nor2_2)
                                         _032_ (net)
                  0.06    0.00    0.73 ^ _330_/B (sky130_fd_sc_hs__nand2_1)
     1    0.01    0.06    0.06    0.79 v _330_/Y (sky130_fd_sc_hs__nand2_1)
                                         _033_ (net)
                  0.06    0.00    0.79 v _332_/B (sky130_fd_sc_hs__nand2_2)
     2    0.01    0.05    0.07    0.86 ^ _332_/Y (sky130_fd_sc_hs__nand2_2)
                                         _035_ (net)
                  0.05    0.00    0.86 ^ _441_/A (sky130_fd_sc_hs__nand2_2)
     2    0.01    0.04    0.05    0.91 v _441_/Y (sky130_fd_sc_hs__nand2_2)
                                         _123_ (net)
                  0.04    0.00    0.91 v _450_/A (sky130_fd_sc_hs__nand2_2)
     2    0.02    0.09    0.08    0.99 ^ _450_/Y (sky130_fd_sc_hs__nand2_2)
                                         _132_ (net)
                  0.09    0.00    0.99 ^ _458_/A (sky130_fd_sc_hs__nand2_8)
     2    0.01    0.03    0.04    1.03 v _458_/Y (sky130_fd_sc_hs__nand2_8)
                                         _140_ (net)
                  0.03    0.00    1.03 v _581_/A (sky130_fd_sc_hs__nand2_2)
     3    0.03    0.12    0.10    1.13 ^ _581_/Y (sky130_fd_sc_hs__nand2_2)
                                         _251_ (net)
                  0.12    0.00    1.13 ^ _640_/A1 (sky130_fd_sc_hs__o21ai_4)
     8    0.03    0.08    0.09    1.21 v _640_/Y (sky130_fd_sc_hs__o21ai_4)
                                         ctrl$b_reg_en[0] (net)
                  0.08    0.00    1.21 v dpath.b_reg.out[12]$_DFFE_PP_/DE (sky130_fd_sc_hs__edfxtp_1)
                                  1.21   data arrival time

                          1.62    1.62   clock core_clock (rise edge)
                          0.00    1.62   clock source latency
     1    0.02    0.00    0.00    1.62 ^ clk (in)
                                         clk (net)
                  0.00    0.00    1.62 ^ clkbuf_0_clk/A (sky130_fd_sc_hs__clkbuf_8)
     4    0.03    0.05    0.10    1.72 ^ clkbuf_0_clk/X (sky130_fd_sc_hs__clkbuf_8)
                                         clknet_0_clk (net)
                  0.05    0.00    1.72 ^ clkbuf_2_2__f_clk/A (sky130_fd_sc_hs__clkbuf_8)
    10    0.04    0.06    0.13    1.85 ^ clkbuf_2_2__f_clk/X (sky130_fd_sc_hs__clkbuf_8)
                                         clknet_2_2__leaf_clk (net)
                  0.06    0.00    1.85 ^ dpath.b_reg.out[12]$_DFFE_PP_/CLK (sky130_fd_sc_hs__edfxtp_1)
                          0.00    1.85   clock reconvergence pessimism
                         -0.67    1.18   library setup time
                                  1.18   data required time
-----------------------------------------------------------------------------
                                  1.18   data required time
                                 -1.21   data arrival time
-----------------------------------------------------------------------------
                                 -0.04   slack (VIOLATED)


Startpoint: dpath.a_reg.out[2]$_DFFE_PP_
            (rising edge-triggered flip-flop clocked by core_clock)
Endpoint: resp_msg[5] (output port clocked by vclk_core_clock)
Path Group: vclk_core_clock
Path Type: max

Fanout     Cap    Slew   Delay    Time   Description
-----------------------------------------------------------------------------
                          0.00    0.00   clock core_clock (rise edge)
                          0.00    0.00   clock source latency
     1    0.02    0.00    0.00    0.00 ^ clk (in)
                                         clk (net)
                  0.00    0.00    0.00 ^ clkbuf_0_clk/A (sky130_fd_sc_hs__clkbuf_8)
     4    0.03    0.05    0.10    0.10 ^ clkbuf_0_clk/X (sky130_fd_sc_hs__clkbuf_8)
                                         clknet_0_clk (net)
                  0.05    0.00    0.10 ^ clkbuf_2_1__f_clk/A (sky130_fd_sc_hs__clkbuf_8)
    10    0.04    0.06    0.13    0.23 ^ clkbuf_2_1__f_clk/X (sky130_fd_sc_hs__clkbuf_8)
                                         clknet_2_1__leaf_clk (net)
                  0.06    0.00    0.23 ^ dpath.a_reg.out[2]$_DFFE_PP_/CLK (sky130_fd_sc_hs__edfxtp_1)
     4    0.02    0.12    0.24    0.48 ^ dpath.a_reg.out[2]$_DFFE_PP_/Q (sky130_fd_sc_hs__edfxtp_1)
                                         dpath.a_lt_b$in0[2] (net)
                  0.12    0.00    0.48 ^ _301_/A_N (sky130_fd_sc_hs__nand2b_2)
     2    0.01    0.08    0.12    0.60 ^ _301_/Y (sky130_fd_sc_hs__nand2b_2)
                                         _005_ (net)
                  0.08    0.00    0.60 ^ rebuffer124/A (sky130_fd_sc_hs__buf_1)
     2    0.01    0.05    0.08    0.69 ^ rebuffer124/X (sky130_fd_sc_hs__buf_1)
                                         net124 (net)
                  0.05    0.00    0.69 ^ _302_/B (sky130_fd_sc_hs__and2_1)
     3    0.01    0.09    0.12    0.80 ^ _302_/X (sky130_fd_sc_hs__and2_1)
                                         _006_ (net)
                  0.09    0.00    0.81 ^ _306_/A (sky130_fd_sc_hs__nand3_1)
     1    0.00    0.07    0.06    0.87 v _306_/Y (sky130_fd_sc_hs__nand3_1)
                                         _010_ (net)
                  0.07    0.00    0.87 v _310_/A (sky130_fd_sc_hs__nand2_1)
     4    0.02    0.14    0.12    0.99 ^ _310_/Y (sky130_fd_sc_hs__nand2_1)
                                         _014_ (net)
                  0.14    0.00    0.99 ^ _317_/A (sky130_fd_sc_hs__nand2_1)
     1    0.00    0.04    0.05    1.04 v _317_/Y (sky130_fd_sc_hs__nand2_1)
                                         _021_ (net)
                  0.04    0.00    1.04 v _323_/A (sky130_fd_sc_hs__nand2_1)
     2    0.01    0.09    0.08    1.12 ^ _323_/Y (sky130_fd_sc_hs__nand2_1)
                                         _027_ (net)
                  0.09    0.00    1.12 ^ _324_/B (sky130_fd_sc_hs__xor2_1)
     2    0.01    0.23    0.22    1.34 ^ _324_/X (sky130_fd_sc_hs__xor2_1)
                                         net48 (net)
                  0.23    0.00    1.34 ^ output48/A (sky130_fd_sc_hs__buf_1)
     1    0.00    0.03    0.08    1.42 ^ output48/X (sky130_fd_sc_hs__buf_1)
                                         resp_msg[5] (net)
                  0.03    0.00    1.42 ^ resp_msg[5] (out)
                                  1.42   data arrival time

                  0.00    1.62    1.62   clock vclk_core_clock (rise edge)
                          0.23    1.86   clock network delay (ideal)
                          0.00    1.86   clock reconvergence pessimism
                         -0.32    1.53   output external delay
                                  1.53   data required time
-----------------------------------------------------------------------------
                                  1.53   data required time
                                 -1.42   data arrival time
-----------------------------------------------------------------------------
                                  0.11   slack (MET)



==========================================================================
cts final report_checks -unconstrained
--------------------------------------------------------------------------
Startpoint: dpath.a_reg.out[2]$_DFFE_PP_
            (rising edge-triggered flip-flop clocked by core_clock)
Endpoint: dpath.b_reg.out[12]$_DFFE_PP_
          (rising edge-triggered flip-flop clocked by core_clock)
Path Group: core_clock
Path Type: max

Fanout     Cap    Slew   Delay    Time   Description
-----------------------------------------------------------------------------
                          0.00    0.00   clock core_clock (rise edge)
                          0.00    0.00   clock source latency
     1    0.02    0.00    0.00    0.00 ^ clk (in)
                                         clk (net)
                  0.00    0.00    0.00 ^ clkbuf_0_clk/A (sky130_fd_sc_hs__clkbuf_8)
     4    0.03    0.05    0.10    0.10 ^ clkbuf_0_clk/X (sky130_fd_sc_hs__clkbuf_8)
                                         clknet_0_clk (net)
                  0.05    0.00    0.10 ^ clkbuf_2_1__f_clk/A (sky130_fd_sc_hs__clkbuf_8)
    10    0.04    0.06    0.13    0.23 ^ clkbuf_2_1__f_clk/X (sky130_fd_sc_hs__clkbuf_8)
                                         clknet_2_1__leaf_clk (net)
                  0.06    0.00    0.23 ^ dpath.a_reg.out[2]$_DFFE_PP_/CLK (sky130_fd_sc_hs__edfxtp_1)
     4    0.02    0.12    0.24    0.48 ^ dpath.a_reg.out[2]$_DFFE_PP_/Q (sky130_fd_sc_hs__edfxtp_1)
                                         dpath.a_lt_b$in0[2] (net)
                  0.12    0.00    0.48 ^ _301_/A_N (sky130_fd_sc_hs__nand2b_2)
     2    0.01    0.08    0.12    0.60 ^ _301_/Y (sky130_fd_sc_hs__nand2b_2)
                                         _005_ (net)
                  0.08    0.00    0.60 ^ _328_/B (sky130_fd_sc_hs__nand2_2)
     2    0.01    0.05    0.06    0.67 v _328_/Y (sky130_fd_sc_hs__nand2_2)
                                         _031_ (net)
                  0.05    0.00    0.67 v _329_/B (sky130_fd_sc_hs__nor2_2)
     1    0.01    0.06    0.06    0.73 ^ _329_/Y (sky130_fd_sc_hs__nor2_2)
                                         _032_ (net)
                  0.06    0.00    0.73 ^ _330_/B (sky130_fd_sc_hs__nand2_1)
     1    0.01    0.06    0.06    0.79 v _330_/Y (sky130_fd_sc_hs__nand2_1)
                                         _033_ (net)
                  0.06    0.00    0.79 v _332_/B (sky130_fd_sc_hs__nand2_2)
     2    0.01    0.05    0.07    0.86 ^ _332_/Y (sky130_fd_sc_hs__nand2_2)
                                         _035_ (net)
                  0.05    0.00    0.86 ^ _441_/A (sky130_fd_sc_hs__nand2_2)
     2    0.01    0.04    0.05    0.91 v _441_/Y (sky130_fd_sc_hs__nand2_2)
                                         _123_ (net)
                  0.04    0.00    0.91 v _450_/A (sky130_fd_sc_hs__nand2_2)
     2    0.02    0.09    0.08    0.99 ^ _450_/Y (sky130_fd_sc_hs__nand2_2)
                                         _132_ (net)
                  0.09    0.00    0.99 ^ _458_/A (sky130_fd_sc_hs__nand2_8)
     2    0.01    0.03    0.04    1.03 v _458_/Y (sky130_fd_sc_hs__nand2_8)
                                         _140_ (net)
                  0.03    0.00    1.03 v _581_/A (sky130_fd_sc_hs__nand2_2)
     3    0.03    0.12    0.10    1.13 ^ _581_/Y (sky130_fd_sc_hs__nand2_2)
                                         _251_ (net)
                  0.12    0.00    1.13 ^ _640_/A1 (sky130_fd_sc_hs__o21ai_4)
     8    0.03    0.08    0.09    1.21 v _640_/Y (sky130_fd_sc_hs__o21ai_4)
                                         ctrl$b_reg_en[0] (net)
                  0.08    0.00    1.21 v dpath.b_reg.out[12]$_DFFE_PP_/DE (sky130_fd_sc_hs__edfxtp_1)
                                  1.21   data arrival time

                          1.62    1.62   clock core_clock (rise edge)
                          0.00    1.62   clock source latency
     1    0.02    0.00    0.00    1.62 ^ clk (in)
                                         clk (net)
                  0.00    0.00    1.62 ^ clkbuf_0_clk/A (sky130_fd_sc_hs__clkbuf_8)
     4    0.03    0.05    0.10    1.72 ^ clkbuf_0_clk/X (sky130_fd_sc_hs__clkbuf_8)
                                         clknet_0_clk (net)
                  0.05    0.00    1.72 ^ clkbuf_2_2__f_clk/A (sky130_fd_sc_hs__clkbuf_8)
    10    0.04    0.06    0.13    1.85 ^ clkbuf_2_2__f_clk/X (sky130_fd_sc_hs__clkbuf_8)
                                         clknet_2_2__leaf_clk (net)
                  0.06    0.00    1.85 ^ dpath.b_reg.out[12]$_DFFE_PP_/CLK (sky130_fd_sc_hs__edfxtp_1)
                          0.00    1.85   clock reconvergence pessimism
                         -0.67    1.18   library setup time
                                  1.18   data required time
-----------------------------------------------------------------------------
                                  1.18   data required time
                                 -1.21   data arrival time
-----------------------------------------------------------------------------
                                 -0.04   slack (VIOLATED)


Startpoint: dpath.a_reg.out[2]$_DFFE_PP_
            (rising edge-triggered flip-flop clocked by core_clock)
Endpoint: resp_msg[5] (output port clocked by vclk_core_clock)
Path Group: vclk_core_clock
Path Type: max

Fanout     Cap    Slew   Delay    Time   Description
-----------------------------------------------------------------------------
                          0.00    0.00   clock core_clock (rise edge)
                          0.00    0.00   clock source latency
     1    0.02    0.00    0.00    0.00 ^ clk (in)
                                         clk (net)
                  0.00    0.00    0.00 ^ clkbuf_0_clk/A (sky130_fd_sc_hs__clkbuf_8)
     4    0.03    0.05    0.10    0.10 ^ clkbuf_0_clk/X (sky130_fd_sc_hs__clkbuf_8)
                                         clknet_0_clk (net)
                  0.05    0.00    0.10 ^ clkbuf_2_1__f_clk/A (sky130_fd_sc_hs__clkbuf_8)
    10    0.04    0.06    0.13    0.23 ^ clkbuf_2_1__f_clk/X (sky130_fd_sc_hs__clkbuf_8)
                                         clknet_2_1__leaf_clk (net)
                  0.06    0.00    0.23 ^ dpath.a_reg.out[2]$_DFFE_PP_/CLK (sky130_fd_sc_hs__edfxtp_1)
     4    0.02    0.12    0.24    0.48 ^ dpath.a_reg.out[2]$_DFFE_PP_/Q (sky130_fd_sc_hs__edfxtp_1)
                                         dpath.a_lt_b$in0[2] (net)
                  0.12    0.00    0.48 ^ _301_/A_N (sky130_fd_sc_hs__nand2b_2)
     2    0.01    0.08    0.12    0.60 ^ _301_/Y (sky130_fd_sc_hs__nand2b_2)
                                         _005_ (net)
                  0.08    0.00    0.60 ^ rebuffer124/A (sky130_fd_sc_hs__buf_1)
     2    0.01    0.05    0.08    0.69 ^ rebuffer124/X (sky130_fd_sc_hs__buf_1)
                                         net124 (net)
                  0.05    0.00    0.69 ^ _302_/B (sky130_fd_sc_hs__and2_1)
     3    0.01    0.09    0.12    0.80 ^ _302_/X (sky130_fd_sc_hs__and2_1)
                                         _006_ (net)
                  0.09    0.00    0.81 ^ _306_/A (sky130_fd_sc_hs__nand3_1)
     1    0.00    0.07    0.06    0.87 v _306_/Y (sky130_fd_sc_hs__nand3_1)
                                         _010_ (net)
                  0.07    0.00    0.87 v _310_/A (sky130_fd_sc_hs__nand2_1)
     4    0.02    0.14    0.12    0.99 ^ _310_/Y (sky130_fd_sc_hs__nand2_1)
                                         _014_ (net)
                  0.14    0.00    0.99 ^ _317_/A (sky130_fd_sc_hs__nand2_1)
     1    0.00    0.04    0.05    1.04 v _317_/Y (sky130_fd_sc_hs__nand2_1)
                                         _021_ (net)
                  0.04    0.00    1.04 v _323_/A (sky130_fd_sc_hs__nand2_1)
     2    0.01    0.09    0.08    1.12 ^ _323_/Y (sky130_fd_sc_hs__nand2_1)
                                         _027_ (net)
                  0.09    0.00    1.12 ^ _324_/B (sky130_fd_sc_hs__xor2_1)
     2    0.01    0.23    0.22    1.34 ^ _324_/X (sky130_fd_sc_hs__xor2_1)
                                         net48 (net)
                  0.23    0.00    1.34 ^ output48/A (sky130_fd_sc_hs__buf_1)
     1    0.00    0.03    0.08    1.42 ^ output48/X (sky130_fd_sc_hs__buf_1)
                                         resp_msg[5] (net)
                  0.03    0.00    1.42 ^ resp_msg[5] (out)
                                  1.42   data arrival time

                  0.00    1.62    1.62   clock vclk_core_clock (rise edge)
                          0.23    1.86   clock network delay (ideal)
                          0.00    1.86   clock reconvergence pessimism
                         -0.32    1.53   output external delay
                                  1.53   data required time
-----------------------------------------------------------------------------
                                  1.53   data required time
                                 -1.42   data arrival time
-----------------------------------------------------------------------------
                                  0.11   slack (MET)



==========================================================================
cts final report_check_types -max_slew -max_cap -max_fanout -violators
--------------------------------------------------------------------------

==========================================================================
cts final max_slew_check_slack
--------------------------------------------------------------------------
0.4480758011341095

==========================================================================
cts final max_slew_check_limit
--------------------------------------------------------------------------
1.0

==========================================================================
cts final max_slew_check_slack_limit
--------------------------------------------------------------------------
0.4481

==========================================================================
cts final max_fanout_check_slack
--------------------------------------------------------------------------
1.0000000150474662e+30

==========================================================================
cts final max_fanout_check_limit
--------------------------------------------------------------------------
1.0000000150474662e+30

==========================================================================
cts final max_capacitance_check_slack
--------------------------------------------------------------------------
0.025903601199388504

==========================================================================
cts final max_capacitance_check_limit
--------------------------------------------------------------------------
0.034299999475479126

==========================================================================
cts final max_capacitance_check_slack_limit
--------------------------------------------------------------------------
0.7552

==========================================================================
cts final max_slew_violation_count
--------------------------------------------------------------------------
max slew violation count 0

==========================================================================
cts final max_fanout_violation_count
--------------------------------------------------------------------------
max fanout violation count 0

==========================================================================
cts final max_cap_violation_count
--------------------------------------------------------------------------
max cap violation count 0

==========================================================================
cts final setup_violation_count
--------------------------------------------------------------------------
setup violation count 16

==========================================================================
cts final hold_violation_count
--------------------------------------------------------------------------
hold violation count 0

==========================================================================
cts final report_checks -path_delay max reg to reg
--------------------------------------------------------------------------
Startpoint: dpath.a_reg.out[2]$_DFFE_PP_
            (rising edge-triggered flip-flop clocked by core_clock)
Endpoint: dpath.b_reg.out[12]$_DFFE_PP_
          (rising edge-triggered flip-flop clocked by core_clock)
Path Group: core_clock
Path Type: max

  Delay    Time   Description
---------------------------------------------------------
   0.00    0.00   clock core_clock (rise edge)
   0.00    0.00   clock source latency
   0.00    0.00 ^ clk (in)
   0.10    0.10 ^ clkbuf_0_clk/X (sky130_fd_sc_hs__clkbuf_8)
   0.13    0.23 ^ clkbuf_2_1__f_clk/X (sky130_fd_sc_hs__clkbuf_8)
   0.00    0.23 ^ dpath.a_reg.out[2]$_DFFE_PP_/CLK (sky130_fd_sc_hs__edfxtp_1)
   0.24    0.48 ^ dpath.a_reg.out[2]$_DFFE_PP_/Q (sky130_fd_sc_hs__edfxtp_1)
   0.12    0.60 ^ _301_/Y (sky130_fd_sc_hs__nand2b_2)
   0.06    0.67 v _328_/Y (sky130_fd_sc_hs__nand2_2)
   0.06    0.73 ^ _329_/Y (sky130_fd_sc_hs__nor2_2)
   0.06    0.79 v _330_/Y (sky130_fd_sc_hs__nand2_1)
   0.07    0.86 ^ _332_/Y (sky130_fd_sc_hs__nand2_2)
   0.05    0.91 v _441_/Y (sky130_fd_sc_hs__nand2_2)
   0.08    0.99 ^ _450_/Y (sky130_fd_sc_hs__nand2_2)
   0.04    1.03 v _458_/Y (sky130_fd_sc_hs__nand2_8)
   0.10    1.13 ^ _581_/Y (sky130_fd_sc_hs__nand2_2)
   0.09    1.21 v _640_/Y (sky130_fd_sc_hs__o21ai_4)
   0.00    1.21 v dpath.b_reg.out[12]$_DFFE_PP_/DE (sky130_fd_sc_hs__edfxtp_1)
           1.21   data arrival time

   1.62    1.62   clock core_clock (rise edge)
   0.00    1.62   clock source latency
   0.00    1.62 ^ clk (in)
   0.10    1.72 ^ clkbuf_0_clk/X (sky130_fd_sc_hs__clkbuf_8)
   0.13    1.85 ^ clkbuf_2_2__f_clk/X (sky130_fd_sc_hs__clkbuf_8)
   0.00    1.85 ^ dpath.b_reg.out[12]$_DFFE_PP_/CLK (sky130_fd_sc_hs__edfxtp_1)
   0.00    1.85   clock reconvergence pessimism
  -0.67    1.18   library setup time
           1.18   data required time
---------------------------------------------------------
           1.18   data required time
          -1.21   data arrival time
---------------------------------------------------------
          -0.04   slack (VIOLATED)



==========================================================================
cts final report_checks -path_delay min reg to reg
--------------------------------------------------------------------------
Startpoint: ctrl.state.out[2]$_DFF_P_
            (rising edge-triggered flip-flop clocked by core_clock)
Endpoint: dpath.b_reg.out[8]$_DFFE_PP_
          (rising edge-triggered flip-flop clocked by core_clock)
Path Group: core_clock
Path Type: min

  Delay    Time   Description
---------------------------------------------------------
   0.00    0.00   clock core_clock (rise edge)
   0.00    0.00   clock source latency
   0.00    0.00 ^ clk (in)
   0.10    0.10 ^ clkbuf_0_clk/X (sky130_fd_sc_hs__clkbuf_8)
   0.13    0.23 ^ clkbuf_2_0__f_clk/X (sky130_fd_sc_hs__clkbuf_8)
   0.00    0.23 ^ ctrl.state.out[2]$_DFF_P_/CLK (sky130_fd_sc_hs__dfxtp_1)
   0.20    0.44 ^ ctrl.state.out[2]$_DFF_P_/Q (sky130_fd_sc_hs__dfxtp_1)
   0.13    0.57 v _476_/Y (sky130_fd_sc_hs__inv_1)
   0.18    0.74 ^ clone110/Y (sky130_fd_sc_hs__o21ai_4)
   0.00    0.74 ^ dpath.b_reg.out[8]$_DFFE_PP_/DE (sky130_fd_sc_hs__edfxtp_1)
           0.74   data arrival time

   0.00    0.00   clock core_clock (rise edge)
   0.00    0.00   clock source latency
   0.00    0.00 ^ clk (in)
   0.10    0.10 ^ clkbuf_0_clk/X (sky130_fd_sc_hs__clkbuf_8)
   0.13    0.23 ^ clkbuf_2_2__f_clk/X (sky130_fd_sc_hs__clkbuf_8)
   0.00    0.23 ^ dpath.b_reg.out[8]$_DFFE_PP_/CLK (sky130_fd_sc_hs__edfxtp_1)
   0.00    0.23   clock reconvergence pessimism
   0.24    0.47   library hold time
           0.47   data required time
---------------------------------------------------------
           0.47   data required time
          -0.74   data arrival time
---------------------------------------------------------
           0.27   slack (MET)



==========================================================================
cts final critical path target clock latency max path
--------------------------------------------------------------------------
0.2330

==========================================================================
cts final critical path target clock latency min path
--------------------------------------------------------------------------
0.2318

==========================================================================
cts final critical path source clock latency min path
--------------------------------------------------------------------------
0.2350

==========================================================================
cts final critical path delay
--------------------------------------------------------------------------
1.2145

==========================================================================
cts final critical path slack
--------------------------------------------------------------------------
-0.0358

==========================================================================
cts final slack div critical path delay
--------------------------------------------------------------------------
-2.947715

==========================================================================
cts final report_power
--------------------------------------------------------------------------
Group                  Internal  Switching    Leakage      Total
                          Power      Power      Power      Power (Watts)
----------------------------------------------------------------
Sequential             1.40e-03   1.29e-04   4.70e-08   1.53e-03  29.3%
Combinational          1.64e-03   1.13e-03   4.61e-08   2.77e-03  53.0%
Clock                  5.24e-04   4.05e-04   1.29e-09   9.29e-04  17.8%
Macro                  0.00e+00   0.00e+00   0.00e+00   0.00e+00   0.0%
Pad                    0.00e+00   0.00e+00   0.00e+00   0.00e+00   0.0%
----------------------------------------------------------------
Total                  3.56e-03   1.66e-03   9.44e-08   5.22e-03 100.0%
                          68.2%      31.8%       0.0%
