make: Entering directory '/root/OpenROAD-flow-scripts/flow'
/root/OpenROAD-flow-scripts/flow/scripts/flow.sh 3_1_place_gp_skip_io global_place_skip_io
Running global_place_skip_io.tcl, stage 3_1_place_gp_skip_io
read_liberty /root/OpenROAD-flow-scripts/flow/platforms/sky130hd/lib/sky130_fd_sc_hd__tt_025C_1v80.lib
read_db ./results/sky130hd/chia_sha256_benchmark_corrupted/base/2_floorplan.odb
read_sdc ./results/sky130hd/chia_sha256_benchmark_corrupted/base/2_floorplan.sdc
source /root/OpenROAD-flow-scripts/flow/platforms/sky130hd/setRC.tcl
global_placement -skip_io -density 0.6 -pad_left 0 -pad_right 0
[INFO GPL-0001] ---- Initialize GPL Main Data Structures
[INFO GPL-0002] DBU: 1000
[INFO GPL-0003] SiteSize: (  0.460  2.720 ) um
[INFO GPL-0004] CoreBBox: (  1.380  2.720 ) ( 644.920 644.640 ) um
[INFO GPL-0016] Core area:                  413101.197 um^2
[INFO GPL-0036] Movable instances area:     168158.778 um^2
[INFO GPL-0037] Total instances area:       175007.846 um^2
[INFO GPL-0035] Pin density area adjust:      6262.329 um^2
[INFO GPL-0032] ---- Initialize Region: Top-level
[INFO GPL-0006] Number of instances:             20644
[INFO GPL-0007] Movable instances:               15170
[INFO GPL-0008] Fixed instances:                  5474
[INFO GPL-0009] Dummy instances:                     0
[INFO GPL-0010] Number of nets:                  16017
[INFO GPL-0011] Number of pins:                  60453
[INFO GPL-0012] Die BBox:       (  0.000  0.000 ) ( 646.075 646.075 ) um
[INFO GPL-0013] Placement BBox: (  1.380  2.720 ) ( 644.920 644.640 ) um
[INFO GPL-0014] Region name: top-level.
[INFO GPL-0015] Region area:                413101.197 um^2
[INFO GPL-0017] Fixed instances area:         6849.069 um^2
[INFO GPL-0018] Movable instances area:     174421.106 um^2
[INFO GPL-0019] Utilization:                    42.934 %
[INFO GPL-0020] Standard cells area:        174421.106 um^2
[INFO GPL-0021] Large instances area:            0.000 um^2
[INFO GPL-0005] ---- Execute Conjugate Gradient Initial Placement.
[INFO GPL-0051] Source of initial instance position counters:
	Odb location = 0	Core center = 15170	Region center = 0
[INFO GPL-0033] ---- Initialize Nesterov Region: Top-level
[INFO GPL-0023] Placement target density:       0.6000
[INFO GPL-0024] Movable insts average area:     11.498 um^2
[INFO GPL-0025] Ideal bin area:                 19.163 um^2
[INFO GPL-0026] Ideal bin count:                 21557
[INFO GPL-0027] Total bin area:             413101.197 um^2
[INFO GPL-0028] Bin count (X, Y):         128 ,    128
[INFO GPL-0029] Bin size (W * H):       5.028 *  5.015 um
[INFO GPL-0030] Number of bins:                  16384
[INFO GPL-0084] ---- Execute Nesterov Global Placement.
[INFO GPL-0031] HPWL: Half-Perimeter Wirelength
Iteration | Overflow |     HPWL (um) |  HPWL(%) |   Penalty | Group
---------------------------------------------------------------
        0 |   0.9996 |  4.114506e+04 |   +0.00% |  1.08e-15 |      
       10 |   0.9991 |  3.162868e+04 |  -23.13% |  1.75e-15 |      
       20 |   0.9991 |  3.144791e+04 |   -0.57% |  2.86e-15 |      
       30 |   0.9991 |  3.145607e+04 |   +0.03% |  4.65e-15 |      
       40 |   0.9991 |  3.144061e+04 |   -0.05% |  7.58e-15 |      
       50 |   0.9991 |  3.143909e+04 |   -0.00% |  1.23e-14 |      
       60 |   0.9991 |  3.146553e+04 |   +0.08% |  2.01e-14 |      
       70 |   0.9991 |  3.151643e+04 |   +0.16% |  3.27e-14 |      
       80 |   0.9991 |  3.160641e+04 |   +0.29% |  5.33e-14 |      
       90 |   0.9991 |  3.180196e+04 |   +0.62% |  8.69e-14 |      
      100 |   0.9989 |  3.228461e+04 |   +1.52% |  1.42e-13 |      
      110 |   0.9982 |  3.374371e+04 |   +4.52% |  2.30e-13 |      
      120 |   0.9971 |  3.773705e+04 |  +11.83% |  3.75e-13 |      
      130 |   0.9951 |  4.575274e+04 |  +21.24% |  6.11e-13 |      
      140 |   0.9929 |  6.237725e+04 |  +36.34% |  9.93e-13 |      
      150 |   0.9899 |  7.837773e+04 |  +25.65% |  1.61e-12 |      
      160 |   0.9870 |  9.123974e+04 |  +16.41% |  2.63e-12 |      
      170 |   0.9813 |  1.113891e+05 |  +22.08% |  4.27e-12 |      
      180 |   0.9733 |  1.382440e+05 |  +24.11% |  6.93e-12 |      
      190 |   0.9629 |  1.663214e+05 |  +20.31% |  1.13e-11 |      
      200 |   0.9497 |  1.990949e+05 |  +19.70% |  1.83e-11 |      
      210 |   0.9307 |  2.382833e+05 |  +19.68% |  2.96e-11 |      
      220 |   0.9065 |  2.806931e+05 |  +17.80% |  4.81e-11 |      
      230 |   0.8776 |  3.261147e+05 |  +16.18% |  7.79e-11 |      
      240 |   0.8445 |  3.726034e+05 |  +14.26% |  1.26e-10 |      
      250 |   0.8081 |  4.182324e+05 |  +12.25% |  2.05e-10 |      
      260 |   0.7679 |  4.638698e+05 |  +10.91% |  3.32e-10 |      
      270 |   0.7220 |  5.068004e+05 |   +9.25% |  5.38e-10 |      
      280 |   0.6688 |  5.476886e+05 |   +8.07% |  8.72e-10 |      
      290 |   0.6090 |  5.861134e+05 |   +7.02% |  1.41e-09 |      
      300 |   0.5526 |  6.272185e+05 |   +7.01% |  2.29e-09 |      
      310 |   0.5037 |  6.627736e+05 |   +5.67% |  3.72e-09 |      
      320 |   0.4567 |  6.770860e+05 |   +2.16% |  6.05e-09 |      
      330 |   0.4152 |  6.912070e+05 |   +2.09% |  9.84e-09 |      
      340 |   0.3756 |  6.996176e+05 |   +1.22% |  1.60e-08 |      
      350 |   0.3336 |  7.037361e+05 |   +0.59% |  2.53e-08 |      
      360 |   0.3002 |  7.052281e+05 |   +0.21% |  3.73e-08 |      
      370 |   0.2676 |  7.069658e+05 |   +0.25% |  5.49e-08 |      
      380 |   0.2343 |  7.078726e+05 |   +0.13% |  8.08e-08 |      
      390 |   0.2027 |  7.086286e+05 |   +0.11% |  1.19e-07 |      
      400 |   0.1756 |  7.095136e+05 |   +0.12% |  1.75e-07 |      
      410 |   0.1510 |  7.100235e+05 |   +0.07% |  2.58e-07 |      
      420 |   0.1278 |  7.109706e+05 |   +0.13% |  3.81e-07 |      
      430 |   0.1087 |  7.118480e+05 |   +0.12% |  5.61e-07 |      
      435 |   0.0992 |  7.122040e+05 |          |  7.07e-07 |      
---------------------------------------------------------------
[INFO GPL-1001] Global placement finished at iteration 435
[INFO GPL-1002] Placed Cell Area            174421.1063
[INFO GPL-1003] Available Free Area         406252.1280
[INFO GPL-1004] Minimum Feasible Density        0.4300 (cell_area / free_area)
[INFO GPL-1006]   Suggested Target Densities:
[INFO GPL-1007]     - For 90% usage of free space: 0.4770
[INFO GPL-1008]     - For 80% usage of free space: 0.5367
[INFO GPL-1009]     - For 50% usage of free space: 0.8587
[INFO GPL-1014] Final placement area: 174421.11 (+0.00%)
Design area 175008 um^2 42% utilization.
write_db ./results/sky130hd/chia_sha256_benchmark_corrupted/base/3_1_place_gp_skip_io.odb
Log                       Ext     Elapsed/s Peak Memory/MB sha1sum result [0:20)
3_1_place_gp_skip_io      .odb            2            176 af1ed40830ed38131a6c
/root/OpenROAD-flow-scripts/flow/scripts/flow.sh 3_2_place_iop io_placement
Running io_placement.tcl, stage 3_2_place_iop
read_liberty /root/OpenROAD-flow-scripts/flow/platforms/sky130hd/lib/sky130_fd_sc_hd__tt_025C_1v80.lib
read_db ./results/sky130hd/chia_sha256_benchmark_corrupted/base/3_1_place_gp_skip_io.odb
read_sdc ./results/sky130hd/chia_sha256_benchmark_corrupted/base/2_floorplan.sdc
source /root/OpenROAD-flow-scripts/flow/platforms/sky130hd/setRC.tcl
place_pins -hor_layers met3 -ver_layers met2
Found 0 macro blocks.
Using 2 tracks default min distance between IO pins.
[INFO PPL-0001] Number of available slots 2342
[INFO PPL-0002] Number of I/O             772
[INFO PPL-0003] Number of I/O w/sink      772
[INFO PPL-0004] Number of I/O w/o sink    0
[INFO PPL-0005] Slots per section         200
[INFO PPL-0008] Successfully assigned pins to sections.
[INFO PPL-0012] I/O nets HPWL: 136581.83 um.
Design area 175008 um^2 42% utilization.
write_db ./results/sky130hd/chia_sha256_benchmark_corrupted/base/3_2_place_iop.odb
Log                       Ext     Elapsed/s Peak Memory/MB sha1sum result [0:20)
3_2_place_iop             .odb            0            156 4011cff80e992d93806e
/root/OpenROAD-flow-scripts/flow/scripts/flow.sh 3_3_place_gp global_place
Running global_place.tcl, stage 3_3_place_gp
read_liberty /root/OpenROAD-flow-scripts/flow/platforms/sky130hd/lib/sky130_fd_sc_hd__tt_025C_1v80.lib
read_db ./results/sky130hd/chia_sha256_benchmark_corrupted/base/3_2_place_iop.odb
read_sdc ./results/sky130hd/chia_sha256_benchmark_corrupted/base/2_floorplan.sdc
source /root/OpenROAD-flow-scripts/flow/platforms/sky130hd/setRC.tcl
[INFO RSZ-0026] Removed 1552 buffers.
Perform port buffering...
[INFO RSZ-0027] Inserted 514 sky130_fd_sc_hd__clkdlybuf4s50_1 input buffers.
[INFO RSZ-0028] Inserted 256 sky130_fd_sc_hd__clkdlybuf4s50_1 output buffers.
global_placement -density 0.6 -pad_left 0 -pad_right 0 -routability_driven -timing_driven -force_center_initial_place -min_phi_coef 0.95 -max_phi_coef 1.05
[INFO GPL-0001] ---- Initialize GPL Main Data Structures
[INFO GPL-0002] DBU: 1000
[INFO GPL-0003] SiteSize: (  0.460  2.720 ) um
[INFO GPL-0004] CoreBBox: (  1.380  2.720 ) ( 644.920 644.640 ) um
[INFO GPL-0016] Core area:                  413101.197 um^2
[INFO GPL-0036] Movable instances area:     168494.099 um^2
[INFO GPL-0037] Total instances area:       175343.168 um^2
[INFO GPL-0035] Pin density area adjust:      6769.425 um^2
[INFO GPL-0032] ---- Initialize Region: Top-level
[INFO GPL-0006] Number of instances:             19862
[INFO GPL-0007] Movable instances:               14388
[INFO GPL-0008] Fixed instances:                  5474
[INFO GPL-0009] Dummy instances:                     0
[INFO GPL-0010] Number of nets:                  15235
[INFO GPL-0011] Number of pins:                  59661
[INFO GPL-0012] Die BBox:       (  0.000  0.000 ) ( 646.075 646.075 ) um
[INFO GPL-0013] Placement BBox: (  1.380  2.720 ) ( 644.920 644.640 ) um
[INFO GPL-0014] Region name: top-level.
[INFO GPL-0015] Region area:                413101.197 um^2
[INFO GPL-0017] Fixed instances area:         6849.069 um^2
[INFO GPL-0018] Movable instances area:     175263.524 um^2
[INFO GPL-0019] Utilization:                    43.142 %
[INFO GPL-0020] Standard cells area:        175263.524 um^2
[INFO GPL-0021] Large instances area:            0.000 um^2
[INFO GPL-0005] ---- Execute Conjugate Gradient Initial Placement.
[INFO GPL-0051] Source of initial instance position counters:
	Odb location = 0	Core center = 14388	Region center = 0
[InitialPlace]  Iter: 1 conjugate gradient residual: 0.00089837 HPWL: 610999101
[InitialPlace]  Iter: 2 conjugate gradient residual: 0.00043748 HPWL: 411472157
[InitialPlace]  Iter: 3 conjugate gradient residual: 0.00028151 HPWL: 379964260
[InitialPlace]  Iter: 4 conjugate gradient residual: 0.00019833 HPWL: 361440396
[InitialPlace]  Iter: 5 conjugate gradient residual: 0.00019047 HPWL: 344505376
[InitialPlace]  Iter: 6 conjugate gradient residual: 0.00031153 HPWL: 331778071
[InitialPlace]  Iter: 7 conjugate gradient residual: 0.00008616 HPWL: 320892825
[InitialPlace]  Iter: 8 conjugate gradient residual: 0.00003401 HPWL: 314081185
[InitialPlace]  Iter: 9 conjugate gradient residual: 0.00001826 HPWL: 309591201
[InitialPlace]  Iter: 10 conjugate gradient residual: 0.00000888 HPWL: 308428754
[INFO GPL-0033] ---- Initialize Nesterov Region: Top-level
[INFO GPL-0023] Placement target density:       0.6000
[INFO GPL-0024] Movable insts average area:     12.181 um^2
[INFO GPL-0025] Ideal bin area:                 20.302 um^2
[INFO GPL-0026] Ideal bin count:                 20347
[INFO GPL-0027] Total bin area:             413101.197 um^2
[INFO GPL-0028] Bin count (X, Y):         128 ,    128
[INFO GPL-0029] Bin size (W * H):       5.028 *  5.015 um
[INFO GPL-0030] Number of bins:                  16384
[INFO GPL-0084] ---- Execute Nesterov Global Placement.
[INFO GPL-0031] HPWL: Half-Perimeter Wirelength
Iteration | Overflow |     HPWL (um) |  HPWL(%) |   Penalty | Group
---------------------------------------------------------------
        0 |   0.9480 |  2.123919e+05 |   +0.00% |  7.97e-16 |      
       10 |   0.9138 |  2.505112e+05 |  +17.95% |  1.29e-15 |      
       20 |   0.9036 |  2.550590e+05 |   +1.82% |  2.10e-15 |      
       30 |   0.8972 |  2.555193e+05 |   +0.18% |  3.42e-15 |      
       40 |   0.8914 |  2.548377e+05 |   -0.27% |  5.57e-15 |      
       50 |   0.8859 |  2.553839e+05 |   +0.21% |  9.08e-15 |      
       60 |   0.8804 |  2.565098e+05 |   +0.44% |  1.48e-14 |      
       70 |   0.8750 |  2.576263e+05 |   +0.44% |  2.41e-14 |      
       80 |   0.8715 |  2.588465e+05 |   +0.47% |  3.92e-14 |      
       90 |   0.8694 |  2.600029e+05 |   +0.45% |  6.39e-14 |      
      100 |   0.8684 |  2.609104e+05 |   +0.35% |  1.04e-13 |      
      110 |   0.8679 |  2.615786e+05 |   +0.26% |  1.69e-13 |      
      120 |   0.8674 |  2.619970e+05 |   +0.16% |  2.76e-13 |      
      130 |   0.8670 |  2.622624e+05 |   +0.10% |  4.50e-13 |      
      140 |   0.8661 |  2.624664e+05 |   +0.08% |  7.32e-13 |      
      150 |   0.8649 |  2.627550e+05 |   +0.11% |  1.19e-12 |      
      160 |   0.8634 |  2.634385e+05 |   +0.26% |  1.94e-12 |      
      170 |   0.8603 |  2.649921e+05 |   +0.59% |  3.16e-12 |      
      180 |   0.8547 |  2.682440e+05 |   +1.23% |  5.15e-12 |      
      190 |   0.8451 |  2.745762e+05 |   +2.36% |  8.39e-12 |      
      200 |   0.8319 |  2.839215e+05 |   +3.40% |  1.36e-11 |      
      210 |   0.8145 |  2.959679e+05 |   +4.24% |  2.22e-11 |      
      220 |   0.7928 |  3.080968e+05 |   +4.10% |  3.61e-11 |      
      230 |   0.7675 |  3.183556e+05 |   +3.33% |  5.88e-11 |      
      240 |   0.7375 |  3.389437e+05 |   +6.47% |  9.55e-11 |      
      250 |   0.7038 |  3.628139e+05 |   +7.04% |  1.55e-10 |      
      260 |   0.6722 |  3.700178e+05 |   +1.99% |  2.53e-10 |      
      270 |   0.6444 |  3.868885e+05 |   +4.56% |  4.11e-10 |      
[INFO GPL-0100] Timing-driven iteration 1/2, virtual: false.
[INFO GPL-0101]    Iter: 275, overflow: 0.632, keep resizer changes at: 1, HPWL: 385385241
Iteration |   Area    | Resized | Buffers | Nets repaired | Remaining
---------------------------------------------------------------------
        0 |     +0.0% |       0 |       0 |             0 |     15236
    final |     +4.6% |     146 |     290 |           147 |         0
---------------------------------------------------------------------
[INFO RSZ-0034] Found 148 slew violations.
[INFO RSZ-0036] Found 53 capacitance violations.
[INFO RSZ-0039] Resized 146 instances.
[INFO RSZ-0038] Inserted 290 buffers in 147 nets.
   Iter   |    Area   | Removed | Inserted |   Pins
          |           | Buffers | Buffers  | Remaining
-------------------------------------------------------
        0 |     +0.0% |       0 |        0 |     14719
     1400 |     +1.5% |       0 |      362 |     13319
     2800 |     +1.6% |      27 |      447 |     11919
     4200 |     +1.9% |      42 |      563 |     10519
     5600 |     +1.6% |      76 |      609 |      9119
     7000 |     +1.7% |     111 |      743 |      7719
     8400 |     +1.7% |     124 |      778 |      6319
     9800 |     +2.3% |     175 |      998 |      4919
    11200 |     +2.7% |     219 |     1150 |      3519
    12600 |     +4.3% |     275 |     1705 |      2119
    14000 |     +9.6% |     275 |     2990 |       719
    final |    +10.2% |     290 |     3181 |         0
-------------------------------------------------------
[INFO GPL-0106] Timing-driven: worst slack -3.4530632e-09
[INFO GPL-0107] Timing-driven: repair_design delta area: 26612.529 um^2 (+15.18%)
[INFO GPL-0108] Timing-driven: repair_design, gpl delta gcells: 3181 (+22.11%)
[INFO GPL-0109] Timing-driven: repair_design, gcells created: 3471, deleted: 290
[INFO GPL-0110] Timing-driven: new target density: 0.66550744
Iteration | Overflow |     HPWL (um) |  HPWL(%) |   Penalty | Group
---------------------------------------------------------------
      280 |   0.5996 |  4.823984e+05 |  +24.69% |  6.62e-10 |      
[INFO GPL-0038] Routability snapshot saved at iter = 281
      280 |   0.5996 |  4.823984e+05 |          |           |      
      290 |   0.5893 |  4.817483e+05 |   -0.13% |  1.08e-09 |      
      300 |   0.5575 |  4.972619e+05 |   +3.22% |  1.75e-09 |      
      310 |   0.5153 |  5.030227e+05 |   +1.16% |  2.85e-09 |      
      320 |   0.4799 |  5.067162e+05 |   +0.73% |  4.64e-09 |      
      330 |   0.4441 |  5.136393e+05 |   +1.37% |  7.56e-09 |      
      340 |   0.4040 |  5.151159e+05 |   +0.29% |  1.23e-08 |      
      350 |   0.3624 |  5.146200e+05 |   -0.10% |  2.00e-08 |      
      360 |   0.3219 |  5.158681e+05 |   +0.24% |  3.10e-08 |      
[INFO GPL-0040] Routability iteration: 1
[WARNING GRT-0281] Net clk has a large fanout of 2569 terminals.
[INFO GPL-0041] Total routing overflow: 19.1299
[INFO GPL-0042] Number of overflowed tiles: 225 (2.60%)
[INFO GPL-0043] Average top 0.5% routing congestion: 1.2112
[INFO GPL-0044] Average top 1.0% routing congestion: 1.1630
[INFO GPL-0045] Average top 2.0% routing congestion: 1.1069
[INFO GPL-0046] Average top 5.0% routing congestion: 1.0287
[INFO GPL-0047] Routability iteration weighted routing congestion: 1.1871
[INFO GPL-0048] Routing congestion (1.1871) lower than previous minimum (1e+30). Updating minimum.
[INFO GPL-0086] Inflated area:                2912.188 um^2 (+1.44%)
[INFO GPL-0052] Placement target density:       0.6655
[INFO GPL-0076] Removing fillers, count: Before: 5392, After: 5163 (-4.25%)
[INFO GPL-0077] Filler area (um^2)     : Before: 68487.765, After: 65577.235 (-4.25%)
[INFO GPL-0078] Removed fillers count: 229, area removed: 2908.616 um^2. Remaining area to be compensated by modifying density: 3.572 um^2
[INFO GPL-0058] White space area:           406252.128 um^2 (+0.00%)
[INFO GPL-0059] Movable instances area:     270363.804 um^2 (+0.00%)
[INFO GPL-0060] Total filler area:           65577.235 um^2 (-4.25%)
[INFO GPL-0061] Total non-inflated area:    270365.477 um^2 (+0.00%)
[INFO GPL-0062] Total inflated area:        273277.665 um^2 (+0.00%)
[INFO GPL-0063] New Target Density:             0.6655
[INFO GPL-0087] Routability end iteration: increase inflation and revert back to snapshot.
Iteration | Overflow |     HPWL (um) |  HPWL(%) |   Penalty | Group
---------------------------------------------------------------
      370 |   0.5958 |  4.871271e+05 |   -5.57% |  7.51e-10 |      
      380 |   0.5880 |  4.860338e+05 |   -0.22% |  1.11e-09 |      
      390 |   0.5587 |  4.997395e+05 |   +2.82% |  1.63e-09 |      
      400 |   0.5274 |  5.021593e+05 |   +0.48% |  2.40e-09 |      
      410 |   0.4992 |  5.050734e+05 |   +0.58% |  3.53e-09 |      
      420 |   0.4746 |  5.091706e+05 |   +0.81% |  5.20e-09 |      
      430 |   0.4408 |  5.124920e+05 |   +0.65% |  7.65e-09 |      
      440 |   0.4106 |  5.142890e+05 |   +0.35% |  1.13e-08 |      
      450 |   0.3799 |  5.152204e+05 |   +0.18% |  1.66e-08 |      
      460 |   0.3424 |  5.166103e+05 |   +0.27% |  2.45e-08 |      
      470 |   0.3069 |  5.176872e+05 |   +0.21% |  3.60e-08 |      
[INFO GPL-0040] Routability iteration: 2
[INFO GPL-0041] Total routing overflow: 11.7763
[INFO GPL-0042] Number of overflowed tiles: 147 (1.70%)
[INFO GPL-0043] Average top 0.5% routing congestion: 1.1682
[INFO GPL-0044] Average top 1.0% routing congestion: 1.1222
[INFO GPL-0045] Average top 2.0% routing congestion: 1.0671
[INFO GPL-0046] Average top 5.0% routing congestion: 0.9965
[INFO GPL-0047] Routability iteration weighted routing congestion: 1.1452
[INFO GPL-0048] Routing congestion (1.1452) lower than previous minimum (1.187). Updating minimum.
[INFO GPL-0086] Inflated area:                1592.603 um^2 (+0.78%)
[INFO GPL-0052] Placement target density:       0.6655
[INFO GPL-0076] Removing fillers, count: Before: 5163, After: 5038 (-2.42%)
[INFO GPL-0077] Filler area (um^2)     : Before: 65577.235, After: 63989.563 (-2.42%)
[INFO GPL-0078] Removed fillers count: 125, area removed: 1587.673 um^2. Remaining area to be compensated by modifying density: 4.930 um^2
[INFO GPL-0058] White space area:           406252.128 um^2 (+0.00%)
[INFO GPL-0059] Movable instances area:     270363.804 um^2 (+0.00%)
[INFO GPL-0060] Total filler area:           63989.563 um^2 (-2.42%)
[INFO GPL-0061] Total non-inflated area:    270370.407 um^2 (+0.00%)
[INFO GPL-0062] Total inflated area:        271963.009 um^2 (+0.00%)
[INFO GPL-0063] New Target Density:             0.6655
[INFO GPL-0087] Routability end iteration: increase inflation and revert back to snapshot.
Iteration | Overflow |     HPWL (um) |  HPWL(%) |   Penalty | Group
---------------------------------------------------------------
      480 |   0.5943 |  4.856615e+05 |   -6.19% |  8.76e-10 |      
      490 |   0.5785 |  4.936967e+05 |   +1.65% |  1.29e-09 |      
      500 |   0.5462 |  5.033532e+05 |   +1.96% |  1.90e-09 |      
      510 |   0.5168 |  5.058292e+05 |   +0.49% |  2.80e-09 |      
      520 |   0.4903 |  5.092921e+05 |   +0.68% |  4.12e-09 |      
      530 |   0.4616 |  5.132316e+05 |   +0.77% |  6.06e-09 |      
      540 |   0.4302 |  5.164997e+05 |   +0.64% |  8.93e-09 |      
      550 |   0.3969 |  5.178338e+05 |   +0.26% |  1.32e-08 |      
      560 |   0.3633 |  5.194457e+05 |   +0.31% |  1.94e-08 |      
      570 |   0.3288 |  5.204611e+05 |   +0.20% |  2.85e-08 |      
[INFO GPL-0040] Routability iteration: 3
[INFO GPL-0041] Total routing overflow: 10.1880
[INFO GPL-0042] Number of overflowed tiles: 148 (1.71%)
[INFO GPL-0043] Average top 0.5% routing congestion: 1.1370
[INFO GPL-0044] Average top 1.0% routing congestion: 1.1029
[INFO GPL-0045] Average top 2.0% routing congestion: 1.0583
[INFO GPL-0046] Average top 5.0% routing congestion: 0.9929
[INFO GPL-0047] Routability iteration weighted routing congestion: 1.1199
[INFO GPL-0048] Routing congestion (1.1199) lower than previous minimum (1.145). Updating minimum.
[INFO GPL-0086] Inflated area:                1214.049 um^2 (+0.59%)
[INFO GPL-0052] Placement target density:       0.6655
[INFO GPL-0076] Removing fillers, count: Before: 5038, After: 4943 (-1.89%)
[INFO GPL-0077] Filler area (um^2)     : Before: 63989.563, After: 62782.931 (-1.89%)
[INFO GPL-0078] Removed fillers count: 95, area removed: 1206.631 um^2. Remaining area to be compensated by modifying density: 7.418 um^2
[INFO GPL-0058] White space area:           406252.128 um^2 (+0.00%)
[INFO GPL-0059] Movable instances area:     270363.804 um^2 (+0.00%)
[INFO GPL-0060] Total filler area:           62782.931 um^2 (-1.89%)
[INFO GPL-0061] Total non-inflated area:    270377.825 um^2 (+0.00%)
[INFO GPL-0062] Total inflated area:        271591.874 um^2 (+0.00%)
[INFO GPL-0063] New Target Density:             0.6655
[INFO GPL-0087] Routability end iteration: increase inflation and revert back to snapshot.
Iteration | Overflow |     HPWL (um) |  HPWL(%) |   Penalty | Group
---------------------------------------------------------------
      580 |   0.6010 |  4.873070e+05 |   -6.37% |  7.22e-10 |      
      590 |   0.5906 |  4.875517e+05 |   +0.05% |  1.06e-09 |      
      600 |   0.5617 |  5.024451e+05 |   +3.05% |  1.56e-09 |      
      610 |   0.5303 |  5.064929e+05 |   +0.81% |  2.30e-09 |      
      620 |   0.5023 |  5.098033e+05 |   +0.65% |  3.39e-09 |      
      630 |   0.4770 |  5.138913e+05 |   +0.80% |  5.00e-09 |      
      640 |   0.4451 |  5.168634e+05 |   +0.58% |  7.36e-09 |      
      650 |   0.4130 |  5.191684e+05 |   +0.45% |  1.08e-08 |      
      660 |   0.3822 |  5.203485e+05 |   +0.23% |  1.60e-08 |      
      670 |   0.3474 |  5.205843e+05 |   +0.05% |  2.35e-08 |      
      680 |   0.3100 |  5.222962e+05 |   +0.33% |  3.46e-08 |      
[INFO GPL-0040] Routability iteration: 4
[INFO GPL-0041] Total routing overflow: 7.1509
[INFO GPL-0042] Number of overflowed tiles: 125 (1.45%)
[INFO GPL-0043] Average top 0.5% routing congestion: 1.1146
[INFO GPL-0044] Average top 1.0% routing congestion: 1.0781
[INFO GPL-0045] Average top 2.0% routing congestion: 1.0382
[INFO GPL-0046] Average top 5.0% routing congestion: 0.9801
[INFO GPL-0047] Routability iteration weighted routing congestion: 1.0963
[INFO GPL-0048] Routing congestion (1.0963) lower than previous minimum (1.12). Updating minimum.
[INFO GPL-0086] Inflated area:                 922.851 um^2 (+0.44%)
[INFO GPL-0052] Placement target density:       0.6655
[INFO GPL-0076] Removing fillers, count: Before: 4943, After: 4871 (-1.46%)
[INFO GPL-0077] Filler area (um^2)     : Before: 62782.931, After: 61868.432 (-1.46%)
[INFO GPL-0078] Removed fillers count: 72, area removed: 914.500 um^2. Remaining area to be compensated by modifying density: 8.351 um^2
[INFO GPL-0058] White space area:           406252.128 um^2 (+0.00%)
[INFO GPL-0059] Movable instances area:     270363.804 um^2 (+0.00%)
[INFO GPL-0060] Total filler area:           61868.432 um^2 (-1.46%)
[INFO GPL-0061] Total non-inflated area:    270386.176 um^2 (+0.00%)
[INFO GPL-0062] Total inflated area:        271309.027 um^2 (+0.00%)
[INFO GPL-0063] New Target Density:             0.6655
[INFO GPL-0087] Routability end iteration: increase inflation and revert back to snapshot.
Iteration | Overflow |     HPWL (um) |  HPWL(%) |   Penalty | Group
---------------------------------------------------------------
      690 |   0.5956 |  4.873928e+05 |   -6.68% |  8.76e-10 |      
      700 |   0.5786 |  4.960371e+05 |   +1.77% |  1.29e-09 |      
      710 |   0.5465 |  5.066142e+05 |   +2.13% |  1.90e-09 |      
      720 |   0.5166 |  5.098243e+05 |   +0.63% |  2.80e-09 |      
      730 |   0.4900 |  5.134617e+05 |   +0.71% |  4.12e-09 |      
      740 |   0.4609 |  5.168537e+05 |   +0.66% |  6.06e-09 |      
      750 |   0.4305 |  5.202127e+05 |   +0.65% |  8.93e-09 |      
      760 |   0.3983 |  5.213020e+05 |   +0.21% |  1.32e-08 |      
      770 |   0.3632 |  5.225783e+05 |   +0.24% |  1.94e-08 |      
      780 |   0.3290 |  5.228132e+05 |   +0.04% |  2.85e-08 |      
[INFO GPL-0040] Routability iteration: 5
[INFO GPL-0041] Total routing overflow: 5.1947
[INFO GPL-0042] Number of overflowed tiles: 107 (1.24%)
[INFO GPL-0043] Average top 0.5% routing congestion: 1.0887
[INFO GPL-0044] Average top 1.0% routing congestion: 1.0587
[INFO GPL-0045] Average top 2.0% routing congestion: 1.0251
[INFO GPL-0046] Average top 5.0% routing congestion: 0.9739
[INFO GPL-0047] Routability iteration weighted routing congestion: 1.0737
[INFO GPL-0048] Routing congestion (1.0737) lower than previous minimum (1.096). Updating minimum.
[INFO GPL-0086] Inflated area:                 650.324 um^2 (+0.31%)
[INFO GPL-0052] Placement target density:       0.6655
[INFO GPL-0076] Removing fillers, count: Before: 4871, After: 4820 (-1.05%)
[INFO GPL-0077] Filler area (um^2)     : Before: 61868.432, After: 61220.661 (-1.05%)
[INFO GPL-0078] Removed fillers count: 51, area removed: 647.770 um^2. Remaining area to be compensated by modifying density: 2.553 um^2
[INFO GPL-0058] White space area:           406252.128 um^2 (+0.00%)
[INFO GPL-0059] Movable instances area:     270363.804 um^2 (+0.00%)
[INFO GPL-0060] Total filler area:           61220.661 um^2 (-1.05%)
[INFO GPL-0061] Total non-inflated area:    270388.729 um^2 (+0.00%)
[INFO GPL-0062] Total inflated area:        271039.053 um^2 (+0.00%)
[INFO GPL-0063] New Target Density:             0.6655
[INFO GPL-0087] Routability end iteration: increase inflation and revert back to snapshot.
Iteration | Overflow |     HPWL (um) |  HPWL(%) |   Penalty | Group
---------------------------------------------------------------
      790 |   0.6064 |  4.854402e+05 |   -7.15% |  6.95e-10 |      
      800 |   0.5925 |  4.882012e+05 |   +0.57% |  1.02e-09 |      
      810 |   0.5643 |  5.032271e+05 |   +3.08% |  1.51e-09 |      
      820 |   0.5336 |  5.088126e+05 |   +1.11% |  2.22e-09 |      
      830 |   0.5047 |  5.126734e+05 |   +0.76% |  3.26e-09 |      
      840 |   0.4802 |  5.165284e+05 |   +0.75% |  4.81e-09 |      
      850 |   0.4483 |  5.189518e+05 |   +0.47% |  7.08e-09 |      
      860 |   0.4174 |  5.218200e+05 |   +0.55% |  1.04e-08 |      
      870 |   0.3846 |  5.232866e+05 |   +0.28% |  1.54e-08 |      
      880 |   0.3496 |  5.233861e+05 |   +0.02% |  2.26e-08 |      
      890 |   0.3144 |  5.242668e+05 |   +0.17% |  3.33e-08 |      
[INFO GPL-0040] Routability iteration: 6
[INFO GPL-0041] Total routing overflow: 5.0438
[INFO GPL-0042] Number of overflowed tiles: 106 (1.23%)
[INFO GPL-0043] Average top 0.5% routing congestion: 1.0850
[INFO GPL-0044] Average top 1.0% routing congestion: 1.0568
[INFO GPL-0045] Average top 2.0% routing congestion: 1.0236
[INFO GPL-0046] Average top 5.0% routing congestion: 0.9710
[INFO GPL-0047] Routability iteration weighted routing congestion: 1.0709
[INFO GPL-0048] Routing congestion (1.0709) lower than previous minimum (1.074). Updating minimum.
[INFO GPL-0086] Inflated area:                 635.609 um^2 (+0.30%)
[INFO GPL-0052] Placement target density:       0.6655
[INFO GPL-0076] Removing fillers, count: Before: 4820, After: 4770 (-1.04%)
[INFO GPL-0077] Filler area (um^2)     : Before: 61220.661, After: 60585.592 (-1.04%)
[INFO GPL-0078] Removed fillers count: 50, area removed: 635.069 um^2. Remaining area to be compensated by modifying density: 0.540 um^2
[INFO GPL-0058] White space area:           406252.128 um^2 (+0.00%)
[INFO GPL-0059] Movable instances area:     270363.804 um^2 (+0.00%)
[INFO GPL-0060] Total filler area:           60585.592 um^2 (-1.04%)
[INFO GPL-0061] Total non-inflated area:    270389.269 um^2 (+0.00%)
[INFO GPL-0062] Total inflated area:        271024.878 um^2 (+0.00%)
[INFO GPL-0063] New Target Density:             0.6655
[INFO GPL-0087] Routability end iteration: increase inflation and revert back to snapshot.
Iteration | Overflow |     HPWL (um) |  HPWL(%) |   Penalty | Group
---------------------------------------------------------------
      900 |   0.5977 |  4.891603e+05 |   -6.70% |  8.11e-10 |      
      910 |   0.5841 |  4.939658e+05 |   +0.98% |  1.19e-09 |      
      920 |   0.5524 |  5.076795e+05 |   +2.78% |  1.76e-09 |      
      930 |   0.5232 |  5.112208e+05 |   +0.70% |  2.59e-09 |      
      940 |   0.4948 |  5.150087e+05 |   +0.74% |  3.81e-09 |      
      950 |   0.4690 |  5.185103e+05 |   +0.68% |  5.61e-09 |      
      960 |   0.4361 |  5.212933e+05 |   +0.54% |  8.26e-09 |      
      970 |   0.4039 |  5.230622e+05 |   +0.34% |  1.22e-08 |      
      980 |   0.3708 |  5.242116e+05 |   +0.22% |  1.79e-08 |      
      990 |   0.3381 |  5.239114e+05 |   -0.06% |  2.64e-08 |      
     1000 |   0.3028 |  5.257093e+05 |   +0.34% |  3.89e-08 |      
[INFO GPL-0040] Routability iteration: 7
[INFO GPL-0041] Total routing overflow: 4.8341
[INFO GPL-0042] Number of overflowed tiles: 98 (1.13%)
[INFO GPL-0043] Average top 0.5% routing congestion: 1.0849
[INFO GPL-0044] Average top 1.0% routing congestion: 1.0552
[INFO GPL-0045] Average top 2.0% routing congestion: 1.0199
[INFO GPL-0046] Average top 5.0% routing congestion: 0.9675
[INFO GPL-0047] Routability iteration weighted routing congestion: 1.0700
[INFO GPL-0049] Routing congestion (1.0700) higher than minimum (1.0709). Consecutive non-improvement count: 1.
[INFO GPL-0086] Inflated area:                 620.292 um^2 (+0.30%)
[INFO GPL-0052] Placement target density:       0.6655
[INFO GPL-0076] Removing fillers, count: Before: 4770, After: 4722 (-1.01%)
[INFO GPL-0077] Filler area (um^2)     : Before: 60585.592, After: 59975.926 (-1.01%)
[INFO GPL-0078] Removed fillers count: 48, area removed: 609.666 um^2. Remaining area to be compensated by modifying density: 10.626 um^2
[INFO GPL-0058] White space area:           406252.128 um^2 (+0.00%)
[INFO GPL-0059] Movable instances area:     270363.804 um^2 (+0.00%)
[INFO GPL-0060] Total filler area:           59975.926 um^2 (-1.01%)
[INFO GPL-0061] Total non-inflated area:    270399.895 um^2 (+0.00%)
[INFO GPL-0062] Total inflated area:        271020.187 um^2 (+0.00%)
[INFO GPL-0063] New Target Density:             0.6655
[INFO GPL-0087] Routability end iteration: increase inflation and revert back to snapshot.
Iteration | Overflow |     HPWL (um) |  HPWL(%) |   Penalty | Group
---------------------------------------------------------------
     1010 |   0.5955 |  4.886249e+05 |   -7.05% |  9.47e-10 |      
     1020 |   0.5714 |  5.015802e+05 |   +2.65% |  1.39e-09 |      
     1030 |   0.5401 |  5.098551e+05 |   +1.65% |  2.05e-09 |      
     1040 |   0.5106 |  5.141369e+05 |   +0.84% |  3.02e-09 |      
     1050 |   0.4845 |  5.175548e+05 |   +0.66% |  4.45e-09 |      
     1060 |   0.4545 |  5.203520e+05 |   +0.54% |  6.55e-09 |      
     1070 |   0.4250 |  5.231108e+05 |   +0.53% |  9.65e-09 |      
     1080 |   0.3923 |  5.243946e+05 |   +0.25% |  1.42e-08 |      
     1090 |   0.3561 |  5.251283e+05 |   +0.14% |  2.09e-08 |      
     1100 |   0.3214 |  5.258395e+05 |   +0.14% |  3.08e-08 |      
[INFO GPL-0040] Routability iteration: 8
[INFO GPL-0041] Total routing overflow: 4.0049
[INFO GPL-0042] Number of overflowed tiles: 100 (1.16%)
[INFO GPL-0043] Average top 0.5% routing congestion: 1.0732
[INFO GPL-0044] Average top 1.0% routing congestion: 1.0456
[INFO GPL-0045] Average top 2.0% routing congestion: 1.0139
[INFO GPL-0046] Average top 5.0% routing congestion: 0.9636
[INFO GPL-0047] Routability iteration weighted routing congestion: 1.0594
[INFO GPL-0048] Routing congestion (1.0594) lower than previous minimum (1.071). Updating minimum.
[INFO GPL-0086] Inflated area:                 471.650 um^2 (+0.22%)
[INFO GPL-0052] Placement target density:       0.6655
[INFO GPL-0076] Removing fillers, count: Before: 4722, After: 4685 (-0.78%)
[INFO GPL-0077] Filler area (um^2)     : Before: 59975.926, After: 59505.975 (-0.78%)
[INFO GPL-0078] Removed fillers count: 37, area removed: 469.951 um^2. Remaining area to be compensated by modifying density: 1.698 um^2
[INFO GPL-0058] White space area:           406252.128 um^2 (+0.00%)
[INFO GPL-0059] Movable instances area:     270363.804 um^2 (+0.00%)
[INFO GPL-0060] Total filler area:           59505.975 um^2 (-0.78%)
[INFO GPL-0061] Total non-inflated area:    270401.593 um^2 (+0.00%)
[INFO GPL-0062] Total inflated area:        270873.243 um^2 (+0.00%)
[INFO GPL-0063] New Target Density:             0.6655
[INFO GPL-0087] Routability end iteration: increase inflation and revert back to snapshot.
Iteration | Overflow |     HPWL (um) |  HPWL(%) |   Penalty | Group
---------------------------------------------------------------
     1110 |   0.6056 |  4.873640e+05 |   -7.32% |  7.22e-10 |      
     1120 |   0.5908 |  4.908108e+05 |   +0.71% |  1.06e-09 |      
     1130 |   0.5595 |  5.064173e+05 |   +3.18% |  1.56e-09 |      
     1140 |   0.5306 |  5.117796e+05 |   +1.06% |  2.30e-09 |      
     1150 |   0.5020 |  5.160830e+05 |   +0.84% |  3.39e-09 |      
     1160 |   0.4766 |  5.195347e+05 |   +0.67% |  4.99e-09 |      
     1170 |   0.4448 |  5.216728e+05 |   +0.41% |  7.36e-09 |      
     1180 |   0.4149 |  5.245015e+05 |   +0.54% |  1.08e-08 |      
     1190 |   0.3821 |  5.254035e+05 |   +0.17% |  1.60e-08 |      
     1200 |   0.3481 |  5.258110e+05 |   +0.08% |  2.35e-08 |      
     1210 |   0.3117 |  5.266902e+05 |   +0.17% |  3.46e-08 |      
[INFO GPL-0040] Routability iteration: 9
[INFO GPL-0041] Total routing overflow: 3.6559
[INFO GPL-0042] Number of overflowed tiles: 87 (1.01%)
[INFO GPL-0043] Average top 0.5% routing congestion: 1.0680
[INFO GPL-0044] Average top 1.0% routing congestion: 1.0420
[INFO GPL-0045] Average top 2.0% routing congestion: 1.0109
[INFO GPL-0046] Average top 5.0% routing congestion: 0.9620
[INFO GPL-0047] Routability iteration weighted routing congestion: 1.0550
[INFO GPL-0048] Routing congestion (1.0550) lower than previous minimum (1.059). Updating minimum.
[INFO GPL-0086] Inflated area:                 443.126 um^2 (+0.21%)
[INFO GPL-0052] Placement target density:       0.6655
[INFO GPL-0076] Removing fillers, count: Before: 4685, After: 4651 (-0.73%)
[INFO GPL-0077] Filler area (um^2)     : Before: 59505.975, After: 59074.128 (-0.73%)
[INFO GPL-0078] Removed fillers count: 34, area removed: 431.847 um^2. Remaining area to be compensated by modifying density: 11.279 um^2
[INFO GPL-0058] White space area:           406252.128 um^2 (+0.00%)
[INFO GPL-0059] Movable instances area:     270363.804 um^2 (+0.00%)
[INFO GPL-0060] Total filler area:           59074.128 um^2 (-0.73%)
[INFO GPL-0061] Total non-inflated area:    270412.872 um^2 (+0.00%)
[INFO GPL-0062] Total inflated area:        270855.998 um^2 (+0.00%)
[INFO GPL-0063] New Target Density:             0.6655
[INFO GPL-0087] Routability end iteration: increase inflation and revert back to snapshot.
Iteration | Overflow |     HPWL (um) |  HPWL(%) |   Penalty | Group
---------------------------------------------------------------
     1220 |   0.5989 |  4.899619e+05 |   -6.97% |  8.11e-10 |      
     1230 |   0.5831 |  4.953589e+05 |   +1.10% |  1.19e-09 |      
     1240 |   0.5507 |  5.093170e+05 |   +2.82% |  1.76e-09 |      
     1250 |   0.5227 |  5.137459e+05 |   +0.87% |  2.59e-09 |      
     1260 |   0.4943 |  5.179807e+05 |   +0.82% |  3.81e-09 |      
     1270 |   0.4675 |  5.209936e+05 |   +0.58% |  5.61e-09 |      
     1280 |   0.4359 |  5.232751e+05 |   +0.44% |  8.26e-09 |      
     1290 |   0.4050 |  5.254632e+05 |   +0.42% |  1.22e-08 |      
     1300 |   0.3698 |  5.266665e+05 |   +0.23% |  1.79e-08 |      
     1310 |   0.3372 |  5.271987e+05 |   +0.10% |  2.64e-08 |      
     1320 |   0.3036 |  5.277582e+05 |   +0.11% |  3.89e-08 |      
[INFO GPL-0040] Routability iteration: 10
[INFO GPL-0041] Total routing overflow: 3.6478
[INFO GPL-0042] Number of overflowed tiles: 84 (0.97%)
[INFO GPL-0043] Average top 0.5% routing congestion: 1.0702
[INFO GPL-0044] Average top 1.0% routing congestion: 1.0419
[INFO GPL-0045] Average top 2.0% routing congestion: 1.0109
[INFO GPL-0046] Average top 5.0% routing congestion: 0.9632
[INFO GPL-0047] Routability iteration weighted routing congestion: 1.0561
[INFO GPL-0049] Routing congestion (1.0561) higher than minimum (1.0550). Consecutive non-improvement count: 1.
[INFO GPL-0086] Inflated area:                 435.189 um^2 (+0.21%)
[INFO GPL-0052] Placement target density:       0.6655
[INFO GPL-0076] Removing fillers, count: Before: 4651, After: 4617 (-0.73%)
[INFO GPL-0077] Filler area (um^2)     : Before: 59074.128, After: 58642.281 (-0.73%)
[INFO GPL-0078] Removed fillers count: 34, area removed: 431.847 um^2. Remaining area to be compensated by modifying density: 3.342 um^2
[INFO GPL-0058] White space area:           406252.128 um^2 (+0.00%)
[INFO GPL-0059] Movable instances area:     270363.804 um^2 (+0.00%)
[INFO GPL-0060] Total filler area:           58642.281 um^2 (-0.73%)
[INFO GPL-0061] Total non-inflated area:    270416.215 um^2 (+0.00%)
[INFO GPL-0062] Total inflated area:        270851.404 um^2 (+0.00%)
[INFO GPL-0063] New Target Density:             0.6655
[INFO GPL-0087] Routability end iteration: increase inflation and revert back to snapshot.
Iteration | Overflow |     HPWL (um) |  HPWL(%) |   Penalty | Group
---------------------------------------------------------------
     1330 |   0.5956 |  4.899308e+05 |   -7.17% |  9.47e-10 |      
     1340 |   0.5709 |  5.029653e+05 |   +2.66% |  1.39e-09 |      
     1350 |   0.5397 |  5.117209e+05 |   +1.74% |  2.05e-09 |      
     1360 |   0.5109 |  5.168054e+05 |   +0.99% |  3.02e-09 |      
     1370 |   0.4850 |  5.199607e+05 |   +0.61% |  4.45e-09 |      
     1380 |   0.4549 |  5.222288e+05 |   +0.44% |  6.55e-09 |      
     1390 |   0.4238 |  5.251823e+05 |   +0.57% |  9.65e-09 |      
     1400 |   0.3917 |  5.266908e+05 |   +0.29% |  1.42e-08 |      
     1410 |   0.3567 |  5.278590e+05 |   +0.22% |  2.09e-08 |      
     1420 |   0.3234 |  5.285750e+05 |   +0.14% |  3.08e-08 |      
[INFO GPL-0040] Routability iteration: 11
[INFO GPL-0041] Total routing overflow: 3.2130
[INFO GPL-0042] Number of overflowed tiles: 81 (0.94%)
[INFO GPL-0043] Average top 0.5% routing congestion: 1.0641
[INFO GPL-0044] Average top 1.0% routing congestion: 1.0368
[INFO GPL-0045] Average top 2.0% routing congestion: 1.0088
[INFO GPL-0046] Average top 5.0% routing congestion: 0.9631
[INFO GPL-0047] Routability iteration weighted routing congestion: 1.0505
[INFO GPL-0048] Routing congestion (1.0505) lower than previous minimum (1.055). Updating minimum.
[INFO GPL-0086] Inflated area:                 363.680 um^2 (+0.17%)
[INFO GPL-0052] Placement target density:       0.6655
[INFO GPL-0076] Removing fillers, count: Before: 4617, After: 4589 (-0.61%)
[INFO GPL-0077] Filler area (um^2)     : Before: 58642.281, After: 58286.642 (-0.61%)
[INFO GPL-0078] Removed fillers count: 28, area removed: 355.639 um^2. Remaining area to be compensated by modifying density: 8.042 um^2
[INFO GPL-0058] White space area:           406252.128 um^2 (+0.00%)
[INFO GPL-0059] Movable instances area:     270363.804 um^2 (+0.00%)
[INFO GPL-0060] Total filler area:           58286.642 um^2 (-0.61%)
[INFO GPL-0061] Total non-inflated area:    270424.256 um^2 (+0.00%)
[INFO GPL-0062] Total inflated area:        270787.937 um^2 (+0.00%)
[INFO GPL-0063] New Target Density:             0.6655
[INFO GPL-0087] Routability end iteration: increase inflation and revert back to snapshot.
Iteration | Overflow |     HPWL (um) |  HPWL(%) |   Penalty | Group
---------------------------------------------------------------
     1430 |   0.6053 |  4.880585e+05 |   -7.67% |  7.51e-10 |      
     1440 |   0.5892 |  4.932235e+05 |   +1.06% |  1.11e-09 |      
     1450 |   0.5568 |  5.090114e+05 |   +3.20% |  1.63e-09 |      
     1460 |   0.5292 |  5.141672e+05 |   +1.01% |  2.39e-09 |      
     1470 |   0.4988 |  5.190974e+05 |   +0.96% |  3.52e-09 |      
     1480 |   0.4731 |  5.218279e+05 |   +0.53% |  5.19e-09 |      
     1490 |   0.4433 |  5.237999e+05 |   +0.38% |  7.65e-09 |      
     1500 |   0.4130 |  5.263418e+05 |   +0.49% |  1.13e-08 |      
     1510 |   0.3786 |  5.279188e+05 |   +0.30% |  1.66e-08 |      
     1520 |   0.3439 |  5.283647e+05 |   +0.08% |  2.44e-08 |      
     1530 |   0.3089 |  5.295842e+05 |   +0.23% |  3.60e-08 |      
[INFO GPL-0040] Routability iteration: 12
[INFO GPL-0041] Total routing overflow: 3.3128
[INFO GPL-0042] Number of overflowed tiles: 87 (1.01%)
[INFO GPL-0043] Average top 0.5% routing congestion: 1.0633
[INFO GPL-0044] Average top 1.0% routing congestion: 1.0381
[INFO GPL-0045] Average top 2.0% routing congestion: 1.0068
[INFO GPL-0046] Average top 5.0% routing congestion: 0.9598
[INFO GPL-0047] Routability iteration weighted routing congestion: 1.0507
[INFO GPL-0049] Routing congestion (1.0507) higher than minimum (1.0505). Consecutive non-improvement count: 1.
[INFO GPL-0086] Inflated area:                 429.015 um^2 (+0.20%)
[INFO GPL-0052] Placement target density:       0.6655
[INFO GPL-0076] Removing fillers, count: Before: 4589, After: 4556 (-0.72%)
[INFO GPL-0077] Filler area (um^2)     : Before: 58286.642, After: 57867.496 (-0.72%)
[INFO GPL-0078] Removed fillers count: 33, area removed: 419.146 um^2. Remaining area to be compensated by modifying density: 9.869 um^2
[INFO GPL-0058] White space area:           406252.128 um^2 (+0.00%)
[INFO GPL-0059] Movable instances area:     270363.804 um^2 (+0.00%)
[INFO GPL-0060] Total filler area:           57867.496 um^2 (-0.72%)
[INFO GPL-0061] Total non-inflated area:    270434.126 um^2 (+0.00%)
[INFO GPL-0062] Total inflated area:        270863.140 um^2 (+0.00%)
[INFO GPL-0063] New Target Density:             0.6655
[INFO GPL-0087] Routability end iteration: increase inflation and revert back to snapshot.
Iteration | Overflow |     HPWL (um) |  HPWL(%) |   Penalty | Group
---------------------------------------------------------------
     1540 |   0.5966 |  4.906282e+05 |   -7.36% |  8.76e-10 |      
     1550 |   0.5780 |  5.001400e+05 |   +1.94% |  1.29e-09 |      
     1560 |   0.5454 |  5.119793e+05 |   +2.37% |  1.90e-09 |      
     1570 |   0.5171 |  5.173982e+05 |   +1.06% |  2.79e-09 |      
     1580 |   0.4911 |  5.205166e+05 |   +0.60% |  4.12e-09 |      
     1590 |   0.4611 |  5.229214e+05 |   +0.46% |  6.06e-09 |      
     1600 |   0.4301 |  5.259063e+05 |   +0.57% |  8.93e-09 |      
     1610 |   0.3970 |  5.274179e+05 |   +0.29% |  1.31e-08 |      
     1620 |   0.3623 |  5.294804e+05 |   +0.39% |  1.94e-08 |      
     1630 |   0.3313 |  5.292891e+05 |   -0.04% |  2.85e-08 |      
[INFO GPL-0040] Routability iteration: 13
[INFO GPL-0041] Total routing overflow: 3.2085
[INFO GPL-0042] Number of overflowed tiles: 86 (0.99%)
[INFO GPL-0043] Average top 0.5% routing congestion: 1.0612
[INFO GPL-0044] Average top 1.0% routing congestion: 1.0369
[INFO GPL-0045] Average top 2.0% routing congestion: 1.0074
[INFO GPL-0046] Average top 5.0% routing congestion: 0.9604
[INFO GPL-0047] Routability iteration weighted routing congestion: 1.0490
[INFO GPL-0048] Routing congestion (1.0490) lower than previous minimum (1.05). Updating minimum.
[INFO GPL-0086] Inflated area:                 354.132 um^2 (+0.17%)
[INFO GPL-0052] Placement target density:       0.6655
[INFO GPL-0076] Removing fillers, count: Before: 4556, After: 4529 (-0.59%)
[INFO GPL-0077] Filler area (um^2)     : Before: 57867.496, After: 57524.559 (-0.59%)
[INFO GPL-0078] Removed fillers count: 27, area removed: 342.937 um^2. Remaining area to be compensated by modifying density: 11.195 um^2
[INFO GPL-0058] White space area:           406252.128 um^2 (+0.00%)
[INFO GPL-0059] Movable instances area:     270363.804 um^2 (+0.00%)
[INFO GPL-0060] Total filler area:           57524.559 um^2 (-0.59%)
[INFO GPL-0061] Total non-inflated area:    270445.321 um^2 (+0.00%)
[INFO GPL-0062] Total inflated area:        270799.453 um^2 (+0.00%)
[INFO GPL-0063] New Target Density:             0.6655
[INFO GPL-0087] Routability end iteration: increase inflation and revert back to snapshot.
Iteration | Overflow |     HPWL (um) |  HPWL(%) |   Penalty | Group
---------------------------------------------------------------
     1640 |   0.6119 |  4.854402e+05 |   -8.28% |  6.95e-10 |      
     1650 |   0.5926 |  4.918591e+05 |   +1.32% |  1.02e-09 |      
     1660 |   0.5625 |  5.075857e+05 |   +3.20% |  1.50e-09 |      
     1670 |   0.5341 |  5.144206e+05 |   +1.35% |  2.22e-09 |      
     1680 |   0.5036 |  5.199309e+05 |   +1.07% |  3.26e-09 |      
     1690 |   0.4795 |  5.225805e+05 |   +0.51% |  4.80e-09 |      
     1700 |   0.4482 |  5.240187e+05 |   +0.28% |  7.08e-09 |      
     1710 |   0.4181 |  5.272265e+05 |   +0.61% |  1.04e-08 |      
     1720 |   0.3862 |  5.288746e+05 |   +0.31% |  1.53e-08 |      
     1730 |   0.3503 |  5.292736e+05 |   +0.08% |  2.26e-08 |      
     1740 |   0.3162 |  5.303883e+05 |   +0.21% |  3.33e-08 |      
[INFO GPL-0040] Routability iteration: 14
[INFO GPL-0041] Total routing overflow: 2.0808
[INFO GPL-0042] Number of overflowed tiles: 62 (0.72%)
[INFO GPL-0043] Average top 0.5% routing congestion: 1.0443
[INFO GPL-0044] Average top 1.0% routing congestion: 1.0218
[INFO GPL-0045] Average top 2.0% routing congestion: 0.9959
[INFO GPL-0046] Average top 5.0% routing congestion: 0.9534
[INFO GPL-0047] Routability iteration weighted routing congestion: 1.0331
[INFO GPL-0048] Routing congestion (1.0331) lower than previous minimum (1.049). Updating minimum.
[INFO GPL-0086] Inflated area:                 258.422 um^2 (+0.12%)
[INFO GPL-0052] Placement target density:       0.6655
[INFO GPL-0076] Removing fillers, count: Before: 4529, After: 4509 (-0.44%)
[INFO GPL-0077] Filler area (um^2)     : Before: 57524.559, After: 57270.531 (-0.44%)
[INFO GPL-0078] Removed fillers count: 20, area removed: 254.028 um^2. Remaining area to be compensated by modifying density: 4.394 um^2
[INFO GPL-0058] White space area:           406252.128 um^2 (+0.00%)
[INFO GPL-0059] Movable instances area:     270363.804 um^2 (+0.00%)
[INFO GPL-0060] Total filler area:           57270.531 um^2 (-0.44%)
[INFO GPL-0061] Total non-inflated area:    270449.715 um^2 (+0.00%)
[INFO GPL-0062] Total inflated area:        270708.136 um^2 (+0.00%)
[INFO GPL-0063] New Target Density:             0.6655
[INFO GPL-0087] Routability end iteration: increase inflation and revert back to snapshot.
Iteration | Overflow |     HPWL (um) |  HPWL(%) |   Penalty | Group
---------------------------------------------------------------
     1750 |   0.6003 |  4.909737e+05 |   -7.43% |  8.11e-10 |      
     1760 |   0.5830 |  4.972181e+05 |   +1.27% |  1.19e-09 |      
     1770 |   0.5508 |  5.118812e+05 |   +2.95% |  1.76e-09 |      
     1780 |   0.5230 |  5.172874e+05 |   +1.06% |  2.59e-09 |      
     1790 |   0.4951 |  5.213100e+05 |   +0.78% |  3.81e-09 |      
     1800 |   0.4675 |  5.236843e+05 |   +0.46% |  5.61e-09 |      
     1810 |   0.4360 |  5.258497e+05 |   +0.41% |  8.26e-09 |      
     1820 |   0.4052 |  5.281906e+05 |   +0.45% |  1.22e-08 |      
     1830 |   0.3692 |  5.304164e+05 |   +0.42% |  1.79e-08 |      
     1840 |   0.3386 |  5.301522e+05 |   -0.05% |  2.64e-08 |      
     1850 |   0.3026 |  5.312793e+05 |   +0.21% |  3.89e-08 |      
[INFO GPL-0040] Routability iteration: 15
[INFO GPL-0041] Total routing overflow: 1.6858
[INFO GPL-0042] Number of overflowed tiles: 61 (0.71%)
[INFO GPL-0043] Average top 0.5% routing congestion: 1.0366
[INFO GPL-0044] Average top 1.0% routing congestion: 1.0172
[INFO GPL-0045] Average top 2.0% routing congestion: 0.9936
[INFO GPL-0046] Average top 5.0% routing congestion: 0.9541
[INFO GPL-0047] Routability iteration weighted routing congestion: 1.0269
[INFO GPL-0048] Routing congestion (1.0269) lower than previous minimum (1.033). Updating minimum.
[INFO GPL-0086] Inflated area:                 209.465 um^2 (+0.10%)
[INFO GPL-0052] Placement target density:       0.6655
[INFO GPL-0076] Removing fillers, count: Before: 4509, After: 4493 (-0.35%)
[INFO GPL-0077] Filler area (um^2)     : Before: 57270.531, After: 57067.309 (-0.35%)
[INFO GPL-0078] Removed fillers count: 16, area removed: 203.222 um^2. Remaining area to be compensated by modifying density: 6.243 um^2
[INFO GPL-0058] White space area:           406252.128 um^2 (+0.00%)
[INFO GPL-0059] Movable instances area:     270363.804 um^2 (+0.00%)
[INFO GPL-0060] Total filler area:           57067.309 um^2 (-0.35%)
[INFO GPL-0061] Total non-inflated area:    270455.958 um^2 (+0.00%)
[INFO GPL-0062] Total inflated area:        270665.423 um^2 (+0.00%)
[INFO GPL-0063] New Target Density:             0.6655
[INFO GPL-0087] Routability end iteration: increase inflation and revert back to snapshot.
Iteration | Overflow |     HPWL (um) |  HPWL(%) |   Penalty | Group
---------------------------------------------------------------
     1860 |   0.5956 |  4.914582e+05 |   -7.50% |  9.47e-10 |      
     1870 |   0.5701 |  5.048193e+05 |   +2.72% |  1.39e-09 |      
     1880 |   0.5401 |  5.141010e+05 |   +1.84% |  2.05e-09 |      
     1890 |   0.5095 |  5.200577e+05 |   +1.16% |  3.02e-09 |      
     1900 |   0.4850 |  5.226512e+05 |   +0.50% |  4.45e-09 |      
     1910 |   0.4551 |  5.243636e+05 |   +0.33% |  6.55e-09 |      
     1920 |   0.4235 |  5.274802e+05 |   +0.59% |  9.64e-09 |      
     1930 |   0.3924 |  5.290133e+05 |   +0.29% |  1.42e-08 |      
     1940 |   0.3550 |  5.306632e+05 |   +0.31% |  2.09e-08 |      
     1950 |   0.3247 |  5.309855e+05 |   +0.06% |  3.08e-08 |      
[INFO GPL-0040] Routability iteration: 16
[INFO GPL-0041] Total routing overflow: 1.8437
[INFO GPL-0042] Number of overflowed tiles: 64 (0.74%)
[INFO GPL-0043] Average top 0.5% routing congestion: 1.0396
[INFO GPL-0044] Average top 1.0% routing congestion: 1.0194
[INFO GPL-0045] Average top 2.0% routing congestion: 0.9945
[INFO GPL-0046] Average top 5.0% routing congestion: 0.9546
[INFO GPL-0047] Routability iteration weighted routing congestion: 1.0295
[INFO GPL-0049] Routing congestion (1.0295) higher than minimum (1.0269). Consecutive non-improvement count: 1.
[INFO GPL-0086] Inflated area:                 258.420 um^2 (+0.12%)
[INFO GPL-0052] Placement target density:       0.6655
[INFO GPL-0076] Removing fillers, count: Before: 4493, After: 4473 (-0.45%)
[INFO GPL-0077] Filler area (um^2)     : Before: 57067.309, After: 56813.282 (-0.45%)
[INFO GPL-0078] Removed fillers count: 20, area removed: 254.028 um^2. Remaining area to be compensated by modifying density: 4.392 um^2
[INFO GPL-0058] White space area:           406252.128 um^2 (+0.00%)
[INFO GPL-0059] Movable instances area:     270363.804 um^2 (+0.00%)
[INFO GPL-0060] Total filler area:           56813.282 um^2 (-0.45%)
[INFO GPL-0061] Total non-inflated area:    270460.350 um^2 (+0.00%)
[INFO GPL-0062] Total inflated area:        270718.770 um^2 (+0.00%)
[INFO GPL-0063] New Target Density:             0.6655
[INFO GPL-0087] Routability end iteration: increase inflation and revert back to snapshot.
Iteration | Overflow |     HPWL (um) |  HPWL(%) |   Penalty | Group
---------------------------------------------------------------
     1960 |   0.6071 |  4.882353e+05 |   -8.05% |  7.51e-10 |      
     1970 |   0.5888 |  4.946764e+05 |   +1.32% |  1.11e-09 |      
     1980 |   0.5555 |  5.107645e+05 |   +3.25% |  1.63e-09 |      
     1990 |   0.5283 |  5.169683e+05 |   +1.21% |  2.39e-09 |      
     2000 |   0.4993 |  5.219005e+05 |   +0.95% |  3.52e-09 |      
     2010 |   0.4737 |  5.239490e+05 |   +0.39% |  5.19e-09 |      
     2020 |   0.4426 |  5.257145e+05 |   +0.34% |  7.65e-09 |      
     2030 |   0.4110 |  5.283469e+05 |   +0.50% |  1.13e-08 |      
     2040 |   0.3794 |  5.306588e+05 |   +0.44% |  1.66e-08 |      
     2050 |   0.3447 |  5.306376e+05 |   -0.00% |  2.44e-08 |      
     2060 |   0.3089 |  5.318656e+05 |   +0.23% |  3.60e-08 |      
[INFO GPL-0040] Routability iteration: 17
[INFO GPL-0041] Total routing overflow: 1.7483
[INFO GPL-0042] Number of overflowed tiles: 56 (0.65%)
[INFO GPL-0043] Average top 0.5% routing congestion: 1.0388
[INFO GPL-0044] Average top 1.0% routing congestion: 1.0181
[INFO GPL-0045] Average top 2.0% routing congestion: 0.9973
[INFO GPL-0046] Average top 5.0% routing congestion: 0.9567
[INFO GPL-0047] Routability iteration weighted routing congestion: 1.0284
[INFO GPL-0049] Routing congestion (1.0284) higher than minimum (1.0269). Consecutive non-improvement count: 2.
[INFO GPL-0086] Inflated area:                 230.871 um^2 (+0.11%)
[INFO GPL-0052] Placement target density:       0.6655
[INFO GPL-0076] Removing fillers, count: Before: 4473, After: 4455 (-0.40%)
[INFO GPL-0077] Filler area (um^2)     : Before: 56813.282, After: 56584.657 (-0.40%)
[INFO GPL-0078] Removed fillers count: 18, area removed: 228.625 um^2. Remaining area to be compensated by modifying density: 2.246 um^2
[INFO GPL-0058] White space area:           406252.128 um^2 (+0.00%)
[INFO GPL-0059] Movable instances area:     270363.804 um^2 (+0.00%)
[INFO GPL-0060] Total filler area:           56584.657 um^2 (-0.40%)
[INFO GPL-0061] Total non-inflated area:    270462.596 um^2 (+0.00%)
[INFO GPL-0062] Total inflated area:        270693.467 um^2 (+0.00%)
[INFO GPL-0063] New Target Density:             0.6655
[INFO GPL-0087] Routability end iteration: increase inflation and revert back to snapshot.
Iteration | Overflow |     HPWL (um) |  HPWL(%) |   Penalty | Group
---------------------------------------------------------------
     2070 |   0.5970 |  4.917349e+05 |   -7.55% |  8.76e-10 |      
     2080 |   0.5773 |  5.014783e+05 |   +1.98% |  1.29e-09 |      
     2090 |   0.5457 |  5.138743e+05 |   +2.47% |  1.90e-09 |      
     2100 |   0.5161 |  5.199894e+05 |   +1.19% |  2.79e-09 |      
     2110 |   0.4898 |  5.230219e+05 |   +0.58% |  4.11e-09 |      
     2120 |   0.4615 |  5.248580e+05 |   +0.35% |  6.06e-09 |      
     2130 |   0.4303 |  5.274741e+05 |   +0.50% |  8.93e-09 |      
     2140 |   0.3979 |  5.294087e+05 |   +0.37% |  1.31e-08 |      
     2150 |   0.3628 |  5.319501e+05 |   +0.48% |  1.94e-08 |      
     2160 |   0.3306 |  5.315665e+05 |   -0.07% |  2.85e-08 |      
[INFO GPL-0040] Routability iteration: 18
[INFO GPL-0041] Total routing overflow: 1.3207
[INFO GPL-0042] Number of overflowed tiles: 57 (0.66%)
[INFO GPL-0043] Average top 0.5% routing congestion: 1.0290
[INFO GPL-0044] Average top 1.0% routing congestion: 1.0120
[INFO GPL-0045] Average top 2.0% routing congestion: 0.9913
[INFO GPL-0046] Average top 5.0% routing congestion: 0.9539
[INFO GPL-0047] Routability iteration weighted routing congestion: 1.0205
[INFO GPL-0048] Routing congestion (1.0205) lower than previous minimum (1.027). Updating minimum.
[INFO GPL-0086] Inflated area:                 133.598 um^2 (+0.06%)
[INFO GPL-0052] Placement target density:       0.6655
[INFO GPL-0076] Removing fillers, count: Before: 4455, After: 4445 (-0.22%)
[INFO GPL-0077] Filler area (um^2)     : Before: 56584.657, After: 56457.643 (-0.22%)
[INFO GPL-0078] Removed fillers count: 10, area removed: 127.014 um^2. Remaining area to be compensated by modifying density: 6.584 um^2
[INFO GPL-0058] White space area:           406252.128 um^2 (+0.00%)
[INFO GPL-0059] Movable instances area:     270363.804 um^2 (+0.00%)
[INFO GPL-0060] Total filler area:           56457.643 um^2 (-0.22%)
[INFO GPL-0061] Total non-inflated area:    270469.180 um^2 (+0.00%)
[INFO GPL-0062] Total inflated area:        270602.778 um^2 (+0.00%)
[INFO GPL-0063] New Target Density:             0.6655
[INFO GPL-0087] Routability end iteration: increase inflation and revert back to snapshot.
Iteration | Overflow |     HPWL (um) |  HPWL(%) |   Penalty | Group
---------------------------------------------------------------
     2170 |   0.6134 |  4.854402e+05 |   -8.68% |  6.95e-10 |      
     2180 |   0.5924 |  4.929487e+05 |   +1.55% |  1.02e-09 |      
     2190 |   0.5627 |  5.087596e+05 |   +3.21% |  1.50e-09 |      
     2200 |   0.5339 |  5.163886e+05 |   +1.50% |  2.21e-09 |      
     2210 |   0.5036 |  5.222407e+05 |   +1.13% |  3.26e-09 |      
     2220 |   0.4795 |  5.240766e+05 |   +0.35% |  4.80e-09 |      
     2230 |   0.4483 |  5.256260e+05 |   +0.30% |  7.08e-09 |      
     2240 |   0.4176 |  5.286780e+05 |   +0.58% |  1.04e-08 |      
     2250 |   0.3849 |  5.306333e+05 |   +0.37% |  1.53e-08 |      
     2260 |   0.3503 |  5.317092e+05 |   +0.20% |  2.26e-08 |      
     2270 |   0.3153 |  5.321908e+05 |   +0.09% |  3.33e-08 |      
[INFO GPL-0040] Routability iteration: 19
[INFO GPL-0041] Total routing overflow: 1.5036
[INFO GPL-0042] Number of overflowed tiles: 65 (0.75%)
[INFO GPL-0043] Average top 0.5% routing congestion: 1.0326
[INFO GPL-0044] Average top 1.0% routing congestion: 1.0154
[INFO GPL-0045] Average top 2.0% routing congestion: 0.9937
[INFO GPL-0046] Average top 5.0% routing congestion: 0.9547
[INFO GPL-0047] Routability iteration weighted routing congestion: 1.0240
[INFO GPL-0049] Routing congestion (1.0240) higher than minimum (1.0205). Consecutive non-improvement count: 1.
[INFO GPL-0086] Inflated area:                 133.172 um^2 (+0.06%)
[INFO GPL-0052] Placement target density:       0.6655
[INFO GPL-0076] Removing fillers, count: Before: 4445, After: 4435 (-0.22%)
[INFO GPL-0077] Filler area (um^2)     : Before: 56457.643, After: 56330.629 (-0.22%)
[INFO GPL-0078] Removed fillers count: 10, area removed: 127.014 um^2. Remaining area to be compensated by modifying density: 6.158 um^2
[INFO GPL-0058] White space area:           406252.128 um^2 (+0.00%)
[INFO GPL-0059] Movable instances area:     270363.804 um^2 (+0.00%)
[INFO GPL-0060] Total filler area:           56330.629 um^2 (-0.22%)
[INFO GPL-0061] Total non-inflated area:    270475.339 um^2 (+0.00%)
[INFO GPL-0062] Total inflated area:        270608.511 um^2 (+0.00%)
[INFO GPL-0063] New Target Density:             0.6655
[INFO GPL-0087] Routability end iteration: increase inflation and revert back to snapshot.
Iteration | Overflow |     HPWL (um) |  HPWL(%) |   Penalty | Group
---------------------------------------------------------------
     2280 |   0.6012 |  4.915143e+05 |   -7.64% |  8.11e-10 |      
     2290 |   0.5832 |  4.981361e+05 |   +1.35% |  1.19e-09 |      
     2300 |   0.5502 |  5.131220e+05 |   +3.01% |  1.76e-09 |      
     2310 |   0.5227 |  5.192274e+05 |   +1.19% |  2.59e-09 |      
     2320 |   0.4950 |  5.231815e+05 |   +0.76% |  3.81e-09 |      
     2330 |   0.4676 |  5.250434e+05 |   +0.36% |  5.61e-09 |      
     2340 |   0.4355 |  5.271382e+05 |   +0.40% |  8.26e-09 |      
     2350 |   0.4049 |  5.294205e+05 |   +0.43% |  1.22e-08 |      
     2360 |   0.3707 |  5.319733e+05 |   +0.48% |  1.79e-08 |      
     2370 |   0.3375 |  5.319287e+05 |   -0.01% |  2.64e-08 |      
     2380 |   0.3010 |  5.326890e+05 |   +0.14% |  3.89e-08 |      
[INFO GPL-0040] Routability iteration: 20
[INFO GPL-0041] Total routing overflow: 1.4228
[INFO GPL-0042] Number of overflowed tiles: 52 (0.60%)
[INFO GPL-0043] Average top 0.5% routing congestion: 1.0318
[INFO GPL-0044] Average top 1.0% routing congestion: 1.0132
[INFO GPL-0045] Average top 2.0% routing congestion: 0.9924
[INFO GPL-0046] Average top 5.0% routing congestion: 0.9531
[INFO GPL-0047] Routability iteration weighted routing congestion: 1.0225
[INFO GPL-0049] Routing congestion (1.0225) higher than minimum (1.0205). Consecutive non-improvement count: 2.
[INFO GPL-0086] Inflated area:                 150.916 um^2 (+0.07%)
[INFO GPL-0052] Placement target density:       0.6655
[INFO GPL-0076] Removing fillers, count: Before: 4435, After: 4424 (-0.25%)
[INFO GPL-0077] Filler area (um^2)     : Before: 56330.629, After: 56190.914 (-0.25%)
[INFO GPL-0078] Removed fillers count: 11, area removed: 139.715 um^2. Remaining area to be compensated by modifying density: 11.201 um^2
[INFO GPL-0058] White space area:           406252.128 um^2 (+0.00%)
[INFO GPL-0059] Movable instances area:     270363.804 um^2 (+0.00%)
[INFO GPL-0060] Total filler area:           56190.914 um^2 (-0.25%)
[INFO GPL-0061] Total non-inflated area:    270486.540 um^2 (+0.00%)
[INFO GPL-0062] Total inflated area:        270637.456 um^2 (+0.00%)
[INFO GPL-0063] New Target Density:             0.6655
[INFO GPL-0087] Routability end iteration: increase inflation and revert back to snapshot.
Iteration | Overflow |     HPWL (um) |  HPWL(%) |   Penalty | Group
---------------------------------------------------------------
     2390 |   0.5954 |  4.923485e+05 |   -7.57% |  9.46e-10 |      
     2400 |   0.5692 |  5.057840e+05 |   +2.73% |  1.39e-09 |      
     2410 |   0.5402 |  5.157052e+05 |   +1.96% |  2.05e-09 |      
     2420 |   0.5103 |  5.217998e+05 |   +1.18% |  3.02e-09 |      
     2430 |   0.4835 |  5.241552e+05 |   +0.45% |  4.45e-09 |      
     2440 |   0.4543 |  5.256642e+05 |   +0.29% |  6.55e-09 |      
     2450 |   0.4235 |  5.286010e+05 |   +0.56% |  9.64e-09 |      
     2460 |   0.3919 |  5.306429e+05 |   +0.39% |  1.42e-08 |      
     2470 |   0.3549 |  5.324974e+05 |   +0.35% |  2.09e-08 |      
     2480 |   0.3242 |  5.325304e+05 |   +0.01% |  3.08e-08 |      
[INFO GPL-0040] Routability iteration: 21
[INFO GPL-0041] Total routing overflow: 1.4193
[INFO GPL-0042] Number of overflowed tiles: 55 (0.64%)
[INFO GPL-0043] Average top 0.5% routing congestion: 1.0317
[INFO GPL-0044] Average top 1.0% routing congestion: 1.0130
[INFO GPL-0045] Average top 2.0% routing congestion: 0.9925
[INFO GPL-0046] Average top 5.0% routing congestion: 0.9527
[INFO GPL-0047] Routability iteration weighted routing congestion: 1.0224
[INFO GPL-0049] Routing congestion (1.0224) higher than minimum (1.0205). Consecutive non-improvement count: 3.
[INFO GPL-0086] Inflated area:                 151.091 um^2 (+0.07%)
[INFO GPL-0052] Placement target density:       0.6655
[INFO GPL-0076] Removing fillers, count: Before: 4424, After: 4413 (-0.25%)
[INFO GPL-0077] Filler area (um^2)     : Before: 56190.914, After: 56051.199 (-0.25%)
[INFO GPL-0078] Removed fillers count: 11, area removed: 139.715 um^2. Remaining area to be compensated by modifying density: 11.376 um^2
[INFO GPL-0054] No improvement in routing congestion for 3 consecutive iterations (limit is 3).
[INFO GPL-0055] Reverting inflation values and target density from the iteration with minimum observed routing congestion.
[INFO GPL-0056] Minimum observed routing congestion: 1.0205
[INFO GPL-0057] Target density at minimum routing congestion: 0.6655
[INFO GPL-0080] Restoring 42 previously removed fillers.
[INFO GPL-0081] Number of fillers before restoration 4413 and after 4455 . Relative change: +0.95%%
[INFO GPL-0082] Total filler area before restoration 56051.20 and after 56584.66 (um^2). Relative change: +0.95%%
[INFO GPL-0089] Routability finished. Reverting to minimal observed routing congestion, could not reach target.
Iteration | Overflow |     HPWL (um) |  HPWL(%) |   Penalty | Group
---------------------------------------------------------------
     2490 |   0.6063 |  4.882464e+05 |   -8.32% |  7.51e-10 |      
     2500 |   0.5880 |  4.944973e+05 |   +1.28% |  1.11e-09 |      
     2510 |   0.5549 |  5.106679e+05 |   +3.27% |  1.63e-09 |      
     2520 |   0.5281 |  5.170662e+05 |   +1.25% |  2.39e-09 |      
     2530 |   0.4984 |  5.221369e+05 |   +0.98% |  3.52e-09 |      
     2540 |   0.4731 |  5.240424e+05 |   +0.36% |  5.19e-09 |      
     2550 |   0.4418 |  5.258982e+05 |   +0.35% |  7.65e-09 |      
     2560 |   0.4103 |  5.286896e+05 |   +0.53% |  1.13e-08 |      
     2570 |   0.3796 |  5.309325e+05 |   +0.42% |  1.66e-08 |      
     2580 |   0.3441 |  5.312738e+05 |   +0.06% |  2.44e-08 |      
     2590 |   0.3084 |  5.320780e+05 |   +0.15% |  3.60e-08 |      
     2600 |   0.2734 |  5.325139e+05 |   +0.08% |  5.30e-08 |      
     2610 |   0.2387 |  5.347770e+05 |   +0.42% |  7.81e-08 |      
     2620 |   0.2078 |  5.363809e+05 |   +0.30% |  1.15e-07 |      
[INFO GPL-0100] Timing-driven iteration 2/2, virtual: false.
[INFO GPL-0101]    Iter: 2626, overflow: 0.193, keep resizer changes at: 1, HPWL: 537053992
Iteration |   Area    | Resized | Buffers | Nets repaired | Remaining
---------------------------------------------------------------------
        0 |     +0.0% |       0 |       0 |             0 |     18417
    final |     +0.0% |       0 |       1 |             1 |         0
---------------------------------------------------------------------
[INFO RSZ-0036] Found 1 capacitance violations.
[INFO RSZ-0038] Inserted 1 buffers in 1 nets.
   Iter   |    Area   | Removed | Inserted |   Pins
          |           | Buffers | Buffers  | Remaining
-------------------------------------------------------
        0 |     +0.0% |       0 |        0 |     14719
     1400 |     +0.2% |     362 |      397 |     13319
     2800 |     +0.0% |     447 |      468 |     11919
     4200 |     +0.0% |     563 |      583 |     10519
     5600 |     +0.1% |     610 |      645 |      9119
     7000 |     +0.2% |     744 |      798 |      7719
     8400 |     +0.2% |     779 |      832 |      6319
     9800 |     +0.2% |     999 |     1073 |      4919
    11200 |     +0.3% |    1151 |     1243 |      3519
    12600 |     +1.0% |    1706 |     1938 |      2119
    14000 |     +1.0% |    2991 |     3229 |       719
    final |     +1.1% |    3182 |     3436 |         0
-------------------------------------------------------
[INFO GPL-0106] Timing-driven: worst slack -2.9426854e-09
[INFO GPL-0107] Timing-driven: repair_design delta area: 544.682 um^2 (+0.25%)
[INFO GPL-0108] Timing-driven: repair_design, gpl delta gcells: 255 (+1.45%)
[INFO GPL-0109] Timing-driven: repair_design, gcells created: 3437, deleted: 3182
[INFO GPL-0110] Timing-driven: new target density: 0.6681195
Iteration | Overflow |     HPWL (um) |  HPWL(%) |   Penalty | Group
---------------------------------------------------------------
     2630 |   0.1825 |  5.783482e+05 |   +7.82% |  1.69e-07 |      
     2640 |   0.1541 |  5.709838e+05 |   -1.27% |  2.48e-07 |      
     2650 |   0.1337 |  5.690642e+05 |   -0.34% |  3.66e-07 |      
     2660 |   0.1138 |  5.681297e+05 |   -0.16% |  5.39e-07 |      
     2668 |   0.0998 |  5.673115e+05 |          |  7.64e-07 |      
---------------------------------------------------------------
[INFO GPL-1001] Global placement finished at iteration 2668
[INFO GPL-1017] Routability mode iteration count: 2291
[INFO GPL-1005] Routability final weighted congestion: 1.0575
[INFO GPL-1002] Placed Cell Area            214422.6216
[INFO GPL-1003] Available Free Area         406252.1280
[INFO GPL-1004] Minimum Feasible Density        0.4400 (cell_area / free_area)
[INFO GPL-1006]   Suggested Target Densities:
[INFO GPL-1007]     - For 90% usage of free space: 0.5865
[INFO GPL-1008]     - For 80% usage of free space: 0.6598
[INFO GPL-1011] Original area (um^2): 175263.52
[INFO GPL-1012] Total routability artificial inflation: 12001.89 (+6.85%)
[INFO GPL-1013] Total timing-driven delta area: 27157.21 (+15.50%)
[INFO GPL-1014] Final placement area: 214422.62 (+22.34%)
Took 22 seconds: global_placement -density 0.6 -pad_left 0 -pad_right 0 -routability_driven -timing_driven -force_center_initial_place -min_phi_coef 0.95 -max_phi_coef 1.05
estimate_parasitics -placement
Report metrics stage 3, global place...

==========================================================================
global place report_design_area
--------------------------------------------------------------------------
Design area 204356 um^2 49% utilization.
write_db ./results/sky130hd/chia_sha256_benchmark_corrupted/base/3_3_place_gp.odb
Log                       Ext     Elapsed/s Peak Memory/MB sha1sum result [0:20)
3_3_place_gp              .odb           24            414 0aa25405053866701edc
/root/OpenROAD-flow-scripts/flow/scripts/flow.sh 3_4_place_resized resize
Running resize.tcl, stage 3_4_place_resized
read_liberty /root/OpenROAD-flow-scripts/flow/platforms/sky130hd/lib/sky130_fd_sc_hd__tt_025C_1v80.lib
read_db ./results/sky130hd/chia_sha256_benchmark_corrupted/base/3_3_place_gp.odb
read_sdc ./results/sky130hd/chia_sha256_benchmark_corrupted/base/2_floorplan.sdc
source /root/OpenROAD-flow-scripts/flow/platforms/sky130hd/setRC.tcl
estimate_parasitics -placement
Perform buffer insertion and gate resizing...
repair_design -verbose -match_cell_footprint
Iteration |   Area    | Resized | Buffers | Nets repaired | Remaining
---------------------------------------------------------------------
        0 |     +0.0% |       0 |       0 |             0 |     18672
     1000 |     +0.0% |       0 |       0 |             0 |     17672
     2000 |     +0.0% |       0 |       0 |             0 |     16672
     3000 |     +0.0% |       0 |       0 |             0 |     15672
     4000 |     +0.0% |       0 |       0 |             0 |     14672
     5000 |     +0.0% |       0 |       0 |             0 |     13672
     6000 |     +0.0% |       0 |       0 |             0 |     12672
     7000 |     +0.0% |       0 |       0 |             0 |     11672
     8000 |     +0.0% |       0 |       0 |             0 |     10672
     9000 |     +0.0% |       0 |       0 |             0 |      9672
    10000 |     +0.0% |       0 |       0 |             0 |      8672
    11000 |     +0.0% |       0 |       0 |             0 |      7672
    12000 |     +0.0% |       0 |       0 |             0 |      6672
    13000 |     +0.0% |       0 |       0 |             0 |      5672
    14000 |     +0.0% |       0 |       0 |             0 |      4672
    15000 |     +0.0% |       0 |       0 |             0 |      3672
    16000 |     +0.0% |       0 |       0 |             0 |      2672
    17000 |     +0.0% |       0 |       0 |             0 |      1672
    18000 |     +0.0% |       0 |       0 |             0 |       672
    final |     +0.0% |       0 |       0 |             0 |         0
---------------------------------------------------------------------
[INFO RSZ-0504] Runtime: 0.73s
Floating nets: 
Report metrics stage 3, resizer...

==========================================================================
resizer report_design_area
--------------------------------------------------------------------------
Design area 204356 um^2 49% utilization.
Instance count before 23298, after 23298
Pin count before 65762, after 65762
write_db ./results/sky130hd/chia_sha256_benchmark_corrupted/base/3_4_place_resized.odb
Log                       Ext     Elapsed/s Peak Memory/MB sha1sum result [0:20)
3_4_place_resized         .odb            5            214 0aa25405053866701edc
/root/OpenROAD-flow-scripts/flow/scripts/flow.sh 3_5_place_dp detail_place
Running detail_place.tcl, stage 3_5_place_dp
read_liberty /root/OpenROAD-flow-scripts/flow/platforms/sky130hd/lib/sky130_fd_sc_hd__tt_025C_1v80.lib
read_db ./results/sky130hd/chia_sha256_benchmark_corrupted/base/3_4_place_resized.odb
read_sdc ./results/sky130hd/chia_sha256_benchmark_corrupted/base/2_floorplan.sdc
source /root/OpenROAD-flow-scripts/flow/platforms/sky130hd/setRC.tcl
detailed_placement
[INFO DPL-0006] Core area: 413101.20 um^2
[INFO DPL-0007] Movable instances area: 197506.92 um^2
[INFO DPL-0008] Fixed instances area within core: 6849.07 um^2
[INFO DPL-0009] Utilization: 49.5%
[INFO DPL-0005] Diamond search max displacement: +/- 500 sites horizontally, +/- 100 rows vertically.
[INFO DPL-1102] Legalizing using negotiation legalizer.
[INFO DPL-1103] Negotiation base search window: +/-20 sites horizontally, +/-5 rows vertically 
	Automatic search window extension enabled.
	Search window extendable up to the max displacement cap of +/-500 sites, +/-100 rows near walls.
[INFO DPL-1104] NegotiationLegalizer DRC penalty: 5.
[INFO DPL-0392] Negotiation cell height distribution (1 unique row-count(s)):
[INFO DPL-0393]   height 1 row(s): 23298 cells
          |      Total |  Illegal |  Illegal
Iteration | Violations |    Cells |    Sites
---------------------------------------------
        0 |       1867 |       437 |      1430
        1 |        119 |        27 |        92
        2 |         30 |         6 |        24
        3 |          0 |         0 |         0
Negotiation phase 1 converged at iteration 3.
[INFO DPL-0500] Runtime: 0.16s
Placement Analysis
---------------------------------
total displacement      57901.8 u
average displacement        2.5 u
max displacement           28.9 u
original HPWL          567735.5 u
legalized HPWL         617932.4 u
delta HPWL                    9 %

improve_placement -max_displacement "5 1"
Detailed placement improvement.
[INFO DPL-0401] Setting random seed to 1.
[INFO DPL-0402] Setting maximum displacement 5 1 to 13600 2720 units.
[INFO DPL-0320] Collected 6246 fixed cells.
[INFO DPL-0318] Collected 17824 single height cells.
[INFO DPL-0321] Collected 0 wide cells.
[INFO DPL-0322] Image (1380, 2720) - (644920, 644640)
[INFO DPL-0310] Assigned 17824 cells into segments.  Movement in X-direction is 0.000000, movement in Y-direction is 0.000000.
[INFO DPL-0313] Found 0 cells in wrong regions.
[INFO DPL-0315] Found 0 row alignment problems.
[INFO DPL-0314] Found 0 site alignment problems.
[INFO DPL-0311] Found 0 overlaps between adjacent cells.
[INFO DPL-0312] Found 0 edge spacing violations and 0 padding violations.
[INFO DPL-0303] Running algorithm for independent set matching.
[INFO DPL-0300] Set matching objective is wirelength.
[INFO DPL-0301] Pass   1 of matching; objective is 6.178718e+08.
[INFO DPL-0302] End of matching; objective is 6.174467e+08, improvement is 0.07 percent.
[INFO DPL-0303] Running algorithm for global swaps.
[INFO DPL-0306] Pass   1 of global swaps; hpwl is 6.101542e+08.
[INFO DPL-0306] Pass   2 of global swaps; hpwl is 6.088894e+08.
[INFO DPL-0307] End of global swaps; objective is 6.088894e+08, improvement is 1.39 percent.
[INFO DPL-0303] Running algorithm for vertical swaps.
[INFO DPL-0308] Pass   1 of vertical swaps; hpwl is 6.068823e+08.
[INFO DPL-0309] End of vertical swaps; objective is 6.068823e+08, improvement is 0.33 percent.
[INFO DPL-0303] Running algorithm for reordering.
[INFO DPL-0304] Pass   1 of reordering; objective is 6.064270e+08.
[INFO DPL-0305] End of reordering; objective is 6.064270e+08, improvement is 0.08 percent.
[INFO DPL-0303] Running algorithm for random improvement.
[INFO DPL-0324] Random improver is using random generator.
[INFO DPL-0325] Random improver is using hpwl objective.
[INFO DPL-0326] Random improver cost string is (a).
[INFO DPL-0332] End of pass, Generator random called 356480 times.
[INFO DPL-0335] Generator random, Cumulative attempts 356480, swaps 50924, moves 83382 since last reset.
[INFO DPL-0333] End of pass, Objective hpwl, Initial cost 5.979056e+08, Scratch cost 5.921338e+08, Incremental cost 5.921338e+08, Mismatch? N
[INFO DPL-0338] End of pass, Total cost is 5.921338e+08.
[INFO DPL-0327] Pass   1 of random improver; improvement in cost is 0.97 percent.
[INFO DPL-0328] End of random improver; improvement is 0.965333 percent.
[INFO DPL-0380] Cell flipping.
[INFO DPL-0382] Changed 0 cell orientations for row compatibility.
[INFO DPL-0383] Performed 4897 cell flips.
[INFO DPL-0384] End of flipping; objective is 5.909526e+08, improvement is 1.62 percent.
[INFO DPL-0313] Found 0 cells in wrong regions.
[INFO DPL-0315] Found 0 row alignment problems.
[INFO DPL-0314] Found 0 site alignment problems.
[INFO DPL-0311] Found 0 overlaps between adjacent cells.
[INFO DPL-0312] Found 0 edge spacing violations and 0 padding violations.
Detailed Improvement Results
------------------------------------------
Original HPWL           617932.4 u (  264589.5,   353342.9)
Final HPWL              591178.9 u (  254033.4,   337145.5)
Delta HPWL                  -4.3 % (      -4.0,       -4.6)

optimize_mirroring
[INFO DPL-0020] Mirrored 963 instances
[INFO DPL-0021] HPWL before          591178.9 u
[INFO DPL-0022] HPWL after           590866.7 u
[INFO DPL-0023] HPWL delta               -0.1 %
[INFO FLW-0012] Placement violations .
estimate_parasitics -placement
Report metrics stage 3, detailed place...

==========================================================================
detailed place report_design_area
--------------------------------------------------------------------------
Design area 204356 um^2 49% utilization.
write_db ./results/sky130hd/chia_sha256_benchmark_corrupted/base/3_5_place_dp.odb
write_sdc -no_timestamp ./results/sky130hd/chia_sha256_benchmark_corrupted/base/3_place.sdc
Log                       Ext     Elapsed/s Peak Memory/MB sha1sum result [0:20)
3_5_place_dp              .odb            6            248 3f88cc7ae3cc615e551b
cp ./results/sky130hd/chia_sha256_benchmark_corrupted/base/3_5_place_dp.odb ./results/sky130hd/chia_sha256_benchmark_corrupted/base/3_place.odb
make: Leaving directory '/root/OpenROAD-flow-scripts/flow'

STDERR:
bash: /opt/miniconda/lib/libtinfo.so.6: no version information available (required by bash)
bash: /opt/miniconda/lib/libtinfo.so.6: no version information available (required by bash)
bash: /opt/miniconda/lib/libtinfo.so.6: no version information available (required by bash)
bash: /opt/miniconda/lib/libtinfo.so.6: no version information available (required by bash)
bash: /opt/miniconda/lib/libtinfo.so.6: no version information available (required by bash)
bash: /opt/miniconda/lib/libtinfo.so.6: no version information available (required by bash)
bash: /opt/miniconda/lib/libtinfo.so.6: no version information available (required by bash)
bash: /opt/miniconda/lib/libtinfo.so.6: no version information available (required by bash)
bash: /opt/miniconda/lib/libtinfo.so.6: no version information available (required by bash)
bash: /opt/miniconda/lib/libtinfo.so.6: no version information available (required by bash)
bash: /opt/miniconda/lib/libtinfo.so.6: no version information available (required by bash)
bash: /opt/miniconda/lib/libtinfo.so.6: no version information available (required by bash)
bash: /opt/miniconda/lib/libtinfo.so.6: no version information available (required by bash)
bash: /opt/miniconda/lib/libtinfo.so.6: no version information available (required by bash)
bash: /opt/miniconda/lib/libtinfo.so.6: no version information available (required by bash)
bash: /opt/miniconda/lib/libtinfo.so.6: no version information available (required by bash)
bash: /opt/miniconda/lib/libtinfo.so.6: no version information available (required by bash)
bash: /opt/miniconda/lib/libtinfo.so.6: no version information available (required by bash)
bash: /opt/miniconda/lib/libtinfo.so.6: no version information available (required by bash)
bash: /opt/miniconda/lib/libtinfo.so.6: no version information available (required by bash)
bash: /opt/miniconda/lib/libtinfo.so.6: no version information available (required by bash)
bash: /opt/miniconda/lib/libtinfo.so.6: no version information available (required by bash)
bash: /opt/miniconda/lib/libtinfo.so.6: no version information available (required by bash)
bash: /opt/miniconda/lib/libtinfo.so.6: no version information available (required by bash)
Elapsed time: 0:02.10[h:]min:sec. CPU time: user 2.03 sys 0.06 (99%). Peak memory: 180472KB.
bash: /opt/miniconda/lib/libtinfo.so.6: no version information available (required by bash)
bash: /opt/miniconda/lib/libtinfo.so.6: no version information available (required by bash)
bash: /opt/miniconda/lib/libtinfo.so.6: no version information available (required by bash)
bash: /opt/miniconda/lib/libtinfo.so.6: no version information available (required by bash)
bash: /opt/miniconda/lib/libtinfo.so.6: no version information available (required by bash)
bash: /opt/miniconda/lib/libtinfo.so.6: no version information available (required by bash)
bash: /opt/miniconda/lib/libtinfo.so.6: no version information available (required by bash)
bash: /opt/miniconda/lib/libtinfo.so.6: no version information available (required by bash)
bash: /opt/miniconda/lib/libtinfo.so.6: no version information available (required by bash)
bash: /opt/miniconda/lib/libtinfo.so.6: no version information available (required by bash)
bash: /opt/miniconda/lib/libtinfo.so.6: no version information available (required by bash)
bash: /opt/miniconda/lib/libtinfo.so.6: no version information available (required by bash)
bash: /opt/miniconda/lib/libtinfo.so.6: no version information available (required by bash)
bash: /opt/miniconda/lib/libtinfo.so.6: no version information available (required by bash)
Elapsed time: 0:00.39[h:]min:sec. CPU time: user 0.33 sys 0.05 (97%). Peak memory: 160444KB.
bash: /opt/miniconda/lib/libtinfo.so.6: no version information available (required by bash)
bash: /opt/miniconda/lib/libtinfo.so.6: no version information available (required by bash)
bash: /opt/miniconda/lib/libtinfo.so.6: no version information available (required by bash)
bash: /opt/miniconda/lib/libtinfo.so.6: no version information available (required by bash)
bash: /opt/miniconda/lib/libtinfo.so.6: no version information available (required by bash)
bash: /opt/miniconda/lib/libtinfo.so.6: no version information available (required by bash)
bash: /opt/miniconda/lib/libtinfo.so.6: no version information available (required by bash)
bash: /opt/miniconda/lib/libtinfo.so.6: no version information available (required by bash)
bash: /opt/miniconda/lib/libtinfo.so.6: no version information available (required by bash)
bash: /opt/miniconda/lib/libtinfo.so.6: no version information available (required by bash)
bash: /opt/miniconda/lib/libtinfo.so.6: no version information available (required by bash)
bash: /opt/miniconda/lib/libtinfo.so.6: no version information available (required by bash)
bash: /opt/miniconda/lib/libtinfo.so.6: no version information available (required by bash)
bash: /opt/miniconda/lib/libtinfo.so.6: no version information available (required by bash)
Elapsed time: 0:24.82[h:]min:sec. CPU time: user 24.56 sys 0.22 (99%). Peak memory: 424332KB.
bash: /opt/miniconda/lib/libtinfo.so.6: no version information available (required by bash)
bash: /opt/miniconda/lib/libtinfo.so.6: no version information available (required by bash)
bash: /opt/miniconda/lib/libtinfo.so.6: no version information available (required by bash)
bash: /opt/miniconda/lib/libtinfo.so.6: no version information available (required by bash)
bash: /opt/miniconda/lib/libtinfo.so.6: no version information available (required by bash)
bash: /opt/miniconda/lib/libtinfo.so.6: no version information available (required by bash)
bash: /opt/miniconda/lib/libtinfo.so.6: no version information available (required by bash)
bash: /opt/miniconda/lib/libtinfo.so.6: no version information available (required by bash)
bash: /opt/miniconda/lib/libtinfo.so.6: no version information available (required by bash)
bash: /opt/miniconda/lib/libtinfo.so.6: no version information available (required by bash)
bash: /opt/miniconda/lib/libtinfo.so.6: no version information available (required by bash)
bash: /opt/miniconda/lib/libtinfo.so.6: no version information available (required by bash)
bash: /opt/miniconda/lib/libtinfo.so.6: no version information available (required by bash)
bash: /opt/miniconda/lib/libtinfo.so.6: no version information available (required by bash)
Elapsed time: 0:05.14[h:]min:sec. CPU time: user 5.04 sys 0.10 (99%). Peak memory: 219240KB.
bash: /opt/miniconda/lib/libtinfo.so.6: no version information available (required by bash)
bash: /opt/miniconda/lib/libtinfo.so.6: no version information available (required by bash)
bash: /opt/miniconda/lib/libtinfo.so.6: no version information available (required by bash)
bash: /opt/miniconda/lib/libtinfo.so.6: no version information available (required by bash)
bash: /opt/miniconda/lib/libtinfo.so.6: no version information available (required by bash)
bash: /opt/miniconda/lib/libtinfo.so.6: no version information available (required by bash)
bash: /opt/miniconda/lib/libtinfo.so.6: no version information available (required by bash)
bash: /opt/miniconda/lib/libtinfo.so.6: no version information available (required by bash)
bash: /opt/miniconda/lib/libtinfo.so.6: no version information available (required by bash)
bash: /opt/miniconda/lib/libtinfo.so.6: no version information available (required by bash)
bash: /opt/miniconda/lib/libtinfo.so.6: no version information available (required by bash)
bash: /opt/miniconda/lib/libtinfo.so.6: no version information available (required by bash)
bash: /opt/miniconda/lib/libtinfo.so.6: no version information available (required by bash)
bash: /opt/miniconda/lib/libtinfo.so.6: no version information available (required by bash)
Elapsed time: 0:06.25[h:]min:sec. CPU time: user 6.17 sys 0.08 (99%). Peak memory: 254752KB.
bash: /opt/miniconda/lib/libtinfo.so.6: no version information available (required by bash)
bash: /opt/miniconda/lib/libtinfo.so.6: no version information available (required by bash)
bash: /opt/miniconda/lib/libtinfo.so.6: no version information available (required by bash)
bash: /opt/miniconda/lib/libtinfo.so.6: no version information available (required by bash)
bash: /opt/miniconda/lib/libtinfo.so.6: no version information available (required by bash)
bash: /opt/miniconda/lib/libtinfo.so.6: no version information available (required by bash)
bash: /opt/miniconda/lib/libtinfo.so.6: no version information available (required by bash)
bash: /opt/miniconda/lib/libtinfo.so.6: no version information available (required by bash)
bash: /opt/miniconda/lib/libtinfo.so.6: no version information available (required by bash)
bash: /opt/miniconda/lib/libtinfo.so.6: no version information available (required by bash)
bash: /opt/miniconda/lib/libtinfo.so.6: no version information available (required by bash)
bash: /opt/miniconda/lib/libtinfo.so.6: no version information available (required by bash)
bash: /opt/miniconda/lib/libtinfo.so.6: no version information available (required by bash)
