
==========================================================================
detailed place report_tns
--------------------------------------------------------------------------
tns max -0.95

==========================================================================
detailed place report_wns
--------------------------------------------------------------------------
wns max -0.14

==========================================================================
detailed place report_worst_slack
--------------------------------------------------------------------------
worst slack max -0.14

==========================================================================
detailed place report_clock_min_period
--------------------------------------------------------------------------
core_clock period_min = 12.78 fmax = 78.25
vclk period_min = 0.00 fmax = inf

==========================================================================
detailed place report_checks -path_delay min
--------------------------------------------------------------------------
Startpoint: rst_n (input port clocked by vclk)
Endpoint: W[946]$_DFFE_PN0P_
          (removal check against rising-edge clock core_clock)
Path Group: asynchronous
Path Type: min

Fanout     Cap    Slew   Delay    Time   Description
-----------------------------------------------------------------------------
                  0.00    0.00    0.00   clock vclk (rise edge)
                          0.00    0.00   clock network delay (ideal)
                          2.53    2.53 ^ input external delay
     1    0.02    0.00    0.00    2.53 ^ rst_n (in)
                                         rst_n (net)
                  0.00    0.00    2.53 ^ input514/A (sky130_fd_sc_hd__buf_16)
   124    0.64    0.66    0.45    2.98 ^ input514/X (sky130_fd_sc_hd__buf_16)
                                         net513 (net)
                  0.66    0.01    2.99 ^ W[946]$_DFFE_PN0P_/RESET_B (sky130_fd_sc_hd__dfrtp_1)
                                  2.99   data arrival time

                  0.00    0.00    0.00   clock core_clock (rise edge)
                          0.00    0.00   clock network delay (ideal)
                          0.00    0.00   clock reconvergence pessimism
                                  0.00 ^ W[946]$_DFFE_PN0P_/CLK (sky130_fd_sc_hd__dfrtp_1)
                          0.47    0.47   library removal time
                                  0.47   data required time
-----------------------------------------------------------------------------
                                  0.47   data required time
                                 -2.99   data arrival time
-----------------------------------------------------------------------------
                                  2.51   slack (MET)


Startpoint: digest[130]$_DFFE_PN0P_
            (rising edge-triggered flip-flop clocked by core_clock)
Endpoint: digest[130]$_DFFE_PN0P_
          (rising edge-triggered flip-flop clocked by core_clock)
Path Group: core_clock
Path Type: min

Fanout     Cap    Slew   Delay    Time   Description
-----------------------------------------------------------------------------
                  0.00    0.00    0.00   clock core_clock (rise edge)
                          0.00    0.00   clock network delay (ideal)
                  0.00    0.00    0.00 ^ digest[130]$_DFFE_PN0P_/CLK (sky130_fd_sc_hd__dfrtp_1)
     2    0.01    0.07    0.32    0.32 ^ digest[130]$_DFFE_PN0P_/Q (sky130_fd_sc_hd__dfrtp_1)
                                         net549 (net)
                  0.07    0.00    0.32 ^ _18547_/A (sky130_fd_sc_hd__nand2_1)
     1    0.00    0.03    0.05    0.37 v _18547_/Y (sky130_fd_sc_hd__nand2_1)
                                         _04771_ (net)
                  0.03    0.00    0.37 v _18548_/B (sky130_fd_sc_hd__nand2_1)
     1    0.00    0.04    0.06    0.42 ^ _18548_/Y (sky130_fd_sc_hd__nand2_1)
                                         _00892_ (net)
                  0.04    0.00    0.42 ^ digest[130]$_DFFE_PN0P_/D (sky130_fd_sc_hd__dfrtp_1)
                                  0.42   data arrival time

                  0.00    0.00    0.00   clock core_clock (rise edge)
                          0.00    0.00   clock network delay (ideal)
                          0.00    0.00   clock reconvergence pessimism
                                  0.00 ^ digest[130]$_DFFE_PN0P_/CLK (sky130_fd_sc_hd__dfrtp_1)
                         -0.04   -0.04   library hold time
                                 -0.04   data required time
-----------------------------------------------------------------------------
                                 -0.04   data required time
                                 -0.42   data arrival time
-----------------------------------------------------------------------------
                                  0.46   slack (MET)


Startpoint: digest[20]$_DFFE_PN0P_
            (rising edge-triggered flip-flop clocked by core_clock)
Endpoint: digest[20] (output port clocked by vclk)
Path Group: vclk
Path Type: min

Fanout     Cap    Slew   Delay    Time   Description
-----------------------------------------------------------------------------
                  0.00    0.00    0.00   clock core_clock (rise edge)
                          0.00    0.00   clock network delay (ideal)
                  0.00    0.00    0.00 ^ digest[20]$_DFFE_PN0P_/CLK (sky130_fd_sc_hd__dfrtp_1)
     2    0.01    0.05    0.35    0.35 v digest[20]$_DFFE_PN0P_/Q (sky130_fd_sc_hd__dfrtp_1)
                                         net637 (net)
                  0.05    0.00    0.35 v output638/A (sky130_fd_sc_hd__clkdlybuf4s50_1)
     1    0.00    0.03    0.39    0.74 v output638/X (sky130_fd_sc_hd__clkdlybuf4s50_1)
                                         digest[20] (net)
                  0.03    0.00    0.74 v digest[20] (out)
                                  0.74   data arrival time

                  0.00    0.00    0.00   clock vclk (rise edge)
                          0.00    0.00   clock network delay (ideal)
                          0.00    0.00   clock reconvergence pessimism
                         -2.53   -2.53   output external delay
                                 -2.53   data required time
-----------------------------------------------------------------------------
                                 -2.53   data required time
                                 -0.74   data arrival time
-----------------------------------------------------------------------------
                                  3.27   slack (MET)



==========================================================================
detailed place report_checks -path_delay max
--------------------------------------------------------------------------
Startpoint: rst_n (input port clocked by vclk)
Endpoint: digest[0]$_DFFE_PN0P_
          (recovery check against rising-edge clock core_clock)
Path Group: asynchronous
Path Type: max

Fanout     Cap    Slew   Delay    Time   Description
-----------------------------------------------------------------------------
                  0.00    0.00    0.00   clock vclk (rise edge)
                          0.00    0.00   clock network delay (ideal)
                          2.53    2.53 ^ input external delay
     1    0.02    0.00    0.00    2.53 ^ rst_n (in)
                                         rst_n (net)
                  0.00    0.00    2.53 ^ input514/A (sky130_fd_sc_hd__buf_16)
   124    0.64    0.66    0.45    2.98 ^ input514/X (sky130_fd_sc_hd__buf_16)
                                         net513 (net)
                  0.67    0.07    3.05 ^ place3872/A (sky130_fd_sc_hd__buf_12)
   139    0.70    0.77    0.64    3.69 ^ place3872/X (sky130_fd_sc_hd__buf_12)
                                         net3871 (net)
                  0.79    0.10    3.79 ^ place3871/A (sky130_fd_sc_hd__buf_12)
   139    0.70    0.77    0.68    4.48 ^ place3871/X (sky130_fd_sc_hd__buf_12)
                                         net3870 (net)
                  0.78    0.07    4.55 ^ place3870/A (sky130_fd_sc_hd__buf_4)
    72    0.36    0.95    0.88    5.43 ^ place3870/X (sky130_fd_sc_hd__buf_4)
                                         net3869 (net)
                  0.95    0.02    5.45 ^ digest[0]$_DFFE_PN0P_/RESET_B (sky130_fd_sc_hd__dfrtp_1)
                                  5.45   data arrival time

                  0.00   12.64   12.64   clock core_clock (rise edge)
                          0.00   12.64   clock network delay (ideal)
                          0.00   12.64   clock reconvergence pessimism
                                 12.64 ^ digest[0]$_DFFE_PN0P_/CLK (sky130_fd_sc_hd__dfrtp_1)
                         -0.03   12.61   library recovery time
                                 12.61   data required time
-----------------------------------------------------------------------------
                                 12.61   data required time
                                 -5.45   data arrival time
-----------------------------------------------------------------------------
                                  7.16   slack (MET)


Startpoint: round[1]$_DFFE_PN0P_
            (rising edge-triggered flip-flop clocked by core_clock)
Endpoint: digest[252]$_DFFE_PN0P_
          (rising edge-triggered flip-flop clocked by core_clock)
Path Group: core_clock
Path Type: max

Fanout     Cap    Slew   Delay    Time   Description
-----------------------------------------------------------------------------
                  0.00    0.00    0.00   clock core_clock (rise edge)
                          0.00    0.00   clock network delay (ideal)
                  0.00    0.00    0.00 ^ round[1]$_DFFE_PN0P_/CLK (sky130_fd_sc_hd__dfrtp_4)
     3    0.02    0.09    0.42    0.42 ^ round[1]$_DFFE_PN0P_/Q (sky130_fd_sc_hd__dfrtp_4)
                                         round[1] (net)
                  0.09    0.00    0.42 ^ _12950_/A (sky130_fd_sc_hd__clkinv_4)
     2    0.01    0.04    0.06    0.49 v _12950_/Y (sky130_fd_sc_hd__clkinv_4)
                                         _09067_ (net)
                  0.04    0.00    0.49 v _25435_/B (sky130_fd_sc_hd__ha_4)
     2    0.02    0.07    0.29    0.78 ^ _25435_/SUM (sky130_fd_sc_hd__ha_4)
                                         _00451_ (net)
                  0.07    0.00    0.78 ^ rebuffer3884/A (sky130_fd_sc_hd__buf_12)
     4    0.08    0.10    0.15    0.93 ^ rebuffer3884/X (sky130_fd_sc_hd__buf_12)
                                         net3883 (net)
                  0.10    0.02    0.94 ^ place3420/A (sky130_fd_sc_hd__buf_16)
    13    0.11    0.12    0.18    1.12 ^ place3420/X (sky130_fd_sc_hd__buf_16)
                                         net3419 (net)
                  0.12    0.00    1.13 ^ place3419/A (sky130_fd_sc_hd__buf_12)
    15    0.09    0.11    0.17    1.30 ^ place3419/X (sky130_fd_sc_hd__buf_12)
                                         net3418 (net)
                  0.11    0.00    1.31 ^ _24798_/S1 (sky130_fd_sc_hd__mux4_2)
     1    0.00    0.09    0.31    1.61 v _24798_/X (sky130_fd_sc_hd__mux4_2)
                                         _08770_ (net)
                  0.09    0.00    1.61 v _24799_/A3 (sky130_fd_sc_hd__mux4_2)
     1    0.05    0.19    0.64    2.25 v _24799_/X (sky130_fd_sc_hd__mux4_2)
                                         _08771_ (net)
                  0.19    0.01    2.26 v _24800_/A3 (sky130_fd_sc_hd__mux4_2)
     2    0.03    0.17    0.64    2.90 v _24800_/X (sky130_fd_sc_hd__mux4_2)
                                         _08772_ (net)
                  0.17    0.00    2.91 v place3059/A (sky130_fd_sc_hd__buf_4)
     2    0.02    0.05    0.21    3.12 v place3059/X (sky130_fd_sc_hd__buf_4)
                                         net3058 (net)
                  0.05    0.00    3.12 v _24857_/B (sky130_fd_sc_hd__xnor2_4)
     1    0.02    0.21    0.20    3.32 ^ _24857_/Y (sky130_fd_sc_hd__xnor2_4)
                                         _08822_ (net)
                  0.21    0.00    3.32 ^ _24858_/B (sky130_fd_sc_hd__xnor2_2)
     1    0.01    0.20    0.16    3.48 ^ _24858_/Y (sky130_fd_sc_hd__xnor2_2)
                                         _00259_ (net)
                  0.20    0.00    3.48 ^ place2976/A (sky130_fd_sc_hd__buf_4)
     1    0.01    0.03    0.15    3.63 ^ place2976/X (sky130_fd_sc_hd__buf_4)
                                         net2975 (net)
                  0.03    0.00    3.63 ^ _25336_/CIN (sky130_fd_sc_hd__fa_1)
     1    0.01    0.10    0.43    4.07 v _25336_/SUM (sky130_fd_sc_hd__fa_1)
                                         _12825_ (net)
                  0.10    0.00    4.07 v _25367_/A (sky130_fd_sc_hd__fa_1)
     1    0.00    0.08    0.49    4.56 v _25367_/SUM (sky130_fd_sc_hd__fa_1)
                                         _12886_ (net)
                  0.08    0.00    4.56 v _25405_/A (sky130_fd_sc_hd__ha_1)
     2    0.01    0.08    0.33    4.89 v _25405_/SUM (sky130_fd_sc_hd__ha_1)
                                         _00393_ (net)
                  0.08    0.00    4.89 v _13116_/A (sky130_fd_sc_hd__inv_1)
     2    0.01    0.12    0.13    5.02 ^ _13116_/Y (sky130_fd_sc_hd__inv_1)
                                         _09232_ (net)
                  0.12    0.00    5.02 ^ _13119_/A2 (sky130_fd_sc_hd__o21bai_1)
     1    0.01    0.07    0.09    5.11 v _13119_/Y (sky130_fd_sc_hd__o21bai_1)
                                         _09235_ (net)
                  0.07    0.00    5.11 v _13120_/A1 (sky130_fd_sc_hd__a21oi_2)
     2    0.01    0.14    0.17    5.27 ^ _13120_/Y (sky130_fd_sc_hd__a21oi_2)
                                         _09236_ (net)
                  0.14    0.00    5.27 ^ _13121_/A1 (sky130_fd_sc_hd__o21bai_1)
     1    0.00    0.05    0.09    5.37 v _13121_/Y (sky130_fd_sc_hd__o21bai_1)
                                         _09237_ (net)
                  0.05    0.00    5.37 v _13122_/A1 (sky130_fd_sc_hd__a21o_1)
     2    0.01    0.07    0.19    5.56 v _13122_/X (sky130_fd_sc_hd__a21o_1)
                                         _09238_ (net)
                  0.07    0.00    5.56 v place2895/A (sky130_fd_sc_hd__buf_6)
     2    0.01    0.03    0.13    5.69 v place2895/X (sky130_fd_sc_hd__buf_6)
                                         net2894 (net)
                  0.03    0.00    5.69 v _14179_/A (sky130_fd_sc_hd__nand2_4)
     2    0.01    0.05    0.05    5.74 ^ _14179_/Y (sky130_fd_sc_hd__nand2_4)
                                         _10277_ (net)
                  0.05    0.00    5.74 ^ _14291_/B (sky130_fd_sc_hd__nand2b_1)
     1    0.01    0.06    0.06    5.80 v _14291_/Y (sky130_fd_sc_hd__nand2b_1)
                                         _10387_ (net)
                  0.06    0.00    5.80 v _14292_/A2 (sky130_fd_sc_hd__a21oi_2)
     1    0.01    0.14    0.18    5.98 ^ _14292_/Y (sky130_fd_sc_hd__a21oi_2)
                                         _10388_ (net)
                  0.14    0.00    5.98 ^ _14293_/B (sky130_fd_sc_hd__xnor2_2)
     1    0.01    0.07    0.10    6.08 v _14293_/Y (sky130_fd_sc_hd__xnor2_2)
                                         _10389_ (net)
                  0.07    0.00    6.08 v _14294_/A1 (sky130_fd_sc_hd__mux2i_4)
     2    0.02    0.22    0.21    6.28 ^ _14294_/Y (sky130_fd_sc_hd__mux2i_4)
                                         _10390_ (net)
                  0.22    0.00    6.28 ^ _14297_/A (sky130_fd_sc_hd__inv_2)
     1    0.03    0.10    0.12    6.41 v _14297_/Y (sky130_fd_sc_hd__inv_2)
                                         _00196_ (net)
                  0.10    0.00    6.41 v _25308_/CIN (sky130_fd_sc_hd__fa_1)
     1    0.01    0.08    0.52    6.93 ^ _25308_/SUM (sky130_fd_sc_hd__fa_1)
                                         _12769_ (net)
                  0.08    0.00    6.93 ^ _25280_/CIN (sky130_fd_sc_hd__fa_2)
     1    0.01    0.08    0.45    7.38 v _25280_/SUM (sky130_fd_sc_hd__fa_2)
                                         _12694_ (net)
                  0.08    0.00    7.38 v _25251_/A (sky130_fd_sc_hd__fa_1)
     1    0.01    0.12    0.60    7.98 ^ _25251_/SUM (sky130_fd_sc_hd__fa_1)
                                         _12697_ (net)
                  0.12    0.00    7.98 ^ _25527_/A (sky130_fd_sc_hd__ha_4)
     3    0.01    0.04    0.22    8.20 v _25527_/SUM (sky130_fd_sc_hd__ha_4)
                                         _00627_ (net)
                  0.04    0.00    8.20 v _15324_/A (sky130_fd_sc_hd__and4_4)
     2    0.01    0.04    0.15    8.35 v _15324_/X (sky130_fd_sc_hd__and4_4)
                                         _11369_ (net)
                  0.04    0.00    8.35 v _15328_/B2 (sky130_fd_sc_hd__a221oi_2)
     1    0.00    0.17    0.21    8.57 ^ _15328_/Y (sky130_fd_sc_hd__a221oi_2)
                                         _11373_ (net)
                  0.17    0.00    8.57 ^ _15329_/B1 (sky130_fd_sc_hd__o21ai_1)
     2    0.01    0.09    0.12    8.69 v _15329_/Y (sky130_fd_sc_hd__o21ai_1)
                                         _11374_ (net)
                  0.09    0.00    8.69 v _15330_/B (sky130_fd_sc_hd__nor2_1)
     2    0.01    0.14    0.14    8.83 ^ _15330_/Y (sky130_fd_sc_hd__nor2_1)
                                         _11375_ (net)
                  0.14    0.00    8.83 ^ _16533_/A (sky130_fd_sc_hd__nor2b_1)
     2    0.01    0.05    0.08    8.91 v _16533_/Y (sky130_fd_sc_hd__nor2b_1)
                                         _12490_ (net)
                  0.05    0.00    8.91 v _16534_/A1 (sky130_fd_sc_hd__o21a_1)
     1    0.00    0.04    0.18    9.09 v _16534_/X (sky130_fd_sc_hd__o21a_1)
                                         _12491_ (net)
                  0.04    0.00    9.09 v _16535_/A (sky130_fd_sc_hd__nor2_1)
     1    0.01    0.12    0.12    9.22 ^ _16535_/Y (sky130_fd_sc_hd__nor2_1)
                                         _12492_ (net)
                  0.12    0.00    9.22 ^ _16536_/A (sky130_fd_sc_hd__xnor2_1)
     1    0.00    0.13    0.13    9.35 ^ _16536_/Y (sky130_fd_sc_hd__xnor2_1)
                                         _00039_ (net)
                  0.13    0.00    9.35 ^ place2686/A (sky130_fd_sc_hd__buf_4)
     2    0.04    0.11    0.19    9.54 ^ place2686/X (sky130_fd_sc_hd__buf_4)
                                         net2685 (net)
                  0.11    0.00    9.54 ^ _25210_/B (sky130_fd_sc_hd__fa_1)
     1    0.00    0.08    0.43    9.97 v _25210_/SUM (sky130_fd_sc_hd__fa_1)
                                         _12582_ (net)
                  0.08    0.00    9.97 v _25406_/B (sky130_fd_sc_hd__ha_1)
     2    0.01    0.07    0.31   10.28 ^ _25406_/SUM (sky130_fd_sc_hd__ha_1)
                                         _00395_ (net)
                  0.07    0.00   10.28 ^ place2633/A (sky130_fd_sc_hd__buf_4)
     4    0.01    0.05    0.12   10.40 ^ place2633/X (sky130_fd_sc_hd__buf_4)
                                         net2632 (net)
                  0.05    0.00   10.41 ^ _17773_/B (sky130_fd_sc_hd__nand4_1)
     3    0.01    0.16    0.15   10.56 v _17773_/Y (sky130_fd_sc_hd__nand4_1)
                                         _04121_ (net)
                  0.16    0.00   10.56 v place2602/A (sky130_fd_sc_hd__buf_4)
     1    0.00    0.03    0.18   10.74 v place2602/X (sky130_fd_sc_hd__buf_4)
                                         net2601 (net)
                  0.03    0.00   10.74 v _17908_/A (sky130_fd_sc_hd__nor2_1)
     1    0.00    0.07    0.08   10.82 ^ _17908_/Y (sky130_fd_sc_hd__nor2_1)
                                         _04256_ (net)
                  0.07    0.00   10.82 ^ _17909_/B1 (sky130_fd_sc_hd__o21ai_0)
     1    0.01    0.13    0.12   10.94 v _17909_/Y (sky130_fd_sc_hd__o21ai_0)
                                         _04257_ (net)
                  0.13    0.00   10.94 v place2564/A (sky130_fd_sc_hd__buf_4)
     2    0.01    0.03    0.18   11.12 v place2564/X (sky130_fd_sc_hd__buf_4)
                                         net2563 (net)
                  0.03    0.00   11.12 v place2563/A (sky130_fd_sc_hd__buf_4)
     3    0.01    0.03    0.13   11.25 v place2563/X (sky130_fd_sc_hd__buf_4)
                                         net2562 (net)
                  0.03    0.00   11.25 v _17931_/A1 (sky130_fd_sc_hd__a211oi_1)
     1    0.01    0.28    0.26   11.51 ^ _17931_/Y (sky130_fd_sc_hd__a211oi_1)
                                         _04279_ (net)
                  0.28    0.00   11.51 ^ _17935_/C1 (sky130_fd_sc_hd__a211oi_2)
     2    0.01    0.10    0.09   11.60 v _17935_/Y (sky130_fd_sc_hd__a211oi_2)
                                         _04283_ (net)
                  0.10    0.00   11.60 v _17949_/A (sky130_fd_sc_hd__nor3_2)
     2    0.01    0.16    0.22   11.82 ^ _17949_/Y (sky130_fd_sc_hd__nor3_2)
                                         _04297_ (net)
                  0.16    0.00   11.82 ^ _17950_/A (sky130_fd_sc_hd__and2_4)
     3    0.02    0.07    0.20   12.02 ^ _17950_/X (sky130_fd_sc_hd__and2_4)
                                         _04298_ (net)
                  0.07    0.00   12.03 ^ _17959_/A2 (sky130_fd_sc_hd__a21oi_2)
     2    0.01    0.11    0.07   12.10 v _17959_/Y (sky130_fd_sc_hd__a21oi_2)
                                         _04307_ (net)
                  0.11    0.00   12.10 v _17964_/A2 (sky130_fd_sc_hd__o21ai_2)
     2    0.01    0.17    0.19   12.29 ^ _17964_/Y (sky130_fd_sc_hd__o21ai_2)
                                         _04312_ (net)
                  0.17    0.00   12.29 ^ place2446/A (sky130_fd_sc_hd__buf_4)
     1    0.01    0.03    0.14   12.43 ^ place2446/X (sky130_fd_sc_hd__buf_4)
                                         net2445 (net)
                  0.03    0.00   12.43 ^ _17996_/B (sky130_fd_sc_hd__xnor2_1)
     1    0.00    0.11    0.10   12.52 ^ _17996_/Y (sky130_fd_sc_hd__xnor2_1)
                                         _04342_ (net)
                  0.11    0.00   12.52 ^ _18000_/A2 (sky130_fd_sc_hd__o21ai_0)
     1    0.00    0.13    0.10   12.62 v _18000_/Y (sky130_fd_sc_hd__o21ai_0)
                                         _00770_ (net)
                  0.13    0.00   12.62 v digest[252]$_DFFE_PN0P_/D (sky130_fd_sc_hd__dfrtp_1)
                                 12.62   data arrival time

                  0.00   12.64   12.64   clock core_clock (rise edge)
                          0.00   12.64   clock network delay (ideal)
                          0.00   12.64   clock reconvergence pessimism
                                 12.64 ^ digest[252]$_DFFE_PN0P_/CLK (sky130_fd_sc_hd__dfrtp_1)
                         -0.16   12.48   library setup time
                                 12.48   data required time
-----------------------------------------------------------------------------
                                 12.48   data required time
                                -12.62   data arrival time
-----------------------------------------------------------------------------
                                 -0.14   slack (VIOLATED)


Startpoint: digest[253]$_DFFE_PN0P_
            (rising edge-triggered flip-flop clocked by core_clock)
Endpoint: digest[253] (output port clocked by vclk)
Path Group: vclk
Path Type: max

Fanout     Cap    Slew   Delay    Time   Description
-----------------------------------------------------------------------------
                  0.00    0.00    0.00   clock core_clock (rise edge)
                          0.00    0.00   clock network delay (ideal)
                  0.00    0.00    0.00 ^ digest[253]$_DFFE_PN0P_/CLK (sky130_fd_sc_hd__dfrtp_1)
     2    0.02    0.21    0.42    0.42 ^ digest[253]$_DFFE_PN0P_/Q (sky130_fd_sc_hd__dfrtp_1)
                                         net685 (net)
                  0.21    0.00    0.43 ^ output686/A (sky130_fd_sc_hd__clkdlybuf4s50_1)
     1    0.00    0.04    0.51    0.93 ^ output686/X (sky130_fd_sc_hd__clkdlybuf4s50_1)
                                         digest[253] (net)
                  0.04    0.00    0.93 ^ digest[253] (out)
                                  0.93   data arrival time

                  0.00   12.64   12.64   clock vclk (rise edge)
                          0.00   12.64   clock network delay (ideal)
                          0.00   12.64   clock reconvergence pessimism
                         -2.53   10.11   output external delay
                                 10.11   data required time
-----------------------------------------------------------------------------
                                 10.11   data required time
                                 -0.93   data arrival time
-----------------------------------------------------------------------------
                                  9.18   slack (MET)



==========================================================================
detailed place report_checks -unconstrained
--------------------------------------------------------------------------
Startpoint: rst_n (input port clocked by vclk)
Endpoint: digest[0]$_DFFE_PN0P_
          (recovery check against rising-edge clock core_clock)
Path Group: asynchronous
Path Type: max

Fanout     Cap    Slew   Delay    Time   Description
-----------------------------------------------------------------------------
                  0.00    0.00    0.00   clock vclk (rise edge)
                          0.00    0.00   clock network delay (ideal)
                          2.53    2.53 ^ input external delay
     1    0.02    0.00    0.00    2.53 ^ rst_n (in)
                                         rst_n (net)
                  0.00    0.00    2.53 ^ input514/A (sky130_fd_sc_hd__buf_16)
   124    0.64    0.66    0.45    2.98 ^ input514/X (sky130_fd_sc_hd__buf_16)
                                         net513 (net)
                  0.67    0.07    3.05 ^ place3872/A (sky130_fd_sc_hd__buf_12)
   139    0.70    0.77    0.64    3.69 ^ place3872/X (sky130_fd_sc_hd__buf_12)
                                         net3871 (net)
                  0.79    0.10    3.79 ^ place3871/A (sky130_fd_sc_hd__buf_12)
   139    0.70    0.77    0.68    4.48 ^ place3871/X (sky130_fd_sc_hd__buf_12)
                                         net3870 (net)
                  0.78    0.07    4.55 ^ place3870/A (sky130_fd_sc_hd__buf_4)
    72    0.36    0.95    0.88    5.43 ^ place3870/X (sky130_fd_sc_hd__buf_4)
                                         net3869 (net)
                  0.95    0.02    5.45 ^ digest[0]$_DFFE_PN0P_/RESET_B (sky130_fd_sc_hd__dfrtp_1)
                                  5.45   data arrival time

                  0.00   12.64   12.64   clock core_clock (rise edge)
                          0.00   12.64   clock network delay (ideal)
                          0.00   12.64   clock reconvergence pessimism
                                 12.64 ^ digest[0]$_DFFE_PN0P_/CLK (sky130_fd_sc_hd__dfrtp_1)
                         -0.03   12.61   library recovery time
                                 12.61   data required time
-----------------------------------------------------------------------------
                                 12.61   data required time
                                 -5.45   data arrival time
-----------------------------------------------------------------------------
                                  7.16   slack (MET)


Startpoint: round[1]$_DFFE_PN0P_
            (rising edge-triggered flip-flop clocked by core_clock)
Endpoint: digest[252]$_DFFE_PN0P_
          (rising edge-triggered flip-flop clocked by core_clock)
Path Group: core_clock
Path Type: max

Fanout     Cap    Slew   Delay    Time   Description
-----------------------------------------------------------------------------
                  0.00    0.00    0.00   clock core_clock (rise edge)
                          0.00    0.00   clock network delay (ideal)
                  0.00    0.00    0.00 ^ round[1]$_DFFE_PN0P_/CLK (sky130_fd_sc_hd__dfrtp_4)
     3    0.02    0.09    0.42    0.42 ^ round[1]$_DFFE_PN0P_/Q (sky130_fd_sc_hd__dfrtp_4)
                                         round[1] (net)
                  0.09    0.00    0.42 ^ _12950_/A (sky130_fd_sc_hd__clkinv_4)
     2    0.01    0.04    0.06    0.49 v _12950_/Y (sky130_fd_sc_hd__clkinv_4)
                                         _09067_ (net)
                  0.04    0.00    0.49 v _25435_/B (sky130_fd_sc_hd__ha_4)
     2    0.02    0.07    0.29    0.78 ^ _25435_/SUM (sky130_fd_sc_hd__ha_4)
                                         _00451_ (net)
                  0.07    0.00    0.78 ^ rebuffer3884/A (sky130_fd_sc_hd__buf_12)
     4    0.08    0.10    0.15    0.93 ^ rebuffer3884/X (sky130_fd_sc_hd__buf_12)
                                         net3883 (net)
                  0.10    0.02    0.94 ^ place3420/A (sky130_fd_sc_hd__buf_16)
    13    0.11    0.12    0.18    1.12 ^ place3420/X (sky130_fd_sc_hd__buf_16)
                                         net3419 (net)
                  0.12    0.00    1.13 ^ place3419/A (sky130_fd_sc_hd__buf_12)
    15    0.09    0.11    0.17    1.30 ^ place3419/X (sky130_fd_sc_hd__buf_12)
                                         net3418 (net)
                  0.11    0.00    1.31 ^ _24798_/S1 (sky130_fd_sc_hd__mux4_2)
     1    0.00    0.09    0.31    1.61 v _24798_/X (sky130_fd_sc_hd__mux4_2)
                                         _08770_ (net)
                  0.09    0.00    1.61 v _24799_/A3 (sky130_fd_sc_hd__mux4_2)
     1    0.05    0.19    0.64    2.25 v _24799_/X (sky130_fd_sc_hd__mux4_2)
                                         _08771_ (net)
                  0.19    0.01    2.26 v _24800_/A3 (sky130_fd_sc_hd__mux4_2)
     2    0.03    0.17    0.64    2.90 v _24800_/X (sky130_fd_sc_hd__mux4_2)
                                         _08772_ (net)
                  0.17    0.00    2.91 v place3059/A (sky130_fd_sc_hd__buf_4)
     2    0.02    0.05    0.21    3.12 v place3059/X (sky130_fd_sc_hd__buf_4)
                                         net3058 (net)
                  0.05    0.00    3.12 v _24857_/B (sky130_fd_sc_hd__xnor2_4)
     1    0.02    0.21    0.20    3.32 ^ _24857_/Y (sky130_fd_sc_hd__xnor2_4)
                                         _08822_ (net)
                  0.21    0.00    3.32 ^ _24858_/B (sky130_fd_sc_hd__xnor2_2)
     1    0.01    0.20    0.16    3.48 ^ _24858_/Y (sky130_fd_sc_hd__xnor2_2)
                                         _00259_ (net)
                  0.20    0.00    3.48 ^ place2976/A (sky130_fd_sc_hd__buf_4)
     1    0.01    0.03    0.15    3.63 ^ place2976/X (sky130_fd_sc_hd__buf_4)
                                         net2975 (net)
                  0.03    0.00    3.63 ^ _25336_/CIN (sky130_fd_sc_hd__fa_1)
     1    0.01    0.10    0.43    4.07 v _25336_/SUM (sky130_fd_sc_hd__fa_1)
                                         _12825_ (net)
                  0.10    0.00    4.07 v _25367_/A (sky130_fd_sc_hd__fa_1)
     1    0.00    0.08    0.49    4.56 v _25367_/SUM (sky130_fd_sc_hd__fa_1)
                                         _12886_ (net)
                  0.08    0.00    4.56 v _25405_/A (sky130_fd_sc_hd__ha_1)
     2    0.01    0.08    0.33    4.89 v _25405_/SUM (sky130_fd_sc_hd__ha_1)
                                         _00393_ (net)
                  0.08    0.00    4.89 v _13116_/A (sky130_fd_sc_hd__inv_1)
     2    0.01    0.12    0.13    5.02 ^ _13116_/Y (sky130_fd_sc_hd__inv_1)
                                         _09232_ (net)
                  0.12    0.00    5.02 ^ _13119_/A2 (sky130_fd_sc_hd__o21bai_1)
     1    0.01    0.07    0.09    5.11 v _13119_/Y (sky130_fd_sc_hd__o21bai_1)
                                         _09235_ (net)
                  0.07    0.00    5.11 v _13120_/A1 (sky130_fd_sc_hd__a21oi_2)
     2    0.01    0.14    0.17    5.27 ^ _13120_/Y (sky130_fd_sc_hd__a21oi_2)
                                         _09236_ (net)
                  0.14    0.00    5.27 ^ _13121_/A1 (sky130_fd_sc_hd__o21bai_1)
     1    0.00    0.05    0.09    5.37 v _13121_/Y (sky130_fd_sc_hd__o21bai_1)
                                         _09237_ (net)
                  0.05    0.00    5.37 v _13122_/A1 (sky130_fd_sc_hd__a21o_1)
     2    0.01    0.07    0.19    5.56 v _13122_/X (sky130_fd_sc_hd__a21o_1)
                                         _09238_ (net)
                  0.07    0.00    5.56 v place2895/A (sky130_fd_sc_hd__buf_6)
     2    0.01    0.03    0.13    5.69 v place2895/X (sky130_fd_sc_hd__buf_6)
                                         net2894 (net)
                  0.03    0.00    5.69 v _14179_/A (sky130_fd_sc_hd__nand2_4)
     2    0.01    0.05    0.05    5.74 ^ _14179_/Y (sky130_fd_sc_hd__nand2_4)
                                         _10277_ (net)
                  0.05    0.00    5.74 ^ _14291_/B (sky130_fd_sc_hd__nand2b_1)
     1    0.01    0.06    0.06    5.80 v _14291_/Y (sky130_fd_sc_hd__nand2b_1)
                                         _10387_ (net)
                  0.06    0.00    5.80 v _14292_/A2 (sky130_fd_sc_hd__a21oi_2)
     1    0.01    0.14    0.18    5.98 ^ _14292_/Y (sky130_fd_sc_hd__a21oi_2)
                                         _10388_ (net)
                  0.14    0.00    5.98 ^ _14293_/B (sky130_fd_sc_hd__xnor2_2)
     1    0.01    0.07    0.10    6.08 v _14293_/Y (sky130_fd_sc_hd__xnor2_2)
                                         _10389_ (net)
                  0.07    0.00    6.08 v _14294_/A1 (sky130_fd_sc_hd__mux2i_4)
     2    0.02    0.22    0.21    6.28 ^ _14294_/Y (sky130_fd_sc_hd__mux2i_4)
                                         _10390_ (net)
                  0.22    0.00    6.28 ^ _14297_/A (sky130_fd_sc_hd__inv_2)
     1    0.03    0.10    0.12    6.41 v _14297_/Y (sky130_fd_sc_hd__inv_2)
                                         _00196_ (net)
                  0.10    0.00    6.41 v _25308_/CIN (sky130_fd_sc_hd__fa_1)
     1    0.01    0.08    0.52    6.93 ^ _25308_/SUM (sky130_fd_sc_hd__fa_1)
                                         _12769_ (net)
                  0.08    0.00    6.93 ^ _25280_/CIN (sky130_fd_sc_hd__fa_2)
     1    0.01    0.08    0.45    7.38 v _25280_/SUM (sky130_fd_sc_hd__fa_2)
                                         _12694_ (net)
                  0.08    0.00    7.38 v _25251_/A (sky130_fd_sc_hd__fa_1)
     1    0.01    0.12    0.60    7.98 ^ _25251_/SUM (sky130_fd_sc_hd__fa_1)
                                         _12697_ (net)
                  0.12    0.00    7.98 ^ _25527_/A (sky130_fd_sc_hd__ha_4)
     3    0.01    0.04    0.22    8.20 v _25527_/SUM (sky130_fd_sc_hd__ha_4)
                                         _00627_ (net)
                  0.04    0.00    8.20 v _15324_/A (sky130_fd_sc_hd__and4_4)
     2    0.01    0.04    0.15    8.35 v _15324_/X (sky130_fd_sc_hd__and4_4)
                                         _11369_ (net)
                  0.04    0.00    8.35 v _15328_/B2 (sky130_fd_sc_hd__a221oi_2)
     1    0.00    0.17    0.21    8.57 ^ _15328_/Y (sky130_fd_sc_hd__a221oi_2)
                                         _11373_ (net)
                  0.17    0.00    8.57 ^ _15329_/B1 (sky130_fd_sc_hd__o21ai_1)
     2    0.01    0.09    0.12    8.69 v _15329_/Y (sky130_fd_sc_hd__o21ai_1)
                                         _11374_ (net)
                  0.09    0.00    8.69 v _15330_/B (sky130_fd_sc_hd__nor2_1)
     2    0.01    0.14    0.14    8.83 ^ _15330_/Y (sky130_fd_sc_hd__nor2_1)
                                         _11375_ (net)
                  0.14    0.00    8.83 ^ _16533_/A (sky130_fd_sc_hd__nor2b_1)
     2    0.01    0.05    0.08    8.91 v _16533_/Y (sky130_fd_sc_hd__nor2b_1)
                                         _12490_ (net)
                  0.05    0.00    8.91 v _16534_/A1 (sky130_fd_sc_hd__o21a_1)
     1    0.00    0.04    0.18    9.09 v _16534_/X (sky130_fd_sc_hd__o21a_1)
                                         _12491_ (net)
                  0.04    0.00    9.09 v _16535_/A (sky130_fd_sc_hd__nor2_1)
     1    0.01    0.12    0.12    9.22 ^ _16535_/Y (sky130_fd_sc_hd__nor2_1)
                                         _12492_ (net)
                  0.12    0.00    9.22 ^ _16536_/A (sky130_fd_sc_hd__xnor2_1)
     1    0.00    0.13    0.13    9.35 ^ _16536_/Y (sky130_fd_sc_hd__xnor2_1)
                                         _00039_ (net)
                  0.13    0.00    9.35 ^ place2686/A (sky130_fd_sc_hd__buf_4)
     2    0.04    0.11    0.19    9.54 ^ place2686/X (sky130_fd_sc_hd__buf_4)
                                         net2685 (net)
                  0.11    0.00    9.54 ^ _25210_/B (sky130_fd_sc_hd__fa_1)
     1    0.00    0.08    0.43    9.97 v _25210_/SUM (sky130_fd_sc_hd__fa_1)
                                         _12582_ (net)
                  0.08    0.00    9.97 v _25406_/B (sky130_fd_sc_hd__ha_1)
     2    0.01    0.07    0.31   10.28 ^ _25406_/SUM (sky130_fd_sc_hd__ha_1)
                                         _00395_ (net)
                  0.07    0.00   10.28 ^ place2633/A (sky130_fd_sc_hd__buf_4)
     4    0.01    0.05    0.12   10.40 ^ place2633/X (sky130_fd_sc_hd__buf_4)
                                         net2632 (net)
                  0.05    0.00   10.41 ^ _17773_/B (sky130_fd_sc_hd__nand4_1)
     3    0.01    0.16    0.15   10.56 v _17773_/Y (sky130_fd_sc_hd__nand4_1)
                                         _04121_ (net)
                  0.16    0.00   10.56 v place2602/A (sky130_fd_sc_hd__buf_4)
     1    0.00    0.03    0.18   10.74 v place2602/X (sky130_fd_sc_hd__buf_4)
                                         net2601 (net)
                  0.03    0.00   10.74 v _17908_/A (sky130_fd_sc_hd__nor2_1)
     1    0.00    0.07    0.08   10.82 ^ _17908_/Y (sky130_fd_sc_hd__nor2_1)
                                         _04256_ (net)
                  0.07    0.00   10.82 ^ _17909_/B1 (sky130_fd_sc_hd__o21ai_0)
     1    0.01    0.13    0.12   10.94 v _17909_/Y (sky130_fd_sc_hd__o21ai_0)
                                         _04257_ (net)
                  0.13    0.00   10.94 v place2564/A (sky130_fd_sc_hd__buf_4)
     2    0.01    0.03    0.18   11.12 v place2564/X (sky130_fd_sc_hd__buf_4)
                                         net2563 (net)
                  0.03    0.00   11.12 v place2563/A (sky130_fd_sc_hd__buf_4)
     3    0.01    0.03    0.13   11.25 v place2563/X (sky130_fd_sc_hd__buf_4)
                                         net2562 (net)
                  0.03    0.00   11.25 v _17931_/A1 (sky130_fd_sc_hd__a211oi_1)
     1    0.01    0.28    0.26   11.51 ^ _17931_/Y (sky130_fd_sc_hd__a211oi_1)
                                         _04279_ (net)
                  0.28    0.00   11.51 ^ _17935_/C1 (sky130_fd_sc_hd__a211oi_2)
     2    0.01    0.10    0.09   11.60 v _17935_/Y (sky130_fd_sc_hd__a211oi_2)
                                         _04283_ (net)
                  0.10    0.00   11.60 v _17949_/A (sky130_fd_sc_hd__nor3_2)
     2    0.01    0.16    0.22   11.82 ^ _17949_/Y (sky130_fd_sc_hd__nor3_2)
                                         _04297_ (net)
                  0.16    0.00   11.82 ^ _17950_/A (sky130_fd_sc_hd__and2_4)
     3    0.02    0.07    0.20   12.02 ^ _17950_/X (sky130_fd_sc_hd__and2_4)
                                         _04298_ (net)
                  0.07    0.00   12.03 ^ _17959_/A2 (sky130_fd_sc_hd__a21oi_2)
     2    0.01    0.11    0.07   12.10 v _17959_/Y (sky130_fd_sc_hd__a21oi_2)
                                         _04307_ (net)
                  0.11    0.00   12.10 v _17964_/A2 (sky130_fd_sc_hd__o21ai_2)
     2    0.01    0.17    0.19   12.29 ^ _17964_/Y (sky130_fd_sc_hd__o21ai_2)
                                         _04312_ (net)
                  0.17    0.00   12.29 ^ place2446/A (sky130_fd_sc_hd__buf_4)
     1    0.01    0.03    0.14   12.43 ^ place2446/X (sky130_fd_sc_hd__buf_4)
                                         net2445 (net)
                  0.03    0.00   12.43 ^ _17996_/B (sky130_fd_sc_hd__xnor2_1)
     1    0.00    0.11    0.10   12.52 ^ _17996_/Y (sky130_fd_sc_hd__xnor2_1)
                                         _04342_ (net)
                  0.11    0.00   12.52 ^ _18000_/A2 (sky130_fd_sc_hd__o21ai_0)
     1    0.00    0.13    0.10   12.62 v _18000_/Y (sky130_fd_sc_hd__o21ai_0)
                                         _00770_ (net)
                  0.13    0.00   12.62 v digest[252]$_DFFE_PN0P_/D (sky130_fd_sc_hd__dfrtp_1)
                                 12.62   data arrival time

                  0.00   12.64   12.64   clock core_clock (rise edge)
                          0.00   12.64   clock network delay (ideal)
                          0.00   12.64   clock reconvergence pessimism
                                 12.64 ^ digest[252]$_DFFE_PN0P_/CLK (sky130_fd_sc_hd__dfrtp_1)
                         -0.16   12.48   library setup time
                                 12.48   data required time
-----------------------------------------------------------------------------
                                 12.48   data required time
                                -12.62   data arrival time
-----------------------------------------------------------------------------
                                 -0.14   slack (VIOLATED)


Startpoint: digest[253]$_DFFE_PN0P_
            (rising edge-triggered flip-flop clocked by core_clock)
Endpoint: digest[253] (output port clocked by vclk)
Path Group: vclk
Path Type: max

Fanout     Cap    Slew   Delay    Time   Description
-----------------------------------------------------------------------------
                  0.00    0.00    0.00   clock core_clock (rise edge)
                          0.00    0.00   clock network delay (ideal)
                  0.00    0.00    0.00 ^ digest[253]$_DFFE_PN0P_/CLK (sky130_fd_sc_hd__dfrtp_1)
     2    0.02    0.21    0.42    0.42 ^ digest[253]$_DFFE_PN0P_/Q (sky130_fd_sc_hd__dfrtp_1)
                                         net685 (net)
                  0.21    0.00    0.43 ^ output686/A (sky130_fd_sc_hd__clkdlybuf4s50_1)
     1    0.00    0.04    0.51    0.93 ^ output686/X (sky130_fd_sc_hd__clkdlybuf4s50_1)
                                         digest[253] (net)
                  0.04    0.00    0.93 ^ digest[253] (out)
                                  0.93   data arrival time

                  0.00   12.64   12.64   clock vclk (rise edge)
                          0.00   12.64   clock network delay (ideal)
                          0.00   12.64   clock reconvergence pessimism
                         -2.53   10.11   output external delay
                                 10.11   data required time
-----------------------------------------------------------------------------
                                 10.11   data required time
                                 -0.93   data arrival time
-----------------------------------------------------------------------------
                                  9.18   slack (MET)



==========================================================================
detailed place report_check_types -max_slew -max_cap -max_fanout -violators
--------------------------------------------------------------------------

==========================================================================
detailed place max_slew_check_slack
--------------------------------------------------------------------------
0.23348967730998993

==========================================================================
detailed place max_slew_check_limit
--------------------------------------------------------------------------
1.46219003200531

==========================================================================
detailed place max_slew_check_slack_limit
--------------------------------------------------------------------------
0.1597

==========================================================================
detailed place max_fanout_check_slack
--------------------------------------------------------------------------
1.0000000150474662e+30

==========================================================================
detailed place max_fanout_check_limit
--------------------------------------------------------------------------
1.0000000150474662e+30

==========================================================================
detailed place max_capacitance_check_slack
--------------------------------------------------------------------------
0.003122573485597968

==========================================================================
detailed place max_capacitance_check_limit
--------------------------------------------------------------------------
0.021067000925540924

==========================================================================
detailed place max_capacitance_check_slack_limit
--------------------------------------------------------------------------
0.1482

==========================================================================
detailed place max_slew_violation_count
--------------------------------------------------------------------------
max slew violation count 0

==========================================================================
detailed place max_fanout_violation_count
--------------------------------------------------------------------------
max fanout violation count 0

==========================================================================
detailed place max_cap_violation_count
--------------------------------------------------------------------------
max cap violation count 0

==========================================================================
detailed place setup_violation_count
--------------------------------------------------------------------------
setup violation count 12

==========================================================================
detailed place hold_violation_count
--------------------------------------------------------------------------
hold violation count 0

==========================================================================
detailed place report_checks -path_delay max reg to reg
--------------------------------------------------------------------------
Startpoint: round[1]$_DFFE_PN0P_
            (rising edge-triggered flip-flop clocked by core_clock)
Endpoint: digest[252]$_DFFE_PN0P_
          (rising edge-triggered flip-flop clocked by core_clock)
Path Group: core_clock
Path Type: max

  Delay    Time   Description
---------------------------------------------------------
   0.00    0.00   clock core_clock (rise edge)
   0.00    0.00   clock network delay (ideal)
   0.00    0.00 ^ round[1]$_DFFE_PN0P_/CLK (sky130_fd_sc_hd__dfrtp_4)
   0.42    0.42 ^ round[1]$_DFFE_PN0P_/Q (sky130_fd_sc_hd__dfrtp_4)
   0.07    0.49 v _12950_/Y (sky130_fd_sc_hd__clkinv_4)
   0.29    0.78 ^ _25435_/SUM (sky130_fd_sc_hd__ha_4)
   0.15    0.93 ^ rebuffer3884/X (sky130_fd_sc_hd__buf_12)
   0.19    1.12 ^ place3420/X (sky130_fd_sc_hd__buf_16)
   0.18    1.30 ^ place3419/X (sky130_fd_sc_hd__buf_12)
   0.31    1.61 v _24798_/X (sky130_fd_sc_hd__mux4_2)
   0.64    2.25 v _24799_/X (sky130_fd_sc_hd__mux4_2)
   0.65    2.90 v _24800_/X (sky130_fd_sc_hd__mux4_2)
   0.21    3.12 v place3059/X (sky130_fd_sc_hd__buf_4)
   0.20    3.32 ^ _24857_/Y (sky130_fd_sc_hd__xnor2_4)
   0.17    3.48 ^ _24858_/Y (sky130_fd_sc_hd__xnor2_2)
   0.15    3.63 ^ place2976/X (sky130_fd_sc_hd__buf_4)
   0.43    4.07 v _25336_/SUM (sky130_fd_sc_hd__fa_1)
   0.49    4.56 v _25367_/SUM (sky130_fd_sc_hd__fa_1)
   0.33    4.89 v _25405_/SUM (sky130_fd_sc_hd__ha_1)
   0.13    5.02 ^ _13116_/Y (sky130_fd_sc_hd__inv_1)
   0.09    5.11 v _13119_/Y (sky130_fd_sc_hd__o21bai_1)
   0.17    5.27 ^ _13120_/Y (sky130_fd_sc_hd__a21oi_2)
   0.09    5.37 v _13121_/Y (sky130_fd_sc_hd__o21bai_1)
   0.19    5.56 v _13122_/X (sky130_fd_sc_hd__a21o_1)
   0.13    5.69 v place2895/X (sky130_fd_sc_hd__buf_6)
   0.05    5.74 ^ _14179_/Y (sky130_fd_sc_hd__nand2_4)
   0.06    5.80 v _14291_/Y (sky130_fd_sc_hd__nand2b_1)
   0.18    5.98 ^ _14292_/Y (sky130_fd_sc_hd__a21oi_2)
   0.10    6.08 v _14293_/Y (sky130_fd_sc_hd__xnor2_2)
   0.21    6.28 ^ _14294_/Y (sky130_fd_sc_hd__mux2i_4)
   0.12    6.41 v _14297_/Y (sky130_fd_sc_hd__inv_2)
   0.52    6.93 ^ _25308_/SUM (sky130_fd_sc_hd__fa_1)
   0.45    7.38 v _25280_/SUM (sky130_fd_sc_hd__fa_2)
   0.60    7.98 ^ _25251_/SUM (sky130_fd_sc_hd__fa_1)
   0.22    8.20 v _25527_/SUM (sky130_fd_sc_hd__ha_4)
   0.15    8.35 v _15324_/X (sky130_fd_sc_hd__and4_4)
   0.21    8.57 ^ _15328_/Y (sky130_fd_sc_hd__a221oi_2)
   0.12    8.69 v _15329_/Y (sky130_fd_sc_hd__o21ai_1)
   0.14    8.83 ^ _15330_/Y (sky130_fd_sc_hd__nor2_1)
   0.08    8.91 v _16533_/Y (sky130_fd_sc_hd__nor2b_1)
   0.18    9.09 v _16534_/X (sky130_fd_sc_hd__o21a_1)
   0.12    9.22 ^ _16535_/Y (sky130_fd_sc_hd__nor2_1)
   0.13    9.35 ^ _16536_/Y (sky130_fd_sc_hd__xnor2_1)
   0.19    9.54 ^ place2686/X (sky130_fd_sc_hd__buf_4)
   0.44    9.97 v _25210_/SUM (sky130_fd_sc_hd__fa_1)
   0.31   10.28 ^ _25406_/SUM (sky130_fd_sc_hd__ha_1)
   0.12   10.40 ^ place2633/X (sky130_fd_sc_hd__buf_4)
   0.15   10.56 v _17773_/Y (sky130_fd_sc_hd__nand4_1)
   0.18   10.74 v place2602/X (sky130_fd_sc_hd__buf_4)
   0.08   10.82 ^ _17908_/Y (sky130_fd_sc_hd__nor2_1)
   0.12   10.94 v _17909_/Y (sky130_fd_sc_hd__o21ai_0)
   0.18   11.12 v place2564/X (sky130_fd_sc_hd__buf_4)
   0.13   11.25 v place2563/X (sky130_fd_sc_hd__buf_4)
   0.26   11.51 ^ _17931_/Y (sky130_fd_sc_hd__a211oi_1)
   0.09   11.60 v _17935_/Y (sky130_fd_sc_hd__a211oi_2)
   0.22   11.82 ^ _17949_/Y (sky130_fd_sc_hd__nor3_2)
   0.20   12.02 ^ _17950_/X (sky130_fd_sc_hd__and2_4)
   0.07   12.10 v _17959_/Y (sky130_fd_sc_hd__a21oi_2)
   0.19   12.29 ^ _17964_/Y (sky130_fd_sc_hd__o21ai_2)
   0.14   12.43 ^ place2446/X (sky130_fd_sc_hd__buf_4)
   0.10   12.52 ^ _17996_/Y (sky130_fd_sc_hd__xnor2_1)
   0.10   12.62 v _18000_/Y (sky130_fd_sc_hd__o21ai_0)
   0.00   12.62 v digest[252]$_DFFE_PN0P_/D (sky130_fd_sc_hd__dfrtp_1)
          12.62   data arrival time

  12.64   12.64   clock core_clock (rise edge)
   0.00   12.64   clock network delay (ideal)
   0.00   12.64   clock reconvergence pessimism
          12.64 ^ digest[252]$_DFFE_PN0P_/CLK (sky130_fd_sc_hd__dfrtp_1)
  -0.16   12.48   library setup time
          12.48   data required time
---------------------------------------------------------
          12.48   data required time
         -12.62   data arrival time
---------------------------------------------------------
          -0.14   slack (VIOLATED)



==========================================================================
detailed place report_checks -path_delay min reg to reg
--------------------------------------------------------------------------
Startpoint: digest[130]$_DFFE_PN0P_
            (rising edge-triggered flip-flop clocked by core_clock)
Endpoint: digest[130]$_DFFE_PN0P_
          (rising edge-triggered flip-flop clocked by core_clock)
Path Group: core_clock
Path Type: min

  Delay    Time   Description
---------------------------------------------------------
   0.00    0.00   clock core_clock (rise edge)
   0.00    0.00   clock network delay (ideal)
   0.00    0.00 ^ digest[130]$_DFFE_PN0P_/CLK (sky130_fd_sc_hd__dfrtp_1)
   0.32    0.32 ^ digest[130]$_DFFE_PN0P_/Q (sky130_fd_sc_hd__dfrtp_1)
   0.05    0.37 v _18547_/Y (sky130_fd_sc_hd__nand2_1)
   0.06    0.42 ^ _18548_/Y (sky130_fd_sc_hd__nand2_1)
   0.00    0.42 ^ digest[130]$_DFFE_PN0P_/D (sky130_fd_sc_hd__dfrtp_1)
           0.42   data arrival time

   0.00    0.00   clock core_clock (rise edge)
   0.00    0.00   clock network delay (ideal)
   0.00    0.00   clock reconvergence pessimism
           0.00 ^ digest[130]$_DFFE_PN0P_/CLK (sky130_fd_sc_hd__dfrtp_1)
  -0.04   -0.04   library hold time
          -0.04   data required time
---------------------------------------------------------
          -0.04   data required time
          -0.42   data arrival time
---------------------------------------------------------
           0.46   slack (MET)



==========================================================================
detailed place critical path target clock latency max path
--------------------------------------------------------------------------
0.0000

==========================================================================
detailed place critical path target clock latency min path
--------------------------------------------------------------------------
0.0000

==========================================================================
detailed place critical path source clock latency min path
--------------------------------------------------------------------------
0.0000

==========================================================================
detailed place critical path delay
--------------------------------------------------------------------------
12.6190

==========================================================================
detailed place critical path slack
--------------------------------------------------------------------------
-0.1404

==========================================================================
detailed place slack div critical path delay
--------------------------------------------------------------------------
-1.112608

==========================================================================
detailed place report_power
--------------------------------------------------------------------------
Group                  Internal  Switching    Leakage      Total
                          Power      Power      Power      Power (Watts)
----------------------------------------------------------------
Sequential             1.25e-02   3.67e-03   3.40e-08   1.62e-02   3.4%
Combinational          2.15e-01   2.42e-01   4.39e-08   4.57e-01  96.6%
Clock                  0.00e+00   0.00e+00   0.00e+00   0.00e+00   0.0%
Macro                  0.00e+00   0.00e+00   0.00e+00   0.00e+00   0.0%
Pad                    0.00e+00   0.00e+00   0.00e+00   0.00e+00   0.0%
----------------------------------------------------------------
Total                  2.27e-01   2.46e-01   7.79e-08   4.73e-01 100.0%
                          48.0%      52.0%       0.0%
