
==========================================================================
global place report_tns
--------------------------------------------------------------------------
tns max -0.75

==========================================================================
global place report_wns
--------------------------------------------------------------------------
wns max -0.05

==========================================================================
global place report_worst_slack
--------------------------------------------------------------------------
worst slack max -0.05

==========================================================================
global place report_clock_min_period
--------------------------------------------------------------------------
core_clock period_min = 1.83 fmax = 547.15
vclk_core_clock period_min = 0.00 fmax = inf

==========================================================================
global place report_checks -path_delay min
--------------------------------------------------------------------------
Startpoint: ctrl.state.out[1]$_DFF_P_
            (rising edge-triggered flip-flop clocked by core_clock)
Endpoint: ctrl.state.out[1]$_DFF_P_
          (rising edge-triggered flip-flop clocked by core_clock)
Path Group: core_clock
Path Type: min

Fanout     Cap    Slew   Delay    Time   Description
-----------------------------------------------------------------------------
                  0.00    0.00    0.00   clock core_clock (rise edge)
                          0.23    0.23   clock network delay (ideal)
                  0.00    0.00    0.23 ^ ctrl.state.out[1]$_DFF_P_/CLK (sky130_fd_sc_hs__dfxtp_1)
     2    0.01    0.05    0.18    0.42 ^ ctrl.state.out[1]$_DFF_P_/Q (sky130_fd_sc_hs__dfxtp_1)
                                         ctrl.state.out[1] (net)
                  0.05    0.00    0.42 ^ _635_/B (sky130_fd_sc_hs__nand2_1)
     1    0.00    0.03    0.04    0.46 v _635_/Y (sky130_fd_sc_hs__nand2_1)
                                         _291_ (net)
                  0.03    0.00    0.46 v _636_/B1 (sky130_fd_sc_hs__o31ai_1)
     1    0.00    0.04    0.04    0.50 ^ _636_/Y (sky130_fd_sc_hs__o31ai_1)
                                         _001_ (net)
                  0.04    0.00    0.50 ^ ctrl.state.out[1]$_DFF_P_/D (sky130_fd_sc_hs__dfxtp_1)
                                  0.50   data arrival time

                  0.00    0.00    0.00   clock core_clock (rise edge)
                          0.23    0.23   clock network delay (ideal)
                          0.00    0.23   clock reconvergence pessimism
                                  0.23 ^ ctrl.state.out[1]$_DFF_P_/CLK (sky130_fd_sc_hs__dfxtp_1)
                          0.01    0.24   library hold time
                                  0.24   data required time
-----------------------------------------------------------------------------
                                  0.24   data required time
                                 -0.50   data arrival time
-----------------------------------------------------------------------------
                                  0.26   slack (MET)


Startpoint: ctrl.state.out[2]$_DFF_P_
            (rising edge-triggered flip-flop clocked by core_clock)
Endpoint: resp_val (output port clocked by vclk_core_clock)
Path Group: vclk_core_clock
Path Type: min

Fanout     Cap    Slew   Delay    Time   Description
-----------------------------------------------------------------------------
                  0.00    0.00    0.00   clock core_clock (rise edge)
                          0.23    0.23   clock network delay (ideal)
                  0.00    0.00    0.23 ^ ctrl.state.out[2]$_DFF_P_/CLK (sky130_fd_sc_hs__dfxtp_1)
     2    0.01    0.06    0.19    0.42 ^ ctrl.state.out[2]$_DFF_P_/Q (sky130_fd_sc_hs__dfxtp_1)
                                         ctrl.state.out[2] (net)
                  0.06    0.00    0.42 ^ _627_/B (sky130_fd_sc_hs__nor3b_1)
     2    0.01    0.04    0.05    0.47 v _627_/Y (sky130_fd_sc_hs__nor3b_1)
                                         net53 (net)
                  0.04    0.00    0.47 v output53/A (sky130_fd_sc_hs__buf_1)
     1    0.00    0.01    0.06    0.53 v output53/X (sky130_fd_sc_hs__buf_1)
                                         resp_val (net)
                  0.01    0.00    0.53 v resp_val (out)
                                  0.53   data arrival time

                  0.00    0.00    0.00   clock vclk_core_clock (rise edge)
                          0.23    0.23   clock network delay (ideal)
                          0.00    0.23   clock reconvergence pessimism
                         -0.36   -0.12   output external delay
                                 -0.12   data required time
-----------------------------------------------------------------------------
                                 -0.12   data required time
                                 -0.53   data arrival time
-----------------------------------------------------------------------------
                                  0.65   slack (MET)



==========================================================================
global place report_checks -path_delay max
--------------------------------------------------------------------------
Startpoint: dpath.a_reg.out[10]$_DFFE_PP_
            (rising edge-triggered flip-flop clocked by core_clock)
Endpoint: dpath.b_reg.out[10]$_DFFE_PP_
          (rising edge-triggered flip-flop clocked by core_clock)
Path Group: core_clock
Path Type: max

Fanout     Cap    Slew   Delay    Time   Description
-----------------------------------------------------------------------------
                  0.00    0.00    0.00   clock core_clock (rise edge)
                          0.23    0.23   clock network delay (ideal)
                  0.00    0.00    0.23 ^ dpath.a_reg.out[10]$_DFFE_PP_/CLK (sky130_fd_sc_hs__edfxtp_1)
     3    0.01    0.07    0.20    0.43 v dpath.a_reg.out[10]$_DFFE_PP_/Q (sky130_fd_sc_hs__edfxtp_1)
                                         dpath.a_lt_b$in0[10] (net)
                  0.07    0.00    0.43 v _392_/A_N (sky130_fd_sc_hs__nand2b_1)
     3    0.01    0.06    0.12    0.55 v _392_/Y (sky130_fd_sc_hs__nand2b_1)
                                         _075_ (net)
                  0.06    0.00    0.55 v _393_/B (sky130_fd_sc_hs__and2_2)
     2    0.01    0.03    0.11    0.67 v _393_/X (sky130_fd_sc_hs__and2_2)
                                         _076_ (net)
                  0.03    0.00    0.67 v _451_/B (sky130_fd_sc_hs__nand2_2)
     3    0.01    0.07    0.07    0.73 ^ _451_/Y (sky130_fd_sc_hs__nand2_2)
                                         _133_ (net)
                  0.07    0.00    0.74 ^ _453_/A (sky130_fd_sc_hs__nor2_2)
     2    0.01    0.04    0.06    0.79 v _453_/Y (sky130_fd_sc_hs__nor2_2)
                                         _135_ (net)
                  0.04    0.00    0.79 v _457_/A (sky130_fd_sc_hs__and2_2)
     1    0.02    0.04    0.10    0.89 v _457_/X (sky130_fd_sc_hs__and2_2)
                                         _139_ (net)
                  0.04    0.00    0.90 v _458_/B (sky130_fd_sc_hs__nand2_8)
     2    0.01    0.05    0.06    0.96 ^ _458_/Y (sky130_fd_sc_hs__nand2_8)
                                         _140_ (net)
                  0.05    0.00    0.96 ^ _581_/A (sky130_fd_sc_hs__nand2_2)
     2    0.01    0.04    0.04    1.00 v _581_/Y (sky130_fd_sc_hs__nand2_2)
                                         _251_ (net)
                  0.04    0.00    1.00 v _640_/A2 (sky130_fd_sc_hs__o21ai_1)
    16    0.05    0.75    0.56    1.56 ^ _640_/Y (sky130_fd_sc_hs__o21ai_1)
                                         ctrl$b_reg_en[0] (net)
                  0.75    0.00    1.56 ^ dpath.b_reg.out[10]$_DFFE_PP_/DE (sky130_fd_sc_hs__edfxtp_1)
                                  1.56   data arrival time

                  0.00    1.78    1.78   clock core_clock (rise edge)
                          0.23    2.02   clock network delay (ideal)
                          0.00    2.02   clock reconvergence pessimism
                                  2.02 ^ dpath.b_reg.out[10]$_DFFE_PP_/CLK (sky130_fd_sc_hs__edfxtp_1)
                         -0.50    1.52   library setup time
                                  1.52   data required time
-----------------------------------------------------------------------------
                                  1.52   data required time
                                 -1.56   data arrival time
-----------------------------------------------------------------------------
                                 -0.05   slack (VIOLATED)


Startpoint: dpath.a_reg.out[8]$_DFFE_PP_
            (rising edge-triggered flip-flop clocked by core_clock)
Endpoint: resp_msg[14] (output port clocked by vclk_core_clock)
Path Group: vclk_core_clock
Path Type: max

Fanout     Cap    Slew   Delay    Time   Description
-----------------------------------------------------------------------------
                  0.00    0.00    0.00   clock core_clock (rise edge)
                          0.23    0.23   clock network delay (ideal)
                  0.00    0.00    0.23 ^ dpath.a_reg.out[8]$_DFFE_PP_/CLK (sky130_fd_sc_hs__edfxtp_1)
     3    0.01    0.09    0.20    0.44 ^ dpath.a_reg.out[8]$_DFFE_PP_/Q (sky130_fd_sc_hs__edfxtp_1)
                                         dpath.a_lt_b$in0[8] (net)
                  0.09    0.00    0.44 ^ _396_/A_N (sky130_fd_sc_hs__nand2b_1)
     2    0.01    0.09    0.12    0.56 ^ _396_/Y (sky130_fd_sc_hs__nand2b_1)
                                         _079_ (net)
                  0.09    0.00    0.56 ^ _397_/B (sky130_fd_sc_hs__nand2_1)
     2    0.01    0.06    0.08    0.64 v _397_/Y (sky130_fd_sc_hs__nand2_1)
                                         _080_ (net)
                  0.06    0.00    0.64 v _398_/A (sky130_fd_sc_hs__inv_2)
     2    0.01    0.03    0.04    0.68 ^ _398_/Y (sky130_fd_sc_hs__inv_2)
                                         _081_ (net)
                  0.03    0.00    0.68 ^ _452_/A (sky130_fd_sc_hs__nand2_1)
     2    0.01    0.05    0.05    0.73 v _452_/Y (sky130_fd_sc_hs__nand2_1)
                                         _134_ (net)
                  0.05    0.00    0.73 v place76/A (sky130_fd_sc_hs__bufbuf_8)
     1    0.00    0.02    0.18    0.91 v place76/X (sky130_fd_sc_hs__bufbuf_8)
                                         net76 (net)
                  0.02    0.00    0.91 v _489_/B (sky130_fd_sc_hs__nor2_1)
     3    0.01    0.15    0.12    1.04 ^ _489_/Y (sky130_fd_sc_hs__nor2_1)
                                         _171_ (net)
                  0.15    0.00    1.04 ^ _491_/A (sky130_fd_sc_hs__and2_1)
     1    0.00    0.04    0.09    1.13 ^ _491_/X (sky130_fd_sc_hs__and2_1)
                                         _173_ (net)
                  0.04    0.00    1.13 ^ _492_/B (sky130_fd_sc_hs__nand2_1)
     2    0.01    0.05    0.05    1.18 v _492_/Y (sky130_fd_sc_hs__nand2_1)
                                         _174_ (net)
                  0.05    0.00    1.18 v _498_/A (sky130_fd_sc_hs__nand2_1)
     1    0.00    0.04    0.04    1.22 ^ _498_/Y (sky130_fd_sc_hs__nand2_1)
                                         _180_ (net)
                  0.04    0.00    1.22 ^ _500_/A (sky130_fd_sc_hs__nand2_1)
     1    0.00    0.03    0.04    1.26 v _500_/Y (sky130_fd_sc_hs__nand2_1)
                                         _182_ (net)
                  0.03    0.00    1.26 v _502_/A (sky130_fd_sc_hs__nand2_1)
     2    0.01    0.07    0.06    1.32 ^ _502_/Y (sky130_fd_sc_hs__nand2_1)
                                         net42 (net)
                  0.07    0.00    1.32 ^ output42/A (sky130_fd_sc_hs__buf_1)
     1    0.00    0.02    0.06    1.38 ^ output42/X (sky130_fd_sc_hs__buf_1)
                                         resp_msg[14] (net)
                  0.02    0.00    1.38 ^ resp_msg[14] (out)
                                  1.38   data arrival time

                  0.00    1.78    1.78   clock vclk_core_clock (rise edge)
                          0.23    2.02   clock network delay (ideal)
                          0.00    2.02   clock reconvergence pessimism
                         -0.36    1.66   output external delay
                                  1.66   data required time
-----------------------------------------------------------------------------
                                  1.66   data required time
                                 -1.38   data arrival time
-----------------------------------------------------------------------------
                                  0.28   slack (MET)



==========================================================================
global place report_checks -unconstrained
--------------------------------------------------------------------------
Startpoint: dpath.a_reg.out[10]$_DFFE_PP_
            (rising edge-triggered flip-flop clocked by core_clock)
Endpoint: dpath.b_reg.out[10]$_DFFE_PP_
          (rising edge-triggered flip-flop clocked by core_clock)
Path Group: core_clock
Path Type: max

Fanout     Cap    Slew   Delay    Time   Description
-----------------------------------------------------------------------------
                  0.00    0.00    0.00   clock core_clock (rise edge)
                          0.23    0.23   clock network delay (ideal)
                  0.00    0.00    0.23 ^ dpath.a_reg.out[10]$_DFFE_PP_/CLK (sky130_fd_sc_hs__edfxtp_1)
     3    0.01    0.07    0.20    0.43 v dpath.a_reg.out[10]$_DFFE_PP_/Q (sky130_fd_sc_hs__edfxtp_1)
                                         dpath.a_lt_b$in0[10] (net)
                  0.07    0.00    0.43 v _392_/A_N (sky130_fd_sc_hs__nand2b_1)
     3    0.01    0.06    0.12    0.55 v _392_/Y (sky130_fd_sc_hs__nand2b_1)
                                         _075_ (net)
                  0.06    0.00    0.55 v _393_/B (sky130_fd_sc_hs__and2_2)
     2    0.01    0.03    0.11    0.67 v _393_/X (sky130_fd_sc_hs__and2_2)
                                         _076_ (net)
                  0.03    0.00    0.67 v _451_/B (sky130_fd_sc_hs__nand2_2)
     3    0.01    0.07    0.07    0.73 ^ _451_/Y (sky130_fd_sc_hs__nand2_2)
                                         _133_ (net)
                  0.07    0.00    0.74 ^ _453_/A (sky130_fd_sc_hs__nor2_2)
     2    0.01    0.04    0.06    0.79 v _453_/Y (sky130_fd_sc_hs__nor2_2)
                                         _135_ (net)
                  0.04    0.00    0.79 v _457_/A (sky130_fd_sc_hs__and2_2)
     1    0.02    0.04    0.10    0.89 v _457_/X (sky130_fd_sc_hs__and2_2)
                                         _139_ (net)
                  0.04    0.00    0.90 v _458_/B (sky130_fd_sc_hs__nand2_8)
     2    0.01    0.05    0.06    0.96 ^ _458_/Y (sky130_fd_sc_hs__nand2_8)
                                         _140_ (net)
                  0.05    0.00    0.96 ^ _581_/A (sky130_fd_sc_hs__nand2_2)
     2    0.01    0.04    0.04    1.00 v _581_/Y (sky130_fd_sc_hs__nand2_2)
                                         _251_ (net)
                  0.04    0.00    1.00 v _640_/A2 (sky130_fd_sc_hs__o21ai_1)
    16    0.05    0.75    0.56    1.56 ^ _640_/Y (sky130_fd_sc_hs__o21ai_1)
                                         ctrl$b_reg_en[0] (net)
                  0.75    0.00    1.56 ^ dpath.b_reg.out[10]$_DFFE_PP_/DE (sky130_fd_sc_hs__edfxtp_1)
                                  1.56   data arrival time

                  0.00    1.78    1.78   clock core_clock (rise edge)
                          0.23    2.02   clock network delay (ideal)
                          0.00    2.02   clock reconvergence pessimism
                                  2.02 ^ dpath.b_reg.out[10]$_DFFE_PP_/CLK (sky130_fd_sc_hs__edfxtp_1)
                         -0.50    1.52   library setup time
                                  1.52   data required time
-----------------------------------------------------------------------------
                                  1.52   data required time
                                 -1.56   data arrival time
-----------------------------------------------------------------------------
                                 -0.05   slack (VIOLATED)


Startpoint: dpath.a_reg.out[8]$_DFFE_PP_
            (rising edge-triggered flip-flop clocked by core_clock)
Endpoint: resp_msg[14] (output port clocked by vclk_core_clock)
Path Group: vclk_core_clock
Path Type: max

Fanout     Cap    Slew   Delay    Time   Description
-----------------------------------------------------------------------------
                  0.00    0.00    0.00   clock core_clock (rise edge)
                          0.23    0.23   clock network delay (ideal)
                  0.00    0.00    0.23 ^ dpath.a_reg.out[8]$_DFFE_PP_/CLK (sky130_fd_sc_hs__edfxtp_1)
     3    0.01    0.09    0.20    0.44 ^ dpath.a_reg.out[8]$_DFFE_PP_/Q (sky130_fd_sc_hs__edfxtp_1)
                                         dpath.a_lt_b$in0[8] (net)
                  0.09    0.00    0.44 ^ _396_/A_N (sky130_fd_sc_hs__nand2b_1)
     2    0.01    0.09    0.12    0.56 ^ _396_/Y (sky130_fd_sc_hs__nand2b_1)
                                         _079_ (net)
                  0.09    0.00    0.56 ^ _397_/B (sky130_fd_sc_hs__nand2_1)
     2    0.01    0.06    0.08    0.64 v _397_/Y (sky130_fd_sc_hs__nand2_1)
                                         _080_ (net)
                  0.06    0.00    0.64 v _398_/A (sky130_fd_sc_hs__inv_2)
     2    0.01    0.03    0.04    0.68 ^ _398_/Y (sky130_fd_sc_hs__inv_2)
                                         _081_ (net)
                  0.03    0.00    0.68 ^ _452_/A (sky130_fd_sc_hs__nand2_1)
     2    0.01    0.05    0.05    0.73 v _452_/Y (sky130_fd_sc_hs__nand2_1)
                                         _134_ (net)
                  0.05    0.00    0.73 v place76/A (sky130_fd_sc_hs__bufbuf_8)
     1    0.00    0.02    0.18    0.91 v place76/X (sky130_fd_sc_hs__bufbuf_8)
                                         net76 (net)
                  0.02    0.00    0.91 v _489_/B (sky130_fd_sc_hs__nor2_1)
     3    0.01    0.15    0.12    1.04 ^ _489_/Y (sky130_fd_sc_hs__nor2_1)
                                         _171_ (net)
                  0.15    0.00    1.04 ^ _491_/A (sky130_fd_sc_hs__and2_1)
     1    0.00    0.04    0.09    1.13 ^ _491_/X (sky130_fd_sc_hs__and2_1)
                                         _173_ (net)
                  0.04    0.00    1.13 ^ _492_/B (sky130_fd_sc_hs__nand2_1)
     2    0.01    0.05    0.05    1.18 v _492_/Y (sky130_fd_sc_hs__nand2_1)
                                         _174_ (net)
                  0.05    0.00    1.18 v _498_/A (sky130_fd_sc_hs__nand2_1)
     1    0.00    0.04    0.04    1.22 ^ _498_/Y (sky130_fd_sc_hs__nand2_1)
                                         _180_ (net)
                  0.04    0.00    1.22 ^ _500_/A (sky130_fd_sc_hs__nand2_1)
     1    0.00    0.03    0.04    1.26 v _500_/Y (sky130_fd_sc_hs__nand2_1)
                                         _182_ (net)
                  0.03    0.00    1.26 v _502_/A (sky130_fd_sc_hs__nand2_1)
     2    0.01    0.07    0.06    1.32 ^ _502_/Y (sky130_fd_sc_hs__nand2_1)
                                         net42 (net)
                  0.07    0.00    1.32 ^ output42/A (sky130_fd_sc_hs__buf_1)
     1    0.00    0.02    0.06    1.38 ^ output42/X (sky130_fd_sc_hs__buf_1)
                                         resp_msg[14] (net)
                  0.02    0.00    1.38 ^ resp_msg[14] (out)
                                  1.38   data arrival time

                  0.00    1.78    1.78   clock vclk_core_clock (rise edge)
                          0.23    2.02   clock network delay (ideal)
                          0.00    2.02   clock reconvergence pessimism
                         -0.36    1.66   output external delay
                                  1.66   data required time
-----------------------------------------------------------------------------
                                  1.66   data required time
                                 -1.38   data arrival time
-----------------------------------------------------------------------------
                                  0.28   slack (MET)



==========================================================================
global place report_power
--------------------------------------------------------------------------
Group                  Internal  Switching    Leakage      Total
                          Power      Power      Power      Power (Watts)
----------------------------------------------------------------
Sequential             1.33e-03   9.81e-05   4.70e-08   1.43e-03  38.0%
Combinational          1.40e-03   9.30e-04   4.57e-08   2.33e-03  62.0%
Clock                  0.00e+00   0.00e+00   0.00e+00   0.00e+00   0.0%
Macro                  0.00e+00   0.00e+00   0.00e+00   0.00e+00   0.0%
Pad                    0.00e+00   0.00e+00   0.00e+00   0.00e+00   0.0%
----------------------------------------------------------------
Total                  2.73e-03   1.03e-03   9.27e-08   3.76e-03 100.0%
                          72.7%      27.3%       0.0%
