
==========================================================================
resizer report_tns
--------------------------------------------------------------------------
tns max 0.00

==========================================================================
resizer report_wns
--------------------------------------------------------------------------
wns max 0.00

==========================================================================
resizer report_worst_slack
--------------------------------------------------------------------------
worst slack max 5.76

==========================================================================
resizer report_clock_min_period
--------------------------------------------------------------------------
core_clock period_min = 2.44 fmax = 410.04
vclk period_min = 0.00 fmax = inf

==========================================================================
resizer report_checks -path_delay min
--------------------------------------------------------------------------
Startpoint: div_cnt[0]$_SDFF_PP0_
            (rising edge-triggered flip-flop clocked by core_clock)
Endpoint: div_cnt[0]$_SDFF_PP0_
          (rising edge-triggered flip-flop clocked by core_clock)
Path Group: core_clock
Path Type: min

Fanout     Cap    Slew   Delay    Time   Description
-----------------------------------------------------------------------------
                  0.00    0.00    0.00   clock core_clock (rise edge)
                          0.00    0.00   clock network delay (ideal)
                  0.00    0.00    0.00 ^ div_cnt[0]$_SDFF_PP0_/CLK (sky130_fd_sc_hd__dfxtp_1)
     2    0.01    0.07    0.31    0.31 ^ div_cnt[0]$_SDFF_PP0_/Q (sky130_fd_sc_hd__dfxtp_1)
                                         div_cnt[0] (net)
                  0.07    0.00    0.31 ^ _246_/B (sky130_fd_sc_hd__nor3_1)
     1    0.00    0.03    0.05    0.36 v _246_/Y (sky130_fd_sc_hd__nor3_1)
                                         _021_ (net)
                  0.03    0.00    0.36 v div_cnt[0]$_SDFF_PP0_/D (sky130_fd_sc_hd__dfxtp_1)
                                  0.36   data arrival time

                  0.00    0.00    0.00   clock core_clock (rise edge)
                          0.00    0.00   clock network delay (ideal)
                          0.00    0.00   clock reconvergence pessimism
                                  0.00 ^ div_cnt[0]$_SDFF_PP0_/CLK (sky130_fd_sc_hd__dfxtp_1)
                         -0.06   -0.06   library hold time
                                 -0.06   data required time
-----------------------------------------------------------------------------
                                 -0.06   data required time
                                 -0.36   data arrival time
-----------------------------------------------------------------------------
                                  0.41   slack (MET)


Startpoint: done$_SDFF_PP0_
            (rising edge-triggered flip-flop clocked by core_clock)
Endpoint: done (output port clocked by vclk)
Path Group: vclk
Path Type: min

Fanout     Cap    Slew   Delay    Time   Description
-----------------------------------------------------------------------------
                  0.00    0.00    0.00   clock core_clock (rise edge)
                          0.00    0.00   clock network delay (ideal)
                  0.00    0.00    0.00 ^ done$_SDFF_PP0_/CLK (sky130_fd_sc_hd__dfxtp_1)
     1    0.00    0.02    0.27    0.27 v done$_SDFF_PP0_/Q (sky130_fd_sc_hd__dfxtp_1)
                                         net23 (net)
                  0.02    0.00    0.27 v output24/A (sky130_fd_sc_hd__clkdlybuf4s50_1)
     1    0.00    0.03    0.38    0.65 v output24/X (sky130_fd_sc_hd__clkdlybuf4s50_1)
                                         done (net)
                  0.03    0.00    0.65 v done (out)
                                  0.65   data arrival time

                  0.00    0.00    0.00   clock vclk (rise edge)
                          0.00    0.00   clock network delay (ideal)
                          0.00    0.00   clock reconvergence pessimism
                         -2.00   -2.00   output external delay
                                 -2.00   data required time
-----------------------------------------------------------------------------
                                 -2.00   data required time
                                 -0.65   data arrival time
-----------------------------------------------------------------------------
                                  2.65   slack (MET)



==========================================================================
resizer report_checks -path_delay max
--------------------------------------------------------------------------
Startpoint: start (input port clocked by vclk)
Endpoint: rx_data[7]$_SDFFE_PN0P_
          (rising edge-triggered flip-flop clocked by core_clock)
Path Group: core_clock
Path Type: max

Fanout     Cap    Slew   Delay    Time   Description
-----------------------------------------------------------------------------
                  0.00    0.00    0.00   clock vclk (rise edge)
                          0.00    0.00   clock network delay (ideal)
                          2.00    2.00 v input external delay
     1    0.00    0.00    0.00    2.00 v start (in)
                                         start (net)
                  0.00    0.00    2.00 v input13/A (sky130_fd_sc_hd__clkdlybuf4s50_1)
     5    0.01    0.12    0.47    2.47 v input13/X (sky130_fd_sc_hd__clkdlybuf4s50_1)
                                         net12 (net)
                  0.12    0.00    2.47 v _225_/B (sky130_fd_sc_hd__nand2_1)
    28    0.10    0.86    0.67    3.14 ^ _225_/Y (sky130_fd_sc_hd__nand2_1)
                                         _058_ (net)
                  0.86    0.00    3.14 ^ _226_/C (sky130_fd_sc_hd__nand3_1)
     8    0.05    0.55    0.60    3.74 v _226_/Y (sky130_fd_sc_hd__nand3_1)
                                         _059_ (net)
                  0.55    0.00    3.74 v _371_/S (sky130_fd_sc_hd__mux2i_1)
     1    0.00    0.17    0.32    4.06 ^ _371_/Y (sky130_fd_sc_hd__mux2i_1)
                                         _172_ (net)
                  0.17    0.00    4.06 ^ _372_/A (sky130_fd_sc_hd__nor2b_1)
     1    0.00    0.04    0.06    4.12 v _372_/Y (sky130_fd_sc_hd__nor2b_1)
                                         _045_ (net)
                  0.04    0.00    4.12 v rx_data[7]$_SDFFE_PN0P_/D (sky130_fd_sc_hd__dfxtp_1)
                                  4.12   data arrival time

                  0.00   10.00   10.00   clock core_clock (rise edge)
                          0.00   10.00   clock network delay (ideal)
                          0.00   10.00   clock reconvergence pessimism
                                 10.00 ^ rx_data[7]$_SDFFE_PN0P_/CLK (sky130_fd_sc_hd__dfxtp_1)
                         -0.12    9.88   library setup time
                                  9.88   data required time
-----------------------------------------------------------------------------
                                  9.88   data required time
                                 -4.12   data arrival time
-----------------------------------------------------------------------------
                                  5.76   slack (MET)


Startpoint: state[6]$_DFF_P_
            (rising edge-triggered flip-flop clocked by core_clock)
Endpoint: sda_oe (output port clocked by vclk)
Path Group: vclk
Path Type: max

Fanout     Cap    Slew   Delay    Time   Description
-----------------------------------------------------------------------------
                  0.00    0.00    0.00   clock core_clock (rise edge)
                          0.00    0.00   clock network delay (ideal)
                  0.00    0.00    0.00 ^ state[6]$_DFF_P_/CLK (sky130_fd_sc_hd__dfxtp_1)
    15    0.07    0.31    0.49    0.49 v state[6]$_DFF_P_/Q (sky130_fd_sc_hd__dfxtp_1)
                                         state[6] (net)
                  0.31    0.00    0.49 v _250_/C (sky130_fd_sc_hd__nor4_1)
     3    0.01    0.48    0.52    1.01 ^ _250_/Y (sky130_fd_sc_hd__nor4_1)
                                         _075_ (net)
                  0.48    0.00    1.01 ^ _438_/B (sky130_fd_sc_hd__nand2_1)
     1    0.00    0.08    0.09    1.10 v _438_/Y (sky130_fd_sc_hd__nand2_1)
                                         _220_ (net)
                  0.08    0.00    1.10 v _439_/B1 (sky130_fd_sc_hd__o21ai_0)
     1    0.00    0.17    0.10    1.20 ^ _439_/Y (sky130_fd_sc_hd__o21ai_0)
                                         net32 (net)
                  0.17    0.00    1.20 ^ output34/A (sky130_fd_sc_hd__clkdlybuf4s50_1)
     1    0.00    0.03    0.49    1.69 ^ output34/X (sky130_fd_sc_hd__clkdlybuf4s50_1)
                                         sda_oe (net)
                  0.03    0.00    1.69 ^ sda_oe (out)
                                  1.69   data arrival time

                  0.00   10.00   10.00   clock vclk (rise edge)
                          0.00   10.00   clock network delay (ideal)
                          0.00   10.00   clock reconvergence pessimism
                         -2.00    8.00   output external delay
                                  8.00   data required time
-----------------------------------------------------------------------------
                                  8.00   data required time
                                 -1.69   data arrival time
-----------------------------------------------------------------------------
                                  6.31   slack (MET)



==========================================================================
resizer report_checks -unconstrained
--------------------------------------------------------------------------
Startpoint: start (input port clocked by vclk)
Endpoint: rx_data[7]$_SDFFE_PN0P_
          (rising edge-triggered flip-flop clocked by core_clock)
Path Group: core_clock
Path Type: max

Fanout     Cap    Slew   Delay    Time   Description
-----------------------------------------------------------------------------
                  0.00    0.00    0.00   clock vclk (rise edge)
                          0.00    0.00   clock network delay (ideal)
                          2.00    2.00 v input external delay
     1    0.00    0.00    0.00    2.00 v start (in)
                                         start (net)
                  0.00    0.00    2.00 v input13/A (sky130_fd_sc_hd__clkdlybuf4s50_1)
     5    0.01    0.12    0.47    2.47 v input13/X (sky130_fd_sc_hd__clkdlybuf4s50_1)
                                         net12 (net)
                  0.12    0.00    2.47 v _225_/B (sky130_fd_sc_hd__nand2_1)
    28    0.10    0.86    0.67    3.14 ^ _225_/Y (sky130_fd_sc_hd__nand2_1)
                                         _058_ (net)
                  0.86    0.00    3.14 ^ _226_/C (sky130_fd_sc_hd__nand3_1)
     8    0.05    0.55    0.60    3.74 v _226_/Y (sky130_fd_sc_hd__nand3_1)
                                         _059_ (net)
                  0.55    0.00    3.74 v _371_/S (sky130_fd_sc_hd__mux2i_1)
     1    0.00    0.17    0.32    4.06 ^ _371_/Y (sky130_fd_sc_hd__mux2i_1)
                                         _172_ (net)
                  0.17    0.00    4.06 ^ _372_/A (sky130_fd_sc_hd__nor2b_1)
     1    0.00    0.04    0.06    4.12 v _372_/Y (sky130_fd_sc_hd__nor2b_1)
                                         _045_ (net)
                  0.04    0.00    4.12 v rx_data[7]$_SDFFE_PN0P_/D (sky130_fd_sc_hd__dfxtp_1)
                                  4.12   data arrival time

                  0.00   10.00   10.00   clock core_clock (rise edge)
                          0.00   10.00   clock network delay (ideal)
                          0.00   10.00   clock reconvergence pessimism
                                 10.00 ^ rx_data[7]$_SDFFE_PN0P_/CLK (sky130_fd_sc_hd__dfxtp_1)
                         -0.12    9.88   library setup time
                                  9.88   data required time
-----------------------------------------------------------------------------
                                  9.88   data required time
                                 -4.12   data arrival time
-----------------------------------------------------------------------------
                                  5.76   slack (MET)


Startpoint: state[6]$_DFF_P_
            (rising edge-triggered flip-flop clocked by core_clock)
Endpoint: sda_oe (output port clocked by vclk)
Path Group: vclk
Path Type: max

Fanout     Cap    Slew   Delay    Time   Description
-----------------------------------------------------------------------------
                  0.00    0.00    0.00   clock core_clock (rise edge)
                          0.00    0.00   clock network delay (ideal)
                  0.00    0.00    0.00 ^ state[6]$_DFF_P_/CLK (sky130_fd_sc_hd__dfxtp_1)
    15    0.07    0.31    0.49    0.49 v state[6]$_DFF_P_/Q (sky130_fd_sc_hd__dfxtp_1)
                                         state[6] (net)
                  0.31    0.00    0.49 v _250_/C (sky130_fd_sc_hd__nor4_1)
     3    0.01    0.48    0.52    1.01 ^ _250_/Y (sky130_fd_sc_hd__nor4_1)
                                         _075_ (net)
                  0.48    0.00    1.01 ^ _438_/B (sky130_fd_sc_hd__nand2_1)
     1    0.00    0.08    0.09    1.10 v _438_/Y (sky130_fd_sc_hd__nand2_1)
                                         _220_ (net)
                  0.08    0.00    1.10 v _439_/B1 (sky130_fd_sc_hd__o21ai_0)
     1    0.00    0.17    0.10    1.20 ^ _439_/Y (sky130_fd_sc_hd__o21ai_0)
                                         net32 (net)
                  0.17    0.00    1.20 ^ output34/A (sky130_fd_sc_hd__clkdlybuf4s50_1)
     1    0.00    0.03    0.49    1.69 ^ output34/X (sky130_fd_sc_hd__clkdlybuf4s50_1)
                                         sda_oe (net)
                  0.03    0.00    1.69 ^ sda_oe (out)
                                  1.69   data arrival time

                  0.00   10.00   10.00   clock vclk (rise edge)
                          0.00   10.00   clock network delay (ideal)
                          0.00   10.00   clock reconvergence pessimism
                         -2.00    8.00   output external delay
                                  8.00   data required time
-----------------------------------------------------------------------------
                                  8.00   data required time
                                 -1.69   data arrival time
-----------------------------------------------------------------------------
                                  6.31   slack (MET)



==========================================================================
resizer report_check_types -max_slew -max_cap -max_fanout -violators
--------------------------------------------------------------------------

==========================================================================
resizer max_slew_check_slack
--------------------------------------------------------------------------
0.6400411128997803

==========================================================================
resizer max_slew_check_limit
--------------------------------------------------------------------------
1.4963760375976562

==========================================================================
resizer max_slew_check_slack_limit
--------------------------------------------------------------------------
0.4277

==========================================================================
resizer max_fanout_check_slack
--------------------------------------------------------------------------
1.0000000150474662e+30

==========================================================================
resizer max_fanout_check_limit
--------------------------------------------------------------------------
1.0000000150474662e+30

==========================================================================
resizer max_capacitance_check_slack
--------------------------------------------------------------------------
0.026384394615888596

==========================================================================
resizer max_capacitance_check_limit
--------------------------------------------------------------------------
0.03663099929690361

==========================================================================
resizer max_capacitance_check_slack_limit
--------------------------------------------------------------------------
0.7203

==========================================================================
resizer max_slew_violation_count
--------------------------------------------------------------------------
max slew violation count 0

==========================================================================
resizer max_fanout_violation_count
--------------------------------------------------------------------------
max fanout violation count 0

==========================================================================
resizer max_cap_violation_count
--------------------------------------------------------------------------
max cap violation count 0

==========================================================================
resizer setup_violation_count
--------------------------------------------------------------------------
setup violation count 0

==========================================================================
resizer hold_violation_count
--------------------------------------------------------------------------
hold violation count 0

==========================================================================
resizer report_checks -path_delay max reg to reg
--------------------------------------------------------------------------
Startpoint: bit_cnt[1]$_SDFFE_PN0P_
            (rising edge-triggered flip-flop clocked by core_clock)
Endpoint: rx_shift[0]$_SDFFE_PN0P_
          (rising edge-triggered flip-flop clocked by core_clock)
Path Group: core_clock
Path Type: max

  Delay    Time   Description
---------------------------------------------------------
   0.00    0.00   clock core_clock (rise edge)
   0.00    0.00   clock network delay (ideal)
   0.00    0.00 ^ bit_cnt[1]$_SDFFE_PN0P_/CLK (sky130_fd_sc_hd__dfxtp_1)
   0.39    0.39 v bit_cnt[1]$_SDFFE_PN0P_/Q (sky130_fd_sc_hd__dfxtp_1)
   0.12    0.51 ^ _266_/Y (sky130_fd_sc_hd__inv_1)
   0.23    0.74 ^ _441_/COUT (sky130_fd_sc_hd__ha_1)
   0.41    1.15 v _308_/X (sky130_fd_sc_hd__or3b_4)
   0.46    1.61 v _311_/X (sky130_fd_sc_hd__a221o_1)
   0.53    2.15 v _329_/X (sky130_fd_sc_hd__or4_4)
   0.20    2.35 ^ _348_/Y (sky130_fd_sc_hd__o32ai_2)
   0.00    2.35 ^ rx_shift[0]$_SDFFE_PN0P_/D (sky130_fd_sc_hd__dfxtp_1)
           2.35   data arrival time

  10.00   10.00   clock core_clock (rise edge)
   0.00   10.00   clock network delay (ideal)
   0.00   10.00   clock reconvergence pessimism
          10.00 ^ rx_shift[0]$_SDFFE_PN0P_/CLK (sky130_fd_sc_hd__dfxtp_1)
  -0.09    9.91   library setup time
           9.91   data required time
---------------------------------------------------------
           9.91   data required time
          -2.35   data arrival time
---------------------------------------------------------
           7.56   slack (MET)



==========================================================================
resizer report_checks -path_delay min reg to reg
--------------------------------------------------------------------------
Startpoint: div_cnt[0]$_SDFF_PP0_
            (rising edge-triggered flip-flop clocked by core_clock)
Endpoint: div_cnt[0]$_SDFF_PP0_
          (rising edge-triggered flip-flop clocked by core_clock)
Path Group: core_clock
Path Type: min

  Delay    Time   Description
---------------------------------------------------------
   0.00    0.00   clock core_clock (rise edge)
   0.00    0.00   clock network delay (ideal)
   0.00    0.00 ^ div_cnt[0]$_SDFF_PP0_/CLK (sky130_fd_sc_hd__dfxtp_1)
   0.31    0.31 ^ div_cnt[0]$_SDFF_PP0_/Q (sky130_fd_sc_hd__dfxtp_1)
   0.05    0.36 v _246_/Y (sky130_fd_sc_hd__nor3_1)
   0.00    0.36 v div_cnt[0]$_SDFF_PP0_/D (sky130_fd_sc_hd__dfxtp_1)
           0.36   data arrival time

   0.00    0.00   clock core_clock (rise edge)
   0.00    0.00   clock network delay (ideal)
   0.00    0.00   clock reconvergence pessimism
           0.00 ^ div_cnt[0]$_SDFF_PP0_/CLK (sky130_fd_sc_hd__dfxtp_1)
  -0.06   -0.06   library hold time
          -0.06   data required time
---------------------------------------------------------
          -0.06   data required time
          -0.36   data arrival time
---------------------------------------------------------
           0.41   slack (MET)



==========================================================================
resizer critical path target clock latency max path
--------------------------------------------------------------------------
0.0000

==========================================================================
resizer critical path target clock latency min path
--------------------------------------------------------------------------
0.0000

==========================================================================
resizer critical path source clock latency min path
--------------------------------------------------------------------------
0.0000

==========================================================================
resizer critical path delay
--------------------------------------------------------------------------
4.1238

==========================================================================
resizer critical path slack
--------------------------------------------------------------------------
5.7555

==========================================================================
resizer slack div critical path delay
--------------------------------------------------------------------------
139.567874

==========================================================================
resizer report_power
--------------------------------------------------------------------------
Group                  Internal  Switching    Leakage      Total
                          Power      Power      Power      Power (Watts)
----------------------------------------------------------------
Sequential             2.10e-04   5.93e-06   4.07e-10   2.16e-04  85.1%
Combinational          1.94e-05   1.85e-05   5.50e-10   3.79e-05  14.9%
Clock                  0.00e+00   0.00e+00   0.00e+00   0.00e+00   0.0%
Macro                  0.00e+00   0.00e+00   0.00e+00   0.00e+00   0.0%
Pad                    0.00e+00   0.00e+00   0.00e+00   0.00e+00   0.0%
----------------------------------------------------------------
Total                  2.29e-04   2.44e-05   9.57e-10   2.54e-04 100.0%
                          90.4%       9.6%       0.0%
