
==========================================================================
cts final report_tns
--------------------------------------------------------------------------
tns max 0.00

==========================================================================
cts final report_wns
--------------------------------------------------------------------------
wns max 0.00

==========================================================================
cts final report_worst_slack
--------------------------------------------------------------------------
worst slack max 2.78

==========================================================================
cts final report_clock_min_period
--------------------------------------------------------------------------
vclk period_min = 7.22 fmax = 138.49

==========================================================================
cts final report_clock_skew
--------------------------------------------------------------------------
Clock vclk
No launch/capture paths found.


==========================================================================
cts final report_checks -path_delay min
--------------------------------------------------------------------------
Startpoint: data_in[14] (input port clocked by vclk)
Endpoint: codeword[20] (output port clocked by vclk)
Path Group: vclk
Path Type: min

Fanout     Cap    Slew   Delay    Time   Description
-----------------------------------------------------------------------------
                  0.00    0.00    0.00   clock vclk (rise edge)
                          0.00    0.00   clock network delay (ideal)
                          2.00    2.00 v input external delay
     1    0.00    0.00    0.00    2.00 v data_in[14] (in)
                                         data_in[14] (net)
                  0.00    0.00    2.00 v input6/A (sky130_fd_sc_hd__clkdlybuf4s50_1)
     2    0.01    0.07    0.42    2.42 v input6/X (sky130_fd_sc_hd__clkdlybuf4s50_1)
                                         net6 (net)
                  0.07    0.00    2.42 v output77/A (sky130_fd_sc_hd__clkdlybuf4s50_1)
     1    0.00    0.04    0.42    2.84 v output77/X (sky130_fd_sc_hd__clkdlybuf4s50_1)
                                         codeword[20] (net)
                  0.04    0.00    2.84 v codeword[20] (out)
                                  2.84   data arrival time

                  0.00    0.00    0.00   clock vclk (rise edge)
                          0.00    0.00   clock network delay (ideal)
                          0.00    0.00   clock reconvergence pessimism
                         -2.00   -2.00   output external delay
                                 -2.00   data required time
-----------------------------------------------------------------------------
                                 -2.00   data required time
                                 -2.84   data arrival time
-----------------------------------------------------------------------------
                                  4.84   slack (MET)



==========================================================================
cts final report_checks -path_delay max
--------------------------------------------------------------------------
Startpoint: data_in[55] (input port clocked by vclk)
Endpoint: codeword[0] (output port clocked by vclk)
Path Group: vclk
Path Type: max

Fanout     Cap    Slew   Delay    Time   Description
-----------------------------------------------------------------------------
                  0.00    0.00    0.00   clock vclk (rise edge)
                          0.00    0.00   clock network delay (ideal)
                          2.00    2.00 v input external delay
     1    0.00    0.00    0.00    2.00 v data_in[55] (in)
                                         data_in[55] (net)
                  0.00    0.00    2.00 v input51/A (sky130_fd_sc_hd__clkdlybuf4s50_1)
     3    0.02    0.14    0.49    2.49 v input51/X (sky130_fd_sc_hd__clkdlybuf4s50_1)
                                         net51 (net)
                  0.14    0.00    2.49 v _145_/B (sky130_fd_sc_hd__xnor2_1)
     2    0.02    0.49    0.44    2.93 ^ _145_/Y (sky130_fd_sc_hd__xnor2_1)
                                         _011_ (net)
                  0.49    0.00    2.93 ^ _148_/A (sky130_fd_sc_hd__xnor3_1)
     2    0.02    0.13    0.57    3.50 v _148_/X (sky130_fd_sc_hd__xnor3_1)
                                         _014_ (net)
                  0.13    0.00    3.50 v _152_/A (sky130_fd_sc_hd__xnor2_1)
     2    0.01    0.27    0.30    3.80 ^ _152_/Y (sky130_fd_sc_hd__xnor2_1)
                                         _018_ (net)
                  0.27    0.00    3.80 ^ _216_/A (sky130_fd_sc_hd__xnor2_1)
     1    0.01    0.19    0.18    3.99 ^ _216_/Y (sky130_fd_sc_hd__xnor2_1)
                                         _076_ (net)
                  0.19    0.00    3.99 ^ _218_/B (sky130_fd_sc_hd__xnor3_1)
     1    0.00    0.07    0.34    4.33 v _218_/X (sky130_fd_sc_hd__xnor3_1)
                                         _078_ (net)
                  0.07    0.00    4.33 v _221_/A (sky130_fd_sc_hd__xnor3_1)
     1    0.01    0.09    0.39    4.72 ^ _221_/X (sky130_fd_sc_hd__xnor3_1)
                                         net65 (net)
                  0.09    0.00    4.72 ^ output65/A (sky130_fd_sc_hd__clkdlybuf4s50_1)
     1    0.01    0.07    0.50    5.22 ^ output65/X (sky130_fd_sc_hd__clkdlybuf4s50_1)
                                         codeword[0] (net)
                  0.07    0.00    5.22 ^ codeword[0] (out)
                                  5.22   data arrival time

                  0.00   10.00   10.00   clock vclk (rise edge)
                          0.00   10.00   clock network delay (ideal)
                          0.00   10.00   clock reconvergence pessimism
                         -2.00    8.00   output external delay
                                  8.00   data required time
-----------------------------------------------------------------------------
                                  8.00   data required time
                                 -5.22   data arrival time
-----------------------------------------------------------------------------
                                  2.78   slack (MET)



==========================================================================
cts final report_checks -unconstrained
--------------------------------------------------------------------------
Startpoint: data_in[55] (input port clocked by vclk)
Endpoint: codeword[0] (output port clocked by vclk)
Path Group: vclk
Path Type: max

Fanout     Cap    Slew   Delay    Time   Description
-----------------------------------------------------------------------------
                  0.00    0.00    0.00   clock vclk (rise edge)
                          0.00    0.00   clock network delay (ideal)
                          2.00    2.00 v input external delay
     1    0.00    0.00    0.00    2.00 v data_in[55] (in)
                                         data_in[55] (net)
                  0.00    0.00    2.00 v input51/A (sky130_fd_sc_hd__clkdlybuf4s50_1)
     3    0.02    0.14    0.49    2.49 v input51/X (sky130_fd_sc_hd__clkdlybuf4s50_1)
                                         net51 (net)
                  0.14    0.00    2.49 v _145_/B (sky130_fd_sc_hd__xnor2_1)
     2    0.02    0.49    0.44    2.93 ^ _145_/Y (sky130_fd_sc_hd__xnor2_1)
                                         _011_ (net)
                  0.49    0.00    2.93 ^ _148_/A (sky130_fd_sc_hd__xnor3_1)
     2    0.02    0.13    0.57    3.50 v _148_/X (sky130_fd_sc_hd__xnor3_1)
                                         _014_ (net)
                  0.13    0.00    3.50 v _152_/A (sky130_fd_sc_hd__xnor2_1)
     2    0.01    0.27    0.30    3.80 ^ _152_/Y (sky130_fd_sc_hd__xnor2_1)
                                         _018_ (net)
                  0.27    0.00    3.80 ^ _216_/A (sky130_fd_sc_hd__xnor2_1)
     1    0.01    0.19    0.18    3.99 ^ _216_/Y (sky130_fd_sc_hd__xnor2_1)
                                         _076_ (net)
                  0.19    0.00    3.99 ^ _218_/B (sky130_fd_sc_hd__xnor3_1)
     1    0.00    0.07    0.34    4.33 v _218_/X (sky130_fd_sc_hd__xnor3_1)
                                         _078_ (net)
                  0.07    0.00    4.33 v _221_/A (sky130_fd_sc_hd__xnor3_1)
     1    0.01    0.09    0.39    4.72 ^ _221_/X (sky130_fd_sc_hd__xnor3_1)
                                         net65 (net)
                  0.09    0.00    4.72 ^ output65/A (sky130_fd_sc_hd__clkdlybuf4s50_1)
     1    0.01    0.07    0.50    5.22 ^ output65/X (sky130_fd_sc_hd__clkdlybuf4s50_1)
                                         codeword[0] (net)
                  0.07    0.00    5.22 ^ codeword[0] (out)
                                  5.22   data arrival time

                  0.00   10.00   10.00   clock vclk (rise edge)
                          0.00   10.00   clock network delay (ideal)
                          0.00   10.00   clock reconvergence pessimism
                         -2.00    8.00   output external delay
                                  8.00   data required time
-----------------------------------------------------------------------------
                                  8.00   data required time
                                 -5.22   data arrival time
-----------------------------------------------------------------------------
                                  2.78   slack (MET)



==========================================================================
cts final report_check_types -max_slew -max_cap -max_fanout -violators
--------------------------------------------------------------------------

==========================================================================
cts final max_slew_check_slack
--------------------------------------------------------------------------
0.9179849624633789

==========================================================================
cts final max_slew_check_limit
--------------------------------------------------------------------------
1.4892979860305786

==========================================================================
cts final max_slew_check_slack_limit
--------------------------------------------------------------------------
0.6164

==========================================================================
cts final max_fanout_check_slack
--------------------------------------------------------------------------
1.0000000150474662e+30

==========================================================================
cts final max_fanout_check_limit
--------------------------------------------------------------------------
1.0000000150474662e+30

==========================================================================
cts final max_capacitance_check_slack
--------------------------------------------------------------------------
0.04404257982969284

==========================================================================
cts final max_capacitance_check_limit
--------------------------------------------------------------------------
0.0695900022983551

==========================================================================
cts final max_capacitance_check_slack_limit
--------------------------------------------------------------------------
0.6329

==========================================================================
cts final max_slew_violation_count
--------------------------------------------------------------------------
max slew violation count 0

==========================================================================
cts final max_fanout_violation_count
--------------------------------------------------------------------------
max fanout violation count 0

==========================================================================
cts final max_cap_violation_count
--------------------------------------------------------------------------
max cap violation count 0

==========================================================================
cts final setup_violation_count
--------------------------------------------------------------------------
setup violation count 0

==========================================================================
cts final hold_violation_count
--------------------------------------------------------------------------
hold violation count 0

==========================================================================
cts final critical path delay
--------------------------------------------------------------------------
5.2209

==========================================================================
cts final critical path slack
--------------------------------------------------------------------------
2.7791

==========================================================================
cts final slack div critical path delay
--------------------------------------------------------------------------
53.230286

==========================================================================
cts final report_power
--------------------------------------------------------------------------
Group                  Internal  Switching    Leakage      Total
                          Power      Power      Power      Power (Watts)
----------------------------------------------------------------
Sequential             0.00e+00   0.00e+00   0.00e+00   0.00e+00   0.0%
Combinational          4.72e-04   2.15e-04   1.20e-09   6.87e-04 100.0%
Clock                  0.00e+00   0.00e+00   0.00e+00   0.00e+00   0.0%
Macro                  0.00e+00   0.00e+00   0.00e+00   0.00e+00   0.0%
Pad                    0.00e+00   0.00e+00   0.00e+00   0.00e+00   0.0%
----------------------------------------------------------------
Total                  4.72e-04   2.15e-04   1.20e-09   6.87e-04 100.0%
                          68.7%      31.3%       0.0%
