make: Entering directory '/root/OpenROAD-flow-scripts/flow'
/root/OpenROAD-flow-scripts/flow/scripts/flow.sh 4_1_cts cts
Running cts.tcl, stage 4_1_cts
read_liberty /root/OpenROAD-flow-scripts/flow/platforms/sky130hd/lib/sky130_fd_sc_hd__tt_025C_1v80.lib
read_db ./results/sky130hd/chia_sha256_benchmark_corrupted/slot1/3_place.odb
read_sdc ./results/sky130hd/chia_sha256_benchmark_corrupted/slot1/3_place.sdc
source /root/OpenROAD-flow-scripts/flow/platforms/sky130hd/setRC.tcl
clock_tree_synthesis -sink_clustering_enable -repair_clock_nets
[INFO CTS-0050] Root buffer is sky130_fd_sc_hd__clkbuf_16.
[INFO CTS-0051] Sink buffer is sky130_fd_sc_hd__clkbuf_16.
[INFO CTS-0052] The following clock buffers will be used for CTS:
                    sky130_fd_sc_hd__clkbuf_16
[INFO CTS-0049] Characterization buffer is sky130_fd_sc_hd__clkbuf_16.
[INFO CTS-0007] Net "clk" found for clock "core_clock".
[INFO CTS-0010]  Clock net "clk" has 2568 sinks.
[INFO CTS-0008] TritonCTS found 1 clock nets.
[INFO CTS-0097] Characterization used 1 buffer(s) types.
[INFO CTS-0201] 0 blockages from hard placement blockages and placed macros will be used.
[INFO CTS-0027] Generating H-Tree topology for net clk.
[INFO CTS-0028]  Total number of sinks: 2568.
[INFO CTS-0090]  Sinks will be clustered based on buffer max cap.
[INFO CTS-0030]  Number of static layers: 0.
[INFO CTS-0020]  Wire segment unit: 13600  dbu (13 um).
[INFO CTS-0206] Best clustering solution was found from max clustering size of 14 and max clustering diameter of 196.
[INFO CTS-0019]  Total number of sinks after clustering: 267.
[INFO CTS-0024]  Normalized sink region: [(0.645221, 0.726103), (42.063, 41.64)].
[INFO CTS-0025]     Width:  41.4178.
[INFO CTS-0026]     Height: 40.9139.
 Level 1
    Direction: Horizontal
    Sinks per sub-region: 134
    Sub-region size: 20.7089 X 40.9139
[INFO CTS-0034]     Segment length (rounded): 10.
 Level 2
    Direction: Vertical
    Sinks per sub-region: 67
    Sub-region size: 20.7089 X 20.4569
[INFO CTS-0034]     Segment length (rounded): 10.
 Level 3
    Direction: Horizontal
    Sinks per sub-region: 34
    Sub-region size: 10.3545 X 20.4569
[INFO CTS-0034]     Segment length (rounded): 6.
 Level 4
    Direction: Vertical
    Sinks per sub-region: 17
    Sub-region size: 10.3545 X 10.2285
[INFO CTS-0034]     Segment length (rounded): 6.
 Level 5
    Direction: Horizontal
    Sinks per sub-region: 9
    Sub-region size: 5.1772 X 10.2285
[INFO CTS-0034]     Segment length (rounded): 2.
[INFO CTS-0038]  Stop criterion found. Sink region hpwl is smaller than max wirelength (1911.535 um) and max number of sinks is 15.
[INFO CTS-0035]  Number of sinks covered: 267.
[INFO CTS-0018]     Created 304 clock buffers.
[INFO CTS-0012]     Minimum number of buffers in the clock path: 4.
[INFO CTS-0013]     Maximum number of buffers in the clock path: 4.
[INFO CTS-0015]     Created 304 clock nets.
[INFO CTS-0016]     Fanout distribution for the current clock = 4:1, 5:4, 6:6, 7:16, 8:44, 9:71, 10:81, 11:56, 12:16, 13:2, 14:2..
[INFO CTS-0017]     Max level of the clock tree: 5.
[INFO CTS-0098] Clock net "clk"
[INFO CTS-0099]  Sinks 2812
[INFO CTS-0100]  Leaf buffers 267
[INFO CTS-0101]  Average sink wire length 935.33 um
[INFO CTS-0102]  Path depth 3 - 4
[INFO CTS-0207]  Dummy loads inserted 244
[INFO CTS-0500] Runtime: 1.24s
estimate_parasitics -placement
detailed_placement
[INFO DPL-0006] Core area: 330268.00 um^2
[INFO DPL-0007] Movable instances area: 195124.64 um^2
[INFO DPL-0008] Fixed instances area within core: 5462.74 um^2
[INFO DPL-0009] Utilization: 60.7%
[INFO DPL-0005] Diamond search max displacement: +/- 500 sites horizontally, +/- 100 rows vertically.
[INFO DPL-1102] Legalizing using negotiation legalizer.
[INFO DPL-1103] Negotiation base search window: +/-20 sites horizontally, +/-5 rows vertically 
	Automatic search window extension enabled.
	Search window extendable up to the max displacement cap of +/-500 sites, +/-100 rows near walls.
[INFO DPL-1104] NegotiationLegalizer DRC penalty: 5.
[INFO DPL-0392] Negotiation cell height distribution (1 unique row-count(s)):
[INFO DPL-0393]   height 1 row(s): 20903 cells
          |      Total |  Illegal |  Illegal
Iteration | Violations |    Cells |    Sites
---------------------------------------------
        0 |        303 |        64 |       239
        1 |        106 |        17 |        89
        2 |         26 |         2 |        24
        3 |          0 |         0 |         0
Negotiation phase 1 converged at iteration 3.
[INFO DPL-0500] Runtime: 0.12s
Placement Analysis
---------------------------------
total displacement      20649.7 u
average displacement        1.0 u
max displacement           26.4 u
original HPWL          601727.1 u
legalized HPWL         612163.8 u
delta HPWL                    2 %

estimate_parasitics -placement
Warning: master sky130_ef_sc_hd__decap_12 has signal pins but no liberty cell
repair_timing -setup_margin 0.25 -hold_margin 0 -repair_tns 100 -match_cell_footprint -verbose
[INFO RSZ-0100] Repair move sequence: UnbufferMove SizeUpMove SwapPinsMove BufferMove CloneMove SplitLoadMove 
[INFO RSZ-0094] Found 36 endpoints with setup violations.
[INFO RSZ-0099] Repairing 36 out of 36 (100.00%) violating endpoints...
   Iter   | Removed | Resized | Inserted | Cloned |  Pin  |   Area   |    WNS   |   StTNS    |   EnTNS    |  Viol  |  Worst  
          | Buffers |  Gates  | Buffers  |  Gates | Swaps |          |          |            |            | Endpts | St/EnPt 
------------------------------------------------------------------------------------------------------------------------------
       0* |       0 |       0 |        0 |      0 |     0 |    +0.0% |   -0.379 |       -1.1 |       -4.0 |     36 | digest\[255\]$_DFFE_PN0P_/D
      10* |       0 |       5 |        1 |      0 |     3 |    +0.0% |   -0.393 |       -1.2 |       -3.3 |     36 | digest\[254\]$_DFFE_PN0P_/D
      20* |       0 |       7 |        4 |      0 |     8 |    +0.0% |   -0.376 |       -1.1 |       -3.9 |     36 | digest\[254\]$_DFFE_PN0P_/D
      30* |       0 |       9 |        6 |      1 |    13 |    +0.1% |   -0.326 |       -0.9 |       -3.3 |     36 | digest\[254\]$_DFFE_PN0P_/D
      40* |       0 |      15 |        8 |      1 |    16 |    +0.1% |   -0.312 |       -0.9 |       -2.9 |     36 | digest\[255\]$_DFFE_PN0P_/D
      50* |       0 |      17 |        9 |      1 |    23 |    +0.1% |   -0.337 |       -1.0 |       -3.2 |     36 | digest\[255\]$_DFFE_PN0P_/D
      60* |       0 |      17 |       11 |      1 |    31 |    +0.1% |   -0.374 |       -1.1 |       -3.7 |     36 | digest\[255\]$_DFFE_PN0P_/D
      70* |       0 |      20 |       13 |      2 |    36 |    +0.2% |   -0.353 |       -1.1 |       -3.6 |     36 | digest\[255\]$_DFFE_PN0P_/D
      80* |       0 |      22 |       16 |      2 |    41 |    +0.2% |   -0.479 |       -1.6 |       -6.0 |     36 | digest\[255\]$_DFFE_PN0P_/D
      87* |       0 |      13 |        8 |      1 |    15 |    +0.1% |   -0.302 |       -0.9 |       -3.0 |     36 | digest\[255\]$_DFFE_PN0P_/D
      90* |       0 |      13 |        9 |      1 |    16 |    +0.1% |   -0.302 |       -0.9 |       -3.0 |     36 | digest\[255\]$_DFFE_PN0P_/D
     100* |       0 |      18 |       10 |      1 |    20 |    +0.1% |   -0.306 |       -0.9 |       -3.5 |     36 | digest\[254\]$_DFFE_PN0P_/D
     110* |       0 |      18 |       12 |      1 |    28 |    +0.1% |   -0.326 |       -1.0 |       -3.7 |     36 | digest\[254\]$_DFFE_PN0P_/D
     120* |       0 |      18 |       12 |      1 |    38 |    +0.1% |   -0.442 |       -1.4 |       -5.3 |     36 | digest\[252\]$_DFFE_PN0P_/D
     130* |       0 |      22 |       14 |      3 |    40 |    +0.2% |   -0.426 |       -1.3 |       -5.3 |     36 | digest\[252\]$_DFFE_PN0P_/D
     140* |       0 |      25 |       14 |      3 |    47 |    +0.2% |   -0.504 |       -1.6 |       -6.7 |     36 | digest\[252\]$_DFFE_PN0P_/D
     143* |       0 |      14 |       10 |      1 |    17 |    +0.1% |   -0.302 |       -0.9 |       -3.0 |     36 | digest\[255\]$_DFFE_PN0P_/D
     150* |       0 |      16 |       12 |      1 |    19 |    +0.1% |   -0.285 |       -0.8 |       -2.8 |     36 | digest\[255\]$_DFFE_PN0P_/D
     160* |       0 |      24 |       12 |      1 |    21 |    +0.1% |   -0.274 |       -0.8 |       -2.5 |     36 | digest\[255\]$_DFFE_PN0P_/D
     164* |       0 |      23 |       12 |      1 |    21 |    +0.1% |   -0.270 |       -0.8 |       -2.5 |     36 | digest\[255\]$_DFFE_PN0P_/D
     169* |       0 |      25 |       13 |      1 |    21 |    +0.1% |   -0.270 |       -0.8 |       -2.5 |     36 | digest\[255\]$_DFFE_PN0P_/D
     170* |       0 |      25 |       13 |      1 |    21 |    +0.1% |   -0.270 |       -0.8 |       -2.5 |     36 | digest\[255\]$_DFFE_PN0P_/D
     177* |       0 |      25 |       13 |      1 |    28 |    +0.1% |   -0.270 |       -0.8 |       -2.6 |     36 | digest\[255\]$_DFFE_PN0P_/D
     180* |       0 |      26 |       13 |      1 |    29 |    +0.2% |   -0.270 |       -0.8 |       -2.6 |     36 | digest\[255\]$_DFFE_PN0P_/D
     181* |       0 |      27 |       13 |      1 |    29 |    +0.2% |   -0.270 |       -0.8 |       -2.6 |     36 | digest\[255\]$_DFFE_PN0P_/D
     184* |       0 |      27 |       13 |      1 |    29 |    +0.2% |   -0.270 |       -0.8 |       -2.6 |     36 | digest\[255\]$_DFFE_PN0P_/D
     190* |       0 |      29 |       14 |      1 |    31 |    +0.2% |   -0.278 |       -0.8 |       -2.6 |     36 | digest\[255\]$_DFFE_PN0P_/D
     200* |       0 |      34 |       17 |      1 |    33 |    +0.2% |   -0.267 |       -0.8 |       -2.5 |     36 | digest\[254\]$_DFFE_PN0P_/D
     210* |       0 |      39 |       20 |      1 |    36 |    +0.2% |   -0.267 |       -0.8 |       -2.5 |     36 | digest\[254\]$_DFFE_PN0P_/D
     220* |       0 |      40 |       22 |      2 |    42 |    +0.2% |   -0.352 |       -0.9 |       -4.3 |     36 | digest\[255\]$_DFFE_PN0P_/D
     230* |       0 |      42 |       23 |      2 |    49 |    +0.2% |   -0.346 |       -0.9 |       -4.2 |     36 | digest\[254\]$_DFFE_PN0P_/D
     240* |       0 |      46 |       24 |      2 |    54 |    +0.3% |   -0.346 |       -0.9 |       -4.2 |     36 | digest\[254\]$_DFFE_PN0P_/D
     250* |       0 |      52 |       26 |      2 |    56 |    +0.3% |   -0.346 |       -0.9 |       -4.1 |     36 | digest\[254\]$_DFFE_PN0P_/D
     260* |       0 |      57 |       28 |      2 |    59 |    +0.3% |   -0.346 |       -0.9 |       -4.1 |     36 | digest\[254\]$_DFFE_PN0P_/D
     261* |       0 |      40 |       20 |      1 |    36 |    +0.2% |   -0.267 |       -0.8 |       -2.5 |     36 | digest\[254\]$_DFFE_PN0P_/D
     270* |       0 |      43 |       21 |      1 |    40 |    +0.2% |   -0.267 |       -0.8 |       -2.2 |     36 | digest\[254\]$_DFFE_PN0P_/D
     280* |       0 |      51 |       23 |      1 |    40 |    +0.3% |   -0.267 |       -0.8 |       -2.3 |     36 | digest\[254\]$_DFFE_PN0P_/D
     290* |       0 |      54 |       26 |      1 |    44 |    +0.3% |   -0.308 |       -0.9 |       -2.5 |     36 | digest\[254\]$_DFFE_PN0P_/D
     300* |       0 |      61 |       27 |      1 |    46 |    +0.3% |   -0.266 |       -0.8 |       -2.1 |     36 | digest\[254\]$_DFFE_PN0P_/D
     303* |       0 |      63 |       27 |      1 |    47 |    +0.3% |   -0.266 |       -0.8 |       -2.1 |     36 | digest\[254\]$_DFFE_PN0P_/D
     306* |       0 |      63 |       27 |      1 |    49 |    +0.3% |   -0.266 |       -0.8 |       -2.1 |     36 | digest\[254\]$_DFFE_PN0P_/D
     310* |       0 |      64 |       28 |      1 |    50 |    +0.3% |   -0.266 |       -0.8 |       -2.1 |     36 | digest\[254\]$_DFFE_PN0P_/D
     320* |       0 |      71 |       28 |      1 |    53 |    +0.3% |   -0.266 |       -0.8 |       -2.1 |     36 | digest\[254\]$_DFFE_PN0P_/D
     321* |       0 |      72 |       28 |      1 |    53 |    +0.3% |   -0.266 |       -0.8 |       -2.1 |     36 | digest\[254\]$_DFFE_PN0P_/D
     330* |       0 |      78 |       29 |      1 |    54 |    +0.3% |   -0.266 |       -0.8 |       -1.7 |     36 | digest\[254\]$_DFFE_PN0P_/D
     340* |       0 |      83 |       30 |      1 |    58 |    +0.3% |   -0.266 |       -0.8 |       -1.6 |     36 | digest\[254\]$_DFFE_PN0P_/D
     350* |       0 |      87 |       31 |      1 |    63 |    +0.4% |   -0.338 |       -1.0 |       -2.5 |     36 | digest\[255\]$_DFFE_PN0P_/D
     360* |       0 |      93 |       32 |      1 |    66 |    +0.4% |   -0.318 |       -0.9 |       -2.1 |     36 | digest\[255\]$_DFFE_PN0P_/D
     370* |       0 |      97 |       32 |      1 |    72 |    +0.4% |   -0.318 |       -0.9 |       -2.1 |     36 | digest\[255\]$_DFFE_PN0P_/D
     380* |       0 |     104 |       35 |      1 |    73 |    +0.4% |   -0.318 |       -0.9 |       -2.1 |     36 | digest\[255\]$_DFFE_PN0P_/D
     390* |       0 |     106 |       37 |      1 |    79 |    +0.5% |   -0.387 |       -1.2 |       -2.4 |     36 | digest\[255\]$_DFFE_PN0P_/D
     396* |       0 |      85 |       31 |      1 |    61 |    +0.4% |   -0.266 |       -0.8 |       -1.7 |     36 | digest\[254\]$_DFFE_PN0P_/D
     400* |       0 |      87 |       31 |      1 |    62 |    +0.4% |   -0.266 |       -0.8 |       -1.7 |     36 | digest\[254\]$_DFFE_PN0P_/D
     410* |       0 |      93 |       34 |      1 |    63 |    +0.4% |   -0.266 |       -0.8 |       -1.7 |     36 | digest\[254\]$_DFFE_PN0P_/D
     410* |       0 |      89 |       31 |      1 |    62 |    +0.4% |   -0.266 |       -0.8 |       -1.7 |     36 | digest\[254\]$_DFFE_PN0P_/D
     420* |       0 |      95 |       32 |      1 |    64 |    +0.4% |   -0.266 |       -0.8 |       -1.7 |     36 | digest\[254\]$_DFFE_PN0P_/D
     430* |       0 |     102 |       33 |      1 |    66 |    +0.4% |   -0.285 |       -0.9 |       -1.8 |     36 | digest\[254\]$_DFFE_PN0P_/D
     440* |       0 |     107 |       34 |      1 |    70 |    +0.4% |   -0.285 |       -0.9 |       -1.8 |     36 | digest\[254\]$_DFFE_PN0P_/D
     450* |       0 |     113 |       35 |      1 |    73 |    +0.5% |   -0.285 |       -0.9 |       -1.8 |     36 | digest\[254\]$_DFFE_PN0P_/D
     460* |       0 |     115 |       38 |      1 |    78 |    +0.5% |   -0.296 |       -0.9 |       -2.0 |     36 | digest\[254\]$_DFFE_PN0P_/D
     470* |       0 |     120 |       39 |      1 |    82 |    +0.5% |   -0.285 |       -0.9 |       -2.9 |     36 | digest\[254\]$_DFFE_PN0P_/D
     475* |       0 |      99 |       32 |      1 |    65 |    +0.4% |   -0.266 |       -0.8 |       -1.7 |     36 | digest\[254\]$_DFFE_PN0P_/D
     480* |       0 |     102 |       32 |      1 |    66 |    +0.4% |   -0.266 |       -0.8 |       -1.7 |     36 | digest\[254\]$_DFFE_PN0P_/D
     490* |       0 |     110 |       34 |      1 |    66 |    +0.4% |   -0.266 |       -0.8 |       -1.6 |     36 | digest\[254\]$_DFFE_PN0P_/D
     500* |       0 |     115 |       35 |      1 |    70 |    +0.5% |   -0.272 |       -0.8 |       -1.7 |     36 | digest\[254\]$_DFFE_PN0P_/D
     510* |       0 |     119 |       35 |      1 |    76 |    +0.5% |   -0.272 |       -0.8 |       -1.7 |     36 | digest\[254\]$_DFFE_PN0P_/D
     520* |       0 |     126 |       38 |      1 |    76 |    +0.5% |   -0.268 |       -0.8 |       -2.1 |     36 | digest\[255\]$_DFFE_PN0P_/D
     522* |       0 |     111 |       35 |      1 |    67 |    +0.4% |   -0.266 |       -0.8 |       -1.6 |     36 | digest\[254\]$_DFFE_PN0P_/D
     530* |       0 |     112 |       37 |      1 |    71 |    +0.5% |   -0.266 |       -0.8 |       -1.6 |     36 | digest\[254\]$_DFFE_PN0P_/D
     540* |       0 |     114 |       39 |      1 |    77 |    +0.5% |   -0.266 |       -0.8 |       -1.6 |     36 | digest\[254\]$_DFFE_PN0P_/D
     550* |       0 |     118 |       41 |      1 |    81 |    +0.5% |   -0.266 |       -0.8 |       -1.7 |     36 | digest\[254\]$_DFFE_PN0P_/D
     560* |       0 |     123 |       42 |      3 |    83 |    +0.5% |   -0.271 |       -0.8 |       -1.7 |     36 | digest\[254\]$_DFFE_PN0P_/D
     570* |       0 |     125 |       42 |      3 |    91 |    +0.6% |   -0.271 |       -0.8 |       -1.7 |     36 | digest\[254\]$_DFFE_PN0P_/D
     570* |       0 |     111 |       37 |      1 |    68 |    +0.5% |   -0.266 |       -0.8 |       -1.6 |     36 | digest\[254\]$_DFFE_PN0P_/D
     580* |       0 |     114 |       41 |      1 |    70 |    +0.5% |   -0.272 |       -0.8 |       -1.7 |     36 | digest\[254\]$_DFFE_PN0P_/D
     590* |       0 |     119 |       44 |      1 |    72 |    +0.5% |   -0.266 |       -0.8 |       -2.2 |     36 | digest\[254\]$_DFFE_PN0P_/D
     600* |       0 |     128 |       45 |      1 |    72 |    +0.5% |   -0.266 |       -0.8 |       -2.1 |     36 | digest\[254\]$_DFFE_PN0P_/D
     605* |       0 |     113 |       39 |      1 |    69 |    +0.5% |   -0.266 |       -0.8 |       -1.6 |     36 | digest\[254\]$_DFFE_PN0P_/D
     610* |       0 |     116 |       39 |      1 |    70 |    +0.5% |   -0.273 |       -0.8 |       -1.6 |     36 | digest\[254\]$_DFFE_PN0P_/D
     610* |       0 |     115 |       39 |      1 |    69 |    +0.5% |   -0.266 |       -0.8 |       -1.6 |     36 | digest\[254\]$_DFFE_PN0P_/D
     618* |       0 |     119 |       39 |      1 |    72 |    +0.5% |   -0.266 |       -0.8 |       -1.6 |     36 | digest\[254\]$_DFFE_PN0P_/D
     620* |       0 |     119 |       39 |      1 |    73 |    +0.5% |   -0.266 |       -0.8 |       -1.6 |     36 | digest\[254\]$_DFFE_PN0P_/D
     630* |       0 |     124 |       39 |      1 |    78 |    +0.5% |   -0.272 |       -0.8 |       -1.6 |     36 | digest\[254\]$_DFFE_PN0P_/D
     640* |       0 |     131 |       42 |      1 |    78 |    +0.5% |   -0.266 |       -0.8 |       -2.0 |     36 | digest\[254\]$_DFFE_PN0P_/D
     641* |       0 |     125 |       40 |      1 |    78 |    +0.5% |   -0.266 |       -0.8 |       -1.6 |     36 | digest\[254\]$_DFFE_PN0P_/D
     650* |       0 |     130 |       42 |      1 |    79 |    +0.5% |   -0.266 |       -0.8 |       -1.7 |     36 | digest\[254\]$_DFFE_PN0P_/D
     660* |       0 |     138 |       44 |      1 |    79 |    +0.6% |   -0.266 |       -0.8 |       -2.2 |     36 | digest\[254\]$_DFFE_PN0P_/D
     667* |       0 |     126 |       41 |      1 |    79 |    +0.5% |   -0.266 |       -0.8 |       -1.6 |     36 | digest\[254\]$_DFFE_PN0P_/D
     670* |       0 |     127 |       41 |      1 |    80 |    +0.5% |   -0.266 |       -0.8 |       -1.6 |     36 | digest\[254\]$_DFFE_PN0P_/D
     671* |       0 |     128 |       41 |      1 |    80 |    +0.5% |   -0.266 |       -0.8 |       -1.6 |     36 | digest\[254\]$_DFFE_PN0P_/D
     680* |       0 |     132 |       44 |      1 |    81 |    +0.5% |   -0.266 |       -0.8 |       -2.1 |     36 | digest\[254\]$_DFFE_PN0P_/D
     688* |       0 |     128 |       41 |      1 |    81 |    +0.5% |   -0.266 |       -0.8 |       -1.6 |     36 | digest\[254\]$_DFFE_PN0P_/D
     690* |       0 |     129 |       41 |      1 |    81 |    +0.5% |   -0.267 |       -0.8 |       -1.6 |     36 | digest\[254\]$_DFFE_PN0P_/D
     699* |       0 |     128 |       41 |      1 |    81 |    +0.5% |   -0.266 |       -0.8 |       -1.6 |     36 | digest\[254\]$_DFFE_PN0P_/D
     700* |       0 |     128 |       41 |      1 |    81 |    +0.5% |   -0.266 |       -0.8 |       -1.6 |     36 | digest\[254\]$_DFFE_PN0P_/D
     710* |       0 |     135 |       43 |      1 |    82 |    +0.5% |   -0.266 |       -0.8 |       -1.6 |     36 | digest\[254\]$_DFFE_PN0P_/D
     715* |       0 |     131 |       41 |      1 |    82 |    +0.5% |   -0.266 |       -0.8 |       -1.6 |     36 | digest\[254\]$_DFFE_PN0P_/D
     720* |       0 |     133 |       42 |      1 |    83 |    +0.5% |   -0.266 |       -0.8 |       -1.7 |     36 | digest\[254\]$_DFFE_PN0P_/D
     730* |       0 |     142 |       43 |      1 |    83 |    +0.6% |   -0.266 |       -0.8 |       -2.2 |     36 | digest\[254\]$_DFFE_PN0P_/D
     740* |       0 |     150 |       44 |      1 |    84 |    +0.6% |   -0.266 |       -0.8 |       -2.0 |     36 | digest\[254\]$_DFFE_PN0P_/D
     747* |       0 |     132 |       41 |      1 |    83 |    +0.5% |   -0.266 |       -0.8 |       -1.6 |     36 | digest\[254\]$_DFFE_PN0P_/D
     750* |       0 |     133 |       42 |      1 |    83 |    +0.5% |   -0.266 |       -0.8 |       -1.6 |     36 | digest\[254\]$_DFFE_PN0P_/D
     750* |       0 |     133 |       42 |      1 |    83 |    +0.5% |   -0.266 |       -0.8 |       -1.6 |     36 | digest\[254\]$_DFFE_PN0P_/D
     758* |       0 |     137 |       43 |      1 |    85 |    +0.5% |   -0.266 |       -0.8 |       -1.6 |     36 | digest\[254\]$_DFFE_PN0P_/D
     760* |       0 |     138 |       43 |      1 |    85 |    +0.5% |   -0.266 |       -0.8 |       -1.6 |     36 | digest\[254\]$_DFFE_PN0P_/D
     770* |       0 |     143 |       44 |      1 |    89 |    +0.6% |   -0.266 |       -0.8 |       -1.7 |     36 | digest\[254\]$_DFFE_PN0P_/D
     780* |       0 |     151 |       45 |      1 |    90 |    +0.6% |   -0.266 |       -0.8 |       -2.0 |     36 | digest\[254\]$_DFFE_PN0P_/D
     784* |       0 |     141 |       43 |      1 |    89 |    +0.6% |   -0.266 |       -0.8 |       -1.6 |     36 | digest\[254\]$_DFFE_PN0P_/D
     790* |       0 |     144 |       45 |      1 |    89 |    +0.6% |   -0.266 |       -0.8 |       -1.6 |     36 | digest\[254\]$_DFFE_PN0P_/D
     800* |       0 |     148 |       47 |      2 |    92 |    +0.6% |   -0.266 |       -0.8 |       -1.6 |     36 | digest\[254\]$_DFFE_PN0P_/D
     807* |       0 |     148 |       46 |      2 |    92 |    +0.6% |   -0.266 |       -0.8 |       -1.6 |     36 | digest\[254\]$_DFFE_PN0P_/D
     810* |       0 |     149 |       46 |      2 |    93 |    +0.6% |   -0.266 |       -0.8 |       -1.6 |     36 | digest\[254\]$_DFFE_PN0P_/D
     818* |       0 |     151 |       46 |      2 |    93 |    +0.6% |   -0.266 |       -0.8 |       -1.6 |     36 | digest\[254\]$_DFFE_PN0P_/D
     819* |       0 |     151 |       46 |      2 |    93 |    +0.6% |   -0.266 |       -0.8 |       -1.6 |     36 | digest\[254\]$_DFFE_PN0P_/D
     820* |       0 |     151 |       46 |      2 |    93 |    +0.6% |   -0.266 |       -0.8 |       -1.6 |     36 | digest\[254\]$_DFFE_PN0P_/D
     830* |       0 |     157 |       47 |      2 |    96 |    +0.6% |   -0.266 |       -0.8 |       -1.6 |     36 | digest\[254\]$_DFFE_PN0P_/D
     833* |       0 |     160 |       47 |      2 |    96 |    +0.6% |   -0.266 |       -0.8 |       -1.6 |     36 | digest\[254\]$_DFFE_PN0P_/D
     837* |       0 |     160 |       47 |      2 |    96 |    +0.6% |   -0.266 |       -0.8 |       -1.6 |     36 | digest\[254\]$_DFFE_PN0P_/D
     839* |       0 |     161 |       47 |      2 |    96 |    +0.6% |   -0.266 |       -0.8 |       -1.6 |     36 | digest\[254\]$_DFFE_PN0P_/D
     840* |       0 |     161 |       47 |      2 |    96 |    +0.6% |   -0.266 |       -0.8 |       -1.6 |     36 | digest\[254\]$_DFFE_PN0P_/D
     840* |       0 |     161 |       47 |      2 |    96 |    +0.6% |   -0.266 |       -0.8 |       -1.6 |     36 | digest\[254\]$_DFFE_PN0P_/D
     840* |       0 |     161 |       47 |      2 |    96 |    +0.6% |   -0.266 |       -0.8 |       -1.6 |     36 | digest\[254\]$_DFFE_PN0P_/D
     840+ |       0 |     161 |       47 |      2 |    96 |    +0.6% |   -0.266 |       -0.8 |       -1.6 |     32 | digest\[254\]$_DFFE_PN0P_/D
     841+ |       0 |     161 |       47 |      2 |    96 |    +0.6% |   -0.266 |       -0.8 |       -1.6 |     32 | digest\[254\]$_DFFE_PN0P_/D
     842+ |       0 |     161 |       47 |      2 |    96 |    +0.6% |   -0.266 |       -0.8 |       -1.6 |     32 | digest\[254\]$_DFFE_PN0P_/D
     844+ |       0 |     162 |       47 |      2 |    96 |    +0.6% |   -0.266 |       -0.8 |       -1.6 |     32 | digest\[254\]$_DFFE_PN0P_/D
     845+ |       0 |     162 |       47 |      2 |    96 |    +0.6% |   -0.266 |       -0.8 |       -1.6 |     32 | digest\[254\]$_DFFE_PN0P_/D
     848+ |       0 |     162 |       47 |      2 |    98 |    +0.6% |   -0.266 |       -0.8 |       -1.6 |     32 | digest\[254\]$_DFFE_PN0P_/D
     849+ |       0 |     162 |       47 |      2 |    98 |    +0.6% |   -0.266 |       -0.8 |       -1.6 |     32 | digest\[254\]$_DFFE_PN0P_/D
     850+ |       0 |     162 |       47 |      2 |    98 |    +0.6% |   -0.266 |       -0.8 |       -1.6 |     32 | digest\[254\]$_DFFE_PN0P_/D
     850+ |       0 |     162 |       47 |      2 |    98 |    +0.6% |   -0.266 |       -0.8 |       -1.6 |     32 | digest\[254\]$_DFFE_PN0P_/D
     851+ |       0 |     162 |       47 |      2 |    98 |    +0.6% |   -0.266 |       -0.8 |       -1.6 |     32 | digest\[254\]$_DFFE_PN0P_/D
     854+ |       0 |     164 |       47 |      2 |    98 |    +0.6% |   -0.266 |       -0.8 |       -1.6 |     32 | digest\[254\]$_DFFE_PN0P_/D
     855+ |       0 |     164 |       47 |      2 |    98 |    +0.6% |   -0.266 |       -0.8 |       -1.6 |     32 | digest\[254\]$_DFFE_PN0P_/D
     856+ |       0 |     164 |       47 |      2 |    98 |    +0.6% |   -0.266 |       -0.8 |       -1.6 |     32 | digest\[254\]$_DFFE_PN0P_/D
     857+ |       0 |     164 |       47 |      2 |    98 |    +0.6% |   -0.266 |       -0.8 |       -1.6 |     32 | digest\[254\]$_DFFE_PN0P_/D
     858+ |       0 |     164 |       47 |      2 |    98 |    +0.6% |   -0.266 |       -0.8 |       -1.6 |     32 | digest\[254\]$_DFFE_PN0P_/D
     859+ |       0 |     164 |       47 |      2 |    98 |    +0.6% |   -0.266 |       -0.8 |       -1.6 |     32 | digest\[254\]$_DFFE_PN0P_/D
     860+ |       0 |     164 |       47 |      2 |    98 |    +0.6% |   -0.266 |       -0.8 |       -1.6 |     32 | digest\[254\]$_DFFE_PN0P_/D
     860+ |       0 |     164 |       47 |      2 |    98 |    +0.6% |   -0.266 |       -0.8 |       -1.6 |     32 | digest\[254\]$_DFFE_PN0P_/D
     861+ |       0 |     164 |       47 |      2 |    98 |    +0.6% |   -0.266 |       -0.8 |       -1.6 |     32 | digest\[254\]$_DFFE_PN0P_/D
     862+ |       0 |     164 |       47 |      2 |    98 |    +0.6% |   -0.266 |       -0.8 |       -1.6 |     32 | digest\[254\]$_DFFE_PN0P_/D
     863+ |       0 |     164 |       47 |      2 |    98 |    +0.6% |   -0.266 |       -0.8 |       -1.6 |     32 | digest\[254\]$_DFFE_PN0P_/D
     864+ |       0 |     164 |       47 |      2 |    98 |    +0.6% |   -0.266 |       -0.8 |       -1.6 |     32 | digest\[254\]$_DFFE_PN0P_/D
     865+ |       0 |     164 |       47 |      2 |    98 |    +0.6% |   -0.266 |       -0.8 |       -1.6 |     32 | digest\[254\]$_DFFE_PN0P_/D
     866+ |       0 |     164 |       47 |      2 |    98 |    +0.6% |   -0.266 |       -0.8 |       -1.6 |     32 | digest\[254\]$_DFFE_PN0P_/D
     867+ |       0 |     164 |       47 |      2 |    98 |    +0.6% |   -0.266 |       -0.8 |       -1.6 |     32 | digest\[254\]$_DFFE_PN0P_/D
     868+ |       0 |     164 |       47 |      2 |    98 |    +0.6% |   -0.266 |       -0.8 |       -1.6 |     32 | digest\[254\]$_DFFE_PN0P_/D
     869+ |       0 |     164 |       47 |      2 |    98 |    +0.6% |   -0.266 |       -0.8 |       -1.6 |     32 | digest\[254\]$_DFFE_PN0P_/D
     870+ |       0 |     164 |       47 |      2 |    98 |    +0.6% |   -0.266 |       -0.8 |       -1.6 |     32 | digest\[254\]$_DFFE_PN0P_/D
     870+ |       0 |     164 |       47 |      2 |    98 |    +0.6% |   -0.266 |       -0.8 |       -1.6 |     32 | digest\[254\]$_DFFE_PN0P_/D
     871+ |       0 |     164 |       47 |      2 |    98 |    +0.6% |   -0.266 |       -0.8 |       -1.6 |     32 | digest\[254\]$_DFFE_PN0P_/D
     872+ |       0 |     164 |       47 |      2 |    98 |    +0.6% |   -0.266 |       -0.8 |       -1.6 |     32 | digest\[254\]$_DFFE_PN0P_/D
     873+ |       0 |     164 |       47 |      2 |    98 |    +0.6% |   -0.266 |       -0.8 |       -1.6 |     32 | digest\[254\]$_DFFE_PN0P_/D
     874+ |       0 |     164 |       47 |      2 |    98 |    +0.6% |   -0.266 |       -0.8 |       -1.6 |     32 | digest\[254\]$_DFFE_PN0P_/D
     875+ |       0 |     164 |       47 |      2 |    98 |    +0.6% |   -0.266 |       -0.8 |       -1.6 |     32 | digest\[254\]$_DFFE_PN0P_/D
     876+ |       0 |     164 |       47 |      2 |    98 |    +0.6% |   -0.266 |       -0.8 |       -1.6 |     32 | digest\[254\]$_DFFE_PN0P_/D
     877+ |       0 |     164 |       47 |      2 |    98 |    +0.6% |   -0.266 |       -0.8 |       -1.6 |     32 | digest\[254\]$_DFFE_PN0P_/D
    final |       0 |     164 |       47 |      2 |    98 |    +0.6% |   -0.266 |       -0.8 |       -1.6 |     32 | digest\[254\]$_DFFE_PN0P_/D
------------------------------------------------------------------------------------------------------------------------------
[INFO RSZ-0040] Inserted 47 buffers.
[INFO RSZ-0051] Resized 164 instances: 164 up, 0 up match, 0 down, 0 VT
[INFO RSZ-0043] Swapped pins on 98 instances.
[INFO RSZ-0049] Cloned 2 instances.
[WARNING RSZ-0062] Unable to repair all setup violations.
[INFO RSZ-0505] Runtime: 15.71s
[INFO RSZ-0033] No hold violations found.
[INFO RSZ-0506] Runtime: 0.02s
Took 15 seconds: repair_timing -setup_margin 0.25 -hold_margin 0 -repair_tns 100 -match_cell_footprint -verbose
Warning: master sky130_ef_sc_hd__decap_12 has signal pins but no liberty cell
Repair timing output passed lec test
detailed_placement
[INFO DPL-0006] Core area: 330268.00 um^2
[INFO DPL-0007] Movable instances area: 196407.12 um^2
[INFO DPL-0008] Fixed instances area within core: 5462.74 um^2
[INFO DPL-0009] Utilization: 61.1%
[INFO DPL-0005] Diamond search max displacement: +/- 500 sites horizontally, +/- 100 rows vertically.
[INFO DPL-1102] Legalizing using negotiation legalizer.
[INFO DPL-1103] Negotiation base search window: +/-20 sites horizontally, +/-5 rows vertically 
	Automatic search window extension enabled.
	Search window extendable up to the max displacement cap of +/-500 sites, +/-100 rows near walls.
[INFO DPL-1104] NegotiationLegalizer DRC penalty: 5.
[INFO DPL-0392] Negotiation cell height distribution (1 unique row-count(s)):
[INFO DPL-0393]   height 1 row(s): 20952 cells
          |      Total |  Illegal |  Illegal
Iteration | Violations |    Cells |    Sites
---------------------------------------------
        0 |         16 |         6 |        10
        1 |          0 |         0 |         0
Negotiation phase 1 converged at iteration 1.
[INFO DPL-0500] Runtime: 0.11s
Placement Analysis
---------------------------------
total displacement        791.0 u
average displacement        0.0 u
max displacement           16.3 u
original HPWL          613230.8 u
legalized HPWL         614134.0 u
delta HPWL                    0 %

estimate_parasitics -placement
Report metrics stage 4, cts final...

==========================================================================
cts final report_design_area
--------------------------------------------------------------------------
Design area 201870 um^2 61% utilization.
write_db ./results/sky130hd/chia_sha256_benchmark_corrupted/slot1/4_1_cts.odb
write_sdc -no_timestamp ./results/sky130hd/chia_sha256_benchmark_corrupted/slot1/4_cts.sdc
Log                       Ext     Elapsed/s Peak Memory/MB sha1sum result [0:20)
4_1_cts                   .odb           70            373 b9d7430264729a39afef
cp ./results/sky130hd/chia_sha256_benchmark_corrupted/slot1/4_1_cts.odb ./results/sky130hd/chia_sha256_benchmark_corrupted/slot1/4_cts.odb
make: Leaving directory '/root/OpenROAD-flow-scripts/flow'

STDERR:
bash: /opt/miniconda/lib/libtinfo.so.6: no version information available (required by bash)
bash: /opt/miniconda/lib/libtinfo.so.6: no version information available (required by bash)
bash: /opt/miniconda/lib/libtinfo.so.6: no version information available (required by bash)
bash: /opt/miniconda/lib/libtinfo.so.6: no version information available (required by bash)
bash: /opt/miniconda/lib/libtinfo.so.6: no version information available (required by bash)
bash: /opt/miniconda/lib/libtinfo.so.6: no version information available (required by bash)
bash: /opt/miniconda/lib/libtinfo.so.6: no version information available (required by bash)
bash: /opt/miniconda/lib/libtinfo.so.6: no version information available (required by bash)
bash: /opt/miniconda/lib/libtinfo.so.6: no version information available (required by bash)
bash: /opt/miniconda/lib/libtinfo.so.6: no version information available (required by bash)
bash: /opt/miniconda/lib/libtinfo.so.6: no version information available (required by bash)
bash: /opt/miniconda/lib/libtinfo.so.6: no version information available (required by bash)
bash: /opt/miniconda/lib/libtinfo.so.6: no version information available (required by bash)
bash: /opt/miniconda/lib/libtinfo.so.6: no version information available (required by bash)
bash: /opt/miniconda/lib/libtinfo.so.6: no version information available (required by bash)
bash: /opt/miniconda/lib/libtinfo.so.6: no version information available (required by bash)
bash: /opt/miniconda/lib/libtinfo.so.6: no version information available (required by bash)
bash: /opt/miniconda/lib/libtinfo.so.6: no version information available (required by bash)
bash: /opt/miniconda/lib/libtinfo.so.6: no version information available (required by bash)
bash: /opt/miniconda/lib/libtinfo.so.6: no version information available (required by bash)
bash: /opt/miniconda/lib/libtinfo.so.6: no version information available (required by bash)
bash: /opt/miniconda/lib/libtinfo.so.6: no version information available (required by bash)
bash: /opt/miniconda/lib/libtinfo.so.6: no version information available (required by bash)
bash: /opt/miniconda/lib/libtinfo.so.6: no version information available (required by bash)
Elapsed time: 1:10.60[h:]min:sec. CPU time: user 70.79 sys 0.46 (100%). Peak memory: 382492KB.
bash: /opt/miniconda/lib/libtinfo.so.6: no version information available (required by bash)
bash: /opt/miniconda/lib/libtinfo.so.6: no version information available (required by bash)
bash: /opt/miniconda/lib/libtinfo.so.6: no version information available (required by bash)
bash: /opt/miniconda/lib/libtinfo.so.6: no version information available (required by bash)
bash: /opt/miniconda/lib/libtinfo.so.6: no version information available (required by bash)
bash: /opt/miniconda/lib/libtinfo.so.6: no version information available (required by bash)
bash: /opt/miniconda/lib/libtinfo.so.6: no version information available (required by bash)
bash: /opt/miniconda/lib/libtinfo.so.6: no version information available (required by bash)
bash: /opt/miniconda/lib/libtinfo.so.6: no version information available (required by bash)
bash: /opt/miniconda/lib/libtinfo.so.6: no version information available (required by bash)
bash: /opt/miniconda/lib/libtinfo.so.6: no version information available (required by bash)
bash: /opt/miniconda/lib/libtinfo.so.6: no version information available (required by bash)
bash: /opt/miniconda/lib/libtinfo.so.6: no version information available (required by bash)
