make: Entering directory '/root/OpenROAD-flow-scripts/flow'
./logs/sky130hd/chia_sha256_benchmark_corrupted/slot1
Log                       Ext     Elapsed/s Peak Memory/MB sha1sum result [0:20)
1_1_yosys_canonicalize    .rtlil          0             61 f3d5bb585136679b4dd0
1_2_yosys                 .v             14            109 adc387379b271f3fa690
1_2_yosys                 .sdc                             d994ccf4591c36c3cf01
1_synth                   .odb            0            164 8aa68d7a1037e1458e30
1_synth                   .sdc                             c6a9cbf95dcafd36e04a
2_1_floorplan             .odb           16            201 038b5a8dc8078c059ab4
2_1_floorplan             .sdc                             c6a9cbf95dcafd36e04a
2_2_floorplan_macro       .odb            0            147 038b5a8dc8078c059ab4
2_3_floorplan_tapcell     .odb            0            141 c965beb1477d740fc576
2_4_floorplan_pdn         .odb            0            164 7ebcb6f09d77e5dd31ad
3_1_place_gp_skip_io      .odb            1            171 7b549783ca41d6ead948
3_2_place_iop             .odb            0            155 cf7bcaf05f4a055a213b
3_3_place_gp              .odb           21            396 c1e4db83ce1bbc33d082
3_4_place_resized         .odb           21            219 f8e9b86cf4b7e5536d8a
3_5_place_dp              .odb            7            321 6b017f1c1a1e67815258
4_1_cts                   .odb           70            373 b9d7430264729a39afef
5_1_grt                   .odb          301            592 a922522e408175117b53
5_1_grt                   .sdc                             fbd418ede1419026c9bf
5_2_route                 .odb         3233           1514 646d4e8669863a559a3a
5_3_fillcell              .odb            0            216 62b5c4e0a29456704e8f
6_1_fill                  .odb            0            181 62b5c4e0a29456704e8f
6_1_fill                  .sdc                             fbd418ede1419026c9bf
6_1_merge                                 1            518                  N/A
6_report                                 17            527                  N/A
Total                                  3702           1514                     
mkdir -p ./reports/sky130hd/chia_sha256_benchmark_corrupted/slot1
echo /root/chia-orfs/rtl_to_gds_designs/sky130hd/chia_sha256_benchmark_corrupted > ./reports/sky130hd/chia_sha256_benchmark_corrupted/slot1/design-dir.txt
/opt/miniconda/envs/chia_env/bin/python3 /root/OpenROAD-flow-scripts/flow/util/genMetrics.py -d chia_sha256_benchmark_corrupted \
    -p sky130hd \
    -v slot1 \
    --logs ./logs/sky130hd/chia_sha256_benchmark_corrupted/slot1 \
    --reports ./reports/sky130hd/chia_sha256_benchmark_corrupted/slot1 \
    --results ./results/sky130hd/chia_sha256_benchmark_corrupted/slot1 \
    -o ./reports/sky130hd/chia_sha256_benchmark_corrupted/slot1/metadata.json 2>&1 \
    | tee /root/OpenROAD-flow-scripts/flow/reports/sky130hd/chia_sha256_benchmark_corrupted/slot1/metadata-generate.log
[WARN] not a git repo: /root/OpenROAD-flow-scripts/flow/util/../
[WARN] not a git repo: /root/OpenROAD-flow-scripts/flow/platforms/sky130hd
[WARN] Tag globalroute__timing__clock__slack not found in ./logs/sky130hd/chia_sha256_benchmark_corrupted/slot1/5_1_grt.log. Will use N/A.
[WARN] Overwriting Tag synth__runtime__total
[WARN] Overwriting Tag synth__cpu__total
[WARN] Overwriting Tag synth__mem__peak
[WARN] Overwriting Tag finish__runtime__total
[WARN] Overwriting Tag finish__cpu__total
[WARN] Overwriting Tag finish__mem__peak
/opt/miniconda/envs/chia_env/bin/python3 /root/OpenROAD-flow-scripts/flow/util/checkMetadata.py \
    -m ./reports/sky130hd/chia_sha256_benchmark_corrupted/slot1/metadata.json \
    -r /root/chia-orfs/rtl_to_gds_designs/sky130hd/chia_sha256_benchmark_corrupted/rules-slot1.json 2>&1 \
    | tee /root/OpenROAD-flow-scripts/flow/reports/sky130hd/chia_sha256_benchmark_corrupted/slot1/metadata-check.log
[WARN] File /root/chia-orfs/rtl_to_gds_designs/sky130hd/chia_sha256_benchmark_corrupted/rules-slot1.json not found
No rules
make: Leaving directory '/root/OpenROAD-flow-scripts/flow'

STDERR:
bash: /opt/miniconda/lib/libtinfo.so.6: no version information available (required by bash)
bash: /opt/miniconda/lib/libtinfo.so.6: no version information available (required by bash)
bash: /opt/miniconda/lib/libtinfo.so.6: no version information available (required by bash)
bash: /opt/miniconda/lib/libtinfo.so.6: no version information available (required by bash)
bash: /opt/miniconda/lib/libtinfo.so.6: no version information available (required by bash)
bash: /opt/miniconda/lib/libtinfo.so.6: no version information available (required by bash)
bash: /opt/miniconda/lib/libtinfo.so.6: no version information available (required by bash)
bash: /opt/miniconda/lib/libtinfo.so.6: no version information available (required by bash)
bash: /opt/miniconda/lib/libtinfo.so.6: no version information available (required by bash)
bash: /opt/miniconda/lib/libtinfo.so.6: no version information available (required by bash)
bash: /opt/miniconda/lib/libtinfo.so.6: no version information available (required by bash)
bash: /opt/miniconda/lib/libtinfo.so.6: no version information available (required by bash)
bash: /opt/miniconda/lib/libtinfo.so.6: no version information available (required by bash)
bash: /opt/miniconda/lib/libtinfo.so.6: no version information available (required by bash)
bash: /opt/miniconda/lib/libtinfo.so.6: no version information available (required by bash)
bash: /opt/miniconda/lib/libtinfo.so.6: no version information available (required by bash)
bash: /opt/miniconda/lib/libtinfo.so.6: no version information available (required by bash)
bash: /opt/miniconda/lib/libtinfo.so.6: no version information available (required by bash)
bash: /opt/miniconda/lib/libtinfo.so.6: no version information available (required by bash)
bash: /opt/miniconda/lib/libtinfo.so.6: no version information available (required by bash)
bash: /opt/miniconda/lib/libtinfo.so.6: no version information available (required by bash)
bash: /opt/miniconda/lib/libtinfo.so.6: no version information available (required by bash)
bash: /opt/miniconda/lib/libtinfo.so.6: no version information available (required by bash)
bash: /opt/miniconda/lib/libtinfo.so.6: no version information available (required by bash)
bash: /opt/miniconda/lib/libtinfo.so.6: no version information available (required by bash)
bash: /opt/miniconda/lib/libtinfo.so.6: no version information available (required by bash)
bash: /opt/miniconda/lib/libtinfo.so.6: no version information available (required by bash)
bash: /opt/miniconda/lib/libtinfo.so.6: no version information available (required by bash)
bash: /opt/miniconda/lib/libtinfo.so.6: no version information available (required by bash)
bash: /opt/miniconda/lib/libtinfo.so.6: no version information available (required by bash)
bash: /opt/miniconda/lib/libtinfo.so.6: no version information available (required by bash)
bash: /opt/miniconda/lib/libtinfo.so.6: no version information available (required by bash)
bash: /opt/miniconda/lib/libtinfo.so.6: no version information available (required by bash)
bash: /opt/miniconda/lib/libtinfo.so.6: no version information available (required by bash)
bash: /opt/miniconda/lib/libtinfo.so.6: no version information available (required by bash)
bash: /opt/miniconda/lib/libtinfo.so.6: no version information available (required by bash)
bash: /opt/miniconda/lib/libtinfo.so.6: no version information available (required by bash)
bash: /opt/miniconda/lib/libtinfo.so.6: no version information available (required by bash)
bash: /opt/miniconda/lib/libtinfo.so.6: no version information available (required by bash)
make: *** [/root/OpenROAD-flow-scripts/flow/util/utils.mk:36: metadata-check] Error 1
