make: Entering directory '/root/OpenROAD-flow-scripts/flow'
./logs/sky130hs/gcd/slot1
Log                       Ext     Elapsed/s Peak Memory/MB sha1sum result [0:20)
1_1_yosys_canonicalize    .rtlil          0            121 2e75b25be8e5a7e88cdf
1_2_yosys                 .v              0            123 1c0f31d55e53b1392ca7
1_2_yosys                 .sdc                             6b95ee329fb10311b5ed
1_synth                   .odb            0            146 80fc2cf135103259ee5c
1_synth                   .sdc                             15c4a3f0f3443523b7a2
2_1_floorplan             .odb            0            164 f2e40fff97ae2b6cf44c
2_1_floorplan             .sdc                             15c4a3f0f3443523b7a2
2_2_floorplan_macro       .odb            0            142 f2e40fff97ae2b6cf44c
2_3_floorplan_tapcell     .odb            0            143 f1895a995b336fe5ee65
2_4_floorplan_pdn         .odb            0            144 d61ec4b99fab67e02e3b
3_1_place_gp_skip_io      .odb            0            144 3659b22c79827347bcc2
3_2_place_iop             .odb            0            143 1674cfcd1e9b35674e9e
3_3_place_gp              .odb            1            269 1257f6b46272286f86b2
3_4_place_resized         .odb            1            169 fe12b523af7832f29f39
3_5_place_dp              .odb            0            149 de428153281383ae8c36
4_1_cts                   .odb            3            185 d0ec09f6447f29ab2059
5_1_grt                   .odb           17            283 71a8e31b2715ca8385fb
5_1_grt                   .sdc                             51aec277d801de39e77e
5_2_route                 .odb           25            615 66cef1cb4bf12f2f738e
5_3_fillcell              .odb            0            147 7b00c57a0b075966baea
6_1_fill                  .odb            0            144 7b00c57a0b075966baea
6_1_fill                  .sdc                             51aec277d801de39e77e
6_1_merge                                 1            430                  N/A
6_report                                  1            207                  N/A
Total                                    49            615                     
mkdir -p ./reports/sky130hs/gcd/slot1
echo /root/OpenROAD-flow-scripts/flow/designs/sky130hs/gcd > ./reports/sky130hs/gcd/slot1/design-dir.txt
/opt/miniconda/envs/chia_env/bin/python3 /root/OpenROAD-flow-scripts/flow/util/genMetrics.py -d gcd \
    -p sky130hs \
    -v slot1 \
    --logs ./logs/sky130hs/gcd/slot1 \
    --reports ./reports/sky130hs/gcd/slot1 \
    --results ./results/sky130hs/gcd/slot1 \
    -o ./reports/sky130hs/gcd/slot1/metadata.json 2>&1 \
    | tee /root/OpenROAD-flow-scripts/flow/reports/sky130hs/gcd/slot1/metadata-generate.log
[WARN] not a git repo: /root/OpenROAD-flow-scripts/flow/util/../
[WARN] not a git repo: /root/OpenROAD-flow-scripts/flow/platforms/sky130hs
[WARN] Tag globalroute__timing__clock__slack not found in ./logs/sky130hs/gcd/slot1/5_1_grt.log. Will use N/A.
[WARN] Overwriting Tag synth__runtime__total
[WARN] Overwriting Tag synth__cpu__total
[WARN] Overwriting Tag synth__mem__peak
[WARN] Overwriting Tag finish__runtime__total
[WARN] Overwriting Tag finish__cpu__total
[WARN] Overwriting Tag finish__mem__peak
/opt/miniconda/envs/chia_env/bin/python3 /root/OpenROAD-flow-scripts/flow/util/checkMetadata.py \
    -m ./reports/sky130hs/gcd/slot1/metadata.json \
    -r /root/OpenROAD-flow-scripts/flow/designs/sky130hs/gcd/rules-slot1.json 2>&1 \
    | tee /root/OpenROAD-flow-scripts/flow/reports/sky130hs/gcd/slot1/metadata-check.log
[WARN] File /root/OpenROAD-flow-scripts/flow/designs/sky130hs/gcd/rules-slot1.json not found
No rules
make: Leaving directory '/root/OpenROAD-flow-scripts/flow'

STDERR:
bash: /opt/miniconda/lib/libtinfo.so.6: no version information available (required by bash)
bash: /opt/miniconda/lib/libtinfo.so.6: no version information available (required by bash)
bash: /opt/miniconda/lib/libtinfo.so.6: no version information available (required by bash)
bash: /opt/miniconda/lib/libtinfo.so.6: no version information available (required by bash)
bash: /opt/miniconda/lib/libtinfo.so.6: no version information available (required by bash)
bash: /opt/miniconda/lib/libtinfo.so.6: no version information available (required by bash)
bash: /opt/miniconda/lib/libtinfo.so.6: no version information available (required by bash)
bash: /opt/miniconda/lib/libtinfo.so.6: no version information available (required by bash)
bash: /opt/miniconda/lib/libtinfo.so.6: no version information available (required by bash)
bash: /opt/miniconda/lib/libtinfo.so.6: no version information available (required by bash)
bash: /opt/miniconda/lib/libtinfo.so.6: no version information available (required by bash)
bash: /opt/miniconda/lib/libtinfo.so.6: no version information available (required by bash)
bash: /opt/miniconda/lib/libtinfo.so.6: no version information available (required by bash)
bash: /opt/miniconda/lib/libtinfo.so.6: no version information available (required by bash)
bash: /opt/miniconda/lib/libtinfo.so.6: no version information available (required by bash)
bash: /opt/miniconda/lib/libtinfo.so.6: no version information available (required by bash)
bash: /opt/miniconda/lib/libtinfo.so.6: no version information available (required by bash)
bash: /opt/miniconda/lib/libtinfo.so.6: no version information available (required by bash)
bash: /opt/miniconda/lib/libtinfo.so.6: no version information available (required by bash)
bash: /opt/miniconda/lib/libtinfo.so.6: no version information available (required by bash)
bash: /opt/miniconda/lib/libtinfo.so.6: no version information available (required by bash)
bash: /opt/miniconda/lib/libtinfo.so.6: no version information available (required by bash)
bash: /opt/miniconda/lib/libtinfo.so.6: no version information available (required by bash)
bash: /opt/miniconda/lib/libtinfo.so.6: no version information available (required by bash)
bash: /opt/miniconda/lib/libtinfo.so.6: no version information available (required by bash)
bash: /opt/miniconda/lib/libtinfo.so.6: no version information available (required by bash)
bash: /opt/miniconda/lib/libtinfo.so.6: no version information available (required by bash)
bash: /opt/miniconda/lib/libtinfo.so.6: no version information available (required by bash)
bash: /opt/miniconda/lib/libtinfo.so.6: no version information available (required by bash)
bash: /opt/miniconda/lib/libtinfo.so.6: no version information available (required by bash)
bash: /opt/miniconda/lib/libtinfo.so.6: no version information available (required by bash)
bash: /opt/miniconda/lib/libtinfo.so.6: no version information available (required by bash)
bash: /opt/miniconda/lib/libtinfo.so.6: no version information available (required by bash)
bash: /opt/miniconda/lib/libtinfo.so.6: no version information available (required by bash)
bash: /opt/miniconda/lib/libtinfo.so.6: no version information available (required by bash)
bash: /opt/miniconda/lib/libtinfo.so.6: no version information available (required by bash)
bash: /opt/miniconda/lib/libtinfo.so.6: no version information available (required by bash)
bash: /opt/miniconda/lib/libtinfo.so.6: no version information available (required by bash)
bash: /opt/miniconda/lib/libtinfo.so.6: no version information available (required by bash)
make: *** [/root/OpenROAD-flow-scripts/flow/util/utils.mk:36: metadata-check] Error 1
