make: Entering directory '/root/OpenROAD-flow-scripts/flow'
/root/OpenROAD-flow-scripts/flow/scripts/flow.sh 3_1_place_gp_skip_io global_place_skip_io
Running global_place_skip_io.tcl, stage 3_1_place_gp_skip_io
read_liberty /root/OpenROAD-flow-scripts/flow/platforms/sky130hs/lib/sky130_fd_sc_hs__tt_025C_1v80.lib
read_db ./results/sky130hs/gcd/slot1/2_floorplan.odb
read_sdc ./results/sky130hs/gcd/slot1/2_floorplan.sdc
source /root/OpenROAD-flow-scripts/flow/platforms/sky130hs/setRC.tcl
[INFO GPL-0022] Initialize gpl and calculate uniform density.
Placement density is 0.5960000193119049, computed from PLACE_DENSITY_LB_ADDON  0.1 and lower bound 0.5400000214576721
global_placement -skip_io -density 0.5960000193119049 -pad_left 0 -pad_right 0
[INFO GPL-0001] ---- Initialize GPL Main Data Structures
[INFO GPL-0002] DBU: 1000
[INFO GPL-0003] SiteSize: (  0.480  3.330 ) um
[INFO GPL-0004] CoreBBox: (  1.440  3.330 ) ( 96.000 93.240 ) um
[INFO GPL-0016] Core area:                    8501.890 um^2
[INFO GPL-0036] Movable instances area:       4024.771 um^2
[INFO GPL-0037] Total instances area:         4163.832 um^2
[INFO GPL-0035] Pin density area adjust:       487.013 um^2
[INFO GPL-0032] ---- Initialize Region: Top-level
[INFO GPL-0006] Number of instances:               472
[INFO GPL-0007] Movable instances:                 385
[INFO GPL-0008] Fixed instances:                    87
[INFO GPL-0009] Dummy instances:                     0
[INFO GPL-0010] Number of nets:                    421
[INFO GPL-0011] Number of pins:                   1281
[INFO GPL-0012] Die BBox:       (  0.000  0.000 ) ( 97.125 97.125 ) um
[INFO GPL-0013] Placement BBox: (  1.440  3.330 ) ( 96.000 93.240 ) um
[INFO GPL-0014] Region name: top-level.
[INFO GPL-0015] Region area:                  8501.890 um^2
[INFO GPL-0017] Fixed instances area:          139.061 um^2
[INFO GPL-0018] Movable instances area:       4511.784 um^2
[INFO GPL-0019] Utilization:                    53.950 %
[INFO GPL-0020] Standard cells area:          4511.784 um^2
[INFO GPL-0021] Large instances area:            0.000 um^2
[INFO GPL-0005] ---- Execute Conjugate Gradient Initial Placement.
[INFO GPL-0051] Source of initial instance position counters:
	Odb location = 0	Core center = 385	Region center = 0
[INFO GPL-0033] ---- Initialize Nesterov Region: Top-level
[INFO GPL-0023] Placement target density:       0.5960
[INFO GPL-0024] Movable insts average area:     11.719 um^2
[INFO GPL-0025] Ideal bin area:                 19.663 um^2
[INFO GPL-0026] Ideal bin count:                   432
[INFO GPL-0027] Total bin area:               8501.890 um^2
[INFO GPL-0028] Bin count (X, Y):          16 ,     16
[INFO GPL-0029] Bin size (W * H):       5.910 *  5.619 um
[INFO GPL-0030] Number of bins:                    256
[INFO GPL-0084] ---- Execute Nesterov Global Placement.
[INFO GPL-0031] HPWL: Half-Perimeter Wirelength
Iteration | Overflow |     HPWL (um) |  HPWL(%) |   Penalty | Group
---------------------------------------------------------------
        0 |   0.9717 |  8.235210e+02 |   +0.00% |  4.07e-14 |      
       10 |   0.9655 |  8.071090e+02 |   -1.99% |  6.63e-14 |      
       20 |   0.9655 |  8.017170e+02 |   -0.67% |  1.08e-13 |      
       30 |   0.9655 |  8.019990e+02 |   +0.04% |  1.76e-13 |      
       40 |   0.9655 |  8.024510e+02 |   +0.06% |  2.86e-13 |      
       50 |   0.9655 |  8.023360e+02 |   -0.01% |  4.66e-13 |      
       60 |   0.9655 |  8.026860e+02 |   +0.04% |  7.60e-13 |      
       70 |   0.9655 |  8.033750e+02 |   +0.09% |  1.24e-12 |      
       80 |   0.9655 |  8.052530e+02 |   +0.23% |  2.02e-12 |      
       90 |   0.9655 |  8.084080e+02 |   +0.39% |  3.28e-12 |      
      100 |   0.9655 |  8.137640e+02 |   +0.66% |  5.35e-12 |      
      110 |   0.9655 |  8.247190e+02 |   +1.35% |  8.71e-12 |      
      120 |   0.9655 |  8.531920e+02 |   +3.45% |  1.42e-11 |      
      130 |   0.9534 |  9.836830e+02 |  +15.29% |  2.31e-11 |      
      140 |   0.9245 |  1.384616e+03 |  +40.76% |  3.77e-11 |      
      150 |   0.9005 |  1.640576e+03 |  +18.49% |  6.13e-11 |      
      160 |   0.8906 |  1.853239e+03 |  +12.96% |  9.99e-11 |      
      170 |   0.8518 |  2.198406e+03 |  +18.63% |  1.63e-10 |      
      180 |   0.8186 |  2.464974e+03 |  +12.13% |  2.65e-10 |      
      190 |   0.7837 |  2.896050e+03 |  +17.49% |  4.32e-10 |      
      200 |   0.7394 |  3.170806e+03 |   +9.49% |  7.03e-10 |      
      210 |   0.6990 |  3.526290e+03 |  +11.21% |  1.15e-09 |      
      220 |   0.6508 |  3.925420e+03 |  +11.32% |  1.87e-09 |      
      230 |   0.6007 |  4.223761e+03 |   +7.60% |  3.04e-09 |      
      240 |   0.5504 |  4.551092e+03 |   +7.75% |  4.95e-09 |      
      250 |   0.4987 |  4.858291e+03 |   +6.75% |  8.06e-09 |      
      260 |   0.4443 |  5.124792e+03 |   +5.49% |  1.31e-08 |      
      270 |   0.3839 |  5.307239e+03 |   +3.56% |  2.14e-08 |      
      280 |   0.3234 |  5.504831e+03 |   +3.72% |  3.38e-08 |      
      290 |   0.2810 |  5.639478e+03 |   +2.45% |  4.98e-08 |      
      300 |   0.2426 |  5.770809e+03 |   +2.33% |  7.34e-08 |      
      310 |   0.2044 |  5.851991e+03 |   +1.41% |  1.08e-07 |      
      320 |   0.1763 |  5.929140e+03 |   +1.32% |  1.59e-07 |      
      330 |   0.1495 |  5.982584e+03 |   +0.90% |  2.35e-07 |      
      340 |   0.1189 |  6.045602e+03 |   +1.05% |  3.45e-07 |      
      350 |   0.1031 |  6.081496e+03 |   +0.59% |  5.09e-07 |      
      352 |   0.0994 |  6.088100e+03 |          |  5.72e-07 |      
---------------------------------------------------------------
[INFO GPL-1001] Global placement finished at iteration 352
[INFO GPL-1002] Placed Cell Area             4511.7839
[INFO GPL-1003] Available Free Area          8362.8288
[INFO GPL-1004] Minimum Feasible Density        0.5400 (cell_area / free_area)
[INFO GPL-1006]   Suggested Target Densities:
[INFO GPL-1007]     - For 90% usage of free space: 0.5994
[INFO GPL-1008]     - For 80% usage of free space: 0.6744
[INFO GPL-1014] Final placement area: 4511.78 (+0.00%)
Design area 4164 um^2 49% utilization.
write_db ./results/sky130hs/gcd/slot1/3_1_place_gp_skip_io.odb
Log                       Ext     Elapsed/s Peak Memory/MB sha1sum result [0:20)
3_1_place_gp_skip_io      .odb            0            144 3659b22c79827347bcc2
/root/OpenROAD-flow-scripts/flow/scripts/flow.sh 3_2_place_iop io_placement
Running io_placement.tcl, stage 3_2_place_iop
read_liberty /root/OpenROAD-flow-scripts/flow/platforms/sky130hs/lib/sky130_fd_sc_hs__tt_025C_1v80.lib
read_db ./results/sky130hs/gcd/slot1/3_1_place_gp_skip_io.odb
read_sdc ./results/sky130hs/gcd/slot1/2_floorplan.sdc
source /root/OpenROAD-flow-scripts/flow/platforms/sky130hs/setRC.tcl
place_pins -hor_layers met3 -ver_layers met2
Found 0 macro blocks.
Using 2 tracks default min distance between IO pins.
[INFO PPL-0001] Number of available slots 322
[INFO PPL-0002] Number of I/O             54
[INFO PPL-0003] Number of I/O w/sink      54
[INFO PPL-0004] Number of I/O w/o sink    0
[INFO PPL-0005] Slots per section         200
[INFO PPL-0008] Successfully assigned pins to sections.
[INFO PPL-0012] I/O nets HPWL: 1618.15 um.
Design area 4164 um^2 49% utilization.
write_db ./results/sky130hs/gcd/slot1/3_2_place_iop.odb
Log                       Ext     Elapsed/s Peak Memory/MB sha1sum result [0:20)
3_2_place_iop             .odb            0            143 1674cfcd1e9b35674e9e
/root/OpenROAD-flow-scripts/flow/scripts/flow.sh 3_3_place_gp global_place
Running global_place.tcl, stage 3_3_place_gp
read_liberty /root/OpenROAD-flow-scripts/flow/platforms/sky130hs/lib/sky130_fd_sc_hs__tt_025C_1v80.lib
read_db ./results/sky130hs/gcd/slot1/3_2_place_iop.odb
read_sdc ./results/sky130hs/gcd/slot1/2_floorplan.sdc
source /root/OpenROAD-flow-scripts/flow/platforms/sky130hs/setRC.tcl
[INFO RSZ-0026] Removed 8 buffers.
Perform port buffering...
[INFO RSZ-0027] Inserted 35 sky130_fd_sc_hs__buf_1 input buffers.
[INFO RSZ-0028] Inserted 18 sky130_fd_sc_hs__buf_1 output buffers.
[INFO GPL-0022] Initialize gpl and calculate uniform density.
Placement density is 0.6229999935626984, computed from PLACE_DENSITY_LB_ADDON  0.1 and lower bound 0.5699999928474426
global_placement -density 0.6229999935626984 -pad_left 0 -pad_right 0 -routability_driven -timing_driven -force_center_initial_place -min_phi_coef 0.95 -max_phi_coef 1.05
[INFO GPL-0001] ---- Initialize GPL Main Data Structures
[INFO GPL-0002] DBU: 1000
[INFO GPL-0003] SiteSize: (  0.480  3.330 ) um
[INFO GPL-0004] CoreBBox: (  1.440  3.330 ) ( 96.000 93.240 ) um
[INFO GPL-0016] Core area:                    8501.890 um^2
[INFO GPL-0036] Movable instances area:       4282.114 um^2
[INFO GPL-0037] Total instances area:         4421.174 um^2
[INFO GPL-0035] Pin density area adjust:       483.676 um^2
[INFO GPL-0032] ---- Initialize Region: Top-level
[INFO GPL-0006] Number of instances:               517
[INFO GPL-0007] Movable instances:                 430
[INFO GPL-0008] Fixed instances:                    87
[INFO GPL-0009] Dummy instances:                     0
[INFO GPL-0010] Number of nets:                    466
[INFO GPL-0011] Number of pins:                   1425
[INFO GPL-0012] Die BBox:       (  0.000  0.000 ) ( 97.125 97.125 ) um
[INFO GPL-0013] Placement BBox: (  1.440  3.330 ) ( 96.000 93.240 ) um
[INFO GPL-0014] Region name: top-level.
[INFO GPL-0015] Region area:                  8501.890 um^2
[INFO GPL-0017] Fixed instances area:          139.061 um^2
[INFO GPL-0018] Movable instances area:       4765.789 um^2
[INFO GPL-0019] Utilization:                    56.988 %
[INFO GPL-0020] Standard cells area:          4765.789 um^2
[INFO GPL-0021] Large instances area:            0.000 um^2
[INFO GPL-0005] ---- Execute Conjugate Gradient Initial Placement.
[INFO GPL-0051] Source of initial instance position counters:
	Odb location = 0	Core center = 430	Region center = 0
[InitialPlace]  Iter: 1 conjugate gradient residual: 0.00000009 HPWL: 10199985
[InitialPlace]  Iter: 2 conjugate gradient residual: 0.00000006 HPWL: 6669029
[InitialPlace]  Iter: 3 conjugate gradient residual: 0.00000009 HPWL: 6640128
[InitialPlace]  Iter: 4 conjugate gradient residual: 0.00000011 HPWL: 6633417
[InitialPlace]  Iter: 5 conjugate gradient residual: 0.00000006 HPWL: 6633411
[INFO GPL-0033] ---- Initialize Nesterov Region: Top-level
[INFO GPL-0023] Placement target density:       0.6230
[INFO GPL-0024] Movable insts average area:     11.083 um^2
[INFO GPL-0025] Ideal bin area:                 17.790 um^2
[INFO GPL-0026] Ideal bin count:                   477
[INFO GPL-0027] Total bin area:               8501.890 um^2
[INFO GPL-0028] Bin count (X, Y):          16 ,     16
[INFO GPL-0029] Bin size (W * H):       5.910 *  5.619 um
[INFO GPL-0030] Number of bins:                    256
[INFO GPL-0084] ---- Execute Nesterov Global Placement.
[INFO GPL-0031] HPWL: Half-Perimeter Wirelength
Iteration | Overflow |     HPWL (um) |  HPWL(%) |   Penalty | Group
---------------------------------------------------------------
        0 |   0.8474 |  3.737025e+03 |   +0.00% |  2.32e-14 |      
       10 |   0.7348 |  4.461279e+03 |  +19.38% |  3.78e-14 |      
       20 |   0.7250 |  4.502134e+03 |   +0.92% |  6.16e-14 |      
       30 |   0.7304 |  4.483227e+03 |   -0.42% |  1.00e-13 |      
       40 |   0.7294 |  4.491407e+03 |   +0.18% |  1.63e-13 |      
       50 |   0.7284 |  4.496256e+03 |   +0.11% |  2.66e-13 |      
       60 |   0.7294 |  4.489566e+03 |   -0.15% |  4.33e-13 |      
       70 |   0.7291 |  4.489304e+03 |   -0.01% |  7.06e-13 |      
       80 |   0.7289 |  4.489850e+03 |   +0.01% |  1.15e-12 |      
       90 |   0.7289 |  4.490985e+03 |   +0.03% |  1.87e-12 |      
      100 |   0.7284 |  4.494690e+03 |   +0.08% |  3.05e-12 |      
      110 |   0.7279 |  4.497851e+03 |   +0.07% |  4.97e-12 |      
      120 |   0.7271 |  4.502220e+03 |   +0.10% |  8.09e-12 |      
      130 |   0.7257 |  4.509850e+03 |   +0.17% |  1.32e-11 |      
      140 |   0.7234 |  4.522484e+03 |   +0.28% |  2.15e-11 |      
      150 |   0.7196 |  4.542675e+03 |   +0.45% |  3.50e-11 |      
      160 |   0.7125 |  4.571691e+03 |   +0.64% |  5.70e-11 |      
      170 |   0.7008 |  4.613456e+03 |   +0.91% |  9.28e-11 |      
      180 |   0.6912 |  4.674264e+03 |   +1.32% |  1.51e-10 |      
      190 |   0.6796 |  4.762638e+03 |   +1.89% |  2.46e-10 |      
      200 |   0.6592 |  4.881830e+03 |   +2.50% |  4.01e-10 |      
      210 |   0.6352 |  5.003682e+03 |   +2.50% |  6.53e-10 |      
[INFO GPL-0100] Timing-driven iteration 1/2, virtual: false.
[INFO GPL-0101]    Iter: 212, overflow: 0.632, keep resizer changes at: 1, HPWL: 5016456
Iteration |   Area    | Resized | Buffers | Nets repaired | Remaining
---------------------------------------------------------------------
        0 |     +0.0% |       0 |       0 |             0 |       466
    final |     +0.0% |       0 |       0 |             0 |         0
---------------------------------------------------------------------
   Iter   |    Area   | Removed | Inserted |   Pins
          |           | Buffers | Buffers  | Remaining
-------------------------------------------------------
        0 |     +0.0% |       0 |        0 |       430
       43 |     +0.0% |       0 |        0 |       387
       86 |     +0.1% |       0 |        1 |       344
      129 |     +1.2% |       0 |        7 |       301
      172 |     +2.0% |       0 |       10 |       258
      215 |     +5.3% |       0 |       20 |       215
      258 |     +7.7% |       0 |       27 |       172
      301 |    +11.0% |       0 |       39 |       129
      344 |    +16.6% |       0 |       64 |        86
      387 |    +22.8% |       0 |      104 |        43
    final |    +23.8% |       0 |      111 |         0
-------------------------------------------------------
[INFO GPL-0106] Timing-driven: worst slack -8.780665e-11
[INFO GPL-0107] Timing-driven: repair_design delta area: 1053.346 um^2 (+22.10%)
[INFO GPL-0108] Timing-driven: repair_design, gpl delta gcells: 111 (+25.81%)
[INFO GPL-0109] Timing-driven: repair_design, gcells created: 111, deleted: 0
[INFO GPL-0110] Timing-driven: new target density: 0.7489556
Iteration | Overflow |     HPWL (um) |  HPWL(%) |   Penalty | Group
---------------------------------------------------------------
      220 |   0.5994 |  5.803448e+03 |  +15.98% |  1.06e-09 |      
[INFO GPL-0038] Routability snapshot saved at iter = 221
      220 |   0.5994 |  5.803448e+03 |          |           |      
      230 |   0.5659 |  5.901287e+03 |   +1.69% |  1.73e-09 |      
      240 |   0.5338 |  6.047964e+03 |   +2.49% |  2.82e-09 |      
      250 |   0.4883 |  6.216600e+03 |   +2.79% |  4.60e-09 |      
      260 |   0.4445 |  6.402925e+03 |   +3.00% |  7.49e-09 |      
      270 |   0.3958 |  6.579365e+03 |   +2.76% |  1.22e-08 |      
      280 |   0.3400 |  6.689003e+03 |   +1.67% |  1.99e-08 |      
[INFO GPL-0040] Routability iteration: 1
[INFO GPL-0041] Total routing overflow: 0.0221
[INFO GPL-0042] Number of overflowed tiles: 1 (0.59%)
[INFO GPL-0043] Average top 0.5% routing congestion: 1.0221
[INFO GPL-0044] Average top 1.0% routing congestion: 1.0051
[INFO GPL-0045] Average top 2.0% routing congestion: 0.9787
[INFO GPL-0046] Average top 5.0% routing congestion: 0.9472
[INFO GPL-0047] Routability iteration weighted routing congestion: 1.0136
[INFO GPL-0048] Routing congestion (1.0136) lower than previous minimum (1e+30). Updating minimum.
[INFO GPL-0086] Inflated area:                   2.814 um^2 (+0.05%)
[INFO GPL-0052] Placement target density:       0.7490
[INFO GPL-0076] Removing fillers, count: Before: 44, After: 44 (+0.00%)
[INFO GPL-0077] Filler area (um^2)     : Before: 444.253, After: 440.624 (-0.82%)
[INFO GPL-0078] Removed fillers count: 0, area removed: 0.000 um^2. Remaining area to be compensated by modifying density: 2.814 um^2
[INFO GPL-0058] White space area:             8362.829 um^2 (+0.00%)
[INFO GPL-0059] Movable instances area:       6263.388 um^2 (+0.00%)
[INFO GPL-0060] Total filler area:             440.624 um^2 (-0.82%)
[INFO GPL-0061] Total non-inflated area:      6262.573 um^2 (-0.01%)
[INFO GPL-0062] Total inflated area:          6265.388 um^2 (-0.01%)
[INFO GPL-0063] New Target Density:             0.7490
[INFO GPL-0087] Routability end iteration: increase inflation and revert back to snapshot.
Iteration | Overflow |     HPWL (um) |  HPWL(%) |   Penalty | Group
---------------------------------------------------------------
      290 |   0.5910 |  5.834586e+03 |  -12.77% |  1.21e-09 |      
      300 |   0.5668 |  5.917384e+03 |   +1.42% |  1.78e-09 |      
      310 |   0.5449 |  5.990724e+03 |   +1.24% |  2.62e-09 |      
      320 |   0.5037 |  6.155901e+03 |   +2.76% |  3.86e-09 |      
      330 |   0.4691 |  6.303708e+03 |   +2.40% |  5.69e-09 |      
      340 |   0.4347 |  6.434371e+03 |   +2.07% |  8.38e-09 |      
      350 |   0.3946 |  6.550096e+03 |   +1.80% |  1.23e-08 |      
      360 |   0.3489 |  6.648434e+03 |   +1.50% |  1.82e-08 |      
      370 |   0.3008 |  6.753840e+03 |   +1.59% |  2.68e-08 |      
[INFO GPL-0040] Routability iteration: 2
[INFO GPL-0041] Total routing overflow: 0.0002
[INFO GPL-0042] Number of overflowed tiles: 1 (0.59%)
[INFO GPL-0043] Average top 0.5% routing congestion: 1.0002
[INFO GPL-0044] Average top 1.0% routing congestion: 0.9952
[INFO GPL-0045] Average top 2.0% routing congestion: 0.9710
[INFO GPL-0046] Average top 5.0% routing congestion: 0.9441
[INFO GPL-0047] Routability iteration weighted routing congestion: 0.9977
[INFO GPL-0050] Weighted routing congestion is lower than target routing congestion(1.0100), end routability optimization.
[INFO GPL-0090] Routability finished. Target routing congestion achieved succesfully.
Iteration | Overflow |     HPWL (um) |  HPWL(%) |   Penalty | Group
---------------------------------------------------------------
      380 |   0.2595 |  6.899409e+03 |   +2.16% |  3.95e-08 |      
      390 |   0.2269 |  7.037813e+03 |   +2.01% |  5.81e-08 |      
      400 |   0.2023 |  7.127363e+03 |   +1.27% |  8.56e-08 |      
[INFO GPL-0100] Timing-driven iteration 2/2, virtual: false.
[INFO GPL-0101]    Iter: 405, overflow: 0.194, keep resizer changes at: 1, HPWL: 7172304
Iteration |   Area    | Resized | Buffers | Nets repaired | Remaining
---------------------------------------------------------------------
        0 |     +0.0% |       0 |       0 |             0 |       577
    final |     +0.0% |       0 |       0 |             0 |         0
---------------------------------------------------------------------
   Iter   |    Area   | Removed | Inserted |   Pins
          |           | Buffers | Buffers  | Remaining
-------------------------------------------------------
        0 |     +0.0% |       0 |        0 |       430
       43 |     +0.0% |       0 |        0 |       387
       86 |     +0.1% |       1 |        2 |       344
      129 |     +0.1% |       7 |        7 |       301
      172 |     +0.4% |      10 |       10 |       258
      215 |     +0.1% |      20 |       19 |       215
      258 |     -0.0% |      27 |       28 |       172
      301 |     +0.1% |      39 |       41 |       129
      344 |     +0.4% |      64 |       69 |        86
      387 |     +0.8% |     104 |      111 |        43
    final |     +0.5% |     111 |      116 |         0
-------------------------------------------------------
[INFO GPL-0106] Timing-driven: worst slack -1.2252968e-10
[INFO GPL-0107] Timing-driven: repair_design delta area: 27.916 um^2 (+0.48%)
[INFO GPL-0108] Timing-driven: repair_design, gpl delta gcells: 5 (+0.92%)
[INFO GPL-0109] Timing-driven: repair_design, gcells created: 116, deleted: 111
[INFO GPL-0110] Timing-driven: new target density: 0.7521964
Iteration | Overflow |     HPWL (um) |  HPWL(%) |   Penalty | Group
---------------------------------------------------------------
      410 |   0.1850 |  7.627196e+03 |   +7.01% |  1.26e-07 |      
      420 |   0.1535 |  7.562267e+03 |   -0.85% |  1.86e-07 |      
      430 |   0.1361 |  7.649511e+03 |   +1.15% |  2.74e-07 |      
      440 |   0.1278 |  7.682751e+03 |   +0.43% |  4.03e-07 |      
      449 |   0.0991 |  7.720161e+03 |          |  5.94e-07 |      
---------------------------------------------------------------
[INFO GPL-1001] Global placement finished at iteration 449
[INFO GPL-1017] Routability mode iteration count: 149
[INFO GPL-1005] Routability final weighted congestion: 0.9911
[INFO GPL-1002] Placed Cell Area             5849.8653
[INFO GPL-1003] Available Free Area          8362.8288
[INFO GPL-1004] Minimum Feasible Density        0.5700 (cell_area / free_area)
[INFO GPL-1006]   Suggested Target Densities:
[INFO GPL-1007]     - For 90% usage of free space: 0.7772
[INFO GPL-1008]     - For 80% usage of free space: 0.8744
[INFO GPL-1011] Original area (um^2): 4765.79
[INFO GPL-1012] Total routability artificial inflation: 2.81 (+0.06%)
[INFO GPL-1013] Total timing-driven delta area: 1081.26 (+22.69%)
[INFO GPL-1014] Final placement area: 5849.87 (+22.75%)
estimate_parasitics -placement
Report metrics stage 3, global place...

==========================================================================
global place report_design_area
--------------------------------------------------------------------------
Design area 5503 um^2 65% utilization.
write_db ./results/sky130hs/gcd/slot1/3_3_place_gp.odb
Log                       Ext     Elapsed/s Peak Memory/MB sha1sum result [0:20)
3_3_place_gp              .odb            1            269 1257f6b46272286f86b2
/root/OpenROAD-flow-scripts/flow/scripts/flow.sh 3_4_place_resized resize
Running resize.tcl, stage 3_4_place_resized
read_liberty /root/OpenROAD-flow-scripts/flow/platforms/sky130hs/lib/sky130_fd_sc_hs__tt_025C_1v80.lib
read_db ./results/sky130hs/gcd/slot1/3_3_place_gp.odb
read_sdc ./results/sky130hs/gcd/slot1/2_floorplan.sdc
source /root/OpenROAD-flow-scripts/flow/platforms/sky130hs/setRC.tcl
estimate_parasitics -placement
Perform buffer insertion and gate resizing...
repair_design -verbose -match_cell_footprint
Iteration |   Area    | Resized | Buffers | Nets repaired | Remaining
---------------------------------------------------------------------
        0 |     +0.0% |       0 |       0 |             0 |       582
       10 |     +0.0% |       0 |       0 |             0 |       572
       20 |     +0.0% |       0 |       0 |             0 |       562
       30 |     +0.0% |       0 |       0 |             0 |       552
       40 |     +0.0% |       0 |       0 |             0 |       542
       50 |     +0.0% |       0 |       0 |             0 |       532
       60 |     +0.0% |       0 |       0 |             0 |       522
       70 |     +0.0% |       0 |       0 |             0 |       512
       80 |     +0.0% |       0 |       0 |             0 |       502
       90 |     +0.0% |       0 |       0 |             0 |       492
      100 |     +0.0% |       0 |       0 |             0 |       482
      110 |     +0.0% |       0 |       0 |             0 |       472
      120 |     +0.0% |       0 |       0 |             0 |       462
      130 |     +0.0% |       0 |       0 |             0 |       452
      140 |     +0.0% |       0 |       0 |             0 |       442
      150 |     +0.0% |       0 |       0 |             0 |       432
      160 |     +0.0% |       0 |       0 |             0 |       422
      170 |     +0.0% |       0 |       0 |             0 |       412
      180 |     +0.0% |       0 |       0 |             0 |       402
      190 |     +0.0% |       0 |       0 |             0 |       392
      200 |     +0.0% |       0 |       0 |             0 |       382
      210 |     +0.0% |       0 |       0 |             0 |       372
      220 |     +0.0% |       0 |       0 |             0 |       362
      230 |     +0.0% |       0 |       0 |             0 |       352
      240 |     +0.0% |       0 |       0 |             0 |       342
      250 |     +0.0% |       0 |       0 |             0 |       332
      260 |     +0.0% |       0 |       0 |             0 |       322
      270 |     +0.0% |       0 |       0 |             0 |       312
      280 |     +0.0% |       0 |       0 |             0 |       302
      290 |     +0.0% |       0 |       0 |             0 |       292
      300 |     +0.0% |       0 |       0 |             0 |       282
      310 |     +0.0% |       0 |       0 |             0 |       272
      320 |     +0.0% |       0 |       0 |             0 |       262
      330 |     +0.0% |       0 |       0 |             0 |       252
      340 |     +0.0% |       0 |       0 |             0 |       242
      350 |     +0.0% |       0 |       0 |             0 |       232
      360 |     +0.0% |       0 |       0 |             0 |       222
      370 |     +0.0% |       0 |       0 |             0 |       212
      380 |     +0.0% |       0 |       0 |             0 |       202
      390 |     +0.0% |       0 |       0 |             0 |       192
      400 |     +0.0% |       0 |       0 |             0 |       182
      410 |     +0.0% |       0 |       0 |             0 |       172
      420 |     +0.0% |       0 |       0 |             0 |       162
      430 |     +0.0% |       0 |       0 |             0 |       152
      440 |     +0.0% |       0 |       0 |             0 |       142
      450 |     +0.0% |       0 |       0 |             0 |       132
      460 |     +0.0% |       0 |       0 |             0 |       122
      470 |     +0.0% |       0 |       0 |             0 |       112
      480 |     +0.0% |       0 |       0 |             0 |       102
      490 |     +0.0% |       0 |       0 |             0 |        92
      500 |     +0.0% |       0 |       0 |             0 |        82
      510 |     +0.0% |       0 |       0 |             0 |        72
      520 |     +0.0% |       0 |       0 |             0 |        62
      530 |     +0.0% |       0 |       0 |             0 |        52
      540 |     +0.0% |       0 |       0 |             0 |        42
      550 |     +0.0% |       0 |       0 |             0 |        32
      560 |     +0.0% |       0 |       0 |             0 |        22
      570 |     +0.0% |       0 |       0 |             0 |        12
      580 |     +0.0% |       0 |       0 |             0 |         2
    final |     +0.0% |       0 |       0 |             0 |         0
---------------------------------------------------------------------
[INFO RSZ-0504] Runtime: 0.02s
Repair setup and hold violations...
estimate_parasitics -placement
repair_timing -repair_tns 100 -match_cell_footprint -verbose
[INFO RSZ-0100] Repair move sequence: UnbufferMove SizeUpMove SwapPinsMove BufferMove CloneMove SplitLoadMove 
[INFO RSZ-0094] Found 37 endpoints with setup violations.
[INFO RSZ-0099] Repairing 37 out of 37 (100.00%) violating endpoints...
   Iter   | Removed | Resized | Inserted | Cloned |  Pin  |   Area   |    WNS   |   StTNS    |   EnTNS    |  Viol  |  Worst  
          | Buffers |  Gates  | Buffers  |  Gates | Swaps |          |          |            |            | Endpts | St/EnPt 
------------------------------------------------------------------------------------------------------------------------------
       0* |       0 |       0 |        0 |      0 |     0 |    +0.0% |   -0.141 |       -3.1 |       -3.2 |     37 | dpath.a_reg.out\[14\]$_DFFE_PP_/D
      10* |       0 |       6 |        1 |      0 |     2 |    +0.5% |   -0.120 |       -2.9 |       -3.2 |     37 | dpath.b_reg.out\[14\]$_DFFE_PP_/DE
      20* |       0 |       9 |        7 |      1 |     3 |    +1.7% |   -0.113 |       -2.6 |       -3.2 |     37 | dpath.b_reg.out\[14\]$_DFFE_PP_/DE
      30* |       0 |      14 |        8 |      1 |     7 |    +2.2% |   -0.113 |       -2.7 |       -3.3 |     37 | dpath.b_reg.out\[14\]$_DFFE_PP_/DE
      31* |       0 |       9 |        7 |      1 |     4 |    +1.7% |   -0.106 |       -2.6 |       -3.1 |     37 | dpath.b_reg.out\[14\]$_DFFE_PP_/DE
      40* |       0 |      16 |        7 |      1 |     5 |    +2.3% |   -0.106 |       -2.6 |       -3.0 |     37 | dpath.b_reg.out\[14\]$_DFFE_PP_/DE
      50* |       0 |      24 |        9 |      1 |     5 |    +3.5% |   -0.122 |       -2.7 |       -3.0 |     37 | dpath.a_reg.out\[14\]$_DFFE_PP_/D
      59* |       0 |      17 |        7 |      1 |     5 |    +2.4% |   -0.106 |       -2.5 |       -3.0 |     37 | dpath.a_reg.out\[13\]$_DFFE_PP_/D
      60* |       0 |      17 |        7 |      1 |     5 |    +2.4% |   -0.106 |       -2.5 |       -3.0 |     37 | dpath.a_reg.out\[13\]$_DFFE_PP_/D
      70* |       0 |      19 |       11 |      1 |     9 |    +3.3% |   -0.111 |       -2.5 |       -3.1 |     37 | dpath.b_reg.out\[14\]$_DFFE_PP_/DE
      71* |       0 |      17 |        7 |      1 |     5 |    +2.4% |   -0.106 |       -2.5 |       -3.0 |     37 | dpath.a_reg.out\[13\]$_DFFE_PP_/D
      79* |       0 |      17 |        7 |      1 |     5 |    +2.4% |   -0.106 |       -2.5 |       -3.0 |     37 | dpath.a_reg.out\[13\]$_DFFE_PP_/D
      80* |       0 |      17 |        7 |      1 |     5 |    +2.4% |   -0.106 |       -2.5 |       -3.0 |     37 | dpath.a_reg.out\[13\]$_DFFE_PP_/D
      85* |       0 |      17 |        7 |      1 |     5 |    +2.4% |   -0.106 |       -2.5 |       -3.0 |     37 | dpath.a_reg.out\[13\]$_DFFE_PP_/D
      90* |       0 |      18 |       10 |      1 |     5 |    +3.1% |   -0.108 |       -2.5 |       -2.8 |     37 | dpath.a_reg.out\[13\]$_DFFE_PP_/D
      91* |       0 |      17 |        7 |      1 |     5 |    +2.4% |   -0.106 |       -2.5 |       -3.0 |     37 | dpath.a_reg.out\[13\]$_DFFE_PP_/D
      97* |       0 |      17 |        7 |      1 |     5 |    +2.4% |   -0.106 |       -2.5 |       -3.0 |     37 | dpath.a_reg.out\[13\]$_DFFE_PP_/D
     100* |       0 |      18 |        8 |      1 |     5 |    +2.6% |   -0.108 |       -2.5 |       -2.9 |     37 | dpath.a_reg.out\[13\]$_DFFE_PP_/D
     103* |       0 |      17 |        7 |      1 |     5 |    +2.4% |   -0.106 |       -2.5 |       -3.0 |     37 | dpath.a_reg.out\[13\]$_DFFE_PP_/D
     109* |       0 |      17 |        7 |      1 |     5 |    +2.4% |   -0.106 |       -2.5 |       -3.0 |     37 | dpath.a_reg.out\[13\]$_DFFE_PP_/D
     110* |       0 |      17 |        7 |      1 |     5 |    +2.4% |   -0.106 |       -2.5 |       -3.0 |     37 | dpath.a_reg.out\[13\]$_DFFE_PP_/D
     115* |       0 |      17 |        7 |      1 |     5 |    +2.4% |   -0.106 |       -2.5 |       -3.0 |     37 | dpath.a_reg.out\[13\]$_DFFE_PP_/D
     120* |       0 |      18 |        9 |      1 |     6 |    +2.7% |   -0.108 |       -2.5 |       -2.8 |     37 | dpath.a_reg.out\[13\]$_DFFE_PP_/D
     122* |       0 |      17 |        7 |      1 |     5 |    +2.4% |   -0.106 |       -2.5 |       -3.0 |     37 | dpath.a_reg.out\[13\]$_DFFE_PP_/D
     128* |       0 |      17 |        7 |      1 |     5 |    +2.4% |   -0.106 |       -2.5 |       -3.0 |     37 | dpath.a_reg.out\[13\]$_DFFE_PP_/D
     130* |       0 |      18 |        7 |      1 |     5 |    +2.5% |   -0.108 |       -2.6 |       -2.9 |     37 | dpath.a_reg.out\[13\]$_DFFE_PP_/D
     134* |       0 |      17 |        7 |      1 |     5 |    +2.4% |   -0.106 |       -2.5 |       -3.0 |     37 | dpath.a_reg.out\[13\]$_DFFE_PP_/D
     140* |       0 |      18 |       11 |      1 |     5 |    +3.3% |   -0.108 |       -2.5 |       -2.8 |     37 | dpath.a_reg.out\[13\]$_DFFE_PP_/D
     140* |       0 |      17 |        7 |      1 |     5 |    +2.4% |   -0.106 |       -2.5 |       -3.0 |     37 | dpath.a_reg.out\[13\]$_DFFE_PP_/D
     146* |       0 |      17 |        7 |      1 |     5 |    +2.4% |   -0.106 |       -2.5 |       -3.0 |     37 | dpath.a_reg.out\[13\]$_DFFE_PP_/D
     150* |       0 |      18 |        9 |      1 |     5 |    +2.7% |   -0.108 |       -2.5 |       -2.9 |     37 | dpath.a_reg.out\[13\]$_DFFE_PP_/D
     152* |       0 |      17 |        7 |      1 |     5 |    +2.4% |   -0.106 |       -2.5 |       -3.0 |     37 | dpath.a_reg.out\[13\]$_DFFE_PP_/D
     158* |       0 |      17 |        7 |      1 |     5 |    +2.4% |   -0.106 |       -2.5 |       -3.0 |     37 | dpath.a_reg.out\[13\]$_DFFE_PP_/D
     160* |       0 |      18 |        7 |      1 |     5 |    +2.5% |   -0.108 |       -2.6 |       -2.9 |     37 | dpath.a_reg.out\[13\]$_DFFE_PP_/D
     164* |       0 |      17 |        7 |      1 |     5 |    +2.4% |   -0.106 |       -2.5 |       -3.0 |     37 | dpath.a_reg.out\[13\]$_DFFE_PP_/D
     170* |       0 |      18 |        8 |      1 |     8 |    +2.6% |   -0.106 |       -2.5 |       -3.0 |     37 | dpath.a_reg.out\[13\]$_DFFE_PP_/D
     173* |       0 |      19 |        8 |      1 |     9 |    +2.7% |   -0.106 |       -2.5 |       -2.9 |     37 | dpath.a_reg.out\[13\]$_DFFE_PP_/D
     180* |       0 |      22 |       10 |      1 |    10 |    +3.5% |   -0.107 |       -2.6 |       -2.9 |     37 | dpath.a_reg.out\[13\]$_DFFE_PP_/D
     186* |       0 |      19 |        8 |      1 |     9 |    +2.7% |   -0.106 |       -2.5 |       -2.9 |     37 | dpath.a_reg.out\[13\]$_DFFE_PP_/D
     190* |       0 |      22 |        8 |      1 |     9 |    +2.9% |   -0.106 |       -2.5 |       -2.9 |     37 | dpath.a_reg.out\[13\]$_DFFE_PP_/D
     200* |       1 |      26 |       12 |      1 |    10 |    +3.9% |   -0.101 |       -2.6 |       -2.7 |     37 | dpath.b_reg.out\[14\]$_DFFE_PP_/DE
     204* |       1 |      25 |        9 |      1 |     9 |    +3.0% |   -0.101 |       -2.5 |       -2.6 |     37 | dpath.b_reg.out\[14\]$_DFFE_PP_/DE
     210* |       1 |      26 |       12 |      1 |    10 |    +3.9% |   -0.101 |       -2.6 |       -2.7 |     37 | dpath.b_reg.out\[14\]$_DFFE_PP_/DE
     212* |       1 |      25 |        9 |      1 |     9 |    +3.0% |   -0.101 |       -2.5 |       -2.6 |     37 | dpath.b_reg.out\[14\]$_DFFE_PP_/DE
     220* |       1 |      30 |       11 |      1 |    10 |    +3.6% |   -0.101 |       -2.5 |       -2.6 |     37 | dpath.b_reg.out\[14\]$_DFFE_PP_/DE
     230* |       1 |      36 |       12 |      1 |    13 |    +4.1% |   -0.100 |       -2.5 |       -2.6 |     37 | dpath.b_reg.out\[14\]$_DFFE_PP_/DE
     240* |       1 |      39 |       18 |      1 |    14 |    +4.9% |   -0.105 |       -2.6 |       -2.8 |     37 | dpath.b_reg.out\[14\]$_DFFE_PP_/DE
     244* |       1 |      38 |       12 |      1 |    13 |    +4.1% |   -0.100 |       -2.5 |       -2.6 |     37 | dpath.b_reg.out\[14\]$_DFFE_PP_/DE
     250* |       1 |      41 |       12 |      2 |    14 |    +4.5% |   -0.125 |       -3.1 |       -2.4 |     37 | dpath.b_reg.out\[14\]$_DFFE_PP_/DE
     251* |       1 |      38 |       12 |      1 |    13 |    +4.1% |   -0.100 |       -2.5 |       -2.6 |     37 | dpath.b_reg.out\[14\]$_DFFE_PP_/DE
     260* |       1 |      40 |       17 |      1 |    14 |    +5.3% |   -0.101 |       -2.6 |       -2.7 |     37 | dpath.b_reg.out\[14\]$_DFFE_PP_/DE
     261* |       1 |      38 |       13 |      1 |    13 |    +4.2% |   -0.099 |       -2.5 |       -2.6 |     37 | dpath.b_reg.out\[14\]$_DFFE_PP_/DE
     267* |       1 |      38 |       13 |      1 |    13 |    +4.2% |   -0.099 |       -2.5 |       -2.6 |     37 | dpath.b_reg.out\[14\]$_DFFE_PP_/DE
     268* |       1 |      38 |       13 |      1 |    13 |    +4.2% |   -0.099 |       -2.5 |       -2.6 |     37 | dpath.b_reg.out\[14\]$_DFFE_PP_/DE
     270* |       1 |      39 |       13 |      1 |    13 |    +4.2% |   -0.099 |       -2.5 |       -2.2 |     37 | dpath.b_reg.out\[14\]$_DFFE_PP_/DE
     271* |       1 |      38 |       13 |      1 |    13 |    +4.2% |   -0.099 |       -2.5 |       -2.6 |     37 | dpath.b_reg.out\[14\]$_DFFE_PP_/DE
     274* |       1 |      38 |       13 |      1 |    13 |    +4.2% |   -0.099 |       -2.5 |       -2.6 |     37 | dpath.b_reg.out\[14\]$_DFFE_PP_/DE
     278* |       1 |      38 |       13 |      1 |    13 |    +4.2% |   -0.099 |       -2.5 |       -2.6 |     37 | dpath.b_reg.out\[14\]$_DFFE_PP_/DE
     280* |       1 |      39 |       13 |      1 |    13 |    +4.2% |   -0.099 |       -2.5 |       -2.2 |     37 | dpath.b_reg.out\[14\]$_DFFE_PP_/DE
     290* |       1 |      44 |       14 |      2 |    16 |    +5.0% |   -0.118 |       -3.1 |       -2.3 |     37 | dpath.b_reg.out\[14\]$_DFFE_PP_/DE
     290* |       1 |      38 |       13 |      1 |    13 |    +4.2% |   -0.099 |       -2.5 |       -2.6 |     37 | dpath.b_reg.out\[14\]$_DFFE_PP_/DE
     293* |       1 |      38 |       13 |      1 |    13 |    +4.2% |   -0.099 |       -2.5 |       -2.6 |     37 | dpath.b_reg.out\[14\]$_DFFE_PP_/DE
     299* |       1 |      38 |       13 |      1 |    13 |    +4.2% |   -0.099 |       -2.5 |       -2.6 |     37 | dpath.b_reg.out\[14\]$_DFFE_PP_/DE
     300* |       1 |      38 |       13 |      1 |    13 |    +4.2% |   -0.099 |       -2.5 |       -2.6 |     37 | dpath.b_reg.out\[14\]$_DFFE_PP_/DE
     302* |       1 |      38 |       13 |      1 |    13 |    +4.2% |   -0.099 |       -2.5 |       -2.6 |     37 | dpath.b_reg.out\[14\]$_DFFE_PP_/DE
     304* |       1 |      39 |       13 |      1 |    13 |    +4.3% |   -0.099 |       -2.5 |       -2.7 |     37 | dpath.b_reg.out\[14\]$_DFFE_PP_/DE
     306* |       1 |      40 |       13 |      1 |    13 |    +4.4% |   -0.099 |       -2.5 |       -2.5 |     37 | dpath.b_reg.out\[14\]$_DFFE_PP_/DE
     307* |       1 |      40 |       13 |      1 |    13 |    +4.4% |   -0.099 |       -2.5 |       -2.5 |     37 | dpath.b_reg.out\[14\]$_DFFE_PP_/DE
     307* |       1 |      40 |       13 |      1 |    13 |    +4.4% |   -0.099 |       -2.5 |       -2.5 |     37 | dpath.b_reg.out\[14\]$_DFFE_PP_/DE
     308+ |       1 |      40 |       13 |      1 |    13 |    +4.4% |   -0.099 |       -2.5 |       -2.5 |     33 | dpath.b_reg.out\[14\]$_DFFE_PP_/DE
     309+ |       1 |      40 |       13 |      1 |    13 |    +4.4% |   -0.099 |       -2.5 |       -2.5 |     33 | dpath.b_reg.out\[14\]$_DFFE_PP_/DE
     310+ |       1 |      40 |       13 |      1 |    13 |    +4.4% |   -0.099 |       -2.5 |       -2.5 |     33 | dpath.b_reg.out\[14\]$_DFFE_PP_/DE
     310+ |       1 |      40 |       13 |      1 |    13 |    +4.4% |   -0.099 |       -2.5 |       -2.5 |     33 | dpath.b_reg.out\[14\]$_DFFE_PP_/DE
     311+ |       1 |      40 |       13 |      1 |    13 |    +4.4% |   -0.099 |       -2.5 |       -2.5 |     33 | dpath.b_reg.out\[14\]$_DFFE_PP_/DE
     312+ |       1 |      40 |       13 |      1 |    13 |    +4.4% |   -0.099 |       -2.5 |       -2.5 |     33 | dpath.b_reg.out\[14\]$_DFFE_PP_/DE
     313+ |       1 |      40 |       13 |      1 |    13 |    +4.4% |   -0.099 |       -2.5 |       -2.5 |     33 | dpath.b_reg.out\[14\]$_DFFE_PP_/DE
     314+ |       1 |      40 |       13 |      1 |    13 |    +4.4% |   -0.099 |       -2.5 |       -2.5 |     33 | dpath.b_reg.out\[14\]$_DFFE_PP_/DE
     315+ |       1 |      40 |       13 |      1 |    13 |    +4.4% |   -0.099 |       -2.5 |       -2.5 |     33 | dpath.b_reg.out\[14\]$_DFFE_PP_/DE
     316+ |       1 |      40 |       13 |      1 |    13 |    +4.4% |   -0.099 |       -2.5 |       -2.5 |     33 | dpath.b_reg.out\[14\]$_DFFE_PP_/DE
     317+ |       1 |      40 |       13 |      1 |    13 |    +4.4% |   -0.099 |       -2.5 |       -2.5 |     33 | dpath.b_reg.out\[14\]$_DFFE_PP_/DE
     318+ |       1 |      40 |       13 |      1 |    13 |    +4.4% |   -0.099 |       -2.5 |       -2.5 |     33 | dpath.b_reg.out\[14\]$_DFFE_PP_/DE
     319+ |       1 |      40 |       13 |      1 |    13 |    +4.4% |   -0.099 |       -2.5 |       -2.5 |     33 | dpath.b_reg.out\[14\]$_DFFE_PP_/DE
     320+ |       1 |      40 |       13 |      1 |    13 |    +4.4% |   -0.099 |       -2.5 |       -2.5 |     33 | dpath.b_reg.out\[14\]$_DFFE_PP_/DE
     320+ |       1 |      40 |       13 |      1 |    13 |    +4.4% |   -0.099 |       -2.5 |       -2.5 |     33 | dpath.b_reg.out\[14\]$_DFFE_PP_/DE
     321+ |       1 |      40 |       13 |      1 |    13 |    +4.4% |   -0.099 |       -2.5 |       -2.5 |     33 | dpath.b_reg.out\[14\]$_DFFE_PP_/DE
     322+ |       1 |      40 |       13 |      1 |    13 |    +4.4% |   -0.099 |       -2.5 |       -2.5 |     33 | dpath.b_reg.out\[14\]$_DFFE_PP_/DE
     323+ |       1 |      40 |       13 |      1 |    13 |    +4.4% |   -0.099 |       -2.5 |       -2.5 |     33 | dpath.b_reg.out\[14\]$_DFFE_PP_/DE
     324+ |       1 |      40 |       13 |      1 |    13 |    +4.4% |   -0.099 |       -2.5 |       -2.5 |     33 | dpath.b_reg.out\[14\]$_DFFE_PP_/DE
     325+ |       1 |      40 |       13 |      1 |    13 |    +4.4% |   -0.099 |       -2.5 |       -2.5 |     33 | dpath.b_reg.out\[14\]$_DFFE_PP_/DE
     326+ |       1 |      40 |       13 |      1 |    13 |    +4.4% |   -0.099 |       -2.5 |       -2.5 |     33 | dpath.b_reg.out\[14\]$_DFFE_PP_/DE
     327+ |       1 |      40 |       13 |      1 |    13 |    +4.4% |   -0.099 |       -2.5 |       -2.5 |     33 | dpath.b_reg.out\[14\]$_DFFE_PP_/DE
     328+ |       1 |      40 |       13 |      1 |    13 |    +4.4% |   -0.099 |       -2.5 |       -2.5 |     33 | dpath.b_reg.out\[14\]$_DFFE_PP_/DE
     329+ |       1 |      40 |       13 |      1 |    13 |    +4.4% |   -0.099 |       -2.5 |       -2.5 |     33 | dpath.b_reg.out\[14\]$_DFFE_PP_/DE
     330+ |       1 |      40 |       13 |      1 |    13 |    +4.4% |   -0.099 |       -2.5 |       -2.5 |     33 | dpath.b_reg.out\[14\]$_DFFE_PP_/DE
     330+ |       1 |      40 |       13 |      1 |    13 |    +4.4% |   -0.099 |       -2.5 |       -2.5 |     33 | dpath.b_reg.out\[14\]$_DFFE_PP_/DE
     331+ |       1 |      40 |       13 |      1 |    13 |    +4.4% |   -0.099 |       -2.5 |       -2.5 |     33 | dpath.b_reg.out\[14\]$_DFFE_PP_/DE
     332+ |       1 |      40 |       13 |      1 |    13 |    +4.4% |   -0.099 |       -2.5 |       -2.5 |     33 | dpath.b_reg.out\[14\]$_DFFE_PP_/DE
     333+ |       1 |      40 |       13 |      1 |    13 |    +4.4% |   -0.099 |       -2.5 |       -2.5 |     33 | dpath.b_reg.out\[14\]$_DFFE_PP_/DE
     334+ |       1 |      40 |       13 |      1 |    13 |    +4.4% |   -0.099 |       -2.5 |       -2.5 |     33 | dpath.b_reg.out\[14\]$_DFFE_PP_/DE
     335+ |       1 |      40 |       13 |      1 |    13 |    +4.4% |   -0.099 |       -2.5 |       -2.5 |     33 | dpath.b_reg.out\[14\]$_DFFE_PP_/DE
     336+ |       1 |      40 |       13 |      1 |    13 |    +4.4% |   -0.099 |       -2.5 |       -2.5 |     33 | dpath.b_reg.out\[14\]$_DFFE_PP_/DE
     337+ |       1 |      40 |       13 |      1 |    13 |    +4.4% |   -0.099 |       -2.5 |       -2.5 |     33 | dpath.b_reg.out\[14\]$_DFFE_PP_/DE
     338+ |       1 |      40 |       13 |      1 |    13 |    +4.4% |   -0.099 |       -2.5 |       -2.5 |     33 | dpath.b_reg.out\[14\]$_DFFE_PP_/DE
     339+ |       1 |      40 |       13 |      1 |    13 |    +4.4% |   -0.099 |       -2.5 |       -2.5 |     33 | dpath.b_reg.out\[14\]$_DFFE_PP_/DE
     340+ |       1 |      40 |       13 |      1 |    13 |    +4.4% |   -0.099 |       -2.5 |       -2.5 |     33 | dpath.b_reg.out\[14\]$_DFFE_PP_/DE
     340+ |       1 |      40 |       13 |      1 |    13 |    +4.4% |   -0.099 |       -2.5 |       -2.5 |     33 | dpath.b_reg.out\[14\]$_DFFE_PP_/DE
    final |       1 |      40 |       13 |      1 |    13 |    +4.4% |   -0.099 |       -2.5 |       -2.5 |     33 | dpath.b_reg.out\[14\]$_DFFE_PP_/DE
------------------------------------------------------------------------------------------------------------------------------
[INFO RSZ-0059] Removed 1 buffers.
[INFO RSZ-0040] Inserted 13 buffers.
[INFO RSZ-0051] Resized 40 instances: 40 up, 0 up match, 0 down, 0 VT
[INFO RSZ-0043] Swapped pins on 13 instances.
[INFO RSZ-0049] Cloned 1 instances.
[WARNING RSZ-0062] Unable to repair all setup violations.
[INFO RSZ-0505] Runtime: 0.57s
[INFO RSZ-0033] No hold violations found.
[INFO RSZ-0506] Runtime: 0.00s
Floating nets: 
Report metrics stage 3, resizer...

==========================================================================
resizer report_design_area
--------------------------------------------------------------------------
Design area 5745 um^2 68% utilization.
Instance count before 633, after 646
Pin count before 1603, after 1631
write_db ./results/sky130hs/gcd/slot1/3_4_place_resized.odb
Log                       Ext     Elapsed/s Peak Memory/MB sha1sum result [0:20)
3_4_place_resized         .odb            1            169 fe12b523af7832f29f39
/root/OpenROAD-flow-scripts/flow/scripts/flow.sh 3_5_place_dp detail_place
Running detail_place.tcl, stage 3_5_place_dp
read_liberty /root/OpenROAD-flow-scripts/flow/platforms/sky130hs/lib/sky130_fd_sc_hs__tt_025C_1v80.lib
read_db ./results/sky130hs/gcd/slot1/3_4_place_resized.odb
read_sdc ./results/sky130hs/gcd/slot1/2_floorplan.sdc
source /root/OpenROAD-flow-scripts/flow/platforms/sky130hs/setRC.tcl
detailed_placement
[INFO DPL-0006] Core area: 8501.89 um^2
[INFO DPL-0007] Movable instances area: 5605.59 um^2
[INFO DPL-0008] Fixed instances area within core: 139.06 um^2
[INFO DPL-0009] Utilization: 67.6%
[INFO DPL-0005] Diamond search max displacement: +/- 500 sites horizontally, +/- 100 rows vertically.
[INFO DPL-1102] Legalizing using negotiation legalizer.
[INFO DPL-1103] Negotiation base search window: +/-20 sites horizontally, +/-5 rows vertically 
	Automatic search window extension enabled.
	Search window extendable up to the max displacement cap of +/-500 sites, +/-100 rows near walls.
[INFO DPL-1104] NegotiationLegalizer DRC penalty: 5.
[INFO DPL-0392] Negotiation cell height distribution (1 unique row-count(s)):
[INFO DPL-0393]   height 1 row(s): 646 cells
          |      Total |  Illegal |  Illegal
Iteration | Violations |    Cells |    Sites
---------------------------------------------
        0 |         91 |        23 |        68
        1 |          0 |         0 |         0
Negotiation phase 1 converged at iteration 1.
[INFO DPL-0500] Runtime: 0.00s
Placement Analysis
---------------------------------
total displacement       2421.1 u
average displacement        3.7 u
max displacement           24.0 u
original HPWL            7934.4 u
legalized HPWL          10460.1 u
delta HPWL                   32 %

improve_placement -max_displacement "5 1"
Detailed placement improvement.
[INFO DPL-0401] Setting random seed to 1.
[INFO DPL-0402] Setting maximum displacement 5 1 to 16650 3330 units.
[INFO DPL-0320] Collected 141 fixed cells.
[INFO DPL-0318] Collected 559 single height cells.
[INFO DPL-0321] Collected 0 wide cells.
[INFO DPL-0322] Image (1440, 3330) - (96000, 93240)
[INFO DPL-0310] Assigned 559 cells into segments.  Movement in X-direction is 0.000000, movement in Y-direction is 0.000000.
[INFO DPL-0313] Found 0 cells in wrong regions.
[INFO DPL-0315] Found 0 row alignment problems.
[INFO DPL-0314] Found 0 site alignment problems.
[INFO DPL-0311] Found 0 overlaps between adjacent cells.
[INFO DPL-0312] Found 0 edge spacing violations and 0 padding violations.
[INFO DPL-0303] Running algorithm for independent set matching.
[INFO DPL-0300] Set matching objective is wirelength.
[INFO DPL-0301] Pass   1 of matching; objective is 1.046244e+07.
[INFO DPL-0302] End of matching; objective is 1.043724e+07, improvement is 0.24 percent.
[INFO DPL-0303] Running algorithm for global swaps.
[INFO DPL-0306] Pass   1 of global swaps; hpwl is 1.010092e+07.
[INFO DPL-0306] Pass   2 of global swaps; hpwl is 1.005301e+07.
[INFO DPL-0307] End of global swaps; objective is 1.005301e+07, improvement is 3.68 percent.
[INFO DPL-0303] Running algorithm for vertical swaps.
[INFO DPL-0308] Pass   1 of vertical swaps; hpwl is 9.941735e+06.
[INFO DPL-0308] Pass   2 of vertical swaps; hpwl is 9.892372e+06.
[INFO DPL-0309] End of vertical swaps; objective is 9.892372e+06, improvement is 1.60 percent.
[INFO DPL-0303] Running algorithm for reordering.
[INFO DPL-0304] Pass   1 of reordering; objective is 9.856831e+06.
[INFO DPL-0305] End of reordering; objective is 9.856831e+06, improvement is 0.36 percent.
[INFO DPL-0303] Running algorithm for random improvement.
[INFO DPL-0324] Random improver is using random generator.
[INFO DPL-0325] Random improver is using hpwl objective.
[INFO DPL-0326] Random improver cost string is (a).
[INFO DPL-0332] End of pass, Generator random called 11180 times.
[INFO DPL-0335] Generator random, Cumulative attempts 11180, swaps 2262, moves  2302 since last reset.
[INFO DPL-0333] End of pass, Objective hpwl, Initial cost 9.856831e+06, Scratch cost 9.608798e+06, Incremental cost 9.608798e+06, Mismatch? N
[INFO DPL-0338] End of pass, Total cost is 9.608798e+06.
[INFO DPL-0327] Pass   1 of random improver; improvement in cost is 2.52 percent.
[INFO DPL-0332] End of pass, Generator random called 11180 times.
[INFO DPL-0335] Generator random, Cumulative attempts 22360, swaps 4564, moves  4421 since last reset.
[INFO DPL-0333] End of pass, Objective hpwl, Initial cost 9.608798e+06, Scratch cost 9.465434e+06, Incremental cost 9.465434e+06, Mismatch? N
[INFO DPL-0338] End of pass, Total cost is 9.465434e+06.
[INFO DPL-0327] Pass   2 of random improver; improvement in cost is 1.49 percent.
[INFO DPL-0332] End of pass, Generator random called 11180 times.
[INFO DPL-0335] Generator random, Cumulative attempts 33540, swaps 6795, moves  6552 since last reset.
[INFO DPL-0333] End of pass, Objective hpwl, Initial cost 9.465434e+06, Scratch cost 9.401857e+06, Incremental cost 9.401857e+06, Mismatch? N
[INFO DPL-0338] End of pass, Total cost is 9.401857e+06.
[INFO DPL-0327] Pass   3 of random improver; improvement in cost is 0.67 percent.
[INFO DPL-0328] End of random improver; improvement is 4.615824 percent.
[INFO DPL-0380] Cell flipping.
[INFO DPL-0382] Changed 0 cell orientations for row compatibility.
[INFO DPL-0383] Performed 176 cell flips.
[INFO DPL-0384] End of flipping; objective is 9.160706e+06, improvement is 2.56 percent.
[INFO DPL-0313] Found 0 cells in wrong regions.
[INFO DPL-0315] Found 0 row alignment problems.
[INFO DPL-0314] Found 0 site alignment problems.
[INFO DPL-0311] Found 0 overlaps between adjacent cells.
[INFO DPL-0312] Found 0 edge spacing violations and 0 padding violations.
Detailed Improvement Results
------------------------------------------
Original HPWL            10460.1 u (    4796.8,     5663.3)
Final HPWL                9150.4 u (    4406.4,     4744.0)
Delta HPWL                 -12.5 % (      -8.1,      -16.2)

optimize_mirroring
[INFO DPL-0020] Mirrored 29 instances
[INFO DPL-0021] HPWL before            9150.4 u
[INFO DPL-0022] HPWL after             9142.5 u
[INFO DPL-0023] HPWL delta               -0.1 %
[INFO FLW-0012] Placement violations .
estimate_parasitics -placement
Report metrics stage 3, detailed place...

==========================================================================
detailed place report_design_area
--------------------------------------------------------------------------
Design area 5745 um^2 68% utilization.
write_db ./results/sky130hs/gcd/slot1/3_5_place_dp.odb
write_sdc -no_timestamp ./results/sky130hs/gcd/slot1/3_place.sdc
Log                       Ext     Elapsed/s Peak Memory/MB sha1sum result [0:20)
3_5_place_dp              .odb            0            149 de428153281383ae8c36
cp ./results/sky130hs/gcd/slot1/3_5_place_dp.odb ./results/sky130hs/gcd/slot1/3_place.odb
make: Leaving directory '/root/OpenROAD-flow-scripts/flow'

STDERR:
bash: /opt/miniconda/lib/libtinfo.so.6: no version information available (required by bash)
bash: /opt/miniconda/lib/libtinfo.so.6: no version information available (required by bash)
bash: /opt/miniconda/lib/libtinfo.so.6: no version information available (required by bash)
bash: /opt/miniconda/lib/libtinfo.so.6: no version information available (required by bash)
bash: /opt/miniconda/lib/libtinfo.so.6: no version information available (required by bash)
bash: /opt/miniconda/lib/libtinfo.so.6: no version information available (required by bash)
bash: /opt/miniconda/lib/libtinfo.so.6: no version information available (required by bash)
bash: /opt/miniconda/lib/libtinfo.so.6: no version information available (required by bash)
bash: /opt/miniconda/lib/libtinfo.so.6: no version information available (required by bash)
bash: /opt/miniconda/lib/libtinfo.so.6: no version information available (required by bash)
bash: /opt/miniconda/lib/libtinfo.so.6: no version information available (required by bash)
bash: /opt/miniconda/lib/libtinfo.so.6: no version information available (required by bash)
bash: /opt/miniconda/lib/libtinfo.so.6: no version information available (required by bash)
bash: /opt/miniconda/lib/libtinfo.so.6: no version information available (required by bash)
bash: /opt/miniconda/lib/libtinfo.so.6: no version information available (required by bash)
bash: /opt/miniconda/lib/libtinfo.so.6: no version information available (required by bash)
bash: /opt/miniconda/lib/libtinfo.so.6: no version information available (required by bash)
bash: /opt/miniconda/lib/libtinfo.so.6: no version information available (required by bash)
bash: /opt/miniconda/lib/libtinfo.so.6: no version information available (required by bash)
bash: /opt/miniconda/lib/libtinfo.so.6: no version information available (required by bash)
bash: /opt/miniconda/lib/libtinfo.so.6: no version information available (required by bash)
bash: /opt/miniconda/lib/libtinfo.so.6: no version information available (required by bash)
bash: /opt/miniconda/lib/libtinfo.so.6: no version information available (required by bash)
bash: /opt/miniconda/lib/libtinfo.so.6: no version information available (required by bash)
Elapsed time: 0:00.80[h:]min:sec. CPU time: user 0.74 sys 0.05 (98%). Peak memory: 148104KB.
bash: /opt/miniconda/lib/libtinfo.so.6: no version information available (required by bash)
bash: /opt/miniconda/lib/libtinfo.so.6: no version information available (required by bash)
bash: /opt/miniconda/lib/libtinfo.so.6: no version information available (required by bash)
bash: /opt/miniconda/lib/libtinfo.so.6: no version information available (required by bash)
bash: /opt/miniconda/lib/libtinfo.so.6: no version information available (required by bash)
bash: /opt/miniconda/lib/libtinfo.so.6: no version information available (required by bash)
bash: /opt/miniconda/lib/libtinfo.so.6: no version information available (required by bash)
bash: /opt/miniconda/lib/libtinfo.so.6: no version information available (required by bash)
bash: /opt/miniconda/lib/libtinfo.so.6: no version information available (required by bash)
bash: /opt/miniconda/lib/libtinfo.so.6: no version information available (required by bash)
bash: /opt/miniconda/lib/libtinfo.so.6: no version information available (required by bash)
bash: /opt/miniconda/lib/libtinfo.so.6: no version information available (required by bash)
bash: /opt/miniconda/lib/libtinfo.so.6: no version information available (required by bash)
bash: /opt/miniconda/lib/libtinfo.so.6: no version information available (required by bash)
Elapsed time: 0:00.77[h:]min:sec. CPU time: user 0.72 sys 0.05 (98%). Peak memory: 147376KB.
bash: /opt/miniconda/lib/libtinfo.so.6: no version information available (required by bash)
bash: /opt/miniconda/lib/libtinfo.so.6: no version information available (required by bash)
bash: /opt/miniconda/lib/libtinfo.so.6: no version information available (required by bash)
bash: /opt/miniconda/lib/libtinfo.so.6: no version information available (required by bash)
bash: /opt/miniconda/lib/libtinfo.so.6: no version information available (required by bash)
bash: /opt/miniconda/lib/libtinfo.so.6: no version information available (required by bash)
bash: /opt/miniconda/lib/libtinfo.so.6: no version information available (required by bash)
bash: /opt/miniconda/lib/libtinfo.so.6: no version information available (required by bash)
bash: /opt/miniconda/lib/libtinfo.so.6: no version information available (required by bash)
bash: /opt/miniconda/lib/libtinfo.so.6: no version information available (required by bash)
bash: /opt/miniconda/lib/libtinfo.so.6: no version information available (required by bash)
bash: /opt/miniconda/lib/libtinfo.so.6: no version information available (required by bash)
bash: /opt/miniconda/lib/libtinfo.so.6: no version information available (required by bash)
bash: /opt/miniconda/lib/libtinfo.so.6: no version information available (required by bash)
Elapsed time: 0:01.08[h:]min:sec. CPU time: user 0.96 sys 0.10 (98%). Peak memory: 275888KB.
bash: /opt/miniconda/lib/libtinfo.so.6: no version information available (required by bash)
bash: /opt/miniconda/lib/libtinfo.so.6: no version information available (required by bash)
bash: /opt/miniconda/lib/libtinfo.so.6: no version information available (required by bash)
bash: /opt/miniconda/lib/libtinfo.so.6: no version information available (required by bash)
bash: /opt/miniconda/lib/libtinfo.so.6: no version information available (required by bash)
bash: /opt/miniconda/lib/libtinfo.so.6: no version information available (required by bash)
bash: /opt/miniconda/lib/libtinfo.so.6: no version information available (required by bash)
bash: /opt/miniconda/lib/libtinfo.so.6: no version information available (required by bash)
bash: /opt/miniconda/lib/libtinfo.so.6: no version information available (required by bash)
bash: /opt/miniconda/lib/libtinfo.so.6: no version information available (required by bash)
bash: /opt/miniconda/lib/libtinfo.so.6: no version information available (required by bash)
bash: /opt/miniconda/lib/libtinfo.so.6: no version information available (required by bash)
bash: /opt/miniconda/lib/libtinfo.so.6: no version information available (required by bash)
bash: /opt/miniconda/lib/libtinfo.so.6: no version information available (required by bash)
Elapsed time: 0:01.47[h:]min:sec. CPU time: user 1.35 sys 0.08 (97%). Peak memory: 173376KB.
bash: /opt/miniconda/lib/libtinfo.so.6: no version information available (required by bash)
bash: /opt/miniconda/lib/libtinfo.so.6: no version information available (required by bash)
bash: /opt/miniconda/lib/libtinfo.so.6: no version information available (required by bash)
bash: /opt/miniconda/lib/libtinfo.so.6: no version information available (required by bash)
bash: /opt/miniconda/lib/libtinfo.so.6: no version information available (required by bash)
bash: /opt/miniconda/lib/libtinfo.so.6: no version information available (required by bash)
bash: /opt/miniconda/lib/libtinfo.so.6: no version information available (required by bash)
bash: /opt/miniconda/lib/libtinfo.so.6: no version information available (required by bash)
bash: /opt/miniconda/lib/libtinfo.so.6: no version information available (required by bash)
bash: /opt/miniconda/lib/libtinfo.so.6: no version information available (required by bash)
bash: /opt/miniconda/lib/libtinfo.so.6: no version information available (required by bash)
bash: /opt/miniconda/lib/libtinfo.so.6: no version information available (required by bash)
bash: /opt/miniconda/lib/libtinfo.so.6: no version information available (required by bash)
bash: /opt/miniconda/lib/libtinfo.so.6: no version information available (required by bash)
Elapsed time: 0:00.85[h:]min:sec. CPU time: user 0.80 sys 0.04 (98%). Peak memory: 153280KB.
bash: /opt/miniconda/lib/libtinfo.so.6: no version information available (required by bash)
bash: /opt/miniconda/lib/libtinfo.so.6: no version information available (required by bash)
bash: /opt/miniconda/lib/libtinfo.so.6: no version information available (required by bash)
bash: /opt/miniconda/lib/libtinfo.so.6: no version information available (required by bash)
bash: /opt/miniconda/lib/libtinfo.so.6: no version information available (required by bash)
bash: /opt/miniconda/lib/libtinfo.so.6: no version information available (required by bash)
bash: /opt/miniconda/lib/libtinfo.so.6: no version information available (required by bash)
bash: /opt/miniconda/lib/libtinfo.so.6: no version information available (required by bash)
bash: /opt/miniconda/lib/libtinfo.so.6: no version information available (required by bash)
bash: /opt/miniconda/lib/libtinfo.so.6: no version information available (required by bash)
bash: /opt/miniconda/lib/libtinfo.so.6: no version information available (required by bash)
bash: /opt/miniconda/lib/libtinfo.so.6: no version information available (required by bash)
bash: /opt/miniconda/lib/libtinfo.so.6: no version information available (required by bash)
