
==========================================================================
global route report_tns
--------------------------------------------------------------------------
tns max 0.00

==========================================================================
global route report_wns
--------------------------------------------------------------------------
wns max 0.00

==========================================================================
global route report_worst_slack
--------------------------------------------------------------------------
worst slack max 5.78

==========================================================================
global route report_clock_min_period
--------------------------------------------------------------------------
core_clock period_min = 2.62 fmax = 381.38
vclk period_min = 0.00 fmax = inf

==========================================================================
global route report_clock_skew
--------------------------------------------------------------------------
Clock core_clock
   0.31 source latency tx_hold[7]$_SDFFE_PN0P_/CLK ^
  -0.32 target latency shift_reg[7]$_SDFFE_PN0P_/CLK ^
   0.00 CRPR
--------------
  -0.01 setup skew

Clock vclk
No launch/capture paths found.


==========================================================================
global route report_checks -path_delay min
--------------------------------------------------------------------------
Startpoint: div_cnt[0]$_SDFF_PP0_
            (rising edge-triggered flip-flop clocked by core_clock)
Endpoint: div_cnt[0]$_SDFF_PP0_
          (rising edge-triggered flip-flop clocked by core_clock)
Path Group: core_clock
Path Type: min

Fanout     Cap    Slew   Delay    Time   Description
-----------------------------------------------------------------------------
                          0.00    0.00   clock core_clock (rise edge)
                          0.00    0.00   clock source latency
     1    0.02    0.00    0.00    0.00 ^ clk (in)
                                         clk (net)
                  0.00    0.00    0.00 ^ clkbuf_0_clk/A (sky130_fd_sc_hd__clkbuf_8)
     4    0.03    0.07    0.13    0.13 ^ clkbuf_0_clk/X (sky130_fd_sc_hd__clkbuf_8)
                                         clknet_0_clk (net)
                  0.07    0.00    0.13 ^ clkbuf_2_1__f_clk/A (sky130_fd_sc_hd__clkbuf_8)
    14    0.05    0.10    0.18    0.31 ^ clkbuf_2_1__f_clk/X (sky130_fd_sc_hd__clkbuf_8)
                                         clknet_2_1__leaf_clk (net)
                  0.10    0.00    0.31 ^ div_cnt[0]$_SDFF_PP0_/CLK (sky130_fd_sc_hd__dfxtp_1)
     2    0.01    0.10    0.36    0.68 ^ div_cnt[0]$_SDFF_PP0_/Q (sky130_fd_sc_hd__dfxtp_1)
                                         div_cnt[0] (net)
                  0.10    0.00    0.68 ^ _246_/B (sky130_fd_sc_hd__nor3_1)
     1    0.00    0.04    0.06    0.74 v _246_/Y (sky130_fd_sc_hd__nor3_1)
                                         _021_ (net)
                  0.04    0.00    0.74 v div_cnt[0]$_SDFF_PP0_/D (sky130_fd_sc_hd__dfxtp_1)
                                  0.74   data arrival time

                          0.00    0.00   clock core_clock (rise edge)
                          0.00    0.00   clock source latency
     1    0.02    0.00    0.00    0.00 ^ clk (in)
                                         clk (net)
                  0.00    0.00    0.00 ^ clkbuf_0_clk/A (sky130_fd_sc_hd__clkbuf_8)
     4    0.03    0.07    0.13    0.13 ^ clkbuf_0_clk/X (sky130_fd_sc_hd__clkbuf_8)
                                         clknet_0_clk (net)
                  0.07    0.00    0.13 ^ clkbuf_2_1__f_clk/A (sky130_fd_sc_hd__clkbuf_8)
    14    0.05    0.10    0.18    0.31 ^ clkbuf_2_1__f_clk/X (sky130_fd_sc_hd__clkbuf_8)
                                         clknet_2_1__leaf_clk (net)
                  0.10    0.00    0.31 ^ div_cnt[0]$_SDFF_PP0_/CLK (sky130_fd_sc_hd__dfxtp_1)
                          0.00    0.31   clock reconvergence pessimism
                         -0.04    0.28   library hold time
                                  0.28   data required time
-----------------------------------------------------------------------------
                                  0.28   data required time
                                 -0.74   data arrival time
-----------------------------------------------------------------------------
                                  0.46   slack (MET)


Startpoint: rx_data[1]$_SDFFE_PN0P_
            (rising edge-triggered flip-flop clocked by core_clock)
Endpoint: rx_data[1] (output port clocked by vclk)
Path Group: vclk
Path Type: min

Fanout     Cap    Slew   Delay    Time   Description
-----------------------------------------------------------------------------
                          0.00    0.00   clock core_clock (rise edge)
                          0.00    0.00   clock source latency
     1    0.02    0.00    0.00    0.00 ^ clk (in)
                                         clk (net)
                  0.00    0.00    0.00 ^ clkbuf_0_clk/A (sky130_fd_sc_hd__clkbuf_8)
     4    0.03    0.07    0.13    0.13 ^ clkbuf_0_clk/X (sky130_fd_sc_hd__clkbuf_8)
                                         clknet_0_clk (net)
                  0.07    0.00    0.13 ^ clkbuf_2_2__f_clk/A (sky130_fd_sc_hd__clkbuf_8)
    15    0.05    0.10    0.18    0.31 ^ clkbuf_2_2__f_clk/X (sky130_fd_sc_hd__clkbuf_8)
                                         clknet_2_2__leaf_clk (net)
                  0.10    0.00    0.31 ^ rx_data[1]$_SDFFE_PN0P_/CLK (sky130_fd_sc_hd__dfxtp_1)
     2    0.01    0.04    0.33    0.64 v rx_data[1]$_SDFFE_PN0P_/Q (sky130_fd_sc_hd__dfxtp_1)
                                         net25 (net)
                  0.04    0.00    0.64 v output26/A (sky130_fd_sc_hd__clkdlybuf4s50_1)
     1    0.00    0.03    0.40    1.04 v output26/X (sky130_fd_sc_hd__clkdlybuf4s50_1)
                                         rx_data[1] (net)
                  0.03    0.00    1.04 v rx_data[1] (out)
                                  1.04   data arrival time

                  0.00    0.00    0.00   clock vclk (rise edge)
                          0.00    0.00   clock network delay (ideal)
                          0.00    0.00   clock reconvergence pessimism
                         -2.00   -2.00   output external delay
                                 -2.00   data required time
-----------------------------------------------------------------------------
                                 -2.00   data required time
                                 -1.04   data arrival time
-----------------------------------------------------------------------------
                                  3.04   slack (MET)



==========================================================================
global route report_checks -path_delay max
--------------------------------------------------------------------------
Startpoint: start (input port clocked by vclk)
Endpoint: rx_data[5]$_SDFFE_PN0P_
          (rising edge-triggered flip-flop clocked by core_clock)
Path Group: core_clock
Path Type: max

Fanout     Cap    Slew   Delay    Time   Description
-----------------------------------------------------------------------------
                  0.00    0.00    0.00   clock vclk (rise edge)
                          0.00    0.00   clock network delay (ideal)
                          2.00    2.00 v input external delay
     1    0.00    0.00    0.00    2.00 v start (in)
                                         start (net)
                  0.00    0.00    2.00 v input13/A (sky130_fd_sc_hd__clkdlybuf4s50_1)
     5    0.02    0.15    0.49    2.49 v input13/X (sky130_fd_sc_hd__clkdlybuf4s50_1)
                                         net12 (net)
                  0.15    0.00    2.49 v _225_/B (sky130_fd_sc_hd__nand2_1)
    28    0.12    1.02    0.79    3.28 ^ _225_/Y (sky130_fd_sc_hd__nand2_1)
                                         _058_ (net)
                  1.02    0.00    3.28 ^ _226_/C (sky130_fd_sc_hd__nand3_1)
     8    0.06    0.61    0.68    3.96 v _226_/Y (sky130_fd_sc_hd__nand3_1)
                                         _059_ (net)
                  0.61    0.00    3.97 v _230_/S (sky130_fd_sc_hd__mux2i_1)
     1    0.00    0.19    0.35    4.32 ^ _230_/Y (sky130_fd_sc_hd__mux2i_1)
                                         _062_ (net)
                  0.19    0.00    4.32 ^ _231_/A (sky130_fd_sc_hd__nor2b_1)
     1    0.00    0.06    0.08    4.40 v _231_/Y (sky130_fd_sc_hd__nor2b_1)
                                         _015_ (net)
                  0.06    0.00    4.40 v rx_data[5]$_SDFFE_PN0P_/D (sky130_fd_sc_hd__dfxtp_1)
                                  4.40   data arrival time

                         10.00   10.00   clock core_clock (rise edge)
                          0.00   10.00   clock source latency
     1    0.02    0.00    0.00   10.00 ^ clk (in)
                                         clk (net)
                  0.00    0.00   10.00 ^ clkbuf_0_clk/A (sky130_fd_sc_hd__clkbuf_8)
     4    0.03    0.07    0.13   10.13 ^ clkbuf_0_clk/X (sky130_fd_sc_hd__clkbuf_8)
                                         clknet_0_clk (net)
                  0.07    0.00   10.13 ^ clkbuf_2_3__f_clk/A (sky130_fd_sc_hd__clkbuf_8)
    13    0.05    0.10    0.18   10.31 ^ clkbuf_2_3__f_clk/X (sky130_fd_sc_hd__clkbuf_8)
                                         clknet_2_3__leaf_clk (net)
                  0.10    0.00   10.31 ^ rx_data[5]$_SDFFE_PN0P_/CLK (sky130_fd_sc_hd__dfxtp_1)
                          0.00   10.31   clock reconvergence pessimism
                         -0.10   10.21   library setup time
                                 10.21   data required time
-----------------------------------------------------------------------------
                                 10.21   data required time
                                 -4.40   data arrival time
-----------------------------------------------------------------------------
                                  5.81   slack (MET)


Startpoint: state[6]$_DFF_P_
            (rising edge-triggered flip-flop clocked by core_clock)
Endpoint: sda_oe (output port clocked by vclk)
Path Group: vclk
Path Type: max

Fanout     Cap    Slew   Delay    Time   Description
-----------------------------------------------------------------------------
                          0.00    0.00   clock core_clock (rise edge)
                          0.00    0.00   clock source latency
     1    0.02    0.00    0.00    0.00 ^ clk (in)
                                         clk (net)
                  0.00    0.00    0.00 ^ clkbuf_0_clk/A (sky130_fd_sc_hd__clkbuf_8)
     4    0.03    0.07    0.13    0.13 ^ clkbuf_0_clk/X (sky130_fd_sc_hd__clkbuf_8)
                                         clknet_0_clk (net)
                  0.07    0.00    0.13 ^ clkbuf_2_1__f_clk/A (sky130_fd_sc_hd__clkbuf_8)
    14    0.05    0.10    0.18    0.31 ^ clkbuf_2_1__f_clk/X (sky130_fd_sc_hd__clkbuf_8)
                                         clknet_2_1__leaf_clk (net)
                  0.10    0.00    0.31 ^ state[6]$_DFF_P_/CLK (sky130_fd_sc_hd__dfxtp_1)
    15    0.08    0.36    0.57    0.88 v state[6]$_DFF_P_/Q (sky130_fd_sc_hd__dfxtp_1)
                                         state[6] (net)
                  0.36    0.00    0.89 v _250_/C (sky130_fd_sc_hd__nor4_1)
     3    0.01    0.61    0.63    1.52 ^ _250_/Y (sky130_fd_sc_hd__nor4_1)
                                         _075_ (net)
                  0.61    0.00    1.52 ^ _438_/B (sky130_fd_sc_hd__nand2_1)
     1    0.00    0.09    0.10    1.62 v _438_/Y (sky130_fd_sc_hd__nand2_1)
                                         _220_ (net)
                  0.09    0.00    1.62 v _439_/B1 (sky130_fd_sc_hd__o21ai_0)
     1    0.00    0.15    0.10    1.72 ^ _439_/Y (sky130_fd_sc_hd__o21ai_0)
                                         net32 (net)
                  0.15    0.00    1.72 ^ output34/A (sky130_fd_sc_hd__clkdlybuf4s50_1)
     1    0.00    0.05    0.50    2.22 ^ output34/X (sky130_fd_sc_hd__clkdlybuf4s50_1)
                                         sda_oe (net)
                  0.05    0.00    2.22 ^ sda_oe (out)
                                  2.22   data arrival time

                  0.00   10.00   10.00   clock vclk (rise edge)
                          0.00   10.00   clock network delay (ideal)
                          0.00   10.00   clock reconvergence pessimism
                         -2.00    8.00   output external delay
                                  8.00   data required time
-----------------------------------------------------------------------------
                                  8.00   data required time
                                 -2.22   data arrival time
-----------------------------------------------------------------------------
                                  5.78   slack (MET)



==========================================================================
global route report_checks -unconstrained
--------------------------------------------------------------------------
Startpoint: start (input port clocked by vclk)
Endpoint: rx_data[5]$_SDFFE_PN0P_
          (rising edge-triggered flip-flop clocked by core_clock)
Path Group: core_clock
Path Type: max

Fanout     Cap    Slew   Delay    Time   Description
-----------------------------------------------------------------------------
                  0.00    0.00    0.00   clock vclk (rise edge)
                          0.00    0.00   clock network delay (ideal)
                          2.00    2.00 v input external delay
     1    0.00    0.00    0.00    2.00 v start (in)
                                         start (net)
                  0.00    0.00    2.00 v input13/A (sky130_fd_sc_hd__clkdlybuf4s50_1)
     5    0.02    0.15    0.49    2.49 v input13/X (sky130_fd_sc_hd__clkdlybuf4s50_1)
                                         net12 (net)
                  0.15    0.00    2.49 v _225_/B (sky130_fd_sc_hd__nand2_1)
    28    0.12    1.02    0.79    3.28 ^ _225_/Y (sky130_fd_sc_hd__nand2_1)
                                         _058_ (net)
                  1.02    0.00    3.28 ^ _226_/C (sky130_fd_sc_hd__nand3_1)
     8    0.06    0.61    0.68    3.96 v _226_/Y (sky130_fd_sc_hd__nand3_1)
                                         _059_ (net)
                  0.61    0.00    3.97 v _230_/S (sky130_fd_sc_hd__mux2i_1)
     1    0.00    0.19    0.35    4.32 ^ _230_/Y (sky130_fd_sc_hd__mux2i_1)
                                         _062_ (net)
                  0.19    0.00    4.32 ^ _231_/A (sky130_fd_sc_hd__nor2b_1)
     1    0.00    0.06    0.08    4.40 v _231_/Y (sky130_fd_sc_hd__nor2b_1)
                                         _015_ (net)
                  0.06    0.00    4.40 v rx_data[5]$_SDFFE_PN0P_/D (sky130_fd_sc_hd__dfxtp_1)
                                  4.40   data arrival time

                         10.00   10.00   clock core_clock (rise edge)
                          0.00   10.00   clock source latency
     1    0.02    0.00    0.00   10.00 ^ clk (in)
                                         clk (net)
                  0.00    0.00   10.00 ^ clkbuf_0_clk/A (sky130_fd_sc_hd__clkbuf_8)
     4    0.03    0.07    0.13   10.13 ^ clkbuf_0_clk/X (sky130_fd_sc_hd__clkbuf_8)
                                         clknet_0_clk (net)
                  0.07    0.00   10.13 ^ clkbuf_2_3__f_clk/A (sky130_fd_sc_hd__clkbuf_8)
    13    0.05    0.10    0.18   10.31 ^ clkbuf_2_3__f_clk/X (sky130_fd_sc_hd__clkbuf_8)
                                         clknet_2_3__leaf_clk (net)
                  0.10    0.00   10.31 ^ rx_data[5]$_SDFFE_PN0P_/CLK (sky130_fd_sc_hd__dfxtp_1)
                          0.00   10.31   clock reconvergence pessimism
                         -0.10   10.21   library setup time
                                 10.21   data required time
-----------------------------------------------------------------------------
                                 10.21   data required time
                                 -4.40   data arrival time
-----------------------------------------------------------------------------
                                  5.81   slack (MET)


Startpoint: state[6]$_DFF_P_
            (rising edge-triggered flip-flop clocked by core_clock)
Endpoint: sda_oe (output port clocked by vclk)
Path Group: vclk
Path Type: max

Fanout     Cap    Slew   Delay    Time   Description
-----------------------------------------------------------------------------
                          0.00    0.00   clock core_clock (rise edge)
                          0.00    0.00   clock source latency
     1    0.02    0.00    0.00    0.00 ^ clk (in)
                                         clk (net)
                  0.00    0.00    0.00 ^ clkbuf_0_clk/A (sky130_fd_sc_hd__clkbuf_8)
     4    0.03    0.07    0.13    0.13 ^ clkbuf_0_clk/X (sky130_fd_sc_hd__clkbuf_8)
                                         clknet_0_clk (net)
                  0.07    0.00    0.13 ^ clkbuf_2_1__f_clk/A (sky130_fd_sc_hd__clkbuf_8)
    14    0.05    0.10    0.18    0.31 ^ clkbuf_2_1__f_clk/X (sky130_fd_sc_hd__clkbuf_8)
                                         clknet_2_1__leaf_clk (net)
                  0.10    0.00    0.31 ^ state[6]$_DFF_P_/CLK (sky130_fd_sc_hd__dfxtp_1)
    15    0.08    0.36    0.57    0.88 v state[6]$_DFF_P_/Q (sky130_fd_sc_hd__dfxtp_1)
                                         state[6] (net)
                  0.36    0.00    0.89 v _250_/C (sky130_fd_sc_hd__nor4_1)
     3    0.01    0.61    0.63    1.52 ^ _250_/Y (sky130_fd_sc_hd__nor4_1)
                                         _075_ (net)
                  0.61    0.00    1.52 ^ _438_/B (sky130_fd_sc_hd__nand2_1)
     1    0.00    0.09    0.10    1.62 v _438_/Y (sky130_fd_sc_hd__nand2_1)
                                         _220_ (net)
                  0.09    0.00    1.62 v _439_/B1 (sky130_fd_sc_hd__o21ai_0)
     1    0.00    0.15    0.10    1.72 ^ _439_/Y (sky130_fd_sc_hd__o21ai_0)
                                         net32 (net)
                  0.15    0.00    1.72 ^ output34/A (sky130_fd_sc_hd__clkdlybuf4s50_1)
     1    0.00    0.05    0.50    2.22 ^ output34/X (sky130_fd_sc_hd__clkdlybuf4s50_1)
                                         sda_oe (net)
                  0.05    0.00    2.22 ^ sda_oe (out)
                                  2.22   data arrival time

                  0.00   10.00   10.00   clock vclk (rise edge)
                          0.00   10.00   clock network delay (ideal)
                          0.00   10.00   clock reconvergence pessimism
                         -2.00    8.00   output external delay
                                  8.00   data required time
-----------------------------------------------------------------------------
                                  8.00   data required time
                                 -2.22   data arrival time
-----------------------------------------------------------------------------
                                  5.78   slack (MET)



==========================================================================
global route report_check_types -max_slew -max_cap -max_fanout -violators
--------------------------------------------------------------------------

==========================================================================
global route max_slew_check_slack
--------------------------------------------------------------------------
0.47709348797798157

==========================================================================
global route max_slew_check_limit
--------------------------------------------------------------------------
1.4963760375976562

==========================================================================
global route max_slew_check_slack_limit
--------------------------------------------------------------------------
0.3188

==========================================================================
global route max_fanout_check_slack
--------------------------------------------------------------------------
1.0000000150474662e+30

==========================================================================
global route max_fanout_check_limit
--------------------------------------------------------------------------
1.0000000150474662e+30

==========================================================================
global route max_capacitance_check_slack
--------------------------------------------------------------------------
0.022875389084219933

==========================================================================
global route max_capacitance_check_limit
--------------------------------------------------------------------------
0.03663099929690361

==========================================================================
global route max_capacitance_check_slack_limit
--------------------------------------------------------------------------
0.6245

==========================================================================
global route max_slew_violation_count
--------------------------------------------------------------------------
max slew violation count 0

==========================================================================
global route max_fanout_violation_count
--------------------------------------------------------------------------
max fanout violation count 0

==========================================================================
global route max_cap_violation_count
--------------------------------------------------------------------------
max cap violation count 0

==========================================================================
global route setup_violation_count
--------------------------------------------------------------------------
setup violation count 0

==========================================================================
global route hold_violation_count
--------------------------------------------------------------------------
hold violation count 0

==========================================================================
global route report_checks -path_delay max reg to reg
--------------------------------------------------------------------------
Startpoint: bit_cnt[1]$_SDFFE_PN0P_
            (rising edge-triggered flip-flop clocked by core_clock)
Endpoint: rx_shift[0]$_SDFFE_PN0P_
          (rising edge-triggered flip-flop clocked by core_clock)
Path Group: core_clock
Path Type: max

  Delay    Time   Description
---------------------------------------------------------
   0.00    0.00   clock core_clock (rise edge)
   0.00    0.00   clock source latency
   0.00    0.00 ^ clk (in)
   0.13    0.13 ^ clkbuf_0_clk/X (sky130_fd_sc_hd__clkbuf_8)
   0.18    0.31 ^ clkbuf_2_2__f_clk/X (sky130_fd_sc_hd__clkbuf_8)
   0.00    0.31 ^ bit_cnt[1]$_SDFFE_PN0P_/CLK (sky130_fd_sc_hd__dfxtp_1)
   0.45    0.76 v bit_cnt[1]$_SDFFE_PN0P_/Q (sky130_fd_sc_hd__dfxtp_1)
   0.15    0.91 ^ _266_/Y (sky130_fd_sc_hd__inv_1)
   0.27    1.18 ^ _441_/COUT (sky130_fd_sc_hd__ha_1)
   0.42    1.60 v _308_/X (sky130_fd_sc_hd__or3b_4)
   0.48    2.08 v _311_/X (sky130_fd_sc_hd__a221o_1)
   0.56    2.64 v _329_/X (sky130_fd_sc_hd__or4_4)
   0.22    2.85 ^ _348_/Y (sky130_fd_sc_hd__o32ai_2)
   0.00    2.85 ^ rx_shift[0]$_SDFFE_PN0P_/D (sky130_fd_sc_hd__dfxtp_1)
           2.85   data arrival time

  10.00   10.00   clock core_clock (rise edge)
   0.00   10.00   clock source latency
   0.00   10.00 ^ clk (in)
   0.13   10.13 ^ clkbuf_0_clk/X (sky130_fd_sc_hd__clkbuf_8)
   0.18   10.31 ^ clkbuf_2_2__f_clk/X (sky130_fd_sc_hd__clkbuf_8)
   0.00   10.31 ^ rx_shift[0]$_SDFFE_PN0P_/CLK (sky130_fd_sc_hd__dfxtp_1)
   0.00   10.31   clock reconvergence pessimism
  -0.08   10.23   library setup time
          10.23   data required time
---------------------------------------------------------
          10.23   data required time
          -2.85   data arrival time
---------------------------------------------------------
           7.38   slack (MET)



==========================================================================
global route report_checks -path_delay min reg to reg
--------------------------------------------------------------------------
Startpoint: div_cnt[0]$_SDFF_PP0_
            (rising edge-triggered flip-flop clocked by core_clock)
Endpoint: div_cnt[0]$_SDFF_PP0_
          (rising edge-triggered flip-flop clocked by core_clock)
Path Group: core_clock
Path Type: min

  Delay    Time   Description
---------------------------------------------------------
   0.00    0.00   clock core_clock (rise edge)
   0.00    0.00   clock source latency
   0.00    0.00 ^ clk (in)
   0.13    0.13 ^ clkbuf_0_clk/X (sky130_fd_sc_hd__clkbuf_8)
   0.18    0.31 ^ clkbuf_2_1__f_clk/X (sky130_fd_sc_hd__clkbuf_8)
   0.00    0.31 ^ div_cnt[0]$_SDFF_PP0_/CLK (sky130_fd_sc_hd__dfxtp_1)
   0.36    0.68 ^ div_cnt[0]$_SDFF_PP0_/Q (sky130_fd_sc_hd__dfxtp_1)
   0.06    0.74 v _246_/Y (sky130_fd_sc_hd__nor3_1)
   0.00    0.74 v div_cnt[0]$_SDFF_PP0_/D (sky130_fd_sc_hd__dfxtp_1)
           0.74   data arrival time

   0.00    0.00   clock core_clock (rise edge)
   0.00    0.00   clock source latency
   0.00    0.00 ^ clk (in)
   0.13    0.13 ^ clkbuf_0_clk/X (sky130_fd_sc_hd__clkbuf_8)
   0.18    0.31 ^ clkbuf_2_1__f_clk/X (sky130_fd_sc_hd__clkbuf_8)
   0.00    0.31 ^ div_cnt[0]$_SDFF_PP0_/CLK (sky130_fd_sc_hd__dfxtp_1)
   0.00    0.31   clock reconvergence pessimism
  -0.04    0.28   library hold time
           0.28   data required time
---------------------------------------------------------
           0.28   data required time
          -0.74   data arrival time
---------------------------------------------------------
           0.46   slack (MET)



==========================================================================
global route critical path target clock latency max path
--------------------------------------------------------------------------
0.3128

==========================================================================
global route critical path target clock latency min path
--------------------------------------------------------------------------
0.3122

==========================================================================
global route critical path source clock latency min path
--------------------------------------------------------------------------
0.0000

==========================================================================
global route critical path delay
--------------------------------------------------------------------------
2.2191

==========================================================================
global route critical path slack
--------------------------------------------------------------------------
5.7809

==========================================================================
global route slack div critical path delay
--------------------------------------------------------------------------
260.506512

==========================================================================
global route report_power
--------------------------------------------------------------------------
Group                  Internal  Switching    Leakage      Total
                          Power      Power      Power      Power (Watts)
----------------------------------------------------------------
Sequential             2.05e-04   7.15e-06   4.07e-10   2.12e-04  54.6%
Combinational          1.96e-05   2.41e-05   5.50e-10   4.37e-05  11.2%
Clock                  5.59e-05   7.68e-05   4.72e-11   1.33e-04  34.1%
Macro                  0.00e+00   0.00e+00   0.00e+00   0.00e+00   0.0%
Pad                    0.00e+00   0.00e+00   0.00e+00   0.00e+00   0.0%
----------------------------------------------------------------
Total                  2.81e-04   1.08e-04   1.00e-09   3.89e-04 100.0%
                          72.2%      27.8%       0.0%
