
==========================================================================
floorplan final report_tns
--------------------------------------------------------------------------
tns max -0.50

==========================================================================
floorplan final report_wns
--------------------------------------------------------------------------
wns max -0.03

==========================================================================
floorplan final report_worst_slack
--------------------------------------------------------------------------
worst slack max -0.03

==========================================================================
floorplan final report_clock_min_period
--------------------------------------------------------------------------
core_clock period_min = 1.57 fmax = 636.35
vclk_core_clock period_min = 0.00 fmax = inf

==========================================================================
floorplan final report_checks -path_delay min
--------------------------------------------------------------------------
Startpoint: ctrl.state.out[1]$_DFF_P_
            (rising edge-triggered flip-flop clocked by core_clock)
Endpoint: ctrl.state.out[1]$_DFF_P_
          (rising edge-triggered flip-flop clocked by core_clock)
Path Group: core_clock
Path Type: min

Fanout     Cap    Slew   Delay    Time   Description
-----------------------------------------------------------------------------
                  0.00    0.00    0.00   clock core_clock (rise edge)
                          0.23    0.23   clock network delay (ideal)
                  0.00    0.00    0.23 ^ ctrl.state.out[1]$_DFF_P_/CLK (sky130_fd_sc_hs__dfxtp_1)
     2    0.01    0.05    0.18    0.41 ^ ctrl.state.out[1]$_DFF_P_/Q (sky130_fd_sc_hs__dfxtp_1)
                                         ctrl.state.out[1] (net)
                  0.05    0.00    0.41 ^ _635_/B (sky130_fd_sc_hs__nand2_1)
     1    0.00    0.03    0.04    0.45 v _635_/Y (sky130_fd_sc_hs__nand2_1)
                                         _291_ (net)
                  0.03    0.00    0.45 v _636_/B1 (sky130_fd_sc_hs__o31ai_1)
     1    0.00    0.03    0.03    0.49 ^ _636_/Y (sky130_fd_sc_hs__o31ai_1)
                                         _001_ (net)
                  0.03    0.00    0.49 ^ ctrl.state.out[1]$_DFF_P_/D (sky130_fd_sc_hs__dfxtp_1)
                                  0.49   data arrival time

                  0.00    0.00    0.00   clock core_clock (rise edge)
                          0.23    0.23   clock network delay (ideal)
                          0.00    0.23   clock reconvergence pessimism
                                  0.23 ^ ctrl.state.out[1]$_DFF_P_/CLK (sky130_fd_sc_hs__dfxtp_1)
                          0.01    0.24   library hold time
                                  0.24   data required time
-----------------------------------------------------------------------------
                                  0.24   data required time
                                 -0.49   data arrival time
-----------------------------------------------------------------------------
                                  0.24   slack (MET)


Startpoint: ctrl.state.out[0]$_DFF_P_
            (rising edge-triggered flip-flop clocked by core_clock)
Endpoint: req_rdy (output port clocked by vclk_core_clock)
Path Group: vclk_core_clock
Path Type: min

Fanout     Cap    Slew   Delay    Time   Description
-----------------------------------------------------------------------------
                  0.00    0.00    0.00   clock core_clock (rise edge)
                          0.23    0.23   clock network delay (ideal)
                  0.00    0.00    0.23 ^ ctrl.state.out[0]$_DFF_P_/CLK (sky130_fd_sc_hs__dfxtp_1)
     2    0.00    0.03    0.16    0.40 ^ ctrl.state.out[0]$_DFF_P_/Q (sky130_fd_sc_hs__dfxtp_1)
                                         req_rdy (net)
                  0.03    0.00    0.40 ^ req_rdy (out)
                                  0.40   data arrival time

                  0.00    0.00    0.00   clock vclk_core_clock (rise edge)
                          0.23    0.23   clock network delay (ideal)
                          0.00    0.23   clock reconvergence pessimism
                         -0.31   -0.07   output external delay
                                 -0.07   data required time
-----------------------------------------------------------------------------
                                 -0.07   data required time
                                 -0.40   data arrival time
-----------------------------------------------------------------------------
                                  0.47   slack (MET)



==========================================================================
floorplan final report_checks -path_delay max
--------------------------------------------------------------------------
Startpoint: dpath.a_reg.out[1]$_DFFE_PP_
            (rising edge-triggered flip-flop clocked by core_clock)
Endpoint: dpath.b_reg.out[0]$_DFFE_PP_
          (rising edge-triggered flip-flop clocked by core_clock)
Path Group: core_clock
Path Type: max

Fanout     Cap    Slew   Delay    Time   Description
-----------------------------------------------------------------------------
                  0.00    0.00    0.00   clock core_clock (rise edge)
                          0.23    0.23   clock network delay (ideal)
                  0.00    0.00    0.23 ^ dpath.a_reg.out[1]$_DFFE_PP_/CLK (sky130_fd_sc_hs__edfxtp_1)
     4    0.01    0.09    0.20    0.44 ^ dpath.a_reg.out[1]$_DFFE_PP_/Q (sky130_fd_sc_hs__edfxtp_1)
                                         dpath.a_lt_b$in0[1] (net)
                  0.09    0.00    0.44 ^ _325_/A_N (sky130_fd_sc_hs__and2b_1)
     1    0.01    0.03    0.13    0.56 v _325_/X (sky130_fd_sc_hs__and2b_1)
                                         _028_ (net)
                  0.03    0.00    0.56 v _326_/A1 (sky130_fd_sc_hs__o21bai_2)
     4    0.01    0.15    0.14    0.71 ^ _326_/Y (sky130_fd_sc_hs__o21bai_2)
                                         _029_ (net)
                  0.15    0.00    0.71 ^ _330_/A (sky130_fd_sc_hs__nand2_1)
     1    0.01    0.06    0.06    0.77 v _330_/Y (sky130_fd_sc_hs__nand2_1)
                                         _033_ (net)
                  0.06    0.00    0.77 v _332_/A (sky130_fd_sc_hs__nand2_2)
     3    0.01    0.07    0.07    0.84 ^ _332_/Y (sky130_fd_sc_hs__nand2_2)
                                         _035_ (net)
                  0.07    0.00    0.84 ^ _441_/A (sky130_fd_sc_hs__nand2_2)
     2    0.01    0.04    0.05    0.89 v _441_/Y (sky130_fd_sc_hs__nand2_2)
                                         _123_ (net)
                  0.04    0.00    0.89 v _450_/A (sky130_fd_sc_hs__nand2_2)
     2    0.02    0.09    0.08    0.96 ^ _450_/Y (sky130_fd_sc_hs__nand2_2)
                                         _132_ (net)
                  0.09    0.00    0.96 ^ _458_/A (sky130_fd_sc_hs__nand2_8)
     9    0.05    0.07    0.07    1.04 v _458_/Y (sky130_fd_sc_hs__nand2_8)
                                         _140_ (net)
                  0.07    0.00    1.04 v _581_/A (sky130_fd_sc_hs__nand2_8)
    10    0.04    0.10    0.10    1.14 ^ _581_/Y (sky130_fd_sc_hs__nand2_8)
                                         _251_ (net)
                  0.10    0.00    1.14 ^ _640_/A2 (sky130_fd_sc_hs__o21ai_4)
    16    0.03    0.08    0.08    1.21 v _640_/Y (sky130_fd_sc_hs__o21ai_4)
                                         ctrl$b_reg_en[0] (net)
                  0.08    0.00    1.21 v dpath.b_reg.out[0]$_DFFE_PP_/DE (sky130_fd_sc_hs__edfxtp_1)
                                  1.21   data arrival time

                  0.00    1.54    1.54   clock core_clock (rise edge)
                          0.23    1.77   clock network delay (ideal)
                          0.00    1.77   clock reconvergence pessimism
                                  1.77 ^ dpath.b_reg.out[0]$_DFFE_PP_/CLK (sky130_fd_sc_hs__edfxtp_1)
                         -0.59    1.18   library setup time
                                  1.18   data required time
-----------------------------------------------------------------------------
                                  1.18   data required time
                                 -1.21   data arrival time
-----------------------------------------------------------------------------
                                 -0.03   slack (VIOLATED)


Startpoint: dpath.b_reg.out[5]$_DFFE_PP_
            (rising edge-triggered flip-flop clocked by core_clock)
Endpoint: resp_msg[13] (output port clocked by vclk_core_clock)
Path Group: vclk_core_clock
Path Type: max

Fanout     Cap    Slew   Delay    Time   Description
-----------------------------------------------------------------------------
                  0.00    0.00    0.00   clock core_clock (rise edge)
                          0.23    0.23   clock network delay (ideal)
                  0.00    0.00    0.23 ^ dpath.b_reg.out[5]$_DFFE_PP_/CLK (sky130_fd_sc_hs__edfxtp_1)
     5    0.02    0.08    0.21    0.45 v dpath.b_reg.out[5]$_DFFE_PP_/Q (sky130_fd_sc_hs__edfxtp_1)
                                         dpath.a_lt_b$in1[5] (net)
                  0.08    0.00    0.45 v _299_/B (sky130_fd_sc_hs__xnor2_1)
     3    0.01    0.24    0.21    0.66 ^ _299_/Y (sky130_fd_sc_hs__xnor2_1)
                                         _003_ (net)
                  0.24    0.00    0.66 ^ _377_/A (sky130_fd_sc_hs__nand2_1)
     3    0.01    0.09    0.10    0.76 v _377_/Y (sky130_fd_sc_hs__nand2_1)
                                         _060_ (net)
                  0.09    0.00    0.76 v _518_/A (sky130_fd_sc_hs__nor2_1)
     3    0.01    0.13    0.13    0.89 ^ _518_/Y (sky130_fd_sc_hs__nor2_1)
                                         _198_ (net)
                  0.13    0.00    0.89 ^ _519_/A (sky130_fd_sc_hs__and2_1)
     1    0.00    0.03    0.09    0.98 ^ _519_/X (sky130_fd_sc_hs__and2_1)
                                         _199_ (net)
                  0.03    0.00    0.98 ^ _520_/B (sky130_fd_sc_hs__nand2_1)
     2    0.01    0.04    0.05    1.03 v _520_/Y (sky130_fd_sc_hs__nand2_1)
                                         _200_ (net)
                  0.04    0.00    1.03 v _521_/B (sky130_fd_sc_hs__nand2_1)
     1    0.00    0.04    0.05    1.08 ^ _521_/Y (sky130_fd_sc_hs__nand2_1)
                                         _201_ (net)
                  0.04    0.00    1.08 ^ _523_/A (sky130_fd_sc_hs__nand2_1)
     1    0.00    0.03    0.03    1.11 v _523_/Y (sky130_fd_sc_hs__nand2_1)
                                         _203_ (net)
                  0.03    0.00    1.11 v _525_/A (sky130_fd_sc_hs__nand2_1)
     2    0.00    0.04    0.04    1.14 ^ _525_/Y (sky130_fd_sc_hs__nand2_1)
                                         resp_msg[13] (net)
                  0.04    0.00    1.14 ^ resp_msg[13] (out)
                                  1.14   data arrival time

                  0.00    1.54    1.54   clock vclk_core_clock (rise edge)
                          0.23    1.77   clock network delay (ideal)
                          0.00    1.77   clock reconvergence pessimism
                         -0.31    1.47   output external delay
                                  1.47   data required time
-----------------------------------------------------------------------------
                                  1.47   data required time
                                 -1.14   data arrival time
-----------------------------------------------------------------------------
                                  0.32   slack (MET)



==========================================================================
floorplan final report_checks -unconstrained
--------------------------------------------------------------------------
Startpoint: dpath.a_reg.out[1]$_DFFE_PP_
            (rising edge-triggered flip-flop clocked by core_clock)
Endpoint: dpath.b_reg.out[0]$_DFFE_PP_
          (rising edge-triggered flip-flop clocked by core_clock)
Path Group: core_clock
Path Type: max

Fanout     Cap    Slew   Delay    Time   Description
-----------------------------------------------------------------------------
                  0.00    0.00    0.00   clock core_clock (rise edge)
                          0.23    0.23   clock network delay (ideal)
                  0.00    0.00    0.23 ^ dpath.a_reg.out[1]$_DFFE_PP_/CLK (sky130_fd_sc_hs__edfxtp_1)
     4    0.01    0.09    0.20    0.44 ^ dpath.a_reg.out[1]$_DFFE_PP_/Q (sky130_fd_sc_hs__edfxtp_1)
                                         dpath.a_lt_b$in0[1] (net)
                  0.09    0.00    0.44 ^ _325_/A_N (sky130_fd_sc_hs__and2b_1)
     1    0.01    0.03    0.13    0.56 v _325_/X (sky130_fd_sc_hs__and2b_1)
                                         _028_ (net)
                  0.03    0.00    0.56 v _326_/A1 (sky130_fd_sc_hs__o21bai_2)
     4    0.01    0.15    0.14    0.71 ^ _326_/Y (sky130_fd_sc_hs__o21bai_2)
                                         _029_ (net)
                  0.15    0.00    0.71 ^ _330_/A (sky130_fd_sc_hs__nand2_1)
     1    0.01    0.06    0.06    0.77 v _330_/Y (sky130_fd_sc_hs__nand2_1)
                                         _033_ (net)
                  0.06    0.00    0.77 v _332_/A (sky130_fd_sc_hs__nand2_2)
     3    0.01    0.07    0.07    0.84 ^ _332_/Y (sky130_fd_sc_hs__nand2_2)
                                         _035_ (net)
                  0.07    0.00    0.84 ^ _441_/A (sky130_fd_sc_hs__nand2_2)
     2    0.01    0.04    0.05    0.89 v _441_/Y (sky130_fd_sc_hs__nand2_2)
                                         _123_ (net)
                  0.04    0.00    0.89 v _450_/A (sky130_fd_sc_hs__nand2_2)
     2    0.02    0.09    0.08    0.96 ^ _450_/Y (sky130_fd_sc_hs__nand2_2)
                                         _132_ (net)
                  0.09    0.00    0.96 ^ _458_/A (sky130_fd_sc_hs__nand2_8)
     9    0.05    0.07    0.07    1.04 v _458_/Y (sky130_fd_sc_hs__nand2_8)
                                         _140_ (net)
                  0.07    0.00    1.04 v _581_/A (sky130_fd_sc_hs__nand2_8)
    10    0.04    0.10    0.10    1.14 ^ _581_/Y (sky130_fd_sc_hs__nand2_8)
                                         _251_ (net)
                  0.10    0.00    1.14 ^ _640_/A2 (sky130_fd_sc_hs__o21ai_4)
    16    0.03    0.08    0.08    1.21 v _640_/Y (sky130_fd_sc_hs__o21ai_4)
                                         ctrl$b_reg_en[0] (net)
                  0.08    0.00    1.21 v dpath.b_reg.out[0]$_DFFE_PP_/DE (sky130_fd_sc_hs__edfxtp_1)
                                  1.21   data arrival time

                  0.00    1.54    1.54   clock core_clock (rise edge)
                          0.23    1.77   clock network delay (ideal)
                          0.00    1.77   clock reconvergence pessimism
                                  1.77 ^ dpath.b_reg.out[0]$_DFFE_PP_/CLK (sky130_fd_sc_hs__edfxtp_1)
                         -0.59    1.18   library setup time
                                  1.18   data required time
-----------------------------------------------------------------------------
                                  1.18   data required time
                                 -1.21   data arrival time
-----------------------------------------------------------------------------
                                 -0.03   slack (VIOLATED)


Startpoint: dpath.b_reg.out[5]$_DFFE_PP_
            (rising edge-triggered flip-flop clocked by core_clock)
Endpoint: resp_msg[13] (output port clocked by vclk_core_clock)
Path Group: vclk_core_clock
Path Type: max

Fanout     Cap    Slew   Delay    Time   Description
-----------------------------------------------------------------------------
                  0.00    0.00    0.00   clock core_clock (rise edge)
                          0.23    0.23   clock network delay (ideal)
                  0.00    0.00    0.23 ^ dpath.b_reg.out[5]$_DFFE_PP_/CLK (sky130_fd_sc_hs__edfxtp_1)
     5    0.02    0.08    0.21    0.45 v dpath.b_reg.out[5]$_DFFE_PP_/Q (sky130_fd_sc_hs__edfxtp_1)
                                         dpath.a_lt_b$in1[5] (net)
                  0.08    0.00    0.45 v _299_/B (sky130_fd_sc_hs__xnor2_1)
     3    0.01    0.24    0.21    0.66 ^ _299_/Y (sky130_fd_sc_hs__xnor2_1)
                                         _003_ (net)
                  0.24    0.00    0.66 ^ _377_/A (sky130_fd_sc_hs__nand2_1)
     3    0.01    0.09    0.10    0.76 v _377_/Y (sky130_fd_sc_hs__nand2_1)
                                         _060_ (net)
                  0.09    0.00    0.76 v _518_/A (sky130_fd_sc_hs__nor2_1)
     3    0.01    0.13    0.13    0.89 ^ _518_/Y (sky130_fd_sc_hs__nor2_1)
                                         _198_ (net)
                  0.13    0.00    0.89 ^ _519_/A (sky130_fd_sc_hs__and2_1)
     1    0.00    0.03    0.09    0.98 ^ _519_/X (sky130_fd_sc_hs__and2_1)
                                         _199_ (net)
                  0.03    0.00    0.98 ^ _520_/B (sky130_fd_sc_hs__nand2_1)
     2    0.01    0.04    0.05    1.03 v _520_/Y (sky130_fd_sc_hs__nand2_1)
                                         _200_ (net)
                  0.04    0.00    1.03 v _521_/B (sky130_fd_sc_hs__nand2_1)
     1    0.00    0.04    0.05    1.08 ^ _521_/Y (sky130_fd_sc_hs__nand2_1)
                                         _201_ (net)
                  0.04    0.00    1.08 ^ _523_/A (sky130_fd_sc_hs__nand2_1)
     1    0.00    0.03    0.03    1.11 v _523_/Y (sky130_fd_sc_hs__nand2_1)
                                         _203_ (net)
                  0.03    0.00    1.11 v _525_/A (sky130_fd_sc_hs__nand2_1)
     2    0.00    0.04    0.04    1.14 ^ _525_/Y (sky130_fd_sc_hs__nand2_1)
                                         resp_msg[13] (net)
                  0.04    0.00    1.14 ^ resp_msg[13] (out)
                                  1.14   data arrival time

                  0.00    1.54    1.54   clock vclk_core_clock (rise edge)
                          0.23    1.77   clock network delay (ideal)
                          0.00    1.77   clock reconvergence pessimism
                         -0.31    1.47   output external delay
                                  1.47   data required time
-----------------------------------------------------------------------------
                                  1.47   data required time
                                 -1.14   data arrival time
-----------------------------------------------------------------------------
                                  0.32   slack (MET)



==========================================================================
floorplan final report_power
--------------------------------------------------------------------------
Group                  Internal  Switching    Leakage      Total
                          Power      Power      Power      Power (Watts)
----------------------------------------------------------------
Sequential             1.53e-03   1.08e-04   4.70e-08   1.64e-03  44.3%
Combinational          1.37e-03   6.90e-04   3.03e-08   2.06e-03  55.7%
Clock                  0.00e+00   0.00e+00   0.00e+00   0.00e+00   0.0%
Macro                  0.00e+00   0.00e+00   0.00e+00   0.00e+00   0.0%
Pad                    0.00e+00   0.00e+00   0.00e+00   0.00e+00   0.0%
----------------------------------------------------------------
Total                  2.90e-03   7.97e-04   7.73e-08   3.70e-03 100.0%
                          78.5%      21.5%       0.0%
