
==========================================================================
finish report_tns
--------------------------------------------------------------------------
tns max -5.66

==========================================================================
finish report_wns
--------------------------------------------------------------------------
wns max -0.24

==========================================================================
finish report_worst_slack
--------------------------------------------------------------------------
worst slack max -0.24

==========================================================================
finish report_clock_min_period
--------------------------------------------------------------------------
core_clock period_min = 1.78 fmax = 562.55
vclk_core_clock period_min = 0.00 fmax = inf

==========================================================================
finish report_clock_skew
--------------------------------------------------------------------------
Clock core_clock
   0.23 source latency dpath.a_reg.out[6]$_DFFE_PP_/CLK ^
  -0.24 target latency dpath.b_reg.out[15]$_DFFE_PP_/CLK ^
   0.00 CRPR
--------------
  -0.00 setup skew

Clock vclk_core_clock
No launch/capture paths found.


==========================================================================
finish report_checks -path_delay min
--------------------------------------------------------------------------
Startpoint: ctrl.state.out[0]$_DFF_P_
            (rising edge-triggered flip-flop clocked by core_clock)
Endpoint: dpath.b_reg.out[8]$_DFFE_PP_
          (rising edge-triggered flip-flop clocked by core_clock)
Path Group: core_clock
Path Type: min

Fanout     Cap    Slew   Delay    Time   Description
-----------------------------------------------------------------------------
                          0.00    0.00   clock core_clock (rise edge)
                          0.00    0.00   clock source latency
     1    0.02    0.00    0.00    0.00 ^ clk (in)
                                         clk (net)
                  0.00    0.00    0.00 ^ clkbuf_0_clk/A (sky130_fd_sc_hs__clkbuf_8)
     4    0.04    0.06    0.11    0.11 ^ clkbuf_0_clk/X (sky130_fd_sc_hs__clkbuf_8)
                                         clknet_0_clk (net)
                  0.06    0.00    0.11 ^ clkbuf_2_0__f_clk/A (sky130_fd_sc_hs__clkbuf_8)
    10    0.04    0.06    0.13    0.24 ^ clkbuf_2_0__f_clk/X (sky130_fd_sc_hs__clkbuf_8)
                                         clknet_2_0__leaf_clk (net)
                  0.06    0.00    0.24 ^ ctrl.state.out[0]$_DFF_P_/CLK (sky130_fd_sc_hs__dfxtp_1)
     3    0.02    0.12    0.25    0.49 ^ ctrl.state.out[0]$_DFF_P_/Q (sky130_fd_sc_hs__dfxtp_1)
                                         net36 (net)
                  0.12    0.00    0.49 ^ _341_/A (sky130_fd_sc_hs__inv_2)
     4    0.02    0.06    0.07    0.56 v _341_/Y (sky130_fd_sc_hs__inv_2)
                                         _039_ (net)
                  0.06    0.00    0.57 v clone183/B1 (sky130_fd_sc_hs__o21ai_4)
     8    0.03    0.13    0.12    0.69 ^ clone183/Y (sky130_fd_sc_hs__o21ai_4)
                                         net183 (net)
                  0.13    0.00    0.69 ^ dpath.b_reg.out[8]$_DFFE_PP_/DE (sky130_fd_sc_hs__edfxtp_1)
                                  0.69   data arrival time

                          0.00    0.00   clock core_clock (rise edge)
                          0.00    0.00   clock source latency
     1    0.02    0.00    0.00    0.00 ^ clk (in)
                                         clk (net)
                  0.00    0.00    0.00 ^ clkbuf_0_clk/A (sky130_fd_sc_hs__clkbuf_8)
     4    0.04    0.06    0.11    0.11 ^ clkbuf_0_clk/X (sky130_fd_sc_hs__clkbuf_8)
                                         clknet_0_clk (net)
                  0.06    0.00    0.11 ^ clkbuf_2_2__f_clk/A (sky130_fd_sc_hs__clkbuf_8)
    11    0.04    0.06    0.13    0.24 ^ clkbuf_2_2__f_clk/X (sky130_fd_sc_hs__clkbuf_8)
                                         clknet_2_2__leaf_clk (net)
                  0.06    0.00    0.24 ^ dpath.b_reg.out[8]$_DFFE_PP_/CLK (sky130_fd_sc_hs__edfxtp_1)
                          0.00    0.24   clock reconvergence pessimism
                          0.25    0.48   library hold time
                                  0.48   data required time
-----------------------------------------------------------------------------
                                  0.48   data required time
                                 -0.69   data arrival time
-----------------------------------------------------------------------------
                                  0.20   slack (MET)


Startpoint: ctrl.state.out[2]$_DFF_P_
            (rising edge-triggered flip-flop clocked by core_clock)
Endpoint: resp_val (output port clocked by vclk_core_clock)
Path Group: vclk_core_clock
Path Type: min

Fanout     Cap    Slew   Delay    Time   Description
-----------------------------------------------------------------------------
                          0.00    0.00   clock core_clock (rise edge)
                          0.00    0.00   clock source latency
     1    0.02    0.00    0.00    0.00 ^ clk (in)
                                         clk (net)
                  0.00    0.00    0.00 ^ clkbuf_0_clk/A (sky130_fd_sc_hs__clkbuf_8)
     4    0.04    0.06    0.11    0.11 ^ clkbuf_0_clk/X (sky130_fd_sc_hs__clkbuf_8)
                                         clknet_0_clk (net)
                  0.06    0.00    0.11 ^ clkbuf_2_0__f_clk/A (sky130_fd_sc_hs__clkbuf_8)
    10    0.04    0.06    0.13    0.24 ^ clkbuf_2_0__f_clk/X (sky130_fd_sc_hs__clkbuf_8)
                                         clknet_2_0__leaf_clk (net)
                  0.06    0.00    0.24 ^ ctrl.state.out[2]$_DFF_P_/CLK (sky130_fd_sc_hs__dfxtp_1)
     2    0.01    0.05    0.20    0.44 ^ ctrl.state.out[2]$_DFF_P_/Q (sky130_fd_sc_hs__dfxtp_1)
                                         ctrl.state.out[2] (net)
                  0.05    0.00    0.44 ^ _627_/B (sky130_fd_sc_hs__nor3b_1)
     2    0.01    0.04    0.05    0.49 v _627_/Y (sky130_fd_sc_hs__nor3b_1)
                                         net53 (net)
                  0.04    0.00    0.49 v output53/A (sky130_fd_sc_hs__buf_1)
     1    0.00    0.01    0.06    0.55 v output53/X (sky130_fd_sc_hs__buf_1)
                                         resp_val (net)
                  0.01    0.00    0.55 v resp_val (out)
                                  0.55   data arrival time

                  0.00    0.00    0.00   clock vclk_core_clock (rise edge)
                          0.23    0.23   clock network delay (ideal)
                          0.00    0.23   clock reconvergence pessimism
                         -0.31   -0.07   output external delay
                                 -0.07   data required time
-----------------------------------------------------------------------------
                                 -0.07   data required time
                                 -0.55   data arrival time
-----------------------------------------------------------------------------
                                  0.63   slack (MET)



==========================================================================
finish report_checks -path_delay max
--------------------------------------------------------------------------
Startpoint: dpath.a_reg.out[6]$_DFFE_PP_
            (rising edge-triggered flip-flop clocked by core_clock)
Endpoint: dpath.a_reg.out[10]$_DFFE_PP_
          (rising edge-triggered flip-flop clocked by core_clock)
Path Group: core_clock
Path Type: max

Fanout     Cap    Slew   Delay    Time   Description
-----------------------------------------------------------------------------
                          0.00    0.00   clock core_clock (rise edge)
                          0.00    0.00   clock source latency
     1    0.02    0.00    0.00    0.00 ^ clk (in)
                                         clk (net)
                  0.00    0.00    0.00 ^ clkbuf_0_clk/A (sky130_fd_sc_hs__clkbuf_8)
     4    0.04    0.06    0.11    0.11 ^ clkbuf_0_clk/X (sky130_fd_sc_hs__clkbuf_8)
                                         clknet_0_clk (net)
                  0.06    0.00    0.11 ^ clkbuf_2_3__f_clk/A (sky130_fd_sc_hs__clkbuf_8)
     8    0.04    0.06    0.13    0.23 ^ clkbuf_2_3__f_clk/X (sky130_fd_sc_hs__clkbuf_8)
                                         clknet_2_3__leaf_clk (net)
                  0.06    0.00    0.23 ^ dpath.a_reg.out[6]$_DFFE_PP_/CLK (sky130_fd_sc_hs__edfxtp_1)
     3    0.02    0.08    0.23    0.46 v dpath.a_reg.out[6]$_DFFE_PP_/Q (sky130_fd_sc_hs__edfxtp_1)
                                         dpath.a_lt_b$in0[6] (net)
                  0.08    0.00    0.47 v _376_/A (sky130_fd_sc_hs__xnor2_2)
     2    0.01    0.13    0.15    0.61 ^ _376_/Y (sky130_fd_sc_hs__xnor2_2)
                                         _059_ (net)
                  0.13    0.00    0.61 ^ rebuffer208/A (sky130_fd_sc_hs__buf_2)
     1    0.01    0.05    0.11    0.73 ^ rebuffer208/X (sky130_fd_sc_hs__buf_2)
                                         net208 (net)
                  0.05    0.00    0.73 ^ _438_/B (sky130_fd_sc_hs__nand2_2)
     3    0.03    0.10    0.09    0.81 v _438_/Y (sky130_fd_sc_hs__nand2_2)
                                         _120_ (net)
                  0.10    0.00    0.82 v _440_/A (sky130_fd_sc_hs__nor2_4)
     2    0.01    0.09    0.12    0.93 ^ _440_/Y (sky130_fd_sc_hs__nor2_4)
                                         _122_ (net)
                  0.09    0.00    0.93 ^ _441_/B (sky130_fd_sc_hs__nand2_2)
     2    0.01    0.04    0.06    0.99 v _441_/Y (sky130_fd_sc_hs__nand2_2)
                                         _123_ (net)
                  0.04    0.00    0.99 v _450_/A (sky130_fd_sc_hs__nand2_2)
     2    0.02    0.09    0.08    1.08 ^ _450_/Y (sky130_fd_sc_hs__nand2_2)
                                         _132_ (net)
                  0.09    0.00    1.08 ^ _458_/B (sky130_fd_sc_hs__nand2_8)
     2    0.03    0.04    0.05    1.13 v _458_/Y (sky130_fd_sc_hs__nand2_8)
                                         _140_ (net)
                  0.04    0.00    1.13 v rebuffer229/A (sky130_fd_sc_hs__buf_1)
     1    0.00    0.03    0.08    1.21 v rebuffer229/X (sky130_fd_sc_hs__buf_1)
                                         net229 (net)
                  0.03    0.00    1.21 v rebuffer228/A (sky130_fd_sc_hs__buf_4)
     1    0.02    0.03    0.09    1.30 v rebuffer228/X (sky130_fd_sc_hs__buf_4)
                                         net228 (net)
                  0.03    0.00    1.30 v place130/A (sky130_fd_sc_hs__buf_16)
     8    0.08    0.03    0.10    1.40 v place130/X (sky130_fd_sc_hs__buf_16)
                                         net130 (net)
                  0.03    0.00    1.41 v split/A (sky130_fd_sc_hs__buf_16)
     7    0.05    0.03    0.10    1.50 v split/X (sky130_fd_sc_hs__buf_16)
                                         net (net)
                  0.03    0.00    1.50 v _554_/A (sky130_fd_sc_hs__nand4_2)
     1    0.01    0.10    0.05    1.55 ^ _554_/Y (sky130_fd_sc_hs__nand4_2)
                                         _228_ (net)
                  0.10    0.00    1.55 ^ _556_/B (sky130_fd_sc_hs__and2_1)
     1    0.01    0.06    0.11    1.66 ^ _556_/X (sky130_fd_sc_hs__and2_1)
                                         _230_ (net)
                  0.06    0.00    1.66 ^ _565_/A (sky130_fd_sc_hs__nand2_1)
     1    0.00    0.04    0.04    1.70 v _565_/Y (sky130_fd_sc_hs__nand2_1)
                                         dpath.a_mux$out[10] (net)
                  0.04    0.00    1.70 v dpath.a_reg.out[10]$_DFFE_PP_/D (sky130_fd_sc_hs__edfxtp_1)
                                  1.70   data arrival time

                          1.54    1.54   clock core_clock (rise edge)
                          0.00    1.54   clock source latency
     1    0.02    0.00    0.00    1.54 ^ clk (in)
                                         clk (net)
                  0.00    0.00    1.54 ^ clkbuf_0_clk/A (sky130_fd_sc_hs__clkbuf_8)
     4    0.04    0.06    0.11    1.65 ^ clkbuf_0_clk/X (sky130_fd_sc_hs__clkbuf_8)
                                         clknet_0_clk (net)
                  0.06    0.00    1.65 ^ clkbuf_2_3__f_clk/A (sky130_fd_sc_hs__clkbuf_8)
     8    0.04    0.06    0.13    1.77 ^ clkbuf_2_3__f_clk/X (sky130_fd_sc_hs__clkbuf_8)
                                         clknet_2_3__leaf_clk (net)
                  0.06    0.00    1.77 ^ dpath.a_reg.out[10]$_DFFE_PP_/CLK (sky130_fd_sc_hs__edfxtp_1)
                          0.00    1.77   clock reconvergence pessimism
                         -0.31    1.47   library setup time
                                  1.47   data required time
-----------------------------------------------------------------------------
                                  1.47   data required time
                                 -1.70   data arrival time
-----------------------------------------------------------------------------
                                 -0.24   slack (VIOLATED)


Startpoint: dpath.a_reg.out[6]$_DFFE_PP_
            (rising edge-triggered flip-flop clocked by core_clock)
Endpoint: resp_msg[14] (output port clocked by vclk_core_clock)
Path Group: vclk_core_clock
Path Type: max

Fanout     Cap    Slew   Delay    Time   Description
-----------------------------------------------------------------------------
                          0.00    0.00   clock core_clock (rise edge)
                          0.00    0.00   clock source latency
     1    0.02    0.00    0.00    0.00 ^ clk (in)
                                         clk (net)
                  0.00    0.00    0.00 ^ clkbuf_0_clk/A (sky130_fd_sc_hs__clkbuf_8)
     4    0.04    0.06    0.11    0.11 ^ clkbuf_0_clk/X (sky130_fd_sc_hs__clkbuf_8)
                                         clknet_0_clk (net)
                  0.06    0.00    0.11 ^ clkbuf_2_3__f_clk/A (sky130_fd_sc_hs__clkbuf_8)
     8    0.04    0.06    0.13    0.23 ^ clkbuf_2_3__f_clk/X (sky130_fd_sc_hs__clkbuf_8)
                                         clknet_2_3__leaf_clk (net)
                  0.06    0.00    0.23 ^ dpath.a_reg.out[6]$_DFFE_PP_/CLK (sky130_fd_sc_hs__edfxtp_1)
     3    0.02    0.08    0.23    0.46 v dpath.a_reg.out[6]$_DFFE_PP_/Q (sky130_fd_sc_hs__edfxtp_1)
                                         dpath.a_lt_b$in0[6] (net)
                  0.08    0.00    0.47 v _376_/A (sky130_fd_sc_hs__xnor2_2)
     2    0.01    0.13    0.15    0.61 ^ _376_/Y (sky130_fd_sc_hs__xnor2_2)
                                         _059_ (net)
                  0.13    0.00    0.61 ^ rebuffer208/A (sky130_fd_sc_hs__buf_2)
     1    0.01    0.05    0.11    0.73 ^ rebuffer208/X (sky130_fd_sc_hs__buf_2)
                                         net208 (net)
                  0.05    0.00    0.73 ^ _438_/B (sky130_fd_sc_hs__nand2_2)
     3    0.03    0.10    0.09    0.81 v _438_/Y (sky130_fd_sc_hs__nand2_2)
                                         _120_ (net)
                  0.10    0.00    0.82 v rebuffer215/A (sky130_fd_sc_hs__buf_1)
     1    0.01    0.04    0.11    0.92 v rebuffer215/X (sky130_fd_sc_hs__buf_1)
                                         net215 (net)
                  0.04    0.00    0.92 v rebuffer198/A (sky130_fd_sc_hs__buf_1)
     1    0.01    0.03    0.08    1.00 v rebuffer198/X (sky130_fd_sc_hs__buf_1)
                                         net198 (net)
                  0.03    0.00    1.00 v _489_/A (sky130_fd_sc_hs__nor2_1)
     3    0.01    0.19    0.16    1.16 ^ _489_/Y (sky130_fd_sc_hs__nor2_1)
                                         _171_ (net)
                  0.19    0.00    1.16 ^ _491_/A (sky130_fd_sc_hs__and2_1)
     1    0.00    0.04    0.09    1.25 ^ _491_/X (sky130_fd_sc_hs__and2_1)
                                         _173_ (net)
                  0.04    0.00    1.25 ^ _492_/B (sky130_fd_sc_hs__nand2_1)
     2    0.01    0.06    0.06    1.31 v _492_/Y (sky130_fd_sc_hs__nand2_1)
                                         _174_ (net)
                  0.06    0.00    1.31 v _498_/A (sky130_fd_sc_hs__nand2_1)
     1    0.00    0.04    0.05    1.36 ^ _498_/Y (sky130_fd_sc_hs__nand2_1)
                                         _180_ (net)
                  0.04    0.00    1.36 ^ _500_/A (sky130_fd_sc_hs__nand2_1)
     1    0.00    0.03    0.04    1.40 v _500_/Y (sky130_fd_sc_hs__nand2_1)
                                         _182_ (net)
                  0.03    0.00    1.40 v _502_/A (sky130_fd_sc_hs__nand2_1)
     2    0.01    0.09    0.07    1.47 ^ _502_/Y (sky130_fd_sc_hs__nand2_1)
                                         net42 (net)
                  0.09    0.00    1.47 ^ output42/A (sky130_fd_sc_hs__buf_1)
     1    0.00    0.03    0.07    1.54 ^ output42/X (sky130_fd_sc_hs__buf_1)
                                         resp_msg[14] (net)
                  0.03    0.00    1.54 ^ resp_msg[14] (out)
                                  1.54   data arrival time

                  0.00    1.54    1.54   clock vclk_core_clock (rise edge)
                          0.23    1.77   clock network delay (ideal)
                          0.00    1.77   clock reconvergence pessimism
                         -0.31    1.47   output external delay
                                  1.47   data required time
-----------------------------------------------------------------------------
                                  1.47   data required time
                                 -1.54   data arrival time
-----------------------------------------------------------------------------
                                 -0.07   slack (VIOLATED)



==========================================================================
finish report_checks -unconstrained
--------------------------------------------------------------------------
Startpoint: dpath.a_reg.out[6]$_DFFE_PP_
            (rising edge-triggered flip-flop clocked by core_clock)
Endpoint: dpath.a_reg.out[10]$_DFFE_PP_
          (rising edge-triggered flip-flop clocked by core_clock)
Path Group: core_clock
Path Type: max

Fanout     Cap    Slew   Delay    Time   Description
-----------------------------------------------------------------------------
                          0.00    0.00   clock core_clock (rise edge)
                          0.00    0.00   clock source latency
     1    0.02    0.00    0.00    0.00 ^ clk (in)
                                         clk (net)
                  0.00    0.00    0.00 ^ clkbuf_0_clk/A (sky130_fd_sc_hs__clkbuf_8)
     4    0.04    0.06    0.11    0.11 ^ clkbuf_0_clk/X (sky130_fd_sc_hs__clkbuf_8)
                                         clknet_0_clk (net)
                  0.06    0.00    0.11 ^ clkbuf_2_3__f_clk/A (sky130_fd_sc_hs__clkbuf_8)
     8    0.04    0.06    0.13    0.23 ^ clkbuf_2_3__f_clk/X (sky130_fd_sc_hs__clkbuf_8)
                                         clknet_2_3__leaf_clk (net)
                  0.06    0.00    0.23 ^ dpath.a_reg.out[6]$_DFFE_PP_/CLK (sky130_fd_sc_hs__edfxtp_1)
     3    0.02    0.08    0.23    0.46 v dpath.a_reg.out[6]$_DFFE_PP_/Q (sky130_fd_sc_hs__edfxtp_1)
                                         dpath.a_lt_b$in0[6] (net)
                  0.08    0.00    0.47 v _376_/A (sky130_fd_sc_hs__xnor2_2)
     2    0.01    0.13    0.15    0.61 ^ _376_/Y (sky130_fd_sc_hs__xnor2_2)
                                         _059_ (net)
                  0.13    0.00    0.61 ^ rebuffer208/A (sky130_fd_sc_hs__buf_2)
     1    0.01    0.05    0.11    0.73 ^ rebuffer208/X (sky130_fd_sc_hs__buf_2)
                                         net208 (net)
                  0.05    0.00    0.73 ^ _438_/B (sky130_fd_sc_hs__nand2_2)
     3    0.03    0.10    0.09    0.81 v _438_/Y (sky130_fd_sc_hs__nand2_2)
                                         _120_ (net)
                  0.10    0.00    0.82 v _440_/A (sky130_fd_sc_hs__nor2_4)
     2    0.01    0.09    0.12    0.93 ^ _440_/Y (sky130_fd_sc_hs__nor2_4)
                                         _122_ (net)
                  0.09    0.00    0.93 ^ _441_/B (sky130_fd_sc_hs__nand2_2)
     2    0.01    0.04    0.06    0.99 v _441_/Y (sky130_fd_sc_hs__nand2_2)
                                         _123_ (net)
                  0.04    0.00    0.99 v _450_/A (sky130_fd_sc_hs__nand2_2)
     2    0.02    0.09    0.08    1.08 ^ _450_/Y (sky130_fd_sc_hs__nand2_2)
                                         _132_ (net)
                  0.09    0.00    1.08 ^ _458_/B (sky130_fd_sc_hs__nand2_8)
     2    0.03    0.04    0.05    1.13 v _458_/Y (sky130_fd_sc_hs__nand2_8)
                                         _140_ (net)
                  0.04    0.00    1.13 v rebuffer229/A (sky130_fd_sc_hs__buf_1)
     1    0.00    0.03    0.08    1.21 v rebuffer229/X (sky130_fd_sc_hs__buf_1)
                                         net229 (net)
                  0.03    0.00    1.21 v rebuffer228/A (sky130_fd_sc_hs__buf_4)
     1    0.02    0.03    0.09    1.30 v rebuffer228/X (sky130_fd_sc_hs__buf_4)
                                         net228 (net)
                  0.03    0.00    1.30 v place130/A (sky130_fd_sc_hs__buf_16)
     8    0.08    0.03    0.10    1.40 v place130/X (sky130_fd_sc_hs__buf_16)
                                         net130 (net)
                  0.03    0.00    1.41 v split/A (sky130_fd_sc_hs__buf_16)
     7    0.05    0.03    0.10    1.50 v split/X (sky130_fd_sc_hs__buf_16)
                                         net (net)
                  0.03    0.00    1.50 v _554_/A (sky130_fd_sc_hs__nand4_2)
     1    0.01    0.10    0.05    1.55 ^ _554_/Y (sky130_fd_sc_hs__nand4_2)
                                         _228_ (net)
                  0.10    0.00    1.55 ^ _556_/B (sky130_fd_sc_hs__and2_1)
     1    0.01    0.06    0.11    1.66 ^ _556_/X (sky130_fd_sc_hs__and2_1)
                                         _230_ (net)
                  0.06    0.00    1.66 ^ _565_/A (sky130_fd_sc_hs__nand2_1)
     1    0.00    0.04    0.04    1.70 v _565_/Y (sky130_fd_sc_hs__nand2_1)
                                         dpath.a_mux$out[10] (net)
                  0.04    0.00    1.70 v dpath.a_reg.out[10]$_DFFE_PP_/D (sky130_fd_sc_hs__edfxtp_1)
                                  1.70   data arrival time

                          1.54    1.54   clock core_clock (rise edge)
                          0.00    1.54   clock source latency
     1    0.02    0.00    0.00    1.54 ^ clk (in)
                                         clk (net)
                  0.00    0.00    1.54 ^ clkbuf_0_clk/A (sky130_fd_sc_hs__clkbuf_8)
     4    0.04    0.06    0.11    1.65 ^ clkbuf_0_clk/X (sky130_fd_sc_hs__clkbuf_8)
                                         clknet_0_clk (net)
                  0.06    0.00    1.65 ^ clkbuf_2_3__f_clk/A (sky130_fd_sc_hs__clkbuf_8)
     8    0.04    0.06    0.13    1.77 ^ clkbuf_2_3__f_clk/X (sky130_fd_sc_hs__clkbuf_8)
                                         clknet_2_3__leaf_clk (net)
                  0.06    0.00    1.77 ^ dpath.a_reg.out[10]$_DFFE_PP_/CLK (sky130_fd_sc_hs__edfxtp_1)
                          0.00    1.77   clock reconvergence pessimism
                         -0.31    1.47   library setup time
                                  1.47   data required time
-----------------------------------------------------------------------------
                                  1.47   data required time
                                 -1.70   data arrival time
-----------------------------------------------------------------------------
                                 -0.24   slack (VIOLATED)


Startpoint: dpath.a_reg.out[6]$_DFFE_PP_
            (rising edge-triggered flip-flop clocked by core_clock)
Endpoint: resp_msg[14] (output port clocked by vclk_core_clock)
Path Group: vclk_core_clock
Path Type: max

Fanout     Cap    Slew   Delay    Time   Description
-----------------------------------------------------------------------------
                          0.00    0.00   clock core_clock (rise edge)
                          0.00    0.00   clock source latency
     1    0.02    0.00    0.00    0.00 ^ clk (in)
                                         clk (net)
                  0.00    0.00    0.00 ^ clkbuf_0_clk/A (sky130_fd_sc_hs__clkbuf_8)
     4    0.04    0.06    0.11    0.11 ^ clkbuf_0_clk/X (sky130_fd_sc_hs__clkbuf_8)
                                         clknet_0_clk (net)
                  0.06    0.00    0.11 ^ clkbuf_2_3__f_clk/A (sky130_fd_sc_hs__clkbuf_8)
     8    0.04    0.06    0.13    0.23 ^ clkbuf_2_3__f_clk/X (sky130_fd_sc_hs__clkbuf_8)
                                         clknet_2_3__leaf_clk (net)
                  0.06    0.00    0.23 ^ dpath.a_reg.out[6]$_DFFE_PP_/CLK (sky130_fd_sc_hs__edfxtp_1)
     3    0.02    0.08    0.23    0.46 v dpath.a_reg.out[6]$_DFFE_PP_/Q (sky130_fd_sc_hs__edfxtp_1)
                                         dpath.a_lt_b$in0[6] (net)
                  0.08    0.00    0.47 v _376_/A (sky130_fd_sc_hs__xnor2_2)
     2    0.01    0.13    0.15    0.61 ^ _376_/Y (sky130_fd_sc_hs__xnor2_2)
                                         _059_ (net)
                  0.13    0.00    0.61 ^ rebuffer208/A (sky130_fd_sc_hs__buf_2)
     1    0.01    0.05    0.11    0.73 ^ rebuffer208/X (sky130_fd_sc_hs__buf_2)
                                         net208 (net)
                  0.05    0.00    0.73 ^ _438_/B (sky130_fd_sc_hs__nand2_2)
     3    0.03    0.10    0.09    0.81 v _438_/Y (sky130_fd_sc_hs__nand2_2)
                                         _120_ (net)
                  0.10    0.00    0.82 v rebuffer215/A (sky130_fd_sc_hs__buf_1)
     1    0.01    0.04    0.11    0.92 v rebuffer215/X (sky130_fd_sc_hs__buf_1)
                                         net215 (net)
                  0.04    0.00    0.92 v rebuffer198/A (sky130_fd_sc_hs__buf_1)
     1    0.01    0.03    0.08    1.00 v rebuffer198/X (sky130_fd_sc_hs__buf_1)
                                         net198 (net)
                  0.03    0.00    1.00 v _489_/A (sky130_fd_sc_hs__nor2_1)
     3    0.01    0.19    0.16    1.16 ^ _489_/Y (sky130_fd_sc_hs__nor2_1)
                                         _171_ (net)
                  0.19    0.00    1.16 ^ _491_/A (sky130_fd_sc_hs__and2_1)
     1    0.00    0.04    0.09    1.25 ^ _491_/X (sky130_fd_sc_hs__and2_1)
                                         _173_ (net)
                  0.04    0.00    1.25 ^ _492_/B (sky130_fd_sc_hs__nand2_1)
     2    0.01    0.06    0.06    1.31 v _492_/Y (sky130_fd_sc_hs__nand2_1)
                                         _174_ (net)
                  0.06    0.00    1.31 v _498_/A (sky130_fd_sc_hs__nand2_1)
     1    0.00    0.04    0.05    1.36 ^ _498_/Y (sky130_fd_sc_hs__nand2_1)
                                         _180_ (net)
                  0.04    0.00    1.36 ^ _500_/A (sky130_fd_sc_hs__nand2_1)
     1    0.00    0.03    0.04    1.40 v _500_/Y (sky130_fd_sc_hs__nand2_1)
                                         _182_ (net)
                  0.03    0.00    1.40 v _502_/A (sky130_fd_sc_hs__nand2_1)
     2    0.01    0.09    0.07    1.47 ^ _502_/Y (sky130_fd_sc_hs__nand2_1)
                                         net42 (net)
                  0.09    0.00    1.47 ^ output42/A (sky130_fd_sc_hs__buf_1)
     1    0.00    0.03    0.07    1.54 ^ output42/X (sky130_fd_sc_hs__buf_1)
                                         resp_msg[14] (net)
                  0.03    0.00    1.54 ^ resp_msg[14] (out)
                                  1.54   data arrival time

                  0.00    1.54    1.54   clock vclk_core_clock (rise edge)
                          0.23    1.77   clock network delay (ideal)
                          0.00    1.77   clock reconvergence pessimism
                         -0.31    1.47   output external delay
                                  1.47   data required time
-----------------------------------------------------------------------------
                                  1.47   data required time
                                 -1.54   data arrival time
-----------------------------------------------------------------------------
                                 -0.07   slack (VIOLATED)



==========================================================================
finish report_check_types -max_slew -max_cap -max_fanout -violators
--------------------------------------------------------------------------

==========================================================================
finish max_slew_check_slack
--------------------------------------------------------------------------
0.4476199448108673

==========================================================================
finish max_slew_check_limit
--------------------------------------------------------------------------
1.0

==========================================================================
finish max_slew_check_slack_limit
--------------------------------------------------------------------------
0.4476

==========================================================================
finish max_fanout_check_slack
--------------------------------------------------------------------------
1.0000000150474662e+30

==========================================================================
finish max_fanout_check_limit
--------------------------------------------------------------------------
1.0000000150474662e+30

==========================================================================
finish max_capacitance_check_slack
--------------------------------------------------------------------------
0.022851290181279182

==========================================================================
finish max_capacitance_check_limit
--------------------------------------------------------------------------
0.034299999475479126

==========================================================================
finish max_capacitance_check_slack_limit
--------------------------------------------------------------------------
0.6662

==========================================================================
finish max_slew_violation_count
--------------------------------------------------------------------------
max slew violation count 0

==========================================================================
finish max_fanout_violation_count
--------------------------------------------------------------------------
max fanout violation count 0

==========================================================================
finish max_cap_violation_count
--------------------------------------------------------------------------
max cap violation count 0

==========================================================================
finish setup_violation_count
--------------------------------------------------------------------------
setup violation count 48

==========================================================================
finish hold_violation_count
--------------------------------------------------------------------------
hold violation count 0

==========================================================================
finish report_checks -path_delay max reg to reg
--------------------------------------------------------------------------
Startpoint: dpath.a_reg.out[6]$_DFFE_PP_
            (rising edge-triggered flip-flop clocked by core_clock)
Endpoint: dpath.a_reg.out[10]$_DFFE_PP_
          (rising edge-triggered flip-flop clocked by core_clock)
Path Group: core_clock
Path Type: max

  Delay    Time   Description
---------------------------------------------------------
   0.00    0.00   clock core_clock (rise edge)
   0.00    0.00   clock source latency
   0.00    0.00 ^ clk (in)
   0.11    0.11 ^ clkbuf_0_clk/X (sky130_fd_sc_hs__clkbuf_8)
   0.13    0.23 ^ clkbuf_2_3__f_clk/X (sky130_fd_sc_hs__clkbuf_8)
   0.00    0.23 ^ dpath.a_reg.out[6]$_DFFE_PP_/CLK (sky130_fd_sc_hs__edfxtp_1)
   0.23    0.46 v dpath.a_reg.out[6]$_DFFE_PP_/Q (sky130_fd_sc_hs__edfxtp_1)
   0.15    0.61 ^ _376_/Y (sky130_fd_sc_hs__xnor2_2)
   0.11    0.73 ^ rebuffer208/X (sky130_fd_sc_hs__buf_2)
   0.09    0.81 v _438_/Y (sky130_fd_sc_hs__nand2_2)
   0.12    0.93 ^ _440_/Y (sky130_fd_sc_hs__nor2_4)
   0.06    0.99 v _441_/Y (sky130_fd_sc_hs__nand2_2)
   0.08    1.08 ^ _450_/Y (sky130_fd_sc_hs__nand2_2)
   0.05    1.13 v _458_/Y (sky130_fd_sc_hs__nand2_8)
   0.08    1.21 v rebuffer229/X (sky130_fd_sc_hs__buf_1)
   0.09    1.30 v rebuffer228/X (sky130_fd_sc_hs__buf_4)
   0.10    1.40 v place130/X (sky130_fd_sc_hs__buf_16)
   0.10    1.50 v split/X (sky130_fd_sc_hs__buf_16)
   0.05    1.55 ^ _554_/Y (sky130_fd_sc_hs__nand4_2)
   0.11    1.66 ^ _556_/X (sky130_fd_sc_hs__and2_1)
   0.05    1.70 v _565_/Y (sky130_fd_sc_hs__nand2_1)
   0.00    1.70 v dpath.a_reg.out[10]$_DFFE_PP_/D (sky130_fd_sc_hs__edfxtp_1)
           1.70   data arrival time

   1.54    1.54   clock core_clock (rise edge)
   0.00    1.54   clock source latency
   0.00    1.54 ^ clk (in)
   0.11    1.65 ^ clkbuf_0_clk/X (sky130_fd_sc_hs__clkbuf_8)
   0.13    1.77 ^ clkbuf_2_3__f_clk/X (sky130_fd_sc_hs__clkbuf_8)
   0.00    1.77 ^ dpath.a_reg.out[10]$_DFFE_PP_/CLK (sky130_fd_sc_hs__edfxtp_1)
   0.00    1.77   clock reconvergence pessimism
  -0.31    1.47   library setup time
           1.47   data required time
---------------------------------------------------------
           1.47   data required time
          -1.70   data arrival time
---------------------------------------------------------
          -0.24   slack (VIOLATED)



==========================================================================
finish report_checks -path_delay min reg to reg
--------------------------------------------------------------------------
Startpoint: ctrl.state.out[0]$_DFF_P_
            (rising edge-triggered flip-flop clocked by core_clock)
Endpoint: dpath.b_reg.out[8]$_DFFE_PP_
          (rising edge-triggered flip-flop clocked by core_clock)
Path Group: core_clock
Path Type: min

  Delay    Time   Description
---------------------------------------------------------
   0.00    0.00   clock core_clock (rise edge)
   0.00    0.00   clock source latency
   0.00    0.00 ^ clk (in)
   0.11    0.11 ^ clkbuf_0_clk/X (sky130_fd_sc_hs__clkbuf_8)
   0.13    0.24 ^ clkbuf_2_0__f_clk/X (sky130_fd_sc_hs__clkbuf_8)
   0.00    0.24 ^ ctrl.state.out[0]$_DFF_P_/CLK (sky130_fd_sc_hs__dfxtp_1)
   0.25    0.49 ^ ctrl.state.out[0]$_DFF_P_/Q (sky130_fd_sc_hs__dfxtp_1)
   0.08    0.56 v _341_/Y (sky130_fd_sc_hs__inv_2)
   0.12    0.69 ^ clone183/Y (sky130_fd_sc_hs__o21ai_4)
   0.00    0.69 ^ dpath.b_reg.out[8]$_DFFE_PP_/DE (sky130_fd_sc_hs__edfxtp_1)
           0.69   data arrival time

   0.00    0.00   clock core_clock (rise edge)
   0.00    0.00   clock source latency
   0.00    0.00 ^ clk (in)
   0.11    0.11 ^ clkbuf_0_clk/X (sky130_fd_sc_hs__clkbuf_8)
   0.13    0.24 ^ clkbuf_2_2__f_clk/X (sky130_fd_sc_hs__clkbuf_8)
   0.00    0.24 ^ dpath.b_reg.out[8]$_DFFE_PP_/CLK (sky130_fd_sc_hs__edfxtp_1)
   0.00    0.24   clock reconvergence pessimism
   0.25    0.48   library hold time
           0.48   data required time
---------------------------------------------------------
           0.48   data required time
          -0.69   data arrival time
---------------------------------------------------------
           0.20   slack (MET)



==========================================================================
finish critical path target clock latency max path
--------------------------------------------------------------------------
0.2346

==========================================================================
finish critical path target clock latency min path
--------------------------------------------------------------------------
0.2375

==========================================================================
finish critical path source clock latency min path
--------------------------------------------------------------------------
0.2350

==========================================================================
finish critical path delay
--------------------------------------------------------------------------
1.7045

==========================================================================
finish critical path slack
--------------------------------------------------------------------------
-0.2376

==========================================================================
finish slack div critical path delay
--------------------------------------------------------------------------
-13.939572

==========================================================================
finish report_power
--------------------------------------------------------------------------
Group                  Internal  Switching    Leakage      Total
                          Power      Power      Power      Power (Watts)
----------------------------------------------------------------
Sequential             1.47e-03   1.42e-04   4.70e-08   1.62e-03  26.7%
Combinational          2.04e-03   1.45e-03   5.05e-08   3.49e-03  57.8%
Clock                  4.98e-04   4.35e-04   1.11e-09   9.32e-04  15.4%
Macro                  0.00e+00   0.00e+00   0.00e+00   0.00e+00   0.0%
Pad                    0.00e+00   0.00e+00   0.00e+00   0.00e+00   0.0%
----------------------------------------------------------------
Total                  4.01e-03   2.03e-03   9.86e-08   6.04e-03 100.0%
                          66.4%      33.6%       0.0%
