
==========================================================================
finish report_tns
--------------------------------------------------------------------------
tns max 0.00

==========================================================================
finish report_wns
--------------------------------------------------------------------------
wns max 0.00

==========================================================================
finish report_worst_slack
--------------------------------------------------------------------------
worst slack max 0.03

==========================================================================
finish report_clock_min_period
--------------------------------------------------------------------------
core_clock period_min = 1.80 fmax = 554.92
vclk_core_clock period_min = 0.00 fmax = inf

==========================================================================
finish report_clock_skew
--------------------------------------------------------------------------
Clock core_clock
   0.24 source latency dpath.a_reg.out[9]$_DFFE_PP_/CLK ^
  -0.24 target latency dpath.b_reg.out[2]$_DFFE_PP_/CLK ^
   0.00 CRPR
--------------
  -0.01 setup skew

Clock vclk_core_clock
No launch/capture paths found.


==========================================================================
finish report_checks -path_delay min
--------------------------------------------------------------------------
Startpoint: ctrl.state.out[2]$_DFF_P_
            (rising edge-triggered flip-flop clocked by core_clock)
Endpoint: dpath.b_reg.out[2]$_DFFE_PP_
          (rising edge-triggered flip-flop clocked by core_clock)
Path Group: core_clock
Path Type: min

Fanout     Cap    Slew   Delay    Time   Description
-----------------------------------------------------------------------------
                          0.00    0.00   clock core_clock (rise edge)
                          0.00    0.00   clock source latency
     1    0.01    0.00    0.00    0.00 ^ clk (in)
                                         clk (net)
                  0.00    0.00    0.00 ^ clkbuf_0_clk/A (sky130_fd_sc_hs__clkbuf_8)
     4    0.04    0.06    0.11    0.11 ^ clkbuf_0_clk/X (sky130_fd_sc_hs__clkbuf_8)
                                         clknet_0_clk (net)
                  0.06    0.00    0.11 ^ clkbuf_2_0__f_clk/A (sky130_fd_sc_hs__clkbuf_8)
    11    0.05    0.07    0.13    0.24 ^ clkbuf_2_0__f_clk/X (sky130_fd_sc_hs__clkbuf_8)
                                         clknet_2_0__leaf_clk (net)
                  0.07    0.00    0.24 ^ ctrl.state.out[2]$_DFF_P_/CLK (sky130_fd_sc_hs__dfxtp_1)
     2    0.01    0.06    0.21    0.45 ^ ctrl.state.out[2]$_DFF_P_/Q (sky130_fd_sc_hs__dfxtp_1)
                                         ctrl.state.out[2] (net)
                  0.06    0.00    0.45 ^ _476_/A (sky130_fd_sc_hs__inv_1)
     6    0.04    0.15    0.14    0.59 v _476_/Y (sky130_fd_sc_hs__inv_1)
                                         _158_ (net)
                  0.15    0.00    0.59 v clone97/A2 (sky130_fd_sc_hs__o21ai_4)
     8    0.02    0.13    0.17    0.76 ^ clone97/Y (sky130_fd_sc_hs__o21ai_4)
                                         net97 (net)
                  0.13    0.00    0.76 ^ dpath.b_reg.out[2]$_DFFE_PP_/DE (sky130_fd_sc_hs__edfxtp_1)
                                  0.76   data arrival time

                          0.00    0.00   clock core_clock (rise edge)
                          0.00    0.00   clock source latency
     1    0.01    0.00    0.00    0.00 ^ clk (in)
                                         clk (net)
                  0.00    0.00    0.00 ^ clkbuf_0_clk/A (sky130_fd_sc_hs__clkbuf_8)
     4    0.04    0.06    0.11    0.11 ^ clkbuf_0_clk/X (sky130_fd_sc_hs__clkbuf_8)
                                         clknet_0_clk (net)
                  0.06    0.00    0.11 ^ clkbuf_2_0__f_clk/A (sky130_fd_sc_hs__clkbuf_8)
    11    0.05    0.07    0.13    0.24 ^ clkbuf_2_0__f_clk/X (sky130_fd_sc_hs__clkbuf_8)
                                         clknet_2_0__leaf_clk (net)
                  0.07    0.00    0.24 ^ dpath.b_reg.out[2]$_DFFE_PP_/CLK (sky130_fd_sc_hs__edfxtp_1)
                          0.00    0.24   clock reconvergence pessimism
                          0.25    0.50   library hold time
                                  0.50   data required time
-----------------------------------------------------------------------------
                                  0.50   data required time
                                 -0.76   data arrival time
-----------------------------------------------------------------------------
                                  0.26   slack (MET)


Startpoint: ctrl.state.out[2]$_DFF_P_
            (rising edge-triggered flip-flop clocked by core_clock)
Endpoint: resp_val (output port clocked by vclk_core_clock)
Path Group: vclk_core_clock
Path Type: min

Fanout     Cap    Slew   Delay    Time   Description
-----------------------------------------------------------------------------
                          0.00    0.00   clock core_clock (rise edge)
                          0.00    0.00   clock source latency
     1    0.01    0.00    0.00    0.00 ^ clk (in)
                                         clk (net)
                  0.00    0.00    0.00 ^ clkbuf_0_clk/A (sky130_fd_sc_hs__clkbuf_8)
     4    0.04    0.06    0.11    0.11 ^ clkbuf_0_clk/X (sky130_fd_sc_hs__clkbuf_8)
                                         clknet_0_clk (net)
                  0.06    0.00    0.11 ^ clkbuf_2_0__f_clk/A (sky130_fd_sc_hs__clkbuf_8)
    11    0.05    0.07    0.13    0.24 ^ clkbuf_2_0__f_clk/X (sky130_fd_sc_hs__clkbuf_8)
                                         clknet_2_0__leaf_clk (net)
                  0.07    0.00    0.24 ^ ctrl.state.out[2]$_DFF_P_/CLK (sky130_fd_sc_hs__dfxtp_1)
     2    0.01    0.06    0.21    0.45 ^ ctrl.state.out[2]$_DFF_P_/Q (sky130_fd_sc_hs__dfxtp_1)
                                         ctrl.state.out[2] (net)
                  0.06    0.00    0.45 ^ _627_/B (sky130_fd_sc_hs__nor3b_1)
     2    0.01    0.04    0.05    0.51 v _627_/Y (sky130_fd_sc_hs__nor3b_1)
                                         net53 (net)
                  0.04    0.00    0.51 v output53/A (sky130_fd_sc_hs__buf_1)
     1    0.00    0.01    0.06    0.57 v output53/X (sky130_fd_sc_hs__buf_1)
                                         resp_val (net)
                  0.01    0.00    0.57 v resp_val (out)
                                  0.57   data arrival time

                  0.00    0.00    0.00   clock vclk_core_clock (rise edge)
                          0.23    0.23   clock network delay (ideal)
                          0.00    0.23   clock reconvergence pessimism
                         -0.37   -0.13   output external delay
                                 -0.13   data required time
-----------------------------------------------------------------------------
                                 -0.13   data required time
                                 -0.57   data arrival time
-----------------------------------------------------------------------------
                                  0.70   slack (MET)



==========================================================================
finish report_checks -path_delay max
--------------------------------------------------------------------------
Startpoint: dpath.b_reg.out[4]$_DFFE_PP_
            (rising edge-triggered flip-flop clocked by core_clock)
Endpoint: dpath.a_reg.out[1]$_DFFE_PP_
          (rising edge-triggered flip-flop clocked by core_clock)
Path Group: core_clock
Path Type: max

Fanout     Cap    Slew   Delay    Time   Description
-----------------------------------------------------------------------------
                          0.00    0.00   clock core_clock (rise edge)
                          0.00    0.00   clock source latency
     1    0.01    0.00    0.00    0.00 ^ clk (in)
                                         clk (net)
                  0.00    0.00    0.00 ^ clkbuf_0_clk/A (sky130_fd_sc_hs__clkbuf_8)
     4    0.04    0.06    0.11    0.11 ^ clkbuf_0_clk/X (sky130_fd_sc_hs__clkbuf_8)
                                         clknet_0_clk (net)
                  0.06    0.00    0.11 ^ clkbuf_2_0__f_clk/A (sky130_fd_sc_hs__clkbuf_8)
    11    0.05    0.07    0.13    0.24 ^ clkbuf_2_0__f_clk/X (sky130_fd_sc_hs__clkbuf_8)
                                         clknet_2_0__leaf_clk (net)
                  0.07    0.00    0.24 ^ dpath.b_reg.out[4]$_DFFE_PP_/CLK (sky130_fd_sc_hs__edfxtp_1)
     4    0.03    0.17    0.28    0.52 ^ dpath.b_reg.out[4]$_DFFE_PP_/Q (sky130_fd_sc_hs__edfxtp_1)
                                         dpath.a_lt_b$in1[4] (net)
                  0.17    0.00    0.53 ^ _318_/A_N (sky130_fd_sc_hs__nand2b_1)
     2    0.01    0.12    0.15    0.67 ^ _318_/Y (sky130_fd_sc_hs__nand2b_1)
                                         _022_ (net)
                  0.12    0.00    0.67 ^ _445_/A (sky130_fd_sc_hs__nand2_1)
     1    0.00    0.04    0.05    0.72 v _445_/Y (sky130_fd_sc_hs__nand2_1)
                                         _127_ (net)
                  0.04    0.00    0.72 v _447_/A (sky130_fd_sc_hs__nand2_1)
     3    0.02    0.12    0.10    0.83 ^ _447_/Y (sky130_fd_sc_hs__nand2_1)
                                         _129_ (net)
                  0.12    0.00    0.83 ^ _448_/A (sky130_fd_sc_hs__nor2_2)
     2    0.01    0.06    0.08    0.91 v _448_/Y (sky130_fd_sc_hs__nor2_2)
                                         _130_ (net)
                  0.06    0.00    0.91 v _449_/B (sky130_fd_sc_hs__nor2_2)
     2    0.01    0.10    0.09    1.00 ^ _449_/Y (sky130_fd_sc_hs__nor2_2)
                                         _131_ (net)
                  0.10    0.00    1.00 ^ _450_/B (sky130_fd_sc_hs__nand2_2)
     2    0.02    0.07    0.08    1.08 v _450_/Y (sky130_fd_sc_hs__nand2_2)
                                         _132_ (net)
                  0.07    0.00    1.08 v _458_/A (sky130_fd_sc_hs__nand2_8)
     2    0.01    0.05    0.06    1.14 ^ _458_/Y (sky130_fd_sc_hs__nand2_8)
                                         _140_ (net)
                  0.05    0.00    1.15 ^ _581_/A (sky130_fd_sc_hs__nand2_2)
     3    0.03    0.11    0.10    1.24 v _581_/Y (sky130_fd_sc_hs__nand2_2)
                                         _251_ (net)
                  0.11    0.00    1.24 v rebuffer98/A (sky130_fd_sc_hs__buf_1)
     1    0.00    0.03    0.10    1.34 v rebuffer98/X (sky130_fd_sc_hs__buf_1)
                                         net98 (net)
                  0.03    0.00    1.34 v place65/A (sky130_fd_sc_hs__buf_1)
     9    0.04    0.16    0.18    1.52 v place65/X (sky130_fd_sc_hs__buf_1)
                                         net65 (net)
                  0.16    0.00    1.52 v _619_/A (sky130_fd_sc_hs__nand3_1)
     1    0.01    0.10    0.10    1.62 ^ _619_/Y (sky130_fd_sc_hs__nand3_1)
                                         _279_ (net)
                  0.10    0.00    1.62 ^ _622_/A (sky130_fd_sc_hs__nand3_1)
     1    0.01    0.09    0.10    1.72 v _622_/Y (sky130_fd_sc_hs__nand3_1)
                                         dpath.a_mux$out[1] (net)
                  0.09    0.00    1.72 v dpath.a_reg.out[1]$_DFFE_PP_/D (sky130_fd_sc_hs__edfxtp_1)
                                  1.72   data arrival time

                          1.83    1.83   clock core_clock (rise edge)
                          0.00    1.83   clock source latency
     1    0.01    0.00    0.00    1.83 ^ clk (in)
                                         clk (net)
                  0.00    0.00    1.83 ^ clkbuf_0_clk/A (sky130_fd_sc_hs__clkbuf_8)
     4    0.04    0.06    0.11    1.94 ^ clkbuf_0_clk/X (sky130_fd_sc_hs__clkbuf_8)
                                         clknet_0_clk (net)
                  0.06    0.00    1.94 ^ clkbuf_2_1__f_clk/A (sky130_fd_sc_hs__clkbuf_8)
     9    0.05    0.07    0.13    2.07 ^ clkbuf_2_1__f_clk/X (sky130_fd_sc_hs__clkbuf_8)
                                         clknet_2_1__leaf_clk (net)
                  0.07    0.00    2.07 ^ dpath.a_reg.out[1]$_DFFE_PP_/CLK (sky130_fd_sc_hs__edfxtp_1)
                          0.00    2.07   clock reconvergence pessimism
                         -0.32    1.75   library setup time
                                  1.75   data required time
-----------------------------------------------------------------------------
                                  1.75   data required time
                                 -1.72   data arrival time
-----------------------------------------------------------------------------
                                  0.03   slack (MET)


Startpoint: dpath.b_reg.out[8]$_DFFE_PP_
            (rising edge-triggered flip-flop clocked by core_clock)
Endpoint: resp_msg[10] (output port clocked by vclk_core_clock)
Path Group: vclk_core_clock
Path Type: max

Fanout     Cap    Slew   Delay    Time   Description
-----------------------------------------------------------------------------
                          0.00    0.00   clock core_clock (rise edge)
                          0.00    0.00   clock source latency
     1    0.01    0.00    0.00    0.00 ^ clk (in)
                                         clk (net)
                  0.00    0.00    0.00 ^ clkbuf_0_clk/A (sky130_fd_sc_hs__clkbuf_8)
     4    0.04    0.06    0.11    0.11 ^ clkbuf_0_clk/X (sky130_fd_sc_hs__clkbuf_8)
                                         clknet_0_clk (net)
                  0.06    0.00    0.11 ^ clkbuf_2_2__f_clk/A (sky130_fd_sc_hs__clkbuf_8)
    11    0.05    0.07    0.13    0.24 ^ clkbuf_2_2__f_clk/X (sky130_fd_sc_hs__clkbuf_8)
                                         clknet_2_2__leaf_clk (net)
                  0.07    0.00    0.24 ^ dpath.b_reg.out[8]$_DFFE_PP_/CLK (sky130_fd_sc_hs__edfxtp_1)
     4    0.02    0.15    0.26    0.51 ^ dpath.b_reg.out[8]$_DFFE_PP_/Q (sky130_fd_sc_hs__edfxtp_1)
                                         dpath.a_lt_b$in1[8] (net)
                  0.15    0.00    0.51 ^ _395_/A_N (sky130_fd_sc_hs__nand2b_2)
     3    0.01    0.08    0.13    0.64 ^ _395_/Y (sky130_fd_sc_hs__nand2b_2)
                                         _078_ (net)
                  0.08    0.00    0.64 ^ _397_/A (sky130_fd_sc_hs__nand2_1)
     2    0.01    0.08    0.09    0.72 v _397_/Y (sky130_fd_sc_hs__nand2_1)
                                         _080_ (net)
                  0.08    0.00    0.72 v _398_/A (sky130_fd_sc_hs__inv_2)
     3    0.01    0.05    0.07    0.79 ^ _398_/Y (sky130_fd_sc_hs__inv_2)
                                         _081_ (net)
                  0.05    0.00    0.79 ^ _452_/A (sky130_fd_sc_hs__nand2_1)
     2    0.01    0.08    0.08    0.87 v _452_/Y (sky130_fd_sc_hs__nand2_1)
                                         _134_ (net)
                  0.08    0.00    0.87 v _489_/B (sky130_fd_sc_hs__nor2_1)
     3    0.02    0.21    0.19    1.06 ^ _489_/Y (sky130_fd_sc_hs__nor2_1)
                                         _171_ (net)
                  0.21    0.00    1.06 ^ _559_/A (sky130_fd_sc_hs__nand3_1)
     2    0.01    0.12    0.14    1.20 v _559_/Y (sky130_fd_sc_hs__nand3_1)
                                         _233_ (net)
                  0.12    0.00    1.20 v _560_/B (sky130_fd_sc_hs__nand2_1)
     1    0.00    0.05    0.07    1.28 ^ _560_/Y (sky130_fd_sc_hs__nand2_1)
                                         _234_ (net)
                  0.05    0.00    1.28 ^ _561_/A (sky130_fd_sc_hs__nand2_1)
     1    0.00    0.04    0.04    1.32 v _561_/Y (sky130_fd_sc_hs__nand2_1)
                                         _235_ (net)
                  0.04    0.00    1.32 v _563_/A (sky130_fd_sc_hs__nand2_1)
     2    0.02    0.11    0.09    1.41 ^ _563_/Y (sky130_fd_sc_hs__nand2_1)
                                         net38 (net)
                  0.11    0.00    1.41 ^ output38/A (sky130_fd_sc_hs__buf_1)
     1    0.00    0.02    0.07    1.48 ^ output38/X (sky130_fd_sc_hs__buf_1)
                                         resp_msg[10] (net)
                  0.02    0.00    1.48 ^ resp_msg[10] (out)
                                  1.48   data arrival time

                  0.00    1.83    1.83   clock vclk_core_clock (rise edge)
                          0.23    2.07   clock network delay (ideal)
                          0.00    2.07   clock reconvergence pessimism
                         -0.37    1.70   output external delay
                                  1.70   data required time
-----------------------------------------------------------------------------
                                  1.70   data required time
                                 -1.48   data arrival time
-----------------------------------------------------------------------------
                                  0.22   slack (MET)



==========================================================================
finish report_checks -unconstrained
--------------------------------------------------------------------------
Startpoint: dpath.b_reg.out[4]$_DFFE_PP_
            (rising edge-triggered flip-flop clocked by core_clock)
Endpoint: dpath.a_reg.out[1]$_DFFE_PP_
          (rising edge-triggered flip-flop clocked by core_clock)
Path Group: core_clock
Path Type: max

Fanout     Cap    Slew   Delay    Time   Description
-----------------------------------------------------------------------------
                          0.00    0.00   clock core_clock (rise edge)
                          0.00    0.00   clock source latency
     1    0.01    0.00    0.00    0.00 ^ clk (in)
                                         clk (net)
                  0.00    0.00    0.00 ^ clkbuf_0_clk/A (sky130_fd_sc_hs__clkbuf_8)
     4    0.04    0.06    0.11    0.11 ^ clkbuf_0_clk/X (sky130_fd_sc_hs__clkbuf_8)
                                         clknet_0_clk (net)
                  0.06    0.00    0.11 ^ clkbuf_2_0__f_clk/A (sky130_fd_sc_hs__clkbuf_8)
    11    0.05    0.07    0.13    0.24 ^ clkbuf_2_0__f_clk/X (sky130_fd_sc_hs__clkbuf_8)
                                         clknet_2_0__leaf_clk (net)
                  0.07    0.00    0.24 ^ dpath.b_reg.out[4]$_DFFE_PP_/CLK (sky130_fd_sc_hs__edfxtp_1)
     4    0.03    0.17    0.28    0.52 ^ dpath.b_reg.out[4]$_DFFE_PP_/Q (sky130_fd_sc_hs__edfxtp_1)
                                         dpath.a_lt_b$in1[4] (net)
                  0.17    0.00    0.53 ^ _318_/A_N (sky130_fd_sc_hs__nand2b_1)
     2    0.01    0.12    0.15    0.67 ^ _318_/Y (sky130_fd_sc_hs__nand2b_1)
                                         _022_ (net)
                  0.12    0.00    0.67 ^ _445_/A (sky130_fd_sc_hs__nand2_1)
     1    0.00    0.04    0.05    0.72 v _445_/Y (sky130_fd_sc_hs__nand2_1)
                                         _127_ (net)
                  0.04    0.00    0.72 v _447_/A (sky130_fd_sc_hs__nand2_1)
     3    0.02    0.12    0.10    0.83 ^ _447_/Y (sky130_fd_sc_hs__nand2_1)
                                         _129_ (net)
                  0.12    0.00    0.83 ^ _448_/A (sky130_fd_sc_hs__nor2_2)
     2    0.01    0.06    0.08    0.91 v _448_/Y (sky130_fd_sc_hs__nor2_2)
                                         _130_ (net)
                  0.06    0.00    0.91 v _449_/B (sky130_fd_sc_hs__nor2_2)
     2    0.01    0.10    0.09    1.00 ^ _449_/Y (sky130_fd_sc_hs__nor2_2)
                                         _131_ (net)
                  0.10    0.00    1.00 ^ _450_/B (sky130_fd_sc_hs__nand2_2)
     2    0.02    0.07    0.08    1.08 v _450_/Y (sky130_fd_sc_hs__nand2_2)
                                         _132_ (net)
                  0.07    0.00    1.08 v _458_/A (sky130_fd_sc_hs__nand2_8)
     2    0.01    0.05    0.06    1.14 ^ _458_/Y (sky130_fd_sc_hs__nand2_8)
                                         _140_ (net)
                  0.05    0.00    1.15 ^ _581_/A (sky130_fd_sc_hs__nand2_2)
     3    0.03    0.11    0.10    1.24 v _581_/Y (sky130_fd_sc_hs__nand2_2)
                                         _251_ (net)
                  0.11    0.00    1.24 v rebuffer98/A (sky130_fd_sc_hs__buf_1)
     1    0.00    0.03    0.10    1.34 v rebuffer98/X (sky130_fd_sc_hs__buf_1)
                                         net98 (net)
                  0.03    0.00    1.34 v place65/A (sky130_fd_sc_hs__buf_1)
     9    0.04    0.16    0.18    1.52 v place65/X (sky130_fd_sc_hs__buf_1)
                                         net65 (net)
                  0.16    0.00    1.52 v _619_/A (sky130_fd_sc_hs__nand3_1)
     1    0.01    0.10    0.10    1.62 ^ _619_/Y (sky130_fd_sc_hs__nand3_1)
                                         _279_ (net)
                  0.10    0.00    1.62 ^ _622_/A (sky130_fd_sc_hs__nand3_1)
     1    0.01    0.09    0.10    1.72 v _622_/Y (sky130_fd_sc_hs__nand3_1)
                                         dpath.a_mux$out[1] (net)
                  0.09    0.00    1.72 v dpath.a_reg.out[1]$_DFFE_PP_/D (sky130_fd_sc_hs__edfxtp_1)
                                  1.72   data arrival time

                          1.83    1.83   clock core_clock (rise edge)
                          0.00    1.83   clock source latency
     1    0.01    0.00    0.00    1.83 ^ clk (in)
                                         clk (net)
                  0.00    0.00    1.83 ^ clkbuf_0_clk/A (sky130_fd_sc_hs__clkbuf_8)
     4    0.04    0.06    0.11    1.94 ^ clkbuf_0_clk/X (sky130_fd_sc_hs__clkbuf_8)
                                         clknet_0_clk (net)
                  0.06    0.00    1.94 ^ clkbuf_2_1__f_clk/A (sky130_fd_sc_hs__clkbuf_8)
     9    0.05    0.07    0.13    2.07 ^ clkbuf_2_1__f_clk/X (sky130_fd_sc_hs__clkbuf_8)
                                         clknet_2_1__leaf_clk (net)
                  0.07    0.00    2.07 ^ dpath.a_reg.out[1]$_DFFE_PP_/CLK (sky130_fd_sc_hs__edfxtp_1)
                          0.00    2.07   clock reconvergence pessimism
                         -0.32    1.75   library setup time
                                  1.75   data required time
-----------------------------------------------------------------------------
                                  1.75   data required time
                                 -1.72   data arrival time
-----------------------------------------------------------------------------
                                  0.03   slack (MET)


Startpoint: dpath.b_reg.out[8]$_DFFE_PP_
            (rising edge-triggered flip-flop clocked by core_clock)
Endpoint: resp_msg[10] (output port clocked by vclk_core_clock)
Path Group: vclk_core_clock
Path Type: max

Fanout     Cap    Slew   Delay    Time   Description
-----------------------------------------------------------------------------
                          0.00    0.00   clock core_clock (rise edge)
                          0.00    0.00   clock source latency
     1    0.01    0.00    0.00    0.00 ^ clk (in)
                                         clk (net)
                  0.00    0.00    0.00 ^ clkbuf_0_clk/A (sky130_fd_sc_hs__clkbuf_8)
     4    0.04    0.06    0.11    0.11 ^ clkbuf_0_clk/X (sky130_fd_sc_hs__clkbuf_8)
                                         clknet_0_clk (net)
                  0.06    0.00    0.11 ^ clkbuf_2_2__f_clk/A (sky130_fd_sc_hs__clkbuf_8)
    11    0.05    0.07    0.13    0.24 ^ clkbuf_2_2__f_clk/X (sky130_fd_sc_hs__clkbuf_8)
                                         clknet_2_2__leaf_clk (net)
                  0.07    0.00    0.24 ^ dpath.b_reg.out[8]$_DFFE_PP_/CLK (sky130_fd_sc_hs__edfxtp_1)
     4    0.02    0.15    0.26    0.51 ^ dpath.b_reg.out[8]$_DFFE_PP_/Q (sky130_fd_sc_hs__edfxtp_1)
                                         dpath.a_lt_b$in1[8] (net)
                  0.15    0.00    0.51 ^ _395_/A_N (sky130_fd_sc_hs__nand2b_2)
     3    0.01    0.08    0.13    0.64 ^ _395_/Y (sky130_fd_sc_hs__nand2b_2)
                                         _078_ (net)
                  0.08    0.00    0.64 ^ _397_/A (sky130_fd_sc_hs__nand2_1)
     2    0.01    0.08    0.09    0.72 v _397_/Y (sky130_fd_sc_hs__nand2_1)
                                         _080_ (net)
                  0.08    0.00    0.72 v _398_/A (sky130_fd_sc_hs__inv_2)
     3    0.01    0.05    0.07    0.79 ^ _398_/Y (sky130_fd_sc_hs__inv_2)
                                         _081_ (net)
                  0.05    0.00    0.79 ^ _452_/A (sky130_fd_sc_hs__nand2_1)
     2    0.01    0.08    0.08    0.87 v _452_/Y (sky130_fd_sc_hs__nand2_1)
                                         _134_ (net)
                  0.08    0.00    0.87 v _489_/B (sky130_fd_sc_hs__nor2_1)
     3    0.02    0.21    0.19    1.06 ^ _489_/Y (sky130_fd_sc_hs__nor2_1)
                                         _171_ (net)
                  0.21    0.00    1.06 ^ _559_/A (sky130_fd_sc_hs__nand3_1)
     2    0.01    0.12    0.14    1.20 v _559_/Y (sky130_fd_sc_hs__nand3_1)
                                         _233_ (net)
                  0.12    0.00    1.20 v _560_/B (sky130_fd_sc_hs__nand2_1)
     1    0.00    0.05    0.07    1.28 ^ _560_/Y (sky130_fd_sc_hs__nand2_1)
                                         _234_ (net)
                  0.05    0.00    1.28 ^ _561_/A (sky130_fd_sc_hs__nand2_1)
     1    0.00    0.04    0.04    1.32 v _561_/Y (sky130_fd_sc_hs__nand2_1)
                                         _235_ (net)
                  0.04    0.00    1.32 v _563_/A (sky130_fd_sc_hs__nand2_1)
     2    0.02    0.11    0.09    1.41 ^ _563_/Y (sky130_fd_sc_hs__nand2_1)
                                         net38 (net)
                  0.11    0.00    1.41 ^ output38/A (sky130_fd_sc_hs__buf_1)
     1    0.00    0.02    0.07    1.48 ^ output38/X (sky130_fd_sc_hs__buf_1)
                                         resp_msg[10] (net)
                  0.02    0.00    1.48 ^ resp_msg[10] (out)
                                  1.48   data arrival time

                  0.00    1.83    1.83   clock vclk_core_clock (rise edge)
                          0.23    2.07   clock network delay (ideal)
                          0.00    2.07   clock reconvergence pessimism
                         -0.37    1.70   output external delay
                                  1.70   data required time
-----------------------------------------------------------------------------
                                  1.70   data required time
                                 -1.48   data arrival time
-----------------------------------------------------------------------------
                                  0.22   slack (MET)



==========================================================================
finish report_check_types -max_slew -max_cap -max_fanout -violators
--------------------------------------------------------------------------

==========================================================================
finish max_slew_check_slack
--------------------------------------------------------------------------
0.5827796459197998

==========================================================================
finish max_slew_check_limit
--------------------------------------------------------------------------
1.0

==========================================================================
finish max_slew_check_slack_limit
--------------------------------------------------------------------------
0.5828

==========================================================================
finish max_fanout_check_slack
--------------------------------------------------------------------------
1.0000000150474662e+30

==========================================================================
finish max_fanout_check_limit
--------------------------------------------------------------------------
1.0000000150474662e+30

==========================================================================
finish max_capacitance_check_slack
--------------------------------------------------------------------------
0.027363551780581474

==========================================================================
finish max_capacitance_check_limit
--------------------------------------------------------------------------
0.034299999475479126

==========================================================================
finish max_capacitance_check_slack_limit
--------------------------------------------------------------------------
0.7978

==========================================================================
finish max_slew_violation_count
--------------------------------------------------------------------------
max slew violation count 0

==========================================================================
finish max_fanout_violation_count
--------------------------------------------------------------------------
max fanout violation count 0

==========================================================================
finish max_cap_violation_count
--------------------------------------------------------------------------
max cap violation count 0

==========================================================================
finish setup_violation_count
--------------------------------------------------------------------------
setup violation count 0

==========================================================================
finish hold_violation_count
--------------------------------------------------------------------------
hold violation count 0

==========================================================================
finish report_checks -path_delay max reg to reg
--------------------------------------------------------------------------
Startpoint: dpath.b_reg.out[4]$_DFFE_PP_
            (rising edge-triggered flip-flop clocked by core_clock)
Endpoint: dpath.a_reg.out[1]$_DFFE_PP_
          (rising edge-triggered flip-flop clocked by core_clock)
Path Group: core_clock
Path Type: max

  Delay    Time   Description
---------------------------------------------------------
   0.00    0.00   clock core_clock (rise edge)
   0.00    0.00   clock source latency
   0.00    0.00 ^ clk (in)
   0.11    0.11 ^ clkbuf_0_clk/X (sky130_fd_sc_hs__clkbuf_8)
   0.13    0.24 ^ clkbuf_2_0__f_clk/X (sky130_fd_sc_hs__clkbuf_8)
   0.00    0.24 ^ dpath.b_reg.out[4]$_DFFE_PP_/CLK (sky130_fd_sc_hs__edfxtp_1)
   0.28    0.52 ^ dpath.b_reg.out[4]$_DFFE_PP_/Q (sky130_fd_sc_hs__edfxtp_1)
   0.15    0.67 ^ _318_/Y (sky130_fd_sc_hs__nand2b_1)
   0.05    0.72 v _445_/Y (sky130_fd_sc_hs__nand2_1)
   0.10    0.83 ^ _447_/Y (sky130_fd_sc_hs__nand2_1)
   0.08    0.91 v _448_/Y (sky130_fd_sc_hs__nor2_2)
   0.09    1.00 ^ _449_/Y (sky130_fd_sc_hs__nor2_2)
   0.08    1.08 v _450_/Y (sky130_fd_sc_hs__nand2_2)
   0.06    1.14 ^ _458_/Y (sky130_fd_sc_hs__nand2_8)
   0.10    1.24 v _581_/Y (sky130_fd_sc_hs__nand2_2)
   0.10    1.34 v rebuffer98/X (sky130_fd_sc_hs__buf_1)
   0.18    1.52 v place65/X (sky130_fd_sc_hs__buf_1)
   0.11    1.62 ^ _619_/Y (sky130_fd_sc_hs__nand3_1)
   0.10    1.72 v _622_/Y (sky130_fd_sc_hs__nand3_1)
   0.00    1.72 v dpath.a_reg.out[1]$_DFFE_PP_/D (sky130_fd_sc_hs__edfxtp_1)
           1.72   data arrival time

   1.83    1.83   clock core_clock (rise edge)
   0.00    1.83   clock source latency
   0.00    1.83 ^ clk (in)
   0.11    1.94 ^ clkbuf_0_clk/X (sky130_fd_sc_hs__clkbuf_8)
   0.13    2.07 ^ clkbuf_2_1__f_clk/X (sky130_fd_sc_hs__clkbuf_8)
   0.00    2.07 ^ dpath.a_reg.out[1]$_DFFE_PP_/CLK (sky130_fd_sc_hs__edfxtp_1)
   0.00    2.07   clock reconvergence pessimism
  -0.32    1.75   library setup time
           1.75   data required time
---------------------------------------------------------
           1.75   data required time
          -1.72   data arrival time
---------------------------------------------------------
           0.03   slack (MET)



==========================================================================
finish report_checks -path_delay min reg to reg
--------------------------------------------------------------------------
Startpoint: ctrl.state.out[2]$_DFF_P_
            (rising edge-triggered flip-flop clocked by core_clock)
Endpoint: dpath.b_reg.out[2]$_DFFE_PP_
          (rising edge-triggered flip-flop clocked by core_clock)
Path Group: core_clock
Path Type: min

  Delay    Time   Description
---------------------------------------------------------
   0.00    0.00   clock core_clock (rise edge)
   0.00    0.00   clock source latency
   0.00    0.00 ^ clk (in)
   0.11    0.11 ^ clkbuf_0_clk/X (sky130_fd_sc_hs__clkbuf_8)
   0.13    0.24 ^ clkbuf_2_0__f_clk/X (sky130_fd_sc_hs__clkbuf_8)
   0.00    0.24 ^ ctrl.state.out[2]$_DFF_P_/CLK (sky130_fd_sc_hs__dfxtp_1)
   0.21    0.45 ^ ctrl.state.out[2]$_DFF_P_/Q (sky130_fd_sc_hs__dfxtp_1)
   0.14    0.59 v _476_/Y (sky130_fd_sc_hs__inv_1)
   0.17    0.76 ^ clone97/Y (sky130_fd_sc_hs__o21ai_4)
   0.00    0.76 ^ dpath.b_reg.out[2]$_DFFE_PP_/DE (sky130_fd_sc_hs__edfxtp_1)
           0.76   data arrival time

   0.00    0.00   clock core_clock (rise edge)
   0.00    0.00   clock source latency
   0.00    0.00 ^ clk (in)
   0.11    0.11 ^ clkbuf_0_clk/X (sky130_fd_sc_hs__clkbuf_8)
   0.13    0.24 ^ clkbuf_2_0__f_clk/X (sky130_fd_sc_hs__clkbuf_8)
   0.00    0.24 ^ dpath.b_reg.out[2]$_DFFE_PP_/CLK (sky130_fd_sc_hs__edfxtp_1)
   0.00    0.24   clock reconvergence pessimism
   0.25    0.50   library hold time
           0.50   data required time
---------------------------------------------------------
           0.50   data required time
          -0.76   data arrival time
---------------------------------------------------------
           0.26   slack (MET)



==========================================================================
finish critical path target clock latency max path
--------------------------------------------------------------------------
0.2379

==========================================================================
finish critical path target clock latency min path
--------------------------------------------------------------------------
0.2432

==========================================================================
finish critical path source clock latency min path
--------------------------------------------------------------------------
0.2350

==========================================================================
finish critical path delay
--------------------------------------------------------------------------
1.7195

==========================================================================
finish critical path slack
--------------------------------------------------------------------------
0.0279

==========================================================================
finish slack div critical path delay
--------------------------------------------------------------------------
1.622565

==========================================================================
finish report_power
--------------------------------------------------------------------------
Group                  Internal  Switching    Leakage      Total
                          Power      Power      Power      Power (Watts)
----------------------------------------------------------------
Sequential             1.24e-03   1.33e-04   4.70e-08   1.37e-03  29.8%
Combinational          1.33e-03   1.06e-03   4.23e-08   2.39e-03  52.1%
Clock                  4.42e-04   3.88e-04   1.28e-09   8.30e-04  18.1%
Macro                  0.00e+00   0.00e+00   0.00e+00   0.00e+00   0.0%
Pad                    0.00e+00   0.00e+00   0.00e+00   0.00e+00   0.0%
----------------------------------------------------------------
Total                  3.01e-03   1.59e-03   9.05e-08   4.60e-03 100.0%
                          65.5%      34.5%       0.0%
