
==========================================================================
finish report_tns
--------------------------------------------------------------------------
tns max 0.00

==========================================================================
finish report_wns
--------------------------------------------------------------------------
wns max 0.00

==========================================================================
finish report_worst_slack
--------------------------------------------------------------------------
worst slack max 0.07

==========================================================================
finish report_clock_min_period
--------------------------------------------------------------------------
core_clock period_min = 1.71 fmax = 584.37
vclk_core_clock period_min = 0.00 fmax = inf

==========================================================================
finish report_clock_skew
--------------------------------------------------------------------------
Clock core_clock
   0.23 source latency dpath.b_reg.out[9]$_DFFE_PP_/CLK ^
  -0.24 target latency ctrl.state.out[1]$_DFF_P_/CLK ^
   0.00 CRPR
--------------
  -0.01 setup skew

Clock vclk_core_clock
No launch/capture paths found.


==========================================================================
finish report_checks -path_delay min
--------------------------------------------------------------------------
Startpoint: ctrl.state.out[2]$_DFF_P_
            (rising edge-triggered flip-flop clocked by core_clock)
Endpoint: dpath.a_reg.out[0]$_DFFE_PP_
          (rising edge-triggered flip-flop clocked by core_clock)
Path Group: core_clock
Path Type: min

Fanout     Cap    Slew   Delay    Time   Description
-----------------------------------------------------------------------------
                          0.00    0.00   clock core_clock (rise edge)
                          0.00    0.00   clock source latency
     1    0.02    0.00    0.00    0.00 ^ clk (in)
                                         clk (net)
                  0.00    0.00    0.00 ^ clkbuf_0_clk/A (sky130_fd_sc_hs__clkbuf_8)
     4    0.04    0.06    0.11    0.11 ^ clkbuf_0_clk/X (sky130_fd_sc_hs__clkbuf_8)
                                         clknet_0_clk (net)
                  0.06    0.00    0.11 ^ clkbuf_2_0__f_clk/A (sky130_fd_sc_hs__clkbuf_8)
    10    0.04    0.06    0.13    0.24 ^ clkbuf_2_0__f_clk/X (sky130_fd_sc_hs__clkbuf_8)
                                         clknet_2_0__leaf_clk (net)
                  0.06    0.00    0.24 ^ ctrl.state.out[2]$_DFF_P_/CLK (sky130_fd_sc_hs__dfxtp_1)
     2    0.01    0.06    0.21    0.45 ^ ctrl.state.out[2]$_DFF_P_/Q (sky130_fd_sc_hs__dfxtp_1)
                                         ctrl.state.out[2] (net)
                  0.06    0.00    0.45 ^ _476_/A (sky130_fd_sc_hs__inv_1)
     5    0.03    0.11    0.11    0.56 v _476_/Y (sky130_fd_sc_hs__inv_1)
                                         _158_ (net)
                  0.11    0.00    0.56 v _641_/B (sky130_fd_sc_hs__nand2_1)
     5    0.02    0.16    0.16    0.72 ^ _641_/Y (sky130_fd_sc_hs__nand2_1)
                                         ctrl$a_reg_en[0] (net)
                  0.16    0.00    0.72 ^ dpath.a_reg.out[0]$_DFFE_PP_/DE (sky130_fd_sc_hs__edfxtp_1)
                                  0.72   data arrival time

                          0.00    0.00   clock core_clock (rise edge)
                          0.00    0.00   clock source latency
     1    0.02    0.00    0.00    0.00 ^ clk (in)
                                         clk (net)
                  0.00    0.00    0.00 ^ clkbuf_0_clk/A (sky130_fd_sc_hs__clkbuf_8)
     4    0.04    0.06    0.11    0.11 ^ clkbuf_0_clk/X (sky130_fd_sc_hs__clkbuf_8)
                                         clknet_0_clk (net)
                  0.06    0.00    0.11 ^ clkbuf_2_0__f_clk/A (sky130_fd_sc_hs__clkbuf_8)
    10    0.04    0.06    0.13    0.24 ^ clkbuf_2_0__f_clk/X (sky130_fd_sc_hs__clkbuf_8)
                                         clknet_2_0__leaf_clk (net)
                  0.06    0.00    0.24 ^ dpath.a_reg.out[0]$_DFFE_PP_/CLK (sky130_fd_sc_hs__edfxtp_1)
                          0.00    0.24   clock reconvergence pessimism
                          0.24    0.48   library hold time
                                  0.48   data required time
-----------------------------------------------------------------------------
                                  0.48   data required time
                                 -0.72   data arrival time
-----------------------------------------------------------------------------
                                  0.24   slack (MET)


Startpoint: ctrl.state.out[2]$_DFF_P_
            (rising edge-triggered flip-flop clocked by core_clock)
Endpoint: resp_val (output port clocked by vclk_core_clock)
Path Group: vclk_core_clock
Path Type: min

Fanout     Cap    Slew   Delay    Time   Description
-----------------------------------------------------------------------------
                          0.00    0.00   clock core_clock (rise edge)
                          0.00    0.00   clock source latency
     1    0.02    0.00    0.00    0.00 ^ clk (in)
                                         clk (net)
                  0.00    0.00    0.00 ^ clkbuf_0_clk/A (sky130_fd_sc_hs__clkbuf_8)
     4    0.04    0.06    0.11    0.11 ^ clkbuf_0_clk/X (sky130_fd_sc_hs__clkbuf_8)
                                         clknet_0_clk (net)
                  0.06    0.00    0.11 ^ clkbuf_2_0__f_clk/A (sky130_fd_sc_hs__clkbuf_8)
    10    0.04    0.06    0.13    0.24 ^ clkbuf_2_0__f_clk/X (sky130_fd_sc_hs__clkbuf_8)
                                         clknet_2_0__leaf_clk (net)
                  0.06    0.00    0.24 ^ ctrl.state.out[2]$_DFF_P_/CLK (sky130_fd_sc_hs__dfxtp_1)
     2    0.01    0.06    0.21    0.45 ^ ctrl.state.out[2]$_DFF_P_/Q (sky130_fd_sc_hs__dfxtp_1)
                                         ctrl.state.out[2] (net)
                  0.06    0.00    0.45 ^ _627_/B (sky130_fd_sc_hs__nor3b_1)
     2    0.01    0.04    0.05    0.50 v _627_/Y (sky130_fd_sc_hs__nor3b_1)
                                         net53 (net)
                  0.04    0.00    0.50 v output53/A (sky130_fd_sc_hs__buf_1)
     1    0.00    0.01    0.06    0.56 v output53/X (sky130_fd_sc_hs__buf_1)
                                         resp_val (net)
                  0.01    0.00    0.56 v resp_val (out)
                                  0.56   data arrival time

                  0.00    0.00    0.00   clock vclk_core_clock (rise edge)
                          0.23    0.23   clock network delay (ideal)
                          0.00    0.23   clock reconvergence pessimism
                         -0.36   -0.12   output external delay
                                 -0.12   data required time
-----------------------------------------------------------------------------
                                 -0.12   data required time
                                 -0.56   data arrival time
-----------------------------------------------------------------------------
                                  0.68   slack (MET)



==========================================================================
finish report_checks -path_delay max
--------------------------------------------------------------------------
Startpoint: dpath.a_reg.out[6]$_DFFE_PP_
            (rising edge-triggered flip-flop clocked by core_clock)
Endpoint: dpath.b_reg.out[0]$_DFFE_PP_
          (rising edge-triggered flip-flop clocked by core_clock)
Path Group: core_clock
Path Type: max

Fanout     Cap    Slew   Delay    Time   Description
-----------------------------------------------------------------------------
                          0.00    0.00   clock core_clock (rise edge)
                          0.00    0.00   clock source latency
     1    0.02    0.00    0.00    0.00 ^ clk (in)
                                         clk (net)
                  0.00    0.00    0.00 ^ clkbuf_0_clk/A (sky130_fd_sc_hs__clkbuf_8)
     4    0.04    0.06    0.11    0.11 ^ clkbuf_0_clk/X (sky130_fd_sc_hs__clkbuf_8)
                                         clknet_0_clk (net)
                  0.06    0.00    0.11 ^ clkbuf_2_1__f_clk/A (sky130_fd_sc_hs__clkbuf_8)
    10    0.04    0.06    0.13    0.24 ^ clkbuf_2_1__f_clk/X (sky130_fd_sc_hs__clkbuf_8)
                                         clknet_2_1__leaf_clk (net)
                  0.06    0.00    0.24 ^ dpath.a_reg.out[6]$_DFFE_PP_/CLK (sky130_fd_sc_hs__edfxtp_1)
     3    0.02    0.10    0.25    0.49 v dpath.a_reg.out[6]$_DFFE_PP_/Q (sky130_fd_sc_hs__edfxtp_1)
                                         dpath.a_lt_b$in0[6] (net)
                  0.10    0.00    0.49 v _376_/A (sky130_fd_sc_hs__xnor2_2)
     2    0.01    0.16    0.18    0.66 ^ _376_/Y (sky130_fd_sc_hs__xnor2_2)
                                         _059_ (net)
                  0.16    0.00    0.66 ^ _438_/A (sky130_fd_sc_hs__nand2_2)
     3    0.02    0.09    0.10    0.76 v _438_/Y (sky130_fd_sc_hs__nand2_2)
                                         _120_ (net)
                  0.09    0.00    0.76 v _448_/A (sky130_fd_sc_hs__nor2_4)
     2    0.01    0.07    0.10    0.86 ^ _448_/Y (sky130_fd_sc_hs__nor2_4)
                                         _130_ (net)
                  0.07    0.00    0.86 ^ _449_/B (sky130_fd_sc_hs__nor2_2)
     2    0.01    0.05    0.06    0.92 v _449_/Y (sky130_fd_sc_hs__nor2_2)
                                         _131_ (net)
                  0.05    0.00    0.92 v _450_/B (sky130_fd_sc_hs__nand2_2)
     2    0.02    0.10    0.10    1.01 ^ _450_/Y (sky130_fd_sc_hs__nand2_2)
                                         _132_ (net)
                  0.10    0.00    1.01 ^ _458_/B (sky130_fd_sc_hs__nand2_8)
     2    0.01    0.03    0.04    1.05 v _458_/Y (sky130_fd_sc_hs__nand2_8)
                                         _140_ (net)
                  0.03    0.00    1.05 v _581_/A (sky130_fd_sc_hs__nand2_2)
     2    0.01    0.07    0.06    1.11 ^ _581_/Y (sky130_fd_sc_hs__nand2_2)
                                         _251_ (net)
                  0.07    0.00    1.12 ^ _640_/A2 (sky130_fd_sc_hs__o21ai_4)
     1    0.01    0.05    0.05    1.16 v _640_/Y (sky130_fd_sc_hs__o21ai_4)
                                         ctrl$b_reg_en[0] (net)
                  0.05    0.00    1.16 v rebuffer141/A (sky130_fd_sc_hs__buf_8)
    16    0.06    0.05    0.12    1.28 v rebuffer141/X (sky130_fd_sc_hs__buf_8)
                                         net141 (net)
                  0.05    0.00    1.28 v dpath.b_reg.out[0]$_DFFE_PP_/DE (sky130_fd_sc_hs__edfxtp_1)
                                  1.28   data arrival time

                          1.78    1.78   clock core_clock (rise edge)
                          0.00    1.78   clock source latency
     1    0.02    0.00    0.00    1.78 ^ clk (in)
                                         clk (net)
                  0.00    0.00    1.78 ^ clkbuf_0_clk/A (sky130_fd_sc_hs__clkbuf_8)
     4    0.04    0.06    0.11    1.89 ^ clkbuf_0_clk/X (sky130_fd_sc_hs__clkbuf_8)
                                         clknet_0_clk (net)
                  0.06    0.00    1.89 ^ clkbuf_2_0__f_clk/A (sky130_fd_sc_hs__clkbuf_8)
    10    0.04    0.06    0.13    2.02 ^ clkbuf_2_0__f_clk/X (sky130_fd_sc_hs__clkbuf_8)
                                         clknet_2_0__leaf_clk (net)
                  0.06    0.00    2.02 ^ dpath.b_reg.out[0]$_DFFE_PP_/CLK (sky130_fd_sc_hs__edfxtp_1)
                          0.00    2.02   clock reconvergence pessimism
                         -0.67    1.35   library setup time
                                  1.35   data required time
-----------------------------------------------------------------------------
                                  1.35   data required time
                                 -1.28   data arrival time
-----------------------------------------------------------------------------
                                  0.07   slack (MET)


Startpoint: dpath.a_reg.out[8]$_DFFE_PP_
            (rising edge-triggered flip-flop clocked by core_clock)
Endpoint: resp_msg[14] (output port clocked by vclk_core_clock)
Path Group: vclk_core_clock
Path Type: max

Fanout     Cap    Slew   Delay    Time   Description
-----------------------------------------------------------------------------
                          0.00    0.00   clock core_clock (rise edge)
                          0.00    0.00   clock source latency
     1    0.02    0.00    0.00    0.00 ^ clk (in)
                                         clk (net)
                  0.00    0.00    0.00 ^ clkbuf_0_clk/A (sky130_fd_sc_hs__clkbuf_8)
     4    0.04    0.06    0.11    0.11 ^ clkbuf_0_clk/X (sky130_fd_sc_hs__clkbuf_8)
                                         clknet_0_clk (net)
                  0.06    0.00    0.11 ^ clkbuf_2_2__f_clk/A (sky130_fd_sc_hs__clkbuf_8)
    10    0.04    0.06    0.13    0.23 ^ clkbuf_2_2__f_clk/X (sky130_fd_sc_hs__clkbuf_8)
                                         clknet_2_2__leaf_clk (net)
                  0.06    0.00    0.24 ^ dpath.a_reg.out[8]$_DFFE_PP_/CLK (sky130_fd_sc_hs__edfxtp_1)
     3    0.02    0.10    0.23    0.46 ^ dpath.a_reg.out[8]$_DFFE_PP_/Q (sky130_fd_sc_hs__edfxtp_1)
                                         dpath.a_lt_b$in0[8] (net)
                  0.10    0.00    0.46 ^ _396_/A_N (sky130_fd_sc_hs__nand2b_1)
     2    0.01    0.10    0.13    0.59 ^ _396_/Y (sky130_fd_sc_hs__nand2b_1)
                                         _079_ (net)
                  0.10    0.00    0.59 ^ _397_/B (sky130_fd_sc_hs__nand2_1)
     2    0.01    0.07    0.08    0.68 v _397_/Y (sky130_fd_sc_hs__nand2_1)
                                         _080_ (net)
                  0.07    0.00    0.68 v _398_/A (sky130_fd_sc_hs__inv_2)
     2    0.01    0.03    0.05    0.72 ^ _398_/Y (sky130_fd_sc_hs__inv_2)
                                         _081_ (net)
                  0.03    0.00    0.72 ^ _452_/A (sky130_fd_sc_hs__nand2_1)
     2    0.01    0.05    0.05    0.78 v _452_/Y (sky130_fd_sc_hs__nand2_1)
                                         _134_ (net)
                  0.05    0.00    0.78 v place75/A (sky130_fd_sc_hs__bufbuf_8)
     1    0.01    0.02    0.18    0.96 v place75/X (sky130_fd_sc_hs__bufbuf_8)
                                         net75 (net)
                  0.02    0.00    0.96 v _489_/B (sky130_fd_sc_hs__nor2_1)
     3    0.01    0.17    0.13    1.09 ^ _489_/Y (sky130_fd_sc_hs__nor2_1)
                                         _171_ (net)
                  0.17    0.00    1.09 ^ _491_/A (sky130_fd_sc_hs__and2_1)
     1    0.00    0.04    0.09    1.18 ^ _491_/X (sky130_fd_sc_hs__and2_1)
                                         _173_ (net)
                  0.04    0.00    1.18 ^ _492_/B (sky130_fd_sc_hs__nand2_1)
     2    0.01    0.05    0.05    1.24 v _492_/Y (sky130_fd_sc_hs__nand2_1)
                                         _174_ (net)
                  0.05    0.00    1.24 v _498_/A (sky130_fd_sc_hs__nand2_1)
     1    0.00    0.04    0.04    1.28 ^ _498_/Y (sky130_fd_sc_hs__nand2_1)
                                         _180_ (net)
                  0.04    0.00    1.28 ^ _500_/A (sky130_fd_sc_hs__nand2_1)
     1    0.00    0.03    0.04    1.32 v _500_/Y (sky130_fd_sc_hs__nand2_1)
                                         _182_ (net)
                  0.03    0.00    1.32 v _502_/A (sky130_fd_sc_hs__nand2_1)
     2    0.01    0.08    0.07    1.39 ^ _502_/Y (sky130_fd_sc_hs__nand2_1)
                                         net42 (net)
                  0.08    0.00    1.39 ^ output42/A (sky130_fd_sc_hs__buf_1)
     1    0.00    0.02    0.07    1.45 ^ output42/X (sky130_fd_sc_hs__buf_1)
                                         resp_msg[14] (net)
                  0.02    0.00    1.45 ^ resp_msg[14] (out)
                                  1.45   data arrival time

                  0.00    1.78    1.78   clock vclk_core_clock (rise edge)
                          0.23    2.02   clock network delay (ideal)
                          0.00    2.02   clock reconvergence pessimism
                         -0.36    1.66   output external delay
                                  1.66   data required time
-----------------------------------------------------------------------------
                                  1.66   data required time
                                 -1.45   data arrival time
-----------------------------------------------------------------------------
                                  0.21   slack (MET)



==========================================================================
finish report_checks -unconstrained
--------------------------------------------------------------------------
Startpoint: dpath.a_reg.out[6]$_DFFE_PP_
            (rising edge-triggered flip-flop clocked by core_clock)
Endpoint: dpath.b_reg.out[0]$_DFFE_PP_
          (rising edge-triggered flip-flop clocked by core_clock)
Path Group: core_clock
Path Type: max

Fanout     Cap    Slew   Delay    Time   Description
-----------------------------------------------------------------------------
                          0.00    0.00   clock core_clock (rise edge)
                          0.00    0.00   clock source latency
     1    0.02    0.00    0.00    0.00 ^ clk (in)
                                         clk (net)
                  0.00    0.00    0.00 ^ clkbuf_0_clk/A (sky130_fd_sc_hs__clkbuf_8)
     4    0.04    0.06    0.11    0.11 ^ clkbuf_0_clk/X (sky130_fd_sc_hs__clkbuf_8)
                                         clknet_0_clk (net)
                  0.06    0.00    0.11 ^ clkbuf_2_1__f_clk/A (sky130_fd_sc_hs__clkbuf_8)
    10    0.04    0.06    0.13    0.24 ^ clkbuf_2_1__f_clk/X (sky130_fd_sc_hs__clkbuf_8)
                                         clknet_2_1__leaf_clk (net)
                  0.06    0.00    0.24 ^ dpath.a_reg.out[6]$_DFFE_PP_/CLK (sky130_fd_sc_hs__edfxtp_1)
     3    0.02    0.10    0.25    0.49 v dpath.a_reg.out[6]$_DFFE_PP_/Q (sky130_fd_sc_hs__edfxtp_1)
                                         dpath.a_lt_b$in0[6] (net)
                  0.10    0.00    0.49 v _376_/A (sky130_fd_sc_hs__xnor2_2)
     2    0.01    0.16    0.18    0.66 ^ _376_/Y (sky130_fd_sc_hs__xnor2_2)
                                         _059_ (net)
                  0.16    0.00    0.66 ^ _438_/A (sky130_fd_sc_hs__nand2_2)
     3    0.02    0.09    0.10    0.76 v _438_/Y (sky130_fd_sc_hs__nand2_2)
                                         _120_ (net)
                  0.09    0.00    0.76 v _448_/A (sky130_fd_sc_hs__nor2_4)
     2    0.01    0.07    0.10    0.86 ^ _448_/Y (sky130_fd_sc_hs__nor2_4)
                                         _130_ (net)
                  0.07    0.00    0.86 ^ _449_/B (sky130_fd_sc_hs__nor2_2)
     2    0.01    0.05    0.06    0.92 v _449_/Y (sky130_fd_sc_hs__nor2_2)
                                         _131_ (net)
                  0.05    0.00    0.92 v _450_/B (sky130_fd_sc_hs__nand2_2)
     2    0.02    0.10    0.10    1.01 ^ _450_/Y (sky130_fd_sc_hs__nand2_2)
                                         _132_ (net)
                  0.10    0.00    1.01 ^ _458_/B (sky130_fd_sc_hs__nand2_8)
     2    0.01    0.03    0.04    1.05 v _458_/Y (sky130_fd_sc_hs__nand2_8)
                                         _140_ (net)
                  0.03    0.00    1.05 v _581_/A (sky130_fd_sc_hs__nand2_2)
     2    0.01    0.07    0.06    1.11 ^ _581_/Y (sky130_fd_sc_hs__nand2_2)
                                         _251_ (net)
                  0.07    0.00    1.12 ^ _640_/A2 (sky130_fd_sc_hs__o21ai_4)
     1    0.01    0.05    0.05    1.16 v _640_/Y (sky130_fd_sc_hs__o21ai_4)
                                         ctrl$b_reg_en[0] (net)
                  0.05    0.00    1.16 v rebuffer141/A (sky130_fd_sc_hs__buf_8)
    16    0.06    0.05    0.12    1.28 v rebuffer141/X (sky130_fd_sc_hs__buf_8)
                                         net141 (net)
                  0.05    0.00    1.28 v dpath.b_reg.out[0]$_DFFE_PP_/DE (sky130_fd_sc_hs__edfxtp_1)
                                  1.28   data arrival time

                          1.78    1.78   clock core_clock (rise edge)
                          0.00    1.78   clock source latency
     1    0.02    0.00    0.00    1.78 ^ clk (in)
                                         clk (net)
                  0.00    0.00    1.78 ^ clkbuf_0_clk/A (sky130_fd_sc_hs__clkbuf_8)
     4    0.04    0.06    0.11    1.89 ^ clkbuf_0_clk/X (sky130_fd_sc_hs__clkbuf_8)
                                         clknet_0_clk (net)
                  0.06    0.00    1.89 ^ clkbuf_2_0__f_clk/A (sky130_fd_sc_hs__clkbuf_8)
    10    0.04    0.06    0.13    2.02 ^ clkbuf_2_0__f_clk/X (sky130_fd_sc_hs__clkbuf_8)
                                         clknet_2_0__leaf_clk (net)
                  0.06    0.00    2.02 ^ dpath.b_reg.out[0]$_DFFE_PP_/CLK (sky130_fd_sc_hs__edfxtp_1)
                          0.00    2.02   clock reconvergence pessimism
                         -0.67    1.35   library setup time
                                  1.35   data required time
-----------------------------------------------------------------------------
                                  1.35   data required time
                                 -1.28   data arrival time
-----------------------------------------------------------------------------
                                  0.07   slack (MET)


Startpoint: dpath.a_reg.out[8]$_DFFE_PP_
            (rising edge-triggered flip-flop clocked by core_clock)
Endpoint: resp_msg[14] (output port clocked by vclk_core_clock)
Path Group: vclk_core_clock
Path Type: max

Fanout     Cap    Slew   Delay    Time   Description
-----------------------------------------------------------------------------
                          0.00    0.00   clock core_clock (rise edge)
                          0.00    0.00   clock source latency
     1    0.02    0.00    0.00    0.00 ^ clk (in)
                                         clk (net)
                  0.00    0.00    0.00 ^ clkbuf_0_clk/A (sky130_fd_sc_hs__clkbuf_8)
     4    0.04    0.06    0.11    0.11 ^ clkbuf_0_clk/X (sky130_fd_sc_hs__clkbuf_8)
                                         clknet_0_clk (net)
                  0.06    0.00    0.11 ^ clkbuf_2_2__f_clk/A (sky130_fd_sc_hs__clkbuf_8)
    10    0.04    0.06    0.13    0.23 ^ clkbuf_2_2__f_clk/X (sky130_fd_sc_hs__clkbuf_8)
                                         clknet_2_2__leaf_clk (net)
                  0.06    0.00    0.24 ^ dpath.a_reg.out[8]$_DFFE_PP_/CLK (sky130_fd_sc_hs__edfxtp_1)
     3    0.02    0.10    0.23    0.46 ^ dpath.a_reg.out[8]$_DFFE_PP_/Q (sky130_fd_sc_hs__edfxtp_1)
                                         dpath.a_lt_b$in0[8] (net)
                  0.10    0.00    0.46 ^ _396_/A_N (sky130_fd_sc_hs__nand2b_1)
     2    0.01    0.10    0.13    0.59 ^ _396_/Y (sky130_fd_sc_hs__nand2b_1)
                                         _079_ (net)
                  0.10    0.00    0.59 ^ _397_/B (sky130_fd_sc_hs__nand2_1)
     2    0.01    0.07    0.08    0.68 v _397_/Y (sky130_fd_sc_hs__nand2_1)
                                         _080_ (net)
                  0.07    0.00    0.68 v _398_/A (sky130_fd_sc_hs__inv_2)
     2    0.01    0.03    0.05    0.72 ^ _398_/Y (sky130_fd_sc_hs__inv_2)
                                         _081_ (net)
                  0.03    0.00    0.72 ^ _452_/A (sky130_fd_sc_hs__nand2_1)
     2    0.01    0.05    0.05    0.78 v _452_/Y (sky130_fd_sc_hs__nand2_1)
                                         _134_ (net)
                  0.05    0.00    0.78 v place75/A (sky130_fd_sc_hs__bufbuf_8)
     1    0.01    0.02    0.18    0.96 v place75/X (sky130_fd_sc_hs__bufbuf_8)
                                         net75 (net)
                  0.02    0.00    0.96 v _489_/B (sky130_fd_sc_hs__nor2_1)
     3    0.01    0.17    0.13    1.09 ^ _489_/Y (sky130_fd_sc_hs__nor2_1)
                                         _171_ (net)
                  0.17    0.00    1.09 ^ _491_/A (sky130_fd_sc_hs__and2_1)
     1    0.00    0.04    0.09    1.18 ^ _491_/X (sky130_fd_sc_hs__and2_1)
                                         _173_ (net)
                  0.04    0.00    1.18 ^ _492_/B (sky130_fd_sc_hs__nand2_1)
     2    0.01    0.05    0.05    1.24 v _492_/Y (sky130_fd_sc_hs__nand2_1)
                                         _174_ (net)
                  0.05    0.00    1.24 v _498_/A (sky130_fd_sc_hs__nand2_1)
     1    0.00    0.04    0.04    1.28 ^ _498_/Y (sky130_fd_sc_hs__nand2_1)
                                         _180_ (net)
                  0.04    0.00    1.28 ^ _500_/A (sky130_fd_sc_hs__nand2_1)
     1    0.00    0.03    0.04    1.32 v _500_/Y (sky130_fd_sc_hs__nand2_1)
                                         _182_ (net)
                  0.03    0.00    1.32 v _502_/A (sky130_fd_sc_hs__nand2_1)
     2    0.01    0.08    0.07    1.39 ^ _502_/Y (sky130_fd_sc_hs__nand2_1)
                                         net42 (net)
                  0.08    0.00    1.39 ^ output42/A (sky130_fd_sc_hs__buf_1)
     1    0.00    0.02    0.07    1.45 ^ output42/X (sky130_fd_sc_hs__buf_1)
                                         resp_msg[14] (net)
                  0.02    0.00    1.45 ^ resp_msg[14] (out)
                                  1.45   data arrival time

                  0.00    1.78    1.78   clock vclk_core_clock (rise edge)
                          0.23    2.02   clock network delay (ideal)
                          0.00    2.02   clock reconvergence pessimism
                         -0.36    1.66   output external delay
                                  1.66   data required time
-----------------------------------------------------------------------------
                                  1.66   data required time
                                 -1.45   data arrival time
-----------------------------------------------------------------------------
                                  0.21   slack (MET)



==========================================================================
finish report_check_types -max_slew -max_cap -max_fanout -violators
--------------------------------------------------------------------------

==========================================================================
finish max_slew_check_slack
--------------------------------------------------------------------------
0.4016653895378113

==========================================================================
finish max_slew_check_limit
--------------------------------------------------------------------------
1.0

==========================================================================
finish max_slew_check_slack_limit
--------------------------------------------------------------------------
0.4017

==========================================================================
finish max_fanout_check_slack
--------------------------------------------------------------------------
1.0000000150474662e+30

==========================================================================
finish max_fanout_check_limit
--------------------------------------------------------------------------
1.0000000150474662e+30

==========================================================================
finish max_capacitance_check_slack
--------------------------------------------------------------------------
0.025232629850506783

==========================================================================
finish max_capacitance_check_limit
--------------------------------------------------------------------------
0.034299999475479126

==========================================================================
finish max_capacitance_check_slack_limit
--------------------------------------------------------------------------
0.7356

==========================================================================
finish max_slew_violation_count
--------------------------------------------------------------------------
max slew violation count 0

==========================================================================
finish max_fanout_violation_count
--------------------------------------------------------------------------
max fanout violation count 0

==========================================================================
finish max_cap_violation_count
--------------------------------------------------------------------------
max cap violation count 0

==========================================================================
finish setup_violation_count
--------------------------------------------------------------------------
setup violation count 0

==========================================================================
finish hold_violation_count
--------------------------------------------------------------------------
hold violation count 0

==========================================================================
finish report_checks -path_delay max reg to reg
--------------------------------------------------------------------------
Startpoint: dpath.a_reg.out[6]$_DFFE_PP_
            (rising edge-triggered flip-flop clocked by core_clock)
Endpoint: dpath.b_reg.out[0]$_DFFE_PP_
          (rising edge-triggered flip-flop clocked by core_clock)
Path Group: core_clock
Path Type: max

  Delay    Time   Description
---------------------------------------------------------
   0.00    0.00   clock core_clock (rise edge)
   0.00    0.00   clock source latency
   0.00    0.00 ^ clk (in)
   0.11    0.11 ^ clkbuf_0_clk/X (sky130_fd_sc_hs__clkbuf_8)
   0.13    0.24 ^ clkbuf_2_1__f_clk/X (sky130_fd_sc_hs__clkbuf_8)
   0.00    0.24 ^ dpath.a_reg.out[6]$_DFFE_PP_/CLK (sky130_fd_sc_hs__edfxtp_1)
   0.25    0.49 v dpath.a_reg.out[6]$_DFFE_PP_/Q (sky130_fd_sc_hs__edfxtp_1)
   0.18    0.66 ^ _376_/Y (sky130_fd_sc_hs__xnor2_2)
   0.10    0.76 v _438_/Y (sky130_fd_sc_hs__nand2_2)
   0.10    0.86 ^ _448_/Y (sky130_fd_sc_hs__nor2_4)
   0.06    0.92 v _449_/Y (sky130_fd_sc_hs__nor2_2)
   0.10    1.01 ^ _450_/Y (sky130_fd_sc_hs__nand2_2)
   0.04    1.05 v _458_/Y (sky130_fd_sc_hs__nand2_8)
   0.06    1.11 ^ _581_/Y (sky130_fd_sc_hs__nand2_2)
   0.05    1.16 v _640_/Y (sky130_fd_sc_hs__o21ai_4)
   0.12    1.28 v rebuffer141/X (sky130_fd_sc_hs__buf_8)
   0.00    1.28 v dpath.b_reg.out[0]$_DFFE_PP_/DE (sky130_fd_sc_hs__edfxtp_1)
           1.28   data arrival time

   1.78    1.78   clock core_clock (rise edge)
   0.00    1.78   clock source latency
   0.00    1.78 ^ clk (in)
   0.11    1.89 ^ clkbuf_0_clk/X (sky130_fd_sc_hs__clkbuf_8)
   0.13    2.02 ^ clkbuf_2_0__f_clk/X (sky130_fd_sc_hs__clkbuf_8)
   0.00    2.02 ^ dpath.b_reg.out[0]$_DFFE_PP_/CLK (sky130_fd_sc_hs__edfxtp_1)
   0.00    2.02   clock reconvergence pessimism
  -0.67    1.35   library setup time
           1.35   data required time
---------------------------------------------------------
           1.35   data required time
          -1.28   data arrival time
---------------------------------------------------------
           0.07   slack (MET)



==========================================================================
finish report_checks -path_delay min reg to reg
--------------------------------------------------------------------------
Startpoint: ctrl.state.out[2]$_DFF_P_
            (rising edge-triggered flip-flop clocked by core_clock)
Endpoint: dpath.a_reg.out[0]$_DFFE_PP_
          (rising edge-triggered flip-flop clocked by core_clock)
Path Group: core_clock
Path Type: min

  Delay    Time   Description
---------------------------------------------------------
   0.00    0.00   clock core_clock (rise edge)
   0.00    0.00   clock source latency
   0.00    0.00 ^ clk (in)
   0.11    0.11 ^ clkbuf_0_clk/X (sky130_fd_sc_hs__clkbuf_8)
   0.13    0.24 ^ clkbuf_2_0__f_clk/X (sky130_fd_sc_hs__clkbuf_8)
   0.00    0.24 ^ ctrl.state.out[2]$_DFF_P_/CLK (sky130_fd_sc_hs__dfxtp_1)
   0.21    0.45 ^ ctrl.state.out[2]$_DFF_P_/Q (sky130_fd_sc_hs__dfxtp_1)
   0.11    0.56 v _476_/Y (sky130_fd_sc_hs__inv_1)
   0.17    0.72 ^ _641_/Y (sky130_fd_sc_hs__nand2_1)
   0.00    0.72 ^ dpath.a_reg.out[0]$_DFFE_PP_/DE (sky130_fd_sc_hs__edfxtp_1)
           0.72   data arrival time

   0.00    0.00   clock core_clock (rise edge)
   0.00    0.00   clock source latency
   0.00    0.00 ^ clk (in)
   0.11    0.11 ^ clkbuf_0_clk/X (sky130_fd_sc_hs__clkbuf_8)
   0.13    0.24 ^ clkbuf_2_0__f_clk/X (sky130_fd_sc_hs__clkbuf_8)
   0.00    0.24 ^ dpath.a_reg.out[0]$_DFFE_PP_/CLK (sky130_fd_sc_hs__edfxtp_1)
   0.00    0.24   clock reconvergence pessimism
   0.24    0.48   library hold time
           0.48   data required time
---------------------------------------------------------
           0.48   data required time
          -0.72   data arrival time
---------------------------------------------------------
           0.24   slack (MET)



==========================================================================
finish critical path target clock latency max path
--------------------------------------------------------------------------
0.2373

==========================================================================
finish critical path target clock latency min path
--------------------------------------------------------------------------
0.2399

==========================================================================
finish critical path source clock latency min path
--------------------------------------------------------------------------
0.2350

==========================================================================
finish critical path delay
--------------------------------------------------------------------------
1.2827

==========================================================================
finish critical path slack
--------------------------------------------------------------------------
0.0688

==========================================================================
finish slack div critical path delay
--------------------------------------------------------------------------
5.363686

==========================================================================
finish report_power
--------------------------------------------------------------------------
Group                  Internal  Switching    Leakage      Total
                          Power      Power      Power      Power (Watts)
----------------------------------------------------------------
Sequential             1.27e-03   1.25e-04   4.70e-08   1.40e-03  29.4%
Combinational          1.51e-03   1.05e-03   4.86e-08   2.56e-03  53.9%
Clock                  4.15e-04   3.77e-04   1.15e-09   7.92e-04  16.7%
Macro                  0.00e+00   0.00e+00   0.00e+00   0.00e+00   0.0%
Pad                    0.00e+00   0.00e+00   0.00e+00   0.00e+00   0.0%
----------------------------------------------------------------
Total                  3.19e-03   1.55e-03   9.67e-08   4.74e-03 100.0%
                          67.3%      32.7%       0.0%
