make: Entering directory '/root/OpenROAD-flow-scripts/flow'
/root/OpenROAD-flow-scripts/flow/scripts/flow.sh 4_1_cts cts
Running cts.tcl, stage 4_1_cts
read_liberty /root/OpenROAD-flow-scripts/flow/platforms/sky130hd/lib/sky130_fd_sc_hd__tt_025C_1v80.lib
read_db ./results/sky130hd/chia_sha256_benchmark_corrupted/slot2/3_place.odb
read_sdc ./results/sky130hd/chia_sha256_benchmark_corrupted/slot2/3_place.sdc
source /root/OpenROAD-flow-scripts/flow/platforms/sky130hd/setRC.tcl
clock_tree_synthesis -sink_clustering_enable -repair_clock_nets
[INFO CTS-0050] Root buffer is sky130_fd_sc_hd__clkbuf_16.
[INFO CTS-0051] Sink buffer is sky130_fd_sc_hd__clkbuf_16.
[INFO CTS-0052] The following clock buffers will be used for CTS:
                    sky130_fd_sc_hd__clkbuf_16
[INFO CTS-0049] Characterization buffer is sky130_fd_sc_hd__clkbuf_16.
[INFO CTS-0007] Net "clk" found for clock "core_clock".
[INFO CTS-0010]  Clock net "clk" has 2568 sinks.
[INFO CTS-0008] TritonCTS found 1 clock nets.
[INFO CTS-0097] Characterization used 1 buffer(s) types.
[INFO CTS-0201] 0 blockages from hard placement blockages and placed macros will be used.
[INFO CTS-0027] Generating H-Tree topology for net clk.
[INFO CTS-0028]  Total number of sinks: 2568.
[INFO CTS-0090]  Sinks will be clustered based on buffer max cap.
[INFO CTS-0030]  Number of static layers: 0.
[INFO CTS-0020]  Wire segment unit: 13600  dbu (13 um).
[INFO CTS-0206] Best clustering solution was found from max clustering size of 13 and max clustering diameter of 115.
[INFO CTS-0019]  Total number of sinks after clustering: 264.
[INFO CTS-0024]  Normalized sink region: [(1.56449, 1.01366), (42.735, 42.0591)].
[INFO CTS-0025]     Width:  41.1705.
[INFO CTS-0026]     Height: 41.0455.
 Level 1
    Direction: Horizontal
    Sinks per sub-region: 132
    Sub-region size: 20.5853 X 41.0455
[INFO CTS-0034]     Segment length (rounded): 10.
 Level 2
    Direction: Vertical
    Sinks per sub-region: 66
    Sub-region size: 20.5853 X 20.5227
[INFO CTS-0034]     Segment length (rounded): 10.
 Level 3
    Direction: Horizontal
    Sinks per sub-region: 33
    Sub-region size: 10.2926 X 20.5227
[INFO CTS-0034]     Segment length (rounded): 6.
 Level 4
    Direction: Vertical
    Sinks per sub-region: 17
    Sub-region size: 10.2926 X 10.2614
[INFO CTS-0034]     Segment length (rounded): 6.
 Level 5
    Direction: Horizontal
    Sinks per sub-region: 9
    Sub-region size: 5.1463 X 10.2614
[INFO CTS-0034]     Segment length (rounded): 2.
[INFO CTS-0038]  Stop criterion found. Sink region hpwl is smaller than max wirelength (1911.535 um) and max number of sinks is 15.
[INFO CTS-0035]  Number of sinks covered: 264.
[INFO CTS-0018]     Created 301 clock buffers.
[INFO CTS-0012]     Minimum number of buffers in the clock path: 4.
[INFO CTS-0013]     Maximum number of buffers in the clock path: 4.
[INFO CTS-0015]     Created 301 clock nets.
[INFO CTS-0016]     Fanout distribution for the current clock = 4:1, 5:1, 6:11, 7:20, 8:33, 9:74, 10:71, 11:51, 12:26, 13:8..
[INFO CTS-0017]     Max level of the clock tree: 5.
[INFO CTS-0098] Clock net "clk"
[INFO CTS-0099]  Sinks 2811
[INFO CTS-0100]  Leaf buffers 264
[INFO CTS-0101]  Average sink wire length 1059.72 um
[INFO CTS-0102]  Path depth 3 - 4
[INFO CTS-0207]  Dummy loads inserted 243
[INFO CTS-0500] Runtime: 1.05s
estimate_parasitics -placement
detailed_placement
[INFO DPL-0006] Core area: 343523.22 um^2
[INFO DPL-0007] Movable instances area: 187352.19 um^2
[INFO DPL-0008] Fixed instances area within core: 5701.72 um^2
[INFO DPL-0009] Utilization: 56.2%
[INFO DPL-0005] Diamond search max displacement: +/- 500 sites horizontally, +/- 100 rows vertically.
[INFO DPL-1102] Legalizing using negotiation legalizer.
[INFO DPL-1103] Negotiation base search window: +/-20 sites horizontally, +/-5 rows vertically 
	Automatic search window extension enabled.
	Search window extendable up to the max displacement cap of +/-500 sites, +/-100 rows near walls.
[INFO DPL-1104] NegotiationLegalizer DRC penalty: 5.
[INFO DPL-0392] Negotiation cell height distribution (1 unique row-count(s)):
[INFO DPL-0393]   height 1 row(s): 20453 cells
          |      Total |  Illegal |  Illegal
Iteration | Violations |    Cells |    Sites
---------------------------------------------
        0 |        262 |        54 |       208
        1 |         76 |        14 |        62
        2 |         24 |         2 |        22
        3 |          0 |         0 |         0
Negotiation phase 1 converged at iteration 3.
[INFO DPL-0500] Runtime: 0.12s
Placement Analysis
---------------------------------
total displacement      20951.4 u
average displacement        1.0 u
max displacement           22.2 u
original HPWL          556951.3 u
legalized HPWL         568518.1 u
delta HPWL                    2 %

estimate_parasitics -placement
Warning: master sky130_ef_sc_hd__decap_12 has signal pins but no liberty cell
repair_timing -setup_margin 0.25 -hold_margin 0 -repair_tns 100 -match_cell_footprint -verbose
[INFO RSZ-0100] Repair move sequence: UnbufferMove SizeUpMove SwapPinsMove BufferMove CloneMove SplitLoadMove 
[INFO RSZ-0094] Found 8 endpoints with setup violations.
[INFO RSZ-0099] Repairing 8 out of 8 (100.00%) violating endpoints...
   Iter   | Removed | Resized | Inserted | Cloned |  Pin  |   Area   |    WNS   |   StTNS    |   EnTNS    |  Viol  |  Worst  
          | Buffers |  Gates  | Buffers  |  Gates | Swaps |          |          |            |            | Endpts | St/EnPt 
------------------------------------------------------------------------------------------------------------------------------
       0* |       0 |       0 |        0 |      0 |     0 |    +0.0% |    0.009 |        0.0 |        0.0 |      8 | digest\[255\]$_DFFE_PN0P_/D
      10* |       0 |       6 |        2 |      1 |     1 |    +0.1% |    0.158 |        0.0 |        0.0 |      8 | digest\[255\]$_DFFE_PN0P_/D
      20* |       0 |      16 |        2 |      1 |     1 |    +0.1% |    0.250 |        0.0 |        0.0 |      8 | digest\[255\]$_DFFE_PN0P_/D
      20* |       0 |      16 |        2 |      1 |     1 |    +0.1% |    0.250 |        0.0 |        0.0 |      8 | digest\[255\]$_DFFE_PN0P_/D
      21* |       0 |      16 |        2 |      1 |     1 |    +0.1% |    0.250 |        0.0 |        0.0 |      8 | digest\[255\]$_DFFE_PN0P_/D
      22* |       0 |      16 |        2 |      1 |     1 |    +0.1% |    0.250 |        0.0 |        0.0 |      8 | digest\[255\]$_DFFE_PN0P_/D
      23* |       0 |      16 |        2 |      1 |     1 |    +0.1% |    0.250 |        0.0 |        0.0 |      8 | digest\[255\]$_DFFE_PN0P_/D
      24* |       0 |      16 |        2 |      1 |     1 |    +0.1% |    0.250 |        0.0 |        0.0 |      8 | digest\[255\]$_DFFE_PN0P_/D
      25* |       0 |      16 |        2 |      1 |     1 |    +0.1% |    0.250 |        0.0 |        0.0 |      8 | digest\[255\]$_DFFE_PN0P_/D
      26* |       0 |      16 |        2 |      1 |     1 |    +0.1% |    0.250 |        0.0 |        0.0 |      8 | digest\[255\]$_DFFE_PN0P_/D
      27* |       0 |      16 |        2 |      1 |     1 |    +0.1% |    0.250 |        0.0 |        0.0 |      8 | digest\[255\]$_DFFE_PN0P_/D
      27* |       0 |      16 |        2 |      1 |     1 |    +0.1% |    0.250 |        0.0 |        0.0 |      8 | digest\[255\]$_DFFE_PN0P_/D
    final |       0 |      16 |        2 |      1 |     1 |    +0.1% |    0.250 |        0.0 |        0.0 |      0 | digest\[255\]$_DFFE_PN0P_/D
------------------------------------------------------------------------------------------------------------------------------
[INFO RSZ-0040] Inserted 2 buffers.
[INFO RSZ-0051] Resized 16 instances: 16 up, 0 up match, 0 down, 0 VT
[INFO RSZ-0043] Swapped pins on 1 instances.
[INFO RSZ-0049] Cloned 1 instances.
[INFO RSZ-0505] Runtime: 1.94s
[INFO RSZ-0033] No hold violations found.
[INFO RSZ-0506] Runtime: 0.02s
Warning: master sky130_ef_sc_hd__decap_12 has signal pins but no liberty cell
Repair timing output passed lec test
detailed_placement
[INFO DPL-0006] Core area: 343523.22 um^2
[INFO DPL-0007] Movable instances area: 187487.32 um^2
[INFO DPL-0008] Fixed instances area within core: 5701.72 um^2
[INFO DPL-0009] Utilization: 56.2%
[INFO DPL-0005] Diamond search max displacement: +/- 500 sites horizontally, +/- 100 rows vertically.
[INFO DPL-1102] Legalizing using negotiation legalizer.
[INFO DPL-1103] Negotiation base search window: +/-20 sites horizontally, +/-5 rows vertically 
	Automatic search window extension enabled.
	Search window extendable up to the max displacement cap of +/-500 sites, +/-100 rows near walls.
[INFO DPL-1104] NegotiationLegalizer DRC penalty: 5.
[INFO DPL-0392] Negotiation cell height distribution (1 unique row-count(s)):
[INFO DPL-0393]   height 1 row(s): 20456 cells
          |      Total |  Illegal |  Illegal
Iteration | Violations |    Cells |    Sites
---------------------------------------------
        0 |         12 |         2 |        10
        1 |          0 |         0 |         0
Negotiation phase 1 converged at iteration 1.
[INFO DPL-0500] Runtime: 0.09s
Placement Analysis
---------------------------------
total displacement         59.5 u
average displacement        0.0 u
max displacement           10.9 u
original HPWL          569255.2 u
legalized HPWL         569276.7 u
delta HPWL                    0 %

estimate_parasitics -placement
Report metrics stage 4, cts final...

==========================================================================
cts final report_design_area
--------------------------------------------------------------------------
Design area 193189 um^2 56% utilization.
write_db ./results/sky130hd/chia_sha256_benchmark_corrupted/slot2/4_1_cts.odb
write_sdc -no_timestamp ./results/sky130hd/chia_sha256_benchmark_corrupted/slot2/4_cts.sdc
Log                       Ext     Elapsed/s Peak Memory/MB sha1sum result [0:20)
4_1_cts                   .odb           16            258 412522d464a780a2f3fe
cp ./results/sky130hd/chia_sha256_benchmark_corrupted/slot2/4_1_cts.odb ./results/sky130hd/chia_sha256_benchmark_corrupted/slot2/4_cts.odb
make: Leaving directory '/root/OpenROAD-flow-scripts/flow'

STDERR:
bash: /opt/miniconda/lib/libtinfo.so.6: no version information available (required by bash)
bash: /opt/miniconda/lib/libtinfo.so.6: no version information available (required by bash)
bash: /opt/miniconda/lib/libtinfo.so.6: no version information available (required by bash)
bash: /opt/miniconda/lib/libtinfo.so.6: no version information available (required by bash)
bash: /opt/miniconda/lib/libtinfo.so.6: no version information available (required by bash)
bash: /opt/miniconda/lib/libtinfo.so.6: no version information available (required by bash)
bash: /opt/miniconda/lib/libtinfo.so.6: no version information available (required by bash)
bash: /opt/miniconda/lib/libtinfo.so.6: no version information available (required by bash)
bash: /opt/miniconda/lib/libtinfo.so.6: no version information available (required by bash)
bash: /opt/miniconda/lib/libtinfo.so.6: no version information available (required by bash)
bash: /opt/miniconda/lib/libtinfo.so.6: no version information available (required by bash)
bash: /opt/miniconda/lib/libtinfo.so.6: no version information available (required by bash)
bash: /opt/miniconda/lib/libtinfo.so.6: no version information available (required by bash)
bash: /opt/miniconda/lib/libtinfo.so.6: no version information available (required by bash)
bash: /opt/miniconda/lib/libtinfo.so.6: no version information available (required by bash)
bash: /opt/miniconda/lib/libtinfo.so.6: no version information available (required by bash)
bash: /opt/miniconda/lib/libtinfo.so.6: no version information available (required by bash)
bash: /opt/miniconda/lib/libtinfo.so.6: no version information available (required by bash)
bash: /opt/miniconda/lib/libtinfo.so.6: no version information available (required by bash)
bash: /opt/miniconda/lib/libtinfo.so.6: no version information available (required by bash)
bash: /opt/miniconda/lib/libtinfo.so.6: no version information available (required by bash)
bash: /opt/miniconda/lib/libtinfo.so.6: no version information available (required by bash)
bash: /opt/miniconda/lib/libtinfo.so.6: no version information available (required by bash)
bash: /opt/miniconda/lib/libtinfo.so.6: no version information available (required by bash)
Elapsed time: 0:16.55[h:]min:sec. CPU time: user 16.77 sys 0.24 (102%). Peak memory: 264740KB.
bash: /opt/miniconda/lib/libtinfo.so.6: no version information available (required by bash)
bash: /opt/miniconda/lib/libtinfo.so.6: no version information available (required by bash)
bash: /opt/miniconda/lib/libtinfo.so.6: no version information available (required by bash)
bash: /opt/miniconda/lib/libtinfo.so.6: no version information available (required by bash)
bash: /opt/miniconda/lib/libtinfo.so.6: no version information available (required by bash)
bash: /opt/miniconda/lib/libtinfo.so.6: no version information available (required by bash)
bash: /opt/miniconda/lib/libtinfo.so.6: no version information available (required by bash)
bash: /opt/miniconda/lib/libtinfo.so.6: no version information available (required by bash)
bash: /opt/miniconda/lib/libtinfo.so.6: no version information available (required by bash)
bash: /opt/miniconda/lib/libtinfo.so.6: no version information available (required by bash)
bash: /opt/miniconda/lib/libtinfo.so.6: no version information available (required by bash)
bash: /opt/miniconda/lib/libtinfo.so.6: no version information available (required by bash)
bash: /opt/miniconda/lib/libtinfo.so.6: no version information available (required by bash)
