make: Entering directory '/root/OpenROAD-flow-scripts/flow'
/root/OpenROAD-flow-scripts/flow/scripts/flow.sh 6_1_fill density_fill
Running density_fill.tcl, stage 6_1_fill
read_liberty /root/OpenROAD-flow-scripts/flow/platforms/sky130hd/lib/sky130_fd_sc_hd__tt_025C_1v80.lib
read_db ./results/sky130hd/chia_aes128_benchmark_corrupted/slot2/5_route.odb
read_sdc ./results/sky130hd/chia_aes128_benchmark_corrupted/slot2/5_route.sdc
source /root/OpenROAD-flow-scripts/flow/platforms/sky130hd/setRC.tcl
exec cp ./results/sky130hd/chia_aes128_benchmark_corrupted/slot2/5_route.odb ./results/sky130hd/chia_aes128_benchmark_corrupted/slot2/6_1_fill.odb
Log                       Ext     Elapsed/s Peak Memory/MB sha1sum result [0:20)
6_1_fill                  .odb            0            167 62d054d20ab41ba380ca
cp ./results/sky130hd/chia_aes128_benchmark_corrupted/slot2/5_route.sdc ./results/sky130hd/chia_aes128_benchmark_corrupted/slot2/6_1_fill.sdc
/root/OpenROAD-flow-scripts/flow/scripts/flow.sh 6_report final_report
Running final_report.tcl, stage 6_report
read_liberty /root/OpenROAD-flow-scripts/flow/platforms/sky130hd/lib/sky130_fd_sc_hd__tt_025C_1v80.lib
read_db ./results/sky130hd/chia_aes128_benchmark_corrupted/slot2/6_1_fill.odb
read_sdc ./results/sky130hd/chia_aes128_benchmark_corrupted/slot2/6_1_fill.sdc
source /root/OpenROAD-flow-scripts/flow/platforms/sky130hd/setRC.tcl
[WARNING STA-0450] virtual clock vclk can not be propagated.
write_db ./results/sky130hd/chia_aes128_benchmark_corrupted/slot2/6_final.odb
write_sdc -no_timestamp ./results/sky130hd/chia_aes128_benchmark_corrupted/slot2/6_final.sdc
Deleted 0 routing obstructions
Warning: master sky130_ef_sc_hd__decap_12 has signal pins but no liberty cell
[INFO RCX-0431] Defined process_corner X with ext_model_index 0
[INFO RCX-0029] Defined extraction corner X
[WARNING RCX-0514] The ext_model_file option is deprecated. Use set_extraction_rules_file command instead.
[INFO RCX-0435] Reading extraction model file /root/OpenROAD-flow-scripts/flow/platforms/sky130hd/rcx_patterns.rules ...
[INFO RCX-0436] RC segment generation aes128 (max_merge_res 50.0) ...
[INFO RCX-0040] Final 66349 rc segments
[INFO RCX-0439] Coupling Cap extraction aes128 ...
[INFO RCX-0440] Coupling threshhold is 0.1000 fF, coupling capacitance less than 0.1000 fF will be grounded.
[INFO RCX-0442] 52% of 143116 wires extracted
[INFO RCX-0442] 100% of 143116 wires extracted
[INFO RCX-0045] Extract 13548 nets, 79896 rsegs, 79896 caps, 184801 ccs
[INFO RCX-0443] 13548 nets finished
[INFO PSM-0040] All shapes on net VDD are connected.
########## IR report #################
Net              : VDD
Corner           : default
Total power      : 6.21e-02 W
Supply voltage   : 1.80e+00 V
Worstcase voltage: 1.80e+00 V
Average voltage  : 1.80e+00 V
Average IR drop  : 6.44e-05 V
Worstcase IR drop: 5.94e-04 V
Percentage drop  : 0.03 %
######################################
[INFO PSM-0040] All shapes on net VSS are connected.
########## IR report #################
Net              : VSS
Corner           : default
Total power      : 6.21e-02 W
Supply voltage   : 0.00e+00 V
Worstcase voltage: 5.68e-04 V
Average voltage  : 6.45e-05 V
Average IR drop  : 6.45e-05 V
Worstcase IR drop: 5.68e-04 V
Percentage drop  : 0.03 %
######################################
Cell type report:                       Count        Area
  Fill cell                             20550   103376.65
  Tap cell                               2656     3323.19
  Antenna cell                             30       75.07
  Clock buffer                             60     1350.04
  Timing Repair Buffer                    742     6553.79
  Inverter                                190      725.70
  Clock inverter                           31      384.12
  Sequential cell                         390     7980.15
  Multi-Input combinational cell        11914    75887.78
  Total                                 36563   199656.49
Report metrics stage 6, finish...

==========================================================================
finish report_design_area
--------------------------------------------------------------------------
Design area 96280 um^2 48% utilization.
[WARNING GUI-0076] QStandardPaths: XDG_RUNTIME_DIR not set, defaulting to '/tmp/runtime-root'
Log                       Ext     Elapsed/s Peak Memory/MB sha1sum result [0:20)
6_report                                  7            434                  N/A
cp /root/OpenROAD-flow-scripts/flow/platforms/sky130hd/lef/sky130_fd_sc_hd.tlef ./objects/sky130hd/chia_aes128_benchmark_corrupted/slot2/klayout_tech.lef
/opt/miniconda/envs/chia_env/bin/python3 /root/OpenROAD-flow-scripts/flow/util/generate_klayout_tech.py \
	--template /root/OpenROAD-flow-scripts/flow/platforms/sky130hd/sky130hd.lyt \
	--output ./objects/sky130hd/chia_aes128_benchmark_corrupted/slot2/klayout.lyt \
	--lef-files ./objects/sky130hd/chia_aes128_benchmark_corrupted/slot2/klayout_tech.lef /root/OpenROAD-flow-scripts/flow/platforms/sky130hd/lef/sky130_fd_sc_hd_merged.lef   \
	--map-files 
/opt/miniconda/envs/chia_env/bin/python3 /root/OpenROAD-flow-scripts/flow/scripts/run_command.py --log /root/OpenROAD-flow-scripts/flow/logs/sky130hd/chia_aes128_benchmark_corrupted/slot2/6_1_merge.log --tee -- \
        /root/OpenROAD-flow-scripts/flow/scripts/klayout.sh -zz -rd design_name=aes128 \
        -rd in_def=./results/sky130hd/chia_aes128_benchmark_corrupted/slot2/6_final.def \
        -rd in_files="/root/OpenROAD-flow-scripts/flow/platforms/sky130hd/gds/sky130_fd_sc_hd.gds  " \
        -rd seal_file="" \
        -rd out_file=./results/sky130hd/chia_aes128_benchmark_corrupted/slot2/6_1_merged.gds \
        -rd tech_file=./objects/sky130hd/chia_aes128_benchmark_corrupted/slot2/klayout.lyt \
        -rd layer_map= \
        -r /root/OpenROAD-flow-scripts/flow/util/def2stream.py
bash: /opt/miniconda/lib/libtinfo.so.6: no version information available (required by bash)
KLayout 0.30.7
[INFO] Reporting cells prior to loading DEF ...
	/root/OpenROAD-flow-scripts/flow/platforms/sky130hd/gds/sky130_fd_sc_hd.gds
[INFO] All LEF cells have matching GDS/OAS cells
[INFO] No orphan cells in the final layout
cp results/sky130hd/chia_aes128_benchmark_corrupted/slot2/6_1_merged.gds results/sky130hd/chia_aes128_benchmark_corrupted/slot2/6_final.gds
./logs/sky130hd/chia_aes128_benchmark_corrupted/slot2
Log                       Ext     Elapsed/s Peak Memory/MB sha1sum result [0:20)
1_1_yosys_canonicalize    .rtlil          0             61 23d288bd8c39590b99e0
1_2_yosys                 .v             14             81 8bd23c0dd9bfdeb4bd13
1_2_yosys                 .sdc                             3ccf21bd795d2ae53eea
1_synth                   .odb            0            157 76383de37293bbeeff50
1_synth                   .sdc                             90f50fb5e4d93acdac78
2_1_floorplan             .odb            1            191 47ac97d26f8fb9e126e8
2_1_floorplan             .sdc                             90f50fb5e4d93acdac78
2_2_floorplan_macro       .odb            0            144 47ac97d26f8fb9e126e8
2_3_floorplan_tapcell     .odb            0            137 55df9c2475ddcf105156
2_4_floorplan_pdn         .odb            0            156 709dbaf323e1e7e5f28a
3_1_place_gp_skip_io      .odb            2            165 683520696674e35253c9
3_2_place_iop             .odb            0            148 027b343dc00df44674b8
3_3_place_gp              .odb           13            451 5119be926549f7624f7f
3_4_place_resized         .odb            3            189 5119be926549f7624f7f
3_5_place_dp              .odb            4            293 ecda20bef555f5b2d884
4_1_cts                   .odb            5            321 40763b97450786a234ad
5_1_grt                   .odb          170            479 5e2ab6827037a466652d
5_1_grt                   .sdc                             cb269d69db229661ecbf
5_2_route                 .odb         5137           1613 6b963c38d6028642b366
5_3_fillcell              .odb            0            194 62d054d20ab41ba380ca
6_1_fill                  .odb            0            167 62d054d20ab41ba380ca
6_1_fill                  .sdc                             cb269d69db229661ecbf
6_1_merge                                 1            501                  N/A
6_report                                  7            434                  N/A
Total                                  5357           1613                     
make: Leaving directory '/root/OpenROAD-flow-scripts/flow'

STDERR:
bash: /opt/miniconda/lib/libtinfo.so.6: no version information available (required by bash)
bash: /opt/miniconda/lib/libtinfo.so.6: no version information available (required by bash)
bash: /opt/miniconda/lib/libtinfo.so.6: no version information available (required by bash)
bash: /opt/miniconda/lib/libtinfo.so.6: no version information available (required by bash)
bash: /opt/miniconda/lib/libtinfo.so.6: no version information available (required by bash)
bash: /opt/miniconda/lib/libtinfo.so.6: no version information available (required by bash)
bash: /opt/miniconda/lib/libtinfo.so.6: no version information available (required by bash)
bash: /opt/miniconda/lib/libtinfo.so.6: no version information available (required by bash)
bash: /opt/miniconda/lib/libtinfo.so.6: no version information available (required by bash)
bash: /opt/miniconda/lib/libtinfo.so.6: no version information available (required by bash)
bash: /opt/miniconda/lib/libtinfo.so.6: no version information available (required by bash)
bash: /opt/miniconda/lib/libtinfo.so.6: no version information available (required by bash)
bash: /opt/miniconda/lib/libtinfo.so.6: no version information available (required by bash)
bash: /opt/miniconda/lib/libtinfo.so.6: no version information available (required by bash)
bash: /opt/miniconda/lib/libtinfo.so.6: no version information available (required by bash)
bash: /opt/miniconda/lib/libtinfo.so.6: no version information available (required by bash)
bash: /opt/miniconda/lib/libtinfo.so.6: no version information available (required by bash)
bash: /opt/miniconda/lib/libtinfo.so.6: no version information available (required by bash)
bash: /opt/miniconda/lib/libtinfo.so.6: no version information available (required by bash)
bash: /opt/miniconda/lib/libtinfo.so.6: no version information available (required by bash)
bash: /opt/miniconda/lib/libtinfo.so.6: no version information available (required by bash)
bash: /opt/miniconda/lib/libtinfo.so.6: no version information available (required by bash)
bash: /opt/miniconda/lib/libtinfo.so.6: no version information available (required by bash)
bash: /opt/miniconda/lib/libtinfo.so.6: no version information available (required by bash)
Elapsed time: 0:00.32[h:]min:sec. CPU time: user 0.26 sys 0.06 (99%). Peak memory: 171860KB.
bash: /opt/miniconda/lib/libtinfo.so.6: no version information available (required by bash)
bash: /opt/miniconda/lib/libtinfo.so.6: no version information available (required by bash)
bash: /opt/miniconda/lib/libtinfo.so.6: no version information available (required by bash)
bash: /opt/miniconda/lib/libtinfo.so.6: no version information available (required by bash)
bash: /opt/miniconda/lib/libtinfo.so.6: no version information available (required by bash)
bash: /opt/miniconda/lib/libtinfo.so.6: no version information available (required by bash)
bash: /opt/miniconda/lib/libtinfo.so.6: no version information available (required by bash)
bash: /opt/miniconda/lib/libtinfo.so.6: no version information available (required by bash)
bash: /opt/miniconda/lib/libtinfo.so.6: no version information available (required by bash)
bash: /opt/miniconda/lib/libtinfo.so.6: no version information available (required by bash)
bash: /opt/miniconda/lib/libtinfo.so.6: no version information available (required by bash)
bash: /opt/miniconda/lib/libtinfo.so.6: no version information available (required by bash)
bash: /opt/miniconda/lib/libtinfo.so.6: no version information available (required by bash)
bash: /opt/miniconda/lib/libtinfo.so.6: no version information available (required by bash)
bash: /opt/miniconda/lib/libtinfo.so.6: no version information available (required by bash)
bash: /opt/miniconda/lib/libtinfo.so.6: no version information available (required by bash)
bash: /opt/miniconda/lib/libtinfo.so.6: no version information available (required by bash)
bash: /opt/miniconda/lib/libtinfo.so.6: no version information available (required by bash)
bash: /opt/miniconda/lib/libtinfo.so.6: no version information available (required by bash)
bash: /opt/miniconda/lib/libtinfo.so.6: no version information available (required by bash)
bash: /opt/miniconda/lib/libtinfo.so.6: no version information available (required by bash)
bash: /opt/miniconda/lib/libtinfo.so.6: no version information available (required by bash)
bash: /opt/miniconda/lib/libtinfo.so.6: no version information available (required by bash)
bash: /opt/miniconda/lib/libtinfo.so.6: no version information available (required by bash)
bash: /opt/miniconda/lib/libtinfo.so.6: no version information available (required by bash)
bash: /opt/miniconda/lib/libtinfo.so.6: no version information available (required by bash)
bash: /opt/miniconda/lib/libtinfo.so.6: no version information available (required by bash)
Elapsed time: 0:07.10[h:]min:sec. CPU time: user 6.97 sys 0.15 (100%). Peak memory: 445416KB.
bash: /opt/miniconda/lib/libtinfo.so.6: no version information available (required by bash)
bash: /opt/miniconda/lib/libtinfo.so.6: no version information available (required by bash)
bash: /opt/miniconda/lib/libtinfo.so.6: no version information available (required by bash)
bash: /opt/miniconda/lib/libtinfo.so.6: no version information available (required by bash)
bash: /opt/miniconda/lib/libtinfo.so.6: no version information available (required by bash)
bash: /opt/miniconda/lib/libtinfo.so.6: no version information available (required by bash)
bash: /opt/miniconda/lib/libtinfo.so.6: no version information available (required by bash)
bash: /opt/miniconda/lib/libtinfo.so.6: no version information available (required by bash)
bash: /opt/miniconda/lib/libtinfo.so.6: no version information available (required by bash)
bash: /opt/miniconda/lib/libtinfo.so.6: no version information available (required by bash)
bash: /opt/miniconda/lib/libtinfo.so.6: no version information available (required by bash)
bash: /opt/miniconda/lib/libtinfo.so.6: no version information available (required by bash)
bash: /opt/miniconda/lib/libtinfo.so.6: no version information available (required by bash)
bash: /opt/miniconda/lib/libtinfo.so.6: no version information available (required by bash)
bash: /opt/miniconda/lib/libtinfo.so.6: no version information available (required by bash)
bash: /opt/miniconda/lib/libtinfo.so.6: no version information available (required by bash)
bash: /opt/miniconda/lib/libtinfo.so.6: no version information available (required by bash)
bash: /opt/miniconda/lib/libtinfo.so.6: no version information available (required by bash)
bash: /opt/miniconda/lib/libtinfo.so.6: no version information available (required by bash)
bash: /opt/miniconda/lib/libtinfo.so.6: no version information available (required by bash)
bash: /opt/miniconda/lib/libtinfo.so.6: no version information available (required by bash)
bash: /opt/miniconda/lib/libtinfo.so.6: no version information available (required by bash)
bash: /opt/miniconda/lib/libtinfo.so.6: no version information available (required by bash)
bash: /opt/miniconda/lib/libtinfo.so.6: no version information available (required by bash)
bash: /opt/miniconda/lib/libtinfo.so.6: no version information available (required by bash)
bash: /opt/miniconda/lib/libtinfo.so.6: no version information available (required by bash)
bash: /opt/miniconda/lib/libtinfo.so.6: no version information available (required by bash)
bash: /opt/miniconda/lib/libtinfo.so.6: no version information available (required by bash)
bash: /opt/miniconda/lib/libtinfo.so.6: no version information available (required by bash)
bash: /opt/miniconda/lib/libtinfo.so.6: no version information available (required by bash)
bash: /opt/miniconda/lib/libtinfo.so.6: no version information available (required by bash)
bash: /opt/miniconda/lib/libtinfo.so.6: no version information available (required by bash)
bash: /opt/miniconda/lib/libtinfo.so.6: no version information available (required by bash)
bash: /opt/miniconda/lib/libtinfo.so.6: no version information available (required by bash)
bash: /opt/miniconda/lib/libtinfo.so.6: no version information available (required by bash)
bash: /opt/miniconda/lib/libtinfo.so.6: no version information available (required by bash)
bash: /opt/miniconda/lib/libtinfo.so.6: no version information available (required by bash)
bash: /opt/miniconda/lib/libtinfo.so.6: no version information available (required by bash)
bash: /opt/miniconda/lib/libtinfo.so.6: no version information available (required by bash)
bash: /opt/miniconda/lib/libtinfo.so.6: no version information available (required by bash)
bash: /opt/miniconda/lib/libtinfo.so.6: no version information available (required by bash)
bash: /opt/miniconda/lib/libtinfo.so.6: no version information available (required by bash)
bash: /opt/miniconda/lib/libtinfo.so.6: no version information available (required by bash)
bash: /opt/miniconda/lib/libtinfo.so.6: no version information available (required by bash)
bash: /opt/miniconda/lib/libtinfo.so.6: no version information available (required by bash)
Elapsed time: 0:01.45[h:]min:sec. CPU time: user 1.30 sys 0.14 (99%). Peak memory: 513280KB.
bash: /opt/miniconda/lib/libtinfo.so.6: no version information available (required by bash)
bash: /opt/miniconda/lib/libtinfo.so.6: no version information available (required by bash)
bash: /opt/miniconda/lib/libtinfo.so.6: no version information available (required by bash)
bash: /opt/miniconda/lib/libtinfo.so.6: no version information available (required by bash)
bash: /opt/miniconda/lib/libtinfo.so.6: no version information available (required by bash)
bash: /opt/miniconda/lib/libtinfo.so.6: no version information available (required by bash)
bash: /opt/miniconda/lib/libtinfo.so.6: no version information available (required by bash)
bash: /opt/miniconda/lib/libtinfo.so.6: no version information available (required by bash)
bash: /opt/miniconda/lib/libtinfo.so.6: no version information available (required by bash)
bash: /opt/miniconda/lib/libtinfo.so.6: no version information available (required by bash)
bash: /opt/miniconda/lib/libtinfo.so.6: no version information available (required by bash)
bash: /opt/miniconda/lib/libtinfo.so.6: no version information available (required by bash)
bash: /opt/miniconda/lib/libtinfo.so.6: no version information available (required by bash)
bash: /opt/miniconda/lib/libtinfo.so.6: no version information available (required by bash)
bash: /opt/miniconda/lib/libtinfo.so.6: no version information available (required by bash)
bash: /opt/miniconda/lib/libtinfo.so.6: no version information available (required by bash)
bash: /opt/miniconda/lib/libtinfo.so.6: no version information available (required by bash)
