
==========================================================================
detailed place report_tns
--------------------------------------------------------------------------
tns max -0.19

==========================================================================
detailed place report_wns
--------------------------------------------------------------------------
wns max -0.01

==========================================================================
detailed place report_worst_slack
--------------------------------------------------------------------------
worst slack max -0.01

==========================================================================
detailed place report_clock_min_period
--------------------------------------------------------------------------
core_clock period_min = 1.59 fmax = 628.01
vclk_core_clock period_min = 0.00 fmax = inf

==========================================================================
detailed place report_checks -path_delay min
--------------------------------------------------------------------------
Startpoint: ctrl.state.out[1]$_DFF_P_
            (rising edge-triggered flip-flop clocked by core_clock)
Endpoint: ctrl.state.out[1]$_DFF_P_
          (rising edge-triggered flip-flop clocked by core_clock)
Path Group: core_clock
Path Type: min

Fanout     Cap    Slew   Delay    Time   Description
-----------------------------------------------------------------------------
                  0.00    0.00    0.00   clock core_clock (rise edge)
                          0.23    0.23   clock network delay (ideal)
                  0.00    0.00    0.23 ^ ctrl.state.out[1]$_DFF_P_/CLK (sky130_fd_sc_hs__dfxtp_1)
     2    0.01    0.05    0.18    0.42 ^ ctrl.state.out[1]$_DFF_P_/Q (sky130_fd_sc_hs__dfxtp_1)
                                         ctrl.state.out[1] (net)
                  0.05    0.00    0.42 ^ _635_/B (sky130_fd_sc_hs__nand2_1)
     1    0.00    0.03    0.04    0.46 v _635_/Y (sky130_fd_sc_hs__nand2_1)
                                         _291_ (net)
                  0.03    0.00    0.46 v _636_/B1 (sky130_fd_sc_hs__o31ai_1)
     1    0.00    0.03    0.04    0.50 ^ _636_/Y (sky130_fd_sc_hs__o31ai_1)
                                         _001_ (net)
                  0.03    0.00    0.50 ^ ctrl.state.out[1]$_DFF_P_/D (sky130_fd_sc_hs__dfxtp_1)
                                  0.50   data arrival time

                  0.00    0.00    0.00   clock core_clock (rise edge)
                          0.23    0.23   clock network delay (ideal)
                          0.00    0.23   clock reconvergence pessimism
                                  0.23 ^ ctrl.state.out[1]$_DFF_P_/CLK (sky130_fd_sc_hs__dfxtp_1)
                          0.01    0.24   library hold time
                                  0.24   data required time
-----------------------------------------------------------------------------
                                  0.24   data required time
                                 -0.50   data arrival time
-----------------------------------------------------------------------------
                                  0.26   slack (MET)


Startpoint: ctrl.state.out[2]$_DFF_P_
            (rising edge-triggered flip-flop clocked by core_clock)
Endpoint: resp_val (output port clocked by vclk_core_clock)
Path Group: vclk_core_clock
Path Type: min

Fanout     Cap    Slew   Delay    Time   Description
-----------------------------------------------------------------------------
                  0.00    0.00    0.00   clock core_clock (rise edge)
                          0.23    0.23   clock network delay (ideal)
                  0.00    0.00    0.23 ^ ctrl.state.out[2]$_DFF_P_/CLK (sky130_fd_sc_hs__dfxtp_1)
     2    0.01    0.06    0.19    0.42 ^ ctrl.state.out[2]$_DFF_P_/Q (sky130_fd_sc_hs__dfxtp_1)
                                         ctrl.state.out[2] (net)
                  0.06    0.00    0.42 ^ _627_/B (sky130_fd_sc_hs__nor3b_1)
     2    0.01    0.04    0.05    0.47 v _627_/Y (sky130_fd_sc_hs__nor3b_1)
                                         net53 (net)
                  0.04    0.00    0.47 v output53/A (sky130_fd_sc_hs__buf_1)
     1    0.00    0.01    0.06    0.53 v output53/X (sky130_fd_sc_hs__buf_1)
                                         resp_val (net)
                  0.01    0.00    0.53 v resp_val (out)
                                  0.53   data arrival time

                  0.00    0.00    0.00   clock vclk_core_clock (rise edge)
                          0.23    0.23   clock network delay (ideal)
                          0.00    0.23   clock reconvergence pessimism
                         -0.32   -0.08   output external delay
                                 -0.08   data required time
-----------------------------------------------------------------------------
                                 -0.08   data required time
                                 -0.53   data arrival time
-----------------------------------------------------------------------------
                                  0.62   slack (MET)



==========================================================================
detailed place report_checks -path_delay max
--------------------------------------------------------------------------
Startpoint: dpath.b_reg.out[7]$_DFFE_PP_
            (rising edge-triggered flip-flop clocked by core_clock)
Endpoint: dpath.b_reg.out[14]$_DFFE_PP_
          (rising edge-triggered flip-flop clocked by core_clock)
Path Group: core_clock
Path Type: max

Fanout     Cap    Slew   Delay    Time   Description
-----------------------------------------------------------------------------
                  0.00    0.00    0.00   clock core_clock (rise edge)
                          0.23    0.23   clock network delay (ideal)
                  0.00    0.00    0.23 ^ dpath.b_reg.out[7]$_DFFE_PP_/CLK (sky130_fd_sc_hs__edfxtp_1)
     5    0.02    0.10    0.23    0.47 v dpath.b_reg.out[7]$_DFFE_PP_/Q (sky130_fd_sc_hs__edfxtp_1)
                                         dpath.a_lt_b$in1[7] (net)
                  0.10    0.00    0.47 v _399_/B (sky130_fd_sc_hs__xnor2_1)
     2    0.01    0.19    0.19    0.66 ^ _399_/Y (sky130_fd_sc_hs__xnor2_1)
                                         _082_ (net)
                  0.19    0.00    0.66 ^ _438_/B (sky130_fd_sc_hs__nand2_2)
     3    0.01    0.07    0.08    0.74 v _438_/Y (sky130_fd_sc_hs__nand2_2)
                                         _120_ (net)
                  0.07    0.00    0.74 v _448_/B (sky130_fd_sc_hs__nor2_1)
     2    0.01    0.13    0.12    0.85 ^ _448_/Y (sky130_fd_sc_hs__nor2_1)
                                         _130_ (net)
                  0.13    0.00    0.85 ^ _449_/B (sky130_fd_sc_hs__nor2_2)
     2    0.01    0.05    0.07    0.93 v _449_/Y (sky130_fd_sc_hs__nor2_2)
                                         _131_ (net)
                  0.05    0.00    0.93 v _450_/B (sky130_fd_sc_hs__nand2_2)
     2    0.02    0.09    0.09    1.02 ^ _450_/Y (sky130_fd_sc_hs__nand2_2)
                                         _132_ (net)
                  0.09    0.00    1.02 ^ _458_/A (sky130_fd_sc_hs__nand2_8)
     2    0.02    0.04    0.05    1.07 v _458_/Y (sky130_fd_sc_hs__nand2_8)
                                         _140_ (net)
                  0.04    0.00    1.07 v _581_/A (sky130_fd_sc_hs__nand2_8)
     2    0.01    0.06    0.06    1.13 ^ _581_/Y (sky130_fd_sc_hs__nand2_8)
                                         _251_ (net)
                  0.06    0.00    1.13 ^ _640_/A2 (sky130_fd_sc_hs__o21ai_4)
    16    0.06    0.11    0.10    1.22 v _640_/Y (sky130_fd_sc_hs__o21ai_4)
                                         ctrl$b_reg_en[0] (net)
                  0.11    0.00    1.23 v dpath.b_reg.out[14]$_DFFE_PP_/DE (sky130_fd_sc_hs__edfxtp_1)
                                  1.23   data arrival time

                  0.00    1.58    1.58   clock core_clock (rise edge)
                          0.23    1.81   clock network delay (ideal)
                          0.00    1.81   clock reconvergence pessimism
                                  1.81 ^ dpath.b_reg.out[14]$_DFFE_PP_/CLK (sky130_fd_sc_hs__edfxtp_1)
                         -0.60    1.21   library setup time
                                  1.21   data required time
-----------------------------------------------------------------------------
                                  1.21   data required time
                                 -1.23   data arrival time
-----------------------------------------------------------------------------
                                 -0.01   slack (VIOLATED)


Startpoint: dpath.b_reg.out[9]$_DFFE_PP_
            (rising edge-triggered flip-flop clocked by core_clock)
Endpoint: resp_msg[11] (output port clocked by vclk_core_clock)
Path Group: vclk_core_clock
Path Type: max

Fanout     Cap    Slew   Delay    Time   Description
-----------------------------------------------------------------------------
                  0.00    0.00    0.00   clock core_clock (rise edge)
                          0.23    0.23   clock network delay (ideal)
                  0.00    0.00    0.23 ^ dpath.b_reg.out[9]$_DFFE_PP_/CLK (sky130_fd_sc_hs__edfxtp_1)
     4    0.02    0.11    0.21    0.45 ^ dpath.b_reg.out[9]$_DFFE_PP_/Q (sky130_fd_sc_hs__edfxtp_1)
                                         dpath.a_lt_b$in1[9] (net)
                  0.11    0.00    0.45 ^ _388_/A_N (sky130_fd_sc_hs__nand2b_1)
     4    0.02    0.14    0.16    0.61 ^ _388_/Y (sky130_fd_sc_hs__nand2b_1)
                                         _071_ (net)
                  0.14    0.00    0.61 ^ _390_/A (sky130_fd_sc_hs__and2_1)
     2    0.01    0.06    0.11    0.72 ^ _390_/X (sky130_fd_sc_hs__and2_1)
                                         _073_ (net)
                  0.06    0.00    0.72 ^ place106/A (sky130_fd_sc_hs__buf_1)
     2    0.01    0.06    0.09    0.81 ^ place106/X (sky130_fd_sc_hs__buf_1)
                                         net106 (net)
                  0.06    0.00    0.81 ^ _394_/A (sky130_fd_sc_hs__nand2_1)
     2    0.01    0.05    0.06    0.87 v _394_/Y (sky130_fd_sc_hs__nand2_1)
                                         _077_ (net)
                  0.05    0.00    0.87 v _401_/A (sky130_fd_sc_hs__nor2_1)
     3    0.01    0.15    0.14    1.01 ^ _401_/Y (sky130_fd_sc_hs__nor2_1)
                                         _084_ (net)
                  0.15    0.00    1.01 ^ _545_/B1 (sky130_fd_sc_hs__o21ai_1)
     2    0.01    0.09    0.11    1.13 v _545_/Y (sky130_fd_sc_hs__o21ai_1)
                                         _221_ (net)
                  0.09    0.00    1.13 v _548_/B (sky130_fd_sc_hs__nand3_1)
     1    0.00    0.06    0.08    1.21 ^ _548_/Y (sky130_fd_sc_hs__nand3_1)
                                         _224_ (net)
                  0.06    0.00    1.21 ^ _550_/A (sky130_fd_sc_hs__nand2_1)
     1    0.00    0.03    0.04    1.25 v _550_/Y (sky130_fd_sc_hs__nand2_1)
                                         _226_ (net)
                  0.03    0.00    1.25 v _551_/B (sky130_fd_sc_hs__nand2_1)
     2    0.01    0.10    0.09    1.33 ^ _551_/Y (sky130_fd_sc_hs__nand2_1)
                                         net39 (net)
                  0.10    0.00    1.34 ^ output39/A (sky130_fd_sc_hs__buf_1)
     1    0.00    0.02    0.07    1.40 ^ output39/X (sky130_fd_sc_hs__buf_1)
                                         resp_msg[11] (net)
                  0.02    0.00    1.40 ^ resp_msg[11] (out)
                                  1.40   data arrival time

                  0.00    1.58    1.58   clock vclk_core_clock (rise edge)
                          0.23    1.81   clock network delay (ideal)
                          0.00    1.81   clock reconvergence pessimism
                         -0.32    1.50   output external delay
                                  1.50   data required time
-----------------------------------------------------------------------------
                                  1.50   data required time
                                 -1.40   data arrival time
-----------------------------------------------------------------------------
                                  0.10   slack (MET)



==========================================================================
detailed place report_checks -unconstrained
--------------------------------------------------------------------------
Startpoint: dpath.b_reg.out[7]$_DFFE_PP_
            (rising edge-triggered flip-flop clocked by core_clock)
Endpoint: dpath.b_reg.out[14]$_DFFE_PP_
          (rising edge-triggered flip-flop clocked by core_clock)
Path Group: core_clock
Path Type: max

Fanout     Cap    Slew   Delay    Time   Description
-----------------------------------------------------------------------------
                  0.00    0.00    0.00   clock core_clock (rise edge)
                          0.23    0.23   clock network delay (ideal)
                  0.00    0.00    0.23 ^ dpath.b_reg.out[7]$_DFFE_PP_/CLK (sky130_fd_sc_hs__edfxtp_1)
     5    0.02    0.10    0.23    0.47 v dpath.b_reg.out[7]$_DFFE_PP_/Q (sky130_fd_sc_hs__edfxtp_1)
                                         dpath.a_lt_b$in1[7] (net)
                  0.10    0.00    0.47 v _399_/B (sky130_fd_sc_hs__xnor2_1)
     2    0.01    0.19    0.19    0.66 ^ _399_/Y (sky130_fd_sc_hs__xnor2_1)
                                         _082_ (net)
                  0.19    0.00    0.66 ^ _438_/B (sky130_fd_sc_hs__nand2_2)
     3    0.01    0.07    0.08    0.74 v _438_/Y (sky130_fd_sc_hs__nand2_2)
                                         _120_ (net)
                  0.07    0.00    0.74 v _448_/B (sky130_fd_sc_hs__nor2_1)
     2    0.01    0.13    0.12    0.85 ^ _448_/Y (sky130_fd_sc_hs__nor2_1)
                                         _130_ (net)
                  0.13    0.00    0.85 ^ _449_/B (sky130_fd_sc_hs__nor2_2)
     2    0.01    0.05    0.07    0.93 v _449_/Y (sky130_fd_sc_hs__nor2_2)
                                         _131_ (net)
                  0.05    0.00    0.93 v _450_/B (sky130_fd_sc_hs__nand2_2)
     2    0.02    0.09    0.09    1.02 ^ _450_/Y (sky130_fd_sc_hs__nand2_2)
                                         _132_ (net)
                  0.09    0.00    1.02 ^ _458_/A (sky130_fd_sc_hs__nand2_8)
     2    0.02    0.04    0.05    1.07 v _458_/Y (sky130_fd_sc_hs__nand2_8)
                                         _140_ (net)
                  0.04    0.00    1.07 v _581_/A (sky130_fd_sc_hs__nand2_8)
     2    0.01    0.06    0.06    1.13 ^ _581_/Y (sky130_fd_sc_hs__nand2_8)
                                         _251_ (net)
                  0.06    0.00    1.13 ^ _640_/A2 (sky130_fd_sc_hs__o21ai_4)
    16    0.06    0.11    0.10    1.22 v _640_/Y (sky130_fd_sc_hs__o21ai_4)
                                         ctrl$b_reg_en[0] (net)
                  0.11    0.00    1.23 v dpath.b_reg.out[14]$_DFFE_PP_/DE (sky130_fd_sc_hs__edfxtp_1)
                                  1.23   data arrival time

                  0.00    1.58    1.58   clock core_clock (rise edge)
                          0.23    1.81   clock network delay (ideal)
                          0.00    1.81   clock reconvergence pessimism
                                  1.81 ^ dpath.b_reg.out[14]$_DFFE_PP_/CLK (sky130_fd_sc_hs__edfxtp_1)
                         -0.60    1.21   library setup time
                                  1.21   data required time
-----------------------------------------------------------------------------
                                  1.21   data required time
                                 -1.23   data arrival time
-----------------------------------------------------------------------------
                                 -0.01   slack (VIOLATED)


Startpoint: dpath.b_reg.out[9]$_DFFE_PP_
            (rising edge-triggered flip-flop clocked by core_clock)
Endpoint: resp_msg[11] (output port clocked by vclk_core_clock)
Path Group: vclk_core_clock
Path Type: max

Fanout     Cap    Slew   Delay    Time   Description
-----------------------------------------------------------------------------
                  0.00    0.00    0.00   clock core_clock (rise edge)
                          0.23    0.23   clock network delay (ideal)
                  0.00    0.00    0.23 ^ dpath.b_reg.out[9]$_DFFE_PP_/CLK (sky130_fd_sc_hs__edfxtp_1)
     4    0.02    0.11    0.21    0.45 ^ dpath.b_reg.out[9]$_DFFE_PP_/Q (sky130_fd_sc_hs__edfxtp_1)
                                         dpath.a_lt_b$in1[9] (net)
                  0.11    0.00    0.45 ^ _388_/A_N (sky130_fd_sc_hs__nand2b_1)
     4    0.02    0.14    0.16    0.61 ^ _388_/Y (sky130_fd_sc_hs__nand2b_1)
                                         _071_ (net)
                  0.14    0.00    0.61 ^ _390_/A (sky130_fd_sc_hs__and2_1)
     2    0.01    0.06    0.11    0.72 ^ _390_/X (sky130_fd_sc_hs__and2_1)
                                         _073_ (net)
                  0.06    0.00    0.72 ^ place106/A (sky130_fd_sc_hs__buf_1)
     2    0.01    0.06    0.09    0.81 ^ place106/X (sky130_fd_sc_hs__buf_1)
                                         net106 (net)
                  0.06    0.00    0.81 ^ _394_/A (sky130_fd_sc_hs__nand2_1)
     2    0.01    0.05    0.06    0.87 v _394_/Y (sky130_fd_sc_hs__nand2_1)
                                         _077_ (net)
                  0.05    0.00    0.87 v _401_/A (sky130_fd_sc_hs__nor2_1)
     3    0.01    0.15    0.14    1.01 ^ _401_/Y (sky130_fd_sc_hs__nor2_1)
                                         _084_ (net)
                  0.15    0.00    1.01 ^ _545_/B1 (sky130_fd_sc_hs__o21ai_1)
     2    0.01    0.09    0.11    1.13 v _545_/Y (sky130_fd_sc_hs__o21ai_1)
                                         _221_ (net)
                  0.09    0.00    1.13 v _548_/B (sky130_fd_sc_hs__nand3_1)
     1    0.00    0.06    0.08    1.21 ^ _548_/Y (sky130_fd_sc_hs__nand3_1)
                                         _224_ (net)
                  0.06    0.00    1.21 ^ _550_/A (sky130_fd_sc_hs__nand2_1)
     1    0.00    0.03    0.04    1.25 v _550_/Y (sky130_fd_sc_hs__nand2_1)
                                         _226_ (net)
                  0.03    0.00    1.25 v _551_/B (sky130_fd_sc_hs__nand2_1)
     2    0.01    0.10    0.09    1.33 ^ _551_/Y (sky130_fd_sc_hs__nand2_1)
                                         net39 (net)
                  0.10    0.00    1.34 ^ output39/A (sky130_fd_sc_hs__buf_1)
     1    0.00    0.02    0.07    1.40 ^ output39/X (sky130_fd_sc_hs__buf_1)
                                         resp_msg[11] (net)
                  0.02    0.00    1.40 ^ resp_msg[11] (out)
                                  1.40   data arrival time

                  0.00    1.58    1.58   clock vclk_core_clock (rise edge)
                          0.23    1.81   clock network delay (ideal)
                          0.00    1.81   clock reconvergence pessimism
                         -0.32    1.50   output external delay
                                  1.50   data required time
-----------------------------------------------------------------------------
                                  1.50   data required time
                                 -1.40   data arrival time
-----------------------------------------------------------------------------
                                  0.10   slack (MET)



==========================================================================
detailed place report_check_types -max_slew -max_cap -max_fanout -violators
--------------------------------------------------------------------------

==========================================================================
detailed place max_slew_check_slack
--------------------------------------------------------------------------
0.4889724850654602

==========================================================================
detailed place max_slew_check_limit
--------------------------------------------------------------------------
1.0

==========================================================================
detailed place max_slew_check_slack_limit
--------------------------------------------------------------------------
0.4890

==========================================================================
detailed place max_fanout_check_slack
--------------------------------------------------------------------------
1.0000000150474662e+30

==========================================================================
detailed place max_fanout_check_limit
--------------------------------------------------------------------------
1.0000000150474662e+30

==========================================================================
detailed place max_capacitance_check_slack
--------------------------------------------------------------------------
0.02707866206765175

==========================================================================
detailed place max_capacitance_check_limit
--------------------------------------------------------------------------
0.034299999475479126

==========================================================================
detailed place max_capacitance_check_slack_limit
--------------------------------------------------------------------------
0.7895

==========================================================================
detailed place max_slew_violation_count
--------------------------------------------------------------------------
max slew violation count 0

==========================================================================
detailed place max_fanout_violation_count
--------------------------------------------------------------------------
max fanout violation count 0

==========================================================================
detailed place max_cap_violation_count
--------------------------------------------------------------------------
max cap violation count 0

==========================================================================
detailed place setup_violation_count
--------------------------------------------------------------------------
setup violation count 16

==========================================================================
detailed place hold_violation_count
--------------------------------------------------------------------------
hold violation count 0

==========================================================================
detailed place report_checks -path_delay max reg to reg
--------------------------------------------------------------------------
Startpoint: dpath.b_reg.out[7]$_DFFE_PP_
            (rising edge-triggered flip-flop clocked by core_clock)
Endpoint: dpath.b_reg.out[14]$_DFFE_PP_
          (rising edge-triggered flip-flop clocked by core_clock)
Path Group: core_clock
Path Type: max

  Delay    Time   Description
---------------------------------------------------------
   0.00    0.00   clock core_clock (rise edge)
   0.23    0.23   clock network delay (ideal)
   0.00    0.23 ^ dpath.b_reg.out[7]$_DFFE_PP_/CLK (sky130_fd_sc_hs__edfxtp_1)
   0.23    0.47 v dpath.b_reg.out[7]$_DFFE_PP_/Q (sky130_fd_sc_hs__edfxtp_1)
   0.19    0.66 ^ _399_/Y (sky130_fd_sc_hs__xnor2_1)
   0.08    0.74 v _438_/Y (sky130_fd_sc_hs__nand2_2)
   0.12    0.85 ^ _448_/Y (sky130_fd_sc_hs__nor2_1)
   0.07    0.93 v _449_/Y (sky130_fd_sc_hs__nor2_2)
   0.09    1.02 ^ _450_/Y (sky130_fd_sc_hs__nand2_2)
   0.05    1.07 v _458_/Y (sky130_fd_sc_hs__nand2_8)
   0.06    1.13 ^ _581_/Y (sky130_fd_sc_hs__nand2_8)
   0.10    1.22 v _640_/Y (sky130_fd_sc_hs__o21ai_4)
   0.00    1.23 v dpath.b_reg.out[14]$_DFFE_PP_/DE (sky130_fd_sc_hs__edfxtp_1)
           1.23   data arrival time

   1.58    1.58   clock core_clock (rise edge)
   0.23    1.81   clock network delay (ideal)
   0.00    1.81   clock reconvergence pessimism
           1.81 ^ dpath.b_reg.out[14]$_DFFE_PP_/CLK (sky130_fd_sc_hs__edfxtp_1)
  -0.60    1.21   library setup time
           1.21   data required time
---------------------------------------------------------
           1.21   data required time
          -1.23   data arrival time
---------------------------------------------------------
          -0.01   slack (VIOLATED)



==========================================================================
detailed place report_checks -path_delay min reg to reg
--------------------------------------------------------------------------
Startpoint: ctrl.state.out[1]$_DFF_P_
            (rising edge-triggered flip-flop clocked by core_clock)
Endpoint: ctrl.state.out[1]$_DFF_P_
          (rising edge-triggered flip-flop clocked by core_clock)
Path Group: core_clock
Path Type: min

  Delay    Time   Description
---------------------------------------------------------
   0.00    0.00   clock core_clock (rise edge)
   0.23    0.23   clock network delay (ideal)
   0.00    0.23 ^ ctrl.state.out[1]$_DFF_P_/CLK (sky130_fd_sc_hs__dfxtp_1)
   0.18    0.42 ^ ctrl.state.out[1]$_DFF_P_/Q (sky130_fd_sc_hs__dfxtp_1)
   0.04    0.46 v _635_/Y (sky130_fd_sc_hs__nand2_1)
   0.04    0.50 ^ _636_/Y (sky130_fd_sc_hs__o31ai_1)
   0.00    0.50 ^ ctrl.state.out[1]$_DFF_P_/D (sky130_fd_sc_hs__dfxtp_1)
           0.50   data arrival time

   0.00    0.00   clock core_clock (rise edge)
   0.23    0.23   clock network delay (ideal)
   0.00    0.23   clock reconvergence pessimism
           0.23 ^ ctrl.state.out[1]$_DFF_P_/CLK (sky130_fd_sc_hs__dfxtp_1)
   0.01    0.24   library hold time
           0.24   data required time
---------------------------------------------------------
           0.24   data required time
          -0.50   data arrival time
---------------------------------------------------------
           0.26   slack (MET)



==========================================================================
detailed place critical path target clock latency max path
--------------------------------------------------------------------------
0.2350

==========================================================================
detailed place critical path target clock latency min path
--------------------------------------------------------------------------
0.2350

==========================================================================
detailed place critical path source clock latency min path
--------------------------------------------------------------------------
0.2350

==========================================================================
detailed place critical path delay
--------------------------------------------------------------------------
1.2263

==========================================================================
detailed place critical path slack
--------------------------------------------------------------------------
-0.0123

==========================================================================
detailed place slack div critical path delay
--------------------------------------------------------------------------
-1.003017

==========================================================================
detailed place report_power
--------------------------------------------------------------------------
Group                  Internal  Switching    Leakage      Total
                          Power      Power      Power      Power (Watts)
----------------------------------------------------------------
Sequential             1.49e-03   1.36e-04   4.70e-08   1.63e-03  38.9%
Combinational          1.50e-03   1.05e-03   4.13e-08   2.55e-03  61.1%
Clock                  0.00e+00   0.00e+00   0.00e+00   0.00e+00   0.0%
Macro                  0.00e+00   0.00e+00   0.00e+00   0.00e+00   0.0%
Pad                    0.00e+00   0.00e+00   0.00e+00   0.00e+00   0.0%
----------------------------------------------------------------
Total                  2.99e-03   1.19e-03   8.83e-08   4.18e-03 100.0%
                          71.5%      28.5%       0.0%
