
==========================================================================
cts final report_tns
--------------------------------------------------------------------------
tns max -6.87

==========================================================================
cts final report_wns
--------------------------------------------------------------------------
wns max -0.24

==========================================================================
cts final report_worst_slack
--------------------------------------------------------------------------
worst slack max -0.24

==========================================================================
cts final report_clock_min_period
--------------------------------------------------------------------------
core_clock period_min = 1.64 fmax = 608.62
vclk_core_clock period_min = 0.00 fmax = inf

==========================================================================
cts final report_clock_skew
--------------------------------------------------------------------------
Clock core_clock
   0.24 source latency dpath.a_reg.out[12]$_DFFE_PP_/CLK ^
  -0.23 target latency dpath.b_reg.out[11]$_DFFE_PP_/CLK ^
   0.00 CRPR
--------------
   0.01 setup skew

Clock vclk_core_clock
No launch/capture paths found.


==========================================================================
cts final report_checks -path_delay min
--------------------------------------------------------------------------
Startpoint: ctrl.state.out[0]$_DFF_P_
            (rising edge-triggered flip-flop clocked by core_clock)
Endpoint: dpath.b_reg.out[13]$_DFFE_PP_
          (rising edge-triggered flip-flop clocked by core_clock)
Path Group: core_clock
Path Type: min

Fanout     Cap    Slew   Delay    Time   Description
-----------------------------------------------------------------------------
                          0.00    0.00   clock core_clock (rise edge)
                          0.00    0.00   clock source latency
     1    0.01    0.00    0.00    0.00 ^ clk (in)
                                         clk (net)
                  0.00    0.00    0.00 ^ clkbuf_0_clk/A (sky130_fd_sc_hs__clkbuf_8)
     4    0.03    0.05    0.10    0.10 ^ clkbuf_0_clk/X (sky130_fd_sc_hs__clkbuf_8)
                                         clknet_0_clk (net)
                  0.05    0.00    0.10 ^ clkbuf_2_0__f_clk/A (sky130_fd_sc_hs__clkbuf_8)
    10    0.05    0.07    0.13    0.23 ^ clkbuf_2_0__f_clk/X (sky130_fd_sc_hs__clkbuf_8)
                                         clknet_2_0__leaf_clk (net)
                  0.07    0.00    0.23 ^ ctrl.state.out[0]$_DFF_P_/CLK (sky130_fd_sc_hs__dfxtp_1)
     3    0.01    0.10    0.24    0.47 ^ ctrl.state.out[0]$_DFF_P_/Q (sky130_fd_sc_hs__dfxtp_1)
                                         net36 (net)
                  0.10    0.00    0.47 ^ _341_/A (sky130_fd_sc_hs__inv_2)
     4    0.02    0.05    0.07    0.54 v _341_/Y (sky130_fd_sc_hs__inv_2)
                                         _039_ (net)
                  0.05    0.00    0.54 v _640_/B1 (sky130_fd_sc_hs__o21ai_4)
     8    0.03    0.14    0.13    0.67 ^ _640_/Y (sky130_fd_sc_hs__o21ai_4)
                                         ctrl$b_reg_en[0] (net)
                  0.14    0.00    0.67 ^ dpath.b_reg.out[13]$_DFFE_PP_/DE (sky130_fd_sc_hs__edfxtp_1)
                                  0.67   data arrival time

                          0.00    0.00   clock core_clock (rise edge)
                          0.00    0.00   clock source latency
     1    0.01    0.00    0.00    0.00 ^ clk (in)
                                         clk (net)
                  0.00    0.00    0.00 ^ clkbuf_0_clk/A (sky130_fd_sc_hs__clkbuf_8)
     4    0.03    0.05    0.10    0.10 ^ clkbuf_0_clk/X (sky130_fd_sc_hs__clkbuf_8)
                                         clknet_0_clk (net)
                  0.05    0.00    0.10 ^ clkbuf_2_3__f_clk/A (sky130_fd_sc_hs__clkbuf_8)
     7    0.05    0.07    0.13    0.24 ^ clkbuf_2_3__f_clk/X (sky130_fd_sc_hs__clkbuf_8)
                                         clknet_2_3__leaf_clk (net)
                  0.07    0.00    0.24 ^ dpath.b_reg.out[13]$_DFFE_PP_/CLK (sky130_fd_sc_hs__edfxtp_1)
                          0.00    0.24   clock reconvergence pessimism
                          0.25    0.49   library hold time
                                  0.49   data required time
-----------------------------------------------------------------------------
                                  0.49   data required time
                                 -0.67   data arrival time
-----------------------------------------------------------------------------
                                  0.17   slack (MET)


Startpoint: ctrl.state.out[2]$_DFF_P_
            (rising edge-triggered flip-flop clocked by core_clock)
Endpoint: resp_val (output port clocked by vclk_core_clock)
Path Group: vclk_core_clock
Path Type: min

Fanout     Cap    Slew   Delay    Time   Description
-----------------------------------------------------------------------------
                          0.00    0.00   clock core_clock (rise edge)
                          0.00    0.00   clock source latency
     1    0.01    0.00    0.00    0.00 ^ clk (in)
                                         clk (net)
                  0.00    0.00    0.00 ^ clkbuf_0_clk/A (sky130_fd_sc_hs__clkbuf_8)
     4    0.03    0.05    0.10    0.10 ^ clkbuf_0_clk/X (sky130_fd_sc_hs__clkbuf_8)
                                         clknet_0_clk (net)
                  0.05    0.00    0.10 ^ clkbuf_2_0__f_clk/A (sky130_fd_sc_hs__clkbuf_8)
    10    0.05    0.07    0.13    0.23 ^ clkbuf_2_0__f_clk/X (sky130_fd_sc_hs__clkbuf_8)
                                         clknet_2_0__leaf_clk (net)
                  0.07    0.00    0.23 ^ ctrl.state.out[2]$_DFF_P_/CLK (sky130_fd_sc_hs__dfxtp_1)
     2    0.01    0.06    0.21    0.44 ^ ctrl.state.out[2]$_DFF_P_/Q (sky130_fd_sc_hs__dfxtp_1)
                                         ctrl.state.out[2] (net)
                  0.06    0.00    0.44 ^ _627_/B (sky130_fd_sc_hs__nor3b_1)
     2    0.01    0.04    0.05    0.50 v _627_/Y (sky130_fd_sc_hs__nor3b_1)
                                         net53 (net)
                  0.04    0.00    0.50 v output53/A (sky130_fd_sc_hs__buf_1)
     1    0.00    0.01    0.06    0.56 v output53/X (sky130_fd_sc_hs__buf_1)
                                         resp_val (net)
                  0.01    0.00    0.56 v resp_val (out)
                                  0.56   data arrival time

                  0.00    0.00    0.00   clock vclk_core_clock (rise edge)
                          0.23    0.23   clock network delay (ideal)
                          0.00    0.23   clock reconvergence pessimism
                         -0.28   -0.05   output external delay
                                 -0.05   data required time
-----------------------------------------------------------------------------
                                 -0.05   data required time
                                 -0.56   data arrival time
-----------------------------------------------------------------------------
                                  0.60   slack (MET)



==========================================================================
cts final report_checks -path_delay max
--------------------------------------------------------------------------
Startpoint: dpath.a_reg.out[6]$_DFFE_PP_
            (rising edge-triggered flip-flop clocked by core_clock)
Endpoint: dpath.b_reg.out[13]$_DFFE_PP_
          (rising edge-triggered flip-flop clocked by core_clock)
Path Group: core_clock
Path Type: max

Fanout     Cap    Slew   Delay    Time   Description
-----------------------------------------------------------------------------
                          0.00    0.00   clock core_clock (rise edge)
                          0.00    0.00   clock source latency
     1    0.01    0.00    0.00    0.00 ^ clk (in)
                                         clk (net)
                  0.00    0.00    0.00 ^ clkbuf_0_clk/A (sky130_fd_sc_hs__clkbuf_8)
     4    0.03    0.05    0.10    0.10 ^ clkbuf_0_clk/X (sky130_fd_sc_hs__clkbuf_8)
                                         clknet_0_clk (net)
                  0.05    0.00    0.10 ^ clkbuf_2_1__f_clk/A (sky130_fd_sc_hs__clkbuf_8)
    12    0.05    0.07    0.13    0.23 ^ clkbuf_2_1__f_clk/X (sky130_fd_sc_hs__clkbuf_8)
                                         clknet_2_1__leaf_clk (net)
                  0.07    0.00    0.23 ^ dpath.a_reg.out[6]$_DFFE_PP_/CLK (sky130_fd_sc_hs__edfxtp_1)
     3    0.02    0.09    0.24    0.47 v dpath.a_reg.out[6]$_DFFE_PP_/Q (sky130_fd_sc_hs__edfxtp_1)
                                         dpath.a_lt_b$in0[6] (net)
                  0.09    0.00    0.47 v _376_/A (sky130_fd_sc_hs__xnor2_2)
     2    0.01    0.14    0.16    0.63 ^ _376_/Y (sky130_fd_sc_hs__xnor2_2)
                                         _059_ (net)
                  0.14    0.00    0.63 ^ _438_/A (sky130_fd_sc_hs__nand2_2)
     3    0.02    0.09    0.10    0.73 v _438_/Y (sky130_fd_sc_hs__nand2_2)
                                         _120_ (net)
                  0.09    0.00    0.73 v _440_/A (sky130_fd_sc_hs__nor2_4)
     2    0.01    0.07    0.10    0.84 ^ _440_/Y (sky130_fd_sc_hs__nor2_4)
                                         _122_ (net)
                  0.07    0.00    0.84 ^ _441_/A (sky130_fd_sc_hs__nand2_2)
     2    0.01    0.04    0.05    0.89 v _441_/Y (sky130_fd_sc_hs__nand2_2)
                                         _123_ (net)
                  0.04    0.00    0.89 v _450_/B (sky130_fd_sc_hs__nand2_2)
     2    0.02    0.09    0.09    0.98 ^ _450_/Y (sky130_fd_sc_hs__nand2_2)
                                         _132_ (net)
                  0.09    0.00    0.98 ^ _458_/B (sky130_fd_sc_hs__nand2_8)
     2    0.02    0.04    0.05    1.03 v _458_/Y (sky130_fd_sc_hs__nand2_8)
                                         _140_ (net)
                  0.04    0.00    1.03 v _581_/B (sky130_fd_sc_hs__nand2_8)
     3    0.03    0.08    0.09    1.12 ^ _581_/Y (sky130_fd_sc_hs__nand2_8)
                                         _251_ (net)
                  0.08    0.00    1.12 ^ _640_/A2 (sky130_fd_sc_hs__o21ai_4)
     8    0.03    0.08    0.07    1.19 v _640_/Y (sky130_fd_sc_hs__o21ai_4)
                                         ctrl$b_reg_en[0] (net)
                  0.08    0.00    1.19 v dpath.b_reg.out[13]$_DFFE_PP_/DE (sky130_fd_sc_hs__edfxtp_1)
                                  1.19   data arrival time

                          1.40    1.40   clock core_clock (rise edge)
                          0.00    1.40   clock source latency
     1    0.01    0.00    0.00    1.40 ^ clk (in)
                                         clk (net)
                  0.00    0.00    1.40 ^ clkbuf_0_clk/A (sky130_fd_sc_hs__clkbuf_8)
     4    0.03    0.05    0.10    1.50 ^ clkbuf_0_clk/X (sky130_fd_sc_hs__clkbuf_8)
                                         clknet_0_clk (net)
                  0.05    0.00    1.50 ^ clkbuf_2_3__f_clk/A (sky130_fd_sc_hs__clkbuf_8)
     7    0.05    0.07    0.13    1.64 ^ clkbuf_2_3__f_clk/X (sky130_fd_sc_hs__clkbuf_8)
                                         clknet_2_3__leaf_clk (net)
                  0.07    0.00    1.64 ^ dpath.b_reg.out[13]$_DFFE_PP_/CLK (sky130_fd_sc_hs__edfxtp_1)
                          0.00    1.64   clock reconvergence pessimism
                         -0.69    0.95   library setup time
                                  0.95   data required time
-----------------------------------------------------------------------------
                                  0.95   data required time
                                 -1.19   data arrival time
-----------------------------------------------------------------------------
                                 -0.24   slack (VIOLATED)


Startpoint: dpath.b_reg.out[3]$_DFFE_PP_
            (rising edge-triggered flip-flop clocked by core_clock)
Endpoint: resp_msg[8] (output port clocked by vclk_core_clock)
Path Group: vclk_core_clock
Path Type: max

Fanout     Cap    Slew   Delay    Time   Description
-----------------------------------------------------------------------------
                          0.00    0.00   clock core_clock (rise edge)
                          0.00    0.00   clock source latency
     1    0.01    0.00    0.00    0.00 ^ clk (in)
                                         clk (net)
                  0.00    0.00    0.00 ^ clkbuf_0_clk/A (sky130_fd_sc_hs__clkbuf_8)
     4    0.03    0.05    0.10    0.10 ^ clkbuf_0_clk/X (sky130_fd_sc_hs__clkbuf_8)
                                         clknet_0_clk (net)
                  0.05    0.00    0.10 ^ clkbuf_2_1__f_clk/A (sky130_fd_sc_hs__clkbuf_8)
    12    0.05    0.07    0.13    0.23 ^ clkbuf_2_1__f_clk/X (sky130_fd_sc_hs__clkbuf_8)
                                         clknet_2_1__leaf_clk (net)
                  0.07    0.00    0.24 ^ dpath.b_reg.out[3]$_DFFE_PP_/CLK (sky130_fd_sc_hs__edfxtp_1)
     3    0.01    0.08    0.22    0.45 ^ dpath.b_reg.out[3]$_DFFE_PP_/Q (sky130_fd_sc_hs__edfxtp_1)
                                         dpath.a_lt_b$in1[3] (net)
                  0.08    0.00    0.45 ^ _311_/A_N (sky130_fd_sc_hs__nand2b_2)
     4    0.02    0.09    0.13    0.58 ^ _311_/Y (sky130_fd_sc_hs__nand2b_2)
                                         _015_ (net)
                  0.09    0.00    0.58 ^ place239/A (sky130_fd_sc_hs__buf_1)
     1    0.00    0.04    0.08    0.67 ^ place239/X (sky130_fd_sc_hs__buf_1)
                                         net239 (net)
                  0.04    0.00    0.67 ^ _331_/B1_N (sky130_fd_sc_hs__a21boi_4)
     2    0.01    0.10    0.14    0.81 ^ _331_/Y (sky130_fd_sc_hs__a21boi_4)
                                         _034_ (net)
                  0.10    0.00    0.81 ^ _332_/B (sky130_fd_sc_hs__nand2_2)
     2    0.01    0.04    0.06    0.87 v _332_/Y (sky130_fd_sc_hs__nand2_2)
                                         _035_ (net)
                  0.04    0.00    0.87 v _441_/B (sky130_fd_sc_hs__nand2_2)
     2    0.01    0.05    0.06    0.93 ^ _441_/Y (sky130_fd_sc_hs__nand2_2)
                                         _123_ (net)
                  0.05    0.00    0.93 ^ _450_/B (sky130_fd_sc_hs__nand2_2)
     2    0.02    0.07    0.07    1.00 v _450_/Y (sky130_fd_sc_hs__nand2_2)
                                         _132_ (net)
                  0.07    0.00    1.00 v rebuffer412/A (sky130_fd_sc_hs__buf_1)
     1    0.00    0.02    0.08    1.09 v rebuffer412/X (sky130_fd_sc_hs__buf_1)
                                         net412 (net)
                  0.02    0.00    1.09 v rebuffer400/A (sky130_fd_sc_hs__buf_1)
     1    0.00    0.02    0.06    1.15 v rebuffer400/X (sky130_fd_sc_hs__buf_1)
                                         net400 (net)
                  0.02    0.00    1.15 v rebuffer399/A (sky130_fd_sc_hs__buf_1)
     1    0.00    0.02    0.07    1.22 v rebuffer399/X (sky130_fd_sc_hs__buf_1)
                                         net399 (net)
                  0.02    0.00    1.22 v _582_/A (sky130_fd_sc_hs__nand2_1)
     1    0.01    0.05    0.05    1.27 ^ _582_/Y (sky130_fd_sc_hs__nand2_1)
                                         _252_ (net)
                  0.05    0.00    1.27 ^ _584_/A (sky130_fd_sc_hs__nand2_2)
     2    0.02    0.05    0.06    1.33 v _584_/Y (sky130_fd_sc_hs__nand2_2)
                                         net51 (net)
                  0.05    0.00    1.33 v place165/A (sky130_fd_sc_hs__buf_1)
     1    0.00    0.02    0.07    1.40 v place165/X (sky130_fd_sc_hs__buf_1)
                                         net165 (net)
                  0.02    0.00    1.40 v output51/A (sky130_fd_sc_hs__buf_1)
     1    0.00    0.01    0.05    1.46 v output51/X (sky130_fd_sc_hs__buf_1)
                                         resp_msg[8] (net)
                  0.01    0.00    1.46 v resp_msg[8] (out)
                                  1.46   data arrival time

                  0.00    1.40    1.40   clock vclk_core_clock (rise edge)
                          0.23    1.64   clock network delay (ideal)
                          0.00    1.64   clock reconvergence pessimism
                         -0.28    1.36   output external delay
                                  1.36   data required time
-----------------------------------------------------------------------------
                                  1.36   data required time
                                 -1.46   data arrival time
-----------------------------------------------------------------------------
                                 -0.10   slack (VIOLATED)



==========================================================================
cts final report_checks -unconstrained
--------------------------------------------------------------------------
Startpoint: dpath.a_reg.out[6]$_DFFE_PP_
            (rising edge-triggered flip-flop clocked by core_clock)
Endpoint: dpath.b_reg.out[13]$_DFFE_PP_
          (rising edge-triggered flip-flop clocked by core_clock)
Path Group: core_clock
Path Type: max

Fanout     Cap    Slew   Delay    Time   Description
-----------------------------------------------------------------------------
                          0.00    0.00   clock core_clock (rise edge)
                          0.00    0.00   clock source latency
     1    0.01    0.00    0.00    0.00 ^ clk (in)
                                         clk (net)
                  0.00    0.00    0.00 ^ clkbuf_0_clk/A (sky130_fd_sc_hs__clkbuf_8)
     4    0.03    0.05    0.10    0.10 ^ clkbuf_0_clk/X (sky130_fd_sc_hs__clkbuf_8)
                                         clknet_0_clk (net)
                  0.05    0.00    0.10 ^ clkbuf_2_1__f_clk/A (sky130_fd_sc_hs__clkbuf_8)
    12    0.05    0.07    0.13    0.23 ^ clkbuf_2_1__f_clk/X (sky130_fd_sc_hs__clkbuf_8)
                                         clknet_2_1__leaf_clk (net)
                  0.07    0.00    0.23 ^ dpath.a_reg.out[6]$_DFFE_PP_/CLK (sky130_fd_sc_hs__edfxtp_1)
     3    0.02    0.09    0.24    0.47 v dpath.a_reg.out[6]$_DFFE_PP_/Q (sky130_fd_sc_hs__edfxtp_1)
                                         dpath.a_lt_b$in0[6] (net)
                  0.09    0.00    0.47 v _376_/A (sky130_fd_sc_hs__xnor2_2)
     2    0.01    0.14    0.16    0.63 ^ _376_/Y (sky130_fd_sc_hs__xnor2_2)
                                         _059_ (net)
                  0.14    0.00    0.63 ^ _438_/A (sky130_fd_sc_hs__nand2_2)
     3    0.02    0.09    0.10    0.73 v _438_/Y (sky130_fd_sc_hs__nand2_2)
                                         _120_ (net)
                  0.09    0.00    0.73 v _440_/A (sky130_fd_sc_hs__nor2_4)
     2    0.01    0.07    0.10    0.84 ^ _440_/Y (sky130_fd_sc_hs__nor2_4)
                                         _122_ (net)
                  0.07    0.00    0.84 ^ _441_/A (sky130_fd_sc_hs__nand2_2)
     2    0.01    0.04    0.05    0.89 v _441_/Y (sky130_fd_sc_hs__nand2_2)
                                         _123_ (net)
                  0.04    0.00    0.89 v _450_/B (sky130_fd_sc_hs__nand2_2)
     2    0.02    0.09    0.09    0.98 ^ _450_/Y (sky130_fd_sc_hs__nand2_2)
                                         _132_ (net)
                  0.09    0.00    0.98 ^ _458_/B (sky130_fd_sc_hs__nand2_8)
     2    0.02    0.04    0.05    1.03 v _458_/Y (sky130_fd_sc_hs__nand2_8)
                                         _140_ (net)
                  0.04    0.00    1.03 v _581_/B (sky130_fd_sc_hs__nand2_8)
     3    0.03    0.08    0.09    1.12 ^ _581_/Y (sky130_fd_sc_hs__nand2_8)
                                         _251_ (net)
                  0.08    0.00    1.12 ^ _640_/A2 (sky130_fd_sc_hs__o21ai_4)
     8    0.03    0.08    0.07    1.19 v _640_/Y (sky130_fd_sc_hs__o21ai_4)
                                         ctrl$b_reg_en[0] (net)
                  0.08    0.00    1.19 v dpath.b_reg.out[13]$_DFFE_PP_/DE (sky130_fd_sc_hs__edfxtp_1)
                                  1.19   data arrival time

                          1.40    1.40   clock core_clock (rise edge)
                          0.00    1.40   clock source latency
     1    0.01    0.00    0.00    1.40 ^ clk (in)
                                         clk (net)
                  0.00    0.00    1.40 ^ clkbuf_0_clk/A (sky130_fd_sc_hs__clkbuf_8)
     4    0.03    0.05    0.10    1.50 ^ clkbuf_0_clk/X (sky130_fd_sc_hs__clkbuf_8)
                                         clknet_0_clk (net)
                  0.05    0.00    1.50 ^ clkbuf_2_3__f_clk/A (sky130_fd_sc_hs__clkbuf_8)
     7    0.05    0.07    0.13    1.64 ^ clkbuf_2_3__f_clk/X (sky130_fd_sc_hs__clkbuf_8)
                                         clknet_2_3__leaf_clk (net)
                  0.07    0.00    1.64 ^ dpath.b_reg.out[13]$_DFFE_PP_/CLK (sky130_fd_sc_hs__edfxtp_1)
                          0.00    1.64   clock reconvergence pessimism
                         -0.69    0.95   library setup time
                                  0.95   data required time
-----------------------------------------------------------------------------
                                  0.95   data required time
                                 -1.19   data arrival time
-----------------------------------------------------------------------------
                                 -0.24   slack (VIOLATED)


Startpoint: dpath.b_reg.out[3]$_DFFE_PP_
            (rising edge-triggered flip-flop clocked by core_clock)
Endpoint: resp_msg[8] (output port clocked by vclk_core_clock)
Path Group: vclk_core_clock
Path Type: max

Fanout     Cap    Slew   Delay    Time   Description
-----------------------------------------------------------------------------
                          0.00    0.00   clock core_clock (rise edge)
                          0.00    0.00   clock source latency
     1    0.01    0.00    0.00    0.00 ^ clk (in)
                                         clk (net)
                  0.00    0.00    0.00 ^ clkbuf_0_clk/A (sky130_fd_sc_hs__clkbuf_8)
     4    0.03    0.05    0.10    0.10 ^ clkbuf_0_clk/X (sky130_fd_sc_hs__clkbuf_8)
                                         clknet_0_clk (net)
                  0.05    0.00    0.10 ^ clkbuf_2_1__f_clk/A (sky130_fd_sc_hs__clkbuf_8)
    12    0.05    0.07    0.13    0.23 ^ clkbuf_2_1__f_clk/X (sky130_fd_sc_hs__clkbuf_8)
                                         clknet_2_1__leaf_clk (net)
                  0.07    0.00    0.24 ^ dpath.b_reg.out[3]$_DFFE_PP_/CLK (sky130_fd_sc_hs__edfxtp_1)
     3    0.01    0.08    0.22    0.45 ^ dpath.b_reg.out[3]$_DFFE_PP_/Q (sky130_fd_sc_hs__edfxtp_1)
                                         dpath.a_lt_b$in1[3] (net)
                  0.08    0.00    0.45 ^ _311_/A_N (sky130_fd_sc_hs__nand2b_2)
     4    0.02    0.09    0.13    0.58 ^ _311_/Y (sky130_fd_sc_hs__nand2b_2)
                                         _015_ (net)
                  0.09    0.00    0.58 ^ place239/A (sky130_fd_sc_hs__buf_1)
     1    0.00    0.04    0.08    0.67 ^ place239/X (sky130_fd_sc_hs__buf_1)
                                         net239 (net)
                  0.04    0.00    0.67 ^ _331_/B1_N (sky130_fd_sc_hs__a21boi_4)
     2    0.01    0.10    0.14    0.81 ^ _331_/Y (sky130_fd_sc_hs__a21boi_4)
                                         _034_ (net)
                  0.10    0.00    0.81 ^ _332_/B (sky130_fd_sc_hs__nand2_2)
     2    0.01    0.04    0.06    0.87 v _332_/Y (sky130_fd_sc_hs__nand2_2)
                                         _035_ (net)
                  0.04    0.00    0.87 v _441_/B (sky130_fd_sc_hs__nand2_2)
     2    0.01    0.05    0.06    0.93 ^ _441_/Y (sky130_fd_sc_hs__nand2_2)
                                         _123_ (net)
                  0.05    0.00    0.93 ^ _450_/B (sky130_fd_sc_hs__nand2_2)
     2    0.02    0.07    0.07    1.00 v _450_/Y (sky130_fd_sc_hs__nand2_2)
                                         _132_ (net)
                  0.07    0.00    1.00 v rebuffer412/A (sky130_fd_sc_hs__buf_1)
     1    0.00    0.02    0.08    1.09 v rebuffer412/X (sky130_fd_sc_hs__buf_1)
                                         net412 (net)
                  0.02    0.00    1.09 v rebuffer400/A (sky130_fd_sc_hs__buf_1)
     1    0.00    0.02    0.06    1.15 v rebuffer400/X (sky130_fd_sc_hs__buf_1)
                                         net400 (net)
                  0.02    0.00    1.15 v rebuffer399/A (sky130_fd_sc_hs__buf_1)
     1    0.00    0.02    0.07    1.22 v rebuffer399/X (sky130_fd_sc_hs__buf_1)
                                         net399 (net)
                  0.02    0.00    1.22 v _582_/A (sky130_fd_sc_hs__nand2_1)
     1    0.01    0.05    0.05    1.27 ^ _582_/Y (sky130_fd_sc_hs__nand2_1)
                                         _252_ (net)
                  0.05    0.00    1.27 ^ _584_/A (sky130_fd_sc_hs__nand2_2)
     2    0.02    0.05    0.06    1.33 v _584_/Y (sky130_fd_sc_hs__nand2_2)
                                         net51 (net)
                  0.05    0.00    1.33 v place165/A (sky130_fd_sc_hs__buf_1)
     1    0.00    0.02    0.07    1.40 v place165/X (sky130_fd_sc_hs__buf_1)
                                         net165 (net)
                  0.02    0.00    1.40 v output51/A (sky130_fd_sc_hs__buf_1)
     1    0.00    0.01    0.05    1.46 v output51/X (sky130_fd_sc_hs__buf_1)
                                         resp_msg[8] (net)
                  0.01    0.00    1.46 v resp_msg[8] (out)
                                  1.46   data arrival time

                  0.00    1.40    1.40   clock vclk_core_clock (rise edge)
                          0.23    1.64   clock network delay (ideal)
                          0.00    1.64   clock reconvergence pessimism
                         -0.28    1.36   output external delay
                                  1.36   data required time
-----------------------------------------------------------------------------
                                  1.36   data required time
                                 -1.46   data arrival time
-----------------------------------------------------------------------------
                                 -0.10   slack (VIOLATED)



==========================================================================
cts final report_check_types -max_slew -max_cap -max_fanout -violators
--------------------------------------------------------------------------

==========================================================================
cts final max_slew_check_slack
--------------------------------------------------------------------------
0.6447127461433411

==========================================================================
cts final max_slew_check_limit
--------------------------------------------------------------------------
1.0

==========================================================================
cts final max_slew_check_slack_limit
--------------------------------------------------------------------------
0.6447

==========================================================================
cts final max_fanout_check_slack
--------------------------------------------------------------------------
1.0000000150474662e+30

==========================================================================
cts final max_fanout_check_limit
--------------------------------------------------------------------------
1.0000000150474662e+30

==========================================================================
cts final max_capacitance_check_slack
--------------------------------------------------------------------------
0.02652106061577797

==========================================================================
cts final max_capacitance_check_limit
--------------------------------------------------------------------------
0.034299999475479126

==========================================================================
cts final max_capacitance_check_slack_limit
--------------------------------------------------------------------------
0.7732

==========================================================================
cts final max_slew_violation_count
--------------------------------------------------------------------------
max slew violation count 0

==========================================================================
cts final max_fanout_violation_count
--------------------------------------------------------------------------
max fanout violation count 0

==========================================================================
cts final max_cap_violation_count
--------------------------------------------------------------------------
max cap violation count 0

==========================================================================
cts final setup_violation_count
--------------------------------------------------------------------------
setup violation count 42

==========================================================================
cts final hold_violation_count
--------------------------------------------------------------------------
hold violation count 0

==========================================================================
cts final report_checks -path_delay max reg to reg
--------------------------------------------------------------------------
Startpoint: dpath.a_reg.out[6]$_DFFE_PP_
            (rising edge-triggered flip-flop clocked by core_clock)
Endpoint: dpath.b_reg.out[13]$_DFFE_PP_
          (rising edge-triggered flip-flop clocked by core_clock)
Path Group: core_clock
Path Type: max

  Delay    Time   Description
---------------------------------------------------------
   0.00    0.00   clock core_clock (rise edge)
   0.00    0.00   clock source latency
   0.00    0.00 ^ clk (in)
   0.10    0.10 ^ clkbuf_0_clk/X (sky130_fd_sc_hs__clkbuf_8)
   0.13    0.23 ^ clkbuf_2_1__f_clk/X (sky130_fd_sc_hs__clkbuf_8)
   0.00    0.23 ^ dpath.a_reg.out[6]$_DFFE_PP_/CLK (sky130_fd_sc_hs__edfxtp_1)
   0.24    0.47 v dpath.a_reg.out[6]$_DFFE_PP_/Q (sky130_fd_sc_hs__edfxtp_1)
   0.16    0.63 ^ _376_/Y (sky130_fd_sc_hs__xnor2_2)
   0.10    0.73 v _438_/Y (sky130_fd_sc_hs__nand2_2)
   0.10    0.84 ^ _440_/Y (sky130_fd_sc_hs__nor2_4)
   0.05    0.89 v _441_/Y (sky130_fd_sc_hs__nand2_2)
   0.09    0.98 ^ _450_/Y (sky130_fd_sc_hs__nand2_2)
   0.05    1.03 v _458_/Y (sky130_fd_sc_hs__nand2_8)
   0.09    1.12 ^ _581_/Y (sky130_fd_sc_hs__nand2_8)
   0.07    1.19 v _640_/Y (sky130_fd_sc_hs__o21ai_4)
   0.00    1.19 v dpath.b_reg.out[13]$_DFFE_PP_/DE (sky130_fd_sc_hs__edfxtp_1)
           1.19   data arrival time

   1.40    1.40   clock core_clock (rise edge)
   0.00    1.40   clock source latency
   0.00    1.40 ^ clk (in)
   0.10    1.50 ^ clkbuf_0_clk/X (sky130_fd_sc_hs__clkbuf_8)
   0.13    1.64 ^ clkbuf_2_3__f_clk/X (sky130_fd_sc_hs__clkbuf_8)
   0.00    1.64 ^ dpath.b_reg.out[13]$_DFFE_PP_/CLK (sky130_fd_sc_hs__edfxtp_1)
   0.00    1.64   clock reconvergence pessimism
  -0.69    0.95   library setup time
           0.95   data required time
---------------------------------------------------------
           0.95   data required time
          -1.19   data arrival time
---------------------------------------------------------
          -0.24   slack (VIOLATED)



==========================================================================
cts final report_checks -path_delay min reg to reg
--------------------------------------------------------------------------
Startpoint: ctrl.state.out[0]$_DFF_P_
            (rising edge-triggered flip-flop clocked by core_clock)
Endpoint: dpath.b_reg.out[13]$_DFFE_PP_
          (rising edge-triggered flip-flop clocked by core_clock)
Path Group: core_clock
Path Type: min

  Delay    Time   Description
---------------------------------------------------------
   0.00    0.00   clock core_clock (rise edge)
   0.00    0.00   clock source latency
   0.00    0.00 ^ clk (in)
   0.10    0.10 ^ clkbuf_0_clk/X (sky130_fd_sc_hs__clkbuf_8)
   0.13    0.23 ^ clkbuf_2_0__f_clk/X (sky130_fd_sc_hs__clkbuf_8)
   0.00    0.23 ^ ctrl.state.out[0]$_DFF_P_/CLK (sky130_fd_sc_hs__dfxtp_1)
   0.24    0.47 ^ ctrl.state.out[0]$_DFF_P_/Q (sky130_fd_sc_hs__dfxtp_1)
   0.07    0.54 v _341_/Y (sky130_fd_sc_hs__inv_2)
   0.13    0.67 ^ _640_/Y (sky130_fd_sc_hs__o21ai_4)
   0.00    0.67 ^ dpath.b_reg.out[13]$_DFFE_PP_/DE (sky130_fd_sc_hs__edfxtp_1)
           0.67   data arrival time

   0.00    0.00   clock core_clock (rise edge)
   0.00    0.00   clock source latency
   0.00    0.00 ^ clk (in)
   0.10    0.10 ^ clkbuf_0_clk/X (sky130_fd_sc_hs__clkbuf_8)
   0.13    0.24 ^ clkbuf_2_3__f_clk/X (sky130_fd_sc_hs__clkbuf_8)
   0.00    0.24 ^ dpath.b_reg.out[13]$_DFFE_PP_/CLK (sky130_fd_sc_hs__edfxtp_1)
   0.00    0.24   clock reconvergence pessimism
   0.25    0.49   library hold time
           0.49   data required time
---------------------------------------------------------
           0.49   data required time
          -0.67   data arrival time
---------------------------------------------------------
           0.17   slack (MET)



==========================================================================
cts final critical path target clock latency max path
--------------------------------------------------------------------------
0.2341

==========================================================================
cts final critical path target clock latency min path
--------------------------------------------------------------------------
0.2342

==========================================================================
cts final critical path source clock latency min path
--------------------------------------------------------------------------
0.2350

==========================================================================
cts final critical path delay
--------------------------------------------------------------------------
1.1925

==========================================================================
cts final critical path slack
--------------------------------------------------------------------------
-0.2431

==========================================================================
cts final slack div critical path delay
--------------------------------------------------------------------------
-20.385744

==========================================================================
cts final report_power
--------------------------------------------------------------------------
Group                  Internal  Switching    Leakage      Total
                          Power      Power      Power      Power (Watts)
----------------------------------------------------------------
Sequential             1.62e-03   1.44e-04   4.70e-08   1.76e-03  24.3%
Combinational          2.69e-03   1.62e-03   6.06e-08   4.31e-03  59.4%
Clock                  6.79e-04   5.07e-04   1.14e-09   1.19e-03  16.3%
Macro                  0.00e+00   0.00e+00   0.00e+00   0.00e+00   0.0%
Pad                    0.00e+00   0.00e+00   0.00e+00   0.00e+00   0.0%
----------------------------------------------------------------
Total                  4.99e-03   2.27e-03   1.09e-07   7.26e-03 100.0%
                          68.7%      31.3%       0.0%
