
==========================================================================
finish report_tns
--------------------------------------------------------------------------
tns max 0.00

==========================================================================
finish report_wns
--------------------------------------------------------------------------
wns max 0.00

==========================================================================
finish report_worst_slack
--------------------------------------------------------------------------
worst slack max 0.45

==========================================================================
finish report_clock_min_period
--------------------------------------------------------------------------
core_clock period_min = 13.30 fmax = 75.19
vclk period_min = 0.00 fmax = inf

==========================================================================
finish report_clock_skew
--------------------------------------------------------------------------
Clock core_clock
   0.96 source latency W[546]$_DFFE_PN0P_/CLK ^
  -0.91 target latency W[826]$_DFFE_PN0P_/CLK ^
   0.00 CRPR
--------------
   0.05 setup skew

Clock vclk
No launch/capture paths found.


==========================================================================
finish report_checks -path_delay min
--------------------------------------------------------------------------
Startpoint: rst_n (input port clocked by vclk)
Endpoint: W[740]$_DFFE_PN0P_
          (removal check against rising-edge clock core_clock)
Path Group: asynchronous
Path Type: min

Fanout     Cap    Slew   Delay    Time   Description
-----------------------------------------------------------------------------
                  0.00    0.00    0.00   clock vclk (rise edge)
                          0.00    0.00   clock network delay (ideal)
                          2.75    2.75 ^ input external delay
     1    0.02    0.00    0.00    2.75 ^ rst_n (in)
                                         rst_n (net)
                  0.00    0.00    2.75 ^ input514/A (sky130_fd_sc_hd__buf_16)
    94    0.54    0.55    0.36    3.11 ^ input514/X (sky130_fd_sc_hd__buf_16)
                                         net513 (net)
                  0.55    0.03    3.14 ^ W[740]$_DFFE_PN0P_/RESET_B (sky130_fd_sc_hd__dfrtp_1)
                                  3.14   data arrival time

                          0.00    0.00   clock core_clock (rise edge)
                          0.00    0.00   clock source latency
     2    0.11    0.00    0.00    0.00 ^ clk (in)
                                         clk (net)
                  0.01    0.00    0.00 ^ clkbuf_0_clk/A (sky130_fd_sc_hd__clkbuf_16)
     4    0.17    0.19    0.22    0.23 ^ clkbuf_0_clk/X (sky130_fd_sc_hd__clkbuf_16)
                                         clknet_0_clk (net)
                  0.19    0.01    0.23 ^ clkbuf_2_2_0_clk/A (sky130_fd_sc_hd__clkbuf_16)
     8    0.17    0.18    0.28    0.51 ^ clkbuf_2_2_0_clk/X (sky130_fd_sc_hd__clkbuf_16)
                                         clknet_2_2_0_clk (net)
                  0.18    0.00    0.52 ^ clkbuf_5_21__f_clk/A (sky130_fd_sc_hd__clkbuf_16)
     9    0.12    0.13    0.24    0.76 ^ clkbuf_5_21__f_clk/X (sky130_fd_sc_hd__clkbuf_16)
                                         clknet_5_21__leaf_clk (net)
                  0.13    0.00    0.76 ^ clkbuf_leaf_192_clk/A (sky130_fd_sc_hd__clkbuf_16)
     9    0.03    0.05    0.17    0.93 ^ clkbuf_leaf_192_clk/X (sky130_fd_sc_hd__clkbuf_16)
                                         clknet_leaf_192_clk (net)
                  0.05    0.00    0.93 ^ W[740]$_DFFE_PN0P_/CLK (sky130_fd_sc_hd__dfrtp_1)
                          0.00    0.93   clock reconvergence pessimism
                          0.46    1.40   library removal time
                                  1.40   data required time
-----------------------------------------------------------------------------
                                  1.40   data required time
                                 -3.14   data arrival time
-----------------------------------------------------------------------------
                                  1.75   slack (MET)


Startpoint: digest[130]$_DFFE_PN0P_
            (rising edge-triggered flip-flop clocked by core_clock)
Endpoint: digest[130]$_DFFE_PN0P_
          (rising edge-triggered flip-flop clocked by core_clock)
Path Group: core_clock
Path Type: min

Fanout     Cap    Slew   Delay    Time   Description
-----------------------------------------------------------------------------
                          0.00    0.00   clock core_clock (rise edge)
                          0.00    0.00   clock source latency
     2    0.11    0.00    0.00    0.00 ^ clk (in)
                                         clk (net)
                  0.01    0.00    0.00 ^ clkbuf_0_clk/A (sky130_fd_sc_hd__clkbuf_16)
     4    0.17    0.19    0.22    0.23 ^ clkbuf_0_clk/X (sky130_fd_sc_hd__clkbuf_16)
                                         clknet_0_clk (net)
                  0.19    0.01    0.23 ^ clkbuf_2_1_0_clk/A (sky130_fd_sc_hd__clkbuf_16)
     8    0.16    0.18    0.28    0.51 ^ clkbuf_2_1_0_clk/X (sky130_fd_sc_hd__clkbuf_16)
                                         clknet_2_1_0_clk (net)
                  0.18    0.00    0.51 ^ clkbuf_5_11__f_clk/A (sky130_fd_sc_hd__clkbuf_16)
    11    0.13    0.15    0.25    0.77 ^ clkbuf_5_11__f_clk/X (sky130_fd_sc_hd__clkbuf_16)
                                         clknet_5_11__leaf_clk (net)
                  0.15    0.00    0.77 ^ clkbuf_leaf_65_clk/A (sky130_fd_sc_hd__clkbuf_16)
    11    0.04    0.06    0.17    0.95 ^ clkbuf_leaf_65_clk/X (sky130_fd_sc_hd__clkbuf_16)
                                         clknet_leaf_65_clk (net)
                  0.06    0.00    0.95 ^ digest[130]$_DFFE_PN0P_/CLK (sky130_fd_sc_hd__dfrtp_1)
     2    0.01    0.07    0.34    1.28 ^ digest[130]$_DFFE_PN0P_/Q (sky130_fd_sc_hd__dfrtp_1)
                                         net549 (net)
                  0.07    0.00    1.28 ^ _18547_/A (sky130_fd_sc_hd__nand2_1)
     1    0.00    0.03    0.05    1.33 v _18547_/Y (sky130_fd_sc_hd__nand2_1)
                                         _04771_ (net)
                  0.03    0.00    1.33 v _18548_/B (sky130_fd_sc_hd__nand2_1)
     1    0.00    0.04    0.06    1.39 ^ _18548_/Y (sky130_fd_sc_hd__nand2_1)
                                         _00892_ (net)
                  0.04    0.00    1.39 ^ digest[130]$_DFFE_PN0P_/D (sky130_fd_sc_hd__dfrtp_1)
                                  1.39   data arrival time

                          0.00    0.00   clock core_clock (rise edge)
                          0.00    0.00   clock source latency
     2    0.11    0.00    0.00    0.00 ^ clk (in)
                                         clk (net)
                  0.01    0.00    0.00 ^ clkbuf_0_clk/A (sky130_fd_sc_hd__clkbuf_16)
     4    0.17    0.19    0.22    0.23 ^ clkbuf_0_clk/X (sky130_fd_sc_hd__clkbuf_16)
                                         clknet_0_clk (net)
                  0.19    0.01    0.23 ^ clkbuf_2_1_0_clk/A (sky130_fd_sc_hd__clkbuf_16)
     8    0.16    0.18    0.28    0.51 ^ clkbuf_2_1_0_clk/X (sky130_fd_sc_hd__clkbuf_16)
                                         clknet_2_1_0_clk (net)
                  0.18    0.00    0.51 ^ clkbuf_5_11__f_clk/A (sky130_fd_sc_hd__clkbuf_16)
    11    0.13    0.15    0.25    0.77 ^ clkbuf_5_11__f_clk/X (sky130_fd_sc_hd__clkbuf_16)
                                         clknet_5_11__leaf_clk (net)
                  0.15    0.00    0.77 ^ clkbuf_leaf_65_clk/A (sky130_fd_sc_hd__clkbuf_16)
    11    0.04    0.06    0.17    0.95 ^ clkbuf_leaf_65_clk/X (sky130_fd_sc_hd__clkbuf_16)
                                         clknet_leaf_65_clk (net)
                  0.06    0.00    0.95 ^ digest[130]$_DFFE_PN0P_/CLK (sky130_fd_sc_hd__dfrtp_1)
                          0.00    0.95   clock reconvergence pessimism
                         -0.03    0.92   library hold time
                                  0.92   data required time
-----------------------------------------------------------------------------
                                  0.92   data required time
                                 -1.39   data arrival time
-----------------------------------------------------------------------------
                                  0.47   slack (MET)


Startpoint: digest[144]$_DFFE_PN0P_
            (rising edge-triggered flip-flop clocked by core_clock)
Endpoint: digest[144] (output port clocked by vclk)
Path Group: vclk
Path Type: min

Fanout     Cap    Slew   Delay    Time   Description
-----------------------------------------------------------------------------
                          0.00    0.00   clock core_clock (rise edge)
                          0.00    0.00   clock source latency
     2    0.11    0.00    0.00    0.00 ^ clk (in)
                                         clk (net)
                  0.01    0.00    0.00 ^ clkbuf_0_clk/A (sky130_fd_sc_hd__clkbuf_16)
     4    0.17    0.19    0.22    0.23 ^ clkbuf_0_clk/X (sky130_fd_sc_hd__clkbuf_16)
                                         clknet_0_clk (net)
                  0.19    0.01    0.23 ^ clkbuf_2_1_0_clk/A (sky130_fd_sc_hd__clkbuf_16)
     8    0.16    0.18    0.28    0.51 ^ clkbuf_2_1_0_clk/X (sky130_fd_sc_hd__clkbuf_16)
                                         clknet_2_1_0_clk (net)
                  0.18    0.00    0.51 ^ clkbuf_5_11__f_clk/A (sky130_fd_sc_hd__clkbuf_16)
    11    0.13    0.15    0.25    0.77 ^ clkbuf_5_11__f_clk/X (sky130_fd_sc_hd__clkbuf_16)
                                         clknet_5_11__leaf_clk (net)
                  0.15    0.00    0.77 ^ clkbuf_leaf_65_clk/A (sky130_fd_sc_hd__clkbuf_16)
    11    0.04    0.06    0.17    0.95 ^ clkbuf_leaf_65_clk/X (sky130_fd_sc_hd__clkbuf_16)
                                         clknet_leaf_65_clk (net)
                  0.06    0.00    0.95 ^ digest[144]$_DFFE_PN0P_/CLK (sky130_fd_sc_hd__dfrtp_1)
     2    0.01    0.05    0.37    1.32 v digest[144]$_DFFE_PN0P_/Q (sky130_fd_sc_hd__dfrtp_1)
                                         net564 (net)
                  0.05    0.00    1.32 v output565/A (sky130_fd_sc_hd__clkdlybuf4s50_1)
     1    0.00    0.03    0.39    1.72 v output565/X (sky130_fd_sc_hd__clkdlybuf4s50_1)
                                         digest[144] (net)
                  0.03    0.00    1.72 v digest[144] (out)
                                  1.72   data arrival time

                  0.00    0.00    0.00   clock vclk (rise edge)
                          0.00    0.00   clock network delay (ideal)
                          0.00    0.00   clock reconvergence pessimism
                         -2.75   -2.75   output external delay
                                 -2.75   data required time
-----------------------------------------------------------------------------
                                 -2.75   data required time
                                 -1.72   data arrival time
-----------------------------------------------------------------------------
                                  4.47   slack (MET)



==========================================================================
finish report_checks -path_delay max
--------------------------------------------------------------------------
Startpoint: rst_n (input port clocked by vclk)
Endpoint: W[1432]$_DFFE_PN0P_
          (recovery check against rising-edge clock core_clock)
Path Group: asynchronous
Path Type: max

Fanout     Cap    Slew   Delay    Time   Description
-----------------------------------------------------------------------------
                  0.00    0.00    0.00   clock vclk (rise edge)
                          0.00    0.00   clock network delay (ideal)
                          2.75    2.75 ^ input external delay
     1    0.02    0.00    0.00    2.75 ^ rst_n (in)
                                         rst_n (net)
                  0.00    0.00    2.75 ^ input514/A (sky130_fd_sc_hd__buf_16)
    94    0.54    0.55    0.36    3.11 ^ input514/X (sky130_fd_sc_hd__buf_16)
                                         net513 (net)
                  0.62    0.15    3.26 ^ place3279/A (sky130_fd_sc_hd__buf_4)
    54    0.27    0.72    0.68    3.95 ^ place3279/X (sky130_fd_sc_hd__buf_4)
                                         net3278 (net)
                  0.72    0.01    3.96 ^ place3278/A (sky130_fd_sc_hd__buf_12)
   138    0.66    0.73    0.53    4.49 ^ place3278/X (sky130_fd_sc_hd__buf_12)
                                         net3277 (net)
                  0.82    0.20    4.69 ^ place3276/A (sky130_fd_sc_hd__buf_4)
    75    0.36    0.98    0.84    5.54 ^ place3276/X (sky130_fd_sc_hd__buf_4)
                                         net3275 (net)
                  1.00    0.11    5.64 ^ W[1432]$_DFFE_PN0P_/RESET_B (sky130_fd_sc_hd__dfrtp_1)
                                  5.64   data arrival time

                         13.75   13.75   clock core_clock (rise edge)
                          0.00   13.75   clock source latency
     2    0.11    0.00    0.00   13.75 ^ clk (in)
                                         clk (net)
                  0.01    0.00   13.75 ^ clkbuf_0_clk/A (sky130_fd_sc_hd__clkbuf_16)
     4    0.17    0.19    0.22   13.98 ^ clkbuf_0_clk/X (sky130_fd_sc_hd__clkbuf_16)
                                         clknet_0_clk (net)
                  0.19    0.01   13.98 ^ clkbuf_2_0_0_clk/A (sky130_fd_sc_hd__clkbuf_16)
     8    0.16    0.17    0.27   14.26 ^ clkbuf_2_0_0_clk/X (sky130_fd_sc_hd__clkbuf_16)
                                         clknet_2_0_0_clk (net)
                  0.17    0.00   14.26 ^ clkbuf_5_0__f_clk/A (sky130_fd_sc_hd__clkbuf_16)
     7    0.11    0.12    0.23   14.49 ^ clkbuf_5_0__f_clk/X (sky130_fd_sc_hd__clkbuf_16)
                                         clknet_5_0__leaf_clk (net)
                  0.12    0.01   14.50 ^ clkbuf_leaf_261_clk/A (sky130_fd_sc_hd__clkbuf_16)
     8    0.03    0.05    0.16   14.66 ^ clkbuf_leaf_261_clk/X (sky130_fd_sc_hd__clkbuf_16)
                                         clknet_leaf_261_clk (net)
                  0.05    0.00   14.66 ^ W[1432]$_DFFE_PN0P_/CLK (sky130_fd_sc_hd__dfrtp_1)
                          0.00   14.66   clock reconvergence pessimism
                         -0.02   14.64   library recovery time
                                 14.64   data required time
-----------------------------------------------------------------------------
                                 14.64   data required time
                                 -5.64   data arrival time
-----------------------------------------------------------------------------
                                  9.00   slack (MET)


Startpoint: round[1]$_DFFE_PN0P_
            (rising edge-triggered flip-flop clocked by core_clock)
Endpoint: digest[255]$_DFFE_PN0P_
          (rising edge-triggered flip-flop clocked by core_clock)
Path Group: core_clock
Path Type: max

Fanout     Cap    Slew   Delay    Time   Description
-----------------------------------------------------------------------------
                          0.00    0.00   clock core_clock (rise edge)
                          0.00    0.00   clock source latency
     2    0.11    0.00    0.00    0.00 ^ clk (in)
                                         clk (net)
                  0.01    0.00    0.00 ^ clkbuf_0_clk/A (sky130_fd_sc_hd__clkbuf_16)
     4    0.17    0.19    0.22    0.23 ^ clkbuf_0_clk/X (sky130_fd_sc_hd__clkbuf_16)
                                         clknet_0_clk (net)
                  0.19    0.01    0.23 ^ clkbuf_2_1_0_clk/A (sky130_fd_sc_hd__clkbuf_16)
     8    0.16    0.18    0.28    0.51 ^ clkbuf_2_1_0_clk/X (sky130_fd_sc_hd__clkbuf_16)
                                         clknet_2_1_0_clk (net)
                  0.18    0.00    0.51 ^ clkbuf_5_13__f_clk/A (sky130_fd_sc_hd__clkbuf_16)
     7    0.14    0.15    0.26    0.77 ^ clkbuf_5_13__f_clk/X (sky130_fd_sc_hd__clkbuf_16)
                                         clknet_5_13__leaf_clk (net)
                  0.15    0.00    0.77 ^ clkbuf_leaf_28_clk/A (sky130_fd_sc_hd__clkbuf_16)
     9    0.04    0.06    0.18    0.95 ^ clkbuf_leaf_28_clk/X (sky130_fd_sc_hd__clkbuf_16)
                                         clknet_leaf_28_clk (net)
                  0.06    0.00    0.95 ^ round[1]$_DFFE_PN0P_/CLK (sky130_fd_sc_hd__dfrtp_4)
     5    0.03    0.11    0.46    1.41 ^ round[1]$_DFFE_PN0P_/Q (sky130_fd_sc_hd__dfrtp_4)
                                         round[1] (net)
                  0.11    0.00    1.41 ^ _12950_/A (sky130_fd_sc_hd__inv_2)
     2    0.01    0.04    0.06    1.47 v _12950_/Y (sky130_fd_sc_hd__inv_2)
                                         _09067_ (net)
                  0.04    0.00    1.47 v _25435_/B (sky130_fd_sc_hd__ha_4)
     8    0.10    0.28    0.44    1.91 ^ _25435_/SUM (sky130_fd_sc_hd__ha_4)
                                         _00451_ (net)
                  0.28    0.00    1.92 ^ rebuffer3334/A (sky130_fd_sc_hd__buf_6)
     3    0.06    0.13    0.22    2.14 ^ rebuffer3334/X (sky130_fd_sc_hd__buf_6)
                                         net3333 (net)
                  0.14    0.01    2.15 ^ clone3356/A (sky130_fd_sc_hd__clkbuf_16)
    13    0.11    0.13    0.23    2.37 ^ clone3356/X (sky130_fd_sc_hd__clkbuf_16)
                                         net3355 (net)
                  0.13    0.01    2.38 ^ clone3335/A (sky130_fd_sc_hd__clkbuf_16)
    16    0.13    0.14    0.23    2.61 ^ clone3335/X (sky130_fd_sc_hd__clkbuf_16)
                                         net3334 (net)
                  0.14    0.01    2.62 ^ place3001/A (sky130_fd_sc_hd__buf_6)
    24    0.14    0.27    0.29    2.91 ^ place3001/X (sky130_fd_sc_hd__buf_6)
                                         net3000 (net)
                  0.28    0.01    2.92 ^ _24675_/S1 (sky130_fd_sc_hd__mux4_2)
     1    0.01    0.09    0.36    3.28 v _24675_/X (sky130_fd_sc_hd__mux4_2)
                                         _08651_ (net)
                  0.09    0.00    3.28 v _24676_/A3 (sky130_fd_sc_hd__mux4_2)
     1    0.04    0.17    0.62    3.90 v _24676_/X (sky130_fd_sc_hd__mux4_2)
                                         _08652_ (net)
                  0.17    0.00    3.90 v _24687_/A1 (sky130_fd_sc_hd__mux4_2)
     2    0.04    0.18    0.63    4.53 v _24687_/X (sky130_fd_sc_hd__mux4_2)
                                         _08663_ (net)
                  0.18    0.00    4.53 v _24755_/A (sky130_fd_sc_hd__xnor2_1)
     1    0.01    0.16    0.23    4.76 ^ _24755_/Y (sky130_fd_sc_hd__xnor2_1)
                                         _08729_ (net)
                  0.16    0.00    4.76 ^ _24756_/B (sky130_fd_sc_hd__xnor2_1)
     1    0.01    0.17    0.16    4.92 ^ _24756_/Y (sky130_fd_sc_hd__xnor2_1)
                                         _00346_ (net)
                  0.17    0.00    4.92 ^ _25383_/CIN (sky130_fd_sc_hd__fa_1)
     1    0.01    0.12    0.49    5.41 v _25383_/SUM (sky130_fd_sc_hd__fa_1)
                                         _12905_ (net)
                  0.12    0.00    5.41 v _25376_/A (sky130_fd_sc_hd__fa_1)
     1    0.01    0.10    0.48    5.89 v _25376_/COUT (sky130_fd_sc_hd__fa_1)
                                         _12907_ (net)
                  0.10    0.00    5.89 v _25443_/B (sky130_fd_sc_hd__ha_1)
     4    0.01    0.10    0.35    6.24 v _25443_/SUM (sky130_fd_sc_hd__ha_1)
                                         _00463_ (net)
                  0.10    0.00    6.24 v _13216_/A1 (sky130_fd_sc_hd__a21o_1)
     1    0.00    0.04    0.18    6.41 v _13216_/X (sky130_fd_sc_hd__a21o_1)
                                         _09331_ (net)
                  0.04    0.00    6.41 v _13217_/A2 (sky130_fd_sc_hd__a21oi_1)
     1    0.01    0.17    0.18    6.60 ^ _13217_/Y (sky130_fd_sc_hd__a21oi_1)
                                         _09332_ (net)
                  0.17    0.00    6.60 ^ _13219_/A2 (sky130_fd_sc_hd__o21ai_0)
     1    0.01    0.10    0.13    6.72 v _13219_/Y (sky130_fd_sc_hd__o21ai_0)
                                         _09334_ (net)
                  0.10    0.00    6.72 v _13222_/B1 (sky130_fd_sc_hd__a221oi_1)
     1    0.01    0.34    0.35    7.07 ^ _13222_/Y (sky130_fd_sc_hd__a221oi_1)
                                         _09337_ (net)
                  0.34    0.00    7.07 ^ place2768/A (sky130_fd_sc_hd__buf_4)
     2    0.02    0.08    0.21    7.28 ^ place2768/X (sky130_fd_sc_hd__buf_4)
                                         net2767 (net)
                  0.08    0.00    7.29 ^ _13485_/B1_N (sky130_fd_sc_hd__a21boi_0)
     2    0.01    0.43    0.39    7.67 ^ _13485_/Y (sky130_fd_sc_hd__a21boi_0)
                                         _09596_ (net)
                  0.43    0.00    7.68 ^ _13602_/A2 (sky130_fd_sc_hd__o21bai_1)
     1    0.00    0.08    0.11    7.78 v _13602_/Y (sky130_fd_sc_hd__o21bai_1)
                                         _09711_ (net)
                  0.08    0.00    7.78 v _13603_/A2 (sky130_fd_sc_hd__a21oi_1)
     1    0.01    0.15    0.18    7.96 ^ _13603_/Y (sky130_fd_sc_hd__a21oi_1)
                                         _09712_ (net)
                  0.15    0.00    7.96 ^ _13604_/B (sky130_fd_sc_hd__xnor2_1)
     1    0.01    0.30    0.20    8.16 ^ _13604_/Y (sky130_fd_sc_hd__xnor2_1)
                                         _09713_ (net)
                  0.30    0.00    8.17 ^ _13605_/A1 (sky130_fd_sc_hd__mux2i_4)
     2    0.01    0.13    0.14    8.30 v _13605_/Y (sky130_fd_sc_hd__mux2i_4)
                                         _09714_ (net)
                  0.13    0.00    8.30 v place2730/A (sky130_fd_sc_hd__buf_12)
     3    0.04    0.04    0.18    8.48 v place2730/X (sky130_fd_sc_hd__buf_12)
                                         net2729 (net)
                  0.04    0.00    8.48 v _13608_/A (sky130_fd_sc_hd__inv_1)
     1    0.02    0.19    0.16    8.64 ^ _13608_/Y (sky130_fd_sc_hd__inv_1)
                                         _00174_ (net)
                  0.19    0.00    8.64 ^ _25297_/CIN (sky130_fd_sc_hd__fa_1)
     1    0.01    0.10    0.47    9.11 v _25297_/SUM (sky130_fd_sc_hd__fa_1)
                                         _12748_ (net)
                  0.10    0.00    9.11 v _25269_/A (sky130_fd_sc_hd__fa_1)
     1    0.01    0.10    0.52    9.63 v _25269_/SUM (sky130_fd_sc_hd__fa_1)
                                         _12651_ (net)
                  0.10    0.00    9.63 v _25240_/A (sky130_fd_sc_hd__fa_1)
     1    0.00    0.08    0.49   10.12 v _25240_/SUM (sky130_fd_sc_hd__fa_1)
                                         _12654_ (net)
                  0.08    0.00   10.12 v _25400_/A (sky130_fd_sc_hd__ha_1)
     3    0.01    0.10    0.34   10.45 ^ _25400_/SUM (sky130_fd_sc_hd__ha_1)
                                         _00383_ (net)
                  0.10    0.00   10.45 ^ _16473_/B1 (sky130_fd_sc_hd__o2111ai_1)
     2    0.01    0.17    0.19   10.64 v _16473_/Y (sky130_fd_sc_hd__o2111ai_1)
                                         _12443_ (net)
                  0.17    0.00   10.64 v place2593/A (sky130_fd_sc_hd__buf_4)
     1    0.00    0.03    0.18   10.83 v place2593/X (sky130_fd_sc_hd__buf_4)
                                         net2592 (net)
                  0.03    0.00   10.83 v _16477_/A2 (sky130_fd_sc_hd__o211ai_1)
     2    0.01    0.28    0.25   11.07 ^ _16477_/Y (sky130_fd_sc_hd__o211ai_1)
                                         _12447_ (net)
                  0.28    0.00   11.08 ^ _16481_/A2 (sky130_fd_sc_hd__a31oi_1)
     2    0.01    0.13    0.19   11.26 v _16481_/Y (sky130_fd_sc_hd__a31oi_1)
                                         _12451_ (net)
                  0.13    0.00   11.26 v _16507_/A2 (sky130_fd_sc_hd__o21bai_1)
     1    0.01    0.15    0.19   11.45 ^ _16507_/Y (sky130_fd_sc_hd__o21bai_1)
                                         _12475_ (net)
                  0.15    0.00   11.45 ^ _16508_/B (sky130_fd_sc_hd__xor2_1)
     2    0.03    0.65    0.55   12.00 ^ _16508_/X (sky130_fd_sc_hd__xor2_1)
                                         _00303_ (net)
                  0.65    0.00   12.00 ^ _25354_/A (sky130_fd_sc_hd__fa_1)
     1    0.00    0.08    0.51   12.52 v _25354_/SUM (sky130_fd_sc_hd__fa_1)
                                         _12858_ (net)
                  0.08    0.00   12.52 v _25391_/A (sky130_fd_sc_hd__ha_1)
     3    0.01    0.08    0.33   12.85 v _25391_/SUM (sky130_fd_sc_hd__ha_1)
                                         _00366_ (net)
                  0.08    0.00   12.85 v _17985_/A (sky130_fd_sc_hd__or2_2)
     2    0.01    0.06    0.31   13.16 v _17985_/X (sky130_fd_sc_hd__or2_2)
                                         _04332_ (net)
                  0.06    0.00   13.16 v _17989_/A0 (sky130_fd_sc_hd__mux2i_1)
     1    0.00    0.14    0.15   13.31 ^ _17989_/Y (sky130_fd_sc_hd__mux2i_1)
                                         _04336_ (net)
                  0.14    0.00   13.31 ^ _17990_/B1 (sky130_fd_sc_hd__a21oi_1)
     1    0.01    0.07    0.07   13.38 v _17990_/Y (sky130_fd_sc_hd__a21oi_1)
                                         _04337_ (net)
                  0.07    0.00   13.38 v _17991_/C1 (sky130_fd_sc_hd__o311a_1)
     1    0.00    0.05    0.11   13.49 v _17991_/X (sky130_fd_sc_hd__o311a_1)
                                         _04338_ (net)
                  0.05    0.00   13.49 v _17992_/B1_N (sky130_fd_sc_hd__a21boi_2)
     2    0.01    0.10    0.17   13.65 v _17992_/Y (sky130_fd_sc_hd__a21boi_2)
                                         _04339_ (net)
                  0.10    0.00   13.66 v _25050_/A (sky130_fd_sc_hd__nor3_2)
     1    0.01    0.19    0.24   13.90 ^ _25050_/Y (sky130_fd_sc_hd__nor3_2)
                                         _08972_ (net)
                  0.19    0.00   13.90 ^ _25051_/B (sky130_fd_sc_hd__xnor2_1)
     1    0.00    0.13    0.14   14.04 ^ _25051_/Y (sky130_fd_sc_hd__xnor2_1)
                                         _08973_ (net)
                  0.13    0.00   14.04 ^ _25053_/A2 (sky130_fd_sc_hd__o21ai_1)
     1    0.00    0.10    0.07   14.11 v _25053_/Y (sky130_fd_sc_hd__o21ai_1)
                                         _03136_ (net)
                  0.10    0.00   14.11 v digest[255]$_DFFE_PN0P_/D (sky130_fd_sc_hd__dfrtp_1)
                                 14.11   data arrival time

                         13.75   13.75   clock core_clock (rise edge)
                          0.00   13.75   clock source latency
     2    0.11    0.00    0.00   13.75 ^ clk (in)
                                         clk (net)
                  0.01    0.00   13.75 ^ clkbuf_0_clk/A (sky130_fd_sc_hd__clkbuf_16)
     4    0.17    0.19    0.22   13.98 ^ clkbuf_0_clk/X (sky130_fd_sc_hd__clkbuf_16)
                                         clknet_0_clk (net)
                  0.19    0.01   13.98 ^ clkbuf_2_1_0_clk/A (sky130_fd_sc_hd__clkbuf_16)
     8    0.16    0.18    0.28   14.26 ^ clkbuf_2_1_0_clk/X (sky130_fd_sc_hd__clkbuf_16)
                                         clknet_2_1_0_clk (net)
                  0.18    0.00   14.26 ^ clkbuf_5_11__f_clk/A (sky130_fd_sc_hd__clkbuf_16)
    11    0.13    0.15    0.25   14.52 ^ clkbuf_5_11__f_clk/X (sky130_fd_sc_hd__clkbuf_16)
                                         clknet_5_11__leaf_clk (net)
                  0.15    0.00   14.52 ^ clkbuf_leaf_71_clk/A (sky130_fd_sc_hd__clkbuf_16)
     8    0.03    0.06    0.17   14.69 ^ clkbuf_leaf_71_clk/X (sky130_fd_sc_hd__clkbuf_16)
                                         clknet_leaf_71_clk (net)
                  0.06    0.00   14.70 ^ digest[255]$_DFFE_PN0P_/CLK (sky130_fd_sc_hd__dfrtp_1)
                          0.00   14.70   clock reconvergence pessimism
                         -0.14   14.56   library setup time
                                 14.56   data required time
-----------------------------------------------------------------------------
                                 14.56   data required time
                                -14.11   data arrival time
-----------------------------------------------------------------------------
                                  0.45   slack (MET)


Startpoint: digest[36]$_DFFE_PN0P_
            (rising edge-triggered flip-flop clocked by core_clock)
Endpoint: digest[36] (output port clocked by vclk)
Path Group: vclk
Path Type: max

Fanout     Cap    Slew   Delay    Time   Description
-----------------------------------------------------------------------------
                          0.00    0.00   clock core_clock (rise edge)
                          0.00    0.00   clock source latency
     2    0.11    0.00    0.00    0.00 ^ clk (in)
                                         clk (net)
                  0.01    0.00    0.00 ^ clkbuf_0_clk/A (sky130_fd_sc_hd__clkbuf_16)
     4    0.17    0.19    0.22    0.23 ^ clkbuf_0_clk/X (sky130_fd_sc_hd__clkbuf_16)
                                         clknet_0_clk (net)
                  0.19    0.01    0.23 ^ clkbuf_2_3_0_clk/A (sky130_fd_sc_hd__clkbuf_16)
     8    0.17    0.18    0.28    0.51 ^ clkbuf_2_3_0_clk/X (sky130_fd_sc_hd__clkbuf_16)
                                         clknet_2_3_0_clk (net)
                  0.18    0.01    0.52 ^ clkbuf_5_27__f_clk/A (sky130_fd_sc_hd__clkbuf_16)
    10    0.14    0.15    0.26    0.78 ^ clkbuf_5_27__f_clk/X (sky130_fd_sc_hd__clkbuf_16)
                                         clknet_5_27__leaf_clk (net)
                  0.15    0.00    0.78 ^ clkbuf_leaf_108_clk/A (sky130_fd_sc_hd__clkbuf_16)
    12    0.04    0.06    0.18    0.96 ^ clkbuf_leaf_108_clk/X (sky130_fd_sc_hd__clkbuf_16)
                                         clknet_leaf_108_clk (net)
                  0.06    0.00    0.96 ^ digest[36]$_DFFE_PN0P_/CLK (sky130_fd_sc_hd__dfrtp_1)
     2    0.01    0.13    0.39    1.35 ^ digest[36]$_DFFE_PN0P_/Q (sky130_fd_sc_hd__dfrtp_1)
                                         net700 (net)
                  0.13    0.00    1.35 ^ output701/A (sky130_fd_sc_hd__clkdlybuf4s50_1)
     1    0.06    0.57    0.87    2.22 ^ output701/X (sky130_fd_sc_hd__clkdlybuf4s50_1)
                                         digest[36] (net)
                  0.57    0.01    2.23 ^ digest[36] (out)
                                  2.23   data arrival time

                  0.00   13.75   13.75   clock vclk (rise edge)
                          0.00   13.75   clock network delay (ideal)
                          0.00   13.75   clock reconvergence pessimism
                         -2.75   11.00   output external delay
                                 11.00   data required time
-----------------------------------------------------------------------------
                                 11.00   data required time
                                 -2.23   data arrival time
-----------------------------------------------------------------------------
                                  8.77   slack (MET)



==========================================================================
finish report_checks -unconstrained
--------------------------------------------------------------------------
Startpoint: rst_n (input port clocked by vclk)
Endpoint: W[1432]$_DFFE_PN0P_
          (recovery check against rising-edge clock core_clock)
Path Group: asynchronous
Path Type: max

Fanout     Cap    Slew   Delay    Time   Description
-----------------------------------------------------------------------------
                  0.00    0.00    0.00   clock vclk (rise edge)
                          0.00    0.00   clock network delay (ideal)
                          2.75    2.75 ^ input external delay
     1    0.02    0.00    0.00    2.75 ^ rst_n (in)
                                         rst_n (net)
                  0.00    0.00    2.75 ^ input514/A (sky130_fd_sc_hd__buf_16)
    94    0.54    0.55    0.36    3.11 ^ input514/X (sky130_fd_sc_hd__buf_16)
                                         net513 (net)
                  0.62    0.15    3.26 ^ place3279/A (sky130_fd_sc_hd__buf_4)
    54    0.27    0.72    0.68    3.95 ^ place3279/X (sky130_fd_sc_hd__buf_4)
                                         net3278 (net)
                  0.72    0.01    3.96 ^ place3278/A (sky130_fd_sc_hd__buf_12)
   138    0.66    0.73    0.53    4.49 ^ place3278/X (sky130_fd_sc_hd__buf_12)
                                         net3277 (net)
                  0.82    0.20    4.69 ^ place3276/A (sky130_fd_sc_hd__buf_4)
    75    0.36    0.98    0.84    5.54 ^ place3276/X (sky130_fd_sc_hd__buf_4)
                                         net3275 (net)
                  1.00    0.11    5.64 ^ W[1432]$_DFFE_PN0P_/RESET_B (sky130_fd_sc_hd__dfrtp_1)
                                  5.64   data arrival time

                         13.75   13.75   clock core_clock (rise edge)
                          0.00   13.75   clock source latency
     2    0.11    0.00    0.00   13.75 ^ clk (in)
                                         clk (net)
                  0.01    0.00   13.75 ^ clkbuf_0_clk/A (sky130_fd_sc_hd__clkbuf_16)
     4    0.17    0.19    0.22   13.98 ^ clkbuf_0_clk/X (sky130_fd_sc_hd__clkbuf_16)
                                         clknet_0_clk (net)
                  0.19    0.01   13.98 ^ clkbuf_2_0_0_clk/A (sky130_fd_sc_hd__clkbuf_16)
     8    0.16    0.17    0.27   14.26 ^ clkbuf_2_0_0_clk/X (sky130_fd_sc_hd__clkbuf_16)
                                         clknet_2_0_0_clk (net)
                  0.17    0.00   14.26 ^ clkbuf_5_0__f_clk/A (sky130_fd_sc_hd__clkbuf_16)
     7    0.11    0.12    0.23   14.49 ^ clkbuf_5_0__f_clk/X (sky130_fd_sc_hd__clkbuf_16)
                                         clknet_5_0__leaf_clk (net)
                  0.12    0.01   14.50 ^ clkbuf_leaf_261_clk/A (sky130_fd_sc_hd__clkbuf_16)
     8    0.03    0.05    0.16   14.66 ^ clkbuf_leaf_261_clk/X (sky130_fd_sc_hd__clkbuf_16)
                                         clknet_leaf_261_clk (net)
                  0.05    0.00   14.66 ^ W[1432]$_DFFE_PN0P_/CLK (sky130_fd_sc_hd__dfrtp_1)
                          0.00   14.66   clock reconvergence pessimism
                         -0.02   14.64   library recovery time
                                 14.64   data required time
-----------------------------------------------------------------------------
                                 14.64   data required time
                                 -5.64   data arrival time
-----------------------------------------------------------------------------
                                  9.00   slack (MET)


Startpoint: round[1]$_DFFE_PN0P_
            (rising edge-triggered flip-flop clocked by core_clock)
Endpoint: digest[255]$_DFFE_PN0P_
          (rising edge-triggered flip-flop clocked by core_clock)
Path Group: core_clock
Path Type: max

Fanout     Cap    Slew   Delay    Time   Description
-----------------------------------------------------------------------------
                          0.00    0.00   clock core_clock (rise edge)
                          0.00    0.00   clock source latency
     2    0.11    0.00    0.00    0.00 ^ clk (in)
                                         clk (net)
                  0.01    0.00    0.00 ^ clkbuf_0_clk/A (sky130_fd_sc_hd__clkbuf_16)
     4    0.17    0.19    0.22    0.23 ^ clkbuf_0_clk/X (sky130_fd_sc_hd__clkbuf_16)
                                         clknet_0_clk (net)
                  0.19    0.01    0.23 ^ clkbuf_2_1_0_clk/A (sky130_fd_sc_hd__clkbuf_16)
     8    0.16    0.18    0.28    0.51 ^ clkbuf_2_1_0_clk/X (sky130_fd_sc_hd__clkbuf_16)
                                         clknet_2_1_0_clk (net)
                  0.18    0.00    0.51 ^ clkbuf_5_13__f_clk/A (sky130_fd_sc_hd__clkbuf_16)
     7    0.14    0.15    0.26    0.77 ^ clkbuf_5_13__f_clk/X (sky130_fd_sc_hd__clkbuf_16)
                                         clknet_5_13__leaf_clk (net)
                  0.15    0.00    0.77 ^ clkbuf_leaf_28_clk/A (sky130_fd_sc_hd__clkbuf_16)
     9    0.04    0.06    0.18    0.95 ^ clkbuf_leaf_28_clk/X (sky130_fd_sc_hd__clkbuf_16)
                                         clknet_leaf_28_clk (net)
                  0.06    0.00    0.95 ^ round[1]$_DFFE_PN0P_/CLK (sky130_fd_sc_hd__dfrtp_4)
     5    0.03    0.11    0.46    1.41 ^ round[1]$_DFFE_PN0P_/Q (sky130_fd_sc_hd__dfrtp_4)
                                         round[1] (net)
                  0.11    0.00    1.41 ^ _12950_/A (sky130_fd_sc_hd__inv_2)
     2    0.01    0.04    0.06    1.47 v _12950_/Y (sky130_fd_sc_hd__inv_2)
                                         _09067_ (net)
                  0.04    0.00    1.47 v _25435_/B (sky130_fd_sc_hd__ha_4)
     8    0.10    0.28    0.44    1.91 ^ _25435_/SUM (sky130_fd_sc_hd__ha_4)
                                         _00451_ (net)
                  0.28    0.00    1.92 ^ rebuffer3334/A (sky130_fd_sc_hd__buf_6)
     3    0.06    0.13    0.22    2.14 ^ rebuffer3334/X (sky130_fd_sc_hd__buf_6)
                                         net3333 (net)
                  0.14    0.01    2.15 ^ clone3356/A (sky130_fd_sc_hd__clkbuf_16)
    13    0.11    0.13    0.23    2.37 ^ clone3356/X (sky130_fd_sc_hd__clkbuf_16)
                                         net3355 (net)
                  0.13    0.01    2.38 ^ clone3335/A (sky130_fd_sc_hd__clkbuf_16)
    16    0.13    0.14    0.23    2.61 ^ clone3335/X (sky130_fd_sc_hd__clkbuf_16)
                                         net3334 (net)
                  0.14    0.01    2.62 ^ place3001/A (sky130_fd_sc_hd__buf_6)
    24    0.14    0.27    0.29    2.91 ^ place3001/X (sky130_fd_sc_hd__buf_6)
                                         net3000 (net)
                  0.28    0.01    2.92 ^ _24675_/S1 (sky130_fd_sc_hd__mux4_2)
     1    0.01    0.09    0.36    3.28 v _24675_/X (sky130_fd_sc_hd__mux4_2)
                                         _08651_ (net)
                  0.09    0.00    3.28 v _24676_/A3 (sky130_fd_sc_hd__mux4_2)
     1    0.04    0.17    0.62    3.90 v _24676_/X (sky130_fd_sc_hd__mux4_2)
                                         _08652_ (net)
                  0.17    0.00    3.90 v _24687_/A1 (sky130_fd_sc_hd__mux4_2)
     2    0.04    0.18    0.63    4.53 v _24687_/X (sky130_fd_sc_hd__mux4_2)
                                         _08663_ (net)
                  0.18    0.00    4.53 v _24755_/A (sky130_fd_sc_hd__xnor2_1)
     1    0.01    0.16    0.23    4.76 ^ _24755_/Y (sky130_fd_sc_hd__xnor2_1)
                                         _08729_ (net)
                  0.16    0.00    4.76 ^ _24756_/B (sky130_fd_sc_hd__xnor2_1)
     1    0.01    0.17    0.16    4.92 ^ _24756_/Y (sky130_fd_sc_hd__xnor2_1)
                                         _00346_ (net)
                  0.17    0.00    4.92 ^ _25383_/CIN (sky130_fd_sc_hd__fa_1)
     1    0.01    0.12    0.49    5.41 v _25383_/SUM (sky130_fd_sc_hd__fa_1)
                                         _12905_ (net)
                  0.12    0.00    5.41 v _25376_/A (sky130_fd_sc_hd__fa_1)
     1    0.01    0.10    0.48    5.89 v _25376_/COUT (sky130_fd_sc_hd__fa_1)
                                         _12907_ (net)
                  0.10    0.00    5.89 v _25443_/B (sky130_fd_sc_hd__ha_1)
     4    0.01    0.10    0.35    6.24 v _25443_/SUM (sky130_fd_sc_hd__ha_1)
                                         _00463_ (net)
                  0.10    0.00    6.24 v _13216_/A1 (sky130_fd_sc_hd__a21o_1)
     1    0.00    0.04    0.18    6.41 v _13216_/X (sky130_fd_sc_hd__a21o_1)
                                         _09331_ (net)
                  0.04    0.00    6.41 v _13217_/A2 (sky130_fd_sc_hd__a21oi_1)
     1    0.01    0.17    0.18    6.60 ^ _13217_/Y (sky130_fd_sc_hd__a21oi_1)
                                         _09332_ (net)
                  0.17    0.00    6.60 ^ _13219_/A2 (sky130_fd_sc_hd__o21ai_0)
     1    0.01    0.10    0.13    6.72 v _13219_/Y (sky130_fd_sc_hd__o21ai_0)
                                         _09334_ (net)
                  0.10    0.00    6.72 v _13222_/B1 (sky130_fd_sc_hd__a221oi_1)
     1    0.01    0.34    0.35    7.07 ^ _13222_/Y (sky130_fd_sc_hd__a221oi_1)
                                         _09337_ (net)
                  0.34    0.00    7.07 ^ place2768/A (sky130_fd_sc_hd__buf_4)
     2    0.02    0.08    0.21    7.28 ^ place2768/X (sky130_fd_sc_hd__buf_4)
                                         net2767 (net)
                  0.08    0.00    7.29 ^ _13485_/B1_N (sky130_fd_sc_hd__a21boi_0)
     2    0.01    0.43    0.39    7.67 ^ _13485_/Y (sky130_fd_sc_hd__a21boi_0)
                                         _09596_ (net)
                  0.43    0.00    7.68 ^ _13602_/A2 (sky130_fd_sc_hd__o21bai_1)
     1    0.00    0.08    0.11    7.78 v _13602_/Y (sky130_fd_sc_hd__o21bai_1)
                                         _09711_ (net)
                  0.08    0.00    7.78 v _13603_/A2 (sky130_fd_sc_hd__a21oi_1)
     1    0.01    0.15    0.18    7.96 ^ _13603_/Y (sky130_fd_sc_hd__a21oi_1)
                                         _09712_ (net)
                  0.15    0.00    7.96 ^ _13604_/B (sky130_fd_sc_hd__xnor2_1)
     1    0.01    0.30    0.20    8.16 ^ _13604_/Y (sky130_fd_sc_hd__xnor2_1)
                                         _09713_ (net)
                  0.30    0.00    8.17 ^ _13605_/A1 (sky130_fd_sc_hd__mux2i_4)
     2    0.01    0.13    0.14    8.30 v _13605_/Y (sky130_fd_sc_hd__mux2i_4)
                                         _09714_ (net)
                  0.13    0.00    8.30 v place2730/A (sky130_fd_sc_hd__buf_12)
     3    0.04    0.04    0.18    8.48 v place2730/X (sky130_fd_sc_hd__buf_12)
                                         net2729 (net)
                  0.04    0.00    8.48 v _13608_/A (sky130_fd_sc_hd__inv_1)
     1    0.02    0.19    0.16    8.64 ^ _13608_/Y (sky130_fd_sc_hd__inv_1)
                                         _00174_ (net)
                  0.19    0.00    8.64 ^ _25297_/CIN (sky130_fd_sc_hd__fa_1)
     1    0.01    0.10    0.47    9.11 v _25297_/SUM (sky130_fd_sc_hd__fa_1)
                                         _12748_ (net)
                  0.10    0.00    9.11 v _25269_/A (sky130_fd_sc_hd__fa_1)
     1    0.01    0.10    0.52    9.63 v _25269_/SUM (sky130_fd_sc_hd__fa_1)
                                         _12651_ (net)
                  0.10    0.00    9.63 v _25240_/A (sky130_fd_sc_hd__fa_1)
     1    0.00    0.08    0.49   10.12 v _25240_/SUM (sky130_fd_sc_hd__fa_1)
                                         _12654_ (net)
                  0.08    0.00   10.12 v _25400_/A (sky130_fd_sc_hd__ha_1)
     3    0.01    0.10    0.34   10.45 ^ _25400_/SUM (sky130_fd_sc_hd__ha_1)
                                         _00383_ (net)
                  0.10    0.00   10.45 ^ _16473_/B1 (sky130_fd_sc_hd__o2111ai_1)
     2    0.01    0.17    0.19   10.64 v _16473_/Y (sky130_fd_sc_hd__o2111ai_1)
                                         _12443_ (net)
                  0.17    0.00   10.64 v place2593/A (sky130_fd_sc_hd__buf_4)
     1    0.00    0.03    0.18   10.83 v place2593/X (sky130_fd_sc_hd__buf_4)
                                         net2592 (net)
                  0.03    0.00   10.83 v _16477_/A2 (sky130_fd_sc_hd__o211ai_1)
     2    0.01    0.28    0.25   11.07 ^ _16477_/Y (sky130_fd_sc_hd__o211ai_1)
                                         _12447_ (net)
                  0.28    0.00   11.08 ^ _16481_/A2 (sky130_fd_sc_hd__a31oi_1)
     2    0.01    0.13    0.19   11.26 v _16481_/Y (sky130_fd_sc_hd__a31oi_1)
                                         _12451_ (net)
                  0.13    0.00   11.26 v _16507_/A2 (sky130_fd_sc_hd__o21bai_1)
     1    0.01    0.15    0.19   11.45 ^ _16507_/Y (sky130_fd_sc_hd__o21bai_1)
                                         _12475_ (net)
                  0.15    0.00   11.45 ^ _16508_/B (sky130_fd_sc_hd__xor2_1)
     2    0.03    0.65    0.55   12.00 ^ _16508_/X (sky130_fd_sc_hd__xor2_1)
                                         _00303_ (net)
                  0.65    0.00   12.00 ^ _25354_/A (sky130_fd_sc_hd__fa_1)
     1    0.00    0.08    0.51   12.52 v _25354_/SUM (sky130_fd_sc_hd__fa_1)
                                         _12858_ (net)
                  0.08    0.00   12.52 v _25391_/A (sky130_fd_sc_hd__ha_1)
     3    0.01    0.08    0.33   12.85 v _25391_/SUM (sky130_fd_sc_hd__ha_1)
                                         _00366_ (net)
                  0.08    0.00   12.85 v _17985_/A (sky130_fd_sc_hd__or2_2)
     2    0.01    0.06    0.31   13.16 v _17985_/X (sky130_fd_sc_hd__or2_2)
                                         _04332_ (net)
                  0.06    0.00   13.16 v _17989_/A0 (sky130_fd_sc_hd__mux2i_1)
     1    0.00    0.14    0.15   13.31 ^ _17989_/Y (sky130_fd_sc_hd__mux2i_1)
                                         _04336_ (net)
                  0.14    0.00   13.31 ^ _17990_/B1 (sky130_fd_sc_hd__a21oi_1)
     1    0.01    0.07    0.07   13.38 v _17990_/Y (sky130_fd_sc_hd__a21oi_1)
                                         _04337_ (net)
                  0.07    0.00   13.38 v _17991_/C1 (sky130_fd_sc_hd__o311a_1)
     1    0.00    0.05    0.11   13.49 v _17991_/X (sky130_fd_sc_hd__o311a_1)
                                         _04338_ (net)
                  0.05    0.00   13.49 v _17992_/B1_N (sky130_fd_sc_hd__a21boi_2)
     2    0.01    0.10    0.17   13.65 v _17992_/Y (sky130_fd_sc_hd__a21boi_2)
                                         _04339_ (net)
                  0.10    0.00   13.66 v _25050_/A (sky130_fd_sc_hd__nor3_2)
     1    0.01    0.19    0.24   13.90 ^ _25050_/Y (sky130_fd_sc_hd__nor3_2)
                                         _08972_ (net)
                  0.19    0.00   13.90 ^ _25051_/B (sky130_fd_sc_hd__xnor2_1)
     1    0.00    0.13    0.14   14.04 ^ _25051_/Y (sky130_fd_sc_hd__xnor2_1)
                                         _08973_ (net)
                  0.13    0.00   14.04 ^ _25053_/A2 (sky130_fd_sc_hd__o21ai_1)
     1    0.00    0.10    0.07   14.11 v _25053_/Y (sky130_fd_sc_hd__o21ai_1)
                                         _03136_ (net)
                  0.10    0.00   14.11 v digest[255]$_DFFE_PN0P_/D (sky130_fd_sc_hd__dfrtp_1)
                                 14.11   data arrival time

                         13.75   13.75   clock core_clock (rise edge)
                          0.00   13.75   clock source latency
     2    0.11    0.00    0.00   13.75 ^ clk (in)
                                         clk (net)
                  0.01    0.00   13.75 ^ clkbuf_0_clk/A (sky130_fd_sc_hd__clkbuf_16)
     4    0.17    0.19    0.22   13.98 ^ clkbuf_0_clk/X (sky130_fd_sc_hd__clkbuf_16)
                                         clknet_0_clk (net)
                  0.19    0.01   13.98 ^ clkbuf_2_1_0_clk/A (sky130_fd_sc_hd__clkbuf_16)
     8    0.16    0.18    0.28   14.26 ^ clkbuf_2_1_0_clk/X (sky130_fd_sc_hd__clkbuf_16)
                                         clknet_2_1_0_clk (net)
                  0.18    0.00   14.26 ^ clkbuf_5_11__f_clk/A (sky130_fd_sc_hd__clkbuf_16)
    11    0.13    0.15    0.25   14.52 ^ clkbuf_5_11__f_clk/X (sky130_fd_sc_hd__clkbuf_16)
                                         clknet_5_11__leaf_clk (net)
                  0.15    0.00   14.52 ^ clkbuf_leaf_71_clk/A (sky130_fd_sc_hd__clkbuf_16)
     8    0.03    0.06    0.17   14.69 ^ clkbuf_leaf_71_clk/X (sky130_fd_sc_hd__clkbuf_16)
                                         clknet_leaf_71_clk (net)
                  0.06    0.00   14.70 ^ digest[255]$_DFFE_PN0P_/CLK (sky130_fd_sc_hd__dfrtp_1)
                          0.00   14.70   clock reconvergence pessimism
                         -0.14   14.56   library setup time
                                 14.56   data required time
-----------------------------------------------------------------------------
                                 14.56   data required time
                                -14.11   data arrival time
-----------------------------------------------------------------------------
                                  0.45   slack (MET)


Startpoint: digest[36]$_DFFE_PN0P_
            (rising edge-triggered flip-flop clocked by core_clock)
Endpoint: digest[36] (output port clocked by vclk)
Path Group: vclk
Path Type: max

Fanout     Cap    Slew   Delay    Time   Description
-----------------------------------------------------------------------------
                          0.00    0.00   clock core_clock (rise edge)
                          0.00    0.00   clock source latency
     2    0.11    0.00    0.00    0.00 ^ clk (in)
                                         clk (net)
                  0.01    0.00    0.00 ^ clkbuf_0_clk/A (sky130_fd_sc_hd__clkbuf_16)
     4    0.17    0.19    0.22    0.23 ^ clkbuf_0_clk/X (sky130_fd_sc_hd__clkbuf_16)
                                         clknet_0_clk (net)
                  0.19    0.01    0.23 ^ clkbuf_2_3_0_clk/A (sky130_fd_sc_hd__clkbuf_16)
     8    0.17    0.18    0.28    0.51 ^ clkbuf_2_3_0_clk/X (sky130_fd_sc_hd__clkbuf_16)
                                         clknet_2_3_0_clk (net)
                  0.18    0.01    0.52 ^ clkbuf_5_27__f_clk/A (sky130_fd_sc_hd__clkbuf_16)
    10    0.14    0.15    0.26    0.78 ^ clkbuf_5_27__f_clk/X (sky130_fd_sc_hd__clkbuf_16)
                                         clknet_5_27__leaf_clk (net)
                  0.15    0.00    0.78 ^ clkbuf_leaf_108_clk/A (sky130_fd_sc_hd__clkbuf_16)
    12    0.04    0.06    0.18    0.96 ^ clkbuf_leaf_108_clk/X (sky130_fd_sc_hd__clkbuf_16)
                                         clknet_leaf_108_clk (net)
                  0.06    0.00    0.96 ^ digest[36]$_DFFE_PN0P_/CLK (sky130_fd_sc_hd__dfrtp_1)
     2    0.01    0.13    0.39    1.35 ^ digest[36]$_DFFE_PN0P_/Q (sky130_fd_sc_hd__dfrtp_1)
                                         net700 (net)
                  0.13    0.00    1.35 ^ output701/A (sky130_fd_sc_hd__clkdlybuf4s50_1)
     1    0.06    0.57    0.87    2.22 ^ output701/X (sky130_fd_sc_hd__clkdlybuf4s50_1)
                                         digest[36] (net)
                  0.57    0.01    2.23 ^ digest[36] (out)
                                  2.23   data arrival time

                  0.00   13.75   13.75   clock vclk (rise edge)
                          0.00   13.75   clock network delay (ideal)
                          0.00   13.75   clock reconvergence pessimism
                         -2.75   11.00   output external delay
                                 11.00   data required time
-----------------------------------------------------------------------------
                                 11.00   data required time
                                 -2.23   data arrival time
-----------------------------------------------------------------------------
                                  8.77   slack (MET)



==========================================================================
finish report_check_types -max_slew -max_cap -max_fanout -violators
--------------------------------------------------------------------------

==========================================================================
finish max_slew_check_slack
--------------------------------------------------------------------------
0.2187727838754654

==========================================================================
finish max_slew_check_limit
--------------------------------------------------------------------------
1.4944789409637451

==========================================================================
finish max_slew_check_slack_limit
--------------------------------------------------------------------------
0.1464

==========================================================================
finish max_fanout_check_slack
--------------------------------------------------------------------------
1.0000000150474662e+30

==========================================================================
finish max_fanout_check_limit
--------------------------------------------------------------------------
1.0000000150474662e+30

==========================================================================
finish max_capacitance_check_slack
--------------------------------------------------------------------------
0.008220843970775604

==========================================================================
finish max_capacitance_check_limit
--------------------------------------------------------------------------
0.05036399886012077

==========================================================================
finish max_capacitance_check_slack_limit
--------------------------------------------------------------------------
0.1632

==========================================================================
finish max_slew_violation_count
--------------------------------------------------------------------------
max slew violation count 0

==========================================================================
finish max_fanout_violation_count
--------------------------------------------------------------------------
max fanout violation count 0

==========================================================================
finish max_cap_violation_count
--------------------------------------------------------------------------
max cap violation count 0

==========================================================================
finish setup_violation_count
--------------------------------------------------------------------------
setup violation count 0

==========================================================================
finish hold_violation_count
--------------------------------------------------------------------------
hold violation count 0

==========================================================================
finish report_checks -path_delay max reg to reg
--------------------------------------------------------------------------
Startpoint: round[1]$_DFFE_PN0P_
            (rising edge-triggered flip-flop clocked by core_clock)
Endpoint: digest[255]$_DFFE_PN0P_
          (rising edge-triggered flip-flop clocked by core_clock)
Path Group: core_clock
Path Type: max

  Delay    Time   Description
---------------------------------------------------------
   0.00    0.00   clock core_clock (rise edge)
   0.00    0.00   clock source latency
   0.00    0.00 ^ clk (in)
   0.23    0.23 ^ clkbuf_0_clk/X (sky130_fd_sc_hd__clkbuf_16)
   0.28    0.51 ^ clkbuf_2_1_0_clk/X (sky130_fd_sc_hd__clkbuf_16)
   0.26    0.77 ^ clkbuf_5_13__f_clk/X (sky130_fd_sc_hd__clkbuf_16)
   0.18    0.95 ^ clkbuf_leaf_28_clk/X (sky130_fd_sc_hd__clkbuf_16)
   0.00    0.95 ^ round[1]$_DFFE_PN0P_/CLK (sky130_fd_sc_hd__dfrtp_4)
   0.46    1.41 ^ round[1]$_DFFE_PN0P_/Q (sky130_fd_sc_hd__dfrtp_4)
   0.06    1.47 v _12950_/Y (sky130_fd_sc_hd__inv_2)
   0.45    1.91 ^ _25435_/SUM (sky130_fd_sc_hd__ha_4)
   0.22    2.14 ^ rebuffer3334/X (sky130_fd_sc_hd__buf_6)
   0.23    2.37 ^ clone3356/X (sky130_fd_sc_hd__clkbuf_16)
   0.24    2.61 ^ clone3335/X (sky130_fd_sc_hd__clkbuf_16)
   0.30    2.91 ^ place3001/X (sky130_fd_sc_hd__buf_6)
   0.37    3.28 v _24675_/X (sky130_fd_sc_hd__mux4_2)
   0.62    3.90 v _24676_/X (sky130_fd_sc_hd__mux4_2)
   0.63    4.53 v _24687_/X (sky130_fd_sc_hd__mux4_2)
   0.23    4.76 ^ _24755_/Y (sky130_fd_sc_hd__xnor2_1)
   0.16    4.92 ^ _24756_/Y (sky130_fd_sc_hd__xnor2_1)
   0.50    5.41 v _25383_/SUM (sky130_fd_sc_hd__fa_1)
   0.48    5.89 v _25376_/COUT (sky130_fd_sc_hd__fa_1)
   0.35    6.24 v _25443_/SUM (sky130_fd_sc_hd__ha_1)
   0.18    6.41 v _13216_/X (sky130_fd_sc_hd__a21o_1)
   0.18    6.60 ^ _13217_/Y (sky130_fd_sc_hd__a21oi_1)
   0.13    6.72 v _13219_/Y (sky130_fd_sc_hd__o21ai_0)
   0.35    7.07 ^ _13222_/Y (sky130_fd_sc_hd__a221oi_1)
   0.22    7.28 ^ place2768/X (sky130_fd_sc_hd__buf_4)
   0.39    7.67 ^ _13485_/Y (sky130_fd_sc_hd__a21boi_0)
   0.11    7.78 v _13602_/Y (sky130_fd_sc_hd__o21bai_1)
   0.18    7.96 ^ _13603_/Y (sky130_fd_sc_hd__a21oi_1)
   0.20    8.16 ^ _13604_/Y (sky130_fd_sc_hd__xnor2_1)
   0.14    8.30 v _13605_/Y (sky130_fd_sc_hd__mux2i_4)
   0.18    8.48 v place2730/X (sky130_fd_sc_hd__buf_12)
   0.16    8.64 ^ _13608_/Y (sky130_fd_sc_hd__inv_1)
   0.47    9.11 v _25297_/SUM (sky130_fd_sc_hd__fa_1)
   0.52    9.63 v _25269_/SUM (sky130_fd_sc_hd__fa_1)
   0.49   10.12 v _25240_/SUM (sky130_fd_sc_hd__fa_1)
   0.34   10.45 ^ _25400_/SUM (sky130_fd_sc_hd__ha_1)
   0.19   10.64 v _16473_/Y (sky130_fd_sc_hd__o2111ai_1)
   0.18   10.83 v place2593/X (sky130_fd_sc_hd__buf_4)
   0.25   11.07 ^ _16477_/Y (sky130_fd_sc_hd__o211ai_1)
   0.19   11.26 v _16481_/Y (sky130_fd_sc_hd__a31oi_1)
   0.19   11.45 ^ _16507_/Y (sky130_fd_sc_hd__o21bai_1)
   0.55   12.00 ^ _16508_/X (sky130_fd_sc_hd__xor2_1)
   0.52   12.52 v _25354_/SUM (sky130_fd_sc_hd__fa_1)
   0.33   12.85 v _25391_/SUM (sky130_fd_sc_hd__ha_1)
   0.31   13.16 v _17985_/X (sky130_fd_sc_hd__or2_2)
   0.15   13.31 ^ _17989_/Y (sky130_fd_sc_hd__mux2i_1)
   0.07   13.38 v _17990_/Y (sky130_fd_sc_hd__a21oi_1)
   0.11   13.49 v _17991_/X (sky130_fd_sc_hd__o311a_1)
   0.17   13.65 v _17992_/Y (sky130_fd_sc_hd__a21boi_2)
   0.24   13.90 ^ _25050_/Y (sky130_fd_sc_hd__nor3_2)
   0.14   14.04 ^ _25051_/Y (sky130_fd_sc_hd__xnor2_1)
   0.07   14.11 v _25053_/Y (sky130_fd_sc_hd__o21ai_1)
   0.00   14.11 v digest[255]$_DFFE_PN0P_/D (sky130_fd_sc_hd__dfrtp_1)
          14.11   data arrival time

  13.75   13.75   clock core_clock (rise edge)
   0.00   13.75   clock source latency
   0.00   13.75 ^ clk (in)
   0.23   13.98 ^ clkbuf_0_clk/X (sky130_fd_sc_hd__clkbuf_16)
   0.28   14.26 ^ clkbuf_2_1_0_clk/X (sky130_fd_sc_hd__clkbuf_16)
   0.26   14.52 ^ clkbuf_5_11__f_clk/X (sky130_fd_sc_hd__clkbuf_16)
   0.18   14.69 ^ clkbuf_leaf_71_clk/X (sky130_fd_sc_hd__clkbuf_16)
   0.00   14.70 ^ digest[255]$_DFFE_PN0P_/CLK (sky130_fd_sc_hd__dfrtp_1)
   0.00   14.70   clock reconvergence pessimism
  -0.14   14.56   library setup time
          14.56   data required time
---------------------------------------------------------
          14.56   data required time
         -14.11   data arrival time
---------------------------------------------------------
           0.45   slack (MET)



==========================================================================
finish report_checks -path_delay min reg to reg
--------------------------------------------------------------------------
Startpoint: digest[130]$_DFFE_PN0P_
            (rising edge-triggered flip-flop clocked by core_clock)
Endpoint: digest[130]$_DFFE_PN0P_
          (rising edge-triggered flip-flop clocked by core_clock)
Path Group: core_clock
Path Type: min

  Delay    Time   Description
---------------------------------------------------------
   0.00    0.00   clock core_clock (rise edge)
   0.00    0.00   clock source latency
   0.00    0.00 ^ clk (in)
   0.23    0.23 ^ clkbuf_0_clk/X (sky130_fd_sc_hd__clkbuf_16)
   0.28    0.51 ^ clkbuf_2_1_0_clk/X (sky130_fd_sc_hd__clkbuf_16)
   0.26    0.77 ^ clkbuf_5_11__f_clk/X (sky130_fd_sc_hd__clkbuf_16)
   0.18    0.95 ^ clkbuf_leaf_65_clk/X (sky130_fd_sc_hd__clkbuf_16)
   0.00    0.95 ^ digest[130]$_DFFE_PN0P_/CLK (sky130_fd_sc_hd__dfrtp_1)
   0.34    1.28 ^ digest[130]$_DFFE_PN0P_/Q (sky130_fd_sc_hd__dfrtp_1)
   0.05    1.33 v _18547_/Y (sky130_fd_sc_hd__nand2_1)
   0.06    1.39 ^ _18548_/Y (sky130_fd_sc_hd__nand2_1)
   0.00    1.39 ^ digest[130]$_DFFE_PN0P_/D (sky130_fd_sc_hd__dfrtp_1)
           1.39   data arrival time

   0.00    0.00   clock core_clock (rise edge)
   0.00    0.00   clock source latency
   0.00    0.00 ^ clk (in)
   0.23    0.23 ^ clkbuf_0_clk/X (sky130_fd_sc_hd__clkbuf_16)
   0.28    0.51 ^ clkbuf_2_1_0_clk/X (sky130_fd_sc_hd__clkbuf_16)
   0.26    0.77 ^ clkbuf_5_11__f_clk/X (sky130_fd_sc_hd__clkbuf_16)
   0.18    0.95 ^ clkbuf_leaf_65_clk/X (sky130_fd_sc_hd__clkbuf_16)
   0.00    0.95 ^ digest[130]$_DFFE_PN0P_/CLK (sky130_fd_sc_hd__dfrtp_1)
   0.00    0.95   clock reconvergence pessimism
  -0.03    0.92   library hold time
           0.92   data required time
---------------------------------------------------------
           0.92   data required time
          -1.39   data arrival time
---------------------------------------------------------
           0.47   slack (MET)



==========================================================================
finish critical path target clock latency max path
--------------------------------------------------------------------------
0.9127

==========================================================================
finish critical path target clock latency min path
--------------------------------------------------------------------------
0.9328

==========================================================================
finish critical path source clock latency min path
--------------------------------------------------------------------------
0.0000

==========================================================================
finish critical path delay
--------------------------------------------------------------------------
14.1100

==========================================================================
finish critical path slack
--------------------------------------------------------------------------
0.4502

==========================================================================
finish slack div critical path delay
--------------------------------------------------------------------------
3.190645

==========================================================================
finish report_power
--------------------------------------------------------------------------
Group                  Internal  Switching    Leakage      Total
                          Power      Power      Power      Power (Watts)
----------------------------------------------------------------
Sequential             1.14e-02   3.56e-03   3.40e-08   1.50e-02   3.5%
Combinational          1.82e-01   2.23e-01   4.19e-08   4.05e-01  94.5%
Clock                  5.07e-03   3.58e-03   5.13e-09   8.65e-03   2.0%
Macro                  0.00e+00   0.00e+00   0.00e+00   0.00e+00   0.0%
Pad                    0.00e+00   0.00e+00   0.00e+00   0.00e+00   0.0%
----------------------------------------------------------------
Total                  1.98e-01   2.30e-01   8.11e-08   4.28e-01 100.0%
                          46.3%      53.7%       0.0%
