
==========================================================================
resizer report_tns
--------------------------------------------------------------------------
tns max -0.19

==========================================================================
resizer report_wns
--------------------------------------------------------------------------
wns max -0.10

==========================================================================
resizer report_worst_slack
--------------------------------------------------------------------------
worst slack max -0.10

==========================================================================
resizer report_clock_min_period
--------------------------------------------------------------------------
core_clock period_min = 12.60 fmax = 79.35
vclk period_min = 0.00 fmax = inf

==========================================================================
resizer report_checks -path_delay min
--------------------------------------------------------------------------
Startpoint: rst_n (input port clocked by vclk)
Endpoint: W[546]$_DFFE_PN0P_
          (removal check against rising-edge clock core_clock)
Path Group: asynchronous
Path Type: min

Fanout     Cap    Slew   Delay    Time   Description
-----------------------------------------------------------------------------
                  0.00    0.00    0.00   clock vclk (rise edge)
                          0.00    0.00   clock network delay (ideal)
                          2.50    2.50 ^ input external delay
     1    0.02    0.00    0.00    2.50 ^ rst_n (in)
                                         rst_n (net)
                  0.00    0.00    2.50 ^ input514/A (sky130_fd_sc_hd__buf_16)
   134    0.74    0.76    0.53    3.03 ^ input514/X (sky130_fd_sc_hd__buf_16)
                                         net513 (net)
                  0.76    0.01    3.04 ^ W[546]$_DFFE_PN0P_/RESET_B (sky130_fd_sc_hd__dfrtp_1)
                                  3.04   data arrival time

                  0.00    0.00    0.00   clock core_clock (rise edge)
                          0.00    0.00   clock network delay (ideal)
                          0.00    0.00   clock reconvergence pessimism
                                  0.00 ^ W[546]$_DFFE_PN0P_/CLK (sky130_fd_sc_hd__dfrtp_1)
                          0.50    0.50   library removal time
                                  0.50   data required time
-----------------------------------------------------------------------------
                                  0.50   data required time
                                 -3.04   data arrival time
-----------------------------------------------------------------------------
                                  2.53   slack (MET)


Startpoint: digest[55]$_DFFE_PN0P_
            (rising edge-triggered flip-flop clocked by core_clock)
Endpoint: digest[55]$_DFFE_PN0P_
          (rising edge-triggered flip-flop clocked by core_clock)
Path Group: core_clock
Path Type: min

Fanout     Cap    Slew   Delay    Time   Description
-----------------------------------------------------------------------------
                  0.00    0.00    0.00   clock core_clock (rise edge)
                          0.00    0.00   clock network delay (ideal)
                  0.00    0.00    0.00 ^ digest[55]$_DFFE_PN0P_/CLK (sky130_fd_sc_hd__dfrtp_1)
     2    0.01    0.07    0.32    0.32 ^ digest[55]$_DFFE_PN0P_/Q (sky130_fd_sc_hd__dfrtp_1)
                                         net721 (net)
                  0.07    0.00    0.32 ^ _19072_/A (sky130_fd_sc_hd__nand2_1)
     1    0.00    0.03    0.05    0.36 v _19072_/Y (sky130_fd_sc_hd__nand2_1)
                                         _05221_ (net)
                  0.03    0.00    0.36 v _19073_/B1 (sky130_fd_sc_hd__o21ai_0)
     1    0.00    0.06    0.06    0.42 ^ _19073_/Y (sky130_fd_sc_hd__o21ai_0)
                                         _00967_ (net)
                  0.06    0.00    0.42 ^ digest[55]$_DFFE_PN0P_/D (sky130_fd_sc_hd__dfrtp_1)
                                  0.42   data arrival time

                  0.00    0.00    0.00   clock core_clock (rise edge)
                          0.00    0.00   clock network delay (ideal)
                          0.00    0.00   clock reconvergence pessimism
                                  0.00 ^ digest[55]$_DFFE_PN0P_/CLK (sky130_fd_sc_hd__dfrtp_1)
                         -0.04   -0.04   library hold time
                                 -0.04   data required time
-----------------------------------------------------------------------------
                                 -0.04   data required time
                                 -0.42   data arrival time
-----------------------------------------------------------------------------
                                  0.46   slack (MET)


Startpoint: digest[55]$_DFFE_PN0P_
            (rising edge-triggered flip-flop clocked by core_clock)
Endpoint: digest[55] (output port clocked by vclk)
Path Group: vclk
Path Type: min

Fanout     Cap    Slew   Delay    Time   Description
-----------------------------------------------------------------------------
                  0.00    0.00    0.00   clock core_clock (rise edge)
                          0.00    0.00   clock network delay (ideal)
                  0.00    0.00    0.00 ^ digest[55]$_DFFE_PN0P_/CLK (sky130_fd_sc_hd__dfrtp_1)
     2    0.01    0.05    0.35    0.35 v digest[55]$_DFFE_PN0P_/Q (sky130_fd_sc_hd__dfrtp_1)
                                         net721 (net)
                  0.05    0.00    0.35 v output722/A (sky130_fd_sc_hd__clkdlybuf4s50_1)
     1    0.00    0.04    0.40    0.75 v output722/X (sky130_fd_sc_hd__clkdlybuf4s50_1)
                                         digest[55] (net)
                  0.04    0.00    0.75 v digest[55] (out)
                                  0.75   data arrival time

                  0.00    0.00    0.00   clock vclk (rise edge)
                          0.00    0.00   clock network delay (ideal)
                          0.00    0.00   clock reconvergence pessimism
                         -2.50   -2.50   output external delay
                                 -2.50   data required time
-----------------------------------------------------------------------------
                                 -2.50   data required time
                                 -0.75   data arrival time
-----------------------------------------------------------------------------
                                  3.25   slack (MET)



==========================================================================
resizer report_checks -path_delay max
--------------------------------------------------------------------------
Startpoint: rst_n (input port clocked by vclk)
Endpoint: digest[28]$_DFFE_PN0P_
          (recovery check against rising-edge clock core_clock)
Path Group: asynchronous
Path Type: max

Fanout     Cap    Slew   Delay    Time   Description
-----------------------------------------------------------------------------
                  0.00    0.00    0.00   clock vclk (rise edge)
                          0.00    0.00   clock network delay (ideal)
                          2.50    2.50 ^ input external delay
     1    0.02    0.00    0.00    2.50 ^ rst_n (in)
                                         rst_n (net)
                  0.00    0.00    2.50 ^ input514/A (sky130_fd_sc_hd__buf_16)
   134    0.74    0.76    0.53    3.03 ^ input514/X (sky130_fd_sc_hd__buf_16)
                                         net513 (net)
                  0.80    0.14    3.16 ^ place4020/A (sky130_fd_sc_hd__buf_4)
    33    0.18    0.49    0.57    3.73 ^ place4020/X (sky130_fd_sc_hd__buf_4)
                                         net4019 (net)
                  0.49    0.01    3.74 ^ place4013/A (sky130_fd_sc_hd__buf_12)
   140    0.75    0.83    0.68    4.42 ^ place4013/X (sky130_fd_sc_hd__buf_12)
                                         net4012 (net)
                  0.86    0.11    4.53 ^ place4012/A (sky130_fd_sc_hd__buf_4)
    64    0.30    0.80    0.78    5.31 ^ place4012/X (sky130_fd_sc_hd__buf_4)
                                         net4011 (net)
                  0.80    0.01    5.32 ^ digest[28]$_DFFE_PN0P_/RESET_B (sky130_fd_sc_hd__dfrtp_1)
                                  5.32   data arrival time

                  0.00   12.50   12.50   clock core_clock (rise edge)
                          0.00   12.50   clock network delay (ideal)
                          0.00   12.50   clock reconvergence pessimism
                                 12.50 ^ digest[28]$_DFFE_PN0P_/CLK (sky130_fd_sc_hd__dfrtp_1)
                          0.02   12.52   library recovery time
                                 12.52   data required time
-----------------------------------------------------------------------------
                                 12.52   data required time
                                 -5.32   data arrival time
-----------------------------------------------------------------------------
                                  7.19   slack (MET)


Startpoint: round[1]$_DFFE_PN0P_
            (rising edge-triggered flip-flop clocked by core_clock)
Endpoint: digest[255]$_DFFE_PN0P_
          (rising edge-triggered flip-flop clocked by core_clock)
Path Group: core_clock
Path Type: max

Fanout     Cap    Slew   Delay    Time   Description
-----------------------------------------------------------------------------
                  0.00    0.00    0.00   clock core_clock (rise edge)
                          0.00    0.00   clock network delay (ideal)
                  0.00    0.00    0.00 ^ round[1]$_DFFE_PN0P_/CLK (sky130_fd_sc_hd__dfrtp_4)
     5    0.03    0.12    0.45    0.45 ^ round[1]$_DFFE_PN0P_/Q (sky130_fd_sc_hd__dfrtp_4)
                                         round[1] (net)
                  0.12    0.00    0.45 ^ _12950_/A (sky130_fd_sc_hd__clkinv_4)
     2    0.01    0.05    0.07    0.52 v _12950_/Y (sky130_fd_sc_hd__clkinv_4)
                                         _09067_ (net)
                  0.05    0.00    0.52 v _25435_/B (sky130_fd_sc_hd__ha_4)
     3    0.02    0.07    0.29    0.82 ^ _25435_/SUM (sky130_fd_sc_hd__ha_4)
                                         _00451_ (net)
                  0.07    0.00    0.82 ^ rebuffer4025/A (sky130_fd_sc_hd__buf_12)
     3    0.07    0.09    0.14    0.96 ^ rebuffer4025/X (sky130_fd_sc_hd__buf_12)
                                         net4024 (net)
                  0.09    0.01    0.97 ^ place3471/A (sky130_fd_sc_hd__buf_16)
     8    0.11    0.12    0.17    1.14 ^ place3471/X (sky130_fd_sc_hd__buf_16)
                                         net3470 (net)
                  0.12    0.00    1.14 ^ place3470/A (sky130_fd_sc_hd__buf_12)
    11    0.08    0.10    0.17    1.31 ^ place3470/X (sky130_fd_sc_hd__buf_12)
                                         net3469 (net)
                  0.10    0.01    1.32 ^ place3468/A (sky130_fd_sc_hd__buf_12)
    15    0.09    0.12    0.17    1.48 ^ place3468/X (sky130_fd_sc_hd__buf_12)
                                         net3467 (net)
                  0.12    0.02    1.50 ^ _24703_/S1 (sky130_fd_sc_hd__mux4_2)
     1    0.00    0.08    0.30    1.80 v _24703_/X (sky130_fd_sc_hd__mux4_2)
                                         _08678_ (net)
                  0.08    0.00    1.80 v _24704_/A3 (sky130_fd_sc_hd__mux4_2)
     1    0.04    0.16    0.61    2.41 v _24704_/X (sky130_fd_sc_hd__mux4_2)
                                         _08679_ (net)
                  0.16    0.00    2.41 v _24710_/A2 (sky130_fd_sc_hd__mux4_2)
     3    0.04    0.18    0.64    3.06 v _24710_/X (sky130_fd_sc_hd__mux4_2)
                                         _08685_ (net)
                  0.18    0.01    3.06 v _24855_/A (sky130_fd_sc_hd__xnor2_2)
     1    0.01    0.06    0.19    3.25 v _24855_/Y (sky130_fd_sc_hd__xnor2_2)
                                         _08821_ (net)
                  0.06    0.00    3.25 v _24856_/A (sky130_fd_sc_hd__xnor2_1)
     1    0.01    0.21    0.22    3.48 ^ _24856_/Y (sky130_fd_sc_hd__xnor2_1)
                                         _00256_ (net)
                  0.21    0.00    3.48 ^ place3075/A (sky130_fd_sc_hd__buf_4)
     1    0.01    0.03    0.15    3.63 ^ place3075/X (sky130_fd_sc_hd__buf_4)
                                         net3074 (net)
                  0.03    0.00    3.63 ^ _25335_/CIN (sky130_fd_sc_hd__fa_1)
     1    0.01    0.10    0.43    4.06 v _25335_/SUM (sky130_fd_sc_hd__fa_1)
                                         _12823_ (net)
                  0.10    0.00    4.06 v _25360_/A (sky130_fd_sc_hd__fa_1)
     1    0.00    0.08    0.49    4.55 v _25360_/SUM (sky130_fd_sc_hd__fa_1)
                                         _12872_ (net)
                  0.08    0.00    4.55 v _25473_/A (sky130_fd_sc_hd__ha_1)
     2    0.01    0.07    0.31    4.86 ^ _25473_/SUM (sky130_fd_sc_hd__ha_1)
                                         _00518_ (net)
                  0.07    0.00    4.86 ^ _13200_/A (sky130_fd_sc_hd__inv_1)
     3    0.01    0.07    0.08    4.94 v _13200_/Y (sky130_fd_sc_hd__inv_1)
                                         _09315_ (net)
                  0.07    0.00    4.94 v _13205_/A1 (sky130_fd_sc_hd__o211ai_1)
     2    0.01    0.27    0.28    5.22 ^ _13205_/Y (sky130_fd_sc_hd__o211ai_1)
                                         _09320_ (net)
                  0.27    0.00    5.22 ^ _13209_/B (sky130_fd_sc_hd__nand2_2)
     4    0.02    0.09    0.13    5.35 v _13209_/Y (sky130_fd_sc_hd__nand2_2)
                                         _09324_ (net)
                  0.09    0.00    5.35 v _13840_/A2 (sky130_fd_sc_hd__o21a_1)
     1    0.00    0.04    0.19    5.54 v _13840_/X (sky130_fd_sc_hd__o21a_1)
                                         _09945_ (net)
                  0.04    0.00    5.54 v _13841_/A2 (sky130_fd_sc_hd__o21ai_2)
     1    0.01    0.16    0.16    5.70 ^ _13841_/Y (sky130_fd_sc_hd__o21ai_2)
                                         _09946_ (net)
                  0.16    0.00    5.70 ^ _13842_/A2 (sky130_fd_sc_hd__a21oi_2)
     2    0.01    0.05    0.08    5.78 v _13842_/Y (sky130_fd_sc_hd__a21oi_2)
                                         _09947_ (net)
                  0.05    0.00    5.78 v _13843_/A2 (sky130_fd_sc_hd__o21bai_1)
     1    0.00    0.14    0.14    5.93 ^ _13843_/Y (sky130_fd_sc_hd__o21bai_1)
                                         _09948_ (net)
                  0.14    0.00    5.93 ^ _13844_/A1 (sky130_fd_sc_hd__a21oi_2)
     2    0.01    0.06    0.08    6.01 v _13844_/Y (sky130_fd_sc_hd__a21oi_2)
                                         _09949_ (net)
                  0.06    0.00    6.01 v place2964/A (sky130_fd_sc_hd__buf_4)
     1    0.01    0.03    0.14    6.15 v place2964/X (sky130_fd_sc_hd__buf_4)
                                         net2963 (net)
                  0.03    0.00    6.15 v _13845_/A2 (sky130_fd_sc_hd__o21bai_1)
     1    0.00    0.12    0.12    6.27 ^ _13845_/Y (sky130_fd_sc_hd__o21bai_1)
                                         _09950_ (net)
                  0.12    0.00    6.27 ^ _13846_/A1 (sky130_fd_sc_hd__a21oi_1)
     1    0.01    0.07    0.10    6.37 v _13846_/Y (sky130_fd_sc_hd__a21oi_1)
                                         _09951_ (net)
                  0.07    0.00    6.37 v _13847_/A (sky130_fd_sc_hd__xnor2_1)
     1    0.01    0.26    0.26    6.63 ^ _13847_/Y (sky130_fd_sc_hd__xnor2_1)
                                         _09952_ (net)
                  0.26    0.00    6.63 ^ _13848_/A1 (sky130_fd_sc_hd__mux2i_4)
     1    0.01    0.14    0.12    6.75 v _13848_/Y (sky130_fd_sc_hd__mux2i_4)
                                         _09953_ (net)
                  0.14    0.00    6.75 v rebuffer4022/A (sky130_fd_sc_hd__buf_12)
     2    0.04    0.04    0.18    6.93 v rebuffer4022/X (sky130_fd_sc_hd__buf_12)
                                         net4021 (net)
                  0.04    0.01    6.94 v _13851_/A (sky130_fd_sc_hd__inv_2)
     1    0.02    0.08    0.09    7.02 ^ _13851_/Y (sky130_fd_sc_hd__inv_2)
                                         _00182_ (net)
                  0.08    0.00    7.02 ^ _25301_/A (sky130_fd_sc_hd__fa_1)
     1    0.01    0.11    0.44    7.46 v _25301_/SUM (sky130_fd_sc_hd__fa_1)
                                         _12756_ (net)
                  0.11    0.00    7.46 v _25273_/B (sky130_fd_sc_hd__fa_1)
     1    0.01    0.12    0.54    8.00 v _25273_/SUM (sky130_fd_sc_hd__fa_1)
                                         _12667_ (net)
                  0.12    0.00    8.00 v _25244_/A (sky130_fd_sc_hd__fa_1)
     1    0.01    0.11    0.55    8.55 v _25244_/SUM (sky130_fd_sc_hd__fa_1)
                                         _12669_ (net)
                  0.11    0.00    8.55 v _25464_/A (sky130_fd_sc_hd__ha_4)
     4    0.01    0.05    0.30    8.85 ^ _25464_/SUM (sky130_fd_sc_hd__ha_4)
                                         _00502_ (net)
                  0.05    0.00    8.85 ^ _16488_/C (sky130_fd_sc_hd__nand3_1)
     1    0.00    0.06    0.07    8.93 v _16488_/Y (sky130_fd_sc_hd__nand3_1)
                                         _12457_ (net)
                  0.06    0.00    8.93 v _16494_/A3 (sky130_fd_sc_hd__o31a_1)
     2    0.01    0.07    0.27    9.20 v _16494_/X (sky130_fd_sc_hd__o31a_1)
                                         _12463_ (net)
                  0.07    0.00    9.20 v _16524_/A1 (sky130_fd_sc_hd__o21bai_1)
     1    0.01    0.22    0.23    9.43 ^ _16524_/Y (sky130_fd_sc_hd__o21bai_1)
                                         _12485_ (net)
                  0.22    0.00    9.43 ^ _16525_/B (sky130_fd_sc_hd__xor2_2)
     2    0.02    0.26    0.27    9.70 ^ _16525_/X (sky130_fd_sc_hd__xor2_2)
                                         _00021_ (net)
                  0.26    0.00    9.71 ^ _25203_/A (sky130_fd_sc_hd__fa_1)
     1    0.01    0.11    0.48   10.18 v _25203_/SUM (sky130_fd_sc_hd__fa_1)
                                         _12566_ (net)
                  0.11    0.00   10.18 v _25403_/A (sky130_fd_sc_hd__ha_4)
     4    0.02    0.06    0.29   10.47 v _25403_/SUM (sky130_fd_sc_hd__ha_4)
                                         _00389_ (net)
                  0.06    0.00   10.47 v _17790_/A2 (sky130_fd_sc_hd__a21oi_4)
     2    0.01    0.12    0.16   10.63 ^ _17790_/Y (sky130_fd_sc_hd__a21oi_4)
                                         _04138_ (net)
                  0.12    0.00   10.63 ^ _17791_/A (sky130_fd_sc_hd__nor2_2)
     2    0.01    0.05    0.08   10.71 v _17791_/Y (sky130_fd_sc_hd__nor2_2)
                                         _04139_ (net)
                  0.05    0.00   10.71 v place2597/A (sky130_fd_sc_hd__buf_4)
     1    0.00    0.02    0.13   10.84 v place2597/X (sky130_fd_sc_hd__buf_4)
                                         net2596 (net)
                  0.02    0.00   10.84 v _17960_/D (sky130_fd_sc_hd__or4_4)
     2    0.01    0.10    0.44   11.28 v _17960_/X (sky130_fd_sc_hd__or4_4)
                                         _04308_ (net)
                  0.10    0.00   11.28 v _17962_/A1 (sky130_fd_sc_hd__o21a_1)
     2    0.01    0.08    0.25   11.53 v _17962_/X (sky130_fd_sc_hd__o21a_1)
                                         _04310_ (net)
                  0.08    0.00   11.53 v _17986_/A2 (sky130_fd_sc_hd__o21ai_1)
     1    0.00    0.12    0.14   11.67 ^ _17986_/Y (sky130_fd_sc_hd__o21ai_1)
                                         _04333_ (net)
                  0.12    0.00   11.67 ^ _17987_/B (sky130_fd_sc_hd__nand2_1)
     1    0.00    0.04    0.07   11.74 v _17987_/Y (sky130_fd_sc_hd__nand2_1)
                                         _04334_ (net)
                  0.04    0.00   11.74 v _17991_/C1 (sky130_fd_sc_hd__o311a_1)
     1    0.00    0.05    0.10   11.84 v _17991_/X (sky130_fd_sc_hd__o311a_1)
                                         _04338_ (net)
                  0.05    0.00   11.84 v _17992_/B1_N (sky130_fd_sc_hd__a21boi_4)
     2    0.01    0.09    0.15   11.99 v _17992_/Y (sky130_fd_sc_hd__a21boi_4)
                                         _04339_ (net)
                  0.09    0.00   11.99 v _25050_/B (sky130_fd_sc_hd__nor3_2)
     1    0.01    0.19    0.22   12.21 ^ _25050_/Y (sky130_fd_sc_hd__nor3_2)
                                         _08972_ (net)
                  0.19    0.00   12.21 ^ _25051_/B (sky130_fd_sc_hd__xnor2_1)
     1    0.00    0.13    0.15   12.36 ^ _25051_/Y (sky130_fd_sc_hd__xnor2_1)
                                         _08973_ (net)
                  0.13    0.00   12.36 ^ _25053_/A2 (sky130_fd_sc_hd__o21ai_1)
     1    0.00    0.13    0.08   12.44 v _25053_/Y (sky130_fd_sc_hd__o21ai_1)
                                         _03136_ (net)
                  0.13    0.00   12.44 v digest[255]$_DFFE_PN0P_/D (sky130_fd_sc_hd__dfrtp_1)
                                 12.44   data arrival time

                  0.00   12.50   12.50   clock core_clock (rise edge)
                          0.00   12.50   clock network delay (ideal)
                          0.00   12.50   clock reconvergence pessimism
                                 12.50 ^ digest[255]$_DFFE_PN0P_/CLK (sky130_fd_sc_hd__dfrtp_1)
                         -0.16   12.34   library setup time
                                 12.34   data required time
-----------------------------------------------------------------------------
                                 12.34   data required time
                                -12.44   data arrival time
-----------------------------------------------------------------------------
                                 -0.10   slack (VIOLATED)


Startpoint: digest[249]$_DFFE_PN0P_
            (rising edge-triggered flip-flop clocked by core_clock)
Endpoint: digest[249] (output port clocked by vclk)
Path Group: vclk
Path Type: max

Fanout     Cap    Slew   Delay    Time   Description
-----------------------------------------------------------------------------
                  0.00    0.00    0.00   clock core_clock (rise edge)
                          0.00    0.00   clock network delay (ideal)
                  0.00    0.00    0.00 ^ digest[249]$_DFFE_PN0P_/CLK (sky130_fd_sc_hd__dfrtp_1)
     2    0.03    0.27    0.47    0.47 ^ digest[249]$_DFFE_PN0P_/Q (sky130_fd_sc_hd__dfrtp_1)
                                         net680 (net)
                  0.27    0.00    0.47 ^ output681/A (sky130_fd_sc_hd__clkdlybuf4s50_1)
     1    0.01    0.09    0.57    1.04 ^ output681/X (sky130_fd_sc_hd__clkdlybuf4s50_1)
                                         digest[249] (net)
                  0.09    0.00    1.04 ^ digest[249] (out)
                                  1.04   data arrival time

                  0.00   12.50   12.50   clock vclk (rise edge)
                          0.00   12.50   clock network delay (ideal)
                          0.00   12.50   clock reconvergence pessimism
                         -2.50   10.00   output external delay
                                 10.00   data required time
-----------------------------------------------------------------------------
                                 10.00   data required time
                                 -1.04   data arrival time
-----------------------------------------------------------------------------
                                  8.96   slack (MET)



==========================================================================
resizer report_checks -unconstrained
--------------------------------------------------------------------------
Startpoint: rst_n (input port clocked by vclk)
Endpoint: digest[28]$_DFFE_PN0P_
          (recovery check against rising-edge clock core_clock)
Path Group: asynchronous
Path Type: max

Fanout     Cap    Slew   Delay    Time   Description
-----------------------------------------------------------------------------
                  0.00    0.00    0.00   clock vclk (rise edge)
                          0.00    0.00   clock network delay (ideal)
                          2.50    2.50 ^ input external delay
     1    0.02    0.00    0.00    2.50 ^ rst_n (in)
                                         rst_n (net)
                  0.00    0.00    2.50 ^ input514/A (sky130_fd_sc_hd__buf_16)
   134    0.74    0.76    0.53    3.03 ^ input514/X (sky130_fd_sc_hd__buf_16)
                                         net513 (net)
                  0.80    0.14    3.16 ^ place4020/A (sky130_fd_sc_hd__buf_4)
    33    0.18    0.49    0.57    3.73 ^ place4020/X (sky130_fd_sc_hd__buf_4)
                                         net4019 (net)
                  0.49    0.01    3.74 ^ place4013/A (sky130_fd_sc_hd__buf_12)
   140    0.75    0.83    0.68    4.42 ^ place4013/X (sky130_fd_sc_hd__buf_12)
                                         net4012 (net)
                  0.86    0.11    4.53 ^ place4012/A (sky130_fd_sc_hd__buf_4)
    64    0.30    0.80    0.78    5.31 ^ place4012/X (sky130_fd_sc_hd__buf_4)
                                         net4011 (net)
                  0.80    0.01    5.32 ^ digest[28]$_DFFE_PN0P_/RESET_B (sky130_fd_sc_hd__dfrtp_1)
                                  5.32   data arrival time

                  0.00   12.50   12.50   clock core_clock (rise edge)
                          0.00   12.50   clock network delay (ideal)
                          0.00   12.50   clock reconvergence pessimism
                                 12.50 ^ digest[28]$_DFFE_PN0P_/CLK (sky130_fd_sc_hd__dfrtp_1)
                          0.02   12.52   library recovery time
                                 12.52   data required time
-----------------------------------------------------------------------------
                                 12.52   data required time
                                 -5.32   data arrival time
-----------------------------------------------------------------------------
                                  7.19   slack (MET)


Startpoint: round[1]$_DFFE_PN0P_
            (rising edge-triggered flip-flop clocked by core_clock)
Endpoint: digest[255]$_DFFE_PN0P_
          (rising edge-triggered flip-flop clocked by core_clock)
Path Group: core_clock
Path Type: max

Fanout     Cap    Slew   Delay    Time   Description
-----------------------------------------------------------------------------
                  0.00    0.00    0.00   clock core_clock (rise edge)
                          0.00    0.00   clock network delay (ideal)
                  0.00    0.00    0.00 ^ round[1]$_DFFE_PN0P_/CLK (sky130_fd_sc_hd__dfrtp_4)
     5    0.03    0.12    0.45    0.45 ^ round[1]$_DFFE_PN0P_/Q (sky130_fd_sc_hd__dfrtp_4)
                                         round[1] (net)
                  0.12    0.00    0.45 ^ _12950_/A (sky130_fd_sc_hd__clkinv_4)
     2    0.01    0.05    0.07    0.52 v _12950_/Y (sky130_fd_sc_hd__clkinv_4)
                                         _09067_ (net)
                  0.05    0.00    0.52 v _25435_/B (sky130_fd_sc_hd__ha_4)
     3    0.02    0.07    0.29    0.82 ^ _25435_/SUM (sky130_fd_sc_hd__ha_4)
                                         _00451_ (net)
                  0.07    0.00    0.82 ^ rebuffer4025/A (sky130_fd_sc_hd__buf_12)
     3    0.07    0.09    0.14    0.96 ^ rebuffer4025/X (sky130_fd_sc_hd__buf_12)
                                         net4024 (net)
                  0.09    0.01    0.97 ^ place3471/A (sky130_fd_sc_hd__buf_16)
     8    0.11    0.12    0.17    1.14 ^ place3471/X (sky130_fd_sc_hd__buf_16)
                                         net3470 (net)
                  0.12    0.00    1.14 ^ place3470/A (sky130_fd_sc_hd__buf_12)
    11    0.08    0.10    0.17    1.31 ^ place3470/X (sky130_fd_sc_hd__buf_12)
                                         net3469 (net)
                  0.10    0.01    1.32 ^ place3468/A (sky130_fd_sc_hd__buf_12)
    15    0.09    0.12    0.17    1.48 ^ place3468/X (sky130_fd_sc_hd__buf_12)
                                         net3467 (net)
                  0.12    0.02    1.50 ^ _24703_/S1 (sky130_fd_sc_hd__mux4_2)
     1    0.00    0.08    0.30    1.80 v _24703_/X (sky130_fd_sc_hd__mux4_2)
                                         _08678_ (net)
                  0.08    0.00    1.80 v _24704_/A3 (sky130_fd_sc_hd__mux4_2)
     1    0.04    0.16    0.61    2.41 v _24704_/X (sky130_fd_sc_hd__mux4_2)
                                         _08679_ (net)
                  0.16    0.00    2.41 v _24710_/A2 (sky130_fd_sc_hd__mux4_2)
     3    0.04    0.18    0.64    3.06 v _24710_/X (sky130_fd_sc_hd__mux4_2)
                                         _08685_ (net)
                  0.18    0.01    3.06 v _24855_/A (sky130_fd_sc_hd__xnor2_2)
     1    0.01    0.06    0.19    3.25 v _24855_/Y (sky130_fd_sc_hd__xnor2_2)
                                         _08821_ (net)
                  0.06    0.00    3.25 v _24856_/A (sky130_fd_sc_hd__xnor2_1)
     1    0.01    0.21    0.22    3.48 ^ _24856_/Y (sky130_fd_sc_hd__xnor2_1)
                                         _00256_ (net)
                  0.21    0.00    3.48 ^ place3075/A (sky130_fd_sc_hd__buf_4)
     1    0.01    0.03    0.15    3.63 ^ place3075/X (sky130_fd_sc_hd__buf_4)
                                         net3074 (net)
                  0.03    0.00    3.63 ^ _25335_/CIN (sky130_fd_sc_hd__fa_1)
     1    0.01    0.10    0.43    4.06 v _25335_/SUM (sky130_fd_sc_hd__fa_1)
                                         _12823_ (net)
                  0.10    0.00    4.06 v _25360_/A (sky130_fd_sc_hd__fa_1)
     1    0.00    0.08    0.49    4.55 v _25360_/SUM (sky130_fd_sc_hd__fa_1)
                                         _12872_ (net)
                  0.08    0.00    4.55 v _25473_/A (sky130_fd_sc_hd__ha_1)
     2    0.01    0.07    0.31    4.86 ^ _25473_/SUM (sky130_fd_sc_hd__ha_1)
                                         _00518_ (net)
                  0.07    0.00    4.86 ^ _13200_/A (sky130_fd_sc_hd__inv_1)
     3    0.01    0.07    0.08    4.94 v _13200_/Y (sky130_fd_sc_hd__inv_1)
                                         _09315_ (net)
                  0.07    0.00    4.94 v _13205_/A1 (sky130_fd_sc_hd__o211ai_1)
     2    0.01    0.27    0.28    5.22 ^ _13205_/Y (sky130_fd_sc_hd__o211ai_1)
                                         _09320_ (net)
                  0.27    0.00    5.22 ^ _13209_/B (sky130_fd_sc_hd__nand2_2)
     4    0.02    0.09    0.13    5.35 v _13209_/Y (sky130_fd_sc_hd__nand2_2)
                                         _09324_ (net)
                  0.09    0.00    5.35 v _13840_/A2 (sky130_fd_sc_hd__o21a_1)
     1    0.00    0.04    0.19    5.54 v _13840_/X (sky130_fd_sc_hd__o21a_1)
                                         _09945_ (net)
                  0.04    0.00    5.54 v _13841_/A2 (sky130_fd_sc_hd__o21ai_2)
     1    0.01    0.16    0.16    5.70 ^ _13841_/Y (sky130_fd_sc_hd__o21ai_2)
                                         _09946_ (net)
                  0.16    0.00    5.70 ^ _13842_/A2 (sky130_fd_sc_hd__a21oi_2)
     2    0.01    0.05    0.08    5.78 v _13842_/Y (sky130_fd_sc_hd__a21oi_2)
                                         _09947_ (net)
                  0.05    0.00    5.78 v _13843_/A2 (sky130_fd_sc_hd__o21bai_1)
     1    0.00    0.14    0.14    5.93 ^ _13843_/Y (sky130_fd_sc_hd__o21bai_1)
                                         _09948_ (net)
                  0.14    0.00    5.93 ^ _13844_/A1 (sky130_fd_sc_hd__a21oi_2)
     2    0.01    0.06    0.08    6.01 v _13844_/Y (sky130_fd_sc_hd__a21oi_2)
                                         _09949_ (net)
                  0.06    0.00    6.01 v place2964/A (sky130_fd_sc_hd__buf_4)
     1    0.01    0.03    0.14    6.15 v place2964/X (sky130_fd_sc_hd__buf_4)
                                         net2963 (net)
                  0.03    0.00    6.15 v _13845_/A2 (sky130_fd_sc_hd__o21bai_1)
     1    0.00    0.12    0.12    6.27 ^ _13845_/Y (sky130_fd_sc_hd__o21bai_1)
                                         _09950_ (net)
                  0.12    0.00    6.27 ^ _13846_/A1 (sky130_fd_sc_hd__a21oi_1)
     1    0.01    0.07    0.10    6.37 v _13846_/Y (sky130_fd_sc_hd__a21oi_1)
                                         _09951_ (net)
                  0.07    0.00    6.37 v _13847_/A (sky130_fd_sc_hd__xnor2_1)
     1    0.01    0.26    0.26    6.63 ^ _13847_/Y (sky130_fd_sc_hd__xnor2_1)
                                         _09952_ (net)
                  0.26    0.00    6.63 ^ _13848_/A1 (sky130_fd_sc_hd__mux2i_4)
     1    0.01    0.14    0.12    6.75 v _13848_/Y (sky130_fd_sc_hd__mux2i_4)
                                         _09953_ (net)
                  0.14    0.00    6.75 v rebuffer4022/A (sky130_fd_sc_hd__buf_12)
     2    0.04    0.04    0.18    6.93 v rebuffer4022/X (sky130_fd_sc_hd__buf_12)
                                         net4021 (net)
                  0.04    0.01    6.94 v _13851_/A (sky130_fd_sc_hd__inv_2)
     1    0.02    0.08    0.09    7.02 ^ _13851_/Y (sky130_fd_sc_hd__inv_2)
                                         _00182_ (net)
                  0.08    0.00    7.02 ^ _25301_/A (sky130_fd_sc_hd__fa_1)
     1    0.01    0.11    0.44    7.46 v _25301_/SUM (sky130_fd_sc_hd__fa_1)
                                         _12756_ (net)
                  0.11    0.00    7.46 v _25273_/B (sky130_fd_sc_hd__fa_1)
     1    0.01    0.12    0.54    8.00 v _25273_/SUM (sky130_fd_sc_hd__fa_1)
                                         _12667_ (net)
                  0.12    0.00    8.00 v _25244_/A (sky130_fd_sc_hd__fa_1)
     1    0.01    0.11    0.55    8.55 v _25244_/SUM (sky130_fd_sc_hd__fa_1)
                                         _12669_ (net)
                  0.11    0.00    8.55 v _25464_/A (sky130_fd_sc_hd__ha_4)
     4    0.01    0.05    0.30    8.85 ^ _25464_/SUM (sky130_fd_sc_hd__ha_4)
                                         _00502_ (net)
                  0.05    0.00    8.85 ^ _16488_/C (sky130_fd_sc_hd__nand3_1)
     1    0.00    0.06    0.07    8.93 v _16488_/Y (sky130_fd_sc_hd__nand3_1)
                                         _12457_ (net)
                  0.06    0.00    8.93 v _16494_/A3 (sky130_fd_sc_hd__o31a_1)
     2    0.01    0.07    0.27    9.20 v _16494_/X (sky130_fd_sc_hd__o31a_1)
                                         _12463_ (net)
                  0.07    0.00    9.20 v _16524_/A1 (sky130_fd_sc_hd__o21bai_1)
     1    0.01    0.22    0.23    9.43 ^ _16524_/Y (sky130_fd_sc_hd__o21bai_1)
                                         _12485_ (net)
                  0.22    0.00    9.43 ^ _16525_/B (sky130_fd_sc_hd__xor2_2)
     2    0.02    0.26    0.27    9.70 ^ _16525_/X (sky130_fd_sc_hd__xor2_2)
                                         _00021_ (net)
                  0.26    0.00    9.71 ^ _25203_/A (sky130_fd_sc_hd__fa_1)
     1    0.01    0.11    0.48   10.18 v _25203_/SUM (sky130_fd_sc_hd__fa_1)
                                         _12566_ (net)
                  0.11    0.00   10.18 v _25403_/A (sky130_fd_sc_hd__ha_4)
     4    0.02    0.06    0.29   10.47 v _25403_/SUM (sky130_fd_sc_hd__ha_4)
                                         _00389_ (net)
                  0.06    0.00   10.47 v _17790_/A2 (sky130_fd_sc_hd__a21oi_4)
     2    0.01    0.12    0.16   10.63 ^ _17790_/Y (sky130_fd_sc_hd__a21oi_4)
                                         _04138_ (net)
                  0.12    0.00   10.63 ^ _17791_/A (sky130_fd_sc_hd__nor2_2)
     2    0.01    0.05    0.08   10.71 v _17791_/Y (sky130_fd_sc_hd__nor2_2)
                                         _04139_ (net)
                  0.05    0.00   10.71 v place2597/A (sky130_fd_sc_hd__buf_4)
     1    0.00    0.02    0.13   10.84 v place2597/X (sky130_fd_sc_hd__buf_4)
                                         net2596 (net)
                  0.02    0.00   10.84 v _17960_/D (sky130_fd_sc_hd__or4_4)
     2    0.01    0.10    0.44   11.28 v _17960_/X (sky130_fd_sc_hd__or4_4)
                                         _04308_ (net)
                  0.10    0.00   11.28 v _17962_/A1 (sky130_fd_sc_hd__o21a_1)
     2    0.01    0.08    0.25   11.53 v _17962_/X (sky130_fd_sc_hd__o21a_1)
                                         _04310_ (net)
                  0.08    0.00   11.53 v _17986_/A2 (sky130_fd_sc_hd__o21ai_1)
     1    0.00    0.12    0.14   11.67 ^ _17986_/Y (sky130_fd_sc_hd__o21ai_1)
                                         _04333_ (net)
                  0.12    0.00   11.67 ^ _17987_/B (sky130_fd_sc_hd__nand2_1)
     1    0.00    0.04    0.07   11.74 v _17987_/Y (sky130_fd_sc_hd__nand2_1)
                                         _04334_ (net)
                  0.04    0.00   11.74 v _17991_/C1 (sky130_fd_sc_hd__o311a_1)
     1    0.00    0.05    0.10   11.84 v _17991_/X (sky130_fd_sc_hd__o311a_1)
                                         _04338_ (net)
                  0.05    0.00   11.84 v _17992_/B1_N (sky130_fd_sc_hd__a21boi_4)
     2    0.01    0.09    0.15   11.99 v _17992_/Y (sky130_fd_sc_hd__a21boi_4)
                                         _04339_ (net)
                  0.09    0.00   11.99 v _25050_/B (sky130_fd_sc_hd__nor3_2)
     1    0.01    0.19    0.22   12.21 ^ _25050_/Y (sky130_fd_sc_hd__nor3_2)
                                         _08972_ (net)
                  0.19    0.00   12.21 ^ _25051_/B (sky130_fd_sc_hd__xnor2_1)
     1    0.00    0.13    0.15   12.36 ^ _25051_/Y (sky130_fd_sc_hd__xnor2_1)
                                         _08973_ (net)
                  0.13    0.00   12.36 ^ _25053_/A2 (sky130_fd_sc_hd__o21ai_1)
     1    0.00    0.13    0.08   12.44 v _25053_/Y (sky130_fd_sc_hd__o21ai_1)
                                         _03136_ (net)
                  0.13    0.00   12.44 v digest[255]$_DFFE_PN0P_/D (sky130_fd_sc_hd__dfrtp_1)
                                 12.44   data arrival time

                  0.00   12.50   12.50   clock core_clock (rise edge)
                          0.00   12.50   clock network delay (ideal)
                          0.00   12.50   clock reconvergence pessimism
                                 12.50 ^ digest[255]$_DFFE_PN0P_/CLK (sky130_fd_sc_hd__dfrtp_1)
                         -0.16   12.34   library setup time
                                 12.34   data required time
-----------------------------------------------------------------------------
                                 12.34   data required time
                                -12.44   data arrival time
-----------------------------------------------------------------------------
                                 -0.10   slack (VIOLATED)


Startpoint: digest[249]$_DFFE_PN0P_
            (rising edge-triggered flip-flop clocked by core_clock)
Endpoint: digest[249] (output port clocked by vclk)
Path Group: vclk
Path Type: max

Fanout     Cap    Slew   Delay    Time   Description
-----------------------------------------------------------------------------
                  0.00    0.00    0.00   clock core_clock (rise edge)
                          0.00    0.00   clock network delay (ideal)
                  0.00    0.00    0.00 ^ digest[249]$_DFFE_PN0P_/CLK (sky130_fd_sc_hd__dfrtp_1)
     2    0.03    0.27    0.47    0.47 ^ digest[249]$_DFFE_PN0P_/Q (sky130_fd_sc_hd__dfrtp_1)
                                         net680 (net)
                  0.27    0.00    0.47 ^ output681/A (sky130_fd_sc_hd__clkdlybuf4s50_1)
     1    0.01    0.09    0.57    1.04 ^ output681/X (sky130_fd_sc_hd__clkdlybuf4s50_1)
                                         digest[249] (net)
                  0.09    0.00    1.04 ^ digest[249] (out)
                                  1.04   data arrival time

                  0.00   12.50   12.50   clock vclk (rise edge)
                          0.00   12.50   clock network delay (ideal)
                          0.00   12.50   clock reconvergence pessimism
                         -2.50   10.00   output external delay
                                 10.00   data required time
-----------------------------------------------------------------------------
                                 10.00   data required time
                                 -1.04   data arrival time
-----------------------------------------------------------------------------
                                  8.96   slack (MET)



==========================================================================
resizer report_check_types -max_slew -max_cap -max_fanout -violators
--------------------------------------------------------------------------

==========================================================================
resizer max_slew_check_slack
--------------------------------------------------------------------------
0.3232203423976898

==========================================================================
resizer max_slew_check_limit
--------------------------------------------------------------------------
1.4947069883346558

==========================================================================
resizer max_slew_check_slack_limit
--------------------------------------------------------------------------
0.2162

==========================================================================
resizer max_fanout_check_slack
--------------------------------------------------------------------------
1.0000000150474662e+30

==========================================================================
resizer max_fanout_check_limit
--------------------------------------------------------------------------
1.0000000150474662e+30

==========================================================================
resizer max_capacitance_check_slack
--------------------------------------------------------------------------
0.013118418864905834

==========================================================================
resizer max_capacitance_check_limit
--------------------------------------------------------------------------
0.021067000925540924

==========================================================================
resizer max_capacitance_check_slack_limit
--------------------------------------------------------------------------
0.6227

==========================================================================
resizer max_slew_violation_count
--------------------------------------------------------------------------
max slew violation count 0

==========================================================================
resizer max_fanout_violation_count
--------------------------------------------------------------------------
max fanout violation count 0

==========================================================================
resizer max_cap_violation_count
--------------------------------------------------------------------------
max cap violation count 0

==========================================================================
resizer setup_violation_count
--------------------------------------------------------------------------
setup violation count 3

==========================================================================
resizer hold_violation_count
--------------------------------------------------------------------------
hold violation count 0

==========================================================================
resizer report_checks -path_delay max reg to reg
--------------------------------------------------------------------------
Startpoint: round[1]$_DFFE_PN0P_
            (rising edge-triggered flip-flop clocked by core_clock)
Endpoint: digest[255]$_DFFE_PN0P_
          (rising edge-triggered flip-flop clocked by core_clock)
Path Group: core_clock
Path Type: max

  Delay    Time   Description
---------------------------------------------------------
   0.00    0.00   clock core_clock (rise edge)
   0.00    0.00   clock network delay (ideal)
   0.00    0.00 ^ round[1]$_DFFE_PN0P_/CLK (sky130_fd_sc_hd__dfrtp_4)
   0.45    0.45 ^ round[1]$_DFFE_PN0P_/Q (sky130_fd_sc_hd__dfrtp_4)
   0.07    0.52 v _12950_/Y (sky130_fd_sc_hd__clkinv_4)
   0.30    0.82 ^ _25435_/SUM (sky130_fd_sc_hd__ha_4)
   0.14    0.96 ^ rebuffer4025/X (sky130_fd_sc_hd__buf_12)
   0.18    1.14 ^ place3471/X (sky130_fd_sc_hd__buf_16)
   0.17    1.31 ^ place3470/X (sky130_fd_sc_hd__buf_12)
   0.18    1.48 ^ place3468/X (sky130_fd_sc_hd__buf_12)
   0.32    1.80 v _24703_/X (sky130_fd_sc_hd__mux4_2)
   0.61    2.41 v _24704_/X (sky130_fd_sc_hd__mux4_2)
   0.65    3.06 v _24710_/X (sky130_fd_sc_hd__mux4_2)
   0.20    3.25 v _24855_/Y (sky130_fd_sc_hd__xnor2_2)
   0.22    3.48 ^ _24856_/Y (sky130_fd_sc_hd__xnor2_1)
   0.15    3.63 ^ place3075/X (sky130_fd_sc_hd__buf_4)
   0.43    4.06 v _25335_/SUM (sky130_fd_sc_hd__fa_1)
   0.49    4.55 v _25360_/SUM (sky130_fd_sc_hd__fa_1)
   0.31    4.86 ^ _25473_/SUM (sky130_fd_sc_hd__ha_1)
   0.08    4.94 v _13200_/Y (sky130_fd_sc_hd__inv_1)
   0.28    5.22 ^ _13205_/Y (sky130_fd_sc_hd__o211ai_1)
   0.13    5.35 v _13209_/Y (sky130_fd_sc_hd__nand2_2)
   0.19    5.54 v _13840_/X (sky130_fd_sc_hd__o21a_1)
   0.16    5.70 ^ _13841_/Y (sky130_fd_sc_hd__o21ai_2)
   0.08    5.78 v _13842_/Y (sky130_fd_sc_hd__a21oi_2)
   0.14    5.93 ^ _13843_/Y (sky130_fd_sc_hd__o21bai_1)
   0.08    6.01 v _13844_/Y (sky130_fd_sc_hd__a21oi_2)
   0.14    6.15 v place2964/X (sky130_fd_sc_hd__buf_4)
   0.12    6.27 ^ _13845_/Y (sky130_fd_sc_hd__o21bai_1)
   0.10    6.37 v _13846_/Y (sky130_fd_sc_hd__a21oi_1)
   0.26    6.63 ^ _13847_/Y (sky130_fd_sc_hd__xnor2_1)
   0.12    6.75 v _13848_/Y (sky130_fd_sc_hd__mux2i_4)
   0.18    6.93 v rebuffer4022/X (sky130_fd_sc_hd__buf_12)
   0.09    7.02 ^ _13851_/Y (sky130_fd_sc_hd__inv_2)
   0.44    7.46 v _25301_/SUM (sky130_fd_sc_hd__fa_1)
   0.54    8.00 v _25273_/SUM (sky130_fd_sc_hd__fa_1)
   0.55    8.55 v _25244_/SUM (sky130_fd_sc_hd__fa_1)
   0.30    8.85 ^ _25464_/SUM (sky130_fd_sc_hd__ha_4)
   0.08    8.93 v _16488_/Y (sky130_fd_sc_hd__nand3_1)
   0.27    9.20 v _16494_/X (sky130_fd_sc_hd__o31a_1)
   0.23    9.43 ^ _16524_/Y (sky130_fd_sc_hd__o21bai_1)
   0.27    9.70 ^ _16525_/X (sky130_fd_sc_hd__xor2_2)
   0.48   10.18 v _25203_/SUM (sky130_fd_sc_hd__fa_1)
   0.29   10.47 v _25403_/SUM (sky130_fd_sc_hd__ha_4)
   0.16   10.63 ^ _17790_/Y (sky130_fd_sc_hd__a21oi_4)
   0.08   10.71 v _17791_/Y (sky130_fd_sc_hd__nor2_2)
   0.13   10.84 v place2597/X (sky130_fd_sc_hd__buf_4)
   0.44   11.28 v _17960_/X (sky130_fd_sc_hd__or4_4)
   0.25   11.53 v _17962_/X (sky130_fd_sc_hd__o21a_1)
   0.14   11.67 ^ _17986_/Y (sky130_fd_sc_hd__o21ai_1)
   0.07   11.74 v _17987_/Y (sky130_fd_sc_hd__nand2_1)
   0.10   11.84 v _17991_/X (sky130_fd_sc_hd__o311a_1)
   0.15   11.99 v _17992_/Y (sky130_fd_sc_hd__a21boi_4)
   0.22   12.21 ^ _25050_/Y (sky130_fd_sc_hd__nor3_2)
   0.15   12.36 ^ _25051_/Y (sky130_fd_sc_hd__xnor2_1)
   0.08   12.44 v _25053_/Y (sky130_fd_sc_hd__o21ai_1)
   0.00   12.44 v digest[255]$_DFFE_PN0P_/D (sky130_fd_sc_hd__dfrtp_1)
          12.44   data arrival time

  12.50   12.50   clock core_clock (rise edge)
   0.00   12.50   clock network delay (ideal)
   0.00   12.50   clock reconvergence pessimism
          12.50 ^ digest[255]$_DFFE_PN0P_/CLK (sky130_fd_sc_hd__dfrtp_1)
  -0.16   12.34   library setup time
          12.34   data required time
---------------------------------------------------------
          12.34   data required time
         -12.44   data arrival time
---------------------------------------------------------
          -0.10   slack (VIOLATED)



==========================================================================
resizer report_checks -path_delay min reg to reg
--------------------------------------------------------------------------
Startpoint: digest[55]$_DFFE_PN0P_
            (rising edge-triggered flip-flop clocked by core_clock)
Endpoint: digest[55]$_DFFE_PN0P_
          (rising edge-triggered flip-flop clocked by core_clock)
Path Group: core_clock
Path Type: min

  Delay    Time   Description
---------------------------------------------------------
   0.00    0.00   clock core_clock (rise edge)
   0.00    0.00   clock network delay (ideal)
   0.00    0.00 ^ digest[55]$_DFFE_PN0P_/CLK (sky130_fd_sc_hd__dfrtp_1)
   0.32    0.32 ^ digest[55]$_DFFE_PN0P_/Q (sky130_fd_sc_hd__dfrtp_1)
   0.05    0.36 v _19072_/Y (sky130_fd_sc_hd__nand2_1)
   0.06    0.42 ^ _19073_/Y (sky130_fd_sc_hd__o21ai_0)
   0.00    0.42 ^ digest[55]$_DFFE_PN0P_/D (sky130_fd_sc_hd__dfrtp_1)
           0.42   data arrival time

   0.00    0.00   clock core_clock (rise edge)
   0.00    0.00   clock network delay (ideal)
   0.00    0.00   clock reconvergence pessimism
           0.00 ^ digest[55]$_DFFE_PN0P_/CLK (sky130_fd_sc_hd__dfrtp_1)
  -0.04   -0.04   library hold time
          -0.04   data required time
---------------------------------------------------------
          -0.04   data required time
          -0.42   data arrival time
---------------------------------------------------------
           0.46   slack (MET)



==========================================================================
resizer critical path target clock latency max path
--------------------------------------------------------------------------
0.0000

==========================================================================
resizer critical path target clock latency min path
--------------------------------------------------------------------------
0.0000

==========================================================================
resizer critical path source clock latency min path
--------------------------------------------------------------------------
0.0000

==========================================================================
resizer critical path delay
--------------------------------------------------------------------------
12.4393

==========================================================================
resizer critical path slack
--------------------------------------------------------------------------
-0.1025

==========================================================================
resizer slack div critical path delay
--------------------------------------------------------------------------
-0.824001

==========================================================================
resizer report_power
--------------------------------------------------------------------------
Group                  Internal  Switching    Leakage      Total
                          Power      Power      Power      Power (Watts)
----------------------------------------------------------------
Sequential             1.26e-02   3.43e-03   3.40e-08   1.61e-02   3.3%
Combinational          2.23e-01   2.47e-01   4.41e-08   4.70e-01  96.7%
Clock                  0.00e+00   0.00e+00   0.00e+00   0.00e+00   0.0%
Macro                  0.00e+00   0.00e+00   0.00e+00   0.00e+00   0.0%
Pad                    0.00e+00   0.00e+00   0.00e+00   0.00e+00   0.0%
----------------------------------------------------------------
Total                  2.36e-01   2.50e-01   7.81e-08   4.86e-01 100.0%
                          48.6%      51.4%       0.0%
