make: Entering directory '/root/OpenROAD-flow-scripts/flow'
/root/OpenROAD-flow-scripts/flow/scripts/flow.sh 3_1_place_gp_skip_io global_place_skip_io
Running global_place_skip_io.tcl, stage 3_1_place_gp_skip_io
read_liberty /root/OpenROAD-flow-scripts/flow/platforms/sky130hs/lib/sky130_fd_sc_hs__tt_025C_1v80.lib
read_db ./results/sky130hs/gcd/slot1/2_floorplan.odb
read_sdc ./results/sky130hs/gcd/slot1/2_floorplan.sdc
source /root/OpenROAD-flow-scripts/flow/platforms/sky130hs/setRC.tcl
[INFO GPL-0022] Initialize gpl and calculate uniform density.
Placement density is 0.785, computed from PLACE_DENSITY_LB_ADDON  0.1 and lower bound 0.75
global_placement -skip_io -density 0.785 -pad_left 0 -pad_right 0
[INFO GPL-0001] ---- Initialize GPL Main Data Structures
[INFO GPL-0002] DBU: 1000
[INFO GPL-0003] SiteSize: (  0.480  3.330 ) um
[INFO GPL-0004] CoreBBox: (  1.440  3.330 ) ( 81.600 79.920 ) um
[INFO GPL-0016] Core area:                    6139.454 um^2
[INFO GPL-0036] Movable instances area:       3981.614 um^2
[INFO GPL-0037] Total instances area:         4080.715 um^2
[INFO GPL-0035] Pin density area adjust:       491.863 um^2
[INFO GPL-0032] ---- Initialize Region: Top-level
[INFO GPL-0006] Number of instances:               447
[INFO GPL-0007] Movable instances:                 385
[INFO GPL-0008] Fixed instances:                    62
[INFO GPL-0009] Dummy instances:                     0
[INFO GPL-0010] Number of nets:                    421
[INFO GPL-0011] Number of pins:                   1281
[INFO GPL-0012] Die BBox:       (  0.000  0.000 ) ( 82.790 82.790 ) um
[INFO GPL-0013] Placement BBox: (  1.440  3.330 ) ( 81.600 79.920 ) um
[INFO GPL-0014] Region name: top-level.
[INFO GPL-0015] Region area:                  6139.454 um^2
[INFO GPL-0017] Fixed instances area:           99.101 um^2
[INFO GPL-0018] Movable instances area:       4473.477 um^2
[INFO GPL-0019] Utilization:                    74.060 %
[INFO GPL-0020] Standard cells area:          4473.477 um^2
[INFO GPL-0021] Large instances area:            0.000 um^2
[INFO GPL-0005] ---- Execute Conjugate Gradient Initial Placement.
[INFO GPL-0051] Source of initial instance position counters:
	Odb location = 0	Core center = 385	Region center = 0
[INFO GPL-0033] ---- Initialize Nesterov Region: Top-level
[INFO GPL-0023] Placement target density:       0.7850
[INFO GPL-0024] Movable insts average area:     11.619 um^2
[INFO GPL-0025] Ideal bin area:                 14.802 um^2
[INFO GPL-0026] Ideal bin count:                   414
[INFO GPL-0027] Total bin area:               6139.454 um^2
[INFO GPL-0028] Bin count (X, Y):          16 ,     16
[INFO GPL-0029] Bin size (W * H):       5.010 *  4.787 um
[INFO GPL-0030] Number of bins:                    256
[INFO GPL-0084] ---- Execute Nesterov Global Placement.
[INFO GPL-0031] HPWL: Half-Perimeter Wirelength
Iteration | Overflow |     HPWL (um) |  HPWL(%) |   Penalty | Group
---------------------------------------------------------------
        0 |   0.9665 |  8.171680e+02 |   +0.00% |  5.35e-14 |      
       10 |   0.9665 |  8.102330e+02 |   -0.85% |  8.72e-14 |      
       20 |   0.9665 |  8.067420e+02 |   -0.43% |  1.42e-13 |      
       30 |   0.9665 |  8.066660e+02 |   -0.01% |  2.31e-13 |      
       40 |   0.9665 |  8.070890e+02 |   +0.05% |  3.77e-13 |      
       50 |   0.9665 |  8.072120e+02 |   +0.02% |  6.14e-13 |      
       60 |   0.9665 |  8.075270e+02 |   +0.04% |  9.99e-13 |      
       70 |   0.9665 |  8.082450e+02 |   +0.09% |  1.63e-12 |      
       80 |   0.9665 |  8.098220e+02 |   +0.20% |  2.65e-12 |      
       90 |   0.9665 |  8.132850e+02 |   +0.43% |  4.32e-12 |      
      100 |   0.9665 |  8.203460e+02 |   +0.87% |  7.04e-12 |      
      110 |   0.9665 |  8.359560e+02 |   +1.90% |  1.15e-11 |      
      120 |   0.9646 |  8.889140e+02 |   +6.34% |  1.87e-11 |      
      130 |   0.9294 |  1.106416e+03 |  +24.47% |  3.04e-11 |      
      140 |   0.9106 |  1.431923e+03 |  +29.42% |  4.95e-11 |      
      150 |   0.8977 |  1.543036e+03 |   +7.76% |  8.07e-11 |      
      160 |   0.8595 |  1.860374e+03 |  +20.57% |  1.31e-10 |      
      170 |   0.8301 |  2.071779e+03 |  +11.36% |  2.14e-10 |      
      180 |   0.8045 |  2.380355e+03 |  +14.89% |  3.49e-10 |      
      190 |   0.7581 |  2.673000e+03 |  +12.29% |  5.68e-10 |      
      200 |   0.7156 |  2.921541e+03 |   +9.30% |  9.25e-10 |      
      210 |   0.6744 |  3.267988e+03 |  +11.86% |  1.51e-09 |      
      220 |   0.6235 |  3.530826e+03 |   +8.04% |  2.45e-09 |      
      230 |   0.5746 |  3.815956e+03 |   +8.08% |  4.00e-09 |      
      240 |   0.5236 |  4.117984e+03 |   +7.91% |  6.51e-09 |      
      250 |   0.4658 |  4.355366e+03 |   +5.76% |  1.06e-08 |      
      260 |   0.4087 |  4.563787e+03 |   +4.79% |  1.73e-08 |      
      270 |   0.3476 |  4.719069e+03 |   +3.40% |  2.81e-08 |      
      280 |   0.2927 |  4.834287e+03 |   +2.44% |  4.19e-08 |      
      290 |   0.2518 |  4.911188e+03 |   +1.59% |  6.17e-08 |      
      300 |   0.2185 |  5.006294e+03 |   +1.94% |  9.09e-08 |      
      310 |   0.1851 |  5.063139e+03 |   +1.14% |  1.34e-07 |      
      320 |   0.1561 |  5.130256e+03 |   +1.33% |  1.97e-07 |      
      330 |   0.1335 |  5.186466e+03 |   +1.10% |  2.90e-07 |      
      340 |   0.1113 |  5.236663e+03 |   +0.97% |  4.28e-07 |      
      345 |   0.0997 |  5.256157e+03 |          |  5.40e-07 |      
---------------------------------------------------------------
[INFO GPL-1001] Global placement finished at iteration 345
[INFO GPL-1002] Placed Cell Area             4473.4770
[INFO GPL-1003] Available Free Area          6040.3536
[INFO GPL-1004] Minimum Feasible Density        0.7500 (cell_area / free_area)
[INFO GPL-1006]   Suggested Target Densities:
[INFO GPL-1007]     - For 90% usage of free space: 0.8229
[INFO GPL-1008]     - For 80% usage of free space: 0.9257
[INFO GPL-1014] Final placement area: 4473.48 (+0.00%)
Design area 4081 um^2 66% utilization.
write_db ./results/sky130hs/gcd/slot1/3_1_place_gp_skip_io.odb
Log                       Ext     Elapsed/s Peak Memory/MB sha1sum result [0:20)
3_1_place_gp_skip_io      .odb            0            145 ac6179999cb6ce1d4200
/root/OpenROAD-flow-scripts/flow/scripts/flow.sh 3_2_place_iop io_placement
Running io_placement.tcl, stage 3_2_place_iop
read_liberty /root/OpenROAD-flow-scripts/flow/platforms/sky130hs/lib/sky130_fd_sc_hs__tt_025C_1v80.lib
read_db ./results/sky130hs/gcd/slot1/3_1_place_gp_skip_io.odb
read_sdc ./results/sky130hs/gcd/slot1/2_floorplan.sdc
source /root/OpenROAD-flow-scripts/flow/platforms/sky130hs/setRC.tcl
place_pins -hor_layers met3 -ver_layers met2
Found 0 macro blocks.
Using 2 tracks default min distance between IO pins.
[INFO PPL-0001] Number of available slots 272
[INFO PPL-0002] Number of I/O             54
[INFO PPL-0003] Number of I/O w/sink      54
[INFO PPL-0004] Number of I/O w/o sink    0
[INFO PPL-0005] Slots per section         200
[INFO PPL-0008] Successfully assigned pins to sections.
[INFO PPL-0012] I/O nets HPWL: 1390.05 um.
Design area 4081 um^2 66% utilization.
write_db ./results/sky130hs/gcd/slot1/3_2_place_iop.odb
Log                       Ext     Elapsed/s Peak Memory/MB sha1sum result [0:20)
3_2_place_iop             .odb            0            143 c0b027207bb5812d6a32
/root/OpenROAD-flow-scripts/flow/scripts/flow.sh 3_3_place_gp global_place
Running global_place.tcl, stage 3_3_place_gp
read_liberty /root/OpenROAD-flow-scripts/flow/platforms/sky130hs/lib/sky130_fd_sc_hs__tt_025C_1v80.lib
read_db ./results/sky130hs/gcd/slot1/3_2_place_iop.odb
read_sdc ./results/sky130hs/gcd/slot1/2_floorplan.sdc
source /root/OpenROAD-flow-scripts/flow/platforms/sky130hs/setRC.tcl
[INFO RSZ-0026] Removed 8 buffers.
Perform port buffering...
[INFO RSZ-0027] Inserted 35 sky130_fd_sc_hs__buf_1 input buffers.
[INFO RSZ-0028] Inserted 18 sky130_fd_sc_hs__buf_1 output buffers.
[INFO GPL-0022] Initialize gpl and calculate uniform density.
Placement density is 0.8210000193119049, computed from PLACE_DENSITY_LB_ADDON  0.1 and lower bound 0.7900000214576721
global_placement -density 0.8210000193119049 -pad_left 0 -pad_right 0 -routability_driven -timing_driven -force_center_initial_place -min_phi_coef 0.95 -max_phi_coef 1.05
[INFO GPL-0001] ---- Initialize GPL Main Data Structures
[INFO GPL-0002] DBU: 1000
[INFO GPL-0003] SiteSize: (  0.480  3.330 ) um
[INFO GPL-0004] CoreBBox: (  1.440  3.330 ) ( 81.600 79.920 ) um
[INFO GPL-0016] Core area:                    6139.454 um^2
[INFO GPL-0036] Movable instances area:       4238.957 um^2
[INFO GPL-0037] Total instances area:         4338.058 um^2
[INFO GPL-0035] Pin density area adjust:       488.783 um^2
[INFO GPL-0032] ---- Initialize Region: Top-level
[INFO GPL-0006] Number of instances:               492
[INFO GPL-0007] Movable instances:                 430
[INFO GPL-0008] Fixed instances:                    62
[INFO GPL-0009] Dummy instances:                     0
[INFO GPL-0010] Number of nets:                    466
[INFO GPL-0011] Number of pins:                   1425
[INFO GPL-0012] Die BBox:       (  0.000  0.000 ) ( 82.790 82.790 ) um
[INFO GPL-0013] Placement BBox: (  1.440  3.330 ) ( 81.600 79.920 ) um
[INFO GPL-0014] Region name: top-level.
[INFO GPL-0015] Region area:                  6139.454 um^2
[INFO GPL-0017] Fixed instances area:           99.101 um^2
[INFO GPL-0018] Movable instances area:       4727.740 um^2
[INFO GPL-0019] Utilization:                    78.269 %
[INFO GPL-0020] Standard cells area:          4727.740 um^2
[INFO GPL-0021] Large instances area:            0.000 um^2
[INFO GPL-0005] ---- Execute Conjugate Gradient Initial Placement.
[INFO GPL-0051] Source of initial instance position counters:
	Odb location = 0	Core center = 430	Region center = 0
[InitialPlace]  Iter: 1 conjugate gradient residual: 0.00000005 HPWL: 9181903
[InitialPlace]  Iter: 2 conjugate gradient residual: 0.00000011 HPWL: 6199500
[InitialPlace]  Iter: 3 conjugate gradient residual: 0.00000008 HPWL: 6171671
[InitialPlace]  Iter: 4 conjugate gradient residual: 0.00000010 HPWL: 6165939
[InitialPlace]  Iter: 5 conjugate gradient residual: 0.00000010 HPWL: 6166309
[INFO GPL-0033] ---- Initialize Nesterov Region: Top-level
[INFO GPL-0023] Placement target density:       0.8210
[INFO GPL-0024] Movable insts average area:     10.995 um^2
[INFO GPL-0025] Ideal bin area:                 13.392 um^2
[INFO GPL-0026] Ideal bin count:                   458
[INFO GPL-0027] Total bin area:               6139.454 um^2
[INFO GPL-0028] Bin count (X, Y):          16 ,     16
[INFO GPL-0029] Bin size (W * H):       5.010 *  4.787 um
[INFO GPL-0030] Number of bins:                    256
[INFO GPL-0084] ---- Execute Nesterov Global Placement.
[INFO GPL-0031] HPWL: Half-Perimeter Wirelength
Iteration | Overflow |     HPWL (um) |  HPWL(%) |   Penalty | Group
---------------------------------------------------------------
        0 |   0.8475 |  3.274002e+03 |   +0.00% |  2.48e-14 |      
       10 |   0.7490 |  3.847464e+03 |  +17.52% |  4.04e-14 |      
       20 |   0.7367 |  3.875533e+03 |   +0.73% |  6.58e-14 |      
       30 |   0.7355 |  3.861680e+03 |   -0.36% |  1.07e-13 |      
       40 |   0.7345 |  3.867859e+03 |   +0.16% |  1.75e-13 |      
       50 |   0.7336 |  3.871133e+03 |   +0.08% |  2.85e-13 |      
       60 |   0.7344 |  3.866337e+03 |   -0.12% |  4.64e-13 |      
       70 |   0.7344 |  3.866028e+03 |   -0.01% |  7.55e-13 |      
       80 |   0.7342 |  3.866587e+03 |   +0.01% |  1.23e-12 |      
       90 |   0.7340 |  3.867693e+03 |   +0.03% |  2.00e-12 |      
      100 |   0.7335 |  3.870805e+03 |   +0.08% |  3.26e-12 |      
      110 |   0.7330 |  3.873706e+03 |   +0.07% |  5.32e-12 |      
      120 |   0.7322 |  3.877721e+03 |   +0.10% |  8.66e-12 |      
      130 |   0.7308 |  3.884646e+03 |   +0.18% |  1.41e-11 |      
      140 |   0.7287 |  3.896150e+03 |   +0.30% |  2.30e-11 |      
      150 |   0.7254 |  3.914943e+03 |   +0.48% |  3.74e-11 |      
      160 |   0.7202 |  3.943376e+03 |   +0.73% |  6.10e-11 |      
      170 |   0.7104 |  3.985297e+03 |   +1.06% |  9.93e-11 |      
      180 |   0.6932 |  4.041025e+03 |   +1.40% |  1.62e-10 |      
      190 |   0.6817 |  4.118254e+03 |   +1.91% |  2.63e-10 |      
      200 |   0.6606 |  4.224609e+03 |   +2.58% |  4.29e-10 |      
      210 |   0.6324 |  4.326346e+03 |   +2.41% |  6.99e-10 |      
[INFO GPL-0100] Timing-driven iteration 1/2, virtual: false.
[INFO GPL-0101]    Iter: 211, overflow: 0.632, keep resizer changes at: 1, HPWL: 4326346
Iteration |   Area    | Resized | Buffers | Nets repaired | Remaining
---------------------------------------------------------------------
        0 |     +0.0% |       0 |       0 |             0 |       466
    final |     +0.0% |       0 |       0 |             0 |         0
---------------------------------------------------------------------
   Iter   |    Area   | Removed | Inserted |   Pins
          |           | Buffers | Buffers  | Remaining
-------------------------------------------------------
        0 |     +0.0% |       0 |        0 |       430
       43 |     +0.4% |       0 |        2 |       387
       86 |     +0.6% |       0 |        3 |       344
      129 |     +0.9% |       0 |        5 |       301
      172 |     +0.9% |       0 |        5 |       258
      215 |     +1.4% |       0 |        8 |       215
      258 |     +1.5% |       0 |        9 |       172
      301 |     +1.7% |       0 |       10 |       129
      344 |     +2.1% |       0 |       13 |        86
      387 |     +2.4% |       0 |       15 |        43
    final |     +2.4% |       0 |       15 |         0
-------------------------------------------------------
[INFO GPL-0106] Timing-driven: worst slack 1.892248e-10
[INFO GPL-0107] Timing-driven: repair_design delta area: 103.896 um^2 (+2.20%)
[INFO GPL-0108] Timing-driven: repair_design, gpl delta gcells: 15 (+3.49%)
[INFO GPL-0109] Timing-driven: repair_design, gcells created: 15, deleted: 0
[INFO GPL-0110] Timing-driven: new target density: 0.83820033
Iteration | Overflow |     HPWL (um) |  HPWL(%) |   Penalty | Group
---------------------------------------------------------------
      220 |   0.6193 |  4.616788e+03 |   +6.71% |  1.14e-09 |      
[INFO GPL-0038] Routability snapshot saved at iter = 228
      227 |   0.5987 |  4.683381e+03 |          |           |      
      230 |   0.5860 |  4.743110e+03 |   +2.74% |  1.85e-09 |      
      240 |   0.5449 |  4.908966e+03 |   +3.50% |  3.02e-09 |      
      250 |   0.5116 |  5.074973e+03 |   +3.38% |  4.92e-09 |      
      260 |   0.4597 |  5.247027e+03 |   +3.39% |  8.01e-09 |      
      270 |   0.4167 |  5.408258e+03 |   +3.07% |  1.31e-08 |      
      280 |   0.3610 |  5.547859e+03 |   +2.58% |  2.13e-08 |      
      290 |   0.3035 |  5.649760e+03 |   +1.84% |  3.23e-08 |      
[INFO GPL-0040] Routability iteration: 1
[INFO GPL-0041] Total routing overflow: 0.0517
[INFO GPL-0042] Number of overflowed tiles: 2 (1.65%)
[INFO GPL-0043] Average top 0.5% routing congestion: 1.0301
[INFO GPL-0044] Average top 1.0% routing congestion: 1.0258
[INFO GPL-0045] Average top 2.0% routing congestion: 1.0053
[INFO GPL-0046] Average top 5.0% routing congestion: 0.9396
[INFO GPL-0047] Routability iteration weighted routing congestion: 1.0279
[INFO GPL-0048] Routing congestion (1.0279) lower than previous minimum (1e+30). Updating minimum.
[INFO GPL-0086] Inflated area:                  12.279 um^2 (+0.25%)
[INFO GPL-0052] Placement target density:       0.8382
[INFO GPL-0076] Removing fillers, count: Before: 23, After: 22 (-4.35%)
[INFO GPL-0077] Filler area (um^2)     : Before: 231.390, After: 217.768 (-5.89%)
[INFO GPL-0078] Removed fillers count: 1, area removed: 9.899 um^2. Remaining area to be compensated by modifying density: 2.380 um^2
[INFO GPL-0058] White space area:             6040.354 um^2 (+0.00%)
[INFO GPL-0059] Movable instances area:       5063.027 um^2 (+0.00%)
[INFO GPL-0060] Total filler area:             217.768 um^2 (-5.89%)
[INFO GPL-0061] Total non-inflated area:      5061.683 um^2 (-0.03%)
[INFO GPL-0062] Total inflated area:          5073.961 um^2 (-0.03%)
[INFO GPL-0063] New Target Density:             0.8382
[INFO GPL-0087] Routability end iteration: increase inflation and revert back to snapshot.
Iteration | Overflow |     HPWL (um) |  HPWL(%) |   Penalty | Group
---------------------------------------------------------------
      300 |   0.5642 |  4.835880e+03 |  -14.41% |  2.29e-09 |      
      310 |   0.5422 |  4.934486e+03 |   +2.04% |  3.38e-09 |      
      320 |   0.5088 |  5.078914e+03 |   +2.93% |  4.98e-09 |      
      330 |   0.4686 |  5.232938e+03 |   +3.03% |  7.33e-09 |      
      340 |   0.4338 |  5.345089e+03 |   +2.14% |  1.08e-08 |      
      350 |   0.3963 |  5.456866e+03 |   +2.09% |  1.59e-08 |      
      360 |   0.3473 |  5.569478e+03 |   +2.06% |  2.34e-08 |      
      370 |   0.2997 |  5.662668e+03 |   +1.67% |  3.45e-08 |      
[INFO GPL-0040] Routability iteration: 2
[INFO GPL-0041] Total routing overflow: 0.0666
[INFO GPL-0042] Number of overflowed tiles: 2 (1.65%)
[INFO GPL-0043] Average top 0.5% routing congestion: 1.0398
[INFO GPL-0044] Average top 1.0% routing congestion: 1.0333
[INFO GPL-0045] Average top 2.0% routing congestion: 1.0188
[INFO GPL-0046] Average top 5.0% routing congestion: 0.9381
[INFO GPL-0047] Routability iteration weighted routing congestion: 1.0366
[INFO GPL-0049] Routing congestion (1.0366) higher than minimum (1.0279). Consecutive non-improvement count: 1.
[INFO GPL-0086] Inflated area:                  15.627 um^2 (+0.32%)
[INFO GPL-0052] Placement target density:       0.8382
[INFO GPL-0076] Removing fillers, count: Before: 22, After: 21 (-4.55%)
[INFO GPL-0077] Filler area (um^2)     : Before: 217.768, After: 207.869 (-4.55%)
[INFO GPL-0078] Removed fillers count: 1, area removed: 9.899 um^2. Remaining area to be compensated by modifying density: 5.728 um^2
[INFO GPL-0058] White space area:             6040.354 um^2 (+0.00%)
[INFO GPL-0059] Movable instances area:       5063.027 um^2 (+0.00%)
[INFO GPL-0060] Total filler area:             207.869 um^2 (-4.55%)
[INFO GPL-0061] Total non-inflated area:      5067.411 um^2 (+0.11%)
[INFO GPL-0062] Total inflated area:          5083.038 um^2 (+0.11%)
[INFO GPL-0063] New Target Density:             0.8382
[INFO GPL-0087] Routability end iteration: increase inflation and revert back to snapshot.
Iteration | Overflow |     HPWL (um) |  HPWL(%) |   Penalty | Group
---------------------------------------------------------------
      380 |   0.5601 |  4.858712e+03 |  -14.20% |  2.38e-09 |      
      390 |   0.5396 |  4.958210e+03 |   +2.05% |  3.51e-09 |      
      400 |   0.5050 |  5.107199e+03 |   +3.00% |  5.17e-09 |      
      410 |   0.4651 |  5.256453e+03 |   +2.92% |  7.62e-09 |      
      420 |   0.4305 |  5.366583e+03 |   +2.10% |  1.12e-08 |      
      430 |   0.3919 |  5.482721e+03 |   +2.16% |  1.65e-08 |      
      440 |   0.3421 |  5.594783e+03 |   +2.04% |  2.44e-08 |      
      450 |   0.2974 |  5.690438e+03 |   +1.71% |  3.59e-08 |      
[INFO GPL-0040] Routability iteration: 3
[INFO GPL-0041] Total routing overflow: 0.0491
[INFO GPL-0042] Number of overflowed tiles: 2 (1.65%)
[INFO GPL-0043] Average top 0.5% routing congestion: 1.0388
[INFO GPL-0044] Average top 1.0% routing congestion: 1.0245
[INFO GPL-0045] Average top 2.0% routing congestion: 1.0116
[INFO GPL-0046] Average top 5.0% routing congestion: 0.9347
[INFO GPL-0047] Routability iteration weighted routing congestion: 1.0317
[INFO GPL-0049] Routing congestion (1.0317) higher than minimum (1.0279). Consecutive non-improvement count: 2.
[INFO GPL-0086] Inflated area:                  12.854 um^2 (+0.26%)
[INFO GPL-0052] Placement target density:       0.8382
[INFO GPL-0076] Removing fillers, count: Before: 21, After: 20 (-4.76%)
[INFO GPL-0077] Filler area (um^2)     : Before: 207.869, After: 197.970 (-4.76%)
[INFO GPL-0078] Removed fillers count: 1, area removed: 9.899 um^2. Remaining area to be compensated by modifying density: 2.956 um^2
[INFO GPL-0058] White space area:             6040.354 um^2 (+0.00%)
[INFO GPL-0059] Movable instances area:       5063.027 um^2 (+0.00%)
[INFO GPL-0060] Total filler area:             197.970 um^2 (-4.76%)
[INFO GPL-0061] Total non-inflated area:      5070.367 um^2 (+0.06%)
[INFO GPL-0062] Total inflated area:          5083.221 um^2 (+0.06%)
[INFO GPL-0063] New Target Density:             0.8382
[INFO GPL-0087] Routability end iteration: increase inflation and revert back to snapshot.
Iteration | Overflow |     HPWL (um) |  HPWL(%) |   Penalty | Group
---------------------------------------------------------------
      460 |   0.5601 |  4.866247e+03 |  -14.48% |  2.38e-09 |      
      470 |   0.5396 |  4.968250e+03 |   +2.10% |  3.51e-09 |      
      480 |   0.5052 |  5.116079e+03 |   +2.98% |  5.17e-09 |      
      490 |   0.4655 |  5.265238e+03 |   +2.92% |  7.62e-09 |      
      500 |   0.4308 |  5.376392e+03 |   +2.11% |  1.12e-08 |      
      510 |   0.3921 |  5.492547e+03 |   +2.16% |  1.65e-08 |      
      520 |   0.3421 |  5.606347e+03 |   +2.07% |  2.44e-08 |      
      530 |   0.2978 |  5.699784e+03 |   +1.67% |  3.59e-08 |      
[INFO GPL-0040] Routability iteration: 4
[INFO GPL-0041] Total routing overflow: 0.0360
[INFO GPL-0042] Number of overflowed tiles: 2 (1.65%)
[INFO GPL-0043] Average top 0.5% routing congestion: 1.0346
[INFO GPL-0044] Average top 1.0% routing congestion: 1.0180
[INFO GPL-0045] Average top 2.0% routing congestion: 1.0035
[INFO GPL-0046] Average top 5.0% routing congestion: 0.9314
[INFO GPL-0047] Routability iteration weighted routing congestion: 1.0263
[INFO GPL-0048] Routing congestion (1.0263) lower than previous minimum (1.028). Updating minimum.
[INFO GPL-0086] Inflated area:                   9.435 um^2 (+0.19%)
[INFO GPL-0052] Placement target density:       0.8382
[INFO GPL-0076] Removing fillers, count: Before: 20, After: 20 (+0.00%)
[INFO GPL-0077] Filler area (um^2)     : Before: 197.970, After: 197.970 (+0.00%)
[INFO GPL-0078] Removed fillers count: 0, area removed: 0.000 um^2. Remaining area to be compensated by modifying density: 9.435 um^2
[INFO GPL-0058] White space area:             6040.354 um^2 (+0.00%)
[INFO GPL-0059] Movable instances area:       5063.027 um^2 (+0.00%)
[INFO GPL-0060] Total filler area:             197.970 um^2 (+0.00%)
[INFO GPL-0061] Total non-inflated area:      5079.802 um^2 (+0.19%)
[INFO GPL-0062] Total inflated area:          5089.237 um^2 (+0.19%)
[INFO GPL-0063] New Target Density:             0.8382
[INFO GPL-0087] Routability end iteration: increase inflation and revert back to snapshot.
Iteration | Overflow |     HPWL (um) |  HPWL(%) |   Penalty | Group
---------------------------------------------------------------
      540 |   0.5602 |  4.871119e+03 |  -14.54% |  2.38e-09 |      
      550 |   0.5397 |  4.973887e+03 |   +2.11% |  3.51e-09 |      
      560 |   0.5056 |  5.119806e+03 |   +2.93% |  5.17e-09 |      
      570 |   0.4663 |  5.270452e+03 |   +2.94% |  7.62e-09 |      
      580 |   0.4310 |  5.382923e+03 |   +2.13% |  1.12e-08 |      
      590 |   0.3927 |  5.496880e+03 |   +2.12% |  1.65e-08 |      
      600 |   0.3424 |  5.611450e+03 |   +2.08% |  2.44e-08 |      
      610 |   0.2983 |  5.703966e+03 |   +1.65% |  3.59e-08 |      
[INFO GPL-0040] Routability iteration: 5
[INFO GPL-0041] Total routing overflow: 0.0332
[INFO GPL-0042] Number of overflowed tiles: 2 (1.65%)
[INFO GPL-0043] Average top 0.5% routing congestion: 1.0323
[INFO GPL-0044] Average top 1.0% routing congestion: 1.0166
[INFO GPL-0045] Average top 2.0% routing congestion: 1.0007
[INFO GPL-0046] Average top 5.0% routing congestion: 0.9300
[INFO GPL-0047] Routability iteration weighted routing congestion: 1.0245
[INFO GPL-0048] Routing congestion (1.0245) lower than previous minimum (1.026). Updating minimum.
[INFO GPL-0086] Inflated area:                   9.385 um^2 (+0.19%)
[INFO GPL-0052] Placement target density:       0.8382
[INFO GPL-0076] Removing fillers, count: Before: 20, After: 20 (+0.00%)
[INFO GPL-0077] Filler area (um^2)     : Before: 197.970, After: 197.970 (+0.00%)
[INFO GPL-0078] Removed fillers count: 0, area removed: 0.000 um^2. Remaining area to be compensated by modifying density: 9.385 um^2
[INFO GPL-0058] White space area:             6040.354 um^2 (+0.00%)
[INFO GPL-0059] Movable instances area:       5063.027 um^2 (+0.00%)
[INFO GPL-0060] Total filler area:             197.970 um^2 (+0.00%)
[INFO GPL-0061] Total non-inflated area:      5089.186 um^2 (+0.18%)
[INFO GPL-0062] Total inflated area:          5098.571 um^2 (+0.18%)
[INFO GPL-0063] New Target Density:             0.8382
[INFO GPL-0087] Routability end iteration: increase inflation and revert back to snapshot.
Iteration | Overflow |     HPWL (um) |  HPWL(%) |   Penalty | Group
---------------------------------------------------------------
      620 |   0.5602 |  4.876159e+03 |  -14.51% |  2.38e-09 |      
      630 |   0.5399 |  4.979616e+03 |   +2.12% |  3.51e-09 |      
      640 |   0.5060 |  5.123597e+03 |   +2.89% |  5.17e-09 |      
      650 |   0.4672 |  5.275481e+03 |   +2.96% |  7.62e-09 |      
      660 |   0.4313 |  5.389525e+03 |   +2.16% |  1.12e-08 |      
      670 |   0.3932 |  5.501180e+03 |   +2.07% |  1.65e-08 |      
      680 |   0.3428 |  5.616572e+03 |   +2.10% |  2.44e-08 |      
      690 |   0.2989 |  5.707947e+03 |   +1.63% |  3.59e-08 |      
[INFO GPL-0040] Routability iteration: 6
[INFO GPL-0041] Total routing overflow: 0.0305
[INFO GPL-0042] Number of overflowed tiles: 2 (1.65%)
[INFO GPL-0043] Average top 0.5% routing congestion: 1.0295
[INFO GPL-0044] Average top 1.0% routing congestion: 1.0152
[INFO GPL-0045] Average top 2.0% routing congestion: 0.9978
[INFO GPL-0046] Average top 5.0% routing congestion: 0.9288
[INFO GPL-0047] Routability iteration weighted routing congestion: 1.0224
[INFO GPL-0048] Routing congestion (1.0224) lower than previous minimum (1.024). Updating minimum.
[INFO GPL-0086] Inflated area:                   9.132 um^2 (+0.19%)
[INFO GPL-0052] Placement target density:       0.8382
[INFO GPL-0076] Removing fillers, count: Before: 20, After: 20 (+0.00%)
[INFO GPL-0077] Filler area (um^2)     : Before: 197.970, After: 197.970 (+0.00%)
[INFO GPL-0078] Removed fillers count: 0, area removed: 0.000 um^2. Remaining area to be compensated by modifying density: 9.132 um^2
[INFO GPL-0058] White space area:             6040.354 um^2 (+0.00%)
[INFO GPL-0059] Movable instances area:       5063.027 um^2 (+0.00%)
[INFO GPL-0060] Total filler area:             197.970 um^2 (+0.00%)
[INFO GPL-0061] Total non-inflated area:      5098.318 um^2 (+0.18%)
[INFO GPL-0062] Total inflated area:          5107.450 um^2 (+0.18%)
[INFO GPL-0063] New Target Density:             0.8382
[INFO GPL-0087] Routability end iteration: increase inflation and revert back to snapshot.
Iteration | Overflow |     HPWL (um) |  HPWL(%) |   Penalty | Group
---------------------------------------------------------------
      700 |   0.5603 |  4.880514e+03 |  -14.50% |  2.38e-09 |      
      710 |   0.5401 |  4.985340e+03 |   +2.15% |  3.51e-09 |      
      720 |   0.5065 |  5.127445e+03 |   +2.85% |  5.17e-09 |      
      730 |   0.4682 |  5.280223e+03 |   +2.98% |  7.62e-09 |      
      740 |   0.4315 |  5.396429e+03 |   +2.20% |  1.12e-08 |      
      750 |   0.3936 |  5.505445e+03 |   +2.02% |  1.65e-08 |      
      760 |   0.3430 |  5.621218e+03 |   +2.10% |  2.44e-08 |      
      770 |   0.2994 |  5.711788e+03 |   +1.61% |  3.59e-08 |      
[INFO GPL-0040] Routability iteration: 7
[INFO GPL-0041] Total routing overflow: 0.0284
[INFO GPL-0042] Number of overflowed tiles: 2 (1.65%)
[INFO GPL-0043] Average top 0.5% routing congestion: 1.0270
[INFO GPL-0044] Average top 1.0% routing congestion: 1.0142
[INFO GPL-0045] Average top 2.0% routing congestion: 0.9950
[INFO GPL-0046] Average top 5.0% routing congestion: 0.9278
[INFO GPL-0047] Routability iteration weighted routing congestion: 1.0206
[INFO GPL-0048] Routing congestion (1.0206) lower than previous minimum (1.022). Updating minimum.
[INFO GPL-0086] Inflated area:                   8.808 um^2 (+0.18%)
[INFO GPL-0052] Placement target density:       0.8382
[INFO GPL-0076] Removing fillers, count: Before: 20, After: 20 (+0.00%)
[INFO GPL-0077] Filler area (um^2)     : Before: 197.970, After: 197.970 (+0.00%)
[INFO GPL-0078] Removed fillers count: 0, area removed: 0.000 um^2. Remaining area to be compensated by modifying density: 8.808 um^2
[INFO GPL-0058] White space area:             6040.354 um^2 (+0.00%)
[INFO GPL-0059] Movable instances area:       5063.027 um^2 (+0.00%)
[INFO GPL-0060] Total filler area:             197.970 um^2 (+0.00%)
[INFO GPL-0061] Total non-inflated area:      5107.126 um^2 (+0.17%)
[INFO GPL-0062] Total inflated area:          5115.934 um^2 (+0.17%)
[INFO GPL-0063] New Target Density:             0.8382
[INFO GPL-0087] Routability end iteration: increase inflation and revert back to snapshot.
Iteration | Overflow |     HPWL (um) |  HPWL(%) |   Penalty | Group
---------------------------------------------------------------
      780 |   0.5603 |  4.885639e+03 |  -14.46% |  2.38e-09 |      
      790 |   0.5403 |  4.990807e+03 |   +2.15% |  3.51e-09 |      
      800 |   0.5070 |  5.130935e+03 |   +2.81% |  5.17e-09 |      
      810 |   0.4692 |  5.284918e+03 |   +3.00% |  7.62e-09 |      
      820 |   0.4317 |  5.403360e+03 |   +2.24% |  1.12e-08 |      
      830 |   0.3941 |  5.509512e+03 |   +1.96% |  1.65e-08 |      
      840 |   0.3433 |  5.625612e+03 |   +2.11% |  2.44e-08 |      
      850 |   0.2999 |  5.715467e+03 |   +1.60% |  3.59e-08 |      
[INFO GPL-0040] Routability iteration: 8
[INFO GPL-0041] Total routing overflow: 0.0247
[INFO GPL-0042] Number of overflowed tiles: 2 (1.65%)
[INFO GPL-0043] Average top 0.5% routing congestion: 1.0229
[INFO GPL-0044] Average top 1.0% routing congestion: 1.0124
[INFO GPL-0045] Average top 2.0% routing congestion: 0.9916
[INFO GPL-0046] Average top 5.0% routing congestion: 0.9266
[INFO GPL-0047] Routability iteration weighted routing congestion: 1.0177
[INFO GPL-0048] Routing congestion (1.0177) lower than previous minimum (1.021). Updating minimum.
[INFO GPL-0086] Inflated area:                   7.881 um^2 (+0.16%)
[INFO GPL-0052] Placement target density:       0.8382
[INFO GPL-0076] Removing fillers, count: Before: 20, After: 20 (+0.00%)
[INFO GPL-0077] Filler area (um^2)     : Before: 197.970, After: 197.970 (+0.00%)
[INFO GPL-0078] Removed fillers count: 0, area removed: 0.000 um^2. Remaining area to be compensated by modifying density: 7.881 um^2
[INFO GPL-0058] White space area:             6040.354 um^2 (+0.00%)
[INFO GPL-0059] Movable instances area:       5063.027 um^2 (+0.00%)
[INFO GPL-0060] Total filler area:             197.970 um^2 (+0.00%)
[INFO GPL-0061] Total non-inflated area:      5115.007 um^2 (+0.15%)
[INFO GPL-0062] Total inflated area:          5122.888 um^2 (+0.15%)
[INFO GPL-0063] New Target Density:             0.8382
[INFO GPL-0087] Routability end iteration: increase inflation and revert back to snapshot.
Iteration | Overflow |     HPWL (um) |  HPWL(%) |   Penalty | Group
---------------------------------------------------------------
      860 |   0.5604 |  4.890209e+03 |  -14.44% |  2.38e-09 |      
      870 |   0.5405 |  4.995734e+03 |   +2.16% |  3.51e-09 |      
      880 |   0.5074 |  5.134086e+03 |   +2.77% |  5.17e-09 |      
      890 |   0.4702 |  5.289342e+03 |   +3.02% |  7.62e-09 |      
      900 |   0.4319 |  5.409779e+03 |   +2.28% |  1.12e-08 |      
      910 |   0.3945 |  5.513231e+03 |   +1.91% |  1.65e-08 |      
      920 |   0.3436 |  5.629469e+03 |   +2.11% |  2.44e-08 |      
      930 |   0.3003 |  5.718916e+03 |   +1.59% |  3.59e-08 |      
[INFO GPL-0040] Routability iteration: 9
[INFO GPL-0041] Total routing overflow: 0.0206
[INFO GPL-0042] Number of overflowed tiles: 2 (1.65%)
[INFO GPL-0043] Average top 0.5% routing congestion: 1.0201
[INFO GPL-0044] Average top 1.0% routing congestion: 1.0103
[INFO GPL-0045] Average top 2.0% routing congestion: 0.9890
[INFO GPL-0046] Average top 5.0% routing congestion: 0.9249
[INFO GPL-0047] Routability iteration weighted routing congestion: 1.0152
[INFO GPL-0048] Routing congestion (1.0152) lower than previous minimum (1.018). Updating minimum.
[INFO GPL-0086] Inflated area:                   7.194 um^2 (+0.15%)
[INFO GPL-0052] Placement target density:       0.8382
[INFO GPL-0076] Removing fillers, count: Before: 20, After: 20 (+0.00%)
[INFO GPL-0077] Filler area (um^2)     : Before: 197.970, After: 197.970 (+0.00%)
[INFO GPL-0078] Removed fillers count: 0, area removed: 0.000 um^2. Remaining area to be compensated by modifying density: 7.194 um^2
[INFO GPL-0058] White space area:             6040.354 um^2 (+0.00%)
[INFO GPL-0059] Movable instances area:       5063.027 um^2 (+0.00%)
[INFO GPL-0060] Total filler area:             197.970 um^2 (+0.00%)
[INFO GPL-0061] Total non-inflated area:      5122.201 um^2 (+0.14%)
[INFO GPL-0062] Total inflated area:          5129.395 um^2 (+0.14%)
[INFO GPL-0063] New Target Density:             0.8382
[INFO GPL-0087] Routability end iteration: increase inflation and revert back to snapshot.
Iteration | Overflow |     HPWL (um) |  HPWL(%) |   Penalty | Group
---------------------------------------------------------------
      940 |   0.5652 |  4.874735e+03 |  -14.76% |  2.29e-09 |      
      950 |   0.5428 |  4.990084e+03 |   +2.37% |  3.38e-09 |      
      960 |   0.5128 |  5.118818e+03 |   +2.58% |  4.98e-09 |      
      970 |   0.4745 |  5.276280e+03 |   +3.08% |  7.33e-09 |      
      980 |   0.4357 |  5.406881e+03 |   +2.48% |  1.08e-08 |      
      990 |   0.3993 |  5.503408e+03 |   +1.79% |  1.59e-08 |      
     1000 |   0.3492 |  5.623411e+03 |   +2.18% |  2.34e-08 |      
     1010 |   0.3033 |  5.706148e+03 |   +1.47% |  3.45e-08 |      
[INFO GPL-0040] Routability iteration: 10
[INFO GPL-0041] Total routing overflow: 0.0175
[INFO GPL-0042] Number of overflowed tiles: 2 (1.65%)
[INFO GPL-0043] Average top 0.5% routing congestion: 1.0169
[INFO GPL-0044] Average top 1.0% routing congestion: 1.0088
[INFO GPL-0045] Average top 2.0% routing congestion: 0.9863
[INFO GPL-0046] Average top 5.0% routing congestion: 0.9236
[INFO GPL-0047] Routability iteration weighted routing congestion: 1.0128
[INFO GPL-0048] Routing congestion (1.0128) lower than previous minimum (1.015). Updating minimum.
[INFO GPL-0086] Inflated area:                   5.498 um^2 (+0.11%)
[INFO GPL-0052] Placement target density:       0.8382
[INFO GPL-0076] Removing fillers, count: Before: 20, After: 20 (+0.00%)
[INFO GPL-0077] Filler area (um^2)     : Before: 197.970, After: 197.970 (+0.00%)
[INFO GPL-0078] Removed fillers count: 0, area removed: 0.000 um^2. Remaining area to be compensated by modifying density: 5.498 um^2
[INFO GPL-0058] White space area:             6040.354 um^2 (+0.00%)
[INFO GPL-0059] Movable instances area:       5063.027 um^2 (+0.00%)
[INFO GPL-0060] Total filler area:             197.970 um^2 (+0.00%)
[INFO GPL-0061] Total non-inflated area:      5127.699 um^2 (+0.11%)
[INFO GPL-0062] Total inflated area:          5133.197 um^2 (+0.11%)
[INFO GPL-0063] New Target Density:             0.8382
[INFO GPL-0087] Routability end iteration: increase inflation and revert back to snapshot.
Iteration | Overflow |     HPWL (um) |  HPWL(%) |   Penalty | Group
---------------------------------------------------------------
     1020 |   0.5705 |  4.860508e+03 |  -14.82% |  2.21e-09 |      
     1030 |   0.5446 |  4.987579e+03 |   +2.61% |  3.25e-09 |      
     1040 |   0.5183 |  5.105662e+03 |   +2.37% |  4.79e-09 |      
     1050 |   0.4782 |  5.263832e+03 |   +3.10% |  7.05e-09 |      
     1060 |   0.4396 |  5.403329e+03 |   +2.65% |  1.04e-08 |      
     1070 |   0.4035 |  5.494257e+03 |   +1.68% |  1.53e-08 |      
     1080 |   0.3548 |  5.620516e+03 |   +2.30% |  2.25e-08 |      
     1090 |   0.3063 |  5.702412e+03 |   +1.46% |  3.32e-08 |      
[INFO GPL-0040] Routability iteration: 11
[INFO GPL-0041] Total routing overflow: 0.0158
[INFO GPL-0042] Number of overflowed tiles: 2 (1.65%)
[INFO GPL-0043] Average top 0.5% routing congestion: 1.0154
[INFO GPL-0044] Average top 1.0% routing congestion: 1.0079
[INFO GPL-0045] Average top 2.0% routing congestion: 0.9844
[INFO GPL-0046] Average top 5.0% routing congestion: 0.9226
[INFO GPL-0047] Routability iteration weighted routing congestion: 1.0116
[INFO GPL-0048] Routing congestion (1.0116) lower than previous minimum (1.013). Updating minimum.
[INFO GPL-0086] Inflated area:                   5.149 um^2 (+0.10%)
[INFO GPL-0052] Placement target density:       0.8382
[INFO GPL-0076] Removing fillers, count: Before: 20, After: 20 (+0.00%)
[INFO GPL-0077] Filler area (um^2)     : Before: 197.970, After: 197.970 (+0.00%)
[INFO GPL-0078] Removed fillers count: 0, area removed: 0.000 um^2. Remaining area to be compensated by modifying density: 5.149 um^2
[INFO GPL-0058] White space area:             6040.354 um^2 (+0.00%)
[INFO GPL-0059] Movable instances area:       5063.027 um^2 (+0.00%)
[INFO GPL-0060] Total filler area:             197.970 um^2 (+0.00%)
[INFO GPL-0061] Total non-inflated area:      5132.848 um^2 (+0.10%)
[INFO GPL-0062] Total inflated area:          5137.998 um^2 (+0.10%)
[INFO GPL-0063] New Target Density:             0.8382
[INFO GPL-0087] Routability end iteration: increase inflation and revert back to snapshot.
Iteration | Overflow |     HPWL (um) |  HPWL(%) |   Penalty | Group
---------------------------------------------------------------
     1100 |   0.5752 |  4.840999e+03 |  -15.11% |  2.12e-09 |      
     1110 |   0.5462 |  4.981614e+03 |   +2.90% |  3.13e-09 |      
     1120 |   0.5232 |  5.090025e+03 |   +2.18% |  4.61e-09 |      
     1130 |   0.4823 |  5.248267e+03 |   +3.11% |  6.78e-09 |      
     1140 |   0.4441 |  5.397126e+03 |   +2.84% |  9.99e-09 |      
     1150 |   0.4073 |  5.487381e+03 |   +1.67% |  1.47e-08 |      
     1160 |   0.3606 |  5.611887e+03 |   +2.27% |  2.17e-08 |      
     1170 |   0.3090 |  5.692281e+03 |   +1.43% |  3.19e-08 |      
[INFO GPL-0040] Routability iteration: 12
[INFO GPL-0041] Total routing overflow: 0.0149
[INFO GPL-0042] Number of overflowed tiles: 2 (1.65%)
[INFO GPL-0043] Average top 0.5% routing congestion: 1.0145
[INFO GPL-0044] Average top 1.0% routing congestion: 1.0074
[INFO GPL-0045] Average top 2.0% routing congestion: 0.9828
[INFO GPL-0046] Average top 5.0% routing congestion: 0.9217
[INFO GPL-0047] Routability iteration weighted routing congestion: 1.0110
[INFO GPL-0049] Routing congestion (1.0110) higher than minimum (1.0116). Consecutive non-improvement count: 1.
[INFO GPL-0086] Inflated area:                   5.033 um^2 (+0.10%)
[INFO GPL-0052] Placement target density:       0.8382
[INFO GPL-0076] Removing fillers, count: Before: 20, After: 20 (+0.00%)
[INFO GPL-0077] Filler area (um^2)     : Before: 197.970, After: 197.970 (+0.00%)
[INFO GPL-0078] Removed fillers count: 0, area removed: 0.000 um^2. Remaining area to be compensated by modifying density: 5.033 um^2
[INFO GPL-0058] White space area:             6040.354 um^2 (+0.00%)
[INFO GPL-0059] Movable instances area:       5063.027 um^2 (+0.00%)
[INFO GPL-0060] Total filler area:             197.970 um^2 (+0.00%)
[INFO GPL-0061] Total non-inflated area:      5137.881 um^2 (+0.10%)
[INFO GPL-0062] Total inflated area:          5142.914 um^2 (+0.10%)
[INFO GPL-0063] New Target Density:             0.8382
[INFO GPL-0087] Routability end iteration: increase inflation and revert back to snapshot.
Iteration | Overflow |     HPWL (um) |  HPWL(%) |   Penalty | Group
---------------------------------------------------------------
     1180 |   0.5794 |  4.822053e+03 |  -15.29% |  2.04e-09 |      
     1190 |   0.5477 |  4.979160e+03 |   +3.26% |  3.01e-09 |      
     1200 |   0.5274 |  5.077871e+03 |   +1.98% |  4.43e-09 |      
     1210 |   0.4859 |  5.235680e+03 |   +3.11% |  6.53e-09 |      
     1220 |   0.4490 |  5.390353e+03 |   +2.95% |  9.61e-09 |      
     1230 |   0.4110 |  5.481044e+03 |   +1.68% |  1.42e-08 |      
     1240 |   0.3671 |  5.604226e+03 |   +2.25% |  2.09e-08 |      
     1250 |   0.3142 |  5.689134e+03 |   +1.52% |  3.07e-08 |      
[INFO GPL-0040] Routability iteration: 13
[INFO GPL-0041] Total routing overflow: 0.0148
[INFO GPL-0042] Number of overflowed tiles: 2 (1.65%)
[INFO GPL-0043] Average top 0.5% routing congestion: 1.0145
[INFO GPL-0044] Average top 1.0% routing congestion: 1.0074
[INFO GPL-0045] Average top 2.0% routing congestion: 0.9816
[INFO GPL-0046] Average top 5.0% routing congestion: 0.9210
[INFO GPL-0047] Routability iteration weighted routing congestion: 1.0109
[INFO GPL-0049] Routing congestion (1.0109) higher than minimum (1.0116). Consecutive non-improvement count: 2.
[INFO GPL-0086] Inflated area:                   5.105 um^2 (+0.10%)
[INFO GPL-0052] Placement target density:       0.8382
[INFO GPL-0076] Removing fillers, count: Before: 20, After: 20 (+0.00%)
[INFO GPL-0077] Filler area (um^2)     : Before: 197.970, After: 197.970 (+0.00%)
[INFO GPL-0078] Removed fillers count: 0, area removed: 0.000 um^2. Remaining area to be compensated by modifying density: 5.105 um^2
[INFO GPL-0058] White space area:             6040.354 um^2 (+0.00%)
[INFO GPL-0059] Movable instances area:       5063.027 um^2 (+0.00%)
[INFO GPL-0060] Total filler area:             197.970 um^2 (+0.00%)
[INFO GPL-0061] Total non-inflated area:      5142.986 um^2 (+0.10%)
[INFO GPL-0062] Total inflated area:          5148.092 um^2 (+0.10%)
[INFO GPL-0063] New Target Density:             0.8382
[INFO GPL-0087] Routability end iteration: increase inflation and revert back to snapshot.
Iteration | Overflow |     HPWL (um) |  HPWL(%) |   Penalty | Group
---------------------------------------------------------------
     1260 |   0.5844 |  4.799870e+03 |  -15.63% |  1.96e-09 |      
     1270 |   0.5489 |  4.971549e+03 |   +3.58% |  2.89e-09 |      
     1280 |   0.5307 |  5.063955e+03 |   +1.86% |  4.26e-09 |      
     1290 |   0.4892 |  5.220238e+03 |   +3.09% |  6.28e-09 |      
     1300 |   0.4542 |  5.379143e+03 |   +3.04% |  9.25e-09 |      
     1310 |   0.4146 |  5.476308e+03 |   +1.81% |  1.36e-08 |      
     1320 |   0.3736 |  5.592978e+03 |   +2.13% |  2.01e-08 |      
     1330 |   0.3197 |  5.678963e+03 |   +1.54% |  2.96e-08 |      
[INFO GPL-0040] Routability iteration: 14
[INFO GPL-0041] Total routing overflow: 0.0156
[INFO GPL-0042] Number of overflowed tiles: 2 (1.65%)
[INFO GPL-0043] Average top 0.5% routing congestion: 1.0148
[INFO GPL-0044] Average top 1.0% routing congestion: 1.0078
[INFO GPL-0045] Average top 2.0% routing congestion: 0.9804
[INFO GPL-0046] Average top 5.0% routing congestion: 0.9202
[INFO GPL-0047] Routability iteration weighted routing congestion: 1.0113
[INFO GPL-0049] Routing congestion (1.0113) higher than minimum (1.0116). Consecutive non-improvement count: 3.
[INFO GPL-0086] Inflated area:                   5.031 um^2 (+0.10%)
[INFO GPL-0052] Placement target density:       0.8382
[INFO GPL-0076] Removing fillers, count: Before: 20, After: 20 (+0.00%)
[INFO GPL-0077] Filler area (um^2)     : Before: 197.970, After: 197.970 (+0.00%)
[INFO GPL-0078] Removed fillers count: 0, area removed: 0.000 um^2. Remaining area to be compensated by modifying density: 5.031 um^2
[INFO GPL-0054] No improvement in routing congestion for 3 consecutive iterations (limit is 3).
[INFO GPL-0055] Reverting inflation values and target density from the iteration with minimum observed routing congestion.
[INFO GPL-0056] Minimum observed routing congestion: 1.0116
[INFO GPL-0057] Target density at minimum routing congestion: 0.8382
[INFO GPL-0080] Restoring 0 previously removed fillers.
[INFO GPL-0089] Routability finished. Reverting to minimal observed routing congestion, could not reach target.
Iteration | Overflow |     HPWL (um) |  HPWL(%) |   Penalty | Group
---------------------------------------------------------------
     1340 |   0.5869 |  4.772679e+03 |  -15.96% |  1.89e-09 |      
     1350 |   0.5492 |  4.946962e+03 |   +3.65% |  2.78e-09 |      
     1360 |   0.5309 |  5.040686e+03 |   +1.89% |  4.10e-09 |      
     1370 |   0.4913 |  5.197136e+03 |   +3.10% |  6.04e-09 |      
     1380 |   0.4559 |  5.352175e+03 |   +2.98% |  8.90e-09 |      
     1390 |   0.4169 |  5.452517e+03 |   +1.87% |  1.31e-08 |      
     1400 |   0.3774 |  5.569085e+03 |   +2.14% |  1.93e-08 |      
     1410 |   0.3222 |  5.665409e+03 |   +1.73% |  2.84e-08 |      
     1420 |   0.2855 |  5.788112e+03 |   +2.17% |  4.19e-08 |      
     1430 |   0.2425 |  5.927839e+03 |   +2.41% |  6.17e-08 |      
     1440 |   0.2160 |  6.059774e+03 |   +2.23% |  9.09e-08 |      
     1450 |   0.1994 |  6.151275e+03 |   +1.51% |  1.34e-07 |      
[INFO GPL-0100] Timing-driven iteration 2/2, virtual: false.
[INFO GPL-0101]    Iter: 1454, overflow: 0.194, keep resizer changes at: 1, HPWL: 6177535
Iteration |   Area    | Resized | Buffers | Nets repaired | Remaining
---------------------------------------------------------------------
        0 |     +0.0% |       0 |       0 |             0 |       481
    final |     +0.0% |       0 |       0 |             0 |         0
---------------------------------------------------------------------
   Iter   |    Area   | Removed | Inserted |   Pins
          |           | Buffers | Buffers  | Remaining
-------------------------------------------------------
        0 |     +0.0% |       0 |        0 |       430
       43 |     -0.4% |       2 |        0 |       387
       86 |     -0.4% |       3 |        1 |       344
      129 |     -0.5% |       5 |        3 |       301
      172 |     -0.2% |       5 |        5 |       258
      215 |     -0.3% |       8 |        7 |       215
      258 |     +0.3% |       9 |       12 |       172
      301 |     +0.7% |      10 |       16 |       129
      344 |     +1.3% |      13 |       23 |        86
      387 |     +3.0% |      15 |       37 |        43
    final |     +3.2% |      15 |       38 |         0
-------------------------------------------------------
[INFO GPL-0106] Timing-driven: worst slack 4.5022763e-11
[INFO GPL-0107] Timing-driven: repair_design delta area: 140.659 um^2 (+2.84%)
[INFO GPL-0108] Timing-driven: repair_design, gpl delta gcells: 23 (+5.17%)
[INFO GPL-0109] Timing-driven: repair_design, gcells created: 38, deleted: 15
[INFO GPL-0110] Timing-driven: new target density: 0.8747245
Iteration | Overflow |     HPWL (um) |  HPWL(%) |   Penalty | Group
---------------------------------------------------------------
     1460 |   0.1700 |  6.468640e+03 |   +5.16% |  1.97e-07 |      
     1470 |   0.1480 |  6.530800e+03 |   +0.96% |  2.91e-07 |      
     1480 |   0.1261 |  6.582515e+03 |   +0.79% |  4.28e-07 |      
     1490 |   0.1037 |  6.604752e+03 |   +0.34% |  6.31e-07 |      
     1493 |   0.0990 |  6.613066e+03 |          |  7.37e-07 |      
---------------------------------------------------------------
[INFO GPL-1001] Global placement finished at iteration 1493
[INFO GPL-1017] Routability mode iteration count: 1175
[INFO GPL-1005] Routability final weighted congestion: 0.9294
[INFO GPL-1002] Placed Cell Area             5070.3875
[INFO GPL-1003] Available Free Area          6040.3536
[INFO GPL-1004] Minimum Feasible Density        0.7900 (cell_area / free_area)
[INFO GPL-1006]   Suggested Target Densities:
[INFO GPL-1007]     - For 90% usage of free space: 0.9327
[INFO GPL-1008]     - For 80% usage of free space: 1.0493
[INFO GPL-1011] Original area (um^2): 4727.74
[INFO GPL-1012] Total routability artificial inflation: 98.09 (+2.07%)
[INFO GPL-1013] Total timing-driven delta area: 244.56 (+5.17%)
[INFO GPL-1014] Final placement area: 5070.39 (+7.25%)
estimate_parasitics -placement
Report metrics stage 3, global place...

==========================================================================
global place report_design_area
--------------------------------------------------------------------------
Design area 4583 um^2 75% utilization.
write_db ./results/sky130hs/gcd/slot1/3_3_place_gp.odb
Log                       Ext     Elapsed/s Peak Memory/MB sha1sum result [0:20)
3_3_place_gp              .odb            1            270 067a5e7b8ff1ea82012a
/root/OpenROAD-flow-scripts/flow/scripts/flow.sh 3_4_place_resized resize
Running resize.tcl, stage 3_4_place_resized
read_liberty /root/OpenROAD-flow-scripts/flow/platforms/sky130hs/lib/sky130_fd_sc_hs__tt_025C_1v80.lib
read_db ./results/sky130hs/gcd/slot1/3_3_place_gp.odb
read_sdc ./results/sky130hs/gcd/slot1/2_floorplan.sdc
source /root/OpenROAD-flow-scripts/flow/platforms/sky130hs/setRC.tcl
estimate_parasitics -placement
Perform buffer insertion and gate resizing...
repair_design -verbose -match_cell_footprint
Iteration |   Area    | Resized | Buffers | Nets repaired | Remaining
---------------------------------------------------------------------
        0 |     +0.0% |       0 |       0 |             0 |       504
       10 |     +0.0% |       0 |       0 |             0 |       494
       20 |     +0.0% |       0 |       0 |             0 |       484
       30 |     +0.0% |       0 |       0 |             0 |       474
       40 |     +0.0% |       0 |       0 |             0 |       464
       50 |     +0.0% |       0 |       0 |             0 |       454
       60 |     +0.0% |       0 |       0 |             0 |       444
       70 |     +0.0% |       0 |       0 |             0 |       434
       80 |     +0.0% |       0 |       0 |             0 |       424
       90 |     +0.0% |       0 |       0 |             0 |       414
      100 |     +0.0% |       0 |       0 |             0 |       404
      110 |     +0.0% |       0 |       0 |             0 |       394
      120 |     +0.0% |       0 |       0 |             0 |       384
      130 |     +0.0% |       0 |       0 |             0 |       374
      140 |     +0.0% |       0 |       0 |             0 |       364
      150 |     +0.0% |       0 |       0 |             0 |       354
      160 |     +0.0% |       0 |       0 |             0 |       344
      170 |     +0.0% |       0 |       0 |             0 |       334
      180 |     +0.0% |       0 |       0 |             0 |       324
      190 |     +0.0% |       0 |       0 |             0 |       314
      200 |     +0.0% |       0 |       0 |             0 |       304
      210 |     +0.0% |       0 |       0 |             0 |       294
      220 |     +0.0% |       0 |       0 |             0 |       284
      230 |     +0.0% |       0 |       0 |             0 |       274
      240 |     +0.0% |       0 |       0 |             0 |       264
      250 |     +0.0% |       0 |       0 |             0 |       254
      260 |     +0.0% |       0 |       0 |             0 |       244
      270 |     +0.0% |       0 |       0 |             0 |       234
      280 |     +0.0% |       0 |       0 |             0 |       224
      290 |     +0.0% |       0 |       0 |             0 |       214
      300 |     +0.0% |       0 |       0 |             0 |       204
      310 |     +0.0% |       0 |       0 |             0 |       194
      320 |     +0.0% |       0 |       0 |             0 |       184
      330 |     +0.0% |       0 |       0 |             0 |       174
      340 |     +0.0% |       0 |       0 |             0 |       164
      350 |     +0.0% |       0 |       0 |             0 |       154
      360 |     +0.0% |       0 |       0 |             0 |       144
      370 |     +0.0% |       0 |       0 |             0 |       134
      380 |     +0.0% |       0 |       0 |             0 |       124
      390 |     +0.0% |       0 |       0 |             0 |       114
      400 |     +0.0% |       0 |       0 |             0 |       104
      410 |     +0.0% |       0 |       0 |             0 |        94
      420 |     +0.0% |       0 |       0 |             0 |        84
      430 |     +0.0% |       0 |       0 |             0 |        74
      440 |     +0.0% |       0 |       0 |             0 |        64
      450 |     +0.0% |       0 |       0 |             0 |        54
      460 |     +0.0% |       0 |       0 |             0 |        44
      470 |     +0.0% |       0 |       0 |             0 |        34
      480 |     +0.0% |       0 |       0 |             0 |        24
      490 |     +0.0% |       0 |       0 |             0 |        14
      500 |     +0.0% |       0 |       0 |             0 |         4
    final |     +0.0% |       0 |       0 |             0 |         0
---------------------------------------------------------------------
[INFO RSZ-0504] Runtime: 0.02s
Repair setup and hold violations...
estimate_parasitics -placement
repair_timing -repair_tns 100 -match_cell_footprint -verbose
[INFO RSZ-0100] Repair move sequence: UnbufferMove SizeUpMove SwapPinsMove BufferMove CloneMove SplitLoadMove 
[INFO RSZ-0094] Found 16 endpoints with setup violations.
[INFO RSZ-0099] Repairing 16 out of 16 (100.00%) violating endpoints...
   Iter   | Removed | Resized | Inserted | Cloned |  Pin  |   Area   |    WNS   |   StTNS    |   EnTNS    |  Viol  |  Worst  
          | Buffers |  Gates  | Buffers  |  Gates | Swaps |          |          |            |            | Endpts | St/EnPt 
------------------------------------------------------------------------------------------------------------------------------
       0* |       0 |       0 |        0 |      0 |     0 |    +0.0% |   -0.029 |       -0.1 |       -0.5 |     16 | dpath.b_reg.out\[0\]$_DFFE_PP_/DE
       2* |       0 |       1 |        0 |      0 |     0 |    +0.1% |    0.007 |        0.0 |        0.0 |     16 | dpath.a_reg.out\[12\]$_DFFE_PP_/D
       3* |       0 |       1 |        0 |      0 |     0 |    +0.1% |    0.007 |        0.0 |        0.0 |     16 | dpath.a_reg.out\[12\]$_DFFE_PP_/D
       4* |       0 |       1 |        0 |      0 |     0 |    +0.1% |    0.007 |        0.0 |        0.0 |     16 | dpath.a_reg.out\[12\]$_DFFE_PP_/D
       5* |       0 |       1 |        0 |      0 |     0 |    +0.1% |    0.007 |        0.0 |        0.0 |     16 | dpath.a_reg.out\[12\]$_DFFE_PP_/D
       6* |       0 |       1 |        0 |      0 |     0 |    +0.1% |    0.007 |        0.0 |        0.0 |     16 | dpath.a_reg.out\[12\]$_DFFE_PP_/D
       7* |       0 |       1 |        0 |      0 |     0 |    +0.1% |    0.007 |        0.0 |        0.0 |     16 | dpath.a_reg.out\[12\]$_DFFE_PP_/D
       8* |       0 |       1 |        0 |      0 |     0 |    +0.1% |    0.007 |        0.0 |        0.0 |     16 | dpath.a_reg.out\[12\]$_DFFE_PP_/D
       9* |       0 |       1 |        0 |      0 |     0 |    +0.1% |    0.007 |        0.0 |        0.0 |     16 | dpath.a_reg.out\[12\]$_DFFE_PP_/D
      10* |       0 |       1 |        0 |      0 |     0 |    +0.1% |    0.007 |        0.0 |        0.0 |     16 | dpath.a_reg.out\[12\]$_DFFE_PP_/D
      10* |       0 |       1 |        0 |      0 |     0 |    +0.1% |    0.007 |        0.0 |        0.0 |     16 | dpath.a_reg.out\[12\]$_DFFE_PP_/D
      11* |       0 |       1 |        0 |      0 |     0 |    +0.1% |    0.007 |        0.0 |        0.0 |     16 | dpath.a_reg.out\[12\]$_DFFE_PP_/D
      12* |       0 |       1 |        0 |      0 |     0 |    +0.1% |    0.007 |        0.0 |        0.0 |     16 | dpath.a_reg.out\[12\]$_DFFE_PP_/D
      13* |       0 |       1 |        0 |      0 |     0 |    +0.1% |    0.007 |        0.0 |        0.0 |     16 | dpath.a_reg.out\[12\]$_DFFE_PP_/D
      14* |       0 |       1 |        0 |      0 |     0 |    +0.1% |    0.007 |        0.0 |        0.0 |     16 | dpath.a_reg.out\[12\]$_DFFE_PP_/D
      15* |       0 |       1 |        0 |      0 |     0 |    +0.1% |    0.007 |        0.0 |        0.0 |     16 | dpath.a_reg.out\[12\]$_DFFE_PP_/D
      16* |       0 |       1 |        0 |      0 |     0 |    +0.1% |    0.007 |        0.0 |        0.0 |     16 | dpath.a_reg.out\[12\]$_DFFE_PP_/D
      17* |       0 |       1 |        0 |      0 |     0 |    +0.1% |    0.007 |        0.0 |        0.0 |     16 | dpath.a_reg.out\[12\]$_DFFE_PP_/D
      17* |       0 |       1 |        0 |      0 |     0 |    +0.1% |    0.007 |        0.0 |        0.0 |     16 | dpath.a_reg.out\[12\]$_DFFE_PP_/D
    final |       0 |       1 |        0 |      0 |     0 |    +0.1% |    0.007 |        0.0 |        0.0 |      0 | dpath.a_reg.out\[12\]$_DFFE_PP_/D
------------------------------------------------------------------------------------------------------------------------------
[INFO RSZ-0051] Resized 1 instances: 1 up, 0 up match, 0 down, 0 VT
[INFO RSZ-0505] Runtime: 0.05s
[INFO RSZ-0033] No hold violations found.
[INFO RSZ-0506] Runtime: 0.00s
Floating nets: 
Report metrics stage 3, resizer...

==========================================================================
resizer report_design_area
--------------------------------------------------------------------------
Design area 4586 um^2 75% utilization.
Instance count before 530, after 530
Pin count before 1447, after 1447
write_db ./results/sky130hs/gcd/slot1/3_4_place_resized.odb
Log                       Ext     Elapsed/s Peak Memory/MB sha1sum result [0:20)
3_4_place_resized         .odb            0            163 f0fcb186d70d6b33f649
/root/OpenROAD-flow-scripts/flow/scripts/flow.sh 3_5_place_dp detail_place
Running detail_place.tcl, stage 3_5_place_dp
read_liberty /root/OpenROAD-flow-scripts/flow/platforms/sky130hs/lib/sky130_fd_sc_hs__tt_025C_1v80.lib
read_db ./results/sky130hs/gcd/slot1/3_4_place_resized.odb
read_sdc ./results/sky130hs/gcd/slot1/2_floorplan.sdc
source /root/OpenROAD-flow-scripts/flow/platforms/sky130hs/setRC.tcl
detailed_placement
[INFO DPL-0006] Core area: 6139.45 um^2
[INFO DPL-0007] Movable instances area: 4486.71 um^2
[INFO DPL-0008] Fixed instances area within core: 99.10 um^2
[INFO DPL-0009] Utilization: 74.7%
[INFO DPL-0005] Diamond search max displacement: +/- 500 sites horizontally, +/- 100 rows vertically.
[INFO DPL-1102] Legalizing using negotiation legalizer.
[INFO DPL-1103] Negotiation base search window: +/-20 sites horizontally, +/-5 rows vertically 
	Automatic search window extension enabled.
	Search window extendable up to the max displacement cap of +/-500 sites, +/-100 rows near walls.
[INFO DPL-1104] NegotiationLegalizer DRC penalty: 5.
[INFO DPL-0392] Negotiation cell height distribution (1 unique row-count(s)):
[INFO DPL-0393]   height 1 row(s): 530 cells
          |      Total |  Illegal |  Illegal
Iteration | Violations |    Cells |    Sites
---------------------------------------------
        0 |         83 |        21 |        62
        1 |         32 |         2 |        30
        2 |         36 |         2 |        34
        3 |         24 |         2 |        22
        4 |         46 |         2 |        44
        5 |          0 |         0 |         0
Negotiation phase 1 converged at iteration 5.
[INFO DPL-0500] Runtime: 0.00s
Placement Analysis
---------------------------------
total displacement       2146.2 u
average displacement        4.0 u
max displacement           25.2 u
original HPWL            6642.1 u
legalized HPWL           8869.2 u
delta HPWL                   34 %

improve_placement -max_displacement "5 1"
Detailed placement improvement.
[INFO DPL-0401] Setting random seed to 1.
[INFO DPL-0402] Setting maximum displacement 5 1 to 16650 3330 units.
[INFO DPL-0320] Collected 116 fixed cells.
[INFO DPL-0318] Collected 468 single height cells.
[INFO DPL-0321] Collected 0 wide cells.
[INFO DPL-0322] Image (1440, 3330) - (81600, 79920)
[INFO DPL-0310] Assigned 468 cells into segments.  Movement in X-direction is 0.000000, movement in Y-direction is 0.000000.
[INFO DPL-0313] Found 0 cells in wrong regions.
[INFO DPL-0315] Found 0 row alignment problems.
[INFO DPL-0314] Found 0 site alignment problems.
[INFO DPL-0311] Found 0 overlaps between adjacent cells.
[INFO DPL-0312] Found 0 edge spacing violations and 0 padding violations.
[INFO DPL-0303] Running algorithm for independent set matching.
[INFO DPL-0300] Set matching objective is wirelength.
[INFO DPL-0301] Pass   1 of matching; objective is 8.865212e+06.
[INFO DPL-0302] End of matching; objective is 8.824164e+06, improvement is 0.46 percent.
[INFO DPL-0303] Running algorithm for global swaps.
[INFO DPL-0306] Pass   1 of global swaps; hpwl is 8.526171e+06.
[INFO DPL-0306] Pass   2 of global swaps; hpwl is 8.472882e+06.
[INFO DPL-0307] End of global swaps; objective is 8.472882e+06, improvement is 3.98 percent.
[INFO DPL-0303] Running algorithm for vertical swaps.
[INFO DPL-0308] Pass   1 of vertical swaps; hpwl is 8.419139e+06.
[INFO DPL-0309] End of vertical swaps; objective is 8.419139e+06, improvement is 0.63 percent.
[INFO DPL-0303] Running algorithm for reordering.
[INFO DPL-0304] Pass   1 of reordering; objective is 8.372111e+06.
[INFO DPL-0305] End of reordering; objective is 8.372111e+06, improvement is 0.56 percent.
[INFO DPL-0303] Running algorithm for random improvement.
[INFO DPL-0324] Random improver is using random generator.
[INFO DPL-0325] Random improver is using hpwl objective.
[INFO DPL-0326] Random improver cost string is (a).
[INFO DPL-0332] End of pass, Generator random called 9360 times.
[INFO DPL-0335] Generator random, Cumulative attempts 9360, swaps 2092, moves  1400 since last reset.
[INFO DPL-0333] End of pass, Objective hpwl, Initial cost 8.372111e+06, Scratch cost 8.181364e+06, Incremental cost 8.181364e+06, Mismatch? N
[INFO DPL-0338] End of pass, Total cost is 8.181364e+06.
[INFO DPL-0327] Pass   1 of random improver; improvement in cost is 2.28 percent.
[INFO DPL-0332] End of pass, Generator random called 9360 times.
[INFO DPL-0335] Generator random, Cumulative attempts 18720, swaps 4073, moves  2837 since last reset.
[INFO DPL-0333] End of pass, Objective hpwl, Initial cost 8.181364e+06, Scratch cost 8.077158e+06, Incremental cost 8.077158e+06, Mismatch? N
[INFO DPL-0338] End of pass, Total cost is 8.077158e+06.
[INFO DPL-0327] Pass   2 of random improver; improvement in cost is 1.27 percent.
[INFO DPL-0332] End of pass, Generator random called 9360 times.
[INFO DPL-0335] Generator random, Cumulative attempts 28080, swaps 5998, moves  4295 since last reset.
[INFO DPL-0333] End of pass, Objective hpwl, Initial cost 8.077158e+06, Scratch cost 8.015014e+06, Incremental cost 8.015014e+06, Mismatch? N
[INFO DPL-0338] End of pass, Total cost is 8.015014e+06.
[INFO DPL-0327] Pass   3 of random improver; improvement in cost is 0.77 percent.
[INFO DPL-0328] End of random improver; improvement is 4.265316 percent.
[INFO DPL-0380] Cell flipping.
[INFO DPL-0382] Changed 0 cell orientations for row compatibility.
[INFO DPL-0383] Performed 136 cell flips.
[INFO DPL-0384] End of flipping; objective is 7.856275e+06, improvement is 1.98 percent.
[INFO DPL-0313] Found 0 cells in wrong regions.
[INFO DPL-0315] Found 0 row alignment problems.
[INFO DPL-0314] Found 0 site alignment problems.
[INFO DPL-0311] Found 0 overlaps between adjacent cells.
[INFO DPL-0312] Found 0 edge spacing violations and 0 padding violations.
Detailed Improvement Results
------------------------------------------
Original HPWL             8869.2 u (    4174.9,     4694.3)
Final HPWL                7852.4 u (    3875.6,     3976.8)
Delta HPWL                 -11.5 % (      -7.2,      -15.3)

optimize_mirroring
[INFO DPL-0020] Mirrored 33 instances
[INFO DPL-0021] HPWL before            7852.4 u
[INFO DPL-0022] HPWL after             7844.3 u
[INFO DPL-0023] HPWL delta               -0.1 %
[INFO FLW-0012] Placement violations .
estimate_parasitics -placement
Report metrics stage 3, detailed place...

==========================================================================
detailed place report_design_area
--------------------------------------------------------------------------
Design area 4586 um^2 75% utilization.
write_db ./results/sky130hs/gcd/slot1/3_5_place_dp.odb
write_sdc -no_timestamp ./results/sky130hs/gcd/slot1/3_place.sdc
Log                       Ext     Elapsed/s Peak Memory/MB sha1sum result [0:20)
3_5_place_dp              .odb            0            148 b4fb0fd57455a973eca4
cp ./results/sky130hs/gcd/slot1/3_5_place_dp.odb ./results/sky130hs/gcd/slot1/3_place.odb
make: Leaving directory '/root/OpenROAD-flow-scripts/flow'

STDERR:
bash: /opt/miniconda/lib/libtinfo.so.6: no version information available (required by bash)
bash: /opt/miniconda/lib/libtinfo.so.6: no version information available (required by bash)
bash: /opt/miniconda/lib/libtinfo.so.6: no version information available (required by bash)
bash: /opt/miniconda/lib/libtinfo.so.6: no version information available (required by bash)
bash: /opt/miniconda/lib/libtinfo.so.6: no version information available (required by bash)
bash: /opt/miniconda/lib/libtinfo.so.6: no version information available (required by bash)
bash: /opt/miniconda/lib/libtinfo.so.6: no version information available (required by bash)
bash: /opt/miniconda/lib/libtinfo.so.6: no version information available (required by bash)
bash: /opt/miniconda/lib/libtinfo.so.6: no version information available (required by bash)
bash: /opt/miniconda/lib/libtinfo.so.6: no version information available (required by bash)
bash: /opt/miniconda/lib/libtinfo.so.6: no version information available (required by bash)
bash: /opt/miniconda/lib/libtinfo.so.6: no version information available (required by bash)
bash: /opt/miniconda/lib/libtinfo.so.6: no version information available (required by bash)
bash: /opt/miniconda/lib/libtinfo.so.6: no version information available (required by bash)
bash: /opt/miniconda/lib/libtinfo.so.6: no version information available (required by bash)
bash: /opt/miniconda/lib/libtinfo.so.6: no version information available (required by bash)
bash: /opt/miniconda/lib/libtinfo.so.6: no version information available (required by bash)
bash: /opt/miniconda/lib/libtinfo.so.6: no version information available (required by bash)
bash: /opt/miniconda/lib/libtinfo.so.6: no version information available (required by bash)
bash: /opt/miniconda/lib/libtinfo.so.6: no version information available (required by bash)
bash: /opt/miniconda/lib/libtinfo.so.6: no version information available (required by bash)
bash: /opt/miniconda/lib/libtinfo.so.6: no version information available (required by bash)
bash: /opt/miniconda/lib/libtinfo.so.6: no version information available (required by bash)
bash: /opt/miniconda/lib/libtinfo.so.6: no version information available (required by bash)
Elapsed time: 0:00.75[h:]min:sec. CPU time: user 0.70 sys 0.05 (99%). Peak memory: 148688KB.
bash: /opt/miniconda/lib/libtinfo.so.6: no version information available (required by bash)
bash: /opt/miniconda/lib/libtinfo.so.6: no version information available (required by bash)
bash: /opt/miniconda/lib/libtinfo.so.6: no version information available (required by bash)
bash: /opt/miniconda/lib/libtinfo.so.6: no version information available (required by bash)
bash: /opt/miniconda/lib/libtinfo.so.6: no version information available (required by bash)
bash: /opt/miniconda/lib/libtinfo.so.6: no version information available (required by bash)
bash: /opt/miniconda/lib/libtinfo.so.6: no version information available (required by bash)
bash: /opt/miniconda/lib/libtinfo.so.6: no version information available (required by bash)
bash: /opt/miniconda/lib/libtinfo.so.6: no version information available (required by bash)
bash: /opt/miniconda/lib/libtinfo.so.6: no version information available (required by bash)
bash: /opt/miniconda/lib/libtinfo.so.6: no version information available (required by bash)
bash: /opt/miniconda/lib/libtinfo.so.6: no version information available (required by bash)
bash: /opt/miniconda/lib/libtinfo.so.6: no version information available (required by bash)
bash: /opt/miniconda/lib/libtinfo.so.6: no version information available (required by bash)
Elapsed time: 0:00.73[h:]min:sec. CPU time: user 0.68 sys 0.05 (99%). Peak memory: 147184KB.
bash: /opt/miniconda/lib/libtinfo.so.6: no version information available (required by bash)
bash: /opt/miniconda/lib/libtinfo.so.6: no version information available (required by bash)
bash: /opt/miniconda/lib/libtinfo.so.6: no version information available (required by bash)
bash: /opt/miniconda/lib/libtinfo.so.6: no version information available (required by bash)
bash: /opt/miniconda/lib/libtinfo.so.6: no version information available (required by bash)
bash: /opt/miniconda/lib/libtinfo.so.6: no version information available (required by bash)
bash: /opt/miniconda/lib/libtinfo.so.6: no version information available (required by bash)
bash: /opt/miniconda/lib/libtinfo.so.6: no version information available (required by bash)
bash: /opt/miniconda/lib/libtinfo.so.6: no version information available (required by bash)
bash: /opt/miniconda/lib/libtinfo.so.6: no version information available (required by bash)
bash: /opt/miniconda/lib/libtinfo.so.6: no version information available (required by bash)
bash: /opt/miniconda/lib/libtinfo.so.6: no version information available (required by bash)
bash: /opt/miniconda/lib/libtinfo.so.6: no version information available (required by bash)
bash: /opt/miniconda/lib/libtinfo.so.6: no version information available (required by bash)
Elapsed time: 0:01.08[h:]min:sec. CPU time: user 0.97 sys 0.10 (99%). Peak memory: 276516KB.
bash: /opt/miniconda/lib/libtinfo.so.6: no version information available (required by bash)
bash: /opt/miniconda/lib/libtinfo.so.6: no version information available (required by bash)
bash: /opt/miniconda/lib/libtinfo.so.6: no version information available (required by bash)
bash: /opt/miniconda/lib/libtinfo.so.6: no version information available (required by bash)
bash: /opt/miniconda/lib/libtinfo.so.6: no version information available (required by bash)
bash: /opt/miniconda/lib/libtinfo.so.6: no version information available (required by bash)
bash: /opt/miniconda/lib/libtinfo.so.6: no version information available (required by bash)
bash: /opt/miniconda/lib/libtinfo.so.6: no version information available (required by bash)
bash: /opt/miniconda/lib/libtinfo.so.6: no version information available (required by bash)
bash: /opt/miniconda/lib/libtinfo.so.6: no version information available (required by bash)
bash: /opt/miniconda/lib/libtinfo.so.6: no version information available (required by bash)
bash: /opt/miniconda/lib/libtinfo.so.6: no version information available (required by bash)
bash: /opt/miniconda/lib/libtinfo.so.6: no version information available (required by bash)
bash: /opt/miniconda/lib/libtinfo.so.6: no version information available (required by bash)
Elapsed time: 0:00.88[h:]min:sec. CPU time: user 0.78 sys 0.09 (98%). Peak memory: 167136KB.
bash: /opt/miniconda/lib/libtinfo.so.6: no version information available (required by bash)
bash: /opt/miniconda/lib/libtinfo.so.6: no version information available (required by bash)
bash: /opt/miniconda/lib/libtinfo.so.6: no version information available (required by bash)
bash: /opt/miniconda/lib/libtinfo.so.6: no version information available (required by bash)
bash: /opt/miniconda/lib/libtinfo.so.6: no version information available (required by bash)
bash: /opt/miniconda/lib/libtinfo.so.6: no version information available (required by bash)
bash: /opt/miniconda/lib/libtinfo.so.6: no version information available (required by bash)
bash: /opt/miniconda/lib/libtinfo.so.6: no version information available (required by bash)
bash: /opt/miniconda/lib/libtinfo.so.6: no version information available (required by bash)
bash: /opt/miniconda/lib/libtinfo.so.6: no version information available (required by bash)
bash: /opt/miniconda/lib/libtinfo.so.6: no version information available (required by bash)
bash: /opt/miniconda/lib/libtinfo.so.6: no version information available (required by bash)
bash: /opt/miniconda/lib/libtinfo.so.6: no version information available (required by bash)
bash: /opt/miniconda/lib/libtinfo.so.6: no version information available (required by bash)
Elapsed time: 0:00.84[h:]min:sec. CPU time: user 0.78 sys 0.05 (98%). Peak memory: 152004KB.
bash: /opt/miniconda/lib/libtinfo.so.6: no version information available (required by bash)
bash: /opt/miniconda/lib/libtinfo.so.6: no version information available (required by bash)
bash: /opt/miniconda/lib/libtinfo.so.6: no version information available (required by bash)
bash: /opt/miniconda/lib/libtinfo.so.6: no version information available (required by bash)
bash: /opt/miniconda/lib/libtinfo.so.6: no version information available (required by bash)
bash: /opt/miniconda/lib/libtinfo.so.6: no version information available (required by bash)
bash: /opt/miniconda/lib/libtinfo.so.6: no version information available (required by bash)
bash: /opt/miniconda/lib/libtinfo.so.6: no version information available (required by bash)
bash: /opt/miniconda/lib/libtinfo.so.6: no version information available (required by bash)
bash: /opt/miniconda/lib/libtinfo.so.6: no version information available (required by bash)
bash: /opt/miniconda/lib/libtinfo.so.6: no version information available (required by bash)
bash: /opt/miniconda/lib/libtinfo.so.6: no version information available (required by bash)
bash: /opt/miniconda/lib/libtinfo.so.6: no version information available (required by bash)
