make: Entering directory '/root/OpenROAD-flow-scripts/flow'
/root/OpenROAD-flow-scripts/flow/scripts/flow.sh 6_1_fill density_fill
Running density_fill.tcl, stage 6_1_fill
read_liberty /root/OpenROAD-flow-scripts/flow/platforms/sky130hs/lib/sky130_fd_sc_hs__tt_025C_1v80.lib
read_db ./results/sky130hs/gcd/slot2/5_route.odb
read_sdc ./results/sky130hs/gcd/slot2/5_route.sdc
source /root/OpenROAD-flow-scripts/flow/platforms/sky130hs/setRC.tcl
exec cp ./results/sky130hs/gcd/slot2/5_route.odb ./results/sky130hs/gcd/slot2/6_1_fill.odb
Log                       Ext     Elapsed/s Peak Memory/MB sha1sum result [0:20)
6_1_fill                  .odb            0            143 3edc36e7e3cef7c1151c
cp ./results/sky130hs/gcd/slot2/5_route.sdc ./results/sky130hs/gcd/slot2/6_1_fill.sdc
/root/OpenROAD-flow-scripts/flow/scripts/flow.sh 6_report final_report
Running final_report.tcl, stage 6_report
read_liberty /root/OpenROAD-flow-scripts/flow/platforms/sky130hs/lib/sky130_fd_sc_hs__tt_025C_1v80.lib
read_db ./results/sky130hs/gcd/slot2/6_1_fill.odb
read_sdc ./results/sky130hs/gcd/slot2/6_1_fill.sdc
source /root/OpenROAD-flow-scripts/flow/platforms/sky130hs/setRC.tcl
[WARNING STA-0450] virtual clock vclk_core_clock can not be propagated.
write_db ./results/sky130hs/gcd/slot2/6_final.odb
write_sdc -no_timestamp ./results/sky130hs/gcd/slot2/6_final.sdc
Deleted 0 routing obstructions
[INFO RCX-0431] Defined process_corner X with ext_model_index 0
[INFO RCX-0029] Defined extraction corner X
[WARNING RCX-0514] The ext_model_file option is deprecated. Use set_extraction_rules_file command instead.
[INFO RCX-0435] Reading extraction model file /root/OpenROAD-flow-scripts/flow/platforms/sky130hs/rcx_patterns.rules ...
[INFO RCX-0436] RC segment generation gcd (max_merge_res 50.0) ...
[INFO RCX-0040] Final 1563 rc segments
[INFO RCX-0439] Coupling Cap extraction gcd ...
[INFO RCX-0440] Coupling threshhold is 0.1000 fF, coupling capacitance less than 0.1000 fF will be grounded.
[INFO RCX-0442] 50% of 3190 wires extracted
[INFO RCX-0442] 100% of 3190 wires extracted
[INFO RCX-0045] Extract 518 nets, 2081 rsegs, 2081 caps, 3676 ccs
[INFO RCX-0443] 518 nets finished
[INFO PSM-0040] All shapes on net VDD are connected.
########## IR report #################
Net              : VDD
Corner           : default
Total power      : 4.64e-03 W
Supply voltage   : 1.80e+00 V
Worstcase voltage: 1.80e+00 V
Average voltage  : 1.80e+00 V
Average IR drop  : 4.29e-04 V
Worstcase IR drop: 9.00e-04 V
Percentage drop  : 0.05 %
######################################
[INFO PSM-0040] All shapes on net VSS are connected.
########## IR report #################
Net              : VSS
Corner           : default
Total power      : 4.64e-03 W
Supply voltage   : 0.00e+00 V
Worstcase voltage: 3.97e-04 V
Average voltage  : 1.91e-04 V
Average IR drop  : 1.91e-04 V
Worstcase IR drop: 3.97e-04 V
Percentage drop  : 0.02 %
######################################
Cell type report:                       Count       Area
  Fill cell                               283     911.09
  Tap cell                                 60      95.90
  Clock buffer                              6     119.88
  Timing Repair Buffer                    100     645.75
  Inverter                                 25     129.47
  Clock inverter                            2      15.98
  Sequential cell                          35    1462.54
  Multi-Input combinational cell          317    2351.25
  Total                                   828    5731.86
Report metrics stage 6, finish...

==========================================================================
finish report_design_area
--------------------------------------------------------------------------
Design area 4821 um^2 84% utilization.
[WARNING GUI-0076] QStandardPaths: XDG_RUNTIME_DIR not set, defaulting to '/tmp/runtime-root'
Log                       Ext     Elapsed/s Peak Memory/MB sha1sum result [0:20)
6_report                                  1            204                  N/A
cp /root/OpenROAD-flow-scripts/flow/platforms/sky130hs/lef/sky130_fd_sc_hs.tlef ./objects/sky130hs/gcd/slot2/klayout_tech.lef
/opt/miniconda/envs/chia_env/bin/python3 /root/OpenROAD-flow-scripts/flow/util/generate_klayout_tech.py \
	--template /root/OpenROAD-flow-scripts/flow/platforms/sky130hs/sky130hs.lyt \
	--output ./objects/sky130hs/gcd/slot2/klayout.lyt \
	--lef-files ./objects/sky130hs/gcd/slot2/klayout_tech.lef /root/OpenROAD-flow-scripts/flow/platforms/sky130hs/lef/sky130_fd_sc_hs_merged.lef   \
	--map-files 
/opt/miniconda/envs/chia_env/bin/python3 /root/OpenROAD-flow-scripts/flow/scripts/run_command.py --log /root/OpenROAD-flow-scripts/flow/logs/sky130hs/gcd/slot2/6_1_merge.log --tee -- \
        /root/OpenROAD-flow-scripts/flow/scripts/klayout.sh -zz -rd design_name=gcd \
        -rd in_def=./results/sky130hs/gcd/slot2/6_final.def \
        -rd in_files="/root/OpenROAD-flow-scripts/flow/platforms/sky130hs/gds/sky130_fd_sc_hs.gds  " \
        -rd seal_file="" \
        -rd out_file=./results/sky130hs/gcd/slot2/6_1_merged.gds \
        -rd tech_file=./objects/sky130hs/gcd/slot2/klayout.lyt \
        -rd layer_map= \
        -r /root/OpenROAD-flow-scripts/flow/util/def2stream.py
bash: /opt/miniconda/lib/libtinfo.so.6: no version information available (required by bash)
KLayout 0.30.7
[INFO] Reporting cells prior to loading DEF ...
	/root/OpenROAD-flow-scripts/flow/platforms/sky130hs/gds/sky130_fd_sc_hs.gds
[INFO] All LEF cells have matching GDS/OAS cells
[INFO] No orphan cells in the final layout
cp results/sky130hs/gcd/slot2/6_1_merged.gds results/sky130hs/gcd/slot2/6_final.gds
./logs/sky130hs/gcd/slot2
Log                       Ext     Elapsed/s Peak Memory/MB sha1sum result [0:20)
1_1_yosys_canonicalize    .rtlil          0            121 2e75b25be8e5a7e88cdf
1_2_yosys                 .v              0            124 1c0f31d55e53b1392ca7
1_2_yosys                 .sdc                             384152769139571bf33e
1_synth                   .odb            0            145 80fc2cf135103259ee5c
1_synth                   .sdc                             42875bae8708fa3842e5
2_1_floorplan             .odb            0            164 c411a0653200fc3c11c6
2_1_floorplan             .sdc                             42875bae8708fa3842e5
2_2_floorplan_macro       .odb            0            143 c411a0653200fc3c11c6
2_3_floorplan_tapcell     .odb            0            142 55f9579f1617369fa11d
2_4_floorplan_pdn         .odb            0            145 3d087eb42911b4b9086f
3_1_place_gp_skip_io      .odb            0            145 b3f8fb8bf684af0a72c5
3_2_place_iop             .odb            0            144 6bb47b1571040757cede
3_3_place_gp              .odb            1            270 2b25507fd22c5a4283d4
3_4_place_resized         .odb            0            173 a0ecff1a230e12a438d8
3_5_place_dp              .odb            0            148 9972aecd8936b07196f9
4_1_cts                   .odb            2            186 06e43fc1cf467eff90f2
5_1_grt                   .odb            8            276 4eb62d486a93b077693e
5_1_grt                   .sdc                             466790a08fb9be30051a
5_2_route                 .odb           29            613 d6d626e353d57a26e50b
5_3_fillcell              .odb            0            146 3edc36e7e3cef7c1151c
6_1_fill                  .odb            0            143 3edc36e7e3cef7c1151c
6_1_fill                  .sdc                             466790a08fb9be30051a
6_1_merge                                 0            430                  N/A
6_report                                  1            204                  N/A
Total                                    41            613                     
make: Leaving directory '/root/OpenROAD-flow-scripts/flow'

STDERR:
bash: /opt/miniconda/lib/libtinfo.so.6: no version information available (required by bash)
bash: /opt/miniconda/lib/libtinfo.so.6: no version information available (required by bash)
bash: /opt/miniconda/lib/libtinfo.so.6: no version information available (required by bash)
bash: /opt/miniconda/lib/libtinfo.so.6: no version information available (required by bash)
bash: /opt/miniconda/lib/libtinfo.so.6: no version information available (required by bash)
bash: /opt/miniconda/lib/libtinfo.so.6: no version information available (required by bash)
bash: /opt/miniconda/lib/libtinfo.so.6: no version information available (required by bash)
bash: /opt/miniconda/lib/libtinfo.so.6: no version information available (required by bash)
bash: /opt/miniconda/lib/libtinfo.so.6: no version information available (required by bash)
bash: /opt/miniconda/lib/libtinfo.so.6: no version information available (required by bash)
bash: /opt/miniconda/lib/libtinfo.so.6: no version information available (required by bash)
bash: /opt/miniconda/lib/libtinfo.so.6: no version information available (required by bash)
bash: /opt/miniconda/lib/libtinfo.so.6: no version information available (required by bash)
bash: /opt/miniconda/lib/libtinfo.so.6: no version information available (required by bash)
bash: /opt/miniconda/lib/libtinfo.so.6: no version information available (required by bash)
bash: /opt/miniconda/lib/libtinfo.so.6: no version information available (required by bash)
bash: /opt/miniconda/lib/libtinfo.so.6: no version information available (required by bash)
bash: /opt/miniconda/lib/libtinfo.so.6: no version information available (required by bash)
bash: /opt/miniconda/lib/libtinfo.so.6: no version information available (required by bash)
bash: /opt/miniconda/lib/libtinfo.so.6: no version information available (required by bash)
bash: /opt/miniconda/lib/libtinfo.so.6: no version information available (required by bash)
bash: /opt/miniconda/lib/libtinfo.so.6: no version information available (required by bash)
bash: /opt/miniconda/lib/libtinfo.so.6: no version information available (required by bash)
bash: /opt/miniconda/lib/libtinfo.so.6: no version information available (required by bash)
Elapsed time: 0:00.73[h:]min:sec. CPU time: user 0.68 sys 0.04 (99%). Peak memory: 147024KB.
bash: /opt/miniconda/lib/libtinfo.so.6: no version information available (required by bash)
bash: /opt/miniconda/lib/libtinfo.so.6: no version information available (required by bash)
bash: /opt/miniconda/lib/libtinfo.so.6: no version information available (required by bash)
bash: /opt/miniconda/lib/libtinfo.so.6: no version information available (required by bash)
bash: /opt/miniconda/lib/libtinfo.so.6: no version information available (required by bash)
bash: /opt/miniconda/lib/libtinfo.so.6: no version information available (required by bash)
bash: /opt/miniconda/lib/libtinfo.so.6: no version information available (required by bash)
bash: /opt/miniconda/lib/libtinfo.so.6: no version information available (required by bash)
bash: /opt/miniconda/lib/libtinfo.so.6: no version information available (required by bash)
bash: /opt/miniconda/lib/libtinfo.so.6: no version information available (required by bash)
bash: /opt/miniconda/lib/libtinfo.so.6: no version information available (required by bash)
bash: /opt/miniconda/lib/libtinfo.so.6: no version information available (required by bash)
bash: /opt/miniconda/lib/libtinfo.so.6: no version information available (required by bash)
bash: /opt/miniconda/lib/libtinfo.so.6: no version information available (required by bash)
bash: /opt/miniconda/lib/libtinfo.so.6: no version information available (required by bash)
bash: /opt/miniconda/lib/libtinfo.so.6: no version information available (required by bash)
bash: /opt/miniconda/lib/libtinfo.so.6: no version information available (required by bash)
bash: /opt/miniconda/lib/libtinfo.so.6: no version information available (required by bash)
bash: /opt/miniconda/lib/libtinfo.so.6: no version information available (required by bash)
bash: /opt/miniconda/lib/libtinfo.so.6: no version information available (required by bash)
bash: /opt/miniconda/lib/libtinfo.so.6: no version information available (required by bash)
bash: /opt/miniconda/lib/libtinfo.so.6: no version information available (required by bash)
bash: /opt/miniconda/lib/libtinfo.so.6: no version information available (required by bash)
bash: /opt/miniconda/lib/libtinfo.so.6: no version information available (required by bash)
bash: /opt/miniconda/lib/libtinfo.so.6: no version information available (required by bash)
bash: /opt/miniconda/lib/libtinfo.so.6: no version information available (required by bash)
bash: /opt/miniconda/lib/libtinfo.so.6: no version information available (required by bash)
Elapsed time: 0:01.52[h:]min:sec. CPU time: user 1.43 sys 0.12 (101%). Peak memory: 209620KB.
bash: /opt/miniconda/lib/libtinfo.so.6: no version information available (required by bash)
bash: /opt/miniconda/lib/libtinfo.so.6: no version information available (required by bash)
bash: /opt/miniconda/lib/libtinfo.so.6: no version information available (required by bash)
bash: /opt/miniconda/lib/libtinfo.so.6: no version information available (required by bash)
bash: /opt/miniconda/lib/libtinfo.so.6: no version information available (required by bash)
bash: /opt/miniconda/lib/libtinfo.so.6: no version information available (required by bash)
bash: /opt/miniconda/lib/libtinfo.so.6: no version information available (required by bash)
bash: /opt/miniconda/lib/libtinfo.so.6: no version information available (required by bash)
bash: /opt/miniconda/lib/libtinfo.so.6: no version information available (required by bash)
bash: /opt/miniconda/lib/libtinfo.so.6: no version information available (required by bash)
bash: /opt/miniconda/lib/libtinfo.so.6: no version information available (required by bash)
bash: /opt/miniconda/lib/libtinfo.so.6: no version information available (required by bash)
bash: /opt/miniconda/lib/libtinfo.so.6: no version information available (required by bash)
bash: /opt/miniconda/lib/libtinfo.so.6: no version information available (required by bash)
bash: /opt/miniconda/lib/libtinfo.so.6: no version information available (required by bash)
bash: /opt/miniconda/lib/libtinfo.so.6: no version information available (required by bash)
bash: /opt/miniconda/lib/libtinfo.so.6: no version information available (required by bash)
bash: /opt/miniconda/lib/libtinfo.so.6: no version information available (required by bash)
bash: /opt/miniconda/lib/libtinfo.so.6: no version information available (required by bash)
bash: /opt/miniconda/lib/libtinfo.so.6: no version information available (required by bash)
bash: /opt/miniconda/lib/libtinfo.so.6: no version information available (required by bash)
bash: /opt/miniconda/lib/libtinfo.so.6: no version information available (required by bash)
bash: /opt/miniconda/lib/libtinfo.so.6: no version information available (required by bash)
bash: /opt/miniconda/lib/libtinfo.so.6: no version information available (required by bash)
bash: /opt/miniconda/lib/libtinfo.so.6: no version information available (required by bash)
bash: /opt/miniconda/lib/libtinfo.so.6: no version information available (required by bash)
bash: /opt/miniconda/lib/libtinfo.so.6: no version information available (required by bash)
bash: /opt/miniconda/lib/libtinfo.so.6: no version information available (required by bash)
bash: /opt/miniconda/lib/libtinfo.so.6: no version information available (required by bash)
bash: /opt/miniconda/lib/libtinfo.so.6: no version information available (required by bash)
bash: /opt/miniconda/lib/libtinfo.so.6: no version information available (required by bash)
bash: /opt/miniconda/lib/libtinfo.so.6: no version information available (required by bash)
bash: /opt/miniconda/lib/libtinfo.so.6: no version information available (required by bash)
bash: /opt/miniconda/lib/libtinfo.so.6: no version information available (required by bash)
bash: /opt/miniconda/lib/libtinfo.so.6: no version information available (required by bash)
bash: /opt/miniconda/lib/libtinfo.so.6: no version information available (required by bash)
bash: /opt/miniconda/lib/libtinfo.so.6: no version information available (required by bash)
bash: /opt/miniconda/lib/libtinfo.so.6: no version information available (required by bash)
bash: /opt/miniconda/lib/libtinfo.so.6: no version information available (required by bash)
bash: /opt/miniconda/lib/libtinfo.so.6: no version information available (required by bash)
bash: /opt/miniconda/lib/libtinfo.so.6: no version information available (required by bash)
bash: /opt/miniconda/lib/libtinfo.so.6: no version information available (required by bash)
bash: /opt/miniconda/lib/libtinfo.so.6: no version information available (required by bash)
bash: /opt/miniconda/lib/libtinfo.so.6: no version information available (required by bash)
bash: /opt/miniconda/lib/libtinfo.so.6: no version information available (required by bash)
Elapsed time: 0:00.91[h:]min:sec. CPU time: user 0.80 sys 0.11 (99%). Peak memory: 440620KB.
bash: /opt/miniconda/lib/libtinfo.so.6: no version information available (required by bash)
bash: /opt/miniconda/lib/libtinfo.so.6: no version information available (required by bash)
bash: /opt/miniconda/lib/libtinfo.so.6: no version information available (required by bash)
bash: /opt/miniconda/lib/libtinfo.so.6: no version information available (required by bash)
bash: /opt/miniconda/lib/libtinfo.so.6: no version information available (required by bash)
bash: /opt/miniconda/lib/libtinfo.so.6: no version information available (required by bash)
bash: /opt/miniconda/lib/libtinfo.so.6: no version information available (required by bash)
bash: /opt/miniconda/lib/libtinfo.so.6: no version information available (required by bash)
bash: /opt/miniconda/lib/libtinfo.so.6: no version information available (required by bash)
bash: /opt/miniconda/lib/libtinfo.so.6: no version information available (required by bash)
bash: /opt/miniconda/lib/libtinfo.so.6: no version information available (required by bash)
bash: /opt/miniconda/lib/libtinfo.so.6: no version information available (required by bash)
bash: /opt/miniconda/lib/libtinfo.so.6: no version information available (required by bash)
bash: /opt/miniconda/lib/libtinfo.so.6: no version information available (required by bash)
bash: /opt/miniconda/lib/libtinfo.so.6: no version information available (required by bash)
bash: /opt/miniconda/lib/libtinfo.so.6: no version information available (required by bash)
bash: /opt/miniconda/lib/libtinfo.so.6: no version information available (required by bash)
