
==========================================================================
finish report_tns
--------------------------------------------------------------------------
tns max 0.00

==========================================================================
finish report_wns
--------------------------------------------------------------------------
wns max 0.00

==========================================================================
finish report_worst_slack
--------------------------------------------------------------------------
worst slack max 4.04

==========================================================================
finish report_clock_min_period
--------------------------------------------------------------------------
core_clock period_min = 6.46 fmax = 154.87
vclk period_min = 0.00 fmax = inf

==========================================================================
finish report_clock_skew
--------------------------------------------------------------------------
Clock core_clock
   0.68 source latency round_key[97]$_SDFFE_PN0P_/CLK ^
  -0.72 target latency state[65]$_SDFFE_PN0P_/CLK ^
   0.00 CRPR
--------------
  -0.05 setup skew

Clock vclk
No launch/capture paths found.


==========================================================================
finish report_checks -path_delay min
--------------------------------------------------------------------------
Startpoint: round_key[104]$_SDFFE_PN0P_
            (rising edge-triggered flip-flop clocked by core_clock)
Endpoint: round_key[104]$_SDFFE_PN0P_
          (rising edge-triggered flip-flop clocked by core_clock)
Path Group: core_clock
Path Type: min

Fanout     Cap    Slew   Delay    Time   Description
-----------------------------------------------------------------------------
                          0.00    0.00   clock core_clock (rise edge)
                          0.00    0.00   clock source latency
     1    0.07    0.00    0.00    0.00 ^ clk (in)
                                         clk (net)
                  0.01    0.00    0.00 ^ clkbuf_0_clk/A (sky130_fd_sc_hd__clkbuf_16)
     4    0.13    0.14    0.19    0.19 ^ clkbuf_0_clk/X (sky130_fd_sc_hd__clkbuf_16)
                                         clknet_0_clk (net)
                  0.14    0.00    0.20 ^ clkbuf_2_2__f_clk/A (sky130_fd_sc_hd__clkbuf_16)
    11    0.20    0.21    0.28    0.48 ^ clkbuf_2_2__f_clk/X (sky130_fd_sc_hd__clkbuf_16)
                                         clknet_2_2__leaf_clk (net)
                  0.21    0.01    0.49 ^ clkbuf_leaf_7_clk/A (sky130_fd_sc_hd__clkbuf_16)
    11    0.05    0.07    0.20    0.69 ^ clkbuf_leaf_7_clk/X (sky130_fd_sc_hd__clkbuf_16)
                                         clknet_leaf_7_clk (net)
                  0.07    0.00    0.69 ^ round_key[104]$_SDFFE_PN0P_/CLK (sky130_fd_sc_hd__dfxtp_1)
     2    0.01    0.04    0.31    1.00 v round_key[104]$_SDFFE_PN0P_/Q (sky130_fd_sc_hd__dfxtp_1)
                                         round_key[104] (net)
                  0.04    0.00    1.00 v _27303_/A (sky130_fd_sc_hd__nand2_1)
     1    0.00    0.04    0.05    1.05 ^ _27303_/Y (sky130_fd_sc_hd__nand2_1)
                                         _05033_ (net)
                  0.04    0.00    1.05 ^ _27305_/A1 (sky130_fd_sc_hd__a21oi_1)
     1    0.00    0.04    0.05    1.10 v _27305_/Y (sky130_fd_sc_hd__a21oi_1)
                                         _00280_ (net)
                  0.04    0.00    1.10 v round_key[104]$_SDFFE_PN0P_/D (sky130_fd_sc_hd__dfxtp_1)
                                  1.10   data arrival time

                          0.00    0.00   clock core_clock (rise edge)
                          0.00    0.00   clock source latency
     1    0.07    0.00    0.00    0.00 ^ clk (in)
                                         clk (net)
                  0.01    0.00    0.00 ^ clkbuf_0_clk/A (sky130_fd_sc_hd__clkbuf_16)
     4    0.13    0.14    0.19    0.19 ^ clkbuf_0_clk/X (sky130_fd_sc_hd__clkbuf_16)
                                         clknet_0_clk (net)
                  0.14    0.00    0.20 ^ clkbuf_2_2__f_clk/A (sky130_fd_sc_hd__clkbuf_16)
    11    0.20    0.21    0.28    0.48 ^ clkbuf_2_2__f_clk/X (sky130_fd_sc_hd__clkbuf_16)
                                         clknet_2_2__leaf_clk (net)
                  0.21    0.01    0.49 ^ clkbuf_leaf_7_clk/A (sky130_fd_sc_hd__clkbuf_16)
    11    0.05    0.07    0.20    0.69 ^ clkbuf_leaf_7_clk/X (sky130_fd_sc_hd__clkbuf_16)
                                         clknet_leaf_7_clk (net)
                  0.07    0.00    0.69 ^ round_key[104]$_SDFFE_PN0P_/CLK (sky130_fd_sc_hd__dfxtp_1)
                          0.00    0.69   clock reconvergence pessimism
                         -0.05    0.65   library hold time
                                  0.65   data required time
-----------------------------------------------------------------------------
                                  0.65   data required time
                                 -1.10   data arrival time
-----------------------------------------------------------------------------
                                  0.45   slack (MET)


Startpoint: ciphertext[122]$_SDFFE_PN0P_
            (rising edge-triggered flip-flop clocked by core_clock)
Endpoint: ciphertext[122] (output port clocked by vclk)
Path Group: vclk
Path Type: min

Fanout     Cap    Slew   Delay    Time   Description
-----------------------------------------------------------------------------
                          0.00    0.00   clock core_clock (rise edge)
                          0.00    0.00   clock source latency
     1    0.07    0.00    0.00    0.00 ^ clk (in)
                                         clk (net)
                  0.01    0.00    0.00 ^ clkbuf_0_clk/A (sky130_fd_sc_hd__clkbuf_16)
     4    0.13    0.14    0.19    0.19 ^ clkbuf_0_clk/X (sky130_fd_sc_hd__clkbuf_16)
                                         clknet_0_clk (net)
                  0.14    0.00    0.20 ^ clkbuf_2_3__f_clk/A (sky130_fd_sc_hd__clkbuf_16)
    11    0.20    0.21    0.29    0.48 ^ clkbuf_2_3__f_clk/X (sky130_fd_sc_hd__clkbuf_16)
                                         clknet_2_3__leaf_clk (net)
                  0.21    0.00    0.49 ^ clkbuf_leaf_18_clk/A (sky130_fd_sc_hd__clkbuf_16)
     5    0.03    0.06    0.19    0.68 ^ clkbuf_leaf_18_clk/X (sky130_fd_sc_hd__clkbuf_16)
                                         clknet_leaf_18_clk (net)
                  0.06    0.00    0.68 ^ ciphertext[122]$_SDFFE_PN0P_/CLK (sky130_fd_sc_hd__dfxtp_1)
     2    0.01    0.04    0.31    0.99 v ciphertext[122]$_SDFFE_PN0P_/Q (sky130_fd_sc_hd__dfxtp_1)
                                         net284 (net)
                  0.04    0.00    0.99 v output284/A (sky130_fd_sc_hd__clkdlybuf4s50_1)
     1    0.00    0.04    0.41    1.40 v output284/X (sky130_fd_sc_hd__clkdlybuf4s50_1)
                                         ciphertext[122] (net)
                  0.04    0.00    1.40 v ciphertext[122] (out)
                                  1.40   data arrival time

                  0.00    0.00    0.00   clock vclk (rise edge)
                          0.00    0.00   clock network delay (ideal)
                          0.00    0.00   clock reconvergence pessimism
                         -2.10   -2.10   output external delay
                                 -2.10   data required time
-----------------------------------------------------------------------------
                                 -2.10   data required time
                                 -1.40   data arrival time
-----------------------------------------------------------------------------
                                  3.50   slack (MET)



==========================================================================
finish report_checks -path_delay max
--------------------------------------------------------------------------
Startpoint: round_key[3]$_SDFFE_PN0P_
            (rising edge-triggered flip-flop clocked by core_clock)
Endpoint: state[43]$_SDFFE_PN0P_
          (rising edge-triggered flip-flop clocked by core_clock)
Path Group: core_clock
Path Type: max

Fanout     Cap    Slew   Delay    Time   Description
-----------------------------------------------------------------------------
                          0.00    0.00   clock core_clock (rise edge)
                          0.00    0.00   clock source latency
     1    0.07    0.00    0.00    0.00 ^ clk (in)
                                         clk (net)
                  0.01    0.00    0.00 ^ clkbuf_0_clk/A (sky130_fd_sc_hd__clkbuf_16)
     4    0.13    0.14    0.19    0.19 ^ clkbuf_0_clk/X (sky130_fd_sc_hd__clkbuf_16)
                                         clknet_0_clk (net)
                  0.14    0.00    0.20 ^ clkbuf_2_2__f_clk/A (sky130_fd_sc_hd__clkbuf_16)
    11    0.20    0.21    0.28    0.48 ^ clkbuf_2_2__f_clk/X (sky130_fd_sc_hd__clkbuf_16)
                                         clknet_2_2__leaf_clk (net)
                  0.21    0.01    0.49 ^ clkbuf_leaf_7_clk/A (sky130_fd_sc_hd__clkbuf_16)
    11    0.05    0.07    0.20    0.69 ^ clkbuf_leaf_7_clk/X (sky130_fd_sc_hd__clkbuf_16)
                                         clknet_leaf_7_clk (net)
                  0.07    0.00    0.69 ^ round_key[3]$_SDFFE_PN0P_/CLK (sky130_fd_sc_hd__dfxtp_2)
    31    0.12    0.61    0.72    1.41 ^ round_key[3]$_SDFFE_PN0P_/Q (sky130_fd_sc_hd__dfxtp_2)
                                         round_key[3] (net)
                  0.61    0.02    1.43 ^ place1004/A (sky130_fd_sc_hd__buf_4)
    58    0.22    0.59    0.59    2.02 ^ place1004/X (sky130_fd_sc_hd__buf_4)
                                         net1004 (net)
                  0.59    0.00    2.03 ^ _16525_/C_N (sky130_fd_sc_hd__nor3b_1)
     3    0.02    0.54    0.54    2.56 ^ _16525_/Y (sky130_fd_sc_hd__nor3b_1)
                                         _07638_ (net)
                  0.54    0.00    2.56 ^ _16971_/A2 (sky130_fd_sc_hd__o21ai_0)
     1    0.00    0.20    0.14    2.71 v _16971_/Y (sky130_fd_sc_hd__o21ai_0)
                                         _08081_ (net)
                  0.20    0.00    2.71 v _16972_/A2 (sky130_fd_sc_hd__a211oi_1)
     1    0.01    0.31    0.33    3.04 ^ _16972_/Y (sky130_fd_sc_hd__a211oi_1)
                                         _08082_ (net)
                  0.31    0.00    3.04 ^ _16984_/B (sky130_fd_sc_hd__nor4_1)
     1    0.01    0.17    0.14    3.18 v _16984_/Y (sky130_fd_sc_hd__nor4_1)
                                         _08094_ (net)
                  0.17    0.00    3.18 v _17011_/A2 (sky130_fd_sc_hd__a211oi_2)
     4    0.05    0.79    0.74    3.92 ^ _17011_/Y (sky130_fd_sc_hd__a211oi_2)
                                         _08121_ (net)
                  0.79    0.00    3.92 ^ _20223_/C (sky130_fd_sc_hd__xnor3_1)
     5    0.05    0.30    0.54    4.46 v _20223_/X (sky130_fd_sc_hd__xnor3_1)
                                         _11301_ (net)
                  0.30    0.01    4.47 v _22644_/B (sky130_fd_sc_hd__xnor2_1)
     5    0.04    0.89    0.80    5.27 ^ _22644_/Y (sky130_fd_sc_hd__xnor2_1)
                                         _13689_ (net)
                  0.89    0.00    5.27 ^ _22645_/B (sky130_fd_sc_hd__xnor2_1)
     2    0.01    0.16    0.19    5.46 v _22645_/Y (sky130_fd_sc_hd__xnor2_1)
                                         _13690_ (net)
                  0.16    0.00    5.46 v _26728_/A1 (sky130_fd_sc_hd__a221oi_1)
     1    0.05    1.53    1.27    6.74 ^ _26728_/Y (sky130_fd_sc_hd__a221oi_1)
                                         _04468_ (net)
                  1.53    0.01    6.74 ^ _26729_/B1 (sky130_fd_sc_hd__a211oi_1)
     1    0.01    0.27    0.19    6.93 v _26729_/Y (sky130_fd_sc_hd__a211oi_1)
                                         _00214_ (net)
                  0.27    0.00    6.93 v state[43]$_SDFFE_PN0P_/D (sky130_fd_sc_hd__dfxtp_2)
                                  6.93   data arrival time

                         10.50   10.50   clock core_clock (rise edge)
                          0.00   10.50   clock source latency
     1    0.07    0.00    0.00   10.50 ^ clk (in)
                                         clk (net)
                  0.01    0.00   10.50 ^ clkbuf_0_clk/A (sky130_fd_sc_hd__clkbuf_16)
     4    0.13    0.14    0.19   10.69 ^ clkbuf_0_clk/X (sky130_fd_sc_hd__clkbuf_16)
                                         clknet_0_clk (net)
                  0.14    0.00   10.70 ^ clkbuf_2_2__f_clk/A (sky130_fd_sc_hd__clkbuf_16)
    11    0.20    0.21    0.28   10.98 ^ clkbuf_2_2__f_clk/X (sky130_fd_sc_hd__clkbuf_16)
                                         clknet_2_2__leaf_clk (net)
                  0.21    0.00   10.98 ^ clkbuf_leaf_5_clk/A (sky130_fd_sc_hd__clkbuf_16)
    10    0.04    0.07    0.20   11.18 ^ clkbuf_leaf_5_clk/X (sky130_fd_sc_hd__clkbuf_16)
                                         clknet_leaf_5_clk (net)
                  0.07    0.00   11.19 ^ state[43]$_SDFFE_PN0P_/CLK (sky130_fd_sc_hd__dfxtp_2)
                          0.00   11.19   clock reconvergence pessimism
                         -0.21   10.98   library setup time
                                 10.98   data required time
-----------------------------------------------------------------------------
                                 10.98   data required time
                                 -6.93   data arrival time
-----------------------------------------------------------------------------
                                  4.04   slack (MET)


Startpoint: ciphertext[6]$_SDFFE_PN0P_
            (rising edge-triggered flip-flop clocked by core_clock)
Endpoint: ciphertext[6] (output port clocked by vclk)
Path Group: vclk
Path Type: max

Fanout     Cap    Slew   Delay    Time   Description
-----------------------------------------------------------------------------
                          0.00    0.00   clock core_clock (rise edge)
                          0.00    0.00   clock source latency
     1    0.07    0.00    0.00    0.00 ^ clk (in)
                                         clk (net)
                  0.01    0.00    0.00 ^ clkbuf_0_clk/A (sky130_fd_sc_hd__clkbuf_16)
     4    0.13    0.14    0.19    0.19 ^ clkbuf_0_clk/X (sky130_fd_sc_hd__clkbuf_16)
                                         clknet_0_clk (net)
                  0.14    0.00    0.20 ^ clkbuf_2_2__f_clk/A (sky130_fd_sc_hd__clkbuf_16)
    11    0.20    0.21    0.28    0.48 ^ clkbuf_2_2__f_clk/X (sky130_fd_sc_hd__clkbuf_16)
                                         clknet_2_2__leaf_clk (net)
                  0.21    0.00    0.48 ^ clkbuf_leaf_3_clk/A (sky130_fd_sc_hd__clkbuf_16)
    10    0.04    0.07    0.20    0.68 ^ clkbuf_leaf_3_clk/X (sky130_fd_sc_hd__clkbuf_16)
                                         clknet_leaf_3_clk (net)
                  0.07    0.00    0.69 ^ ciphertext[6]$_SDFFE_PN0P_/CLK (sky130_fd_sc_hd__dfxtp_1)
     2    0.08    0.77    0.82    1.50 ^ ciphertext[6]$_SDFFE_PN0P_/Q (sky130_fd_sc_hd__dfxtp_1)
                                         net353 (net)
                  0.77    0.01    1.51 ^ output353/A (sky130_fd_sc_hd__clkdlybuf4s50_1)
     1    0.01    0.07    0.64    2.15 ^ output353/X (sky130_fd_sc_hd__clkdlybuf4s50_1)
                                         ciphertext[6] (net)
                  0.07    0.00    2.15 ^ ciphertext[6] (out)
                                  2.15   data arrival time

                  0.00   10.50   10.50   clock vclk (rise edge)
                          0.00   10.50   clock network delay (ideal)
                          0.00   10.50   clock reconvergence pessimism
                         -2.10    8.40   output external delay
                                  8.40   data required time
-----------------------------------------------------------------------------
                                  8.40   data required time
                                 -2.15   data arrival time
-----------------------------------------------------------------------------
                                  6.25   slack (MET)



==========================================================================
finish report_checks -unconstrained
--------------------------------------------------------------------------
Startpoint: round_key[3]$_SDFFE_PN0P_
            (rising edge-triggered flip-flop clocked by core_clock)
Endpoint: state[43]$_SDFFE_PN0P_
          (rising edge-triggered flip-flop clocked by core_clock)
Path Group: core_clock
Path Type: max

Fanout     Cap    Slew   Delay    Time   Description
-----------------------------------------------------------------------------
                          0.00    0.00   clock core_clock (rise edge)
                          0.00    0.00   clock source latency
     1    0.07    0.00    0.00    0.00 ^ clk (in)
                                         clk (net)
                  0.01    0.00    0.00 ^ clkbuf_0_clk/A (sky130_fd_sc_hd__clkbuf_16)
     4    0.13    0.14    0.19    0.19 ^ clkbuf_0_clk/X (sky130_fd_sc_hd__clkbuf_16)
                                         clknet_0_clk (net)
                  0.14    0.00    0.20 ^ clkbuf_2_2__f_clk/A (sky130_fd_sc_hd__clkbuf_16)
    11    0.20    0.21    0.28    0.48 ^ clkbuf_2_2__f_clk/X (sky130_fd_sc_hd__clkbuf_16)
                                         clknet_2_2__leaf_clk (net)
                  0.21    0.01    0.49 ^ clkbuf_leaf_7_clk/A (sky130_fd_sc_hd__clkbuf_16)
    11    0.05    0.07    0.20    0.69 ^ clkbuf_leaf_7_clk/X (sky130_fd_sc_hd__clkbuf_16)
                                         clknet_leaf_7_clk (net)
                  0.07    0.00    0.69 ^ round_key[3]$_SDFFE_PN0P_/CLK (sky130_fd_sc_hd__dfxtp_2)
    31    0.12    0.61    0.72    1.41 ^ round_key[3]$_SDFFE_PN0P_/Q (sky130_fd_sc_hd__dfxtp_2)
                                         round_key[3] (net)
                  0.61    0.02    1.43 ^ place1004/A (sky130_fd_sc_hd__buf_4)
    58    0.22    0.59    0.59    2.02 ^ place1004/X (sky130_fd_sc_hd__buf_4)
                                         net1004 (net)
                  0.59    0.00    2.03 ^ _16525_/C_N (sky130_fd_sc_hd__nor3b_1)
     3    0.02    0.54    0.54    2.56 ^ _16525_/Y (sky130_fd_sc_hd__nor3b_1)
                                         _07638_ (net)
                  0.54    0.00    2.56 ^ _16971_/A2 (sky130_fd_sc_hd__o21ai_0)
     1    0.00    0.20    0.14    2.71 v _16971_/Y (sky130_fd_sc_hd__o21ai_0)
                                         _08081_ (net)
                  0.20    0.00    2.71 v _16972_/A2 (sky130_fd_sc_hd__a211oi_1)
     1    0.01    0.31    0.33    3.04 ^ _16972_/Y (sky130_fd_sc_hd__a211oi_1)
                                         _08082_ (net)
                  0.31    0.00    3.04 ^ _16984_/B (sky130_fd_sc_hd__nor4_1)
     1    0.01    0.17    0.14    3.18 v _16984_/Y (sky130_fd_sc_hd__nor4_1)
                                         _08094_ (net)
                  0.17    0.00    3.18 v _17011_/A2 (sky130_fd_sc_hd__a211oi_2)
     4    0.05    0.79    0.74    3.92 ^ _17011_/Y (sky130_fd_sc_hd__a211oi_2)
                                         _08121_ (net)
                  0.79    0.00    3.92 ^ _20223_/C (sky130_fd_sc_hd__xnor3_1)
     5    0.05    0.30    0.54    4.46 v _20223_/X (sky130_fd_sc_hd__xnor3_1)
                                         _11301_ (net)
                  0.30    0.01    4.47 v _22644_/B (sky130_fd_sc_hd__xnor2_1)
     5    0.04    0.89    0.80    5.27 ^ _22644_/Y (sky130_fd_sc_hd__xnor2_1)
                                         _13689_ (net)
                  0.89    0.00    5.27 ^ _22645_/B (sky130_fd_sc_hd__xnor2_1)
     2    0.01    0.16    0.19    5.46 v _22645_/Y (sky130_fd_sc_hd__xnor2_1)
                                         _13690_ (net)
                  0.16    0.00    5.46 v _26728_/A1 (sky130_fd_sc_hd__a221oi_1)
     1    0.05    1.53    1.27    6.74 ^ _26728_/Y (sky130_fd_sc_hd__a221oi_1)
                                         _04468_ (net)
                  1.53    0.01    6.74 ^ _26729_/B1 (sky130_fd_sc_hd__a211oi_1)
     1    0.01    0.27    0.19    6.93 v _26729_/Y (sky130_fd_sc_hd__a211oi_1)
                                         _00214_ (net)
                  0.27    0.00    6.93 v state[43]$_SDFFE_PN0P_/D (sky130_fd_sc_hd__dfxtp_2)
                                  6.93   data arrival time

                         10.50   10.50   clock core_clock (rise edge)
                          0.00   10.50   clock source latency
     1    0.07    0.00    0.00   10.50 ^ clk (in)
                                         clk (net)
                  0.01    0.00   10.50 ^ clkbuf_0_clk/A (sky130_fd_sc_hd__clkbuf_16)
     4    0.13    0.14    0.19   10.69 ^ clkbuf_0_clk/X (sky130_fd_sc_hd__clkbuf_16)
                                         clknet_0_clk (net)
                  0.14    0.00   10.70 ^ clkbuf_2_2__f_clk/A (sky130_fd_sc_hd__clkbuf_16)
    11    0.20    0.21    0.28   10.98 ^ clkbuf_2_2__f_clk/X (sky130_fd_sc_hd__clkbuf_16)
                                         clknet_2_2__leaf_clk (net)
                  0.21    0.00   10.98 ^ clkbuf_leaf_5_clk/A (sky130_fd_sc_hd__clkbuf_16)
    10    0.04    0.07    0.20   11.18 ^ clkbuf_leaf_5_clk/X (sky130_fd_sc_hd__clkbuf_16)
                                         clknet_leaf_5_clk (net)
                  0.07    0.00   11.19 ^ state[43]$_SDFFE_PN0P_/CLK (sky130_fd_sc_hd__dfxtp_2)
                          0.00   11.19   clock reconvergence pessimism
                         -0.21   10.98   library setup time
                                 10.98   data required time
-----------------------------------------------------------------------------
                                 10.98   data required time
                                 -6.93   data arrival time
-----------------------------------------------------------------------------
                                  4.04   slack (MET)


Startpoint: ciphertext[6]$_SDFFE_PN0P_
            (rising edge-triggered flip-flop clocked by core_clock)
Endpoint: ciphertext[6] (output port clocked by vclk)
Path Group: vclk
Path Type: max

Fanout     Cap    Slew   Delay    Time   Description
-----------------------------------------------------------------------------
                          0.00    0.00   clock core_clock (rise edge)
                          0.00    0.00   clock source latency
     1    0.07    0.00    0.00    0.00 ^ clk (in)
                                         clk (net)
                  0.01    0.00    0.00 ^ clkbuf_0_clk/A (sky130_fd_sc_hd__clkbuf_16)
     4    0.13    0.14    0.19    0.19 ^ clkbuf_0_clk/X (sky130_fd_sc_hd__clkbuf_16)
                                         clknet_0_clk (net)
                  0.14    0.00    0.20 ^ clkbuf_2_2__f_clk/A (sky130_fd_sc_hd__clkbuf_16)
    11    0.20    0.21    0.28    0.48 ^ clkbuf_2_2__f_clk/X (sky130_fd_sc_hd__clkbuf_16)
                                         clknet_2_2__leaf_clk (net)
                  0.21    0.00    0.48 ^ clkbuf_leaf_3_clk/A (sky130_fd_sc_hd__clkbuf_16)
    10    0.04    0.07    0.20    0.68 ^ clkbuf_leaf_3_clk/X (sky130_fd_sc_hd__clkbuf_16)
                                         clknet_leaf_3_clk (net)
                  0.07    0.00    0.69 ^ ciphertext[6]$_SDFFE_PN0P_/CLK (sky130_fd_sc_hd__dfxtp_1)
     2    0.08    0.77    0.82    1.50 ^ ciphertext[6]$_SDFFE_PN0P_/Q (sky130_fd_sc_hd__dfxtp_1)
                                         net353 (net)
                  0.77    0.01    1.51 ^ output353/A (sky130_fd_sc_hd__clkdlybuf4s50_1)
     1    0.01    0.07    0.64    2.15 ^ output353/X (sky130_fd_sc_hd__clkdlybuf4s50_1)
                                         ciphertext[6] (net)
                  0.07    0.00    2.15 ^ ciphertext[6] (out)
                                  2.15   data arrival time

                  0.00   10.50   10.50   clock vclk (rise edge)
                          0.00   10.50   clock network delay (ideal)
                          0.00   10.50   clock reconvergence pessimism
                         -2.10    8.40   output external delay
                                  8.40   data required time
-----------------------------------------------------------------------------
                                  8.40   data required time
                                 -2.15   data arrival time
-----------------------------------------------------------------------------
                                  6.25   slack (MET)



==========================================================================
finish report_check_types -max_slew -max_cap -max_fanout -violators
--------------------------------------------------------------------------
max slew

Pin                                    Limit    Slew   Slack
------------------------------------------------------------
_25442_/Y                               1.48    1.50   -0.03 (VIOLATED)
_26729_/B1                              1.50    1.53   -0.03 (VIOLATED)
_18427_/Y                               1.49    1.52   -0.02 (VIOLATED)
_18428_/B1                              1.50    1.52   -0.02 (VIOLATED)
_25444_/A                               1.50    1.50   -0.00 (VIOLATED)
_27047_/A                               1.50    1.50   -0.00 (VIOLATED)
_27121_/B                               1.50    1.50   -0.00 (VIOLATED)
_26845_/B                               1.50    1.50   -0.00 (VIOLATED)
_27114_/B                               1.50    1.50   -0.00 (VIOLATED)

max capacitance

Pin                                    Limit     Cap   Slack
------------------------------------------------------------
_18427_/Y                               0.09    0.09   -0.00 (VIOLATED)

_25442_/Y                               0.05    0.05   -0.00 (VIOLATED)


==========================================================================
finish max_slew_check_slack
--------------------------------------------------------------------------
-0.027971291914582253

==========================================================================
finish max_slew_check_limit
--------------------------------------------------------------------------
1.4766590595245361

==========================================================================
finish max_slew_check_slack_limit
--------------------------------------------------------------------------
-0.0189

==========================================================================
finish max_fanout_check_slack
--------------------------------------------------------------------------
1.0000000150474662e+30

==========================================================================
finish max_fanout_check_limit
--------------------------------------------------------------------------
1.0000000150474662e+30

==========================================================================
finish max_capacitance_check_slack
--------------------------------------------------------------------------
-0.0024440085981041193

==========================================================================
finish max_capacitance_check_limit
--------------------------------------------------------------------------
0.0860700011253357

==========================================================================
finish max_capacitance_check_slack_limit
--------------------------------------------------------------------------
-0.0284

==========================================================================
finish max_slew_violation_count
--------------------------------------------------------------------------
max slew violation count 9

==========================================================================
finish max_fanout_violation_count
--------------------------------------------------------------------------
max fanout violation count 0

==========================================================================
finish max_cap_violation_count
--------------------------------------------------------------------------
max cap violation count 2

==========================================================================
finish setup_violation_count
--------------------------------------------------------------------------
setup violation count 0

==========================================================================
finish hold_violation_count
--------------------------------------------------------------------------
hold violation count 0

==========================================================================
finish report_checks -path_delay max reg to reg
--------------------------------------------------------------------------
Startpoint: round_key[3]$_SDFFE_PN0P_
            (rising edge-triggered flip-flop clocked by core_clock)
Endpoint: state[43]$_SDFFE_PN0P_
          (rising edge-triggered flip-flop clocked by core_clock)
Path Group: core_clock
Path Type: max

  Delay    Time   Description
---------------------------------------------------------
   0.00    0.00   clock core_clock (rise edge)
   0.00    0.00   clock source latency
   0.00    0.00 ^ clk (in)
   0.19    0.19 ^ clkbuf_0_clk/X (sky130_fd_sc_hd__clkbuf_16)
   0.29    0.48 ^ clkbuf_2_2__f_clk/X (sky130_fd_sc_hd__clkbuf_16)
   0.21    0.69 ^ clkbuf_leaf_7_clk/X (sky130_fd_sc_hd__clkbuf_16)
   0.00    0.69 ^ round_key[3]$_SDFFE_PN0P_/CLK (sky130_fd_sc_hd__dfxtp_2)
   0.72    1.41 ^ round_key[3]$_SDFFE_PN0P_/Q (sky130_fd_sc_hd__dfxtp_2)
   0.61    2.02 ^ place1004/X (sky130_fd_sc_hd__buf_4)
   0.54    2.56 ^ _16525_/Y (sky130_fd_sc_hd__nor3b_1)
   0.14    2.71 v _16971_/Y (sky130_fd_sc_hd__o21ai_0)
   0.33    3.04 ^ _16972_/Y (sky130_fd_sc_hd__a211oi_1)
   0.14    3.18 v _16984_/Y (sky130_fd_sc_hd__nor4_1)
   0.74    3.92 ^ _17011_/Y (sky130_fd_sc_hd__a211oi_2)
   0.54    4.46 v _20223_/X (sky130_fd_sc_hd__xnor3_1)
   0.81    5.27 ^ _22644_/Y (sky130_fd_sc_hd__xnor2_1)
   0.19    5.46 v _22645_/Y (sky130_fd_sc_hd__xnor2_1)
   1.27    6.74 ^ _26728_/Y (sky130_fd_sc_hd__a221oi_1)
   0.20    6.93 v _26729_/Y (sky130_fd_sc_hd__a211oi_1)
   0.00    6.93 v state[43]$_SDFFE_PN0P_/D (sky130_fd_sc_hd__dfxtp_2)
           6.93   data arrival time

  10.50   10.50   clock core_clock (rise edge)
   0.00   10.50   clock source latency
   0.00   10.50 ^ clk (in)
   0.19   10.69 ^ clkbuf_0_clk/X (sky130_fd_sc_hd__clkbuf_16)
   0.29   10.98 ^ clkbuf_2_2__f_clk/X (sky130_fd_sc_hd__clkbuf_16)
   0.20   11.18 ^ clkbuf_leaf_5_clk/X (sky130_fd_sc_hd__clkbuf_16)
   0.00   11.19 ^ state[43]$_SDFFE_PN0P_/CLK (sky130_fd_sc_hd__dfxtp_2)
   0.00   11.19   clock reconvergence pessimism
  -0.21   10.98   library setup time
          10.98   data required time
---------------------------------------------------------
          10.98   data required time
          -6.93   data arrival time
---------------------------------------------------------
           4.04   slack (MET)



==========================================================================
finish report_checks -path_delay min reg to reg
--------------------------------------------------------------------------
Startpoint: round_key[104]$_SDFFE_PN0P_
            (rising edge-triggered flip-flop clocked by core_clock)
Endpoint: round_key[104]$_SDFFE_PN0P_
          (rising edge-triggered flip-flop clocked by core_clock)
Path Group: core_clock
Path Type: min

  Delay    Time   Description
---------------------------------------------------------
   0.00    0.00   clock core_clock (rise edge)
   0.00    0.00   clock source latency
   0.00    0.00 ^ clk (in)
   0.19    0.19 ^ clkbuf_0_clk/X (sky130_fd_sc_hd__clkbuf_16)
   0.29    0.48 ^ clkbuf_2_2__f_clk/X (sky130_fd_sc_hd__clkbuf_16)
   0.21    0.69 ^ clkbuf_leaf_7_clk/X (sky130_fd_sc_hd__clkbuf_16)
   0.00    0.69 ^ round_key[104]$_SDFFE_PN0P_/CLK (sky130_fd_sc_hd__dfxtp_1)
   0.31    1.00 v round_key[104]$_SDFFE_PN0P_/Q (sky130_fd_sc_hd__dfxtp_1)
   0.05    1.05 ^ _27303_/Y (sky130_fd_sc_hd__nand2_1)
   0.05    1.10 v _27305_/Y (sky130_fd_sc_hd__a21oi_1)
   0.00    1.10 v round_key[104]$_SDFFE_PN0P_/D (sky130_fd_sc_hd__dfxtp_1)
           1.10   data arrival time

   0.00    0.00   clock core_clock (rise edge)
   0.00    0.00   clock source latency
   0.00    0.00 ^ clk (in)
   0.19    0.19 ^ clkbuf_0_clk/X (sky130_fd_sc_hd__clkbuf_16)
   0.29    0.48 ^ clkbuf_2_2__f_clk/X (sky130_fd_sc_hd__clkbuf_16)
   0.21    0.69 ^ clkbuf_leaf_7_clk/X (sky130_fd_sc_hd__clkbuf_16)
   0.00    0.69 ^ round_key[104]$_SDFFE_PN0P_/CLK (sky130_fd_sc_hd__dfxtp_1)
   0.00    0.69   clock reconvergence pessimism
  -0.05    0.65   library hold time
           0.65   data required time
---------------------------------------------------------
           0.65   data required time
          -1.10   data arrival time
---------------------------------------------------------
           0.45   slack (MET)



==========================================================================
finish critical path target clock latency max path
--------------------------------------------------------------------------
0.6852

==========================================================================
finish critical path target clock latency min path
--------------------------------------------------------------------------
0.6955

==========================================================================
finish critical path source clock latency min path
--------------------------------------------------------------------------
0.0000

==========================================================================
finish critical path delay
--------------------------------------------------------------------------
6.9346

==========================================================================
finish critical path slack
--------------------------------------------------------------------------
4.0431

==========================================================================
finish slack div critical path delay
--------------------------------------------------------------------------
58.303291

==========================================================================
finish report_power
--------------------------------------------------------------------------
Group                  Internal  Switching    Leakage      Total
                          Power      Power      Power      Power (Watts)
----------------------------------------------------------------
Sequential             1.97e-03   1.29e-03   3.24e-09   3.26e-03   5.6%
Combinational          1.83e-02   3.53e-02   2.65e-08   5.36e-02  91.2%
Clock                  1.05e-03   8.65e-04   8.29e-10   1.92e-03   3.3%
Macro                  0.00e+00   0.00e+00   0.00e+00   0.00e+00   0.0%
Pad                    0.00e+00   0.00e+00   0.00e+00   0.00e+00   0.0%
----------------------------------------------------------------
Total                  2.13e-02   3.74e-02   3.06e-08   5.87e-02 100.0%
                          36.3%      63.7%       0.0%
