make: Entering directory '/root/OpenROAD-flow-scripts/flow'
/root/OpenROAD-flow-scripts/flow/scripts/flow.sh 4_1_cts cts
Running cts.tcl, stage 4_1_cts
read_liberty /root/OpenROAD-flow-scripts/flow/platforms/sky130hs/lib/sky130_fd_sc_hs__tt_025C_1v80.lib
read_db ./results/sky130hs/gcd/slot2/3_place.odb
read_sdc ./results/sky130hs/gcd/slot2/3_place.sdc
source /root/OpenROAD-flow-scripts/flow/platforms/sky130hs/setRC.tcl
clock_tree_synthesis -sink_clustering_enable -repair_clock_nets
[INFO CTS-0050] Root buffer is sky130_fd_sc_hs__clkbuf_8.
[INFO CTS-0051] Sink buffer is sky130_fd_sc_hs__clkbuf_16.
[INFO CTS-0052] The following clock buffers will be used for CTS:
                    sky130_fd_sc_hs__clkbuf_8
                    sky130_fd_sc_hs__clkbuf_16
[INFO CTS-0049] Characterization buffer is sky130_fd_sc_hs__clkbuf_16.
[INFO CTS-0007] Net "clk" found for clock "core_clock".
[INFO CTS-0010]  Clock net "clk" has 35 sinks.
[INFO CTS-0008] TritonCTS found 1 clock nets.
[INFO CTS-0097] Characterization used 2 buffer(s) types.
[INFO CTS-0201] 0 blockages from hard placement blockages and placed macros will be used.
[INFO CTS-0027] Generating H-Tree topology for net clk.
[INFO CTS-0028]  Total number of sinks: 35.
[INFO CTS-0090]  Sinks will be clustered based on buffer max cap.
[INFO CTS-0030]  Number of static layers: 0.
[INFO CTS-0020]  Wire segment unit: 16650  dbu (16 um).
[INFO CTS-0023]  Original sink region: [(4635, 4695), (61215, 88545)].
[INFO CTS-0024]  Normalized sink region: [(0.278378, 0.281982), (3.67658, 5.31802)].
[INFO CTS-0025]     Width:  3.3982.
[INFO CTS-0026]     Height: 5.0360.
 Level 1
    Direction: Vertical
    Sinks per sub-region: 18
    Sub-region size: 3.3982 X 2.5180
[INFO CTS-0034]     Segment length (rounded): 1.
 Level 2
    Direction: Horizontal
    Sinks per sub-region: 9
    Sub-region size: 1.6991 X 2.5180
[INFO CTS-0034]     Segment length (rounded): 1.
[INFO CTS-0038]  Stop criterion found. Sink region hpwl is smaller than max wirelength (1742.811 um) and max number of sinks is 15.
[INFO CTS-0035]  Number of sinks covered: 35.
[INFO CTS-0018]     Created 5 clock buffers.
[INFO CTS-0012]     Minimum number of buffers in the clock path: 2.
[INFO CTS-0013]     Maximum number of buffers in the clock path: 2.
[INFO CTS-0015]     Created 5 clock nets.
[INFO CTS-0016]     Fanout distribution for the current clock = 7:2, 9:1, 12:1..
[INFO CTS-0017]     Max level of the clock tree: 2.
[INFO CTS-0098] Clock net "clk"
[INFO CTS-0099]  Sinks 38
[INFO CTS-0100]  Leaf buffers 0
[INFO CTS-0101]  Average sink wire length 117.87 um
[INFO CTS-0102]  Path depth 2 - 2
[INFO CTS-0207]  Dummy loads inserted 3
[INFO CTS-0500] Runtime: 0.95s
estimate_parasitics -placement
detailed_placement
[INFO DPL-0006] Core area: 7646.75 um^2
[INFO DPL-0007] Movable instances area: 4705.69 um^2
[INFO DPL-0008] Fixed instances area within core: 134.27 um^2
[INFO DPL-0009] Utilization: 63.3%
[INFO DPL-0005] Diamond search max displacement: +/- 500 sites horizontally, +/- 100 rows vertically.
[INFO DPL-1102] Legalizing using negotiation legalizer.
[INFO DPL-1103] Negotiation base search window: +/-20 sites horizontally, +/-5 rows vertically 
	Automatic search window extension enabled.
	Search window extendable up to the max displacement cap of +/-500 sites, +/-100 rows near walls.
[INFO DPL-1104] NegotiationLegalizer DRC penalty: 5.
[INFO DPL-0392] Negotiation cell height distribution (1 unique row-count(s)):
[INFO DPL-0393]   height 1 row(s): 563 cells
          |      Total |  Illegal |  Illegal
Iteration | Violations |    Cells |    Sites
---------------------------------------------
        0 |         16 |         2 |        14
        1 |         36 |         2 |        34
        2 |          0 |         0 |         0
Negotiation phase 1 converged at iteration 2.
[INFO DPL-0500] Runtime: 0.00s
Placement Analysis
---------------------------------
total displacement        440.4 u
average displacement        0.8 u
max displacement           17.1 u
original HPWL            7840.1 u
legalized HPWL           8047.3 u
delta HPWL                    3 %

estimate_parasitics -placement
repair_timing -setup_margin 0.2 -hold_margin 0 -repair_tns 100 -match_cell_footprint -verbose
[INFO RSZ-0100] Repair move sequence: UnbufferMove SizeUpMove SwapPinsMove BufferMove CloneMove SplitLoadMove 
[INFO RSZ-0094] Found 58 endpoints with setup violations.
[INFO RSZ-0099] Repairing 58 out of 58 (100.00%) violating endpoints...
   Iter   | Removed | Resized | Inserted | Cloned |  Pin  |   Area   |    WNS   |   StTNS    |   EnTNS    |  Viol  |  Worst  
          | Buffers |  Gates  | Buffers  |  Gates | Swaps |          |          |            |            | Endpts | St/EnPt 
------------------------------------------------------------------------------------------------------------------------------
       0* |       0 |       0 |        0 |      0 |     0 |    +0.0% |   -0.114 |       -2.5 |       -1.8 |     58 | dpath.b_reg.out\[13\]$_DFFE_PP_/DE
      10* |       0 |       3 |        5 |      1 |     2 |    +1.2% |   -0.097 |       -2.2 |       -1.6 |     58 | dpath.b_reg.out\[13\]$_DFFE_PP_/DE
      20* |       0 |       4 |       15 |      1 |     3 |    +3.0% |   -0.101 |       -2.5 |       -1.7 |     58 | dpath.b_reg.out\[13\]$_DFFE_PP_/DE
      27* |       0 |       4 |        8 |      1 |     2 |    +1.7% |   -0.092 |       -2.2 |       -1.5 |     58 | dpath.b_reg.out\[13\]$_DFFE_PP_/DE
      30* |       0 |       4 |       10 |      1 |     2 |    +2.0% |   -0.093 |       -2.2 |       -1.5 |     58 | dpath.b_reg.out\[13\]$_DFFE_PP_/DE
      39* |       0 |       4 |       20 |      1 |     2 |    +3.7% |   -0.087 |       -2.1 |       -1.5 |     58 | dpath.b_reg.out\[13\]$_DFFE_PP_/DE
      40* |       0 |       4 |       20 |      1 |     2 |    +3.7% |   -0.087 |       -2.1 |       -1.5 |     58 | dpath.b_reg.out\[13\]$_DFFE_PP_/DE
      40* |       0 |       4 |       20 |      1 |     2 |    +3.7% |   -0.087 |       -2.1 |       -1.5 |     58 | dpath.b_reg.out\[13\]$_DFFE_PP_/DE
      41* |       0 |       4 |       20 |      1 |     2 |    +3.7% |   -0.087 |       -2.1 |       -1.5 |     58 | dpath.b_reg.out\[13\]$_DFFE_PP_/DE
      42* |       0 |       4 |       20 |      1 |     2 |    +3.7% |   -0.087 |       -2.1 |       -1.5 |     58 | dpath.b_reg.out\[13\]$_DFFE_PP_/DE
      43* |       0 |       4 |       20 |      1 |     2 |    +3.7% |   -0.087 |       -2.1 |       -1.5 |     58 | dpath.b_reg.out\[13\]$_DFFE_PP_/DE
      44* |       0 |       4 |       20 |      1 |     2 |    +3.7% |   -0.087 |       -2.1 |       -1.5 |     58 | dpath.b_reg.out\[13\]$_DFFE_PP_/DE
      45* |       0 |       4 |       20 |      1 |     2 |    +3.7% |   -0.087 |       -2.1 |       -1.5 |     58 | dpath.b_reg.out\[13\]$_DFFE_PP_/DE
      47* |       0 |       4 |       20 |      1 |     3 |    +3.7% |   -0.087 |       -2.1 |       -1.4 |     58 | dpath.b_reg.out\[13\]$_DFFE_PP_/DE
      48* |       0 |       4 |       20 |      1 |     3 |    +3.7% |   -0.087 |       -2.1 |       -1.4 |     58 | dpath.b_reg.out\[13\]$_DFFE_PP_/DE
      49* |       0 |       4 |       20 |      1 |     3 |    +3.7% |   -0.087 |       -2.1 |       -1.4 |     58 | dpath.b_reg.out\[13\]$_DFFE_PP_/DE
      50* |       0 |       4 |       20 |      1 |     3 |    +3.7% |   -0.087 |       -2.1 |       -1.4 |     58 | dpath.b_reg.out\[13\]$_DFFE_PP_/DE
      50* |       0 |       4 |       20 |      1 |     3 |    +3.7% |   -0.087 |       -2.1 |       -1.4 |     58 | dpath.b_reg.out\[13\]$_DFFE_PP_/DE
      51* |       0 |       4 |       20 |      1 |     3 |    +3.7% |   -0.087 |       -2.1 |       -1.4 |     58 | dpath.b_reg.out\[13\]$_DFFE_PP_/DE
      52* |       0 |       4 |       20 |      1 |     3 |    +3.7% |   -0.087 |       -2.1 |       -1.4 |     58 | dpath.b_reg.out\[13\]$_DFFE_PP_/DE
      53* |       0 |       4 |       20 |      1 |     3 |    +3.7% |   -0.087 |       -2.1 |       -1.4 |     58 | dpath.b_reg.out\[13\]$_DFFE_PP_/DE
      54* |       0 |       4 |       20 |      1 |     3 |    +3.7% |   -0.087 |       -2.1 |       -1.4 |     58 | dpath.b_reg.out\[13\]$_DFFE_PP_/DE
      60* |       0 |       8 |       21 |      1 |     3 |    +4.4% |   -0.086 |       -2.0 |       -1.4 |     58 | dpath.b_reg.out\[13\]$_DFFE_PP_/DE
      68* |       0 |       8 |       24 |      1 |     5 |    +5.1% |   -0.084 |       -2.0 |       -1.8 |     58 | dpath.b_reg.out\[13\]$_DFFE_PP_/DE
      70* |       0 |       8 |       24 |      1 |     6 |    +5.1% |   -0.084 |       -2.0 |       -1.8 |     58 | dpath.b_reg.out\[13\]$_DFFE_PP_/DE
      72* |       0 |       8 |       24 |      1 |     6 |    +5.1% |   -0.084 |       -2.0 |       -1.8 |     58 | dpath.b_reg.out\[13\]$_DFFE_PP_/DE
      76* |       0 |       8 |       24 |      1 |     7 |    +5.1% |   -0.084 |       -2.0 |       -1.8 |     58 | dpath.b_reg.out\[13\]$_DFFE_PP_/DE
      80* |       0 |       8 |       24 |      2 |     9 |    +5.4% |   -0.084 |       -2.0 |       -1.9 |     58 | dpath.b_reg.out\[13\]$_DFFE_PP_/DE
      80* |       0 |       8 |       24 |      1 |     8 |    +5.1% |   -0.084 |       -2.0 |       -1.8 |     58 | dpath.b_reg.out\[13\]$_DFFE_PP_/DE
      84* |       0 |       8 |       24 |      1 |     9 |    +5.1% |   -0.084 |       -2.0 |       -1.8 |     58 | dpath.b_reg.out\[13\]$_DFFE_PP_/DE
      89* |       0 |       9 |       24 |      1 |    10 |    +5.1% |   -0.084 |       -2.0 |       -1.8 |     58 | dpath.b_reg.out\[13\]$_DFFE_PP_/DE
      90* |       0 |       9 |       24 |      1 |    10 |    +5.1% |   -0.084 |       -2.0 |       -1.8 |     58 | dpath.b_reg.out\[13\]$_DFFE_PP_/DE
      93* |       0 |       9 |       24 |      1 |    11 |    +5.1% |   -0.084 |       -2.0 |       -1.8 |     58 | dpath.b_reg.out\[13\]$_DFFE_PP_/DE
     100* |       0 |      11 |       25 |      1 |    14 |    +5.4% |   -0.093 |       -1.9 |       -2.0 |     58 | dpath.b_reg.out\[13\]$_DFFE_PP_/DE
     103* |       0 |       9 |       25 |      1 |    12 |    +5.3% |   -0.084 |       -1.9 |       -1.8 |     58 | dpath.b_reg.out\[13\]$_DFFE_PP_/DE
     110* |       0 |      15 |       25 |      1 |    12 |    +5.7% |   -0.084 |       -1.9 |       -1.8 |     58 | dpath.b_reg.out\[13\]$_DFFE_PP_/DE
     117* |       0 |      15 |       25 |      1 |    12 |    +5.7% |   -0.084 |       -1.9 |       -1.8 |     58 | dpath.b_reg.out\[13\]$_DFFE_PP_/DE
     120* |       0 |      15 |       25 |      2 |    13 |    +6.1% |   -0.084 |       -1.9 |       -1.9 |     58 | dpath.b_reg.out\[13\]$_DFFE_PP_/DE
     122* |       0 |      17 |       25 |      2 |    13 |    +6.6% |   -0.084 |       -1.9 |       -1.9 |     58 | dpath.b_reg.out\[13\]$_DFFE_PP_/DE
     125* |       0 |      18 |       25 |      2 |    14 |    +6.7% |   -0.084 |       -1.9 |       -1.9 |     58 | dpath.b_reg.out\[13\]$_DFFE_PP_/DE
     130* |       0 |      21 |       26 |      2 |    14 |    +7.1% |   -0.084 |       -1.9 |       -1.9 |     58 | dpath.b_reg.out\[13\]$_DFFE_PP_/DE
     132* |       0 |      18 |       25 |      2 |    14 |    +6.7% |   -0.084 |       -1.9 |       -1.9 |     58 | dpath.b_reg.out\[13\]$_DFFE_PP_/DE
     140* |       0 |      21 |       28 |      2 |    15 |    +7.3% |   -0.093 |       -1.9 |       -2.1 |     58 | dpath.b_reg.out\[13\]$_DFFE_PP_/DE
     150* |       0 |      28 |       32 |      2 |    15 |    +8.4% |   -0.099 |       -1.9 |       -2.2 |     58 | dpath.b_reg.out\[13\]$_DFFE_PP_/DE
     160* |       0 |      32 |       37 |      2 |    17 |    +9.2% |   -0.099 |       -1.9 |       -2.2 |     58 | dpath.b_reg.out\[13\]$_DFFE_PP_/DE
     166* |       0 |      20 |       28 |      2 |    15 |    +7.2% |   -0.084 |       -1.9 |       -1.9 |     58 | dpath.b_reg.out\[13\]$_DFFE_PP_/DE
     170* |       0 |      21 |       29 |      2 |    16 |    +7.5% |   -0.095 |       -1.9 |       -2.2 |     58 | dpath.b_reg.out\[13\]$_DFFE_PP_/DE
     170* |       0 |      20 |       28 |      2 |    16 |    +7.2% |   -0.084 |       -1.9 |       -1.9 |     58 | dpath.b_reg.out\[13\]$_DFFE_PP_/DE
     173* |       0 |      21 |       28 |      2 |    17 |    +7.3% |   -0.084 |       -1.9 |       -1.9 |     58 | dpath.b_reg.out\[13\]$_DFFE_PP_/DE
     180* |       0 |      25 |       29 |      2 |    18 |    +7.9% |   -0.084 |       -1.9 |       -1.9 |     58 | dpath.b_reg.out\[13\]$_DFFE_PP_/DE
     180* |       0 |      21 |       28 |      2 |    17 |    +7.3% |   -0.084 |       -1.9 |       -1.9 |     58 | dpath.b_reg.out\[13\]$_DFFE_PP_/DE
     183* |       0 |      22 |       28 |      2 |    18 |    +7.5% |   -0.084 |       -1.9 |       -1.9 |     58 | dpath.b_reg.out\[13\]$_DFFE_PP_/DE
     186* |       0 |      23 |       28 |      2 |    19 |    +7.6% |   -0.084 |       -1.9 |       -1.9 |     58 | dpath.b_reg.out\[13\]$_DFFE_PP_/DE
     190* |       0 |      24 |       30 |      2 |    19 |    +8.0% |   -0.084 |       -1.9 |       -2.0 |     58 | dpath.b_reg.out\[13\]$_DFFE_PP_/DE
     196* |       0 |      24 |       28 |      2 |    19 |    +7.7% |   -0.084 |       -1.9 |       -1.9 |     58 | dpath.b_reg.out\[13\]$_DFFE_PP_/DE
     200* |       0 |      27 |       28 |      2 |    19 |    +8.0% |   -0.093 |       -1.9 |       -2.1 |     58 | dpath.b_reg.out\[13\]$_DFFE_PP_/DE
     207* |       0 |      24 |       28 |      2 |    19 |    +7.7% |   -0.084 |       -1.9 |       -1.9 |     58 | dpath.b_reg.out\[13\]$_DFFE_PP_/DE
     210* |       0 |      25 |       28 |      2 |    20 |    +7.9% |   -0.084 |       -1.9 |       -1.9 |     58 | dpath.b_reg.out\[13\]$_DFFE_PP_/DE
     210* |       0 |      25 |       28 |      2 |    20 |    +7.9% |   -0.084 |       -1.9 |       -1.9 |     58 | dpath.b_reg.out\[13\]$_DFFE_PP_/DE
     212* |       0 |      25 |       28 |      2 |    20 |    +7.9% |   -0.084 |       -1.9 |       -1.9 |     58 | dpath.b_reg.out\[13\]$_DFFE_PP_/DE
     214* |       0 |      25 |       28 |      2 |    20 |    +7.9% |   -0.084 |       -1.9 |       -1.9 |     58 | dpath.b_reg.out\[13\]$_DFFE_PP_/DE
     216* |       0 |      25 |       28 |      2 |    20 |    +7.9% |   -0.084 |       -1.9 |       -1.9 |     58 | dpath.b_reg.out\[13\]$_DFFE_PP_/DE
     218* |       0 |      25 |       28 |      2 |    20 |    +7.9% |   -0.084 |       -1.9 |       -1.9 |     58 | dpath.b_reg.out\[13\]$_DFFE_PP_/DE
     220* |       0 |      26 |       28 |      2 |    20 |    +8.1% |   -0.085 |       -1.9 |       -1.9 |     58 | dpath.b_reg.out\[13\]$_DFFE_PP_/DE
     220* |       0 |      25 |       28 |      2 |    20 |    +7.9% |   -0.084 |       -1.9 |       -1.9 |     58 | dpath.b_reg.out\[13\]$_DFFE_PP_/DE
     222* |       0 |      25 |       28 |      2 |    20 |    +7.9% |   -0.084 |       -1.9 |       -1.9 |     58 | dpath.b_reg.out\[13\]$_DFFE_PP_/DE
     224* |       0 |      25 |       28 |      2 |    20 |    +7.9% |   -0.084 |       -1.9 |       -1.9 |     58 | dpath.b_reg.out\[13\]$_DFFE_PP_/DE
     226* |       0 |      25 |       28 |      2 |    20 |    +7.9% |   -0.084 |       -1.9 |       -1.9 |     58 | dpath.b_reg.out\[13\]$_DFFE_PP_/DE
     228* |       0 |      25 |       28 |      2 |    20 |    +7.9% |   -0.084 |       -1.9 |       -1.9 |     58 | dpath.b_reg.out\[13\]$_DFFE_PP_/DE
     230* |       0 |      26 |       28 |      2 |    20 |    +8.1% |   -0.085 |       -1.9 |       -1.9 |     58 | dpath.b_reg.out\[13\]$_DFFE_PP_/DE
     230* |       0 |      25 |       28 |      2 |    20 |    +7.9% |   -0.084 |       -1.9 |       -1.9 |     58 | dpath.b_reg.out\[13\]$_DFFE_PP_/DE
     232* |       0 |      25 |       28 |      2 |    20 |    +7.9% |   -0.084 |       -1.9 |       -1.9 |     58 | dpath.b_reg.out\[13\]$_DFFE_PP_/DE
     234* |       0 |      25 |       28 |      2 |    20 |    +7.9% |   -0.084 |       -1.9 |       -1.9 |     58 | dpath.b_reg.out\[13\]$_DFFE_PP_/DE
     236* |       0 |      25 |       28 |      2 |    20 |    +7.9% |   -0.084 |       -1.9 |       -1.9 |     58 | dpath.b_reg.out\[13\]$_DFFE_PP_/DE
     238* |       0 |      25 |       28 |      2 |    20 |    +7.9% |   -0.084 |       -1.9 |       -1.9 |     58 | dpath.b_reg.out\[13\]$_DFFE_PP_/DE
     240* |       0 |      26 |       28 |      2 |    20 |    +8.1% |   -0.085 |       -1.9 |       -1.9 |     58 | dpath.b_reg.out\[13\]$_DFFE_PP_/DE
     240* |       0 |      25 |       28 |      2 |    20 |    +7.9% |   -0.084 |       -1.9 |       -1.9 |     58 | dpath.b_reg.out\[13\]$_DFFE_PP_/DE
     242* |       0 |      25 |       28 |      2 |    20 |    +7.9% |   -0.084 |       -1.9 |       -1.9 |     58 | dpath.b_reg.out\[13\]$_DFFE_PP_/DE
     245* |       0 |      25 |       28 |      2 |    20 |    +7.9% |   -0.084 |       -1.9 |       -1.9 |     58 | dpath.b_reg.out\[13\]$_DFFE_PP_/DE
     250* |       0 |      27 |       30 |      2 |    20 |    +8.2% |   -0.085 |       -1.9 |       -2.0 |     58 | dpath.b_reg.out\[13\]$_DFFE_PP_/DE
     252* |       0 |      25 |       28 |      2 |    20 |    +7.9% |   -0.084 |       -1.9 |       -1.9 |     58 | dpath.b_reg.out\[13\]$_DFFE_PP_/DE
     258* |       0 |      25 |       28 |      2 |    20 |    +7.9% |   -0.084 |       -1.9 |       -1.9 |     58 | dpath.b_reg.out\[13\]$_DFFE_PP_/DE
     260* |       0 |      26 |       28 |      2 |    20 |    +8.0% |   -0.084 |       -1.9 |       -1.9 |     58 | dpath.b_reg.out\[13\]$_DFFE_PP_/DE
     264* |       0 |      26 |       28 |      2 |    20 |    +8.0% |   -0.084 |       -1.9 |       -1.9 |     58 | dpath.b_reg.out\[13\]$_DFFE_PP_/DE
     270* |       0 |      29 |       29 |      2 |    21 |    +8.3% |   -0.084 |       -1.9 |       -1.9 |     58 | dpath.b_reg.out\[13\]$_DFFE_PP_/DE
     272* |       0 |      28 |       29 |      2 |    21 |    +8.3% |   -0.084 |       -1.9 |       -1.9 |     58 | dpath.b_reg.out\[13\]$_DFFE_PP_/DE
     272* |       0 |      28 |       29 |      2 |    21 |    +8.3% |   -0.084 |       -1.9 |       -1.9 |     58 | dpath.b_reg.out\[13\]$_DFFE_PP_/DE
     273+ |       0 |      28 |       29 |      2 |    21 |    +8.3% |   -0.084 |       -1.9 |       -1.9 |     59 | dpath.b_reg.out\[13\]$_DFFE_PP_/DE
     274+ |       0 |      28 |       29 |      2 |    21 |    +8.3% |   -0.084 |       -1.9 |       -1.9 |     59 | dpath.b_reg.out\[13\]$_DFFE_PP_/DE
     275+ |       0 |      28 |       29 |      2 |    21 |    +8.3% |   -0.084 |       -1.9 |       -1.9 |     59 | dpath.b_reg.out\[13\]$_DFFE_PP_/DE
     276+ |       0 |      28 |       29 |      2 |    21 |    +8.3% |   -0.084 |       -1.9 |       -1.9 |     59 | dpath.b_reg.out\[13\]$_DFFE_PP_/DE
     277+ |       0 |      28 |       29 |      2 |    21 |    +8.3% |   -0.084 |       -1.9 |       -1.9 |     59 | dpath.b_reg.out\[13\]$_DFFE_PP_/DE
     278+ |       0 |      28 |       29 |      2 |    21 |    +8.3% |   -0.084 |       -1.9 |       -1.9 |     59 | dpath.b_reg.out\[13\]$_DFFE_PP_/DE
     279+ |       0 |      28 |       29 |      2 |    21 |    +8.3% |   -0.084 |       -1.9 |       -1.9 |     59 | dpath.b_reg.out\[13\]$_DFFE_PP_/DE
     280+ |       0 |      28 |       29 |      2 |    21 |    +8.3% |   -0.084 |       -1.9 |       -1.9 |     59 | dpath.b_reg.out\[13\]$_DFFE_PP_/DE
     280+ |       0 |      28 |       29 |      2 |    21 |    +8.3% |   -0.084 |       -1.9 |       -1.9 |     59 | dpath.b_reg.out\[13\]$_DFFE_PP_/DE
     281+ |       0 |      28 |       29 |      2 |    21 |    +8.3% |   -0.084 |       -1.9 |       -1.9 |     59 | dpath.b_reg.out\[13\]$_DFFE_PP_/DE
     282+ |       0 |      28 |       29 |      2 |    21 |    +8.3% |   -0.084 |       -1.9 |       -1.9 |     59 | dpath.b_reg.out\[13\]$_DFFE_PP_/DE
     283+ |       0 |      28 |       29 |      2 |    21 |    +8.3% |   -0.084 |       -1.9 |       -1.9 |     59 | dpath.b_reg.out\[13\]$_DFFE_PP_/DE
     284+ |       0 |      28 |       29 |      2 |    21 |    +8.3% |   -0.084 |       -1.9 |       -1.9 |     59 | dpath.b_reg.out\[13\]$_DFFE_PP_/DE
     285+ |       0 |      28 |       29 |      2 |    21 |    +8.3% |   -0.084 |       -1.9 |       -1.9 |     59 | dpath.b_reg.out\[13\]$_DFFE_PP_/DE
     286+ |       0 |      28 |       29 |      2 |    21 |    +8.3% |   -0.084 |       -1.9 |       -1.9 |     59 | dpath.b_reg.out\[13\]$_DFFE_PP_/DE
     287+ |       0 |      28 |       29 |      2 |    21 |    +8.3% |   -0.084 |       -1.9 |       -1.9 |     59 | dpath.b_reg.out\[13\]$_DFFE_PP_/DE
     288+ |       0 |      28 |       29 |      2 |    21 |    +8.3% |   -0.084 |       -1.9 |       -1.9 |     59 | dpath.b_reg.out\[13\]$_DFFE_PP_/DE
     289+ |       0 |      28 |       29 |      2 |    21 |    +8.3% |   -0.084 |       -1.9 |       -1.9 |     59 | dpath.b_reg.out\[13\]$_DFFE_PP_/DE
     290+ |       0 |      28 |       29 |      2 |    21 |    +8.3% |   -0.084 |       -1.9 |       -1.9 |     59 | dpath.b_reg.out\[13\]$_DFFE_PP_/DE
     290+ |       0 |      28 |       29 |      2 |    21 |    +8.3% |   -0.084 |       -1.9 |       -1.9 |     59 | dpath.b_reg.out\[13\]$_DFFE_PP_/DE
     291+ |       0 |      28 |       29 |      2 |    21 |    +8.3% |   -0.084 |       -1.9 |       -1.9 |     59 | dpath.b_reg.out\[13\]$_DFFE_PP_/DE
     292+ |       0 |      28 |       29 |      2 |    21 |    +8.3% |   -0.084 |       -1.9 |       -1.9 |     59 | dpath.b_reg.out\[13\]$_DFFE_PP_/DE
     293+ |       0 |      28 |       29 |      2 |    21 |    +8.3% |   -0.084 |       -1.9 |       -1.9 |     59 | dpath.b_reg.out\[13\]$_DFFE_PP_/DE
     294+ |       0 |      28 |       29 |      2 |    21 |    +8.3% |   -0.084 |       -1.9 |       -1.9 |     59 | dpath.b_reg.out\[13\]$_DFFE_PP_/DE
     295+ |       0 |      28 |       29 |      2 |    21 |    +8.3% |   -0.084 |       -1.9 |       -1.9 |     59 | dpath.b_reg.out\[13\]$_DFFE_PP_/DE
     296+ |       0 |      28 |       29 |      2 |    21 |    +8.3% |   -0.084 |       -1.9 |       -1.9 |     59 | dpath.b_reg.out\[13\]$_DFFE_PP_/DE
     297+ |       0 |      28 |       29 |      2 |    21 |    +8.3% |   -0.084 |       -1.9 |       -1.9 |     59 | dpath.b_reg.out\[13\]$_DFFE_PP_/DE
     298+ |       0 |      28 |       29 |      2 |    21 |    +8.3% |   -0.084 |       -1.9 |       -1.9 |     59 | dpath.b_reg.out\[13\]$_DFFE_PP_/DE
     299+ |       0 |      28 |       29 |      2 |    21 |    +8.3% |   -0.084 |       -1.9 |       -1.9 |     59 | dpath.b_reg.out\[13\]$_DFFE_PP_/DE
     300+ |       0 |      28 |       29 |      2 |    21 |    +8.3% |   -0.084 |       -1.9 |       -1.9 |     59 | dpath.b_reg.out\[13\]$_DFFE_PP_/DE
     300+ |       0 |      28 |       29 |      2 |    21 |    +8.3% |   -0.084 |       -1.9 |       -1.9 |     59 | dpath.b_reg.out\[13\]$_DFFE_PP_/DE
     301+ |       0 |      28 |       29 |      2 |    21 |    +8.3% |   -0.084 |       -1.9 |       -1.9 |     59 | dpath.b_reg.out\[13\]$_DFFE_PP_/DE
     302+ |       0 |      28 |       29 |      2 |    21 |    +8.3% |   -0.084 |       -1.9 |       -1.9 |     59 | dpath.b_reg.out\[13\]$_DFFE_PP_/DE
     303+ |       0 |      28 |       29 |      2 |    21 |    +8.3% |   -0.084 |       -1.9 |       -1.9 |     59 | dpath.b_reg.out\[13\]$_DFFE_PP_/DE
     304+ |       0 |      28 |       29 |      2 |    21 |    +8.3% |   -0.084 |       -1.9 |       -1.9 |     59 | dpath.b_reg.out\[13\]$_DFFE_PP_/DE
     305+ |       0 |      28 |       29 |      2 |    21 |    +8.3% |   -0.084 |       -1.9 |       -1.9 |     59 | dpath.b_reg.out\[13\]$_DFFE_PP_/DE
     306+ |       0 |      28 |       29 |      2 |    21 |    +8.3% |   -0.084 |       -1.9 |       -1.9 |     59 | dpath.b_reg.out\[13\]$_DFFE_PP_/DE
     307+ |       0 |      28 |       29 |      2 |    21 |    +8.3% |   -0.084 |       -1.9 |       -1.9 |     59 | dpath.b_reg.out\[13\]$_DFFE_PP_/DE
     308+ |       0 |      28 |       29 |      2 |    21 |    +8.3% |   -0.084 |       -1.9 |       -1.9 |     59 | dpath.b_reg.out\[13\]$_DFFE_PP_/DE
     309+ |       0 |      28 |       29 |      2 |    21 |    +8.3% |   -0.084 |       -1.9 |       -1.9 |     59 | dpath.b_reg.out\[13\]$_DFFE_PP_/DE
     310+ |       0 |      28 |       29 |      2 |    21 |    +8.3% |   -0.084 |       -1.9 |       -1.9 |     59 | dpath.b_reg.out\[13\]$_DFFE_PP_/DE
     310+ |       0 |      28 |       29 |      2 |    21 |    +8.3% |   -0.084 |       -1.9 |       -1.9 |     59 | dpath.b_reg.out\[13\]$_DFFE_PP_/DE
     311+ |       0 |      28 |       29 |      2 |    21 |    +8.3% |   -0.084 |       -1.9 |       -1.9 |     59 | dpath.b_reg.out\[13\]$_DFFE_PP_/DE
     312+ |       0 |      28 |       29 |      2 |    21 |    +8.3% |   -0.084 |       -1.9 |       -1.9 |     59 | dpath.b_reg.out\[13\]$_DFFE_PP_/DE
     313+ |       0 |      28 |       29 |      2 |    21 |    +8.3% |   -0.084 |       -1.9 |       -1.9 |     59 | dpath.b_reg.out\[13\]$_DFFE_PP_/DE
     314+ |       0 |      28 |       29 |      2 |    21 |    +8.3% |   -0.084 |       -1.9 |       -1.9 |     59 | dpath.b_reg.out\[13\]$_DFFE_PP_/DE
     315+ |       0 |      28 |       29 |      2 |    21 |    +8.3% |   -0.084 |       -1.9 |       -1.9 |     59 | dpath.b_reg.out\[13\]$_DFFE_PP_/DE
     316+ |       0 |      28 |       29 |      2 |    21 |    +8.3% |   -0.084 |       -1.9 |       -1.9 |     59 | dpath.b_reg.out\[13\]$_DFFE_PP_/DE
     317+ |       0 |      28 |       29 |      2 |    21 |    +8.3% |   -0.084 |       -1.9 |       -1.9 |     59 | dpath.b_reg.out\[13\]$_DFFE_PP_/DE
     318+ |       0 |      28 |       29 |      2 |    21 |    +8.3% |   -0.084 |       -1.9 |       -1.9 |     59 | dpath.b_reg.out\[13\]$_DFFE_PP_/DE
     319+ |       0 |      28 |       29 |      2 |    21 |    +8.3% |   -0.084 |       -1.9 |       -1.9 |     59 | dpath.b_reg.out\[13\]$_DFFE_PP_/DE
     320+ |       0 |      28 |       29 |      2 |    21 |    +8.3% |   -0.084 |       -1.9 |       -1.9 |     59 | dpath.b_reg.out\[13\]$_DFFE_PP_/DE
     320+ |       0 |      28 |       29 |      2 |    21 |    +8.3% |   -0.084 |       -1.9 |       -1.9 |     59 | dpath.b_reg.out\[13\]$_DFFE_PP_/DE
     321+ |       0 |      28 |       29 |      2 |    21 |    +8.3% |   -0.084 |       -1.9 |       -1.9 |     59 | dpath.b_reg.out\[13\]$_DFFE_PP_/DE
     322+ |       0 |      28 |       29 |      2 |    21 |    +8.3% |   -0.084 |       -1.9 |       -1.9 |     59 | dpath.b_reg.out\[13\]$_DFFE_PP_/DE
     323+ |       0 |      28 |       29 |      2 |    21 |    +8.3% |   -0.084 |       -1.9 |       -1.9 |     59 | dpath.b_reg.out\[13\]$_DFFE_PP_/DE
     324+ |       0 |      28 |       29 |      2 |    21 |    +8.3% |   -0.084 |       -1.9 |       -1.9 |     59 | dpath.b_reg.out\[13\]$_DFFE_PP_/DE
     325+ |       0 |      28 |       29 |      2 |    21 |    +8.3% |   -0.084 |       -1.9 |       -1.9 |     59 | dpath.b_reg.out\[13\]$_DFFE_PP_/DE
     326+ |       0 |      28 |       29 |      2 |    21 |    +8.3% |   -0.084 |       -1.9 |       -1.9 |     59 | dpath.b_reg.out\[13\]$_DFFE_PP_/DE
     327+ |       0 |      28 |       29 |      2 |    21 |    +8.3% |   -0.084 |       -1.9 |       -1.9 |     59 | dpath.b_reg.out\[13\]$_DFFE_PP_/DE
     329+ |       0 |      29 |       29 |      2 |    21 |    +8.3% |   -0.084 |       -1.9 |       -1.9 |     59 | dpath.b_reg.out\[13\]$_DFFE_PP_/DE
     330+ |       0 |      29 |       29 |      2 |    21 |    +8.3% |   -0.084 |       -1.9 |       -1.9 |     59 | dpath.b_reg.out\[13\]$_DFFE_PP_/DE
     330+ |       0 |      29 |       29 |      2 |    21 |    +8.3% |   -0.084 |       -1.9 |       -1.9 |     59 | dpath.b_reg.out\[13\]$_DFFE_PP_/DE
     331+ |       0 |      29 |       29 |      2 |    21 |    +8.3% |   -0.084 |       -1.9 |       -1.9 |     59 | dpath.b_reg.out\[13\]$_DFFE_PP_/DE
     332+ |       0 |      29 |       29 |      2 |    21 |    +8.3% |   -0.084 |       -1.9 |       -1.9 |     59 | dpath.b_reg.out\[13\]$_DFFE_PP_/DE
    final |       0 |      29 |       29 |      2 |    21 |    +8.3% |   -0.084 |       -1.9 |       -1.9 |     59 | dpath.b_reg.out\[13\]$_DFFE_PP_/DE
------------------------------------------------------------------------------------------------------------------------------
[INFO RSZ-0040] Inserted 29 buffers.
[INFO RSZ-0051] Resized 29 instances: 29 up, 0 up match, 0 down, 0 VT
[INFO RSZ-0043] Swapped pins on 21 instances.
[INFO RSZ-0049] Cloned 2 instances.
[WARNING RSZ-0062] Unable to repair all setup violations.
[INFO RSZ-0505] Runtime: 0.66s
[INFO RSZ-0033] No hold violations found.
[INFO RSZ-0506] Runtime: 0.00s
Repair timing output passed lec test
detailed_placement
[INFO DPL-0006] Core area: 7646.75 um^2
[INFO DPL-0007] Movable instances area: 5108.49 um^2
[INFO DPL-0008] Fixed instances area within core: 134.27 um^2
[INFO DPL-0009] Utilization: 68.6%
[INFO DPL-0005] Diamond search max displacement: +/- 500 sites horizontally, +/- 100 rows vertically.
[INFO DPL-1102] Legalizing using negotiation legalizer.
[INFO DPL-1103] Negotiation base search window: +/-20 sites horizontally, +/-5 rows vertically 
	Automatic search window extension enabled.
	Search window extendable up to the max displacement cap of +/-500 sites, +/-100 rows near walls.
[INFO DPL-1104] NegotiationLegalizer DRC penalty: 5.
[INFO DPL-0392] Negotiation cell height distribution (1 unique row-count(s)):
[INFO DPL-0393]   height 1 row(s): 594 cells
          |      Total |  Illegal |  Illegal
Iteration | Violations |    Cells |    Sites
---------------------------------------------
        0 |        134 |        26 |       108
        1 |         16 |         4 |        12
        2 |          0 |         0 |         0
Negotiation phase 1 converged at iteration 2.
[INFO DPL-0500] Runtime: 0.00s
Placement Analysis
---------------------------------
total displacement        419.9 u
average displacement        0.7 u
max displacement           19.2 u
original HPWL            8344.8 u
legalized HPWL           8721.7 u
delta HPWL                    5 %

estimate_parasitics -placement
Report metrics stage 4, cts final...

==========================================================================
cts final report_design_area
--------------------------------------------------------------------------
Design area 5243 um^2 69% utilization.
write_db ./results/sky130hs/gcd/slot2/4_1_cts.odb
write_sdc -no_timestamp ./results/sky130hs/gcd/slot2/4_cts.sdc
Log                       Ext     Elapsed/s Peak Memory/MB sha1sum result [0:20)
4_1_cts                   .odb            3            186 d04961b0e478a3f8defa
cp ./results/sky130hs/gcd/slot2/4_1_cts.odb ./results/sky130hs/gcd/slot2/4_cts.odb
make: Leaving directory '/root/OpenROAD-flow-scripts/flow'

STDERR:
bash: /opt/miniconda/lib/libtinfo.so.6: no version information available (required by bash)
bash: /opt/miniconda/lib/libtinfo.so.6: no version information available (required by bash)
bash: /opt/miniconda/lib/libtinfo.so.6: no version information available (required by bash)
bash: /opt/miniconda/lib/libtinfo.so.6: no version information available (required by bash)
bash: /opt/miniconda/lib/libtinfo.so.6: no version information available (required by bash)
bash: /opt/miniconda/lib/libtinfo.so.6: no version information available (required by bash)
bash: /opt/miniconda/lib/libtinfo.so.6: no version information available (required by bash)
bash: /opt/miniconda/lib/libtinfo.so.6: no version information available (required by bash)
bash: /opt/miniconda/lib/libtinfo.so.6: no version information available (required by bash)
bash: /opt/miniconda/lib/libtinfo.so.6: no version information available (required by bash)
bash: /opt/miniconda/lib/libtinfo.so.6: no version information available (required by bash)
bash: /opt/miniconda/lib/libtinfo.so.6: no version information available (required by bash)
bash: /opt/miniconda/lib/libtinfo.so.6: no version information available (required by bash)
bash: /opt/miniconda/lib/libtinfo.so.6: no version information available (required by bash)
bash: /opt/miniconda/lib/libtinfo.so.6: no version information available (required by bash)
bash: /opt/miniconda/lib/libtinfo.so.6: no version information available (required by bash)
bash: /opt/miniconda/lib/libtinfo.so.6: no version information available (required by bash)
bash: /opt/miniconda/lib/libtinfo.so.6: no version information available (required by bash)
bash: /opt/miniconda/lib/libtinfo.so.6: no version information available (required by bash)
bash: /opt/miniconda/lib/libtinfo.so.6: no version information available (required by bash)
bash: /opt/miniconda/lib/libtinfo.so.6: no version information available (required by bash)
bash: /opt/miniconda/lib/libtinfo.so.6: no version information available (required by bash)
bash: /opt/miniconda/lib/libtinfo.so.6: no version information available (required by bash)
bash: /opt/miniconda/lib/libtinfo.so.6: no version information available (required by bash)
Elapsed time: 0:03.01[h:]min:sec. CPU time: user 2.85 sys 0.12 (98%). Peak memory: 191004KB.
bash: /opt/miniconda/lib/libtinfo.so.6: no version information available (required by bash)
bash: /opt/miniconda/lib/libtinfo.so.6: no version information available (required by bash)
bash: /opt/miniconda/lib/libtinfo.so.6: no version information available (required by bash)
bash: /opt/miniconda/lib/libtinfo.so.6: no version information available (required by bash)
bash: /opt/miniconda/lib/libtinfo.so.6: no version information available (required by bash)
bash: /opt/miniconda/lib/libtinfo.so.6: no version information available (required by bash)
bash: /opt/miniconda/lib/libtinfo.so.6: no version information available (required by bash)
bash: /opt/miniconda/lib/libtinfo.so.6: no version information available (required by bash)
bash: /opt/miniconda/lib/libtinfo.so.6: no version information available (required by bash)
bash: /opt/miniconda/lib/libtinfo.so.6: no version information available (required by bash)
bash: /opt/miniconda/lib/libtinfo.so.6: no version information available (required by bash)
bash: /opt/miniconda/lib/libtinfo.so.6: no version information available (required by bash)
bash: /opt/miniconda/lib/libtinfo.so.6: no version information available (required by bash)
