
==========================================================================
resizer report_tns
--------------------------------------------------------------------------
tns max -9.96

==========================================================================
resizer report_wns
--------------------------------------------------------------------------
wns max -0.55

==========================================================================
resizer report_worst_slack
--------------------------------------------------------------------------
worst slack max -0.55

==========================================================================
resizer report_clock_min_period
--------------------------------------------------------------------------
core_clock period_min = 12.55 fmax = 79.68
vclk period_min = 0.00 fmax = inf

==========================================================================
resizer report_checks -path_delay min
--------------------------------------------------------------------------
Startpoint: rst_n (input port clocked by vclk)
Endpoint: W[801]$_DFFE_PN0P_
          (removal check against rising-edge clock core_clock)
Path Group: asynchronous
Path Type: min

Fanout     Cap    Slew   Delay    Time   Description
-----------------------------------------------------------------------------
                  0.00    0.00    0.00   clock vclk (rise edge)
                          0.00    0.00   clock network delay (ideal)
                          2.40    2.40 ^ input external delay
     1    0.02    0.00    0.00    2.40 ^ rst_n (in)
                                         rst_n (net)
                  0.00    0.00    2.40 ^ input514/A (sky130_fd_sc_hd__buf_16)
    98    0.66    0.64    0.36    2.76 ^ input514/X (sky130_fd_sc_hd__buf_16)
                                         net513 (net)
                  0.64    0.05    2.80 ^ W[801]$_DFFE_PN0P_/RESET_B (sky130_fd_sc_hd__dfrtp_1)
                                  2.80   data arrival time

                  0.00    0.00    0.00   clock core_clock (rise edge)
                          0.00    0.00   clock network delay (ideal)
                          0.00    0.00   clock reconvergence pessimism
                                  0.00 ^ W[801]$_DFFE_PN0P_/CLK (sky130_fd_sc_hd__dfrtp_1)
                          0.47    0.47   library removal time
                                  0.47   data required time
-----------------------------------------------------------------------------
                                  0.47   data required time
                                 -2.80   data arrival time
-----------------------------------------------------------------------------
                                  2.33   slack (MET)


Startpoint: digest[141]$_DFFE_PN0P_
            (rising edge-triggered flip-flop clocked by core_clock)
Endpoint: digest[141]$_DFFE_PN0P_
          (rising edge-triggered flip-flop clocked by core_clock)
Path Group: core_clock
Path Type: min

Fanout     Cap    Slew   Delay    Time   Description
-----------------------------------------------------------------------------
                  0.00    0.00    0.00   clock core_clock (rise edge)
                          0.00    0.00   clock network delay (ideal)
                  0.00    0.00    0.00 ^ digest[141]$_DFFE_PN0P_/CLK (sky130_fd_sc_hd__dfrtp_1)
     2    0.01    0.07    0.32    0.32 ^ digest[141]$_DFFE_PN0P_/Q (sky130_fd_sc_hd__dfrtp_1)
                                         net561 (net)
                  0.07    0.00    0.32 ^ _18507_/A (sky130_fd_sc_hd__nand2_1)
     1    0.00    0.03    0.05    0.37 v _18507_/Y (sky130_fd_sc_hd__nand2_1)
                                         _04742_ (net)
                  0.03    0.00    0.37 v _18511_/A (sky130_fd_sc_hd__nand2_1)
     1    0.00    0.04    0.05    0.42 ^ _18511_/Y (sky130_fd_sc_hd__nand2_1)
                                         _00881_ (net)
                  0.04    0.00    0.42 ^ digest[141]$_DFFE_PN0P_/D (sky130_fd_sc_hd__dfrtp_1)
                                  0.42   data arrival time

                  0.00    0.00    0.00   clock core_clock (rise edge)
                          0.00    0.00   clock network delay (ideal)
                          0.00    0.00   clock reconvergence pessimism
                                  0.00 ^ digest[141]$_DFFE_PN0P_/CLK (sky130_fd_sc_hd__dfrtp_1)
                         -0.04   -0.04   library hold time
                                 -0.04   data required time
-----------------------------------------------------------------------------
                                 -0.04   data required time
                                 -0.42   data arrival time
-----------------------------------------------------------------------------
                                  0.46   slack (MET)


Startpoint: digest[175]$_DFFE_PN0P_
            (rising edge-triggered flip-flop clocked by core_clock)
Endpoint: digest[175] (output port clocked by vclk)
Path Group: vclk
Path Type: min

Fanout     Cap    Slew   Delay    Time   Description
-----------------------------------------------------------------------------
                  0.00    0.00    0.00   clock core_clock (rise edge)
                          0.00    0.00   clock network delay (ideal)
                  0.00    0.00    0.00 ^ digest[175]$_DFFE_PN0P_/CLK (sky130_fd_sc_hd__dfrtp_1)
     2    0.01    0.05    0.35    0.35 v digest[175]$_DFFE_PN0P_/Q (sky130_fd_sc_hd__dfrtp_1)
                                         net598 (net)
                  0.05    0.00    0.35 v output599/A (sky130_fd_sc_hd__clkdlybuf4s50_1)
     1    0.00    0.04    0.40    0.76 v output599/X (sky130_fd_sc_hd__clkdlybuf4s50_1)
                                         digest[175] (net)
                  0.04    0.00    0.76 v digest[175] (out)
                                  0.76   data arrival time

                  0.00    0.00    0.00   clock vclk (rise edge)
                          0.00    0.00   clock network delay (ideal)
                          0.00    0.00   clock reconvergence pessimism
                         -2.40   -2.40   output external delay
                                 -2.40   data required time
-----------------------------------------------------------------------------
                                 -2.40   data required time
                                 -0.76   data arrival time
-----------------------------------------------------------------------------
                                  3.16   slack (MET)



==========================================================================
resizer report_checks -path_delay max
--------------------------------------------------------------------------
Startpoint: rst_n (input port clocked by vclk)
Endpoint: digest[97]$_DFFE_PN0P_
          (recovery check against rising-edge clock core_clock)
Path Group: asynchronous
Path Type: max

Fanout     Cap    Slew   Delay    Time   Description
-----------------------------------------------------------------------------
                  0.00    0.00    0.00   clock vclk (rise edge)
                          0.00    0.00   clock network delay (ideal)
                          2.40    2.40 ^ input external delay
     1    0.02    0.00    0.00    2.40 ^ rst_n (in)
                                         rst_n (net)
                  0.00    0.00    2.40 ^ input514/A (sky130_fd_sc_hd__buf_16)
    98    0.66    0.64    0.36    2.76 ^ input514/X (sky130_fd_sc_hd__buf_16)
                                         net513 (net)
                  0.87    0.30    3.06 ^ place6167/A (sky130_fd_sc_hd__buf_12)
   103    0.61    0.67    0.59    3.65 ^ place6167/X (sky130_fd_sc_hd__buf_12)
                                         net6166 (net)
                  0.70    0.10    3.75 ^ place6166/A (sky130_fd_sc_hd__buf_12)
   135    0.70    0.77    0.65    4.40 ^ place6166/X (sky130_fd_sc_hd__buf_12)
                                         net6165 (net)
                  0.78    0.07    4.47 ^ place6165/A (sky130_fd_sc_hd__buf_4)
    38    0.20    0.54    0.60    5.07 ^ place6165/X (sky130_fd_sc_hd__buf_4)
                                         net6164 (net)
                  0.54    0.01    5.08 ^ digest[97]$_DFFE_PN0P_/RESET_B (sky130_fd_sc_hd__dfrtp_1)
                                  5.08   data arrival time

                  0.00   12.00   12.00   clock core_clock (rise edge)
                          0.00   12.00   clock network delay (ideal)
                          0.00   12.00   clock reconvergence pessimism
                                 12.00 ^ digest[97]$_DFFE_PN0P_/CLK (sky130_fd_sc_hd__dfrtp_1)
                          0.09   12.09   library recovery time
                                 12.09   data required time
-----------------------------------------------------------------------------
                                 12.09   data required time
                                 -5.08   data arrival time
-----------------------------------------------------------------------------
                                  7.01   slack (MET)


Startpoint: round[1]$_DFFE_PN0P_
            (rising edge-triggered flip-flop clocked by core_clock)
Endpoint: digest[254]$_DFFE_PN0P_
          (rising edge-triggered flip-flop clocked by core_clock)
Path Group: core_clock
Path Type: max

Fanout     Cap    Slew   Delay    Time   Description
-----------------------------------------------------------------------------
                  0.00    0.00    0.00   clock core_clock (rise edge)
                          0.00    0.00   clock network delay (ideal)
                  0.00    0.00    0.00 ^ round[1]$_DFFE_PN0P_/CLK (sky130_fd_sc_hd__dfrtp_4)
     4    0.03    0.11    0.44    0.44 ^ round[1]$_DFFE_PN0P_/Q (sky130_fd_sc_hd__dfrtp_4)
                                         round[1] (net)
                  0.11    0.00    0.44 ^ _12950_/A (sky130_fd_sc_hd__clkinv_4)
     2    0.01    0.04    0.07    0.51 v _12950_/Y (sky130_fd_sc_hd__clkinv_4)
                                         _09067_ (net)
                  0.04    0.00    0.51 v _25435_/B (sky130_fd_sc_hd__ha_4)
     2    0.02    0.07    0.29    0.80 ^ _25435_/SUM (sky130_fd_sc_hd__ha_4)
                                         _00451_ (net)
                  0.07    0.00    0.80 ^ rebuffer6197/A (sky130_fd_sc_hd__buf_12)
     3    0.09    0.11    0.15    0.95 ^ rebuffer6197/X (sky130_fd_sc_hd__buf_12)
                                         net6196 (net)
                  0.11    0.01    0.96 ^ place5253/A (sky130_fd_sc_hd__buf_12)
     7    0.10    0.12    0.17    1.13 ^ place5253/X (sky130_fd_sc_hd__buf_12)
                                         net5252 (net)
                  0.13    0.02    1.15 ^ place5246/A (sky130_fd_sc_hd__buf_12)
     6    0.04    0.05    0.13    1.28 ^ place5246/X (sky130_fd_sc_hd__buf_12)
                                         net5245 (net)
                  0.05    0.00    1.29 ^ place5245/A (sky130_fd_sc_hd__buf_12)
     3    0.02    0.04    0.10    1.39 ^ place5245/X (sky130_fd_sc_hd__buf_12)
                                         net5244 (net)
                  0.04    0.00    1.39 ^ _16918_/S1 (sky130_fd_sc_hd__mux4_2)
     1    0.02    0.14    0.37    1.76 v _16918_/X (sky130_fd_sc_hd__mux4_2)
                                         _03432_ (net)
                  0.14    0.00    1.76 v _16920_/A2 (sky130_fd_sc_hd__mux4_2)
     1    0.05    0.20    0.66    2.42 v _16920_/X (sky130_fd_sc_hd__mux4_2)
                                         _03434_ (net)
                  0.20    0.01    2.43 v _16921_/A3 (sky130_fd_sc_hd__mux4_2)
     2    0.01    0.12    0.58    3.01 v _16921_/X (sky130_fd_sc_hd__mux4_2)
                                         _03435_ (net)
                  0.12    0.00    3.01 v _24862_/B (sky130_fd_sc_hd__xnor2_2)
     1    0.01    0.07    0.17    3.17 v _24862_/Y (sky130_fd_sc_hd__xnor2_2)
                                         _00265_ (net)
                  0.07    0.00    3.17 v _25338_/A (sky130_fd_sc_hd__fa_1)
     1    0.01    0.10    0.57    3.74 ^ _25338_/SUM (sky130_fd_sc_hd__fa_1)
                                         _12829_ (net)
                  0.10    0.00    3.74 ^ _25381_/B (sky130_fd_sc_hd__fa_1)
     2    0.01    0.10    0.45    4.19 v _25381_/SUM (sky130_fd_sc_hd__fa_1)
                                         _12869_ (net)
                  0.10    0.00    4.19 v _25482_/A (sky130_fd_sc_hd__ha_1)
     1    0.01    0.06    0.32    4.51 v _25482_/SUM (sky130_fd_sc_hd__ha_1)
                                         _00535_ (net)
                  0.06    0.00    4.51 v _13117_/A1 (sky130_fd_sc_hd__a21o_1)
     1    0.01    0.05    0.17    4.69 v _13117_/X (sky130_fd_sc_hd__a21o_1)
                                         _09233_ (net)
                  0.05    0.00    4.69 v _13118_/A2 (sky130_fd_sc_hd__a21oi_2)
     2    0.01    0.13    0.16    4.85 ^ _13118_/Y (sky130_fd_sc_hd__a21oi_2)
                                         _09234_ (net)
                  0.13    0.00    4.85 ^ _13119_/A1 (sky130_fd_sc_hd__o21bai_1)
     1    0.01    0.07    0.10    4.95 v _13119_/Y (sky130_fd_sc_hd__o21bai_1)
                                         _09235_ (net)
                  0.07    0.00    4.95 v _13120_/A2 (sky130_fd_sc_hd__a21oi_2)
     2    0.01    0.14    0.18    5.13 ^ _13120_/Y (sky130_fd_sc_hd__a21oi_2)
                                         _09236_ (net)
                  0.14    0.00    5.13 ^ _13121_/A2 (sky130_fd_sc_hd__o21bai_1)
     1    0.00    0.05    0.08    5.21 v _13121_/Y (sky130_fd_sc_hd__o21bai_1)
                                         _09237_ (net)
                  0.05    0.00    5.21 v _13122_/A2 (sky130_fd_sc_hd__a21o_1)
     3    0.02    0.12    0.26    5.47 v _13122_/X (sky130_fd_sc_hd__a21o_1)
                                         _09238_ (net)
                  0.12    0.00    5.47 v _14179_/B (sky130_fd_sc_hd__nand2_2)
     2    0.01    0.07    0.11    5.58 ^ _14179_/Y (sky130_fd_sc_hd__nand2_2)
                                         _10277_ (net)
                  0.07    0.00    5.58 ^ _14291_/B (sky130_fd_sc_hd__nand2b_1)
     1    0.00    0.05    0.07    5.65 v _14291_/Y (sky130_fd_sc_hd__nand2b_1)
                                         _10387_ (net)
                  0.05    0.00    5.65 v _14292_/A1 (sky130_fd_sc_hd__a21oi_2)
     1    0.01    0.14    0.16    5.81 ^ _14292_/Y (sky130_fd_sc_hd__a21oi_2)
                                         _10388_ (net)
                  0.14    0.00    5.81 ^ _14293_/B (sky130_fd_sc_hd__xnor2_2)
     1    0.01    0.06    0.09    5.90 v _14293_/Y (sky130_fd_sc_hd__xnor2_2)
                                         _10389_ (net)
                  0.06    0.00    5.90 v _14294_/A1 (sky130_fd_sc_hd__mux2i_4)
     2    0.02    0.22    0.19    6.09 ^ _14294_/Y (sky130_fd_sc_hd__mux2i_4)
                                         _10390_ (net)
                  0.22    0.00    6.09 ^ _14297_/A (sky130_fd_sc_hd__inv_2)
     1    0.03    0.09    0.12    6.21 v _14297_/Y (sky130_fd_sc_hd__inv_2)
                                         _00196_ (net)
                  0.09    0.00    6.21 v _25308_/CIN (sky130_fd_sc_hd__fa_1)
     1    0.01    0.09    0.52    6.73 ^ _25308_/SUM (sky130_fd_sc_hd__fa_1)
                                         _12769_ (net)
                  0.09    0.00    6.73 ^ _25280_/CIN (sky130_fd_sc_hd__fa_2)
     1    0.01    0.09    0.45    7.18 v _25280_/SUM (sky130_fd_sc_hd__fa_2)
                                         _12694_ (net)
                  0.09    0.00    7.18 v _25251_/A (sky130_fd_sc_hd__fa_1)
     1    0.01    0.12    0.60    7.78 ^ _25251_/SUM (sky130_fd_sc_hd__fa_1)
                                         _12697_ (net)
                  0.12    0.00    7.78 ^ _25527_/B (sky130_fd_sc_hd__ha_4)
     3    0.01    0.04    0.22    8.00 v _25527_/SUM (sky130_fd_sc_hd__ha_4)
                                         _00627_ (net)
                  0.04    0.00    8.00 v _15324_/A (sky130_fd_sc_hd__and4_4)
     2    0.01    0.04    0.15    8.16 v _15324_/X (sky130_fd_sc_hd__and4_4)
                                         _11369_ (net)
                  0.04    0.00    8.16 v _15328_/B1 (sky130_fd_sc_hd__a221oi_2)
     1    0.00    0.16    0.19    8.35 ^ _15328_/Y (sky130_fd_sc_hd__a221oi_2)
                                         _11373_ (net)
                  0.16    0.00    8.35 ^ _15329_/B1 (sky130_fd_sc_hd__o21ai_1)
     2    0.01    0.09    0.13    8.48 v _15329_/Y (sky130_fd_sc_hd__o21ai_1)
                                         _11374_ (net)
                  0.09    0.00    8.48 v _15330_/B (sky130_fd_sc_hd__nor2_2)
     2    0.01    0.13    0.14    8.62 ^ _15330_/Y (sky130_fd_sc_hd__nor2_2)
                                         _11375_ (net)
                  0.13    0.00    8.62 ^ _16533_/A (sky130_fd_sc_hd__nor2b_2)
     2    0.01    0.04    0.06    8.68 v _16533_/Y (sky130_fd_sc_hd__nor2b_2)
                                         _12490_ (net)
                  0.04    0.00    8.68 v _16534_/A2 (sky130_fd_sc_hd__o21a_1)
     1    0.00    0.04    0.17    8.85 v _16534_/X (sky130_fd_sc_hd__o21a_1)
                                         _12491_ (net)
                  0.04    0.00    8.85 v _16535_/A (sky130_fd_sc_hd__nor2_2)
     1    0.01    0.12    0.14    8.98 ^ _16535_/Y (sky130_fd_sc_hd__nor2_2)
                                         _12492_ (net)
                  0.12    0.00    8.99 ^ _16536_/B (sky130_fd_sc_hd__xnor2_2)
     1    0.02    0.11    0.12    9.11 v _16536_/Y (sky130_fd_sc_hd__xnor2_2)
                                         _00039_ (net)
                  0.11    0.00    9.11 v place4470/A (sky130_fd_sc_hd__buf_6)
     2    0.03    0.04    0.16    9.27 v place4470/X (sky130_fd_sc_hd__buf_6)
                                         net4469 (net)
                  0.04    0.00    9.28 v _25210_/A (sky130_fd_sc_hd__fa_2)
     1    0.02    0.11    0.61    9.89 ^ _25210_/SUM (sky130_fd_sc_hd__fa_2)
                                         _12582_ (net)
                  0.11    0.00    9.89 ^ _25406_/B (sky130_fd_sc_hd__ha_4)
     2    0.01    0.04    0.21   10.10 v _25406_/SUM (sky130_fd_sc_hd__ha_4)
                                         _00395_ (net)
                  0.04    0.00   10.10 v _17781_/A1 (sky130_fd_sc_hd__a21o_1)
     1    0.00    0.04    0.16   10.26 v _17781_/X (sky130_fd_sc_hd__a21o_1)
                                         _04129_ (net)
                  0.04    0.00   10.26 v _17782_/A1 (sky130_fd_sc_hd__a21oi_2)
     2    0.01    0.14    0.16   10.42 ^ _17782_/Y (sky130_fd_sc_hd__a21oi_2)
                                         _04130_ (net)
                  0.14    0.00   10.42 ^ _17786_/A1 (sky130_fd_sc_hd__o221ai_2)
     2    0.01    0.11    0.16   10.58 v _17786_/Y (sky130_fd_sc_hd__o221ai_2)
                                         _04134_ (net)
                  0.11    0.00   10.58 v _17788_/B (sky130_fd_sc_hd__and2_4)
     2    0.01    0.04    0.20   10.77 v _17788_/X (sky130_fd_sc_hd__and2_4)
                                         _04136_ (net)
                  0.04    0.00   10.77 v _17792_/A2 (sky130_fd_sc_hd__a21oi_2)
     2    0.01    0.11    0.15   10.92 ^ _17792_/Y (sky130_fd_sc_hd__a21oi_2)
                                         _04140_ (net)
                  0.11    0.00   10.92 ^ _17793_/B (sky130_fd_sc_hd__nand2_1)
     1    0.01    0.07    0.09   11.01 v _17793_/Y (sky130_fd_sc_hd__nand2_1)
                                         _04141_ (net)
                  0.07    0.00   11.01 v _17796_/A4 (sky130_fd_sc_hd__o41a_1)
     2    0.01    0.09    0.35   11.35 v _17796_/X (sky130_fd_sc_hd__o41a_1)
                                         _04144_ (net)
                  0.09    0.00   11.35 v _17797_/A1 (sky130_fd_sc_hd__a21o_1)
     2    0.01    0.05    0.19   11.54 v _17797_/X (sky130_fd_sc_hd__a21o_1)
                                         _04145_ (net)
                  0.05    0.00   11.54 v _17798_/A2 (sky130_fd_sc_hd__a21o_1)
     1    0.01    0.04    0.19   11.73 v _17798_/X (sky130_fd_sc_hd__a21o_1)
                                         _04146_ (net)
                  0.04    0.00   11.73 v _17799_/A2 (sky130_fd_sc_hd__a21oi_2)
     1    0.01    0.15    0.17   11.90 ^ _17799_/Y (sky130_fd_sc_hd__a21oi_2)
                                         _04147_ (net)
                  0.15    0.00   11.90 ^ _17800_/B (sky130_fd_sc_hd__xnor2_2)
     2    0.01    0.17    0.14   12.04 ^ _17800_/Y (sky130_fd_sc_hd__xnor2_2)
                                         _04148_ (net)
                  0.17    0.00   12.04 ^ place4219/A (sky130_fd_sc_hd__buf_4)
     2    0.01    0.04    0.15   12.19 ^ place4219/X (sky130_fd_sc_hd__buf_4)
                                         net4218 (net)
                  0.04    0.00   12.19 ^ _17972_/B (sky130_fd_sc_hd__xnor2_1)
     1    0.00    0.14    0.11   12.30 ^ _17972_/Y (sky130_fd_sc_hd__xnor2_1)
                                         _04320_ (net)
                  0.14    0.00   12.30 ^ _17975_/A1 (sky130_fd_sc_hd__o21ai_1)
     1    0.00    0.12    0.09   12.39 v _17975_/Y (sky130_fd_sc_hd__o21ai_1)
                                         _00768_ (net)
                  0.12    0.00   12.39 v digest[254]$_DFFE_PN0P_/D (sky130_fd_sc_hd__dfrtp_1)
                                 12.39   data arrival time

                  0.00   12.00   12.00   clock core_clock (rise edge)
                          0.00   12.00   clock network delay (ideal)
                          0.00   12.00   clock reconvergence pessimism
                                 12.00 ^ digest[254]$_DFFE_PN0P_/CLK (sky130_fd_sc_hd__dfrtp_1)
                         -0.16   11.84   library setup time
                                 11.84   data required time
-----------------------------------------------------------------------------
                                 11.84   data required time
                                -12.39   data arrival time
-----------------------------------------------------------------------------
                                 -0.55   slack (VIOLATED)


Startpoint: digest[40]$_DFFE_PN0P_
            (rising edge-triggered flip-flop clocked by core_clock)
Endpoint: digest[40] (output port clocked by vclk)
Path Group: vclk
Path Type: max

Fanout     Cap    Slew   Delay    Time   Description
-----------------------------------------------------------------------------
                  0.00    0.00    0.00   clock core_clock (rise edge)
                          0.00    0.00   clock network delay (ideal)
                  0.00    0.00    0.00 ^ digest[40]$_DFFE_PN0P_/CLK (sky130_fd_sc_hd__dfrtp_1)
     2    0.05    0.41    0.56    0.56 ^ digest[40]$_DFFE_PN0P_/Q (sky130_fd_sc_hd__dfrtp_1)
                                         net705 (net)
                  0.41    0.01    0.57 ^ output706/A (sky130_fd_sc_hd__clkdlybuf4s50_1)
     1    0.02    0.19    0.67    1.24 ^ output706/X (sky130_fd_sc_hd__clkdlybuf4s50_1)
                                         digest[40] (net)
                  0.19    0.00    1.24 ^ digest[40] (out)
                                  1.24   data arrival time

                  0.00   12.00   12.00   clock vclk (rise edge)
                          0.00   12.00   clock network delay (ideal)
                          0.00   12.00   clock reconvergence pessimism
                         -2.40    9.60   output external delay
                                  9.60   data required time
-----------------------------------------------------------------------------
                                  9.60   data required time
                                 -1.24   data arrival time
-----------------------------------------------------------------------------
                                  8.36   slack (MET)



==========================================================================
resizer report_checks -unconstrained
--------------------------------------------------------------------------
Startpoint: rst_n (input port clocked by vclk)
Endpoint: digest[97]$_DFFE_PN0P_
          (recovery check against rising-edge clock core_clock)
Path Group: asynchronous
Path Type: max

Fanout     Cap    Slew   Delay    Time   Description
-----------------------------------------------------------------------------
                  0.00    0.00    0.00   clock vclk (rise edge)
                          0.00    0.00   clock network delay (ideal)
                          2.40    2.40 ^ input external delay
     1    0.02    0.00    0.00    2.40 ^ rst_n (in)
                                         rst_n (net)
                  0.00    0.00    2.40 ^ input514/A (sky130_fd_sc_hd__buf_16)
    98    0.66    0.64    0.36    2.76 ^ input514/X (sky130_fd_sc_hd__buf_16)
                                         net513 (net)
                  0.87    0.30    3.06 ^ place6167/A (sky130_fd_sc_hd__buf_12)
   103    0.61    0.67    0.59    3.65 ^ place6167/X (sky130_fd_sc_hd__buf_12)
                                         net6166 (net)
                  0.70    0.10    3.75 ^ place6166/A (sky130_fd_sc_hd__buf_12)
   135    0.70    0.77    0.65    4.40 ^ place6166/X (sky130_fd_sc_hd__buf_12)
                                         net6165 (net)
                  0.78    0.07    4.47 ^ place6165/A (sky130_fd_sc_hd__buf_4)
    38    0.20    0.54    0.60    5.07 ^ place6165/X (sky130_fd_sc_hd__buf_4)
                                         net6164 (net)
                  0.54    0.01    5.08 ^ digest[97]$_DFFE_PN0P_/RESET_B (sky130_fd_sc_hd__dfrtp_1)
                                  5.08   data arrival time

                  0.00   12.00   12.00   clock core_clock (rise edge)
                          0.00   12.00   clock network delay (ideal)
                          0.00   12.00   clock reconvergence pessimism
                                 12.00 ^ digest[97]$_DFFE_PN0P_/CLK (sky130_fd_sc_hd__dfrtp_1)
                          0.09   12.09   library recovery time
                                 12.09   data required time
-----------------------------------------------------------------------------
                                 12.09   data required time
                                 -5.08   data arrival time
-----------------------------------------------------------------------------
                                  7.01   slack (MET)


Startpoint: round[1]$_DFFE_PN0P_
            (rising edge-triggered flip-flop clocked by core_clock)
Endpoint: digest[254]$_DFFE_PN0P_
          (rising edge-triggered flip-flop clocked by core_clock)
Path Group: core_clock
Path Type: max

Fanout     Cap    Slew   Delay    Time   Description
-----------------------------------------------------------------------------
                  0.00    0.00    0.00   clock core_clock (rise edge)
                          0.00    0.00   clock network delay (ideal)
                  0.00    0.00    0.00 ^ round[1]$_DFFE_PN0P_/CLK (sky130_fd_sc_hd__dfrtp_4)
     4    0.03    0.11    0.44    0.44 ^ round[1]$_DFFE_PN0P_/Q (sky130_fd_sc_hd__dfrtp_4)
                                         round[1] (net)
                  0.11    0.00    0.44 ^ _12950_/A (sky130_fd_sc_hd__clkinv_4)
     2    0.01    0.04    0.07    0.51 v _12950_/Y (sky130_fd_sc_hd__clkinv_4)
                                         _09067_ (net)
                  0.04    0.00    0.51 v _25435_/B (sky130_fd_sc_hd__ha_4)
     2    0.02    0.07    0.29    0.80 ^ _25435_/SUM (sky130_fd_sc_hd__ha_4)
                                         _00451_ (net)
                  0.07    0.00    0.80 ^ rebuffer6197/A (sky130_fd_sc_hd__buf_12)
     3    0.09    0.11    0.15    0.95 ^ rebuffer6197/X (sky130_fd_sc_hd__buf_12)
                                         net6196 (net)
                  0.11    0.01    0.96 ^ place5253/A (sky130_fd_sc_hd__buf_12)
     7    0.10    0.12    0.17    1.13 ^ place5253/X (sky130_fd_sc_hd__buf_12)
                                         net5252 (net)
                  0.13    0.02    1.15 ^ place5246/A (sky130_fd_sc_hd__buf_12)
     6    0.04    0.05    0.13    1.28 ^ place5246/X (sky130_fd_sc_hd__buf_12)
                                         net5245 (net)
                  0.05    0.00    1.29 ^ place5245/A (sky130_fd_sc_hd__buf_12)
     3    0.02    0.04    0.10    1.39 ^ place5245/X (sky130_fd_sc_hd__buf_12)
                                         net5244 (net)
                  0.04    0.00    1.39 ^ _16918_/S1 (sky130_fd_sc_hd__mux4_2)
     1    0.02    0.14    0.37    1.76 v _16918_/X (sky130_fd_sc_hd__mux4_2)
                                         _03432_ (net)
                  0.14    0.00    1.76 v _16920_/A2 (sky130_fd_sc_hd__mux4_2)
     1    0.05    0.20    0.66    2.42 v _16920_/X (sky130_fd_sc_hd__mux4_2)
                                         _03434_ (net)
                  0.20    0.01    2.43 v _16921_/A3 (sky130_fd_sc_hd__mux4_2)
     2    0.01    0.12    0.58    3.01 v _16921_/X (sky130_fd_sc_hd__mux4_2)
                                         _03435_ (net)
                  0.12    0.00    3.01 v _24862_/B (sky130_fd_sc_hd__xnor2_2)
     1    0.01    0.07    0.17    3.17 v _24862_/Y (sky130_fd_sc_hd__xnor2_2)
                                         _00265_ (net)
                  0.07    0.00    3.17 v _25338_/A (sky130_fd_sc_hd__fa_1)
     1    0.01    0.10    0.57    3.74 ^ _25338_/SUM (sky130_fd_sc_hd__fa_1)
                                         _12829_ (net)
                  0.10    0.00    3.74 ^ _25381_/B (sky130_fd_sc_hd__fa_1)
     2    0.01    0.10    0.45    4.19 v _25381_/SUM (sky130_fd_sc_hd__fa_1)
                                         _12869_ (net)
                  0.10    0.00    4.19 v _25482_/A (sky130_fd_sc_hd__ha_1)
     1    0.01    0.06    0.32    4.51 v _25482_/SUM (sky130_fd_sc_hd__ha_1)
                                         _00535_ (net)
                  0.06    0.00    4.51 v _13117_/A1 (sky130_fd_sc_hd__a21o_1)
     1    0.01    0.05    0.17    4.69 v _13117_/X (sky130_fd_sc_hd__a21o_1)
                                         _09233_ (net)
                  0.05    0.00    4.69 v _13118_/A2 (sky130_fd_sc_hd__a21oi_2)
     2    0.01    0.13    0.16    4.85 ^ _13118_/Y (sky130_fd_sc_hd__a21oi_2)
                                         _09234_ (net)
                  0.13    0.00    4.85 ^ _13119_/A1 (sky130_fd_sc_hd__o21bai_1)
     1    0.01    0.07    0.10    4.95 v _13119_/Y (sky130_fd_sc_hd__o21bai_1)
                                         _09235_ (net)
                  0.07    0.00    4.95 v _13120_/A2 (sky130_fd_sc_hd__a21oi_2)
     2    0.01    0.14    0.18    5.13 ^ _13120_/Y (sky130_fd_sc_hd__a21oi_2)
                                         _09236_ (net)
                  0.14    0.00    5.13 ^ _13121_/A2 (sky130_fd_sc_hd__o21bai_1)
     1    0.00    0.05    0.08    5.21 v _13121_/Y (sky130_fd_sc_hd__o21bai_1)
                                         _09237_ (net)
                  0.05    0.00    5.21 v _13122_/A2 (sky130_fd_sc_hd__a21o_1)
     3    0.02    0.12    0.26    5.47 v _13122_/X (sky130_fd_sc_hd__a21o_1)
                                         _09238_ (net)
                  0.12    0.00    5.47 v _14179_/B (sky130_fd_sc_hd__nand2_2)
     2    0.01    0.07    0.11    5.58 ^ _14179_/Y (sky130_fd_sc_hd__nand2_2)
                                         _10277_ (net)
                  0.07    0.00    5.58 ^ _14291_/B (sky130_fd_sc_hd__nand2b_1)
     1    0.00    0.05    0.07    5.65 v _14291_/Y (sky130_fd_sc_hd__nand2b_1)
                                         _10387_ (net)
                  0.05    0.00    5.65 v _14292_/A1 (sky130_fd_sc_hd__a21oi_2)
     1    0.01    0.14    0.16    5.81 ^ _14292_/Y (sky130_fd_sc_hd__a21oi_2)
                                         _10388_ (net)
                  0.14    0.00    5.81 ^ _14293_/B (sky130_fd_sc_hd__xnor2_2)
     1    0.01    0.06    0.09    5.90 v _14293_/Y (sky130_fd_sc_hd__xnor2_2)
                                         _10389_ (net)
                  0.06    0.00    5.90 v _14294_/A1 (sky130_fd_sc_hd__mux2i_4)
     2    0.02    0.22    0.19    6.09 ^ _14294_/Y (sky130_fd_sc_hd__mux2i_4)
                                         _10390_ (net)
                  0.22    0.00    6.09 ^ _14297_/A (sky130_fd_sc_hd__inv_2)
     1    0.03    0.09    0.12    6.21 v _14297_/Y (sky130_fd_sc_hd__inv_2)
                                         _00196_ (net)
                  0.09    0.00    6.21 v _25308_/CIN (sky130_fd_sc_hd__fa_1)
     1    0.01    0.09    0.52    6.73 ^ _25308_/SUM (sky130_fd_sc_hd__fa_1)
                                         _12769_ (net)
                  0.09    0.00    6.73 ^ _25280_/CIN (sky130_fd_sc_hd__fa_2)
     1    0.01    0.09    0.45    7.18 v _25280_/SUM (sky130_fd_sc_hd__fa_2)
                                         _12694_ (net)
                  0.09    0.00    7.18 v _25251_/A (sky130_fd_sc_hd__fa_1)
     1    0.01    0.12    0.60    7.78 ^ _25251_/SUM (sky130_fd_sc_hd__fa_1)
                                         _12697_ (net)
                  0.12    0.00    7.78 ^ _25527_/B (sky130_fd_sc_hd__ha_4)
     3    0.01    0.04    0.22    8.00 v _25527_/SUM (sky130_fd_sc_hd__ha_4)
                                         _00627_ (net)
                  0.04    0.00    8.00 v _15324_/A (sky130_fd_sc_hd__and4_4)
     2    0.01    0.04    0.15    8.16 v _15324_/X (sky130_fd_sc_hd__and4_4)
                                         _11369_ (net)
                  0.04    0.00    8.16 v _15328_/B1 (sky130_fd_sc_hd__a221oi_2)
     1    0.00    0.16    0.19    8.35 ^ _15328_/Y (sky130_fd_sc_hd__a221oi_2)
                                         _11373_ (net)
                  0.16    0.00    8.35 ^ _15329_/B1 (sky130_fd_sc_hd__o21ai_1)
     2    0.01    0.09    0.13    8.48 v _15329_/Y (sky130_fd_sc_hd__o21ai_1)
                                         _11374_ (net)
                  0.09    0.00    8.48 v _15330_/B (sky130_fd_sc_hd__nor2_2)
     2    0.01    0.13    0.14    8.62 ^ _15330_/Y (sky130_fd_sc_hd__nor2_2)
                                         _11375_ (net)
                  0.13    0.00    8.62 ^ _16533_/A (sky130_fd_sc_hd__nor2b_2)
     2    0.01    0.04    0.06    8.68 v _16533_/Y (sky130_fd_sc_hd__nor2b_2)
                                         _12490_ (net)
                  0.04    0.00    8.68 v _16534_/A2 (sky130_fd_sc_hd__o21a_1)
     1    0.00    0.04    0.17    8.85 v _16534_/X (sky130_fd_sc_hd__o21a_1)
                                         _12491_ (net)
                  0.04    0.00    8.85 v _16535_/A (sky130_fd_sc_hd__nor2_2)
     1    0.01    0.12    0.14    8.98 ^ _16535_/Y (sky130_fd_sc_hd__nor2_2)
                                         _12492_ (net)
                  0.12    0.00    8.99 ^ _16536_/B (sky130_fd_sc_hd__xnor2_2)
     1    0.02    0.11    0.12    9.11 v _16536_/Y (sky130_fd_sc_hd__xnor2_2)
                                         _00039_ (net)
                  0.11    0.00    9.11 v place4470/A (sky130_fd_sc_hd__buf_6)
     2    0.03    0.04    0.16    9.27 v place4470/X (sky130_fd_sc_hd__buf_6)
                                         net4469 (net)
                  0.04    0.00    9.28 v _25210_/A (sky130_fd_sc_hd__fa_2)
     1    0.02    0.11    0.61    9.89 ^ _25210_/SUM (sky130_fd_sc_hd__fa_2)
                                         _12582_ (net)
                  0.11    0.00    9.89 ^ _25406_/B (sky130_fd_sc_hd__ha_4)
     2    0.01    0.04    0.21   10.10 v _25406_/SUM (sky130_fd_sc_hd__ha_4)
                                         _00395_ (net)
                  0.04    0.00   10.10 v _17781_/A1 (sky130_fd_sc_hd__a21o_1)
     1    0.00    0.04    0.16   10.26 v _17781_/X (sky130_fd_sc_hd__a21o_1)
                                         _04129_ (net)
                  0.04    0.00   10.26 v _17782_/A1 (sky130_fd_sc_hd__a21oi_2)
     2    0.01    0.14    0.16   10.42 ^ _17782_/Y (sky130_fd_sc_hd__a21oi_2)
                                         _04130_ (net)
                  0.14    0.00   10.42 ^ _17786_/A1 (sky130_fd_sc_hd__o221ai_2)
     2    0.01    0.11    0.16   10.58 v _17786_/Y (sky130_fd_sc_hd__o221ai_2)
                                         _04134_ (net)
                  0.11    0.00   10.58 v _17788_/B (sky130_fd_sc_hd__and2_4)
     2    0.01    0.04    0.20   10.77 v _17788_/X (sky130_fd_sc_hd__and2_4)
                                         _04136_ (net)
                  0.04    0.00   10.77 v _17792_/A2 (sky130_fd_sc_hd__a21oi_2)
     2    0.01    0.11    0.15   10.92 ^ _17792_/Y (sky130_fd_sc_hd__a21oi_2)
                                         _04140_ (net)
                  0.11    0.00   10.92 ^ _17793_/B (sky130_fd_sc_hd__nand2_1)
     1    0.01    0.07    0.09   11.01 v _17793_/Y (sky130_fd_sc_hd__nand2_1)
                                         _04141_ (net)
                  0.07    0.00   11.01 v _17796_/A4 (sky130_fd_sc_hd__o41a_1)
     2    0.01    0.09    0.35   11.35 v _17796_/X (sky130_fd_sc_hd__o41a_1)
                                         _04144_ (net)
                  0.09    0.00   11.35 v _17797_/A1 (sky130_fd_sc_hd__a21o_1)
     2    0.01    0.05    0.19   11.54 v _17797_/X (sky130_fd_sc_hd__a21o_1)
                                         _04145_ (net)
                  0.05    0.00   11.54 v _17798_/A2 (sky130_fd_sc_hd__a21o_1)
     1    0.01    0.04    0.19   11.73 v _17798_/X (sky130_fd_sc_hd__a21o_1)
                                         _04146_ (net)
                  0.04    0.00   11.73 v _17799_/A2 (sky130_fd_sc_hd__a21oi_2)
     1    0.01    0.15    0.17   11.90 ^ _17799_/Y (sky130_fd_sc_hd__a21oi_2)
                                         _04147_ (net)
                  0.15    0.00   11.90 ^ _17800_/B (sky130_fd_sc_hd__xnor2_2)
     2    0.01    0.17    0.14   12.04 ^ _17800_/Y (sky130_fd_sc_hd__xnor2_2)
                                         _04148_ (net)
                  0.17    0.00   12.04 ^ place4219/A (sky130_fd_sc_hd__buf_4)
     2    0.01    0.04    0.15   12.19 ^ place4219/X (sky130_fd_sc_hd__buf_4)
                                         net4218 (net)
                  0.04    0.00   12.19 ^ _17972_/B (sky130_fd_sc_hd__xnor2_1)
     1    0.00    0.14    0.11   12.30 ^ _17972_/Y (sky130_fd_sc_hd__xnor2_1)
                                         _04320_ (net)
                  0.14    0.00   12.30 ^ _17975_/A1 (sky130_fd_sc_hd__o21ai_1)
     1    0.00    0.12    0.09   12.39 v _17975_/Y (sky130_fd_sc_hd__o21ai_1)
                                         _00768_ (net)
                  0.12    0.00   12.39 v digest[254]$_DFFE_PN0P_/D (sky130_fd_sc_hd__dfrtp_1)
                                 12.39   data arrival time

                  0.00   12.00   12.00   clock core_clock (rise edge)
                          0.00   12.00   clock network delay (ideal)
                          0.00   12.00   clock reconvergence pessimism
                                 12.00 ^ digest[254]$_DFFE_PN0P_/CLK (sky130_fd_sc_hd__dfrtp_1)
                         -0.16   11.84   library setup time
                                 11.84   data required time
-----------------------------------------------------------------------------
                                 11.84   data required time
                                -12.39   data arrival time
-----------------------------------------------------------------------------
                                 -0.55   slack (VIOLATED)


Startpoint: digest[40]$_DFFE_PN0P_
            (rising edge-triggered flip-flop clocked by core_clock)
Endpoint: digest[40] (output port clocked by vclk)
Path Group: vclk
Path Type: max

Fanout     Cap    Slew   Delay    Time   Description
-----------------------------------------------------------------------------
                  0.00    0.00    0.00   clock core_clock (rise edge)
                          0.00    0.00   clock network delay (ideal)
                  0.00    0.00    0.00 ^ digest[40]$_DFFE_PN0P_/CLK (sky130_fd_sc_hd__dfrtp_1)
     2    0.05    0.41    0.56    0.56 ^ digest[40]$_DFFE_PN0P_/Q (sky130_fd_sc_hd__dfrtp_1)
                                         net705 (net)
                  0.41    0.01    0.57 ^ output706/A (sky130_fd_sc_hd__clkdlybuf4s50_1)
     1    0.02    0.19    0.67    1.24 ^ output706/X (sky130_fd_sc_hd__clkdlybuf4s50_1)
                                         digest[40] (net)
                  0.19    0.00    1.24 ^ digest[40] (out)
                                  1.24   data arrival time

                  0.00   12.00   12.00   clock vclk (rise edge)
                          0.00   12.00   clock network delay (ideal)
                          0.00   12.00   clock reconvergence pessimism
                         -2.40    9.60   output external delay
                                  9.60   data required time
-----------------------------------------------------------------------------
                                  9.60   data required time
                                 -1.24   data arrival time
-----------------------------------------------------------------------------
                                  8.36   slack (MET)



==========================================================================
resizer report_check_types -max_slew -max_cap -max_fanout -violators
--------------------------------------------------------------------------

==========================================================================
resizer max_slew_check_slack
--------------------------------------------------------------------------
0.24609814584255219

==========================================================================
resizer max_slew_check_limit
--------------------------------------------------------------------------
1.5

==========================================================================
resizer max_slew_check_slack_limit
--------------------------------------------------------------------------
0.1641

==========================================================================
resizer max_fanout_check_slack
--------------------------------------------------------------------------
1.0000000150474662e+30

==========================================================================
resizer max_fanout_check_limit
--------------------------------------------------------------------------
1.0000000150474662e+30

==========================================================================
resizer max_capacitance_check_slack
--------------------------------------------------------------------------
0.009231027215719223

==========================================================================
resizer max_capacitance_check_limit
--------------------------------------------------------------------------
0.021067000925540924

==========================================================================
resizer max_capacitance_check_slack_limit
--------------------------------------------------------------------------
0.4382

==========================================================================
resizer max_slew_violation_count
--------------------------------------------------------------------------
max slew violation count 0

==========================================================================
resizer max_fanout_violation_count
--------------------------------------------------------------------------
max fanout violation count 0

==========================================================================
resizer max_cap_violation_count
--------------------------------------------------------------------------
max cap violation count 0

==========================================================================
resizer setup_violation_count
--------------------------------------------------------------------------
setup violation count 34

==========================================================================
resizer hold_violation_count
--------------------------------------------------------------------------
hold violation count 0

==========================================================================
resizer report_checks -path_delay max reg to reg
--------------------------------------------------------------------------
Startpoint: round[1]$_DFFE_PN0P_
            (rising edge-triggered flip-flop clocked by core_clock)
Endpoint: digest[254]$_DFFE_PN0P_
          (rising edge-triggered flip-flop clocked by core_clock)
Path Group: core_clock
Path Type: max

  Delay    Time   Description
---------------------------------------------------------
   0.00    0.00   clock core_clock (rise edge)
   0.00    0.00   clock network delay (ideal)
   0.00    0.00 ^ round[1]$_DFFE_PN0P_/CLK (sky130_fd_sc_hd__dfrtp_4)
   0.44    0.44 ^ round[1]$_DFFE_PN0P_/Q (sky130_fd_sc_hd__dfrtp_4)
   0.07    0.51 v _12950_/Y (sky130_fd_sc_hd__clkinv_4)
   0.29    0.80 ^ _25435_/SUM (sky130_fd_sc_hd__ha_4)
   0.15    0.95 ^ rebuffer6197/X (sky130_fd_sc_hd__buf_12)
   0.18    1.13 ^ place5253/X (sky130_fd_sc_hd__buf_12)
   0.15    1.28 ^ place5246/X (sky130_fd_sc_hd__buf_12)
   0.10    1.39 ^ place5245/X (sky130_fd_sc_hd__buf_12)
   0.37    1.76 v _16918_/X (sky130_fd_sc_hd__mux4_2)
   0.66    2.42 v _16920_/X (sky130_fd_sc_hd__mux4_2)
   0.59    3.01 v _16921_/X (sky130_fd_sc_hd__mux4_2)
   0.17    3.17 v _24862_/Y (sky130_fd_sc_hd__xnor2_2)
   0.57    3.74 ^ _25338_/SUM (sky130_fd_sc_hd__fa_1)
   0.45    4.19 v _25381_/SUM (sky130_fd_sc_hd__fa_1)
   0.32    4.51 v _25482_/SUM (sky130_fd_sc_hd__ha_1)
   0.17    4.69 v _13117_/X (sky130_fd_sc_hd__a21o_1)
   0.16    4.85 ^ _13118_/Y (sky130_fd_sc_hd__a21oi_2)
   0.10    4.95 v _13119_/Y (sky130_fd_sc_hd__o21bai_1)
   0.18    5.13 ^ _13120_/Y (sky130_fd_sc_hd__a21oi_2)
   0.08    5.21 v _13121_/Y (sky130_fd_sc_hd__o21bai_1)
   0.26    5.47 v _13122_/X (sky130_fd_sc_hd__a21o_1)
   0.11    5.58 ^ _14179_/Y (sky130_fd_sc_hd__nand2_2)
   0.07    5.65 v _14291_/Y (sky130_fd_sc_hd__nand2b_1)
   0.16    5.81 ^ _14292_/Y (sky130_fd_sc_hd__a21oi_2)
   0.09    5.90 v _14293_/Y (sky130_fd_sc_hd__xnor2_2)
   0.19    6.09 ^ _14294_/Y (sky130_fd_sc_hd__mux2i_4)
   0.12    6.21 v _14297_/Y (sky130_fd_sc_hd__inv_2)
   0.52    6.73 ^ _25308_/SUM (sky130_fd_sc_hd__fa_1)
   0.45    7.18 v _25280_/SUM (sky130_fd_sc_hd__fa_2)
   0.60    7.78 ^ _25251_/SUM (sky130_fd_sc_hd__fa_1)
   0.22    8.00 v _25527_/SUM (sky130_fd_sc_hd__ha_4)
   0.16    8.16 v _15324_/X (sky130_fd_sc_hd__and4_4)
   0.19    8.35 ^ _15328_/Y (sky130_fd_sc_hd__a221oi_2)
   0.13    8.48 v _15329_/Y (sky130_fd_sc_hd__o21ai_1)
   0.14    8.62 ^ _15330_/Y (sky130_fd_sc_hd__nor2_2)
   0.06    8.68 v _16533_/Y (sky130_fd_sc_hd__nor2b_2)
   0.17    8.85 v _16534_/X (sky130_fd_sc_hd__o21a_1)
   0.14    8.98 ^ _16535_/Y (sky130_fd_sc_hd__nor2_2)
   0.12    9.11 v _16536_/Y (sky130_fd_sc_hd__xnor2_2)
   0.16    9.27 v place4470/X (sky130_fd_sc_hd__buf_6)
   0.62    9.89 ^ _25210_/SUM (sky130_fd_sc_hd__fa_2)
   0.21   10.10 v _25406_/SUM (sky130_fd_sc_hd__ha_4)
   0.16   10.26 v _17781_/X (sky130_fd_sc_hd__a21o_1)
   0.16   10.42 ^ _17782_/Y (sky130_fd_sc_hd__a21oi_2)
   0.16   10.58 v _17786_/Y (sky130_fd_sc_hd__o221ai_2)
   0.20   10.77 v _17788_/X (sky130_fd_sc_hd__and2_4)
   0.15   10.92 ^ _17792_/Y (sky130_fd_sc_hd__a21oi_2)
   0.09   11.01 v _17793_/Y (sky130_fd_sc_hd__nand2_1)
   0.35   11.35 v _17796_/X (sky130_fd_sc_hd__o41a_1)
   0.19   11.54 v _17797_/X (sky130_fd_sc_hd__a21o_1)
   0.19   11.73 v _17798_/X (sky130_fd_sc_hd__a21o_1)
   0.17   11.90 ^ _17799_/Y (sky130_fd_sc_hd__a21oi_2)
   0.14   12.04 ^ _17800_/Y (sky130_fd_sc_hd__xnor2_2)
   0.15   12.19 ^ place4219/X (sky130_fd_sc_hd__buf_4)
   0.11   12.30 ^ _17972_/Y (sky130_fd_sc_hd__xnor2_1)
   0.09   12.39 v _17975_/Y (sky130_fd_sc_hd__o21ai_1)
   0.00   12.39 v digest[254]$_DFFE_PN0P_/D (sky130_fd_sc_hd__dfrtp_1)
          12.39   data arrival time

  12.00   12.00   clock core_clock (rise edge)
   0.00   12.00   clock network delay (ideal)
   0.00   12.00   clock reconvergence pessimism
          12.00 ^ digest[254]$_DFFE_PN0P_/CLK (sky130_fd_sc_hd__dfrtp_1)
  -0.16   11.84   library setup time
          11.84   data required time
---------------------------------------------------------
          11.84   data required time
         -12.39   data arrival time
---------------------------------------------------------
          -0.55   slack (VIOLATED)



==========================================================================
resizer report_checks -path_delay min reg to reg
--------------------------------------------------------------------------
Startpoint: digest[141]$_DFFE_PN0P_
            (rising edge-triggered flip-flop clocked by core_clock)
Endpoint: digest[141]$_DFFE_PN0P_
          (rising edge-triggered flip-flop clocked by core_clock)
Path Group: core_clock
Path Type: min

  Delay    Time   Description
---------------------------------------------------------
   0.00    0.00   clock core_clock (rise edge)
   0.00    0.00   clock network delay (ideal)
   0.00    0.00 ^ digest[141]$_DFFE_PN0P_/CLK (sky130_fd_sc_hd__dfrtp_1)
   0.32    0.32 ^ digest[141]$_DFFE_PN0P_/Q (sky130_fd_sc_hd__dfrtp_1)
   0.05    0.37 v _18507_/Y (sky130_fd_sc_hd__nand2_1)
   0.05    0.42 ^ _18511_/Y (sky130_fd_sc_hd__nand2_1)
   0.00    0.42 ^ digest[141]$_DFFE_PN0P_/D (sky130_fd_sc_hd__dfrtp_1)
           0.42   data arrival time

   0.00    0.00   clock core_clock (rise edge)
   0.00    0.00   clock network delay (ideal)
   0.00    0.00   clock reconvergence pessimism
           0.00 ^ digest[141]$_DFFE_PN0P_/CLK (sky130_fd_sc_hd__dfrtp_1)
  -0.04   -0.04   library hold time
          -0.04   data required time
---------------------------------------------------------
          -0.04   data required time
          -0.42   data arrival time
---------------------------------------------------------
           0.46   slack (MET)



==========================================================================
resizer critical path target clock latency max path
--------------------------------------------------------------------------
0.0000

==========================================================================
resizer critical path target clock latency min path
--------------------------------------------------------------------------
0.0000

==========================================================================
resizer critical path source clock latency min path
--------------------------------------------------------------------------
0.0000

==========================================================================
resizer critical path delay
--------------------------------------------------------------------------
12.3904

==========================================================================
resizer critical path slack
--------------------------------------------------------------------------
-0.5500

==========================================================================
resizer slack div critical path delay
--------------------------------------------------------------------------
-4.438920

==========================================================================
resizer report_power
--------------------------------------------------------------------------
Group                  Internal  Switching    Leakage      Total
                          Power      Power      Power      Power (Watts)
----------------------------------------------------------------
Sequential             1.32e-02   3.42e-03   3.40e-08   1.66e-02   2.9%
Combinational          2.72e-01   2.93e-01   4.75e-08   5.65e-01  97.1%
Clock                  0.00e+00   0.00e+00   0.00e+00   0.00e+00   0.0%
Macro                  0.00e+00   0.00e+00   0.00e+00   0.00e+00   0.0%
Pad                    0.00e+00   0.00e+00   0.00e+00   0.00e+00   0.0%
----------------------------------------------------------------
Total                  2.85e-01   2.96e-01   8.16e-08   5.82e-01 100.0%
                          49.1%      50.9%       0.0%
