
==========================================================================
finish report_tns
--------------------------------------------------------------------------
tns max -17.00

==========================================================================
finish report_wns
--------------------------------------------------------------------------
wns max -0.77

==========================================================================
finish report_worst_slack
--------------------------------------------------------------------------
worst slack max -0.77

==========================================================================
finish report_clock_min_period
--------------------------------------------------------------------------
core_clock period_min = 12.77 fmax = 78.34
vclk period_min = 0.00 fmax = inf

==========================================================================
finish report_clock_skew
--------------------------------------------------------------------------
Clock core_clock
   0.99 source latency W[1783]$_DFFE_PN0P_/CLK ^
  -0.91 target latency W[924]$_DFFE_PN0P_/CLK ^
   0.00 CRPR
--------------
   0.08 setup skew

Clock vclk
No launch/capture paths found.


==========================================================================
finish report_checks -path_delay min
--------------------------------------------------------------------------
Startpoint: rst_n (input port clocked by vclk)
Endpoint: W[705]$_DFFE_PN0P_
          (removal check against rising-edge clock core_clock)
Path Group: asynchronous
Path Type: min

Fanout     Cap    Slew   Delay    Time   Description
-----------------------------------------------------------------------------
                  0.00    0.00    0.00   clock vclk (rise edge)
                          0.00    0.00   clock network delay (ideal)
                          2.40    2.40 ^ input external delay
     1    0.02    0.00    0.00    2.40 ^ rst_n (in)
                                         rst_n (net)
                  0.00    0.00    2.40 ^ input514/A (sky130_fd_sc_hd__buf_16)
    98    0.67    0.63    0.31    2.71 ^ input514/X (sky130_fd_sc_hd__buf_16)
                                         net513 (net)
                  0.64    0.06    2.77 ^ W[705]$_DFFE_PN0P_/RESET_B (sky130_fd_sc_hd__dfrtp_1)
                                  2.77   data arrival time

                          0.00    0.00   clock core_clock (rise edge)
                          0.00    0.00   clock source latency
     2    0.11    0.00    0.00    0.00 ^ clk (in)
                                         clk (net)
                  0.01    0.00    0.00 ^ clkbuf_0_clk/A (sky130_fd_sc_hd__clkbuf_16)
     4    0.17    0.18    0.22    0.22 ^ clkbuf_0_clk/X (sky130_fd_sc_hd__clkbuf_16)
                                         clknet_0_clk (net)
                  0.18    0.01    0.23 ^ clkbuf_2_2_0_clk/A (sky130_fd_sc_hd__clkbuf_16)
     8    0.17    0.19    0.28    0.51 ^ clkbuf_2_2_0_clk/X (sky130_fd_sc_hd__clkbuf_16)
                                         clknet_2_2_0_clk (net)
                  0.19    0.01    0.52 ^ clkbuf_5_21__f_clk/A (sky130_fd_sc_hd__clkbuf_16)
    10    0.13    0.15    0.26    0.77 ^ clkbuf_5_21__f_clk/X (sky130_fd_sc_hd__clkbuf_16)
                                         clknet_5_21__leaf_clk (net)
                  0.15    0.00    0.78 ^ clkbuf_leaf_196_clk/A (sky130_fd_sc_hd__clkbuf_16)
    11    0.04    0.06    0.18    0.96 ^ clkbuf_leaf_196_clk/X (sky130_fd_sc_hd__clkbuf_16)
                                         clknet_leaf_196_clk (net)
                  0.06    0.00    0.96 ^ W[705]$_DFFE_PN0P_/CLK (sky130_fd_sc_hd__dfrtp_1)
                          0.00    0.96   clock reconvergence pessimism
                          0.49    1.44   library removal time
                                  1.44   data required time
-----------------------------------------------------------------------------
                                  1.44   data required time
                                 -2.77   data arrival time
-----------------------------------------------------------------------------
                                  1.33   slack (MET)


Startpoint: digest[154]$_DFFE_PN0P_
            (rising edge-triggered flip-flop clocked by core_clock)
Endpoint: digest[154]$_DFFE_PN0P_
          (rising edge-triggered flip-flop clocked by core_clock)
Path Group: core_clock
Path Type: min

Fanout     Cap    Slew   Delay    Time   Description
-----------------------------------------------------------------------------
                          0.00    0.00   clock core_clock (rise edge)
                          0.00    0.00   clock source latency
     2    0.11    0.00    0.00    0.00 ^ clk (in)
                                         clk (net)
                  0.01    0.00    0.00 ^ clkbuf_0_clk/A (sky130_fd_sc_hd__clkbuf_16)
     4    0.17    0.18    0.22    0.22 ^ clkbuf_0_clk/X (sky130_fd_sc_hd__clkbuf_16)
                                         clknet_0_clk (net)
                  0.18    0.01    0.23 ^ clkbuf_2_1_0_clk/A (sky130_fd_sc_hd__clkbuf_16)
     8    0.18    0.19    0.29    0.52 ^ clkbuf_2_1_0_clk/X (sky130_fd_sc_hd__clkbuf_16)
                                         clknet_2_1_0_clk (net)
                  0.19    0.00    0.52 ^ clkbuf_5_10__f_clk/A (sky130_fd_sc_hd__clkbuf_16)
    12    0.16    0.17    0.27    0.80 ^ clkbuf_5_10__f_clk/X (sky130_fd_sc_hd__clkbuf_16)
                                         clknet_5_10__leaf_clk (net)
                  0.17    0.01    0.80 ^ clkbuf_leaf_55_clk/A (sky130_fd_sc_hd__clkbuf_16)
    11    0.04    0.06    0.18    0.98 ^ clkbuf_leaf_55_clk/X (sky130_fd_sc_hd__clkbuf_16)
                                         clknet_leaf_55_clk (net)
                  0.06    0.00    0.99 ^ digest[154]$_DFFE_PN0P_/CLK (sky130_fd_sc_hd__dfrtp_1)
     2    0.01    0.06    0.34    1.32 ^ digest[154]$_DFFE_PN0P_/Q (sky130_fd_sc_hd__dfrtp_1)
                                         net575 (net)
                  0.06    0.00    1.32 ^ _18461_/A (sky130_fd_sc_hd__nand2_1)
     1    0.00    0.03    0.04    1.37 v _18461_/Y (sky130_fd_sc_hd__nand2_1)
                                         _04709_ (net)
                  0.03    0.00    1.37 v _18462_/B1 (sky130_fd_sc_hd__o21ai_0)
     1    0.00    0.07    0.06    1.43 ^ _18462_/Y (sky130_fd_sc_hd__o21ai_0)
                                         _00868_ (net)
                  0.07    0.00    1.43 ^ digest[154]$_DFFE_PN0P_/D (sky130_fd_sc_hd__dfrtp_1)
                                  1.43   data arrival time

                          0.00    0.00   clock core_clock (rise edge)
                          0.00    0.00   clock source latency
     2    0.11    0.00    0.00    0.00 ^ clk (in)
                                         clk (net)
                  0.01    0.00    0.00 ^ clkbuf_0_clk/A (sky130_fd_sc_hd__clkbuf_16)
     4    0.17    0.18    0.22    0.22 ^ clkbuf_0_clk/X (sky130_fd_sc_hd__clkbuf_16)
                                         clknet_0_clk (net)
                  0.18    0.01    0.23 ^ clkbuf_2_1_0_clk/A (sky130_fd_sc_hd__clkbuf_16)
     8    0.18    0.19    0.29    0.52 ^ clkbuf_2_1_0_clk/X (sky130_fd_sc_hd__clkbuf_16)
                                         clknet_2_1_0_clk (net)
                  0.19    0.00    0.52 ^ clkbuf_5_10__f_clk/A (sky130_fd_sc_hd__clkbuf_16)
    12    0.16    0.17    0.27    0.80 ^ clkbuf_5_10__f_clk/X (sky130_fd_sc_hd__clkbuf_16)
                                         clknet_5_10__leaf_clk (net)
                  0.17    0.01    0.80 ^ clkbuf_leaf_55_clk/A (sky130_fd_sc_hd__clkbuf_16)
    11    0.04    0.06    0.18    0.98 ^ clkbuf_leaf_55_clk/X (sky130_fd_sc_hd__clkbuf_16)
                                         clknet_leaf_55_clk (net)
                  0.06    0.00    0.99 ^ digest[154]$_DFFE_PN0P_/CLK (sky130_fd_sc_hd__dfrtp_1)
                          0.00    0.99   clock reconvergence pessimism
                         -0.04    0.95   library hold time
                                  0.95   data required time
-----------------------------------------------------------------------------
                                  0.95   data required time
                                 -1.43   data arrival time
-----------------------------------------------------------------------------
                                  0.48   slack (MET)


Startpoint: digest[109]$_DFFE_PN0P_
            (rising edge-triggered flip-flop clocked by core_clock)
Endpoint: digest[109] (output port clocked by vclk)
Path Group: vclk
Path Type: min

Fanout     Cap    Slew   Delay    Time   Description
-----------------------------------------------------------------------------
                          0.00    0.00   clock core_clock (rise edge)
                          0.00    0.00   clock source latency
     2    0.11    0.00    0.00    0.00 ^ clk (in)
                                         clk (net)
                  0.01    0.00    0.00 ^ clkbuf_0_clk/A (sky130_fd_sc_hd__clkbuf_16)
     4    0.17    0.18    0.22    0.22 ^ clkbuf_0_clk/X (sky130_fd_sc_hd__clkbuf_16)
                                         clknet_0_clk (net)
                  0.18    0.01    0.23 ^ clkbuf_2_1_0_clk/A (sky130_fd_sc_hd__clkbuf_16)
     8    0.18    0.19    0.29    0.52 ^ clkbuf_2_1_0_clk/X (sky130_fd_sc_hd__clkbuf_16)
                                         clknet_2_1_0_clk (net)
                  0.19    0.00    0.52 ^ clkbuf_5_11__f_clk/A (sky130_fd_sc_hd__clkbuf_16)
    10    0.14    0.16    0.26    0.79 ^ clkbuf_5_11__f_clk/X (sky130_fd_sc_hd__clkbuf_16)
                                         clknet_5_11__leaf_clk (net)
                  0.16    0.01    0.79 ^ clkbuf_leaf_59_clk/A (sky130_fd_sc_hd__clkbuf_16)
    12    0.04    0.06    0.18    0.97 ^ clkbuf_leaf_59_clk/X (sky130_fd_sc_hd__clkbuf_16)
                                         clknet_leaf_59_clk (net)
                  0.06    0.00    0.97 ^ digest[109]$_DFFE_PN0P_/CLK (sky130_fd_sc_hd__dfrtp_1)
     2    0.01    0.06    0.38    1.35 v digest[109]$_DFFE_PN0P_/Q (sky130_fd_sc_hd__dfrtp_1)
                                         net525 (net)
                  0.06    0.00    1.35 v output526/A (sky130_fd_sc_hd__clkdlybuf4s50_1)
     1    0.00    0.03    0.40    1.75 v output526/X (sky130_fd_sc_hd__clkdlybuf4s50_1)
                                         digest[109] (net)
                  0.03    0.00    1.75 v digest[109] (out)
                                  1.75   data arrival time

                  0.00    0.00    0.00   clock vclk (rise edge)
                          0.00    0.00   clock network delay (ideal)
                          0.00    0.00   clock reconvergence pessimism
                         -2.40   -2.40   output external delay
                                 -2.40   data required time
-----------------------------------------------------------------------------
                                 -2.40   data required time
                                 -1.75   data arrival time
-----------------------------------------------------------------------------
                                  4.15   slack (MET)



==========================================================================
finish report_checks -path_delay max
--------------------------------------------------------------------------
Startpoint: rst_n (input port clocked by vclk)
Endpoint: d[22]$_DFFE_PN0P_
          (recovery check against rising-edge clock core_clock)
Path Group: asynchronous
Path Type: max

Fanout     Cap    Slew   Delay    Time   Description
-----------------------------------------------------------------------------
                  0.00    0.00    0.00   clock vclk (rise edge)
                          0.00    0.00   clock network delay (ideal)
                          2.40    2.40 ^ input external delay
     1    0.02    0.00    0.00    2.40 ^ rst_n (in)
                                         rst_n (net)
                  0.00    0.00    2.40 ^ input514/A (sky130_fd_sc_hd__buf_16)
    98    0.67    0.63    0.31    2.71 ^ input514/X (sky130_fd_sc_hd__buf_16)
                                         net513 (net)
                  0.94    0.36    3.07 ^ place6167/A (sky130_fd_sc_hd__buf_12)
   103    0.60    0.67    0.52    3.59 ^ place6167/X (sky130_fd_sc_hd__buf_12)
                                         net6166 (net)
                  0.76    0.19    3.78 ^ place6166/A (sky130_fd_sc_hd__buf_12)
   135    0.66    0.73    0.53    4.31 ^ place6166/X (sky130_fd_sc_hd__buf_12)
                                         net6165 (net)
                  0.78    0.14    4.46 ^ place6165/A (sky130_fd_sc_hd__buf_4)
    38    0.19    0.52    0.57    5.03 ^ place6165/X (sky130_fd_sc_hd__buf_4)
                                         net6164 (net)
                  0.52    0.02    5.05 ^ d[22]$_DFFE_PN0P_/RESET_B (sky130_fd_sc_hd__dfrtp_1)
                                  5.05   data arrival time

                         12.00   12.00   clock core_clock (rise edge)
                          0.00   12.00   clock source latency
     2    0.11    0.00    0.00   12.00 ^ clk (in)
                                         clk (net)
                  0.01    0.00   12.00 ^ clkbuf_0_clk/A (sky130_fd_sc_hd__clkbuf_16)
     4    0.17    0.18    0.22   12.22 ^ clkbuf_0_clk/X (sky130_fd_sc_hd__clkbuf_16)
                                         clknet_0_clk (net)
                  0.18    0.01   12.23 ^ clkbuf_2_1_0_clk/A (sky130_fd_sc_hd__clkbuf_16)
     8    0.18    0.19    0.29   12.52 ^ clkbuf_2_1_0_clk/X (sky130_fd_sc_hd__clkbuf_16)
                                         clknet_2_1_0_clk (net)
                  0.19    0.00   12.52 ^ clkbuf_5_9__f_clk/A (sky130_fd_sc_hd__clkbuf_16)
     8    0.15    0.16    0.27   12.79 ^ clkbuf_5_9__f_clk/X (sky130_fd_sc_hd__clkbuf_16)
                                         clknet_5_9__leaf_clk (net)
                  0.16    0.00   12.80 ^ clkbuf_leaf_43_clk/A (sky130_fd_sc_hd__clkbuf_16)
     8    0.03    0.05    0.18   12.97 ^ clkbuf_leaf_43_clk/X (sky130_fd_sc_hd__clkbuf_16)
                                         clknet_leaf_43_clk (net)
                  0.05    0.00   12.97 ^ d[22]$_DFFE_PN0P_/CLK (sky130_fd_sc_hd__dfrtp_1)
                          0.00   12.97   clock reconvergence pessimism
                          0.11   13.08   library recovery time
                                 13.08   data required time
-----------------------------------------------------------------------------
                                 13.08   data required time
                                 -5.05   data arrival time
-----------------------------------------------------------------------------
                                  8.03   slack (MET)


Startpoint: round[0]$_DFFE_PN0P_
            (rising edge-triggered flip-flop clocked by core_clock)
Endpoint: digest[255]$_DFFE_PN0P_
          (rising edge-triggered flip-flop clocked by core_clock)
Path Group: core_clock
Path Type: max

Fanout     Cap    Slew   Delay    Time   Description
-----------------------------------------------------------------------------
                          0.00    0.00   clock core_clock (rise edge)
                          0.00    0.00   clock source latency
     2    0.11    0.00    0.00    0.00 ^ clk (in)
                                         clk (net)
                  0.01    0.00    0.00 ^ clkbuf_0_clk/A (sky130_fd_sc_hd__clkbuf_16)
     4    0.17    0.18    0.22    0.22 ^ clkbuf_0_clk/X (sky130_fd_sc_hd__clkbuf_16)
                                         clknet_0_clk (net)
                  0.18    0.01    0.23 ^ clkbuf_2_0_0_clk/A (sky130_fd_sc_hd__clkbuf_16)
     8    0.16    0.17    0.27    0.50 ^ clkbuf_2_0_0_clk/X (sky130_fd_sc_hd__clkbuf_16)
                                         clknet_2_0_0_clk (net)
                  0.17    0.00    0.51 ^ clkbuf_5_7__f_clk/A (sky130_fd_sc_hd__clkbuf_16)
     8    0.14    0.16    0.26    0.76 ^ clkbuf_5_7__f_clk/X (sky130_fd_sc_hd__clkbuf_16)
                                         clknet_5_7__leaf_clk (net)
                  0.16    0.00    0.77 ^ clkbuf_leaf_26_clk/A (sky130_fd_sc_hd__clkbuf_16)
     9    0.04    0.06    0.18    0.95 ^ clkbuf_leaf_26_clk/X (sky130_fd_sc_hd__clkbuf_16)
                                         clknet_leaf_26_clk (net)
                  0.06    0.00    0.95 ^ round[0]$_DFFE_PN0P_/CLK (sky130_fd_sc_hd__dfrtp_4)
     5    0.06    0.13    0.57    1.52 v round[0]$_DFFE_PN0P_/Q (sky130_fd_sc_hd__dfrtp_4)
                                         round[0] (net)
                  0.13    0.00    1.52 v _25477_/A (sky130_fd_sc_hd__ha_4)
     4    0.08    0.22    0.44    1.96 ^ _25477_/SUM (sky130_fd_sc_hd__ha_4)
                                         _00526_ (net)
                  0.22    0.01    1.96 ^ place5422/A (sky130_fd_sc_hd__buf_12)
     6    0.08    0.10    0.19    2.15 ^ place5422/X (sky130_fd_sc_hd__buf_12)
                                         net5421 (net)
                  0.11    0.01    2.17 ^ place5416/A (sky130_fd_sc_hd__buf_12)
     6    0.06    0.08    0.15    2.31 ^ place5416/X (sky130_fd_sc_hd__buf_12)
                                         net5415 (net)
                  0.08    0.01    2.32 ^ clone6508/A (sky130_fd_sc_hd__bufbuf_16)
     4    0.03    0.05    0.26    2.58 ^ clone6508/X (sky130_fd_sc_hd__bufbuf_16)
                                         net6507 (net)
                  0.05    0.00    2.58 ^ _16367_/S0 (sky130_fd_sc_hd__mux4_2)
     1    0.01    0.11    0.53    3.11 v _16367_/X (sky130_fd_sc_hd__mux4_2)
                                         _12343_ (net)
                  0.11    0.00    3.11 v _16368_/A1 (sky130_fd_sc_hd__mux2i_4)
     1    0.06    0.51    0.43    3.54 ^ _16368_/Y (sky130_fd_sc_hd__mux2i_4)
                                         _12344_ (net)
                  0.51    0.01    3.55 ^ place5054/A (sky130_fd_sc_hd__buf_6)
     2    0.01    0.04    0.16    3.71 ^ place5054/X (sky130_fd_sc_hd__buf_6)
                                         net5053 (net)
                  0.04    0.00    3.71 ^ _24964_/A2 (sky130_fd_sc_hd__mux4_2)
     1    0.02    0.13    0.29    4.01 ^ _24964_/X (sky130_fd_sc_hd__mux4_2)
                                         _08914_ (net)
                  0.13    0.00    4.01 ^ _24965_/A1 (sky130_fd_sc_hd__mux2i_4)
     2    0.02    0.08    0.11    4.11 v _24965_/Y (sky130_fd_sc_hd__mux2i_4)
                                         _08915_ (net)
                  0.08    0.00    4.12 v _25009_/B (sky130_fd_sc_hd__xnor2_1)
     1    0.00    0.09    0.14    4.26 v _25009_/Y (sky130_fd_sc_hd__xnor2_1)
                                         _08942_ (net)
                  0.09    0.00    4.26 v _25010_/B (sky130_fd_sc_hd__xnor2_1)
     1    0.01    0.08    0.16    4.42 v _25010_/Y (sky130_fd_sc_hd__xnor2_1)
                                         _00269_ (net)
                  0.08    0.00    4.42 v _25340_/B (sky130_fd_sc_hd__fa_2)
     1    0.01    0.08    0.38    4.80 v _25340_/COUT (sky130_fd_sc_hd__fa_2)
                                         _12832_ (net)
                  0.08    0.00    4.80 v _25373_/B (sky130_fd_sc_hd__fa_2)
     1    0.01    0.09    0.47    5.27 v _25373_/SUM (sky130_fd_sc_hd__fa_2)
                                         _12900_ (net)
                  0.09    0.00    5.27 v _25486_/B (sky130_fd_sc_hd__ha_4)
     2    0.01    0.04    0.18    5.45 v _25486_/COUT (sky130_fd_sc_hd__ha_4)
                                         _00310_ (net)
                  0.04    0.00    5.45 v _25359_/CIN (sky130_fd_sc_hd__fa_2)
     2    0.01    0.07    0.34    5.79 v _25359_/COUT (sky130_fd_sc_hd__fa_2)
                                         _00311_ (net)
                  0.07    0.00    5.79 v _13201_/A1 (sky130_fd_sc_hd__a21o_1)
     1    0.01    0.05    0.18    5.97 v _13201_/X (sky130_fd_sc_hd__a21o_1)
                                         _09316_ (net)
                  0.05    0.00    5.97 v _13202_/A2 (sky130_fd_sc_hd__a21oi_2)
     2    0.01    0.15    0.17    6.14 ^ _13202_/Y (sky130_fd_sc_hd__a21oi_2)
                                         _09317_ (net)
                  0.15    0.00    6.14 ^ _13205_/A1 (sky130_fd_sc_hd__o211ai_1)
     2    0.01    0.14    0.17    6.31 v _13205_/Y (sky130_fd_sc_hd__o211ai_1)
                                         _09320_ (net)
                  0.14    0.00    6.31 v _13209_/B (sky130_fd_sc_hd__nand2_2)
     2    0.02    0.12    0.16    6.47 ^ _13209_/Y (sky130_fd_sc_hd__nand2_2)
                                         _09324_ (net)
                  0.12    0.00    6.47 ^ rebuffer6544/A (sky130_fd_sc_hd__buf_6)
     1    0.01    0.03    0.11    6.58 ^ rebuffer6544/X (sky130_fd_sc_hd__buf_6)
                                         net6543 (net)
                  0.03    0.00    6.58 ^ _14346_/A (sky130_fd_sc_hd__xor2_1)
     1    0.00    0.11    0.12    6.70 ^ _14346_/X (sky130_fd_sc_hd__xor2_1)
                                         _10441_ (net)
                  0.11    0.00    6.70 ^ _14347_/B (sky130_fd_sc_hd__nor2_1)
     1    0.01    0.09    0.08    6.78 v _14347_/Y (sky130_fd_sc_hd__nor2_1)
                                         _10442_ (net)
                  0.09    0.00    6.78 v _14348_/B1 (sky130_fd_sc_hd__a21oi_4)
     2    0.01    0.14    0.16    6.94 ^ _14348_/Y (sky130_fd_sc_hd__a21oi_4)
                                         _10443_ (net)
                  0.14    0.00    6.94 ^ place4687/A (sky130_fd_sc_hd__buf_12)
     2    0.02    0.04    0.13    7.07 ^ place4687/X (sky130_fd_sc_hd__buf_12)
                                         net4686 (net)
                  0.04    0.00    7.07 ^ _14351_/A (sky130_fd_sc_hd__clkinvlp_4)
     1    0.02    0.11    0.12    7.19 v _14351_/Y (sky130_fd_sc_hd__clkinvlp_4)
                                         _00198_ (net)
                  0.11    0.00    7.19 v _25309_/A (sky130_fd_sc_hd__fa_1)
     1    0.01    0.10    0.53    7.72 v _25309_/SUM (sky130_fd_sc_hd__fa_1)
                                         _12771_ (net)
                  0.10    0.00    7.72 v _25281_/A (sky130_fd_sc_hd__fa_1)
     1    0.01    0.11    0.53    8.25 v _25281_/SUM (sky130_fd_sc_hd__fa_1)
                                         _12698_ (net)
                  0.11    0.00    8.26 v _25252_/B (sky130_fd_sc_hd__fa_1)
     1    0.01    0.10    0.56    8.82 ^ _25252_/SUM (sky130_fd_sc_hd__fa_1)
                                         _12701_ (net)
                  0.10    0.00    8.82 ^ _25500_/B (sky130_fd_sc_hd__ha_4)
     2    0.01    0.04    0.21    9.03 v _25500_/SUM (sky130_fd_sc_hd__ha_4)
                                         _00572_ (net)
                  0.04    0.00    9.03 v _15324_/B (sky130_fd_sc_hd__and4_4)
     2    0.01    0.04    0.17    9.20 v _15324_/X (sky130_fd_sc_hd__and4_4)
                                         _11369_ (net)
                  0.04    0.00    9.20 v _15328_/B1 (sky130_fd_sc_hd__a221oi_2)
     1    0.01    0.21    0.23    9.44 ^ _15328_/Y (sky130_fd_sc_hd__a221oi_2)
                                         _11373_ (net)
                  0.21    0.00    9.44 ^ _15329_/B1 (sky130_fd_sc_hd__o21ai_2)
     2    0.01    0.08    0.11    9.55 v _15329_/Y (sky130_fd_sc_hd__o21ai_2)
                                         _11374_ (net)
                  0.08    0.00    9.55 v _15330_/B (sky130_fd_sc_hd__nor2_2)
     2    0.01    0.13    0.13    9.68 ^ _15330_/Y (sky130_fd_sc_hd__nor2_2)
                                         _11375_ (net)
                  0.13    0.00    9.68 ^ _16533_/A (sky130_fd_sc_hd__nor2b_2)
     2    0.01    0.04    0.06    9.74 v _16533_/Y (sky130_fd_sc_hd__nor2b_2)
                                         _12490_ (net)
                  0.04    0.00    9.74 v _16534_/A2 (sky130_fd_sc_hd__o21a_1)
     1    0.01    0.05    0.18    9.92 v _16534_/X (sky130_fd_sc_hd__o21a_1)
                                         _12491_ (net)
                  0.05    0.00    9.92 v _16535_/A (sky130_fd_sc_hd__nor2_2)
     1    0.01    0.13    0.14   10.06 ^ _16535_/Y (sky130_fd_sc_hd__nor2_2)
                                         _12492_ (net)
                  0.13    0.00   10.06 ^ _16536_/B (sky130_fd_sc_hd__xnor2_2)
     1    0.02    0.28    0.17   10.24 ^ _16536_/Y (sky130_fd_sc_hd__xnor2_2)
                                         _00039_ (net)
                  0.28    0.00   10.24 ^ place4470/A (sky130_fd_sc_hd__buf_6)
     2    0.04    0.09    0.19   10.43 ^ place4470/X (sky130_fd_sc_hd__buf_6)
                                         net4469 (net)
                  0.09    0.00   10.43 ^ _25210_/A (sky130_fd_sc_hd__fa_2)
     1    0.02    0.11    0.47   10.90 v _25210_/SUM (sky130_fd_sc_hd__fa_2)
                                         _12582_ (net)
                  0.11    0.00   10.90 v _25406_/B (sky130_fd_sc_hd__ha_4)
     2    0.01    0.05    0.30   11.20 ^ _25406_/SUM (sky130_fd_sc_hd__ha_4)
                                         _00395_ (net)
                  0.05    0.00   11.20 ^ place4410/A (sky130_fd_sc_hd__buf_6)
     3    0.02    0.04    0.10   11.30 ^ place4410/X (sky130_fd_sc_hd__buf_6)
                                         net4409 (net)
                  0.04    0.00   11.30 ^ _17773_/A (sky130_fd_sc_hd__nand4_1)
     2    0.01    0.16    0.14   11.45 v _17773_/Y (sky130_fd_sc_hd__nand4_1)
                                         _04121_ (net)
                  0.16    0.00   11.45 v place4378/A (sky130_fd_sc_hd__buf_6)
     3    0.02    0.04    0.18   11.63 v place4378/X (sky130_fd_sc_hd__buf_6)
                                         net4377 (net)
                  0.04    0.00   11.63 v _17778_/A (sky130_fd_sc_hd__nor2_4)
     2    0.01    0.09    0.11   11.74 ^ _17778_/Y (sky130_fd_sc_hd__nor2_4)
                                         _04126_ (net)
                  0.09    0.00   11.74 ^ _17916_/A (sky130_fd_sc_hd__nand2_2)
     1    0.01    0.05    0.07   11.81 v _17916_/Y (sky130_fd_sc_hd__nand2_2)
                                         _04264_ (net)
                  0.05    0.00   11.81 v _17918_/A2 (sky130_fd_sc_hd__o31ai_4)
     3    0.02    0.30    0.32   12.13 ^ _17918_/Y (sky130_fd_sc_hd__o31ai_4)
                                         _04266_ (net)
                  0.30    0.00   12.13 ^ _17940_/A (sky130_fd_sc_hd__xor2_1)
     2    0.01    0.21    0.25   12.39 ^ _17940_/X (sky130_fd_sc_hd__xor2_1)
                                         _04288_ (net)
                  0.21    0.00   12.39 ^ _17948_/A (sky130_fd_sc_hd__nand2_2)
     2    0.01    0.09    0.11   12.50 v _17948_/Y (sky130_fd_sc_hd__nand2_2)
                                         _04296_ (net)
                  0.09    0.00   12.50 v _17949_/B (sky130_fd_sc_hd__nor3_4)
     2    0.01    0.20    0.23   12.73 ^ _17949_/Y (sky130_fd_sc_hd__nor3_4)
                                         _04297_ (net)
                  0.20    0.00   12.73 ^ _17950_/B (sky130_fd_sc_hd__and2_4)
     3    0.02    0.08    0.21   12.94 ^ _17950_/X (sky130_fd_sc_hd__and2_4)
                                         _04298_ (net)
                  0.08    0.00   12.94 ^ rebuffer6802/A (sky130_fd_sc_hd__buf_6)
     1    0.01    0.03    0.10   13.04 ^ rebuffer6802/X (sky130_fd_sc_hd__buf_6)
                                         net6801 (net)
                  0.03    0.00   13.04 ^ _17984_/A2 (sky130_fd_sc_hd__a21oi_4)
     1    0.01    0.07    0.05   13.09 v _17984_/Y (sky130_fd_sc_hd__a21oi_4)
                                         _04331_ (net)
                  0.07    0.00   13.09 v _17992_/A2 (sky130_fd_sc_hd__a21boi_2)
     2    0.01    0.16    0.20   13.29 ^ _17992_/Y (sky130_fd_sc_hd__a21boi_2)
                                         _04339_ (net)
                  0.16    0.00   13.29 ^ _25050_/B (sky130_fd_sc_hd__nor3_2)
     1    0.01    0.07    0.07   13.36 v _25050_/Y (sky130_fd_sc_hd__nor3_2)
                                         _08972_ (net)
                  0.07    0.00   13.36 v _25051_/B (sky130_fd_sc_hd__xnor2_1)
     1    0.00    0.15    0.16   13.52 ^ _25051_/Y (sky130_fd_sc_hd__xnor2_1)
                                         _08973_ (net)
                  0.15    0.00   13.52 ^ _25053_/A2 (sky130_fd_sc_hd__o21ai_1)
     1    0.00    0.13    0.07   13.59 v _25053_/Y (sky130_fd_sc_hd__o21ai_1)
                                         _03136_ (net)
                  0.13    0.00   13.59 v digest[255]$_DFFE_PN0P_/D (sky130_fd_sc_hd__dfrtp_1)
                                 13.59   data arrival time

                         12.00   12.00   clock core_clock (rise edge)
                          0.00   12.00   clock source latency
     2    0.11    0.00    0.00   12.00 ^ clk (in)
                                         clk (net)
                  0.01    0.00   12.00 ^ clkbuf_0_clk/A (sky130_fd_sc_hd__clkbuf_16)
     4    0.17    0.18    0.22   12.22 ^ clkbuf_0_clk/X (sky130_fd_sc_hd__clkbuf_16)
                                         clknet_0_clk (net)
                  0.18    0.01   12.23 ^ clkbuf_2_1_0_clk/A (sky130_fd_sc_hd__clkbuf_16)
     8    0.18    0.19    0.29   12.52 ^ clkbuf_2_1_0_clk/X (sky130_fd_sc_hd__clkbuf_16)
                                         clknet_2_1_0_clk (net)
                  0.19    0.00   12.52 ^ clkbuf_5_9__f_clk/A (sky130_fd_sc_hd__clkbuf_16)
     8    0.15    0.16    0.27   12.79 ^ clkbuf_5_9__f_clk/X (sky130_fd_sc_hd__clkbuf_16)
                                         clknet_5_9__leaf_clk (net)
                  0.16    0.00   12.80 ^ clkbuf_leaf_30_clk/A (sky130_fd_sc_hd__clkbuf_16)
     6    0.03    0.05    0.18   12.97 ^ clkbuf_leaf_30_clk/X (sky130_fd_sc_hd__clkbuf_16)
                                         clknet_leaf_30_clk (net)
                  0.05    0.00   12.97 ^ digest[255]$_DFFE_PN0P_/CLK (sky130_fd_sc_hd__dfrtp_1)
                          0.00   12.97   clock reconvergence pessimism
                         -0.15   12.82   library setup time
                                 12.82   data required time
-----------------------------------------------------------------------------
                                 12.82   data required time
                                -13.59   data arrival time
-----------------------------------------------------------------------------
                                 -0.77   slack (VIOLATED)


Startpoint: digest[255]$_DFFE_PN0P_
            (rising edge-triggered flip-flop clocked by core_clock)
Endpoint: digest[255] (output port clocked by vclk)
Path Group: vclk
Path Type: max

Fanout     Cap    Slew   Delay    Time   Description
-----------------------------------------------------------------------------
                          0.00    0.00   clock core_clock (rise edge)
                          0.00    0.00   clock source latency
     2    0.11    0.00    0.00    0.00 ^ clk (in)
                                         clk (net)
                  0.01    0.00    0.00 ^ clkbuf_0_clk/A (sky130_fd_sc_hd__clkbuf_16)
     4    0.17    0.18    0.22    0.22 ^ clkbuf_0_clk/X (sky130_fd_sc_hd__clkbuf_16)
                                         clknet_0_clk (net)
                  0.18    0.01    0.23 ^ clkbuf_2_1_0_clk/A (sky130_fd_sc_hd__clkbuf_16)
     8    0.18    0.19    0.29    0.52 ^ clkbuf_2_1_0_clk/X (sky130_fd_sc_hd__clkbuf_16)
                                         clknet_2_1_0_clk (net)
                  0.19    0.00    0.52 ^ clkbuf_5_9__f_clk/A (sky130_fd_sc_hd__clkbuf_16)
     8    0.15    0.16    0.27    0.79 ^ clkbuf_5_9__f_clk/X (sky130_fd_sc_hd__clkbuf_16)
                                         clknet_5_9__leaf_clk (net)
                  0.16    0.00    0.80 ^ clkbuf_leaf_30_clk/A (sky130_fd_sc_hd__clkbuf_16)
     6    0.03    0.05    0.18    0.97 ^ clkbuf_leaf_30_clk/X (sky130_fd_sc_hd__clkbuf_16)
                                         clknet_leaf_30_clk (net)
                  0.05    0.00    0.97 ^ digest[255]$_DFFE_PN0P_/CLK (sky130_fd_sc_hd__dfrtp_1)
     2    0.02    0.21    0.44    1.42 ^ digest[255]$_DFFE_PN0P_/Q (sky130_fd_sc_hd__dfrtp_1)
                                         net687 (net)
                  0.21    0.00    1.42 ^ output688/A (sky130_fd_sc_hd__clkdlybuf4s50_1)
     1    0.06    0.58    0.90    2.32 ^ output688/X (sky130_fd_sc_hd__clkdlybuf4s50_1)
                                         digest[255] (net)
                  0.58    0.00    2.32 ^ digest[255] (out)
                                  2.32   data arrival time

                  0.00   12.00   12.00   clock vclk (rise edge)
                          0.00   12.00   clock network delay (ideal)
                          0.00   12.00   clock reconvergence pessimism
                         -2.40    9.60   output external delay
                                  9.60   data required time
-----------------------------------------------------------------------------
                                  9.60   data required time
                                 -2.32   data arrival time
-----------------------------------------------------------------------------
                                  7.28   slack (MET)



==========================================================================
finish report_checks -unconstrained
--------------------------------------------------------------------------
Startpoint: rst_n (input port clocked by vclk)
Endpoint: d[22]$_DFFE_PN0P_
          (recovery check against rising-edge clock core_clock)
Path Group: asynchronous
Path Type: max

Fanout     Cap    Slew   Delay    Time   Description
-----------------------------------------------------------------------------
                  0.00    0.00    0.00   clock vclk (rise edge)
                          0.00    0.00   clock network delay (ideal)
                          2.40    2.40 ^ input external delay
     1    0.02    0.00    0.00    2.40 ^ rst_n (in)
                                         rst_n (net)
                  0.00    0.00    2.40 ^ input514/A (sky130_fd_sc_hd__buf_16)
    98    0.67    0.63    0.31    2.71 ^ input514/X (sky130_fd_sc_hd__buf_16)
                                         net513 (net)
                  0.94    0.36    3.07 ^ place6167/A (sky130_fd_sc_hd__buf_12)
   103    0.60    0.67    0.52    3.59 ^ place6167/X (sky130_fd_sc_hd__buf_12)
                                         net6166 (net)
                  0.76    0.19    3.78 ^ place6166/A (sky130_fd_sc_hd__buf_12)
   135    0.66    0.73    0.53    4.31 ^ place6166/X (sky130_fd_sc_hd__buf_12)
                                         net6165 (net)
                  0.78    0.14    4.46 ^ place6165/A (sky130_fd_sc_hd__buf_4)
    38    0.19    0.52    0.57    5.03 ^ place6165/X (sky130_fd_sc_hd__buf_4)
                                         net6164 (net)
                  0.52    0.02    5.05 ^ d[22]$_DFFE_PN0P_/RESET_B (sky130_fd_sc_hd__dfrtp_1)
                                  5.05   data arrival time

                         12.00   12.00   clock core_clock (rise edge)
                          0.00   12.00   clock source latency
     2    0.11    0.00    0.00   12.00 ^ clk (in)
                                         clk (net)
                  0.01    0.00   12.00 ^ clkbuf_0_clk/A (sky130_fd_sc_hd__clkbuf_16)
     4    0.17    0.18    0.22   12.22 ^ clkbuf_0_clk/X (sky130_fd_sc_hd__clkbuf_16)
                                         clknet_0_clk (net)
                  0.18    0.01   12.23 ^ clkbuf_2_1_0_clk/A (sky130_fd_sc_hd__clkbuf_16)
     8    0.18    0.19    0.29   12.52 ^ clkbuf_2_1_0_clk/X (sky130_fd_sc_hd__clkbuf_16)
                                         clknet_2_1_0_clk (net)
                  0.19    0.00   12.52 ^ clkbuf_5_9__f_clk/A (sky130_fd_sc_hd__clkbuf_16)
     8    0.15    0.16    0.27   12.79 ^ clkbuf_5_9__f_clk/X (sky130_fd_sc_hd__clkbuf_16)
                                         clknet_5_9__leaf_clk (net)
                  0.16    0.00   12.80 ^ clkbuf_leaf_43_clk/A (sky130_fd_sc_hd__clkbuf_16)
     8    0.03    0.05    0.18   12.97 ^ clkbuf_leaf_43_clk/X (sky130_fd_sc_hd__clkbuf_16)
                                         clknet_leaf_43_clk (net)
                  0.05    0.00   12.97 ^ d[22]$_DFFE_PN0P_/CLK (sky130_fd_sc_hd__dfrtp_1)
                          0.00   12.97   clock reconvergence pessimism
                          0.11   13.08   library recovery time
                                 13.08   data required time
-----------------------------------------------------------------------------
                                 13.08   data required time
                                 -5.05   data arrival time
-----------------------------------------------------------------------------
                                  8.03   slack (MET)


Startpoint: round[0]$_DFFE_PN0P_
            (rising edge-triggered flip-flop clocked by core_clock)
Endpoint: digest[255]$_DFFE_PN0P_
          (rising edge-triggered flip-flop clocked by core_clock)
Path Group: core_clock
Path Type: max

Fanout     Cap    Slew   Delay    Time   Description
-----------------------------------------------------------------------------
                          0.00    0.00   clock core_clock (rise edge)
                          0.00    0.00   clock source latency
     2    0.11    0.00    0.00    0.00 ^ clk (in)
                                         clk (net)
                  0.01    0.00    0.00 ^ clkbuf_0_clk/A (sky130_fd_sc_hd__clkbuf_16)
     4    0.17    0.18    0.22    0.22 ^ clkbuf_0_clk/X (sky130_fd_sc_hd__clkbuf_16)
                                         clknet_0_clk (net)
                  0.18    0.01    0.23 ^ clkbuf_2_0_0_clk/A (sky130_fd_sc_hd__clkbuf_16)
     8    0.16    0.17    0.27    0.50 ^ clkbuf_2_0_0_clk/X (sky130_fd_sc_hd__clkbuf_16)
                                         clknet_2_0_0_clk (net)
                  0.17    0.00    0.51 ^ clkbuf_5_7__f_clk/A (sky130_fd_sc_hd__clkbuf_16)
     8    0.14    0.16    0.26    0.76 ^ clkbuf_5_7__f_clk/X (sky130_fd_sc_hd__clkbuf_16)
                                         clknet_5_7__leaf_clk (net)
                  0.16    0.00    0.77 ^ clkbuf_leaf_26_clk/A (sky130_fd_sc_hd__clkbuf_16)
     9    0.04    0.06    0.18    0.95 ^ clkbuf_leaf_26_clk/X (sky130_fd_sc_hd__clkbuf_16)
                                         clknet_leaf_26_clk (net)
                  0.06    0.00    0.95 ^ round[0]$_DFFE_PN0P_/CLK (sky130_fd_sc_hd__dfrtp_4)
     5    0.06    0.13    0.57    1.52 v round[0]$_DFFE_PN0P_/Q (sky130_fd_sc_hd__dfrtp_4)
                                         round[0] (net)
                  0.13    0.00    1.52 v _25477_/A (sky130_fd_sc_hd__ha_4)
     4    0.08    0.22    0.44    1.96 ^ _25477_/SUM (sky130_fd_sc_hd__ha_4)
                                         _00526_ (net)
                  0.22    0.01    1.96 ^ place5422/A (sky130_fd_sc_hd__buf_12)
     6    0.08    0.10    0.19    2.15 ^ place5422/X (sky130_fd_sc_hd__buf_12)
                                         net5421 (net)
                  0.11    0.01    2.17 ^ place5416/A (sky130_fd_sc_hd__buf_12)
     6    0.06    0.08    0.15    2.31 ^ place5416/X (sky130_fd_sc_hd__buf_12)
                                         net5415 (net)
                  0.08    0.01    2.32 ^ clone6508/A (sky130_fd_sc_hd__bufbuf_16)
     4    0.03    0.05    0.26    2.58 ^ clone6508/X (sky130_fd_sc_hd__bufbuf_16)
                                         net6507 (net)
                  0.05    0.00    2.58 ^ _16367_/S0 (sky130_fd_sc_hd__mux4_2)
     1    0.01    0.11    0.53    3.11 v _16367_/X (sky130_fd_sc_hd__mux4_2)
                                         _12343_ (net)
                  0.11    0.00    3.11 v _16368_/A1 (sky130_fd_sc_hd__mux2i_4)
     1    0.06    0.51    0.43    3.54 ^ _16368_/Y (sky130_fd_sc_hd__mux2i_4)
                                         _12344_ (net)
                  0.51    0.01    3.55 ^ place5054/A (sky130_fd_sc_hd__buf_6)
     2    0.01    0.04    0.16    3.71 ^ place5054/X (sky130_fd_sc_hd__buf_6)
                                         net5053 (net)
                  0.04    0.00    3.71 ^ _24964_/A2 (sky130_fd_sc_hd__mux4_2)
     1    0.02    0.13    0.29    4.01 ^ _24964_/X (sky130_fd_sc_hd__mux4_2)
                                         _08914_ (net)
                  0.13    0.00    4.01 ^ _24965_/A1 (sky130_fd_sc_hd__mux2i_4)
     2    0.02    0.08    0.11    4.11 v _24965_/Y (sky130_fd_sc_hd__mux2i_4)
                                         _08915_ (net)
                  0.08    0.00    4.12 v _25009_/B (sky130_fd_sc_hd__xnor2_1)
     1    0.00    0.09    0.14    4.26 v _25009_/Y (sky130_fd_sc_hd__xnor2_1)
                                         _08942_ (net)
                  0.09    0.00    4.26 v _25010_/B (sky130_fd_sc_hd__xnor2_1)
     1    0.01    0.08    0.16    4.42 v _25010_/Y (sky130_fd_sc_hd__xnor2_1)
                                         _00269_ (net)
                  0.08    0.00    4.42 v _25340_/B (sky130_fd_sc_hd__fa_2)
     1    0.01    0.08    0.38    4.80 v _25340_/COUT (sky130_fd_sc_hd__fa_2)
                                         _12832_ (net)
                  0.08    0.00    4.80 v _25373_/B (sky130_fd_sc_hd__fa_2)
     1    0.01    0.09    0.47    5.27 v _25373_/SUM (sky130_fd_sc_hd__fa_2)
                                         _12900_ (net)
                  0.09    0.00    5.27 v _25486_/B (sky130_fd_sc_hd__ha_4)
     2    0.01    0.04    0.18    5.45 v _25486_/COUT (sky130_fd_sc_hd__ha_4)
                                         _00310_ (net)
                  0.04    0.00    5.45 v _25359_/CIN (sky130_fd_sc_hd__fa_2)
     2    0.01    0.07    0.34    5.79 v _25359_/COUT (sky130_fd_sc_hd__fa_2)
                                         _00311_ (net)
                  0.07    0.00    5.79 v _13201_/A1 (sky130_fd_sc_hd__a21o_1)
     1    0.01    0.05    0.18    5.97 v _13201_/X (sky130_fd_sc_hd__a21o_1)
                                         _09316_ (net)
                  0.05    0.00    5.97 v _13202_/A2 (sky130_fd_sc_hd__a21oi_2)
     2    0.01    0.15    0.17    6.14 ^ _13202_/Y (sky130_fd_sc_hd__a21oi_2)
                                         _09317_ (net)
                  0.15    0.00    6.14 ^ _13205_/A1 (sky130_fd_sc_hd__o211ai_1)
     2    0.01    0.14    0.17    6.31 v _13205_/Y (sky130_fd_sc_hd__o211ai_1)
                                         _09320_ (net)
                  0.14    0.00    6.31 v _13209_/B (sky130_fd_sc_hd__nand2_2)
     2    0.02    0.12    0.16    6.47 ^ _13209_/Y (sky130_fd_sc_hd__nand2_2)
                                         _09324_ (net)
                  0.12    0.00    6.47 ^ rebuffer6544/A (sky130_fd_sc_hd__buf_6)
     1    0.01    0.03    0.11    6.58 ^ rebuffer6544/X (sky130_fd_sc_hd__buf_6)
                                         net6543 (net)
                  0.03    0.00    6.58 ^ _14346_/A (sky130_fd_sc_hd__xor2_1)
     1    0.00    0.11    0.12    6.70 ^ _14346_/X (sky130_fd_sc_hd__xor2_1)
                                         _10441_ (net)
                  0.11    0.00    6.70 ^ _14347_/B (sky130_fd_sc_hd__nor2_1)
     1    0.01    0.09    0.08    6.78 v _14347_/Y (sky130_fd_sc_hd__nor2_1)
                                         _10442_ (net)
                  0.09    0.00    6.78 v _14348_/B1 (sky130_fd_sc_hd__a21oi_4)
     2    0.01    0.14    0.16    6.94 ^ _14348_/Y (sky130_fd_sc_hd__a21oi_4)
                                         _10443_ (net)
                  0.14    0.00    6.94 ^ place4687/A (sky130_fd_sc_hd__buf_12)
     2    0.02    0.04    0.13    7.07 ^ place4687/X (sky130_fd_sc_hd__buf_12)
                                         net4686 (net)
                  0.04    0.00    7.07 ^ _14351_/A (sky130_fd_sc_hd__clkinvlp_4)
     1    0.02    0.11    0.12    7.19 v _14351_/Y (sky130_fd_sc_hd__clkinvlp_4)
                                         _00198_ (net)
                  0.11    0.00    7.19 v _25309_/A (sky130_fd_sc_hd__fa_1)
     1    0.01    0.10    0.53    7.72 v _25309_/SUM (sky130_fd_sc_hd__fa_1)
                                         _12771_ (net)
                  0.10    0.00    7.72 v _25281_/A (sky130_fd_sc_hd__fa_1)
     1    0.01    0.11    0.53    8.25 v _25281_/SUM (sky130_fd_sc_hd__fa_1)
                                         _12698_ (net)
                  0.11    0.00    8.26 v _25252_/B (sky130_fd_sc_hd__fa_1)
     1    0.01    0.10    0.56    8.82 ^ _25252_/SUM (sky130_fd_sc_hd__fa_1)
                                         _12701_ (net)
                  0.10    0.00    8.82 ^ _25500_/B (sky130_fd_sc_hd__ha_4)
     2    0.01    0.04    0.21    9.03 v _25500_/SUM (sky130_fd_sc_hd__ha_4)
                                         _00572_ (net)
                  0.04    0.00    9.03 v _15324_/B (sky130_fd_sc_hd__and4_4)
     2    0.01    0.04    0.17    9.20 v _15324_/X (sky130_fd_sc_hd__and4_4)
                                         _11369_ (net)
                  0.04    0.00    9.20 v _15328_/B1 (sky130_fd_sc_hd__a221oi_2)
     1    0.01    0.21    0.23    9.44 ^ _15328_/Y (sky130_fd_sc_hd__a221oi_2)
                                         _11373_ (net)
                  0.21    0.00    9.44 ^ _15329_/B1 (sky130_fd_sc_hd__o21ai_2)
     2    0.01    0.08    0.11    9.55 v _15329_/Y (sky130_fd_sc_hd__o21ai_2)
                                         _11374_ (net)
                  0.08    0.00    9.55 v _15330_/B (sky130_fd_sc_hd__nor2_2)
     2    0.01    0.13    0.13    9.68 ^ _15330_/Y (sky130_fd_sc_hd__nor2_2)
                                         _11375_ (net)
                  0.13    0.00    9.68 ^ _16533_/A (sky130_fd_sc_hd__nor2b_2)
     2    0.01    0.04    0.06    9.74 v _16533_/Y (sky130_fd_sc_hd__nor2b_2)
                                         _12490_ (net)
                  0.04    0.00    9.74 v _16534_/A2 (sky130_fd_sc_hd__o21a_1)
     1    0.01    0.05    0.18    9.92 v _16534_/X (sky130_fd_sc_hd__o21a_1)
                                         _12491_ (net)
                  0.05    0.00    9.92 v _16535_/A (sky130_fd_sc_hd__nor2_2)
     1    0.01    0.13    0.14   10.06 ^ _16535_/Y (sky130_fd_sc_hd__nor2_2)
                                         _12492_ (net)
                  0.13    0.00   10.06 ^ _16536_/B (sky130_fd_sc_hd__xnor2_2)
     1    0.02    0.28    0.17   10.24 ^ _16536_/Y (sky130_fd_sc_hd__xnor2_2)
                                         _00039_ (net)
                  0.28    0.00   10.24 ^ place4470/A (sky130_fd_sc_hd__buf_6)
     2    0.04    0.09    0.19   10.43 ^ place4470/X (sky130_fd_sc_hd__buf_6)
                                         net4469 (net)
                  0.09    0.00   10.43 ^ _25210_/A (sky130_fd_sc_hd__fa_2)
     1    0.02    0.11    0.47   10.90 v _25210_/SUM (sky130_fd_sc_hd__fa_2)
                                         _12582_ (net)
                  0.11    0.00   10.90 v _25406_/B (sky130_fd_sc_hd__ha_4)
     2    0.01    0.05    0.30   11.20 ^ _25406_/SUM (sky130_fd_sc_hd__ha_4)
                                         _00395_ (net)
                  0.05    0.00   11.20 ^ place4410/A (sky130_fd_sc_hd__buf_6)
     3    0.02    0.04    0.10   11.30 ^ place4410/X (sky130_fd_sc_hd__buf_6)
                                         net4409 (net)
                  0.04    0.00   11.30 ^ _17773_/A (sky130_fd_sc_hd__nand4_1)
     2    0.01    0.16    0.14   11.45 v _17773_/Y (sky130_fd_sc_hd__nand4_1)
                                         _04121_ (net)
                  0.16    0.00   11.45 v place4378/A (sky130_fd_sc_hd__buf_6)
     3    0.02    0.04    0.18   11.63 v place4378/X (sky130_fd_sc_hd__buf_6)
                                         net4377 (net)
                  0.04    0.00   11.63 v _17778_/A (sky130_fd_sc_hd__nor2_4)
     2    0.01    0.09    0.11   11.74 ^ _17778_/Y (sky130_fd_sc_hd__nor2_4)
                                         _04126_ (net)
                  0.09    0.00   11.74 ^ _17916_/A (sky130_fd_sc_hd__nand2_2)
     1    0.01    0.05    0.07   11.81 v _17916_/Y (sky130_fd_sc_hd__nand2_2)
                                         _04264_ (net)
                  0.05    0.00   11.81 v _17918_/A2 (sky130_fd_sc_hd__o31ai_4)
     3    0.02    0.30    0.32   12.13 ^ _17918_/Y (sky130_fd_sc_hd__o31ai_4)
                                         _04266_ (net)
                  0.30    0.00   12.13 ^ _17940_/A (sky130_fd_sc_hd__xor2_1)
     2    0.01    0.21    0.25   12.39 ^ _17940_/X (sky130_fd_sc_hd__xor2_1)
                                         _04288_ (net)
                  0.21    0.00   12.39 ^ _17948_/A (sky130_fd_sc_hd__nand2_2)
     2    0.01    0.09    0.11   12.50 v _17948_/Y (sky130_fd_sc_hd__nand2_2)
                                         _04296_ (net)
                  0.09    0.00   12.50 v _17949_/B (sky130_fd_sc_hd__nor3_4)
     2    0.01    0.20    0.23   12.73 ^ _17949_/Y (sky130_fd_sc_hd__nor3_4)
                                         _04297_ (net)
                  0.20    0.00   12.73 ^ _17950_/B (sky130_fd_sc_hd__and2_4)
     3    0.02    0.08    0.21   12.94 ^ _17950_/X (sky130_fd_sc_hd__and2_4)
                                         _04298_ (net)
                  0.08    0.00   12.94 ^ rebuffer6802/A (sky130_fd_sc_hd__buf_6)
     1    0.01    0.03    0.10   13.04 ^ rebuffer6802/X (sky130_fd_sc_hd__buf_6)
                                         net6801 (net)
                  0.03    0.00   13.04 ^ _17984_/A2 (sky130_fd_sc_hd__a21oi_4)
     1    0.01    0.07    0.05   13.09 v _17984_/Y (sky130_fd_sc_hd__a21oi_4)
                                         _04331_ (net)
                  0.07    0.00   13.09 v _17992_/A2 (sky130_fd_sc_hd__a21boi_2)
     2    0.01    0.16    0.20   13.29 ^ _17992_/Y (sky130_fd_sc_hd__a21boi_2)
                                         _04339_ (net)
                  0.16    0.00   13.29 ^ _25050_/B (sky130_fd_sc_hd__nor3_2)
     1    0.01    0.07    0.07   13.36 v _25050_/Y (sky130_fd_sc_hd__nor3_2)
                                         _08972_ (net)
                  0.07    0.00   13.36 v _25051_/B (sky130_fd_sc_hd__xnor2_1)
     1    0.00    0.15    0.16   13.52 ^ _25051_/Y (sky130_fd_sc_hd__xnor2_1)
                                         _08973_ (net)
                  0.15    0.00   13.52 ^ _25053_/A2 (sky130_fd_sc_hd__o21ai_1)
     1    0.00    0.13    0.07   13.59 v _25053_/Y (sky130_fd_sc_hd__o21ai_1)
                                         _03136_ (net)
                  0.13    0.00   13.59 v digest[255]$_DFFE_PN0P_/D (sky130_fd_sc_hd__dfrtp_1)
                                 13.59   data arrival time

                         12.00   12.00   clock core_clock (rise edge)
                          0.00   12.00   clock source latency
     2    0.11    0.00    0.00   12.00 ^ clk (in)
                                         clk (net)
                  0.01    0.00   12.00 ^ clkbuf_0_clk/A (sky130_fd_sc_hd__clkbuf_16)
     4    0.17    0.18    0.22   12.22 ^ clkbuf_0_clk/X (sky130_fd_sc_hd__clkbuf_16)
                                         clknet_0_clk (net)
                  0.18    0.01   12.23 ^ clkbuf_2_1_0_clk/A (sky130_fd_sc_hd__clkbuf_16)
     8    0.18    0.19    0.29   12.52 ^ clkbuf_2_1_0_clk/X (sky130_fd_sc_hd__clkbuf_16)
                                         clknet_2_1_0_clk (net)
                  0.19    0.00   12.52 ^ clkbuf_5_9__f_clk/A (sky130_fd_sc_hd__clkbuf_16)
     8    0.15    0.16    0.27   12.79 ^ clkbuf_5_9__f_clk/X (sky130_fd_sc_hd__clkbuf_16)
                                         clknet_5_9__leaf_clk (net)
                  0.16    0.00   12.80 ^ clkbuf_leaf_30_clk/A (sky130_fd_sc_hd__clkbuf_16)
     6    0.03    0.05    0.18   12.97 ^ clkbuf_leaf_30_clk/X (sky130_fd_sc_hd__clkbuf_16)
                                         clknet_leaf_30_clk (net)
                  0.05    0.00   12.97 ^ digest[255]$_DFFE_PN0P_/CLK (sky130_fd_sc_hd__dfrtp_1)
                          0.00   12.97   clock reconvergence pessimism
                         -0.15   12.82   library setup time
                                 12.82   data required time
-----------------------------------------------------------------------------
                                 12.82   data required time
                                -13.59   data arrival time
-----------------------------------------------------------------------------
                                 -0.77   slack (VIOLATED)


Startpoint: digest[255]$_DFFE_PN0P_
            (rising edge-triggered flip-flop clocked by core_clock)
Endpoint: digest[255] (output port clocked by vclk)
Path Group: vclk
Path Type: max

Fanout     Cap    Slew   Delay    Time   Description
-----------------------------------------------------------------------------
                          0.00    0.00   clock core_clock (rise edge)
                          0.00    0.00   clock source latency
     2    0.11    0.00    0.00    0.00 ^ clk (in)
                                         clk (net)
                  0.01    0.00    0.00 ^ clkbuf_0_clk/A (sky130_fd_sc_hd__clkbuf_16)
     4    0.17    0.18    0.22    0.22 ^ clkbuf_0_clk/X (sky130_fd_sc_hd__clkbuf_16)
                                         clknet_0_clk (net)
                  0.18    0.01    0.23 ^ clkbuf_2_1_0_clk/A (sky130_fd_sc_hd__clkbuf_16)
     8    0.18    0.19    0.29    0.52 ^ clkbuf_2_1_0_clk/X (sky130_fd_sc_hd__clkbuf_16)
                                         clknet_2_1_0_clk (net)
                  0.19    0.00    0.52 ^ clkbuf_5_9__f_clk/A (sky130_fd_sc_hd__clkbuf_16)
     8    0.15    0.16    0.27    0.79 ^ clkbuf_5_9__f_clk/X (sky130_fd_sc_hd__clkbuf_16)
                                         clknet_5_9__leaf_clk (net)
                  0.16    0.00    0.80 ^ clkbuf_leaf_30_clk/A (sky130_fd_sc_hd__clkbuf_16)
     6    0.03    0.05    0.18    0.97 ^ clkbuf_leaf_30_clk/X (sky130_fd_sc_hd__clkbuf_16)
                                         clknet_leaf_30_clk (net)
                  0.05    0.00    0.97 ^ digest[255]$_DFFE_PN0P_/CLK (sky130_fd_sc_hd__dfrtp_1)
     2    0.02    0.21    0.44    1.42 ^ digest[255]$_DFFE_PN0P_/Q (sky130_fd_sc_hd__dfrtp_1)
                                         net687 (net)
                  0.21    0.00    1.42 ^ output688/A (sky130_fd_sc_hd__clkdlybuf4s50_1)
     1    0.06    0.58    0.90    2.32 ^ output688/X (sky130_fd_sc_hd__clkdlybuf4s50_1)
                                         digest[255] (net)
                  0.58    0.00    2.32 ^ digest[255] (out)
                                  2.32   data arrival time

                  0.00   12.00   12.00   clock vclk (rise edge)
                          0.00   12.00   clock network delay (ideal)
                          0.00   12.00   clock reconvergence pessimism
                         -2.40    9.60   output external delay
                                  9.60   data required time
-----------------------------------------------------------------------------
                                  9.60   data required time
                                 -2.32   data arrival time
-----------------------------------------------------------------------------
                                  7.28   slack (MET)



==========================================================================
finish report_check_types -max_slew -max_cap -max_fanout -violators
--------------------------------------------------------------------------

==========================================================================
finish max_slew_check_slack
--------------------------------------------------------------------------
0.08598954975605011

==========================================================================
finish max_slew_check_limit
--------------------------------------------------------------------------
1.4944789409637451

==========================================================================
finish max_slew_check_slack_limit
--------------------------------------------------------------------------
0.0575

==========================================================================
finish max_fanout_check_slack
--------------------------------------------------------------------------
1.0000000150474662e+30

==========================================================================
finish max_fanout_check_limit
--------------------------------------------------------------------------
1.0000000150474662e+30

==========================================================================
finish max_capacitance_check_slack
--------------------------------------------------------------------------
0.0036978679709136486

==========================================================================
finish max_capacitance_check_limit
--------------------------------------------------------------------------
0.0860700011253357

==========================================================================
finish max_capacitance_check_slack_limit
--------------------------------------------------------------------------
0.0430

==========================================================================
finish max_slew_violation_count
--------------------------------------------------------------------------
max slew violation count 0

==========================================================================
finish max_fanout_violation_count
--------------------------------------------------------------------------
max fanout violation count 0

==========================================================================
finish max_cap_violation_count
--------------------------------------------------------------------------
max cap violation count 0

==========================================================================
finish setup_violation_count
--------------------------------------------------------------------------
setup violation count 47

==========================================================================
finish hold_violation_count
--------------------------------------------------------------------------
hold violation count 0

==========================================================================
finish report_checks -path_delay max reg to reg
--------------------------------------------------------------------------
Startpoint: round[0]$_DFFE_PN0P_
            (rising edge-triggered flip-flop clocked by core_clock)
Endpoint: digest[255]$_DFFE_PN0P_
          (rising edge-triggered flip-flop clocked by core_clock)
Path Group: core_clock
Path Type: max

  Delay    Time   Description
---------------------------------------------------------
   0.00    0.00   clock core_clock (rise edge)
   0.00    0.00   clock source latency
   0.00    0.00 ^ clk (in)
   0.22    0.22 ^ clkbuf_0_clk/X (sky130_fd_sc_hd__clkbuf_16)
   0.28    0.50 ^ clkbuf_2_0_0_clk/X (sky130_fd_sc_hd__clkbuf_16)
   0.26    0.76 ^ clkbuf_5_7__f_clk/X (sky130_fd_sc_hd__clkbuf_16)
   0.18    0.95 ^ clkbuf_leaf_26_clk/X (sky130_fd_sc_hd__clkbuf_16)
   0.00    0.95 ^ round[0]$_DFFE_PN0P_/CLK (sky130_fd_sc_hd__dfrtp_4)
   0.57    1.52 v round[0]$_DFFE_PN0P_/Q (sky130_fd_sc_hd__dfrtp_4)
   0.44    1.96 ^ _25477_/SUM (sky130_fd_sc_hd__ha_4)
   0.20    2.15 ^ place5422/X (sky130_fd_sc_hd__buf_12)
   0.16    2.31 ^ place5416/X (sky130_fd_sc_hd__buf_12)
   0.27    2.58 ^ clone6508/X (sky130_fd_sc_hd__bufbuf_16)
   0.53    3.11 v _16367_/X (sky130_fd_sc_hd__mux4_2)
   0.43    3.54 ^ _16368_/Y (sky130_fd_sc_hd__mux2i_4)
   0.17    3.71 ^ place5054/X (sky130_fd_sc_hd__buf_6)
   0.29    4.01 ^ _24964_/X (sky130_fd_sc_hd__mux4_2)
   0.11    4.11 v _24965_/Y (sky130_fd_sc_hd__mux2i_4)
   0.14    4.26 v _25009_/Y (sky130_fd_sc_hd__xnor2_1)
   0.16    4.42 v _25010_/Y (sky130_fd_sc_hd__xnor2_1)
   0.38    4.80 v _25340_/COUT (sky130_fd_sc_hd__fa_2)
   0.47    5.27 v _25373_/SUM (sky130_fd_sc_hd__fa_2)
   0.18    5.45 v _25486_/COUT (sky130_fd_sc_hd__ha_4)
   0.34    5.79 v _25359_/COUT (sky130_fd_sc_hd__fa_2)
   0.18    5.97 v _13201_/X (sky130_fd_sc_hd__a21o_1)
   0.17    6.14 ^ _13202_/Y (sky130_fd_sc_hd__a21oi_2)
   0.17    6.31 v _13205_/Y (sky130_fd_sc_hd__o211ai_1)
   0.16    6.47 ^ _13209_/Y (sky130_fd_sc_hd__nand2_2)
   0.11    6.58 ^ rebuffer6544/X (sky130_fd_sc_hd__buf_6)
   0.12    6.70 ^ _14346_/X (sky130_fd_sc_hd__xor2_1)
   0.08    6.78 v _14347_/Y (sky130_fd_sc_hd__nor2_1)
   0.16    6.94 ^ _14348_/Y (sky130_fd_sc_hd__a21oi_4)
   0.13    7.07 ^ place4687/X (sky130_fd_sc_hd__buf_12)
   0.12    7.19 v _14351_/Y (sky130_fd_sc_hd__clkinvlp_4)
   0.53    7.72 v _25309_/SUM (sky130_fd_sc_hd__fa_1)
   0.53    8.25 v _25281_/SUM (sky130_fd_sc_hd__fa_1)
   0.56    8.82 ^ _25252_/SUM (sky130_fd_sc_hd__fa_1)
   0.21    9.03 v _25500_/SUM (sky130_fd_sc_hd__ha_4)
   0.17    9.20 v _15324_/X (sky130_fd_sc_hd__and4_4)
   0.23    9.44 ^ _15328_/Y (sky130_fd_sc_hd__a221oi_2)
   0.11    9.55 v _15329_/Y (sky130_fd_sc_hd__o21ai_2)
   0.13    9.68 ^ _15330_/Y (sky130_fd_sc_hd__nor2_2)
   0.06    9.74 v _16533_/Y (sky130_fd_sc_hd__nor2b_2)
   0.18    9.92 v _16534_/X (sky130_fd_sc_hd__o21a_1)
   0.14   10.06 ^ _16535_/Y (sky130_fd_sc_hd__nor2_2)
   0.17   10.24 ^ _16536_/Y (sky130_fd_sc_hd__xnor2_2)
   0.19   10.43 ^ place4470/X (sky130_fd_sc_hd__buf_6)
   0.47   10.90 v _25210_/SUM (sky130_fd_sc_hd__fa_2)
   0.30   11.20 ^ _25406_/SUM (sky130_fd_sc_hd__ha_4)
   0.10   11.30 ^ place4410/X (sky130_fd_sc_hd__buf_6)
   0.14   11.45 v _17773_/Y (sky130_fd_sc_hd__nand4_1)
   0.18   11.63 v place4378/X (sky130_fd_sc_hd__buf_6)
   0.11   11.74 ^ _17778_/Y (sky130_fd_sc_hd__nor2_4)
   0.07   11.81 v _17916_/Y (sky130_fd_sc_hd__nand2_2)
   0.32   12.13 ^ _17918_/Y (sky130_fd_sc_hd__o31ai_4)
   0.25   12.39 ^ _17940_/X (sky130_fd_sc_hd__xor2_1)
   0.11   12.50 v _17948_/Y (sky130_fd_sc_hd__nand2_2)
   0.23   12.73 ^ _17949_/Y (sky130_fd_sc_hd__nor3_4)
   0.21   12.94 ^ _17950_/X (sky130_fd_sc_hd__and2_4)
   0.10   13.04 ^ rebuffer6802/X (sky130_fd_sc_hd__buf_6)
   0.05   13.09 v _17984_/Y (sky130_fd_sc_hd__a21oi_4)
   0.20   13.29 ^ _17992_/Y (sky130_fd_sc_hd__a21boi_2)
   0.07   13.36 v _25050_/Y (sky130_fd_sc_hd__nor3_2)
   0.16   13.52 ^ _25051_/Y (sky130_fd_sc_hd__xnor2_1)
   0.07   13.59 v _25053_/Y (sky130_fd_sc_hd__o21ai_1)
   0.00   13.59 v digest[255]$_DFFE_PN0P_/D (sky130_fd_sc_hd__dfrtp_1)
          13.59   data arrival time

  12.00   12.00   clock core_clock (rise edge)
   0.00   12.00   clock source latency
   0.00   12.00 ^ clk (in)
   0.22   12.22 ^ clkbuf_0_clk/X (sky130_fd_sc_hd__clkbuf_16)
   0.29   12.52 ^ clkbuf_2_1_0_clk/X (sky130_fd_sc_hd__clkbuf_16)
   0.28   12.79 ^ clkbuf_5_9__f_clk/X (sky130_fd_sc_hd__clkbuf_16)
   0.18   12.97 ^ clkbuf_leaf_30_clk/X (sky130_fd_sc_hd__clkbuf_16)
   0.00   12.97 ^ digest[255]$_DFFE_PN0P_/CLK (sky130_fd_sc_hd__dfrtp_1)
   0.00   12.97   clock reconvergence pessimism
  -0.15   12.82   library setup time
          12.82   data required time
---------------------------------------------------------
          12.82   data required time
         -13.59   data arrival time
---------------------------------------------------------
          -0.77   slack (VIOLATED)



==========================================================================
finish report_checks -path_delay min reg to reg
--------------------------------------------------------------------------
Startpoint: digest[154]$_DFFE_PN0P_
            (rising edge-triggered flip-flop clocked by core_clock)
Endpoint: digest[154]$_DFFE_PN0P_
          (rising edge-triggered flip-flop clocked by core_clock)
Path Group: core_clock
Path Type: min

  Delay    Time   Description
---------------------------------------------------------
   0.00    0.00   clock core_clock (rise edge)
   0.00    0.00   clock source latency
   0.00    0.00 ^ clk (in)
   0.22    0.22 ^ clkbuf_0_clk/X (sky130_fd_sc_hd__clkbuf_16)
   0.29    0.52 ^ clkbuf_2_1_0_clk/X (sky130_fd_sc_hd__clkbuf_16)
   0.28    0.80 ^ clkbuf_5_10__f_clk/X (sky130_fd_sc_hd__clkbuf_16)
   0.19    0.98 ^ clkbuf_leaf_55_clk/X (sky130_fd_sc_hd__clkbuf_16)
   0.00    0.99 ^ digest[154]$_DFFE_PN0P_/CLK (sky130_fd_sc_hd__dfrtp_1)
   0.34    1.32 ^ digest[154]$_DFFE_PN0P_/Q (sky130_fd_sc_hd__dfrtp_1)
   0.04    1.37 v _18461_/Y (sky130_fd_sc_hd__nand2_1)
   0.06    1.43 ^ _18462_/Y (sky130_fd_sc_hd__o21ai_0)
   0.00    1.43 ^ digest[154]$_DFFE_PN0P_/D (sky130_fd_sc_hd__dfrtp_1)
           1.43   data arrival time

   0.00    0.00   clock core_clock (rise edge)
   0.00    0.00   clock source latency
   0.00    0.00 ^ clk (in)
   0.22    0.22 ^ clkbuf_0_clk/X (sky130_fd_sc_hd__clkbuf_16)
   0.29    0.52 ^ clkbuf_2_1_0_clk/X (sky130_fd_sc_hd__clkbuf_16)
   0.28    0.80 ^ clkbuf_5_10__f_clk/X (sky130_fd_sc_hd__clkbuf_16)
   0.19    0.98 ^ clkbuf_leaf_55_clk/X (sky130_fd_sc_hd__clkbuf_16)
   0.00    0.99 ^ digest[154]$_DFFE_PN0P_/CLK (sky130_fd_sc_hd__dfrtp_1)
   0.00    0.99   clock reconvergence pessimism
  -0.04    0.95   library hold time
           0.95   data required time
---------------------------------------------------------
           0.95   data required time
          -1.43   data arrival time
---------------------------------------------------------
           0.48   slack (MET)



==========================================================================
finish critical path target clock latency max path
--------------------------------------------------------------------------
0.9747

==========================================================================
finish critical path target clock latency min path
--------------------------------------------------------------------------
0.9573

==========================================================================
finish critical path source clock latency min path
--------------------------------------------------------------------------
0.0000

==========================================================================
finish critical path delay
--------------------------------------------------------------------------
13.5894

==========================================================================
finish critical path slack
--------------------------------------------------------------------------
-0.7652

==========================================================================
finish slack div critical path delay
--------------------------------------------------------------------------
-5.630859

==========================================================================
finish report_power
--------------------------------------------------------------------------
Group                  Internal  Switching    Leakage      Total
                          Power      Power      Power      Power (Watts)
----------------------------------------------------------------
Sequential             1.30e-02   3.73e-03   3.40e-08   1.68e-02   2.5%
Combinational          3.08e-01   3.35e-01   4.83e-08   6.43e-01  96.0%
Clock                  5.86e-03   4.21e-03   5.18e-09   1.01e-02   1.5%
Macro                  0.00e+00   0.00e+00   0.00e+00   0.00e+00   0.0%
Pad                    0.00e+00   0.00e+00   0.00e+00   0.00e+00   0.0%
----------------------------------------------------------------
Total                  3.27e-01   3.43e-01   8.75e-08   6.70e-01 100.0%
                          48.8%      51.2%       0.0%
