
==========================================================================
finish report_tns
--------------------------------------------------------------------------
tns max -2.62

==========================================================================
finish report_wns
--------------------------------------------------------------------------
wns max -0.13

==========================================================================
finish report_worst_slack
--------------------------------------------------------------------------
worst slack max -0.13

==========================================================================
finish report_clock_min_period
--------------------------------------------------------------------------
core_clock period_min = 1.71 fmax = 585.87
vclk_core_clock period_min = 0.00 fmax = inf

==========================================================================
finish report_clock_skew
--------------------------------------------------------------------------
Clock core_clock
   0.24 source latency dpath.a_reg.out[7]$_DFFE_PP_/CLK ^
  -0.24 target latency dpath.b_reg.out[13]$_DFFE_PP_/CLK ^
   0.00 CRPR
--------------
   0.01 setup skew

Clock vclk_core_clock
No launch/capture paths found.


==========================================================================
finish report_checks -path_delay min
--------------------------------------------------------------------------
Startpoint: ctrl.state.out[1]$_DFF_P_
            (rising edge-triggered flip-flop clocked by core_clock)
Endpoint: ctrl.state.out[1]$_DFF_P_
          (rising edge-triggered flip-flop clocked by core_clock)
Path Group: core_clock
Path Type: min

Fanout     Cap    Slew   Delay    Time   Description
-----------------------------------------------------------------------------
                          0.00    0.00   clock core_clock (rise edge)
                          0.00    0.00   clock source latency
     1    0.02    0.00    0.00    0.00 ^ clk (in)
                                         clk (net)
                  0.00    0.00    0.00 ^ clkbuf_0_clk/A (sky130_fd_sc_hs__clkbuf_8)
     4    0.04    0.06    0.11    0.11 ^ clkbuf_0_clk/X (sky130_fd_sc_hs__clkbuf_8)
                                         clknet_0_clk (net)
                  0.06    0.00    0.11 ^ clkbuf_2_0__f_clk/A (sky130_fd_sc_hs__clkbuf_8)
    10    0.04    0.06    0.13    0.24 ^ clkbuf_2_0__f_clk/X (sky130_fd_sc_hs__clkbuf_8)
                                         clknet_2_0__leaf_clk (net)
                  0.06    0.00    0.24 ^ ctrl.state.out[1]$_DFF_P_/CLK (sky130_fd_sc_hs__dfxtp_1)
     2    0.01    0.05    0.20    0.44 ^ ctrl.state.out[1]$_DFF_P_/Q (sky130_fd_sc_hs__dfxtp_1)
                                         ctrl.state.out[1] (net)
                  0.05    0.00    0.44 ^ _635_/B (sky130_fd_sc_hs__nand2_1)
     1    0.00    0.03    0.04    0.48 v _635_/Y (sky130_fd_sc_hs__nand2_1)
                                         _291_ (net)
                  0.03    0.00    0.48 v _636_/B1 (sky130_fd_sc_hs__o31ai_1)
     1    0.00    0.03    0.04    0.52 ^ _636_/Y (sky130_fd_sc_hs__o31ai_1)
                                         _001_ (net)
                  0.03    0.00    0.52 ^ ctrl.state.out[1]$_DFF_P_/D (sky130_fd_sc_hs__dfxtp_1)
                                  0.52   data arrival time

                          0.00    0.00   clock core_clock (rise edge)
                          0.00    0.00   clock source latency
     1    0.02    0.00    0.00    0.00 ^ clk (in)
                                         clk (net)
                  0.00    0.00    0.00 ^ clkbuf_0_clk/A (sky130_fd_sc_hs__clkbuf_8)
     4    0.04    0.06    0.11    0.11 ^ clkbuf_0_clk/X (sky130_fd_sc_hs__clkbuf_8)
                                         clknet_0_clk (net)
                  0.06    0.00    0.11 ^ clkbuf_2_0__f_clk/A (sky130_fd_sc_hs__clkbuf_8)
    10    0.04    0.06    0.13    0.24 ^ clkbuf_2_0__f_clk/X (sky130_fd_sc_hs__clkbuf_8)
                                         clknet_2_0__leaf_clk (net)
                  0.06    0.00    0.24 ^ ctrl.state.out[1]$_DFF_P_/CLK (sky130_fd_sc_hs__dfxtp_1)
                          0.00    0.24   clock reconvergence pessimism
                          0.01    0.25   library hold time
                                  0.25   data required time
-----------------------------------------------------------------------------
                                  0.25   data required time
                                 -0.52   data arrival time
-----------------------------------------------------------------------------
                                  0.27   slack (MET)


Startpoint: ctrl.state.out[2]$_DFF_P_
            (rising edge-triggered flip-flop clocked by core_clock)
Endpoint: resp_val (output port clocked by vclk_core_clock)
Path Group: vclk_core_clock
Path Type: min

Fanout     Cap    Slew   Delay    Time   Description
-----------------------------------------------------------------------------
                          0.00    0.00   clock core_clock (rise edge)
                          0.00    0.00   clock source latency
     1    0.02    0.00    0.00    0.00 ^ clk (in)
                                         clk (net)
                  0.00    0.00    0.00 ^ clkbuf_0_clk/A (sky130_fd_sc_hs__clkbuf_8)
     4    0.04    0.06    0.11    0.11 ^ clkbuf_0_clk/X (sky130_fd_sc_hs__clkbuf_8)
                                         clknet_0_clk (net)
                  0.06    0.00    0.11 ^ clkbuf_2_0__f_clk/A (sky130_fd_sc_hs__clkbuf_8)
    10    0.04    0.06    0.13    0.24 ^ clkbuf_2_0__f_clk/X (sky130_fd_sc_hs__clkbuf_8)
                                         clknet_2_0__leaf_clk (net)
                  0.06    0.00    0.24 ^ ctrl.state.out[2]$_DFF_P_/CLK (sky130_fd_sc_hs__dfxtp_1)
     2    0.01    0.06    0.20    0.44 ^ ctrl.state.out[2]$_DFF_P_/Q (sky130_fd_sc_hs__dfxtp_1)
                                         ctrl.state.out[2] (net)
                  0.06    0.00    0.44 ^ _627_/B (sky130_fd_sc_hs__nor3b_1)
     2    0.01    0.04    0.05    0.49 v _627_/Y (sky130_fd_sc_hs__nor3b_1)
                                         net53 (net)
                  0.04    0.00    0.49 v output53/A (sky130_fd_sc_hs__buf_1)
     1    0.00    0.01    0.06    0.56 v output53/X (sky130_fd_sc_hs__buf_1)
                                         resp_val (net)
                  0.01    0.00    0.56 v resp_val (out)
                                  0.56   data arrival time

                  0.00    0.00    0.00   clock vclk_core_clock (rise edge)
                          0.23    0.23   clock network delay (ideal)
                          0.00    0.23   clock reconvergence pessimism
                         -0.32   -0.08   output external delay
                                 -0.08   data required time
-----------------------------------------------------------------------------
                                 -0.08   data required time
                                 -0.56   data arrival time
-----------------------------------------------------------------------------
                                  0.64   slack (MET)



==========================================================================
finish report_checks -path_delay max
--------------------------------------------------------------------------
Startpoint: dpath.a_reg.out[10]$_DFFE_PP_
            (rising edge-triggered flip-flop clocked by core_clock)
Endpoint: dpath.a_reg.out[14]$_DFFE_PP_
          (rising edge-triggered flip-flop clocked by core_clock)
Path Group: core_clock
Path Type: max

Fanout     Cap    Slew   Delay    Time   Description
-----------------------------------------------------------------------------
                          0.00    0.00   clock core_clock (rise edge)
                          0.00    0.00   clock source latency
     1    0.02    0.00    0.00    0.00 ^ clk (in)
                                         clk (net)
                  0.00    0.00    0.00 ^ clkbuf_0_clk/A (sky130_fd_sc_hs__clkbuf_8)
     4    0.04    0.06    0.11    0.11 ^ clkbuf_0_clk/X (sky130_fd_sc_hs__clkbuf_8)
                                         clknet_0_clk (net)
                  0.06    0.00    0.11 ^ clkbuf_2_3__f_clk/A (sky130_fd_sc_hs__clkbuf_8)
     8    0.04    0.06    0.13    0.24 ^ clkbuf_2_3__f_clk/X (sky130_fd_sc_hs__clkbuf_8)
                                         clknet_2_3__leaf_clk (net)
                  0.06    0.00    0.24 ^ dpath.a_reg.out[10]$_DFFE_PP_/CLK (sky130_fd_sc_hs__edfxtp_1)
     3    0.02    0.13    0.25    0.49 ^ dpath.a_reg.out[10]$_DFFE_PP_/Q (sky130_fd_sc_hs__edfxtp_1)
                                         dpath.a_lt_b$in0[10] (net)
                  0.13    0.00    0.49 ^ _392_/A_N (sky130_fd_sc_hs__nand2b_2)
     3    0.02    0.10    0.14    0.63 ^ _392_/Y (sky130_fd_sc_hs__nand2b_2)
                                         _075_ (net)
                  0.10    0.00    0.63 ^ _393_/B (sky130_fd_sc_hs__and2_2)
     2    0.01    0.04    0.11    0.74 ^ _393_/X (sky130_fd_sc_hs__and2_2)
                                         _076_ (net)
                  0.04    0.00    0.74 ^ _451_/A (sky130_fd_sc_hs__nand2_2)
     3    0.03    0.08    0.08    0.82 v _451_/Y (sky130_fd_sc_hs__nand2_2)
                                         _133_ (net)
                  0.08    0.00    0.82 v _453_/A (sky130_fd_sc_hs__nor2_4)
     2    0.01    0.06    0.09    0.91 ^ _453_/Y (sky130_fd_sc_hs__nor2_4)
                                         _135_ (net)
                  0.06    0.00    0.91 ^ _457_/A (sky130_fd_sc_hs__and2_2)
     1    0.02    0.07    0.11    1.02 ^ _457_/X (sky130_fd_sc_hs__and2_2)
                                         _139_ (net)
                  0.07    0.00    1.02 ^ _458_/B (sky130_fd_sc_hs__nand2_8)
     2    0.02    0.04    0.04    1.07 v _458_/Y (sky130_fd_sc_hs__nand2_8)
                                         _140_ (net)
                  0.04    0.00    1.07 v rebuffer181/A (sky130_fd_sc_hs__buf_1)
     1    0.01    0.03    0.08    1.15 v rebuffer181/X (sky130_fd_sc_hs__buf_1)
                                         net181 (net)
                  0.03    0.00    1.15 v rebuffer155/A (sky130_fd_sc_hs__buf_2)
     1    0.01    0.04    0.10    1.25 v rebuffer155/X (sky130_fd_sc_hs__buf_2)
                                         net155 (net)
                  0.04    0.00    1.25 v place99/A (sky130_fd_sc_hs__buf_8)
     8    0.05    0.04    0.11    1.36 v place99/X (sky130_fd_sc_hs__buf_8)
                                         net99 (net)
                  0.04    0.00    1.36 v rebuffer167/A (sky130_fd_sc_hs__buf_1)
     2    0.01    0.04    0.09    1.45 v rebuffer167/X (sky130_fd_sc_hs__buf_1)
                                         net167 (net)
                  0.04    0.00    1.45 v _479_/A (sky130_fd_sc_hs__nand4_1)
     1    0.01    0.10    0.07    1.52 ^ _479_/Y (sky130_fd_sc_hs__nand4_1)
                                         _161_ (net)
                  0.10    0.00    1.52 ^ _483_/A (sky130_fd_sc_hs__and2_2)
     1    0.01    0.03    0.10    1.61 ^ _483_/X (sky130_fd_sc_hs__and2_2)
                                         _165_ (net)
                  0.03    0.00    1.62 ^ _505_/A (sky130_fd_sc_hs__nand2_2)
     1    0.00    0.02    0.03    1.64 v _505_/Y (sky130_fd_sc_hs__nand2_2)
                                         dpath.a_mux$out[14] (net)
                  0.02    0.00    1.64 v dpath.a_reg.out[14]$_DFFE_PP_/D (sky130_fd_sc_hs__edfxtp_1)
                                  1.64   data arrival time

                          1.58    1.58   clock core_clock (rise edge)
                          0.00    1.58   clock source latency
     1    0.02    0.00    0.00    1.58 ^ clk (in)
                                         clk (net)
                  0.00    0.00    1.58 ^ clkbuf_0_clk/A (sky130_fd_sc_hs__clkbuf_8)
     4    0.04    0.06    0.11    1.69 ^ clkbuf_0_clk/X (sky130_fd_sc_hs__clkbuf_8)
                                         clknet_0_clk (net)
                  0.06    0.00    1.69 ^ clkbuf_2_3__f_clk/A (sky130_fd_sc_hs__clkbuf_8)
     8    0.04    0.06    0.13    1.82 ^ clkbuf_2_3__f_clk/X (sky130_fd_sc_hs__clkbuf_8)
                                         clknet_2_3__leaf_clk (net)
                  0.06    0.00    1.82 ^ dpath.a_reg.out[14]$_DFFE_PP_/CLK (sky130_fd_sc_hs__edfxtp_1)
                          0.00    1.82   clock reconvergence pessimism
                         -0.30    1.52   library setup time
                                  1.52   data required time
-----------------------------------------------------------------------------
                                  1.52   data required time
                                 -1.64   data arrival time
-----------------------------------------------------------------------------
                                 -0.13   slack (VIOLATED)


Startpoint: dpath.b_reg.out[3]$_DFFE_PP_
            (rising edge-triggered flip-flop clocked by core_clock)
Endpoint: resp_msg[14] (output port clocked by vclk_core_clock)
Path Group: vclk_core_clock
Path Type: max

Fanout     Cap    Slew   Delay    Time   Description
-----------------------------------------------------------------------------
                          0.00    0.00   clock core_clock (rise edge)
                          0.00    0.00   clock source latency
     1    0.02    0.00    0.00    0.00 ^ clk (in)
                                         clk (net)
                  0.00    0.00    0.00 ^ clkbuf_0_clk/A (sky130_fd_sc_hs__clkbuf_8)
     4    0.04    0.06    0.11    0.11 ^ clkbuf_0_clk/X (sky130_fd_sc_hs__clkbuf_8)
                                         clknet_0_clk (net)
                  0.06    0.00    0.11 ^ clkbuf_2_1__f_clk/A (sky130_fd_sc_hs__clkbuf_8)
    10    0.05    0.07    0.13    0.24 ^ clkbuf_2_1__f_clk/X (sky130_fd_sc_hs__clkbuf_8)
                                         clknet_2_1__leaf_clk (net)
                  0.07    0.00    0.24 ^ dpath.b_reg.out[3]$_DFFE_PP_/CLK (sky130_fd_sc_hs__edfxtp_1)
     3    0.02    0.11    0.23    0.48 ^ dpath.b_reg.out[3]$_DFFE_PP_/Q (sky130_fd_sc_hs__edfxtp_1)
                                         dpath.a_lt_b$in1[3] (net)
                  0.11    0.00    0.48 ^ _311_/A_N (sky130_fd_sc_hs__nand2b_2)
     4    0.02    0.10    0.13    0.61 ^ _311_/Y (sky130_fd_sc_hs__nand2b_2)
                                         _015_ (net)
                  0.10    0.00    0.61 ^ rebuffer153/A (sky130_fd_sc_hs__buf_1)
     1    0.00    0.04    0.08    0.70 ^ rebuffer153/X (sky130_fd_sc_hs__buf_1)
                                         net153 (net)
                  0.04    0.00    0.70 ^ _331_/B1_N (sky130_fd_sc_hs__a21boi_4)
     2    0.01    0.09    0.13    0.83 ^ _331_/Y (sky130_fd_sc_hs__a21boi_4)
                                         _034_ (net)
                  0.09    0.00    0.83 ^ rebuffer182/A (sky130_fd_sc_hs__buf_1)
     1    0.00    0.04    0.08    0.91 ^ rebuffer182/X (sky130_fd_sc_hs__buf_1)
                                         net182 (net)
                  0.04    0.00    0.91 ^ place111/A (sky130_fd_sc_hs__buf_2)
     2    0.01    0.05    0.09    1.00 ^ place111/X (sky130_fd_sc_hs__buf_2)
                                         net111 (net)
                  0.05    0.00    1.00 ^ _484_/A2 (sky130_fd_sc_hs__o21a_1)
     2    0.01    0.08    0.12    1.12 ^ _484_/X (sky130_fd_sc_hs__o21a_1)
                                         _166_ (net)
                  0.08    0.00    1.12 ^ _488_/A (sky130_fd_sc_hs__nand2_1)
     2    0.01    0.06    0.08    1.20 v _488_/Y (sky130_fd_sc_hs__nand2_1)
                                         _170_ (net)
                  0.06    0.00    1.20 v _492_/A (sky130_fd_sc_hs__nand2_2)
     2    0.01    0.06    0.06    1.27 ^ _492_/Y (sky130_fd_sc_hs__nand2_2)
                                         _174_ (net)
                  0.06    0.00    1.27 ^ _498_/A (sky130_fd_sc_hs__nand2_1)
     1    0.00    0.04    0.04    1.31 v _498_/Y (sky130_fd_sc_hs__nand2_1)
                                         _180_ (net)
                  0.04    0.00    1.31 v _500_/A (sky130_fd_sc_hs__nand2_1)
     1    0.01    0.05    0.05    1.36 ^ _500_/Y (sky130_fd_sc_hs__nand2_1)
                                         _182_ (net)
                  0.05    0.00    1.36 ^ _502_/A (sky130_fd_sc_hs__nand2_2)
     2    0.01    0.04    0.05    1.41 v _502_/Y (sky130_fd_sc_hs__nand2_2)
                                         net42 (net)
                  0.04    0.00    1.41 v output42/A (sky130_fd_sc_hs__buf_1)
     1    0.00    0.01    0.06    1.48 v output42/X (sky130_fd_sc_hs__buf_1)
                                         resp_msg[14] (net)
                  0.01    0.00    1.48 v resp_msg[14] (out)
                                  1.48   data arrival time

                  0.00    1.58    1.58   clock vclk_core_clock (rise edge)
                          0.23    1.81   clock network delay (ideal)
                          0.00    1.81   clock reconvergence pessimism
                         -0.32    1.50   output external delay
                                  1.50   data required time
-----------------------------------------------------------------------------
                                  1.50   data required time
                                 -1.48   data arrival time
-----------------------------------------------------------------------------
                                  0.02   slack (MET)



==========================================================================
finish report_checks -unconstrained
--------------------------------------------------------------------------
Startpoint: dpath.a_reg.out[10]$_DFFE_PP_
            (rising edge-triggered flip-flop clocked by core_clock)
Endpoint: dpath.a_reg.out[14]$_DFFE_PP_
          (rising edge-triggered flip-flop clocked by core_clock)
Path Group: core_clock
Path Type: max

Fanout     Cap    Slew   Delay    Time   Description
-----------------------------------------------------------------------------
                          0.00    0.00   clock core_clock (rise edge)
                          0.00    0.00   clock source latency
     1    0.02    0.00    0.00    0.00 ^ clk (in)
                                         clk (net)
                  0.00    0.00    0.00 ^ clkbuf_0_clk/A (sky130_fd_sc_hs__clkbuf_8)
     4    0.04    0.06    0.11    0.11 ^ clkbuf_0_clk/X (sky130_fd_sc_hs__clkbuf_8)
                                         clknet_0_clk (net)
                  0.06    0.00    0.11 ^ clkbuf_2_3__f_clk/A (sky130_fd_sc_hs__clkbuf_8)
     8    0.04    0.06    0.13    0.24 ^ clkbuf_2_3__f_clk/X (sky130_fd_sc_hs__clkbuf_8)
                                         clknet_2_3__leaf_clk (net)
                  0.06    0.00    0.24 ^ dpath.a_reg.out[10]$_DFFE_PP_/CLK (sky130_fd_sc_hs__edfxtp_1)
     3    0.02    0.13    0.25    0.49 ^ dpath.a_reg.out[10]$_DFFE_PP_/Q (sky130_fd_sc_hs__edfxtp_1)
                                         dpath.a_lt_b$in0[10] (net)
                  0.13    0.00    0.49 ^ _392_/A_N (sky130_fd_sc_hs__nand2b_2)
     3    0.02    0.10    0.14    0.63 ^ _392_/Y (sky130_fd_sc_hs__nand2b_2)
                                         _075_ (net)
                  0.10    0.00    0.63 ^ _393_/B (sky130_fd_sc_hs__and2_2)
     2    0.01    0.04    0.11    0.74 ^ _393_/X (sky130_fd_sc_hs__and2_2)
                                         _076_ (net)
                  0.04    0.00    0.74 ^ _451_/A (sky130_fd_sc_hs__nand2_2)
     3    0.03    0.08    0.08    0.82 v _451_/Y (sky130_fd_sc_hs__nand2_2)
                                         _133_ (net)
                  0.08    0.00    0.82 v _453_/A (sky130_fd_sc_hs__nor2_4)
     2    0.01    0.06    0.09    0.91 ^ _453_/Y (sky130_fd_sc_hs__nor2_4)
                                         _135_ (net)
                  0.06    0.00    0.91 ^ _457_/A (sky130_fd_sc_hs__and2_2)
     1    0.02    0.07    0.11    1.02 ^ _457_/X (sky130_fd_sc_hs__and2_2)
                                         _139_ (net)
                  0.07    0.00    1.02 ^ _458_/B (sky130_fd_sc_hs__nand2_8)
     2    0.02    0.04    0.04    1.07 v _458_/Y (sky130_fd_sc_hs__nand2_8)
                                         _140_ (net)
                  0.04    0.00    1.07 v rebuffer181/A (sky130_fd_sc_hs__buf_1)
     1    0.01    0.03    0.08    1.15 v rebuffer181/X (sky130_fd_sc_hs__buf_1)
                                         net181 (net)
                  0.03    0.00    1.15 v rebuffer155/A (sky130_fd_sc_hs__buf_2)
     1    0.01    0.04    0.10    1.25 v rebuffer155/X (sky130_fd_sc_hs__buf_2)
                                         net155 (net)
                  0.04    0.00    1.25 v place99/A (sky130_fd_sc_hs__buf_8)
     8    0.05    0.04    0.11    1.36 v place99/X (sky130_fd_sc_hs__buf_8)
                                         net99 (net)
                  0.04    0.00    1.36 v rebuffer167/A (sky130_fd_sc_hs__buf_1)
     2    0.01    0.04    0.09    1.45 v rebuffer167/X (sky130_fd_sc_hs__buf_1)
                                         net167 (net)
                  0.04    0.00    1.45 v _479_/A (sky130_fd_sc_hs__nand4_1)
     1    0.01    0.10    0.07    1.52 ^ _479_/Y (sky130_fd_sc_hs__nand4_1)
                                         _161_ (net)
                  0.10    0.00    1.52 ^ _483_/A (sky130_fd_sc_hs__and2_2)
     1    0.01    0.03    0.10    1.61 ^ _483_/X (sky130_fd_sc_hs__and2_2)
                                         _165_ (net)
                  0.03    0.00    1.62 ^ _505_/A (sky130_fd_sc_hs__nand2_2)
     1    0.00    0.02    0.03    1.64 v _505_/Y (sky130_fd_sc_hs__nand2_2)
                                         dpath.a_mux$out[14] (net)
                  0.02    0.00    1.64 v dpath.a_reg.out[14]$_DFFE_PP_/D (sky130_fd_sc_hs__edfxtp_1)
                                  1.64   data arrival time

                          1.58    1.58   clock core_clock (rise edge)
                          0.00    1.58   clock source latency
     1    0.02    0.00    0.00    1.58 ^ clk (in)
                                         clk (net)
                  0.00    0.00    1.58 ^ clkbuf_0_clk/A (sky130_fd_sc_hs__clkbuf_8)
     4    0.04    0.06    0.11    1.69 ^ clkbuf_0_clk/X (sky130_fd_sc_hs__clkbuf_8)
                                         clknet_0_clk (net)
                  0.06    0.00    1.69 ^ clkbuf_2_3__f_clk/A (sky130_fd_sc_hs__clkbuf_8)
     8    0.04    0.06    0.13    1.82 ^ clkbuf_2_3__f_clk/X (sky130_fd_sc_hs__clkbuf_8)
                                         clknet_2_3__leaf_clk (net)
                  0.06    0.00    1.82 ^ dpath.a_reg.out[14]$_DFFE_PP_/CLK (sky130_fd_sc_hs__edfxtp_1)
                          0.00    1.82   clock reconvergence pessimism
                         -0.30    1.52   library setup time
                                  1.52   data required time
-----------------------------------------------------------------------------
                                  1.52   data required time
                                 -1.64   data arrival time
-----------------------------------------------------------------------------
                                 -0.13   slack (VIOLATED)


Startpoint: dpath.b_reg.out[3]$_DFFE_PP_
            (rising edge-triggered flip-flop clocked by core_clock)
Endpoint: resp_msg[14] (output port clocked by vclk_core_clock)
Path Group: vclk_core_clock
Path Type: max

Fanout     Cap    Slew   Delay    Time   Description
-----------------------------------------------------------------------------
                          0.00    0.00   clock core_clock (rise edge)
                          0.00    0.00   clock source latency
     1    0.02    0.00    0.00    0.00 ^ clk (in)
                                         clk (net)
                  0.00    0.00    0.00 ^ clkbuf_0_clk/A (sky130_fd_sc_hs__clkbuf_8)
     4    0.04    0.06    0.11    0.11 ^ clkbuf_0_clk/X (sky130_fd_sc_hs__clkbuf_8)
                                         clknet_0_clk (net)
                  0.06    0.00    0.11 ^ clkbuf_2_1__f_clk/A (sky130_fd_sc_hs__clkbuf_8)
    10    0.05    0.07    0.13    0.24 ^ clkbuf_2_1__f_clk/X (sky130_fd_sc_hs__clkbuf_8)
                                         clknet_2_1__leaf_clk (net)
                  0.07    0.00    0.24 ^ dpath.b_reg.out[3]$_DFFE_PP_/CLK (sky130_fd_sc_hs__edfxtp_1)
     3    0.02    0.11    0.23    0.48 ^ dpath.b_reg.out[3]$_DFFE_PP_/Q (sky130_fd_sc_hs__edfxtp_1)
                                         dpath.a_lt_b$in1[3] (net)
                  0.11    0.00    0.48 ^ _311_/A_N (sky130_fd_sc_hs__nand2b_2)
     4    0.02    0.10    0.13    0.61 ^ _311_/Y (sky130_fd_sc_hs__nand2b_2)
                                         _015_ (net)
                  0.10    0.00    0.61 ^ rebuffer153/A (sky130_fd_sc_hs__buf_1)
     1    0.00    0.04    0.08    0.70 ^ rebuffer153/X (sky130_fd_sc_hs__buf_1)
                                         net153 (net)
                  0.04    0.00    0.70 ^ _331_/B1_N (sky130_fd_sc_hs__a21boi_4)
     2    0.01    0.09    0.13    0.83 ^ _331_/Y (sky130_fd_sc_hs__a21boi_4)
                                         _034_ (net)
                  0.09    0.00    0.83 ^ rebuffer182/A (sky130_fd_sc_hs__buf_1)
     1    0.00    0.04    0.08    0.91 ^ rebuffer182/X (sky130_fd_sc_hs__buf_1)
                                         net182 (net)
                  0.04    0.00    0.91 ^ place111/A (sky130_fd_sc_hs__buf_2)
     2    0.01    0.05    0.09    1.00 ^ place111/X (sky130_fd_sc_hs__buf_2)
                                         net111 (net)
                  0.05    0.00    1.00 ^ _484_/A2 (sky130_fd_sc_hs__o21a_1)
     2    0.01    0.08    0.12    1.12 ^ _484_/X (sky130_fd_sc_hs__o21a_1)
                                         _166_ (net)
                  0.08    0.00    1.12 ^ _488_/A (sky130_fd_sc_hs__nand2_1)
     2    0.01    0.06    0.08    1.20 v _488_/Y (sky130_fd_sc_hs__nand2_1)
                                         _170_ (net)
                  0.06    0.00    1.20 v _492_/A (sky130_fd_sc_hs__nand2_2)
     2    0.01    0.06    0.06    1.27 ^ _492_/Y (sky130_fd_sc_hs__nand2_2)
                                         _174_ (net)
                  0.06    0.00    1.27 ^ _498_/A (sky130_fd_sc_hs__nand2_1)
     1    0.00    0.04    0.04    1.31 v _498_/Y (sky130_fd_sc_hs__nand2_1)
                                         _180_ (net)
                  0.04    0.00    1.31 v _500_/A (sky130_fd_sc_hs__nand2_1)
     1    0.01    0.05    0.05    1.36 ^ _500_/Y (sky130_fd_sc_hs__nand2_1)
                                         _182_ (net)
                  0.05    0.00    1.36 ^ _502_/A (sky130_fd_sc_hs__nand2_2)
     2    0.01    0.04    0.05    1.41 v _502_/Y (sky130_fd_sc_hs__nand2_2)
                                         net42 (net)
                  0.04    0.00    1.41 v output42/A (sky130_fd_sc_hs__buf_1)
     1    0.00    0.01    0.06    1.48 v output42/X (sky130_fd_sc_hs__buf_1)
                                         resp_msg[14] (net)
                  0.01    0.00    1.48 v resp_msg[14] (out)
                                  1.48   data arrival time

                  0.00    1.58    1.58   clock vclk_core_clock (rise edge)
                          0.23    1.81   clock network delay (ideal)
                          0.00    1.81   clock reconvergence pessimism
                         -0.32    1.50   output external delay
                                  1.50   data required time
-----------------------------------------------------------------------------
                                  1.50   data required time
                                 -1.48   data arrival time
-----------------------------------------------------------------------------
                                  0.02   slack (MET)



==========================================================================
finish report_check_types -max_slew -max_cap -max_fanout -violators
--------------------------------------------------------------------------

==========================================================================
finish max_slew_check_slack
--------------------------------------------------------------------------
0.4186348617076874

==========================================================================
finish max_slew_check_limit
--------------------------------------------------------------------------
1.0

==========================================================================
finish max_slew_check_slack_limit
--------------------------------------------------------------------------
0.4186

==========================================================================
finish max_fanout_check_slack
--------------------------------------------------------------------------
1.0000000150474662e+30

==========================================================================
finish max_fanout_check_limit
--------------------------------------------------------------------------
1.0000000150474662e+30

==========================================================================
finish max_capacitance_check_slack
--------------------------------------------------------------------------
0.02672421745955944

==========================================================================
finish max_capacitance_check_limit
--------------------------------------------------------------------------
0.034299999475479126

==========================================================================
finish max_capacitance_check_slack_limit
--------------------------------------------------------------------------
0.7791

==========================================================================
finish max_slew_violation_count
--------------------------------------------------------------------------
max slew violation count 0

==========================================================================
finish max_fanout_violation_count
--------------------------------------------------------------------------
max fanout violation count 0

==========================================================================
finish max_cap_violation_count
--------------------------------------------------------------------------
max cap violation count 0

==========================================================================
finish setup_violation_count
--------------------------------------------------------------------------
setup violation count 31

==========================================================================
finish hold_violation_count
--------------------------------------------------------------------------
hold violation count 0

==========================================================================
finish report_checks -path_delay max reg to reg
--------------------------------------------------------------------------
Startpoint: dpath.a_reg.out[10]$_DFFE_PP_
            (rising edge-triggered flip-flop clocked by core_clock)
Endpoint: dpath.a_reg.out[14]$_DFFE_PP_
          (rising edge-triggered flip-flop clocked by core_clock)
Path Group: core_clock
Path Type: max

  Delay    Time   Description
---------------------------------------------------------
   0.00    0.00   clock core_clock (rise edge)
   0.00    0.00   clock source latency
   0.00    0.00 ^ clk (in)
   0.11    0.11 ^ clkbuf_0_clk/X (sky130_fd_sc_hs__clkbuf_8)
   0.13    0.24 ^ clkbuf_2_3__f_clk/X (sky130_fd_sc_hs__clkbuf_8)
   0.00    0.24 ^ dpath.a_reg.out[10]$_DFFE_PP_/CLK (sky130_fd_sc_hs__edfxtp_1)
   0.25    0.49 ^ dpath.a_reg.out[10]$_DFFE_PP_/Q (sky130_fd_sc_hs__edfxtp_1)
   0.14    0.63 ^ _392_/Y (sky130_fd_sc_hs__nand2b_2)
   0.11    0.74 ^ _393_/X (sky130_fd_sc_hs__and2_2)
   0.08    0.82 v _451_/Y (sky130_fd_sc_hs__nand2_2)
   0.09    0.91 ^ _453_/Y (sky130_fd_sc_hs__nor2_4)
   0.11    1.02 ^ _457_/X (sky130_fd_sc_hs__and2_2)
   0.05    1.07 v _458_/Y (sky130_fd_sc_hs__nand2_8)
   0.08    1.15 v rebuffer181/X (sky130_fd_sc_hs__buf_1)
   0.10    1.25 v rebuffer155/X (sky130_fd_sc_hs__buf_2)
   0.11    1.36 v place99/X (sky130_fd_sc_hs__buf_8)
   0.09    1.45 v rebuffer167/X (sky130_fd_sc_hs__buf_1)
   0.07    1.52 ^ _479_/Y (sky130_fd_sc_hs__nand4_1)
   0.10    1.61 ^ _483_/X (sky130_fd_sc_hs__and2_2)
   0.03    1.64 v _505_/Y (sky130_fd_sc_hs__nand2_2)
   0.00    1.64 v dpath.a_reg.out[14]$_DFFE_PP_/D (sky130_fd_sc_hs__edfxtp_1)
           1.64   data arrival time

   1.58    1.58   clock core_clock (rise edge)
   0.00    1.58   clock source latency
   0.00    1.58 ^ clk (in)
   0.11    1.69 ^ clkbuf_0_clk/X (sky130_fd_sc_hs__clkbuf_8)
   0.13    1.82 ^ clkbuf_2_3__f_clk/X (sky130_fd_sc_hs__clkbuf_8)
   0.00    1.82 ^ dpath.a_reg.out[14]$_DFFE_PP_/CLK (sky130_fd_sc_hs__edfxtp_1)
   0.00    1.82   clock reconvergence pessimism
  -0.30    1.52   library setup time
           1.52   data required time
---------------------------------------------------------
           1.52   data required time
          -1.64   data arrival time
---------------------------------------------------------
          -0.13   slack (VIOLATED)



==========================================================================
finish report_checks -path_delay min reg to reg
--------------------------------------------------------------------------
Startpoint: ctrl.state.out[1]$_DFF_P_
            (rising edge-triggered flip-flop clocked by core_clock)
Endpoint: ctrl.state.out[1]$_DFF_P_
          (rising edge-triggered flip-flop clocked by core_clock)
Path Group: core_clock
Path Type: min

  Delay    Time   Description
---------------------------------------------------------
   0.00    0.00   clock core_clock (rise edge)
   0.00    0.00   clock source latency
   0.00    0.00 ^ clk (in)
   0.11    0.11 ^ clkbuf_0_clk/X (sky130_fd_sc_hs__clkbuf_8)
   0.13    0.24 ^ clkbuf_2_0__f_clk/X (sky130_fd_sc_hs__clkbuf_8)
   0.00    0.24 ^ ctrl.state.out[1]$_DFF_P_/CLK (sky130_fd_sc_hs__dfxtp_1)
   0.20    0.44 ^ ctrl.state.out[1]$_DFF_P_/Q (sky130_fd_sc_hs__dfxtp_1)
   0.04    0.48 v _635_/Y (sky130_fd_sc_hs__nand2_1)
   0.04    0.52 ^ _636_/Y (sky130_fd_sc_hs__o31ai_1)
   0.00    0.52 ^ ctrl.state.out[1]$_DFF_P_/D (sky130_fd_sc_hs__dfxtp_1)
           0.52   data arrival time

   0.00    0.00   clock core_clock (rise edge)
   0.00    0.00   clock source latency
   0.00    0.00 ^ clk (in)
   0.11    0.11 ^ clkbuf_0_clk/X (sky130_fd_sc_hs__clkbuf_8)
   0.13    0.24 ^ clkbuf_2_0__f_clk/X (sky130_fd_sc_hs__clkbuf_8)
   0.00    0.24 ^ ctrl.state.out[1]$_DFF_P_/CLK (sky130_fd_sc_hs__dfxtp_1)
   0.00    0.24   clock reconvergence pessimism
   0.01    0.25   library hold time
           0.25   data required time
---------------------------------------------------------
           0.25   data required time
          -0.52   data arrival time
---------------------------------------------------------
           0.27   slack (MET)



==========================================================================
finish critical path target clock latency max path
--------------------------------------------------------------------------
0.2397

==========================================================================
finish critical path target clock latency min path
--------------------------------------------------------------------------
0.2377

==========================================================================
finish critical path source clock latency min path
--------------------------------------------------------------------------
0.2350

==========================================================================
finish critical path delay
--------------------------------------------------------------------------
1.6445

==========================================================================
finish critical path slack
--------------------------------------------------------------------------
-0.1269

==========================================================================
finish slack div critical path delay
--------------------------------------------------------------------------
-7.716631

==========================================================================
finish report_power
--------------------------------------------------------------------------
Group                  Internal  Switching    Leakage      Total
                          Power      Power      Power      Power (Watts)
----------------------------------------------------------------
Sequential             1.44e-03   1.38e-04   4.70e-08   1.57e-03  27.9%
Combinational          1.86e-03   1.30e-03   4.72e-08   3.16e-03  56.1%
Clock                  4.67e-04   4.31e-04   1.15e-09   8.99e-04  16.0%
Macro                  0.00e+00   0.00e+00   0.00e+00   0.00e+00   0.0%
Pad                    0.00e+00   0.00e+00   0.00e+00   0.00e+00   0.0%
----------------------------------------------------------------
Total                  3.76e-03   1.87e-03   9.53e-08   5.63e-03 100.0%
                          66.8%      33.2%       0.0%
