make: Entering directory '/root/OpenROAD-flow-scripts/flow'
./logs/sky130hd/chia_i2c_benchmark_corrupted/slot1
Log                       Ext     Elapsed/s Peak Memory/MB sha1sum result [0:20)
1_1_yosys_canonicalize    .rtlil          0             61 c8ba4f8855ee11ca8807
1_2_yosys                 .v              0             60 2b8f33ce0d99be90150c
1_2_yosys                 .sdc                             b4c53d738ad721e30684
1_synth                   .odb            0            121 296185d589181cd7a9ac
1_synth                   .sdc                             4974275ea6eeacf129b2
2_1_floorplan             .odb            0            140 ffdce68a7a9d528d5979
2_1_floorplan             .sdc                             4974275ea6eeacf129b2
2_2_floorplan_macro       .odb            0            120 ffdce68a7a9d528d5979
2_3_floorplan_tapcell     .odb            0            119 16dd87b9f1ac43eb6b2f
2_4_floorplan_pdn         .odb            0            122 a7de1d6280ada6a20b25
3_1_place_gp_skip_io      .odb            0            121 e474412682097419ea51
3_2_place_iop             .odb            0            119 ddb7d6e590f3a85fab8e
3_3_place_gp              .odb            0            234 eaef5464b43a40021e0b
3_4_place_resized         .odb            0            138 eaef5464b43a40021e0b
3_5_place_dp              .odb            0            124 1e583f3c03a378494729
4_1_cts                   .odb            1            162 24ff4b9d6ea5d39af314
5_1_grt                   .odb            7            250 45e3e677325f620e5500
5_1_grt                   .sdc                             ba68b1195c737c33fba6
5_2_route                 .odb           19            587 080769853228f92c65d9
5_3_fillcell              .odb            0            123 efb03dc059d2061428cf
6_1_fill                  .odb            0            119 efb03dc059d2061428cf
6_1_fill                  .sdc                             ba68b1195c737c33fba6
6_1_merge                                 1            429                  N/A
6_report                                  0            179                  N/A
Total                                    28            587                     
mkdir -p ./reports/sky130hd/chia_i2c_benchmark_corrupted/slot1
echo /root/chia-orfs/rtl_to_gds_designs/sky130hd/chia_i2c_benchmark_corrupted > ./reports/sky130hd/chia_i2c_benchmark_corrupted/slot1/design-dir.txt
/opt/miniconda/envs/chia_env/bin/python3 /root/OpenROAD-flow-scripts/flow/util/genMetrics.py -d chia_i2c_benchmark_corrupted \
    -p sky130hd \
    -v slot1 \
    --logs ./logs/sky130hd/chia_i2c_benchmark_corrupted/slot1 \
    --reports ./reports/sky130hd/chia_i2c_benchmark_corrupted/slot1 \
    --results ./results/sky130hd/chia_i2c_benchmark_corrupted/slot1 \
    -o ./reports/sky130hd/chia_i2c_benchmark_corrupted/slot1/metadata.json 2>&1 \
    | tee /root/OpenROAD-flow-scripts/flow/reports/sky130hd/chia_i2c_benchmark_corrupted/slot1/metadata-generate.log
[WARN] not a git repo: /root/OpenROAD-flow-scripts/flow/util/../
[WARN] not a git repo: /root/OpenROAD-flow-scripts/flow/platforms/sky130hd
[WARN] Tag globalroute__timing__clock__slack not found in ./logs/sky130hd/chia_i2c_benchmark_corrupted/slot1/5_1_grt.log. Will use N/A.
[WARN] Overwriting Tag synth__runtime__total
[WARN] Overwriting Tag synth__cpu__total
[WARN] Overwriting Tag synth__mem__peak
[WARN] Overwriting Tag finish__runtime__total
[WARN] Overwriting Tag finish__cpu__total
[WARN] Overwriting Tag finish__mem__peak
/opt/miniconda/envs/chia_env/bin/python3 /root/OpenROAD-flow-scripts/flow/util/checkMetadata.py \
    -m ./reports/sky130hd/chia_i2c_benchmark_corrupted/slot1/metadata.json \
    -r /root/chia-orfs/rtl_to_gds_designs/sky130hd/chia_i2c_benchmark_corrupted/rules-slot1.json 2>&1 \
    | tee /root/OpenROAD-flow-scripts/flow/reports/sky130hd/chia_i2c_benchmark_corrupted/slot1/metadata-check.log
[WARN] File /root/chia-orfs/rtl_to_gds_designs/sky130hd/chia_i2c_benchmark_corrupted/rules-slot1.json not found
No rules
make: Leaving directory '/root/OpenROAD-flow-scripts/flow'

STDERR:
bash: /opt/miniconda/lib/libtinfo.so.6: no version information available (required by bash)
bash: /opt/miniconda/lib/libtinfo.so.6: no version information available (required by bash)
bash: /opt/miniconda/lib/libtinfo.so.6: no version information available (required by bash)
bash: /opt/miniconda/lib/libtinfo.so.6: no version information available (required by bash)
bash: /opt/miniconda/lib/libtinfo.so.6: no version information available (required by bash)
bash: /opt/miniconda/lib/libtinfo.so.6: no version information available (required by bash)
bash: /opt/miniconda/lib/libtinfo.so.6: no version information available (required by bash)
bash: /opt/miniconda/lib/libtinfo.so.6: no version information available (required by bash)
bash: /opt/miniconda/lib/libtinfo.so.6: no version information available (required by bash)
bash: /opt/miniconda/lib/libtinfo.so.6: no version information available (required by bash)
bash: /opt/miniconda/lib/libtinfo.so.6: no version information available (required by bash)
bash: /opt/miniconda/lib/libtinfo.so.6: no version information available (required by bash)
bash: /opt/miniconda/lib/libtinfo.so.6: no version information available (required by bash)
bash: /opt/miniconda/lib/libtinfo.so.6: no version information available (required by bash)
bash: /opt/miniconda/lib/libtinfo.so.6: no version information available (required by bash)
bash: /opt/miniconda/lib/libtinfo.so.6: no version information available (required by bash)
bash: /opt/miniconda/lib/libtinfo.so.6: no version information available (required by bash)
bash: /opt/miniconda/lib/libtinfo.so.6: no version information available (required by bash)
bash: /opt/miniconda/lib/libtinfo.so.6: no version information available (required by bash)
bash: /opt/miniconda/lib/libtinfo.so.6: no version information available (required by bash)
bash: /opt/miniconda/lib/libtinfo.so.6: no version information available (required by bash)
bash: /opt/miniconda/lib/libtinfo.so.6: no version information available (required by bash)
bash: /opt/miniconda/lib/libtinfo.so.6: no version information available (required by bash)
bash: /opt/miniconda/lib/libtinfo.so.6: no version information available (required by bash)
bash: /opt/miniconda/lib/libtinfo.so.6: no version information available (required by bash)
bash: /opt/miniconda/lib/libtinfo.so.6: no version information available (required by bash)
bash: /opt/miniconda/lib/libtinfo.so.6: no version information available (required by bash)
bash: /opt/miniconda/lib/libtinfo.so.6: no version information available (required by bash)
bash: /opt/miniconda/lib/libtinfo.so.6: no version information available (required by bash)
bash: /opt/miniconda/lib/libtinfo.so.6: no version information available (required by bash)
bash: /opt/miniconda/lib/libtinfo.so.6: no version information available (required by bash)
bash: /opt/miniconda/lib/libtinfo.so.6: no version information available (required by bash)
bash: /opt/miniconda/lib/libtinfo.so.6: no version information available (required by bash)
bash: /opt/miniconda/lib/libtinfo.so.6: no version information available (required by bash)
bash: /opt/miniconda/lib/libtinfo.so.6: no version information available (required by bash)
bash: /opt/miniconda/lib/libtinfo.so.6: no version information available (required by bash)
bash: /opt/miniconda/lib/libtinfo.so.6: no version information available (required by bash)
bash: /opt/miniconda/lib/libtinfo.so.6: no version information available (required by bash)
bash: /opt/miniconda/lib/libtinfo.so.6: no version information available (required by bash)
make: *** [/root/OpenROAD-flow-scripts/flow/util/utils.mk:36: metadata-check] Error 1
