make: Entering directory '/root/OpenROAD-flow-scripts/flow'
/root/OpenROAD-flow-scripts/flow/scripts/flow.sh 5_1_grt global_route
Running global_route.tcl, stage 5_1_grt
read_liberty /root/OpenROAD-flow-scripts/flow/platforms/sky130hd/lib/sky130_fd_sc_hd__tt_025C_1v80.lib
read_db ./results/sky130hd/chia_i2c_benchmark_corrupted/slot1/4_cts.odb
read_sdc ./results/sky130hd/chia_i2c_benchmark_corrupted/slot1/4_cts.sdc
source /root/OpenROAD-flow-scripts/flow/platforms/sky130hd/setRC.tcl
pin_access
[INFO DRT-0149] Reading tech and libs.
[WARNING DRT-0349] LEF58_ENCLOSURE with no CUTCLASS is not supported. Skipping for layer mcon
[WARNING DRT-0349] LEF58_ENCLOSURE with no CUTCLASS is not supported. Skipping for layer mcon
[WARNING DRT-0349] LEF58_ENCLOSURE with no CUTCLASS is not supported. Skipping for layer via
[WARNING DRT-0349] LEF58_ENCLOSURE with no CUTCLASS is not supported. Skipping for layer via
[WARNING DRT-0349] LEF58_ENCLOSURE with no CUTCLASS is not supported. Skipping for layer via2
[WARNING DRT-0349] LEF58_ENCLOSURE with no CUTCLASS is not supported. Skipping for layer via2
[WARNING DRT-0349] LEF58_ENCLOSURE with no CUTCLASS is not supported. Skipping for layer via3
[WARNING DRT-0349] LEF58_ENCLOSURE with no CUTCLASS is not supported. Skipping for layer via3
[WARNING DRT-0349] LEF58_ENCLOSURE with no CUTCLASS is not supported. Skipping for layer via4
[WARNING DRT-0349] LEF58_ENCLOSURE with no CUTCLASS is not supported. Skipping for layer via4

Units:                1000
Number of layers:     13
Number of macros:     441
Number of vias:       29
Number of viarulegen: 25

[INFO DRT-0150] Reading design.

Design:                   i2c_master
Die area:                 ( 0 0 ) ( 71875 71875 )
Number of track patterns: 12
Number of DEF vias:       0
Number of components:     360
Number of terminals:      38
Number of snets:          2
Number of nets:           314

[INFO DRT-0167] List of default vias:
  Layer via
    default via: M1M2_PR
  Layer via2
    default via: M2M3_PR
  Layer via3
    default via: M3M4_PR
  Layer via4
    default via: M4M5_PR
[INFO DRT-0162] Library cell analysis.
[INFO DRT-0163] Instance analysis.
[INFO DRT-0164] Number of unique instances = 69.
[INFO DRT-0168] Init region query.
[INFO DRT-0024]   Complete FR_MASTERSLICE.
[INFO DRT-0024]   Complete Fr_VIA.
[INFO DRT-0024]   Complete li1.
[INFO DRT-0024]   Complete mcon.
[INFO DRT-0024]   Complete met1.
[INFO DRT-0024]   Complete via.
[INFO DRT-0024]   Complete met2.
[INFO DRT-0024]   Complete via2.
[INFO DRT-0024]   Complete met3.
[INFO DRT-0024]   Complete via3.
[INFO DRT-0024]   Complete met4.
[INFO DRT-0024]   Complete via4.
[INFO DRT-0024]   Complete met5.
[INFO DRT-0033] FR_MASTERSLICE shape region query size = 0.
[INFO DRT-0033] FR_VIA shape region query size = 0.
[INFO DRT-0033] li1 shape region query size = 7997.
[INFO DRT-0033] mcon shape region query size = 4674.
[INFO DRT-0033] met1 shape region query size = 1211.
[INFO DRT-0033] via shape region query size = 325.
[INFO DRT-0033] met2 shape region query size = 207.
[INFO DRT-0033] via2 shape region query size = 260.
[INFO DRT-0033] met3 shape region query size = 219.
[INFO DRT-0033] via3 shape region query size = 260.
[INFO DRT-0033] met4 shape region query size = 83.
[INFO DRT-0033] via4 shape region query size = 13.
[INFO DRT-0033] met5 shape region query size = 23.
[INFO DRT-0165] Start pin access.
[INFO DRT-0078]   Complete 540 pins.
[INFO DRT-0081]   Complete 69 unique inst patterns.
[INFO DRT-0084]   Complete 200 groups.
#scanned instances     = 360
#unique  instances     = 69
#stdCellGenAp          = 2018
#stdCellValidPlanarAp  = 0
#stdCellValidViaAp     = 1627
#stdCellPinNoAp        = 0
#stdCellPinCnt         = 981
#instTermValidViaApCnt = 0
#macroGenAp            = 0
#macroValidPlanarAp    = 0
#macroValidViaAp       = 0
#macroNoAp             = 0
[INFO DRT-0166] Complete pin access.
[INFO DRT-0267] cpu time = 00:00:06, elapsed time = 00:00:06, memory = 125.09 (MB), peak = 125.09 (MB)
Took 6 seconds: pin_access
global_route -congestion_report_file ./reports/sky130hd/chia_i2c_benchmark_corrupted/slot1/congestion.rpt -congestion_iterations 30 -congestion_report_iter_step 5 -verbose
[INFO GRT-0020] Min routing layer: met1
[INFO GRT-0021] Max routing layer: met5
[INFO GRT-0022] Global adjustment: 0%
[INFO GRT-0023] Grid origin: (0, 0)
[INFO GRT-0088] Layer li1     Track-Pitch = 0.4600  line-2-Via Pitch: 0.3400
[INFO GRT-0088] Layer met1    Track-Pitch = 0.3400  line-2-Via Pitch: 0.3400
[INFO GRT-0088] Layer met2    Track-Pitch = 0.4600  line-2-Via Pitch: 0.3500
[INFO GRT-0088] Layer met3    Track-Pitch = 0.6800  line-2-Via Pitch: 0.6150
[INFO GRT-0088] Layer met4    Track-Pitch = 0.9200  line-2-Via Pitch: 1.0400
[INFO GRT-0088] Layer met5    Track-Pitch = 3.4000  line-2-Via Pitch: 3.1100
[INFO GRT-0003] Macros: 0
[INFO GRT-0004] Blockages: 700
[INFO GRT-0019] Found 6 clock nets.
[INFO GRT-0001] Minimum degree: 2
[INFO GRT-0002] Maximum degree: 43

[INFO GRT-0053] Routing resources analysis:
          Routing      Original      Derated      Resource
Layer     Direction    Resources     Resources    Reduction (%)
---------------------------------------------------------------
li1        Vertical            0             0          0.00%
met1       Horizontal       1463          1132          22.62%
met2       Vertical         1233           954          22.63%
met3       Horizontal        905           711          21.44%
met4       Vertical          603           459          23.88%
met5       Horizontal        153            99          35.29%
---------------------------------------------------------------

[INFO GRT-0197] Via related to pin nodes: 1429
[INFO GRT-0198] Via related Steiner nodes: 15
[INFO GRT-0199] Via filling finished.
[INFO GRT-0111] Final number of vias: 1735
[INFO GRT-0112] Final usage 3D: 5885

[INFO GRT-0096] Final congestion report:
Layer         Resource        Demand        Usage (%)    Max H / Max V / Total Congestion
---------------------------------------------------------------------------------------
li1                  0             0            0.00%             0 /  0 /  0
met1              1132           311           27.47%             0 /  0 /  0
met2               954           299           31.34%             0 /  0 /  0
met3               711            34            4.78%             0 /  0 /  0
met4               459            36            7.84%             0 /  0 /  0
met5                99             0            0.00%             0 /  0 /  0
---------------------------------------------------------------------------------------
Total             3355           680           20.27%             0 /  0 /  0

[INFO GRT-0018] Total wirelength: 8176 um
[INFO GRT-0014] Routed nets: 313
[INFO GRT-0303] Global routing runtime = 00:00:00
[WARNING STA-0450] virtual clock vclk can not be propagated.
estimate_parasitics -global_routing
Perform buffer insertion and gate resizing...
repair_design -verbose
Iteration |   Area    | Resized | Buffers | Nets repaired | Remaining
---------------------------------------------------------------------
        0 |     +0.0% |       0 |       0 |             0 |       318
       10 |     +0.0% |       0 |       0 |             0 |       308
       20 |     +0.0% |       0 |       0 |             0 |       298
       30 |     +0.0% |       0 |       0 |             0 |       288
       40 |     +0.0% |       0 |       0 |             0 |       278
       50 |     +0.0% |       0 |       0 |             0 |       268
       60 |     +0.0% |       0 |       0 |             0 |       258
       70 |     +0.0% |       0 |       0 |             0 |       248
       80 |     +0.0% |       0 |       0 |             0 |       238
       90 |     +0.0% |       0 |       0 |             0 |       228
      100 |     +0.0% |       0 |       0 |             0 |       218
      110 |     +0.0% |       0 |       0 |             0 |       208
      120 |     +0.0% |       0 |       0 |             0 |       198
      130 |     +0.0% |       0 |       0 |             0 |       188
      140 |     +0.0% |       0 |       0 |             0 |       178
      150 |     +0.0% |       0 |       0 |             0 |       168
      160 |     +0.0% |       0 |       0 |             0 |       158
      170 |     +0.0% |       0 |       0 |             0 |       148
      180 |     +0.0% |       0 |       0 |             0 |       138
      190 |     +0.0% |       0 |       0 |             0 |       128
      200 |     +0.0% |       0 |       0 |             0 |       118
      210 |     +0.0% |       0 |       0 |             0 |       108
      220 |     +0.0% |       0 |       0 |             0 |        98
      230 |     +0.0% |       0 |       0 |             0 |        88
      240 |     +0.0% |       0 |       0 |             0 |        78
      250 |     +0.0% |       0 |       0 |             0 |        68
      260 |     +0.0% |       0 |       0 |             0 |        58
      270 |     +0.0% |       0 |       0 |             0 |        48
      280 |     +0.0% |       0 |       0 |             0 |        38
      290 |     +0.0% |       0 |       0 |             0 |        28
      300 |     +0.0% |       0 |       0 |             0 |        18
      310 |     +0.0% |       0 |       0 |             0 |         8
[WARNING RSZ-0104] Net scl_in only has one pin. Check if it is intended to be dangling.
    final |     +0.0% |       0 |       0 |             0 |         0
---------------------------------------------------------------------
[INFO RSZ-0504] Runtime: 0.01s
global_route -start_incremental
detailed_placement
[INFO DPL-0006] Core area: 4723.28 um^2
[INFO DPL-0007] Movable instances area: 2652.54 um^2
[INFO DPL-0008] Fixed instances area within core: 83.83 um^2
[INFO DPL-0009] Utilization: 57.9%
[INFO DPL-0005] Diamond search max displacement: +/- 500 sites horizontally, +/- 100 rows vertically.
[INFO DPL-1102] Legalizing using negotiation legalizer.
[INFO DPL-1103] Negotiation base search window: +/-20 sites horizontally, +/-5 rows vertically 
	Automatic search window extension enabled.
	Search window extendable up to the max displacement cap of +/-500 sites, +/-100 rows near walls.
[INFO DPL-1104] NegotiationLegalizer DRC penalty: 5.
[INFO DPL-0392] Negotiation cell height distribution (1 unique row-count(s)):
[INFO DPL-0393]   height 1 row(s): 360 cells
[INFO DPL-0500] Runtime: 0.00s
Placement Analysis
---------------------------------
total displacement          0.0 u
average displacement        0.0 u
max displacement            0.0 u
original HPWL            3432.3 u
legalized HPWL           3432.3 u
delta HPWL                    0 %

global_route -end_incremental -congestion_report_file ./reports/sky130hd/chia_i2c_benchmark_corrupted/slot1/congestion_post_repair_design.rpt
Repair setup and hold violations...
estimate_parasitics -global_routing
repair_timing -setup_margin 0 -hold_margin 0 -repair_tns 100 -verbose
[INFO RSZ-0100] Repair move sequence: UnbufferMove SizeUpMove SwapPinsMove BufferMove CloneMove SplitLoadMove 
[INFO RSZ-0098] No setup violations found
[INFO RSZ-0505] Runtime: 0.06s
[INFO RSZ-0033] No hold violations found.
[INFO RSZ-0506] Runtime: 0.00s
global_route -start_incremental
detailed_placement
[INFO DPL-0006] Core area: 4723.28 um^2
[INFO DPL-0007] Movable instances area: 2652.54 um^2
[INFO DPL-0008] Fixed instances area within core: 83.83 um^2
[INFO DPL-0009] Utilization: 57.9%
[INFO DPL-0005] Diamond search max displacement: +/- 500 sites horizontally, +/- 100 rows vertically.
[INFO DPL-1102] Legalizing using negotiation legalizer.
[INFO DPL-1103] Negotiation base search window: +/-20 sites horizontally, +/-5 rows vertically 
	Automatic search window extension enabled.
	Search window extendable up to the max displacement cap of +/-500 sites, +/-100 rows near walls.
[INFO DPL-1104] NegotiationLegalizer DRC penalty: 5.
[INFO DPL-0392] Negotiation cell height distribution (1 unique row-count(s)):
[INFO DPL-0393]   height 1 row(s): 360 cells
[INFO DPL-0500] Runtime: 0.00s
Placement Analysis
---------------------------------
total displacement          0.0 u
average displacement        0.0 u
max displacement            0.0 u
original HPWL            3432.3 u
legalized HPWL           3432.3 u
delta HPWL                    0 %

check_placement -verbose
global_route -end_incremental -congestion_report_file ./reports/sky130hd/chia_i2c_benchmark_corrupted/slot1/congestion_post_repair_timing.rpt
estimate_parasitics -global_routing
global_route -start_incremental
global_route -end_incremental -congestion_report_file ./reports/sky130hd/chia_i2c_benchmark_corrupted/slot1/congestion_post_recover_power.rpt
Repair antennas...
[INFO GRT-0012] Found 0 antenna violations.
[INFO ANT-0002] Found 0 net violations.
[INFO ANT-0001] Found 0 pin violations.
Estimate parasitics...
estimate_parasitics -global_routing
Report metrics stage 5, global route...

==========================================================================
global route report_design_area
--------------------------------------------------------------------------
Design area 2736 um^2 58% utilization.
[INFO FLW-0007] clock core_clock period 10.000000
[WARNING FLW-0010] more than one clock found. Skipping sdc update.
[INFO FLW-0011] Path endpoint path count 65
write_db ./results/sky130hd/chia_i2c_benchmark_corrupted/slot1/5_1_grt.odb
write_sdc -no_timestamp ./results/sky130hd/chia_i2c_benchmark_corrupted/slot1/5_1_grt.sdc
Log                       Ext     Elapsed/s Peak Memory/MB sha1sum result [0:20)
5_1_grt                   .odb            7            250 45e3e677325f620e5500
5_1_grt                   .sdc                             ba68b1195c737c33fba6
/root/OpenROAD-flow-scripts/flow/scripts/flow.sh 5_2_route detail_route
Running detail_route.tcl, stage 5_2_route
read_liberty /root/OpenROAD-flow-scripts/flow/platforms/sky130hd/lib/sky130_fd_sc_hd__tt_025C_1v80.lib
read_db ./results/sky130hd/chia_i2c_benchmark_corrupted/slot1/5_1_grt.odb
read_sdc ./results/sky130hd/chia_i2c_benchmark_corrupted/slot1/5_1_grt.sdc
source /root/OpenROAD-flow-scripts/flow/platforms/sky130hd/setRC.tcl
[WARNING STA-0450] virtual clock vclk can not be propagated.
detailed_route -output_drc ./reports/sky130hd/chia_i2c_benchmark_corrupted/slot1/5_route_drc.rpt -output_maze ./results/sky130hd/chia_i2c_benchmark_corrupted/slot1/maze.log -droute_end_iter 64 -verbose 1 -drc_report_iter_step 5
[INFO DRT-0149] Reading tech and libs.
[WARNING DRT-0349] LEF58_ENCLOSURE with no CUTCLASS is not supported. Skipping for layer mcon
[WARNING DRT-0349] LEF58_ENCLOSURE with no CUTCLASS is not supported. Skipping for layer mcon
[WARNING DRT-0349] LEF58_ENCLOSURE with no CUTCLASS is not supported. Skipping for layer via
[WARNING DRT-0349] LEF58_ENCLOSURE with no CUTCLASS is not supported. Skipping for layer via
[WARNING DRT-0349] LEF58_ENCLOSURE with no CUTCLASS is not supported. Skipping for layer via2
[WARNING DRT-0349] LEF58_ENCLOSURE with no CUTCLASS is not supported. Skipping for layer via2
[WARNING DRT-0349] LEF58_ENCLOSURE with no CUTCLASS is not supported. Skipping for layer via3
[WARNING DRT-0349] LEF58_ENCLOSURE with no CUTCLASS is not supported. Skipping for layer via3
[WARNING DRT-0349] LEF58_ENCLOSURE with no CUTCLASS is not supported. Skipping for layer via4
[WARNING DRT-0349] LEF58_ENCLOSURE with no CUTCLASS is not supported. Skipping for layer via4

Units:                1000
Number of layers:     13
Number of macros:     441
Number of vias:       29
Number of viarulegen: 25

[INFO DRT-0150] Reading design.

Design:                   i2c_master
Die area:                 ( 0 0 ) ( 71875 71875 )
Number of track patterns: 12
Number of DEF vias:       0
Number of components:     360
Number of terminals:      38
Number of snets:          2
Number of nets:           314

[INFO DRT-0167] List of default vias:
  Layer via
    default via: M1M2_PR
  Layer via2
    default via: M2M3_PR
  Layer via3
    default via: M3M4_PR
  Layer via4
    default via: M4M5_PR
[INFO DRT-0162] Library cell analysis.
[INFO DRT-0163] Instance analysis.
[INFO DRT-0164] Number of unique instances = 69.
[INFO DRT-0168] Init region query.
[INFO DRT-0024]   Complete FR_MASTERSLICE.
[INFO DRT-0024]   Complete Fr_VIA.
[INFO DRT-0024]   Complete li1.
[INFO DRT-0024]   Complete mcon.
[INFO DRT-0024]   Complete met1.
[INFO DRT-0024]   Complete via.
[INFO DRT-0024]   Complete met2.
[INFO DRT-0024]   Complete via2.
[INFO DRT-0024]   Complete met3.
[INFO DRT-0024]   Complete via3.
[INFO DRT-0024]   Complete met4.
[INFO DRT-0024]   Complete via4.
[INFO DRT-0024]   Complete met5.
[INFO DRT-0033] FR_MASTERSLICE shape region query size = 0.
[INFO DRT-0033] FR_VIA shape region query size = 0.
[INFO DRT-0033] li1 shape region query size = 7997.
[INFO DRT-0033] mcon shape region query size = 4674.
[INFO DRT-0033] met1 shape region query size = 1211.
[INFO DRT-0033] via shape region query size = 325.
[INFO DRT-0033] met2 shape region query size = 207.
[INFO DRT-0033] via2 shape region query size = 260.
[INFO DRT-0033] met3 shape region query size = 219.
[INFO DRT-0033] via3 shape region query size = 260.
[INFO DRT-0033] met4 shape region query size = 83.
[INFO DRT-0033] via4 shape region query size = 13.
[INFO DRT-0033] met5 shape region query size = 23.
[INFO DRT-0165] Start pin access.
[INFO DRT-0078]   Complete 540 pins.
[INFO DRT-0081]   Complete 69 unique inst patterns.
[INFO DRT-0084]   Complete 200 groups.
#scanned instances     = 360
#unique  instances     = 69
#stdCellGenAp          = 2018
#stdCellValidPlanarAp  = 0
#stdCellValidViaAp     = 1627
#stdCellPinNoAp        = 0
#stdCellPinCnt         = 981
#instTermValidViaApCnt = 0
#macroGenAp            = 0
#macroValidPlanarAp    = 0
#macroValidViaAp       = 0
#macroNoAp             = 0
[INFO DRT-0166] Complete pin access.
[INFO DRT-0267] cpu time = 00:00:07, elapsed time = 00:00:07, memory = 220.97 (MB), peak = 220.97 (MB)

[INFO DRT-0157] Number of guides:     2073

[INFO DRT-0169] Post process guides.
[INFO DRT-0176] GCELLGRID X 0 DO 10 STEP 6900 ;
[INFO DRT-0177] GCELLGRID Y 0 DO 10 STEP 6900 ;
[INFO DRT-0028]   Complete FR_MASTERSLICE.
[INFO DRT-0028]   Complete Fr_VIA.
[INFO DRT-0028]   Complete li1.
[INFO DRT-0028]   Complete mcon.
[INFO DRT-0028]   Complete met1.
[INFO DRT-0028]   Complete via.
[INFO DRT-0028]   Complete met2.
[INFO DRT-0028]   Complete via2.
[INFO DRT-0028]   Complete met3.
[INFO DRT-0028]   Complete via3.
[INFO DRT-0028]   Complete met4.
[INFO DRT-0028]   Complete via4.
[INFO DRT-0028]   Complete met5.
[INFO DRT-0178] Init guide query.
[INFO DRT-0035]   Complete FR_MASTERSLICE (guide).
[INFO DRT-0035]   Complete Fr_VIA (guide).
[INFO DRT-0035]   Complete li1 (guide).
[INFO DRT-0035]   Complete mcon (guide).
[INFO DRT-0035]   Complete met1 (guide).
[INFO DRT-0035]   Complete via (guide).
[INFO DRT-0035]   Complete met2 (guide).
[INFO DRT-0035]   Complete via2 (guide).
[INFO DRT-0035]   Complete met3 (guide).
[INFO DRT-0035]   Complete via3 (guide).
[INFO DRT-0035]   Complete met4 (guide).
[INFO DRT-0035]   Complete via4 (guide).
[INFO DRT-0035]   Complete met5 (guide).
[INFO DRT-0036] FR_MASTERSLICE guide region query size = 0.
[INFO DRT-0036] FR_VIA guide region query size = 0.
[INFO DRT-0036] li1 guide region query size = 746.
[INFO DRT-0036] mcon guide region query size = 0.
[INFO DRT-0036] met1 guide region query size = 568.
[INFO DRT-0036] via guide region query size = 0.
[INFO DRT-0036] met2 guide region query size = 266.
[INFO DRT-0036] via2 guide region query size = 0.
[INFO DRT-0036] met3 guide region query size = 30.
[INFO DRT-0036] via3 guide region query size = 0.
[INFO DRT-0036] met4 guide region query size = 5.
[INFO DRT-0036] via4 guide region query size = 0.
[INFO DRT-0036] met5 guide region query size = 0.
[INFO DRT-0179] Init gr pin query.
[INFO DRT-0267] cpu time = 00:00:00, elapsed time = 00:00:00, memory = 221.72 (MB), peak = 221.72 (MB)
[INFO DRT-0245] skipped writing guide updates to database.
[INFO DRT-0181] Start track assignment.
[INFO DRT-0184] Done with 1017 vertical wires in 1 frboxes and 598 horizontal wires in 1 frboxes.
[INFO DRT-0186] Done with 91 vertical wires in 1 frboxes and 162 horizontal wires in 1 frboxes.
[INFO DRT-0182] Complete track assignment.
[INFO DRT-0267] cpu time = 00:00:00, elapsed time = 00:00:00, memory = 223.79 (MB), peak = 223.79 (MB)
[INFO DRT-0187] Start routing data preparation.
[INFO DRT-0267] cpu time = 00:00:00, elapsed time = 00:00:00, memory = 223.97 (MB), peak = 223.97 (MB)
[INFO DRT-0194] Start detail routing.
[INFO DRT-0195] Start 0th optimization iteration.
    Completing 20% with 0 violations.
    elapsed time = 00:00:01, memory = 240.47 (MB).
    Completing 50% with 24 violations.
    elapsed time = 00:00:02, memory = 254.80 (MB).
    Completing 70% with 54 violations.
    elapsed time = 00:00:02, memory = 254.80 (MB).
    Completing 100% with 79 violations.
    elapsed time = 00:00:03, memory = 254.80 (MB).
[INFO DRT-0199]   Number of violations = 128.
Viol/Layer         li1   met1   met2
Metal Spacing        0     19      8
Recheck              2     37     10
Short                0     51      1
[INFO DRT-0267] cpu time = 00:00:03, elapsed time = 00:00:03, memory = 587.61 (MB), peak = 587.61 (MB)
Total wire length = 4713 um.
Total wire length on LAYER li1 = 0 um.
Total wire length on LAYER met1 = 2443 um.
Total wire length on LAYER met2 = 2065 um.
Total wire length on LAYER met3 = 127 um.
Total wire length on LAYER met4 = 77 um.
Total wire length on LAYER met5 = 0 um.
Total number of vias = 1892.
Up-via summary (total 1892):

-----------------------
 FR_MASTERSLICE       0
            li1     992
           met1     861
           met2      31
           met3       8
           met4       0
-----------------------
               1892


[INFO DRT-0195] Start 1st optimization iteration.
    Completing 20% with 128 violations.
    elapsed time = 00:00:00, memory = 587.80 (MB).
    Completing 50% with 126 violations.
    elapsed time = 00:00:01, memory = 587.80 (MB).
    Completing 70% with 103 violations.
    elapsed time = 00:00:01, memory = 587.80 (MB).
    Completing 100% with 39 violations.
    elapsed time = 00:00:02, memory = 587.80 (MB).
[INFO DRT-0199]   Number of violations = 39.
Viol/Layer        met1   met2
Metal Spacing       10      0
Short               28      1
[INFO DRT-0267] cpu time = 00:00:02, elapsed time = 00:00:02, memory = 587.80 (MB), peak = 587.80 (MB)
Total wire length = 4671 um.
Total wire length on LAYER li1 = 0 um.
Total wire length on LAYER met1 = 2433 um.
Total wire length on LAYER met2 = 2038 um.
Total wire length on LAYER met3 = 122 um.
Total wire length on LAYER met4 = 77 um.
Total wire length on LAYER met5 = 0 um.
Total number of vias = 1907.
Up-via summary (total 1907):

-----------------------
 FR_MASTERSLICE       0
            li1     994
           met1     876
           met2      29
           met3       8
           met4       0
-----------------------
               1907


[INFO DRT-0195] Start 2nd optimization iteration.
    Completing 10% with 39 violations.
    elapsed time = 00:00:00, memory = 587.80 (MB).
    Completing 20% with 39 violations.
    elapsed time = 00:00:00, memory = 587.80 (MB).
    Completing 30% with 39 violations.
    elapsed time = 00:00:00, memory = 587.80 (MB).
    Completing 40% with 39 violations.
    elapsed time = 00:00:00, memory = 587.80 (MB).
    Completing 50% with 39 violations.
    elapsed time = 00:00:00, memory = 587.80 (MB).
    Completing 60% with 39 violations.
    elapsed time = 00:00:00, memory = 587.80 (MB).
    Completing 70% with 43 violations.
    elapsed time = 00:00:00, memory = 587.80 (MB).
    Completing 80% with 43 violations.
    elapsed time = 00:00:00, memory = 587.80 (MB).
    Completing 100% with 38 violations.
    elapsed time = 00:00:03, memory = 587.80 (MB).
[INFO DRT-0199]   Number of violations = 38.
Viol/Layer        met1   met2   met3
Metal Spacing        4      1      2
Short               30      1      0
[INFO DRT-0267] cpu time = 00:00:03, elapsed time = 00:00:03, memory = 587.80 (MB), peak = 587.80 (MB)
Total wire length = 4647 um.
Total wire length on LAYER li1 = 0 um.
Total wire length on LAYER met1 = 2368 um.
Total wire length on LAYER met2 = 2074 um.
Total wire length on LAYER met3 = 128 um.
Total wire length on LAYER met4 = 76 um.
Total wire length on LAYER met5 = 0 um.
Total number of vias = 1892.
Up-via summary (total 1892):

-----------------------
 FR_MASTERSLICE       0
            li1     991
           met1     865
           met2      29
           met3       7
           met4       0
-----------------------
               1892


[INFO DRT-0195] Start 3rd guides tiles iteration.
    Completing 10% with 38 violations.
    elapsed time = 00:00:00, memory = 587.80 (MB).
    Completing 20% with 5 violations.
    elapsed time = 00:00:00, memory = 587.80 (MB).
    Completing 40% with 5 violations.
    elapsed time = 00:00:00, memory = 587.80 (MB).
    Completing 50% with 5 violations.
    elapsed time = 00:00:01, memory = 587.80 (MB).
    Completing 70% with 1 violations.
    elapsed time = 00:00:01, memory = 587.80 (MB).
    Completing 80% with 1 violations.
    elapsed time = 00:00:01, memory = 587.80 (MB).
    Completing 100% with 0 violations.
    elapsed time = 00:00:01, memory = 587.80 (MB).
[INFO DRT-0199]   Number of violations = 0.
[INFO DRT-0267] cpu time = 00:00:01, elapsed time = 00:00:01, memory = 587.80 (MB), peak = 587.80 (MB)
Total wire length = 4656 um.
Total wire length on LAYER li1 = 0 um.
Total wire length on LAYER met1 = 2337 um.
Total wire length on LAYER met2 = 2085 um.
Total wire length on LAYER met3 = 155 um.
Total wire length on LAYER met4 = 77 um.
Total wire length on LAYER met5 = 0 um.
Total number of vias = 1916.
Up-via summary (total 1916):

-----------------------
 FR_MASTERSLICE       0
            li1     991
           met1     877
           met2      41
           met3       7
           met4       0
-----------------------
               1916


[INFO DRT-0198] Complete detail routing.
Total wire length = 4656 um.
Total wire length on LAYER li1 = 0 um.
Total wire length on LAYER met1 = 2337 um.
Total wire length on LAYER met2 = 2085 um.
Total wire length on LAYER met3 = 155 um.
Total wire length on LAYER met4 = 77 um.
Total wire length on LAYER met5 = 0 um.
Total number of vias = 1916.
Up-via summary (total 1916):

-----------------------
 FR_MASTERSLICE       0
            li1     991
           met1     877
           met2      41
           met3       7
           met4       0
-----------------------
               1916


[INFO DRT-0267] cpu time = 00:00:11, elapsed time = 00:00:11, memory = 587.80 (MB), peak = 587.80 (MB)

[INFO DRT-0180] Post processing.
[INFO DRT-0501] Runtime: 18.60s
Took 19 seconds: detailed_route -output_drc ./reports/sky130hd/chia_i2c_benchmark_corrupted/slot1/5_route_drc.rpt -output_maze ./results/sky130hd/chia_i2c_benchmark_corrupted/slot1/maze.log -droute_end_iter 64 -verbose 1 -drc_report_iter_step 5
[INFO GRT-0012] Found 0 antenna violations.
[INFO ANT-0002] Found 0 net violations.
[INFO ANT-0001] Found 0 pin violations.
[INFO ANT-0002] Found 0 net violations.
[INFO ANT-0001] Found 0 pin violations.
Design area 2736 um^2 58% utilization.
write_db ./results/sky130hd/chia_i2c_benchmark_corrupted/slot1/5_2_route.odb
Log                       Ext     Elapsed/s Peak Memory/MB sha1sum result [0:20)
5_2_route                 .odb           19            587 080769853228f92c65d9
/root/OpenROAD-flow-scripts/flow/scripts/flow.sh 5_3_fillcell fillcell
Running fillcell.tcl, stage 5_3_fillcell
read_liberty /root/OpenROAD-flow-scripts/flow/platforms/sky130hd/lib/sky130_fd_sc_hd__tt_025C_1v80.lib
read_db ./results/sky130hd/chia_i2c_benchmark_corrupted/slot1/5_2_route.odb
read_sdc ./results/sky130hd/chia_i2c_benchmark_corrupted/slot1/5_1_grt.sdc
source /root/OpenROAD-flow-scripts/flow/platforms/sky130hd/setRC.tcl
[WARNING STA-0450] virtual clock vclk can not be propagated.
filler_placement "sky130_fd_sc_hd__fill_1 sky130_fd_sc_hd__fill_2 sky130_fd_sc_hd__fill_4 sky130_fd_sc_hd__fill_8"
[INFO DPL-0001] Placed 441 filler instances.
Design area 2736 um^2 58% utilization.
write_db ./results/sky130hd/chia_i2c_benchmark_corrupted/slot1/5_3_fillcell.odb
Log                       Ext     Elapsed/s Peak Memory/MB sha1sum result [0:20)
5_3_fillcell              .odb            0            123 efb03dc059d2061428cf
cp ./results/sky130hd/chia_i2c_benchmark_corrupted/slot1/5_3_fillcell.odb ./results/sky130hd/chia_i2c_benchmark_corrupted/slot1/5_route.odb
cp ./results/sky130hd/chia_i2c_benchmark_corrupted/slot1/5_1_grt.sdc ./results/sky130hd/chia_i2c_benchmark_corrupted/slot1/5_route.sdc
make: Leaving directory '/root/OpenROAD-flow-scripts/flow'

STDERR:
bash: /opt/miniconda/lib/libtinfo.so.6: no version information available (required by bash)
bash: /opt/miniconda/lib/libtinfo.so.6: no version information available (required by bash)
bash: /opt/miniconda/lib/libtinfo.so.6: no version information available (required by bash)
bash: /opt/miniconda/lib/libtinfo.so.6: no version information available (required by bash)
bash: /opt/miniconda/lib/libtinfo.so.6: no version information available (required by bash)
bash: /opt/miniconda/lib/libtinfo.so.6: no version information available (required by bash)
bash: /opt/miniconda/lib/libtinfo.so.6: no version information available (required by bash)
bash: /opt/miniconda/lib/libtinfo.so.6: no version information available (required by bash)
bash: /opt/miniconda/lib/libtinfo.so.6: no version information available (required by bash)
bash: /opt/miniconda/lib/libtinfo.so.6: no version information available (required by bash)
bash: /opt/miniconda/lib/libtinfo.so.6: no version information available (required by bash)
bash: /opt/miniconda/lib/libtinfo.so.6: no version information available (required by bash)
bash: /opt/miniconda/lib/libtinfo.so.6: no version information available (required by bash)
bash: /opt/miniconda/lib/libtinfo.so.6: no version information available (required by bash)
bash: /opt/miniconda/lib/libtinfo.so.6: no version information available (required by bash)
bash: /opt/miniconda/lib/libtinfo.so.6: no version information available (required by bash)
bash: /opt/miniconda/lib/libtinfo.so.6: no version information available (required by bash)
bash: /opt/miniconda/lib/libtinfo.so.6: no version information available (required by bash)
bash: /opt/miniconda/lib/libtinfo.so.6: no version information available (required by bash)
bash: /opt/miniconda/lib/libtinfo.so.6: no version information available (required by bash)
bash: /opt/miniconda/lib/libtinfo.so.6: no version information available (required by bash)
bash: /opt/miniconda/lib/libtinfo.so.6: no version information available (required by bash)
bash: /opt/miniconda/lib/libtinfo.so.6: no version information available (required by bash)
bash: /opt/miniconda/lib/libtinfo.so.6: no version information available (required by bash)
Elapsed time: 0:07.43[h:]min:sec. CPU time: user 7.15 sys 0.20 (98%). Peak memory: 256232KB.
bash: /opt/miniconda/lib/libtinfo.so.6: no version information available (required by bash)
bash: /opt/miniconda/lib/libtinfo.so.6: no version information available (required by bash)
bash: /opt/miniconda/lib/libtinfo.so.6: no version information available (required by bash)
bash: /opt/miniconda/lib/libtinfo.so.6: no version information available (required by bash)
bash: /opt/miniconda/lib/libtinfo.so.6: no version information available (required by bash)
bash: /opt/miniconda/lib/libtinfo.so.6: no version information available (required by bash)
bash: /opt/miniconda/lib/libtinfo.so.6: no version information available (required by bash)
bash: /opt/miniconda/lib/libtinfo.so.6: no version information available (required by bash)
bash: /opt/miniconda/lib/libtinfo.so.6: no version information available (required by bash)
bash: /opt/miniconda/lib/libtinfo.so.6: no version information available (required by bash)
bash: /opt/miniconda/lib/libtinfo.so.6: no version information available (required by bash)
bash: /opt/miniconda/lib/libtinfo.so.6: no version information available (required by bash)
bash: /opt/miniconda/lib/libtinfo.so.6: no version information available (required by bash)
bash: /opt/miniconda/lib/libtinfo.so.6: no version information available (required by bash)
Elapsed time: 0:19.16[h:]min:sec. CPU time: user 18.95 sys 0.20 (99%). Peak memory: 601904KB.
bash: /opt/miniconda/lib/libtinfo.so.6: no version information available (required by bash)
bash: /opt/miniconda/lib/libtinfo.so.6: no version information available (required by bash)
bash: /opt/miniconda/lib/libtinfo.so.6: no version information available (required by bash)
bash: /opt/miniconda/lib/libtinfo.so.6: no version information available (required by bash)
bash: /opt/miniconda/lib/libtinfo.so.6: no version information available (required by bash)
bash: /opt/miniconda/lib/libtinfo.so.6: no version information available (required by bash)
bash: /opt/miniconda/lib/libtinfo.so.6: no version information available (required by bash)
bash: /opt/miniconda/lib/libtinfo.so.6: no version information available (required by bash)
bash: /opt/miniconda/lib/libtinfo.so.6: no version information available (required by bash)
bash: /opt/miniconda/lib/libtinfo.so.6: no version information available (required by bash)
bash: /opt/miniconda/lib/libtinfo.so.6: no version information available (required by bash)
bash: /opt/miniconda/lib/libtinfo.so.6: no version information available (required by bash)
bash: /opt/miniconda/lib/libtinfo.so.6: no version information available (required by bash)
bash: /opt/miniconda/lib/libtinfo.so.6: no version information available (required by bash)
Elapsed time: 0:00.25[h:]min:sec. CPU time: user 0.20 sys 0.04 (96%). Peak memory: 126072KB.
bash: /opt/miniconda/lib/libtinfo.so.6: no version information available (required by bash)
bash: /opt/miniconda/lib/libtinfo.so.6: no version information available (required by bash)
bash: /opt/miniconda/lib/libtinfo.so.6: no version information available (required by bash)
bash: /opt/miniconda/lib/libtinfo.so.6: no version information available (required by bash)
bash: /opt/miniconda/lib/libtinfo.so.6: no version information available (required by bash)
bash: /opt/miniconda/lib/libtinfo.so.6: no version information available (required by bash)
bash: /opt/miniconda/lib/libtinfo.so.6: no version information available (required by bash)
bash: /opt/miniconda/lib/libtinfo.so.6: no version information available (required by bash)
bash: /opt/miniconda/lib/libtinfo.so.6: no version information available (required by bash)
bash: /opt/miniconda/lib/libtinfo.so.6: no version information available (required by bash)
bash: /opt/miniconda/lib/libtinfo.so.6: no version information available (required by bash)
bash: /opt/miniconda/lib/libtinfo.so.6: no version information available (required by bash)
bash: /opt/miniconda/lib/libtinfo.so.6: no version information available (required by bash)
bash: /opt/miniconda/lib/libtinfo.so.6: no version information available (required by bash)
bash: /opt/miniconda/lib/libtinfo.so.6: no version information available (required by bash)
bash: /opt/miniconda/lib/libtinfo.so.6: no version information available (required by bash)
bash: /opt/miniconda/lib/libtinfo.so.6: no version information available (required by bash)
bash: /opt/miniconda/lib/libtinfo.so.6: no version information available (required by bash)
bash: /opt/miniconda/lib/libtinfo.so.6: no version information available (required by bash)
bash: /opt/miniconda/lib/libtinfo.so.6: no version information available (required by bash)
bash: /opt/miniconda/lib/libtinfo.so.6: no version information available (required by bash)
bash: /opt/miniconda/lib/libtinfo.so.6: no version information available (required by bash)
bash: /opt/miniconda/lib/libtinfo.so.6: no version information available (required by bash)
bash: /opt/miniconda/lib/libtinfo.so.6: no version information available (required by bash)
bash: /opt/miniconda/lib/libtinfo.so.6: no version information available (required by bash)
bash: /opt/miniconda/lib/libtinfo.so.6: no version information available (required by bash)
