
==========================================================================
finish report_tns
--------------------------------------------------------------------------
tns max -15.82

==========================================================================
finish report_wns
--------------------------------------------------------------------------
wns max -0.45

==========================================================================
finish report_worst_slack
--------------------------------------------------------------------------
worst slack max -0.45

==========================================================================
finish report_clock_min_period
--------------------------------------------------------------------------
core_clock period_min = 1.85 fmax = 541.94
vclk_core_clock period_min = 0.00 fmax = inf

==========================================================================
finish report_clock_skew
--------------------------------------------------------------------------
Clock core_clock
   0.25 source latency dpath.a_reg.out[7]$_DFFE_PP_/CLK ^
  -0.25 target latency dpath.b_reg.out[7]$_DFFE_PP_/CLK ^
   0.00 CRPR
--------------
  -0.01 setup skew

Clock vclk_core_clock
No launch/capture paths found.


==========================================================================
finish report_checks -path_delay min
--------------------------------------------------------------------------
Startpoint: ctrl.state.out[2]$_DFF_P_
            (rising edge-triggered flip-flop clocked by core_clock)
Endpoint: dpath.b_reg.out[7]$_DFFE_PP_
          (rising edge-triggered flip-flop clocked by core_clock)
Path Group: core_clock
Path Type: min

Fanout     Cap    Slew   Delay    Time   Description
-----------------------------------------------------------------------------
                          0.00    0.00   clock core_clock (rise edge)
                          0.00    0.00   clock source latency
     1    0.02    0.00    0.00    0.00 ^ clk (in)
                                         clk (net)
                  0.00    0.00    0.00 ^ clkbuf_0_clk/A (sky130_fd_sc_hs__clkbuf_8)
     4    0.04    0.06    0.11    0.11 ^ clkbuf_0_clk/X (sky130_fd_sc_hs__clkbuf_8)
                                         clknet_0_clk (net)
                  0.06    0.00    0.11 ^ clkbuf_2_0__f_clk/A (sky130_fd_sc_hs__clkbuf_8)
    11    0.05    0.07    0.14    0.24 ^ clkbuf_2_0__f_clk/X (sky130_fd_sc_hs__clkbuf_8)
                                         clknet_2_0__leaf_clk (net)
                  0.07    0.00    0.25 ^ ctrl.state.out[2]$_DFF_P_/CLK (sky130_fd_sc_hs__dfxtp_1)
     2    0.03    0.11    0.28    0.53 v ctrl.state.out[2]$_DFF_P_/Q (sky130_fd_sc_hs__dfxtp_1)
                                         ctrl.state.out[2] (net)
                  0.11    0.00    0.53 v _476_/A (sky130_fd_sc_hs__inv_4)
     6    0.06    0.12    0.13    0.66 ^ _476_/Y (sky130_fd_sc_hs__inv_4)
                                         _158_ (net)
                  0.12    0.00    0.66 ^ clone284/A1 (sky130_fd_sc_hs__o21ai_4)
     8    0.04    0.05    0.10    0.76 v clone284/Y (sky130_fd_sc_hs__o21ai_4)
                                         net284 (net)
                  0.05    0.00    0.76 v dpath.b_reg.out[7]$_DFFE_PP_/DE (sky130_fd_sc_hs__edfxtp_1)
                                  0.76   data arrival time

                          0.00    0.00   clock core_clock (rise edge)
                          0.00    0.00   clock source latency
     1    0.02    0.00    0.00    0.00 ^ clk (in)
                                         clk (net)
                  0.00    0.00    0.00 ^ clkbuf_0_clk/A (sky130_fd_sc_hs__clkbuf_8)
     4    0.04    0.06    0.11    0.11 ^ clkbuf_0_clk/X (sky130_fd_sc_hs__clkbuf_8)
                                         clknet_0_clk (net)
                  0.06    0.00    0.11 ^ clkbuf_2_2__f_clk/A (sky130_fd_sc_hs__clkbuf_8)
    11    0.06    0.08    0.14    0.25 ^ clkbuf_2_2__f_clk/X (sky130_fd_sc_hs__clkbuf_8)
                                         clknet_2_2__leaf_clk (net)
                  0.08    0.00    0.25 ^ dpath.b_reg.out[7]$_DFFE_PP_/CLK (sky130_fd_sc_hs__edfxtp_1)
                          0.00    0.25   clock reconvergence pessimism
                          0.19    0.44   library hold time
                                  0.44   data required time
-----------------------------------------------------------------------------
                                  0.44   data required time
                                 -0.76   data arrival time
-----------------------------------------------------------------------------
                                  0.32   slack (MET)


Startpoint: ctrl.state.out[1]$_DFF_P_
            (rising edge-triggered flip-flop clocked by core_clock)
Endpoint: resp_val (output port clocked by vclk_core_clock)
Path Group: vclk_core_clock
Path Type: min

Fanout     Cap    Slew   Delay    Time   Description
-----------------------------------------------------------------------------
                          0.00    0.00   clock core_clock (rise edge)
                          0.00    0.00   clock source latency
     1    0.02    0.00    0.00    0.00 ^ clk (in)
                                         clk (net)
                  0.00    0.00    0.00 ^ clkbuf_0_clk/A (sky130_fd_sc_hs__clkbuf_8)
     4    0.04    0.06    0.11    0.11 ^ clkbuf_0_clk/X (sky130_fd_sc_hs__clkbuf_8)
                                         clknet_0_clk (net)
                  0.06    0.00    0.11 ^ clkbuf_2_2__f_clk/A (sky130_fd_sc_hs__clkbuf_8)
    11    0.06    0.08    0.14    0.25 ^ clkbuf_2_2__f_clk/X (sky130_fd_sc_hs__clkbuf_8)
                                         clknet_2_2__leaf_clk (net)
                  0.08    0.00    0.25 ^ ctrl.state.out[1]$_DFF_P_/CLK (sky130_fd_sc_hs__dfxtp_1)
     2    0.01    0.05    0.24    0.49 v ctrl.state.out[1]$_DFF_P_/Q (sky130_fd_sc_hs__dfxtp_1)
                                         ctrl.state.out[1] (net)
                  0.05    0.00    0.49 v _627_/C_N (sky130_fd_sc_hs__nor3b_4)
     2    0.02    0.03    0.10    0.59 v _627_/Y (sky130_fd_sc_hs__nor3b_4)
                                         net53 (net)
                  0.03    0.00    0.59 v output53/A (sky130_fd_sc_hs__buf_1)
     1    0.01    0.04    0.08    0.68 v output53/X (sky130_fd_sc_hs__buf_1)
                                         resp_val (net)
                  0.04    0.00    0.68 v resp_val (out)
                                  0.68   data arrival time

                  0.00    0.00    0.00   clock vclk_core_clock (rise edge)
                          0.23    0.23   clock network delay (ideal)
                          0.00    0.23   clock reconvergence pessimism
                         -0.28   -0.05   output external delay
                                 -0.05   data required time
-----------------------------------------------------------------------------
                                 -0.05   data required time
                                 -0.68   data arrival time
-----------------------------------------------------------------------------
                                  0.72   slack (MET)



==========================================================================
finish report_checks -path_delay max
--------------------------------------------------------------------------
Startpoint: dpath.b_reg.out[6]$_DFFE_PP_
            (rising edge-triggered flip-flop clocked by core_clock)
Endpoint: dpath.b_reg.out[14]$_DFFE_PP_
          (rising edge-triggered flip-flop clocked by core_clock)
Path Group: core_clock
Path Type: max

Fanout     Cap    Slew   Delay    Time   Description
-----------------------------------------------------------------------------
                          0.00    0.00   clock core_clock (rise edge)
                          0.00    0.00   clock source latency
     1    0.02    0.00    0.00    0.00 ^ clk (in)
                                         clk (net)
                  0.00    0.00    0.00 ^ clkbuf_0_clk/A (sky130_fd_sc_hs__clkbuf_8)
     4    0.04    0.06    0.11    0.11 ^ clkbuf_0_clk/X (sky130_fd_sc_hs__clkbuf_8)
                                         clknet_0_clk (net)
                  0.06    0.00    0.11 ^ clkbuf_2_0__f_clk/A (sky130_fd_sc_hs__clkbuf_8)
    11    0.05    0.07    0.14    0.24 ^ clkbuf_2_0__f_clk/X (sky130_fd_sc_hs__clkbuf_8)
                                         clknet_2_0__leaf_clk (net)
                  0.07    0.00    0.25 ^ dpath.b_reg.out[6]$_DFFE_PP_/CLK (sky130_fd_sc_hs__edfxtp_1)
     3    0.03    0.12    0.27    0.52 v dpath.b_reg.out[6]$_DFFE_PP_/Q (sky130_fd_sc_hs__edfxtp_1)
                                         dpath.a_lt_b$in1[6] (net)
                  0.12    0.00    0.52 v _376_/A (sky130_fd_sc_hs__xnor2_2)
     2    0.01    0.17    0.19    0.71 ^ _376_/Y (sky130_fd_sc_hs__xnor2_2)
                                         _059_ (net)
                  0.17    0.00    0.71 ^ _438_/A (sky130_fd_sc_hs__nand2_2)
     3    0.02    0.09    0.11    0.81 v _438_/Y (sky130_fd_sc_hs__nand2_2)
                                         _120_ (net)
                  0.09    0.00    0.81 v _440_/A (sky130_fd_sc_hs__nor2_2)
     2    0.02    0.13    0.15    0.96 ^ _440_/Y (sky130_fd_sc_hs__nor2_2)
                                         _122_ (net)
                  0.13    0.00    0.96 ^ _441_/B (sky130_fd_sc_hs__nand2_2)
     2    0.02    0.07    0.08    1.04 v _441_/Y (sky130_fd_sc_hs__nand2_2)
                                         _123_ (net)
                  0.07    0.00    1.05 v _450_/A (sky130_fd_sc_hs__nand2_2)
     2    0.02    0.10    0.10    1.14 ^ _450_/Y (sky130_fd_sc_hs__nand2_2)
                                         _132_ (net)
                  0.10    0.00    1.15 ^ _458_/A (sky130_fd_sc_hs__nand2_8)
     2    0.03    0.05    0.05    1.20 v _458_/Y (sky130_fd_sc_hs__nand2_8)
                                         _140_ (net)
                  0.05    0.00    1.20 v _581_/B (sky130_fd_sc_hs__nand2_8)
     3    0.03    0.09    0.10    1.30 ^ _581_/Y (sky130_fd_sc_hs__nand2_8)
                                         _251_ (net)
                  0.09    0.00    1.30 ^ _640_/A2 (sky130_fd_sc_hs__o21ai_4)
     8    0.04    0.09    0.09    1.39 v _640_/Y (sky130_fd_sc_hs__o21ai_4)
                                         ctrl$b_reg_en[0] (net)
                  0.09    0.00    1.39 v dpath.b_reg.out[14]$_DFFE_PP_/DE (sky130_fd_sc_hs__edfxtp_1)
                                  1.39   data arrival time

                          1.40    1.40   clock core_clock (rise edge)
                          0.00    1.40   clock source latency
     1    0.02    0.00    0.00    1.40 ^ clk (in)
                                         clk (net)
                  0.00    0.00    1.40 ^ clkbuf_0_clk/A (sky130_fd_sc_hs__clkbuf_8)
     4    0.04    0.06    0.11    1.51 ^ clkbuf_0_clk/X (sky130_fd_sc_hs__clkbuf_8)
                                         clknet_0_clk (net)
                  0.06    0.00    1.51 ^ clkbuf_2_2__f_clk/A (sky130_fd_sc_hs__clkbuf_8)
    11    0.06    0.08    0.14    1.65 ^ clkbuf_2_2__f_clk/X (sky130_fd_sc_hs__clkbuf_8)
                                         clknet_2_2__leaf_clk (net)
                  0.08    0.00    1.65 ^ dpath.b_reg.out[14]$_DFFE_PP_/CLK (sky130_fd_sc_hs__edfxtp_1)
                          0.00    1.65   clock reconvergence pessimism
                         -0.70    0.95   library setup time
                                  0.95   data required time
-----------------------------------------------------------------------------
                                  0.95   data required time
                                 -1.39   data arrival time
-----------------------------------------------------------------------------
                                 -0.45   slack (VIOLATED)


Startpoint: dpath.b_reg.out[10]$_DFFE_PP_
            (rising edge-triggered flip-flop clocked by core_clock)
Endpoint: resp_msg[11] (output port clocked by vclk_core_clock)
Path Group: vclk_core_clock
Path Type: max

Fanout     Cap    Slew   Delay    Time   Description
-----------------------------------------------------------------------------
                          0.00    0.00   clock core_clock (rise edge)
                          0.00    0.00   clock source latency
     1    0.02    0.00    0.00    0.00 ^ clk (in)
                                         clk (net)
                  0.00    0.00    0.00 ^ clkbuf_0_clk/A (sky130_fd_sc_hs__clkbuf_8)
     4    0.04    0.06    0.11    0.11 ^ clkbuf_0_clk/X (sky130_fd_sc_hs__clkbuf_8)
                                         clknet_0_clk (net)
                  0.06    0.00    0.11 ^ clkbuf_2_2__f_clk/A (sky130_fd_sc_hs__clkbuf_8)
    11    0.06    0.08    0.14    0.25 ^ clkbuf_2_2__f_clk/X (sky130_fd_sc_hs__clkbuf_8)
                                         clknet_2_2__leaf_clk (net)
                  0.08    0.00    0.25 ^ dpath.b_reg.out[10]$_DFFE_PP_/CLK (sky130_fd_sc_hs__edfxtp_1)
     3    0.02    0.15    0.27    0.52 ^ dpath.b_reg.out[10]$_DFFE_PP_/Q (sky130_fd_sc_hs__edfxtp_1)
                                         dpath.a_lt_b$in1[10] (net)
                  0.15    0.00    0.52 ^ _391_/A_N (sky130_fd_sc_hs__nand2b_2)
     3    0.02    0.09    0.14    0.66 ^ _391_/Y (sky130_fd_sc_hs__nand2b_2)
                                         _074_ (net)
                  0.09    0.00    0.66 ^ _393_/B (sky130_fd_sc_hs__and2_2)
     2    0.02    0.07    0.13    0.79 ^ _393_/X (sky130_fd_sc_hs__and2_2)
                                         _076_ (net)
                  0.07    0.00    0.79 ^ rebuffer442/A (sky130_fd_sc_hs__buf_1)
     1    0.02    0.11    0.13    0.92 ^ rebuffer442/X (sky130_fd_sc_hs__buf_1)
                                         net442 (net)
                  0.11    0.00    0.92 ^ place197/A (sky130_fd_sc_hs__buf_1)
     2    0.01    0.10    0.13    1.05 ^ place197/X (sky130_fd_sc_hs__buf_1)
                                         net197 (net)
                  0.10    0.00    1.05 ^ _394_/B (sky130_fd_sc_hs__nand2_2)
     2    0.02    0.09    0.09    1.14 v _394_/Y (sky130_fd_sc_hs__nand2_2)
                                         _077_ (net)
                  0.09    0.00    1.14 v _401_/B (sky130_fd_sc_hs__nor2_4)
     3    0.02    0.10    0.11    1.25 ^ _401_/Y (sky130_fd_sc_hs__nor2_4)
                                         _084_ (net)
                  0.10    0.00    1.25 ^ _544_/C (sky130_fd_sc_hs__nand3_2)
     2    0.01    0.07    0.09    1.34 v _544_/Y (sky130_fd_sc_hs__nand3_2)
                                         _220_ (net)
                  0.07    0.00    1.34 v _548_/A (sky130_fd_sc_hs__nand3_2)
     1    0.01    0.06    0.07    1.41 ^ _548_/Y (sky130_fd_sc_hs__nand3_2)
                                         _224_ (net)
                  0.06    0.00    1.41 ^ _550_/B (sky130_fd_sc_hs__nand2_1)
     1    0.01    0.06    0.07    1.48 v _550_/Y (sky130_fd_sc_hs__nand2_1)
                                         _226_ (net)
                  0.06    0.00    1.48 v _551_/A (sky130_fd_sc_hs__nand2_2)
     2    0.03    0.11    0.10    1.58 ^ _551_/Y (sky130_fd_sc_hs__nand2_2)
                                         net39 (net)
                  0.11    0.00    1.58 ^ output39/A (sky130_fd_sc_hs__buf_1)
     1    0.01    0.07    0.11    1.69 ^ output39/X (sky130_fd_sc_hs__buf_1)
                                         resp_msg[11] (net)
                  0.07    0.00    1.69 ^ resp_msg[11] (out)
                                  1.69   data arrival time

                  0.00    1.40    1.40   clock vclk_core_clock (rise edge)
                          0.23    1.64   clock network delay (ideal)
                          0.00    1.64   clock reconvergence pessimism
                         -0.28    1.36   output external delay
                                  1.36   data required time
-----------------------------------------------------------------------------
                                  1.36   data required time
                                 -1.69   data arrival time
-----------------------------------------------------------------------------
                                 -0.34   slack (VIOLATED)



==========================================================================
finish report_checks -unconstrained
--------------------------------------------------------------------------
Startpoint: dpath.b_reg.out[6]$_DFFE_PP_
            (rising edge-triggered flip-flop clocked by core_clock)
Endpoint: dpath.b_reg.out[14]$_DFFE_PP_
          (rising edge-triggered flip-flop clocked by core_clock)
Path Group: core_clock
Path Type: max

Fanout     Cap    Slew   Delay    Time   Description
-----------------------------------------------------------------------------
                          0.00    0.00   clock core_clock (rise edge)
                          0.00    0.00   clock source latency
     1    0.02    0.00    0.00    0.00 ^ clk (in)
                                         clk (net)
                  0.00    0.00    0.00 ^ clkbuf_0_clk/A (sky130_fd_sc_hs__clkbuf_8)
     4    0.04    0.06    0.11    0.11 ^ clkbuf_0_clk/X (sky130_fd_sc_hs__clkbuf_8)
                                         clknet_0_clk (net)
                  0.06    0.00    0.11 ^ clkbuf_2_0__f_clk/A (sky130_fd_sc_hs__clkbuf_8)
    11    0.05    0.07    0.14    0.24 ^ clkbuf_2_0__f_clk/X (sky130_fd_sc_hs__clkbuf_8)
                                         clknet_2_0__leaf_clk (net)
                  0.07    0.00    0.25 ^ dpath.b_reg.out[6]$_DFFE_PP_/CLK (sky130_fd_sc_hs__edfxtp_1)
     3    0.03    0.12    0.27    0.52 v dpath.b_reg.out[6]$_DFFE_PP_/Q (sky130_fd_sc_hs__edfxtp_1)
                                         dpath.a_lt_b$in1[6] (net)
                  0.12    0.00    0.52 v _376_/A (sky130_fd_sc_hs__xnor2_2)
     2    0.01    0.17    0.19    0.71 ^ _376_/Y (sky130_fd_sc_hs__xnor2_2)
                                         _059_ (net)
                  0.17    0.00    0.71 ^ _438_/A (sky130_fd_sc_hs__nand2_2)
     3    0.02    0.09    0.11    0.81 v _438_/Y (sky130_fd_sc_hs__nand2_2)
                                         _120_ (net)
                  0.09    0.00    0.81 v _440_/A (sky130_fd_sc_hs__nor2_2)
     2    0.02    0.13    0.15    0.96 ^ _440_/Y (sky130_fd_sc_hs__nor2_2)
                                         _122_ (net)
                  0.13    0.00    0.96 ^ _441_/B (sky130_fd_sc_hs__nand2_2)
     2    0.02    0.07    0.08    1.04 v _441_/Y (sky130_fd_sc_hs__nand2_2)
                                         _123_ (net)
                  0.07    0.00    1.05 v _450_/A (sky130_fd_sc_hs__nand2_2)
     2    0.02    0.10    0.10    1.14 ^ _450_/Y (sky130_fd_sc_hs__nand2_2)
                                         _132_ (net)
                  0.10    0.00    1.15 ^ _458_/A (sky130_fd_sc_hs__nand2_8)
     2    0.03    0.05    0.05    1.20 v _458_/Y (sky130_fd_sc_hs__nand2_8)
                                         _140_ (net)
                  0.05    0.00    1.20 v _581_/B (sky130_fd_sc_hs__nand2_8)
     3    0.03    0.09    0.10    1.30 ^ _581_/Y (sky130_fd_sc_hs__nand2_8)
                                         _251_ (net)
                  0.09    0.00    1.30 ^ _640_/A2 (sky130_fd_sc_hs__o21ai_4)
     8    0.04    0.09    0.09    1.39 v _640_/Y (sky130_fd_sc_hs__o21ai_4)
                                         ctrl$b_reg_en[0] (net)
                  0.09    0.00    1.39 v dpath.b_reg.out[14]$_DFFE_PP_/DE (sky130_fd_sc_hs__edfxtp_1)
                                  1.39   data arrival time

                          1.40    1.40   clock core_clock (rise edge)
                          0.00    1.40   clock source latency
     1    0.02    0.00    0.00    1.40 ^ clk (in)
                                         clk (net)
                  0.00    0.00    1.40 ^ clkbuf_0_clk/A (sky130_fd_sc_hs__clkbuf_8)
     4    0.04    0.06    0.11    1.51 ^ clkbuf_0_clk/X (sky130_fd_sc_hs__clkbuf_8)
                                         clknet_0_clk (net)
                  0.06    0.00    1.51 ^ clkbuf_2_2__f_clk/A (sky130_fd_sc_hs__clkbuf_8)
    11    0.06    0.08    0.14    1.65 ^ clkbuf_2_2__f_clk/X (sky130_fd_sc_hs__clkbuf_8)
                                         clknet_2_2__leaf_clk (net)
                  0.08    0.00    1.65 ^ dpath.b_reg.out[14]$_DFFE_PP_/CLK (sky130_fd_sc_hs__edfxtp_1)
                          0.00    1.65   clock reconvergence pessimism
                         -0.70    0.95   library setup time
                                  0.95   data required time
-----------------------------------------------------------------------------
                                  0.95   data required time
                                 -1.39   data arrival time
-----------------------------------------------------------------------------
                                 -0.45   slack (VIOLATED)


Startpoint: dpath.b_reg.out[10]$_DFFE_PP_
            (rising edge-triggered flip-flop clocked by core_clock)
Endpoint: resp_msg[11] (output port clocked by vclk_core_clock)
Path Group: vclk_core_clock
Path Type: max

Fanout     Cap    Slew   Delay    Time   Description
-----------------------------------------------------------------------------
                          0.00    0.00   clock core_clock (rise edge)
                          0.00    0.00   clock source latency
     1    0.02    0.00    0.00    0.00 ^ clk (in)
                                         clk (net)
                  0.00    0.00    0.00 ^ clkbuf_0_clk/A (sky130_fd_sc_hs__clkbuf_8)
     4    0.04    0.06    0.11    0.11 ^ clkbuf_0_clk/X (sky130_fd_sc_hs__clkbuf_8)
                                         clknet_0_clk (net)
                  0.06    0.00    0.11 ^ clkbuf_2_2__f_clk/A (sky130_fd_sc_hs__clkbuf_8)
    11    0.06    0.08    0.14    0.25 ^ clkbuf_2_2__f_clk/X (sky130_fd_sc_hs__clkbuf_8)
                                         clknet_2_2__leaf_clk (net)
                  0.08    0.00    0.25 ^ dpath.b_reg.out[10]$_DFFE_PP_/CLK (sky130_fd_sc_hs__edfxtp_1)
     3    0.02    0.15    0.27    0.52 ^ dpath.b_reg.out[10]$_DFFE_PP_/Q (sky130_fd_sc_hs__edfxtp_1)
                                         dpath.a_lt_b$in1[10] (net)
                  0.15    0.00    0.52 ^ _391_/A_N (sky130_fd_sc_hs__nand2b_2)
     3    0.02    0.09    0.14    0.66 ^ _391_/Y (sky130_fd_sc_hs__nand2b_2)
                                         _074_ (net)
                  0.09    0.00    0.66 ^ _393_/B (sky130_fd_sc_hs__and2_2)
     2    0.02    0.07    0.13    0.79 ^ _393_/X (sky130_fd_sc_hs__and2_2)
                                         _076_ (net)
                  0.07    0.00    0.79 ^ rebuffer442/A (sky130_fd_sc_hs__buf_1)
     1    0.02    0.11    0.13    0.92 ^ rebuffer442/X (sky130_fd_sc_hs__buf_1)
                                         net442 (net)
                  0.11    0.00    0.92 ^ place197/A (sky130_fd_sc_hs__buf_1)
     2    0.01    0.10    0.13    1.05 ^ place197/X (sky130_fd_sc_hs__buf_1)
                                         net197 (net)
                  0.10    0.00    1.05 ^ _394_/B (sky130_fd_sc_hs__nand2_2)
     2    0.02    0.09    0.09    1.14 v _394_/Y (sky130_fd_sc_hs__nand2_2)
                                         _077_ (net)
                  0.09    0.00    1.14 v _401_/B (sky130_fd_sc_hs__nor2_4)
     3    0.02    0.10    0.11    1.25 ^ _401_/Y (sky130_fd_sc_hs__nor2_4)
                                         _084_ (net)
                  0.10    0.00    1.25 ^ _544_/C (sky130_fd_sc_hs__nand3_2)
     2    0.01    0.07    0.09    1.34 v _544_/Y (sky130_fd_sc_hs__nand3_2)
                                         _220_ (net)
                  0.07    0.00    1.34 v _548_/A (sky130_fd_sc_hs__nand3_2)
     1    0.01    0.06    0.07    1.41 ^ _548_/Y (sky130_fd_sc_hs__nand3_2)
                                         _224_ (net)
                  0.06    0.00    1.41 ^ _550_/B (sky130_fd_sc_hs__nand2_1)
     1    0.01    0.06    0.07    1.48 v _550_/Y (sky130_fd_sc_hs__nand2_1)
                                         _226_ (net)
                  0.06    0.00    1.48 v _551_/A (sky130_fd_sc_hs__nand2_2)
     2    0.03    0.11    0.10    1.58 ^ _551_/Y (sky130_fd_sc_hs__nand2_2)
                                         net39 (net)
                  0.11    0.00    1.58 ^ output39/A (sky130_fd_sc_hs__buf_1)
     1    0.01    0.07    0.11    1.69 ^ output39/X (sky130_fd_sc_hs__buf_1)
                                         resp_msg[11] (net)
                  0.07    0.00    1.69 ^ resp_msg[11] (out)
                                  1.69   data arrival time

                  0.00    1.40    1.40   clock vclk_core_clock (rise edge)
                          0.23    1.64   clock network delay (ideal)
                          0.00    1.64   clock reconvergence pessimism
                         -0.28    1.36   output external delay
                                  1.36   data required time
-----------------------------------------------------------------------------
                                  1.36   data required time
                                 -1.69   data arrival time
-----------------------------------------------------------------------------
                                 -0.34   slack (VIOLATED)



==========================================================================
finish report_check_types -max_slew -max_cap -max_fanout -violators
--------------------------------------------------------------------------

==========================================================================
finish max_slew_check_slack
--------------------------------------------------------------------------
0.5066831111907959

==========================================================================
finish max_slew_check_limit
--------------------------------------------------------------------------
1.0

==========================================================================
finish max_slew_check_slack_limit
--------------------------------------------------------------------------
0.5067

==========================================================================
finish max_fanout_check_slack
--------------------------------------------------------------------------
1.0000000150474662e+30

==========================================================================
finish max_fanout_check_limit
--------------------------------------------------------------------------
1.0000000150474662e+30

==========================================================================
finish max_capacitance_check_slack
--------------------------------------------------------------------------
0.039411164820194244

==========================================================================
finish max_capacitance_check_limit
--------------------------------------------------------------------------
0.044599998742341995

==========================================================================
finish max_capacitance_check_slack_limit
--------------------------------------------------------------------------
0.8837

==========================================================================
finish max_slew_violation_count
--------------------------------------------------------------------------
max slew violation count 0

==========================================================================
finish max_fanout_violation_count
--------------------------------------------------------------------------
max fanout violation count 0

==========================================================================
finish max_cap_violation_count
--------------------------------------------------------------------------
max cap violation count 0

==========================================================================
finish setup_violation_count
--------------------------------------------------------------------------
setup violation count 46

==========================================================================
finish hold_violation_count
--------------------------------------------------------------------------
hold violation count 0

==========================================================================
finish report_checks -path_delay max reg to reg
--------------------------------------------------------------------------
Startpoint: dpath.b_reg.out[6]$_DFFE_PP_
            (rising edge-triggered flip-flop clocked by core_clock)
Endpoint: dpath.b_reg.out[14]$_DFFE_PP_
          (rising edge-triggered flip-flop clocked by core_clock)
Path Group: core_clock
Path Type: max

  Delay    Time   Description
---------------------------------------------------------
   0.00    0.00   clock core_clock (rise edge)
   0.00    0.00   clock source latency
   0.00    0.00 ^ clk (in)
   0.11    0.11 ^ clkbuf_0_clk/X (sky130_fd_sc_hs__clkbuf_8)
   0.14    0.24 ^ clkbuf_2_0__f_clk/X (sky130_fd_sc_hs__clkbuf_8)
   0.00    0.25 ^ dpath.b_reg.out[6]$_DFFE_PP_/CLK (sky130_fd_sc_hs__edfxtp_1)
   0.27    0.52 v dpath.b_reg.out[6]$_DFFE_PP_/Q (sky130_fd_sc_hs__edfxtp_1)
   0.19    0.71 ^ _376_/Y (sky130_fd_sc_hs__xnor2_2)
   0.11    0.81 v _438_/Y (sky130_fd_sc_hs__nand2_2)
   0.15    0.96 ^ _440_/Y (sky130_fd_sc_hs__nor2_2)
   0.08    1.04 v _441_/Y (sky130_fd_sc_hs__nand2_2)
   0.10    1.14 ^ _450_/Y (sky130_fd_sc_hs__nand2_2)
   0.06    1.20 v _458_/Y (sky130_fd_sc_hs__nand2_8)
   0.10    1.30 ^ _581_/Y (sky130_fd_sc_hs__nand2_8)
   0.09    1.39 v _640_/Y (sky130_fd_sc_hs__o21ai_4)
   0.00    1.39 v dpath.b_reg.out[14]$_DFFE_PP_/DE (sky130_fd_sc_hs__edfxtp_1)
           1.39   data arrival time

   1.40    1.40   clock core_clock (rise edge)
   0.00    1.40   clock source latency
   0.00    1.40 ^ clk (in)
   0.11    1.51 ^ clkbuf_0_clk/X (sky130_fd_sc_hs__clkbuf_8)
   0.14    1.65 ^ clkbuf_2_2__f_clk/X (sky130_fd_sc_hs__clkbuf_8)
   0.00    1.65 ^ dpath.b_reg.out[14]$_DFFE_PP_/CLK (sky130_fd_sc_hs__edfxtp_1)
   0.00    1.65   clock reconvergence pessimism
  -0.70    0.95   library setup time
           0.95   data required time
---------------------------------------------------------
           0.95   data required time
          -1.39   data arrival time
---------------------------------------------------------
          -0.45   slack (VIOLATED)



==========================================================================
finish report_checks -path_delay min reg to reg
--------------------------------------------------------------------------
Startpoint: ctrl.state.out[2]$_DFF_P_
            (rising edge-triggered flip-flop clocked by core_clock)
Endpoint: dpath.b_reg.out[7]$_DFFE_PP_
          (rising edge-triggered flip-flop clocked by core_clock)
Path Group: core_clock
Path Type: min

  Delay    Time   Description
---------------------------------------------------------
   0.00    0.00   clock core_clock (rise edge)
   0.00    0.00   clock source latency
   0.00    0.00 ^ clk (in)
   0.11    0.11 ^ clkbuf_0_clk/X (sky130_fd_sc_hs__clkbuf_8)
   0.14    0.24 ^ clkbuf_2_0__f_clk/X (sky130_fd_sc_hs__clkbuf_8)
   0.00    0.25 ^ ctrl.state.out[2]$_DFF_P_/CLK (sky130_fd_sc_hs__dfxtp_1)
   0.28    0.53 v ctrl.state.out[2]$_DFF_P_/Q (sky130_fd_sc_hs__dfxtp_1)
   0.13    0.66 ^ _476_/Y (sky130_fd_sc_hs__inv_4)
   0.10    0.76 v clone284/Y (sky130_fd_sc_hs__o21ai_4)
   0.00    0.76 v dpath.b_reg.out[7]$_DFFE_PP_/DE (sky130_fd_sc_hs__edfxtp_1)
           0.76   data arrival time

   0.00    0.00   clock core_clock (rise edge)
   0.00    0.00   clock source latency
   0.00    0.00 ^ clk (in)
   0.11    0.11 ^ clkbuf_0_clk/X (sky130_fd_sc_hs__clkbuf_8)
   0.14    0.25 ^ clkbuf_2_2__f_clk/X (sky130_fd_sc_hs__clkbuf_8)
   0.00    0.25 ^ dpath.b_reg.out[7]$_DFFE_PP_/CLK (sky130_fd_sc_hs__edfxtp_1)
   0.00    0.25   clock reconvergence pessimism
   0.19    0.44   library hold time
           0.44   data required time
---------------------------------------------------------
           0.44   data required time
          -0.76   data arrival time
---------------------------------------------------------
           0.32   slack (MET)



==========================================================================
finish critical path target clock latency max path
--------------------------------------------------------------------------
0.2470

==========================================================================
finish critical path target clock latency min path
--------------------------------------------------------------------------
0.2467

==========================================================================
finish critical path source clock latency min path
--------------------------------------------------------------------------
0.2350

==========================================================================
finish critical path delay
--------------------------------------------------------------------------
1.3911

==========================================================================
finish critical path slack
--------------------------------------------------------------------------
-0.4452

==========================================================================
finish slack div critical path delay
--------------------------------------------------------------------------
-32.003451

==========================================================================
finish report_power
--------------------------------------------------------------------------
Group                  Internal  Switching    Leakage      Total
                          Power      Power      Power      Power (Watts)
----------------------------------------------------------------
Sequential             1.61e-03   1.98e-04   4.70e-08   1.81e-03  20.5%
Combinational          3.34e-03   2.52e-03   6.49e-08   5.86e-03  66.4%
Clock                  5.57e-04   6.02e-04   1.12e-09   1.16e-03  13.1%
Macro                  0.00e+00   0.00e+00   0.00e+00   0.00e+00   0.0%
Pad                    0.00e+00   0.00e+00   0.00e+00   0.00e+00   0.0%
----------------------------------------------------------------
Total                  5.51e-03   3.32e-03   1.13e-07   8.84e-03 100.0%
                          62.4%      37.6%       0.0%
