
==========================================================================
cts final report_tns
--------------------------------------------------------------------------
tns max -0.01

==========================================================================
cts final report_wns
--------------------------------------------------------------------------
wns max -0.01

==========================================================================
cts final report_worst_slack
--------------------------------------------------------------------------
worst slack max -0.01

==========================================================================
cts final report_clock_min_period
--------------------------------------------------------------------------
core_clock period_min = 12.51 fmax = 79.94
vclk period_min = 0.00 fmax = inf

==========================================================================
cts final report_clock_skew
--------------------------------------------------------------------------
Clock core_clock
   0.97 source latency W[1136]$_DFFE_PN0P_/CLK ^
  -1.01 target latency digest[246]$_DFFE_PN0P_/CLK ^
   0.00 CRPR
--------------
  -0.04 setup skew

Clock vclk
No launch/capture paths found.


==========================================================================
cts final report_checks -path_delay min
--------------------------------------------------------------------------
Startpoint: rst_n (input port clocked by vclk)
Endpoint: W[995]$_DFFE_PN0P_
          (removal check against rising-edge clock core_clock)
Path Group: asynchronous
Path Type: min

Fanout     Cap    Slew   Delay    Time   Description
-----------------------------------------------------------------------------
                  0.00    0.00    0.00   clock vclk (rise edge)
                          0.00    0.00   clock network delay (ideal)
                          2.50    2.50 ^ input external delay
     1    0.02    0.00    0.00    2.50 ^ rst_n (in)
                                         rst_n (net)
                  0.00    0.00    2.50 ^ input514/A (sky130_fd_sc_hd__buf_16)
    95    0.63    0.64    0.41    2.91 ^ input514/X (sky130_fd_sc_hd__buf_16)
                                         net513 (net)
                  0.64    0.06    2.97 ^ W[995]$_DFFE_PN0P_/RESET_B (sky130_fd_sc_hd__dfrtp_1)
                                  2.97   data arrival time

                          0.00    0.00   clock core_clock (rise edge)
                          0.00    0.00   clock source latency
     1    0.13    0.00    0.00    0.00 ^ clk (in)
                                         clk (net)
                  0.01    0.00    0.00 ^ clkbuf_0_clk/A (sky130_fd_sc_hd__clkbuf_16)
     4    0.20    0.21    0.24    0.24 ^ clkbuf_0_clk/X (sky130_fd_sc_hd__clkbuf_16)
                                         clknet_0_clk (net)
                  0.21    0.01    0.25 ^ clkbuf_2_2_0_clk/A (sky130_fd_sc_hd__clkbuf_16)
     8    0.18    0.20    0.30    0.54 ^ clkbuf_2_2_0_clk/X (sky130_fd_sc_hd__clkbuf_16)
                                         clknet_2_2_0_clk (net)
                  0.20    0.00    0.55 ^ clkbuf_5_21__f_clk/A (sky130_fd_sc_hd__clkbuf_16)
    10    0.15    0.16    0.27    0.82 ^ clkbuf_5_21__f_clk/X (sky130_fd_sc_hd__clkbuf_16)
                                         clknet_5_21__leaf_clk (net)
                  0.16    0.00    0.82 ^ clkbuf_leaf_187_clk/A (sky130_fd_sc_hd__clkbuf_16)
    11    0.04    0.06    0.18    1.00 ^ clkbuf_leaf_187_clk/X (sky130_fd_sc_hd__clkbuf_16)
                                         clknet_leaf_187_clk (net)
                  0.06    0.00    1.00 ^ W[995]$_DFFE_PN0P_/CLK (sky130_fd_sc_hd__dfrtp_1)
                          0.00    1.00   clock reconvergence pessimism
                          0.49    1.49   library removal time
                                  1.49   data required time
-----------------------------------------------------------------------------
                                  1.49   data required time
                                 -2.97   data arrival time
-----------------------------------------------------------------------------
                                  1.48   slack (MET)


Startpoint: digest[131]$_DFFE_PN0P_
            (rising edge-triggered flip-flop clocked by core_clock)
Endpoint: digest[131]$_DFFE_PN0P_
          (rising edge-triggered flip-flop clocked by core_clock)
Path Group: core_clock
Path Type: min

Fanout     Cap    Slew   Delay    Time   Description
-----------------------------------------------------------------------------
                          0.00    0.00   clock core_clock (rise edge)
                          0.00    0.00   clock source latency
     1    0.13    0.00    0.00    0.00 ^ clk (in)
                                         clk (net)
                  0.01    0.00    0.00 ^ clkbuf_0_clk/A (sky130_fd_sc_hd__clkbuf_16)
     4    0.20    0.21    0.24    0.24 ^ clkbuf_0_clk/X (sky130_fd_sc_hd__clkbuf_16)
                                         clknet_0_clk (net)
                  0.21    0.01    0.25 ^ clkbuf_2_1_0_clk/A (sky130_fd_sc_hd__clkbuf_16)
     8    0.17    0.19    0.29    0.54 ^ clkbuf_2_1_0_clk/X (sky130_fd_sc_hd__clkbuf_16)
                                         clknet_2_1_0_clk (net)
                  0.19    0.01    0.54 ^ clkbuf_5_14__f_clk/A (sky130_fd_sc_hd__clkbuf_16)
     8    0.15    0.16    0.27    0.81 ^ clkbuf_5_14__f_clk/X (sky130_fd_sc_hd__clkbuf_16)
                                         clknet_5_14__leaf_clk (net)
                  0.16    0.00    0.81 ^ clkbuf_leaf_74_clk/A (sky130_fd_sc_hd__clkbuf_16)
     9    0.03    0.05    0.17    0.99 ^ clkbuf_leaf_74_clk/X (sky130_fd_sc_hd__clkbuf_16)
                                         clknet_leaf_74_clk (net)
                  0.05    0.00    0.99 ^ digest[131]$_DFFE_PN0P_/CLK (sky130_fd_sc_hd__dfrtp_1)
     2    0.01    0.07    0.34    1.32 ^ digest[131]$_DFFE_PN0P_/Q (sky130_fd_sc_hd__dfrtp_1)
                                         net550 (net)
                  0.07    0.00    1.32 ^ _18544_/A (sky130_fd_sc_hd__nand2_1)
     1    0.00    0.03    0.05    1.37 v _18544_/Y (sky130_fd_sc_hd__nand2_1)
                                         _04769_ (net)
                  0.03    0.00    1.37 v _18545_/B1 (sky130_fd_sc_hd__o21ai_0)
     1    0.00    0.06    0.06    1.43 ^ _18545_/Y (sky130_fd_sc_hd__o21ai_0)
                                         _00891_ (net)
                  0.06    0.00    1.43 ^ digest[131]$_DFFE_PN0P_/D (sky130_fd_sc_hd__dfrtp_1)
                                  1.43   data arrival time

                          0.00    0.00   clock core_clock (rise edge)
                          0.00    0.00   clock source latency
     1    0.13    0.00    0.00    0.00 ^ clk (in)
                                         clk (net)
                  0.01    0.00    0.00 ^ clkbuf_0_clk/A (sky130_fd_sc_hd__clkbuf_16)
     4    0.20    0.21    0.24    0.24 ^ clkbuf_0_clk/X (sky130_fd_sc_hd__clkbuf_16)
                                         clknet_0_clk (net)
                  0.21    0.01    0.25 ^ clkbuf_2_1_0_clk/A (sky130_fd_sc_hd__clkbuf_16)
     8    0.17    0.19    0.29    0.54 ^ clkbuf_2_1_0_clk/X (sky130_fd_sc_hd__clkbuf_16)
                                         clknet_2_1_0_clk (net)
                  0.19    0.01    0.54 ^ clkbuf_5_14__f_clk/A (sky130_fd_sc_hd__clkbuf_16)
     8    0.15    0.16    0.27    0.81 ^ clkbuf_5_14__f_clk/X (sky130_fd_sc_hd__clkbuf_16)
                                         clknet_5_14__leaf_clk (net)
                  0.16    0.00    0.81 ^ clkbuf_leaf_74_clk/A (sky130_fd_sc_hd__clkbuf_16)
     9    0.03    0.05    0.17    0.99 ^ clkbuf_leaf_74_clk/X (sky130_fd_sc_hd__clkbuf_16)
                                         clknet_leaf_74_clk (net)
                  0.05    0.00    0.99 ^ digest[131]$_DFFE_PN0P_/CLK (sky130_fd_sc_hd__dfrtp_1)
                          0.00    0.99   clock reconvergence pessimism
                         -0.04    0.95   library hold time
                                  0.95   data required time
-----------------------------------------------------------------------------
                                  0.95   data required time
                                 -1.43   data arrival time
-----------------------------------------------------------------------------
                                  0.48   slack (MET)


Startpoint: digest[89]$_DFFE_PN0P_
            (rising edge-triggered flip-flop clocked by core_clock)
Endpoint: digest[89] (output port clocked by vclk)
Path Group: vclk
Path Type: min

Fanout     Cap    Slew   Delay    Time   Description
-----------------------------------------------------------------------------
                          0.00    0.00   clock core_clock (rise edge)
                          0.00    0.00   clock source latency
     1    0.13    0.00    0.00    0.00 ^ clk (in)
                                         clk (net)
                  0.01    0.00    0.00 ^ clkbuf_0_clk/A (sky130_fd_sc_hd__clkbuf_16)
     4    0.20    0.21    0.24    0.24 ^ clkbuf_0_clk/X (sky130_fd_sc_hd__clkbuf_16)
                                         clknet_0_clk (net)
                  0.21    0.01    0.25 ^ clkbuf_2_3_0_clk/A (sky130_fd_sc_hd__clkbuf_16)
     8    0.18    0.19    0.29    0.54 ^ clkbuf_2_3_0_clk/X (sky130_fd_sc_hd__clkbuf_16)
                                         clknet_2_3_0_clk (net)
                  0.19    0.00    0.54 ^ clkbuf_5_27__f_clk/A (sky130_fd_sc_hd__clkbuf_16)
     8    0.14    0.15    0.26    0.81 ^ clkbuf_5_27__f_clk/X (sky130_fd_sc_hd__clkbuf_16)
                                         clknet_5_27__leaf_clk (net)
                  0.15    0.00    0.81 ^ clkbuf_leaf_107_clk/A (sky130_fd_sc_hd__clkbuf_16)
    11    0.03    0.06    0.18    0.99 ^ clkbuf_leaf_107_clk/X (sky130_fd_sc_hd__clkbuf_16)
                                         clknet_leaf_107_clk (net)
                  0.06    0.00    0.99 ^ digest[89]$_DFFE_PN0P_/CLK (sky130_fd_sc_hd__dfrtp_1)
     2    0.01    0.05    0.37    1.36 v digest[89]$_DFFE_PN0P_/Q (sky130_fd_sc_hd__dfrtp_1)
                                         net758 (net)
                  0.05    0.00    1.36 v output759/A (sky130_fd_sc_hd__clkdlybuf4s50_1)
     1    0.00    0.04    0.41    1.76 v output759/X (sky130_fd_sc_hd__clkdlybuf4s50_1)
                                         digest[89] (net)
                  0.04    0.00    1.76 v digest[89] (out)
                                  1.76   data arrival time

                  0.00    0.00    0.00   clock vclk (rise edge)
                          0.00    0.00   clock network delay (ideal)
                          0.00    0.00   clock reconvergence pessimism
                         -2.50   -2.50   output external delay
                                 -2.50   data required time
-----------------------------------------------------------------------------
                                 -2.50   data required time
                                 -1.76   data arrival time
-----------------------------------------------------------------------------
                                  4.26   slack (MET)



==========================================================================
cts final report_checks -path_delay max
--------------------------------------------------------------------------
Startpoint: rst_n (input port clocked by vclk)
Endpoint: W[952]$_DFFE_PN0P_
          (recovery check against rising-edge clock core_clock)
Path Group: asynchronous
Path Type: max

Fanout     Cap    Slew   Delay    Time   Description
-----------------------------------------------------------------------------
                  0.00    0.00    0.00   clock vclk (rise edge)
                          0.00    0.00   clock network delay (ideal)
                          2.50    2.50 ^ input external delay
     1    0.02    0.00    0.00    2.50 ^ rst_n (in)
                                         rst_n (net)
                  0.00    0.00    2.50 ^ input514/A (sky130_fd_sc_hd__buf_16)
    95    0.63    0.64    0.41    2.91 ^ input514/X (sky130_fd_sc_hd__buf_16)
                                         net513 (net)
                  0.64    0.04    2.95 ^ place3829/A (sky130_fd_sc_hd__buf_12)
   133    0.68    0.75    0.68    3.63 ^ place3829/X (sky130_fd_sc_hd__buf_12)
                                         net3828 (net)
                  0.75    0.04    3.67 ^ place3828/A (sky130_fd_sc_hd__buf_4)
    43    0.21    0.58    0.62    4.29 ^ place3828/X (sky130_fd_sc_hd__buf_4)
                                         net3827 (net)
                  0.58    0.00    4.29 ^ place3826/A (sky130_fd_sc_hd__buf_4)
    65    0.35    0.94    0.84    5.13 ^ place3826/X (sky130_fd_sc_hd__buf_4)
                                         net3825 (net)
                  0.94    0.04    5.17 ^ W[952]$_DFFE_PN0P_/RESET_B (sky130_fd_sc_hd__dfrtp_1)
                                  5.17   data arrival time

                         12.50   12.50   clock core_clock (rise edge)
                          0.00   12.50   clock source latency
     1    0.13    0.00    0.00   12.50 ^ clk (in)
                                         clk (net)
                  0.01    0.00   12.50 ^ clkbuf_0_clk/A (sky130_fd_sc_hd__clkbuf_16)
     4    0.20    0.21    0.24   12.74 ^ clkbuf_0_clk/X (sky130_fd_sc_hd__clkbuf_16)
                                         clknet_0_clk (net)
                  0.21    0.01   12.75 ^ clkbuf_2_0_0_clk/A (sky130_fd_sc_hd__clkbuf_16)
     8    0.18    0.19    0.29   13.04 ^ clkbuf_2_0_0_clk/X (sky130_fd_sc_hd__clkbuf_16)
                                         clknet_2_0_0_clk (net)
                  0.19    0.01   13.04 ^ clkbuf_5_0__f_clk/A (sky130_fd_sc_hd__clkbuf_16)
    10    0.13    0.15    0.26   13.30 ^ clkbuf_5_0__f_clk/X (sky130_fd_sc_hd__clkbuf_16)
                                         clknet_5_0__leaf_clk (net)
                  0.15    0.00   13.30 ^ clkbuf_leaf_267_clk/A (sky130_fd_sc_hd__clkbuf_16)
     5    0.03    0.05    0.17   13.47 ^ clkbuf_leaf_267_clk/X (sky130_fd_sc_hd__clkbuf_16)
                                         clknet_leaf_267_clk (net)
                  0.05    0.00   13.47 ^ W[952]$_DFFE_PN0P_/CLK (sky130_fd_sc_hd__dfrtp_1)
                          0.00   13.47   clock reconvergence pessimism
                          0.00   13.47   library recovery time
                                 13.47   data required time
-----------------------------------------------------------------------------
                                 13.47   data required time
                                 -5.17   data arrival time
-----------------------------------------------------------------------------
                                  8.30   slack (MET)


Startpoint: round[0]$_DFFE_PN0P_
            (rising edge-triggered flip-flop clocked by core_clock)
Endpoint: digest[127]$_DFFE_PN0P_
          (rising edge-triggered flip-flop clocked by core_clock)
Path Group: core_clock
Path Type: max

Fanout     Cap    Slew   Delay    Time   Description
-----------------------------------------------------------------------------
                          0.00    0.00   clock core_clock (rise edge)
                          0.00    0.00   clock source latency
     1    0.13    0.00    0.00    0.00 ^ clk (in)
                                         clk (net)
                  0.01    0.00    0.00 ^ clkbuf_0_clk/A (sky130_fd_sc_hd__clkbuf_16)
     4    0.20    0.21    0.24    0.24 ^ clkbuf_0_clk/X (sky130_fd_sc_hd__clkbuf_16)
                                         clknet_0_clk (net)
                  0.21    0.01    0.25 ^ clkbuf_2_1_0_clk/A (sky130_fd_sc_hd__clkbuf_16)
     8    0.17    0.19    0.29    0.54 ^ clkbuf_2_1_0_clk/X (sky130_fd_sc_hd__clkbuf_16)
                                         clknet_2_1_0_clk (net)
                  0.19    0.00    0.54 ^ clkbuf_5_13__f_clk/A (sky130_fd_sc_hd__clkbuf_16)
     6    0.13    0.14    0.25    0.80 ^ clkbuf_5_13__f_clk/X (sky130_fd_sc_hd__clkbuf_16)
                                         clknet_5_13__leaf_clk (net)
                  0.14    0.00    0.80 ^ clkbuf_leaf_33_clk/A (sky130_fd_sc_hd__clkbuf_16)
     7    0.04    0.06    0.17    0.97 ^ clkbuf_leaf_33_clk/X (sky130_fd_sc_hd__clkbuf_16)
                                         clknet_leaf_33_clk (net)
                  0.06    0.00    0.97 ^ round[0]$_DFFE_PN0P_/CLK (sky130_fd_sc_hd__dfrtp_4)
     6    0.07    0.20    0.54    1.51 ^ round[0]$_DFFE_PN0P_/Q (sky130_fd_sc_hd__dfrtp_4)
                                         round[0] (net)
                  0.20    0.00    1.51 ^ rebuffer3996/A (sky130_fd_sc_hd__buf_12)
     1    0.04    0.06    0.15    1.66 ^ rebuffer3996/X (sky130_fd_sc_hd__buf_12)
                                         net3995 (net)
                  0.06    0.00    1.67 ^ clone3994/A (sky130_fd_sc_hd__buf_16)
     5    0.09    0.11    0.15    1.82 ^ clone3994/X (sky130_fd_sc_hd__buf_16)
                                         net3993 (net)
                  0.11    0.01    1.83 ^ place3615/A (sky130_fd_sc_hd__buf_12)
    17    0.09    0.11    0.17    2.00 ^ place3615/X (sky130_fd_sc_hd__buf_12)
                                         net3614 (net)
                  0.11    0.00    2.01 ^ _24811_/S0 (sky130_fd_sc_hd__mux4_2)
     1    0.01    0.09    0.52    2.52 v _24811_/X (sky130_fd_sc_hd__mux4_2)
                                         _08782_ (net)
                  0.09    0.00    2.52 v _24812_/A3 (sky130_fd_sc_hd__mux4_2)
     1    0.03    0.16    0.60    3.12 v _24812_/X (sky130_fd_sc_hd__mux4_2)
                                         _08783_ (net)
                  0.16    0.00    3.12 v _24823_/A1 (sky130_fd_sc_hd__mux4_2)
     3    0.04    0.16    0.61    3.74 v _24823_/X (sky130_fd_sc_hd__mux4_2)
                                         _08794_ (net)
                  0.17    0.00    3.74 v _24863_/B (sky130_fd_sc_hd__xnor2_2)
     1    0.01    0.07    0.19    3.93 v _24863_/Y (sky130_fd_sc_hd__xnor2_2)
                                         _08825_ (net)
                  0.07    0.00    3.93 v _24864_/B (sky130_fd_sc_hd__xnor2_2)
     1    0.02    0.15    0.19    4.12 v _24864_/Y (sky130_fd_sc_hd__xnor2_2)
                                         _00268_ (net)
                  0.15    0.00    4.13 v _25339_/A (sky130_fd_sc_hd__fa_1)
     1    0.01    0.08    0.58    4.71 ^ _25339_/SUM (sky130_fd_sc_hd__fa_1)
                                         _12831_ (net)
                  0.08    0.00    4.71 ^ _25373_/CIN (sky130_fd_sc_hd__fa_2)
     1    0.01    0.09    0.46    5.16 v _25373_/SUM (sky130_fd_sc_hd__fa_2)
                                         _12900_ (net)
                  0.09    0.00    5.16 v _25486_/B (sky130_fd_sc_hd__ha_4)
     2    0.01    0.04    0.18    5.35 v _25486_/COUT (sky130_fd_sc_hd__ha_4)
                                         _00310_ (net)
                  0.04    0.00    5.35 v _25359_/CIN (sky130_fd_sc_hd__fa_2)
     2    0.01    0.08    0.35    5.70 v _25359_/COUT (sky130_fd_sc_hd__fa_2)
                                         _00311_ (net)
                  0.08    0.00    5.70 v _13201_/A1 (sky130_fd_sc_hd__a21o_1)
     1    0.01    0.05    0.19    5.89 v _13201_/X (sky130_fd_sc_hd__a21o_1)
                                         _09316_ (net)
                  0.05    0.00    5.89 v _13202_/A2 (sky130_fd_sc_hd__a21oi_2)
     2    0.01    0.14    0.17    6.06 ^ _13202_/Y (sky130_fd_sc_hd__a21oi_2)
                                         _09317_ (net)
                  0.14    0.00    6.06 ^ _13205_/A2 (sky130_fd_sc_hd__o211ai_1)
     2    0.01    0.14    0.15    6.21 v _13205_/Y (sky130_fd_sc_hd__o211ai_1)
                                         _09320_ (net)
                  0.14    0.00    6.22 v rebuffer3854/A (sky130_fd_sc_hd__buf_4)
     1    0.01    0.03    0.17    6.39 v rebuffer3854/X (sky130_fd_sc_hd__buf_4)
                                         net3853 (net)
                  0.03    0.00    6.39 v _14234_/A1 (sky130_fd_sc_hd__a31o_4)
     1    0.01    0.04    0.21    6.60 v _14234_/X (sky130_fd_sc_hd__a31o_4)
                                         _10331_ (net)
                  0.04    0.00    6.60 v _14235_/A2 (sky130_fd_sc_hd__a21oi_4)
     1    0.01    0.12    0.16    6.76 ^ _14235_/Y (sky130_fd_sc_hd__a21oi_4)
                                         _10332_ (net)
                  0.12    0.00    6.76 ^ _14236_/B (sky130_fd_sc_hd__xnor2_2)
     1    0.01    0.07    0.09    6.85 v _14236_/Y (sky130_fd_sc_hd__xnor2_2)
                                         _10333_ (net)
                  0.07    0.00    6.85 v _14237_/A1 (sky130_fd_sc_hd__mux2i_4)
     1    0.01    0.17    0.17    7.02 ^ _14237_/Y (sky130_fd_sc_hd__mux2i_4)
                                         _10334_ (net)
                  0.17    0.00    7.02 ^ place2815/A (sky130_fd_sc_hd__buf_12)
     2    0.04    0.06    0.15    7.17 ^ place2815/X (sky130_fd_sc_hd__buf_12)
                                         net2814 (net)
                  0.06    0.01    7.17 ^ _14240_/A (sky130_fd_sc_hd__inv_4)
     1    0.01    0.02    0.03    7.20 v _14240_/Y (sky130_fd_sc_hd__inv_4)
                                         _00194_ (net)
                  0.02    0.00    7.20 v _25307_/CIN (sky130_fd_sc_hd__fa_1)
     1    0.01    0.08    0.48    7.69 ^ _25307_/SUM (sky130_fd_sc_hd__fa_1)
                                         _12767_ (net)
                  0.08    0.00    7.69 ^ _25279_/CIN (sky130_fd_sc_hd__fa_1)
     1    0.01    0.11    0.45    8.13 v _25279_/SUM (sky130_fd_sc_hd__fa_1)
                                         _12690_ (net)
                  0.11    0.00    8.13 v _25250_/B (sky130_fd_sc_hd__fa_1)
     1    0.01    0.12    0.57    8.71 ^ _25250_/SUM (sky130_fd_sc_hd__fa_1)
                                         _12693_ (net)
                  0.12    0.00    8.71 ^ _25528_/B (sky130_fd_sc_hd__ha_4)
     2    0.01    0.04    0.21    8.92 v _25528_/SUM (sky130_fd_sc_hd__ha_4)
                                         _00629_ (net)
                  0.04    0.00    8.92 v _15324_/D (sky130_fd_sc_hd__and4_4)
     2    0.01    0.04    0.19    9.11 v _15324_/X (sky130_fd_sc_hd__and4_4)
                                         _11369_ (net)
                  0.04    0.00    9.11 v _15328_/B1 (sky130_fd_sc_hd__a221oi_2)
     1    0.00    0.19    0.21    9.32 ^ _15328_/Y (sky130_fd_sc_hd__a221oi_2)
                                         _11373_ (net)
                  0.19    0.00    9.32 ^ _15329_/B1 (sky130_fd_sc_hd__o21ai_1)
     2    0.01    0.09    0.12    9.45 v _15329_/Y (sky130_fd_sc_hd__o21ai_1)
                                         _11374_ (net)
                  0.09    0.00    9.45 v _15330_/B (sky130_fd_sc_hd__nor2_1)
     2    0.01    0.16    0.16    9.61 ^ _15330_/Y (sky130_fd_sc_hd__nor2_1)
                                         _11375_ (net)
                  0.16    0.00    9.61 ^ place2670/A (sky130_fd_sc_hd__buf_4)
     2    0.02    0.07    0.17    9.78 ^ place2670/X (sky130_fd_sc_hd__buf_4)
                                         net2669 (net)
                  0.07    0.00    9.78 ^ _15332_/A (sky130_fd_sc_hd__nor2_4)
     2    0.01    0.03    0.05    9.83 v _15332_/Y (sky130_fd_sc_hd__nor2_4)
                                         _11377_ (net)
                  0.03    0.00    9.83 v _15336_/A (sky130_fd_sc_hd__nor3_4)
     1    0.02    0.21    0.24   10.07 ^ _15336_/Y (sky130_fd_sc_hd__nor3_4)
                                         _11381_ (net)
                  0.21    0.00   10.07 ^ _15337_/A (sky130_fd_sc_hd__xnor2_2)
     1    0.02    0.11    0.15   10.22 v _15337_/Y (sky130_fd_sc_hd__xnor2_2)
                                         _00074_ (net)
                  0.11    0.00   10.22 v place2633/A (sky130_fd_sc_hd__buf_6)
     2    0.03    0.04    0.16   10.38 v place2633/X (sky130_fd_sc_hd__buf_6)
                                         net2632 (net)
                  0.04    0.00   10.38 v rebuffer4043/A (sky130_fd_sc_hd__buf_6)
     1    0.01    0.02    0.11   10.49 v rebuffer4043/X (sky130_fd_sc_hd__buf_6)
                                         net4042 (net)
                  0.02    0.00   10.49 v rebuffer4037/A (sky130_fd_sc_hd__buf_6)
     1    0.01    0.02    0.10   10.59 v rebuffer4037/X (sky130_fd_sc_hd__buf_6)
                                         net4036 (net)
                  0.02    0.00   10.59 v place2632/A (sky130_fd_sc_hd__buf_6)
     1    0.01    0.03    0.11   10.69 v place2632/X (sky130_fd_sc_hd__buf_6)
                                         net2631 (net)
                  0.03    0.00   10.69 v _25523_/A (sky130_fd_sc_hd__ha_4)
     4    0.02    0.05    0.25   10.94 v _25523_/SUM (sky130_fd_sc_hd__ha_4)
                                         _00619_ (net)
                  0.05    0.00   10.94 v _17136_/A1 (sky130_fd_sc_hd__a21o_1)
     1    0.00    0.04    0.16   11.10 v _17136_/X (sky130_fd_sc_hd__a21o_1)
                                         _03614_ (net)
                  0.04    0.00   11.10 v _17137_/A2 (sky130_fd_sc_hd__a21o_1)
     1    0.01    0.04    0.18   11.28 v _17137_/X (sky130_fd_sc_hd__a21o_1)
                                         _03615_ (net)
                  0.04    0.00   11.28 v _17138_/A2 (sky130_fd_sc_hd__a21o_1)
     2    0.01    0.05    0.19   11.47 v _17138_/X (sky130_fd_sc_hd__a21o_1)
                                         _03616_ (net)
                  0.05    0.00   11.47 v _17139_/A2 (sky130_fd_sc_hd__a21oi_1)
     1    0.01    0.15    0.17   11.64 ^ _17139_/Y (sky130_fd_sc_hd__a21oi_1)
                                         _03617_ (net)
                  0.15    0.00   11.64 ^ _17140_/A (sky130_fd_sc_hd__nor2b_1)
     1    0.00    0.05    0.07   11.71 v _17140_/Y (sky130_fd_sc_hd__nor2b_1)
                                         _03618_ (net)
                  0.05    0.00   11.71 v _17147_/D (sky130_fd_sc_hd__nor4_2)
     1    0.01    0.26    0.19   11.90 ^ _17147_/Y (sky130_fd_sc_hd__nor4_2)
                                         _03625_ (net)
                  0.26    0.00   11.90 ^ place2437/A (sky130_fd_sc_hd__buf_4)
     5    0.04    0.11    0.23   12.13 ^ place2437/X (sky130_fd_sc_hd__buf_4)
                                         net2436 (net)
                  0.11    0.00   12.14 ^ _17157_/A2 (sky130_fd_sc_hd__o211a_4)
     1    0.01    0.06    0.18   12.32 ^ _17157_/X (sky130_fd_sc_hd__o211a_4)
                                         _03635_ (net)
                  0.06    0.00   12.32 ^ _17161_/A (sky130_fd_sc_hd__nor3_4)
     2    0.01    0.06    0.05   12.37 v _17161_/Y (sky130_fd_sc_hd__nor3_4)
                                         _03639_ (net)
                  0.06    0.00   12.37 v _17162_/A2 (sky130_fd_sc_hd__a21o_1)
     1    0.01    0.05    0.20   12.57 v _17162_/X (sky130_fd_sc_hd__a21o_1)
                                         _03640_ (net)
                  0.05    0.00   12.57 v _17163_/A2 (sky130_fd_sc_hd__a21oi_2)
     1    0.01    0.11    0.15   12.72 ^ _17163_/Y (sky130_fd_sc_hd__a21oi_2)
                                         _03641_ (net)
                  0.11    0.00   12.72 ^ _17164_/B (sky130_fd_sc_hd__xor2_1)
     1    0.00    0.12    0.16   12.88 ^ _17164_/X (sky130_fd_sc_hd__xor2_1)
                                         _03642_ (net)
                  0.12    0.00   12.88 ^ rebuffer3997/A (sky130_fd_sc_hd__buf_4)
     2    0.02    0.06    0.15   13.03 ^ rebuffer3997/X (sky130_fd_sc_hd__buf_4)
                                         net3996 (net)
                  0.06    0.00   13.03 ^ _18588_/A (sky130_fd_sc_hd__nand2_1)
     1    0.01    0.05    0.06   13.09 v _18588_/Y (sky130_fd_sc_hd__nand2_1)
                                         _04809_ (net)
                  0.05    0.00   13.09 v _18736_/B (sky130_fd_sc_hd__xnor2_1)
     1    0.01    0.18    0.18   13.27 ^ _18736_/Y (sky130_fd_sc_hd__xnor2_1)
                                         _04957_ (net)
                  0.18    0.00   13.27 ^ _18738_/A2 (sky130_fd_sc_hd__o21ai_1)
     1    0.00    0.13    0.09   13.36 v _18738_/Y (sky130_fd_sc_hd__o21ai_1)
                                         _00895_ (net)
                  0.13    0.00   13.36 v digest[127]$_DFFE_PN0P_/D (sky130_fd_sc_hd__dfrtp_1)
                                 13.36   data arrival time

                         12.50   12.50   clock core_clock (rise edge)
                          0.00   12.50   clock source latency
     1    0.13    0.00    0.00   12.50 ^ clk (in)
                                         clk (net)
                  0.01    0.00   12.50 ^ clkbuf_0_clk/A (sky130_fd_sc_hd__clkbuf_16)
     4    0.20    0.21    0.24   12.74 ^ clkbuf_0_clk/X (sky130_fd_sc_hd__clkbuf_16)
                                         clknet_0_clk (net)
                  0.21    0.01   12.75 ^ clkbuf_2_1_0_clk/A (sky130_fd_sc_hd__clkbuf_16)
     8    0.17    0.19    0.29   13.04 ^ clkbuf_2_1_0_clk/X (sky130_fd_sc_hd__clkbuf_16)
                                         clknet_2_1_0_clk (net)
                  0.19    0.01   13.04 ^ clkbuf_5_15__f_clk/A (sky130_fd_sc_hd__clkbuf_16)
     8    0.15    0.16    0.27   13.31 ^ clkbuf_5_15__f_clk/X (sky130_fd_sc_hd__clkbuf_16)
                                         clknet_5_15__leaf_clk (net)
                  0.16    0.00   13.31 ^ clkbuf_leaf_76_clk/A (sky130_fd_sc_hd__clkbuf_16)
     8    0.04    0.06    0.18   13.49 ^ clkbuf_leaf_76_clk/X (sky130_fd_sc_hd__clkbuf_16)
                                         clknet_leaf_76_clk (net)
                  0.06    0.00   13.49 ^ digest[127]$_DFFE_PN0P_/CLK (sky130_fd_sc_hd__dfrtp_1)
                          0.00   13.49   clock reconvergence pessimism
                         -0.15   13.35   library setup time
                                 13.35   data required time
-----------------------------------------------------------------------------
                                 13.35   data required time
                                -13.36   data arrival time
-----------------------------------------------------------------------------
                                 -0.01   slack (VIOLATED)


Startpoint: digest[82]$_DFFE_PN0P_
            (rising edge-triggered flip-flop clocked by core_clock)
Endpoint: digest[82] (output port clocked by vclk)
Path Group: vclk
Path Type: max

Fanout     Cap    Slew   Delay    Time   Description
-----------------------------------------------------------------------------
                          0.00    0.00   clock core_clock (rise edge)
                          0.00    0.00   clock source latency
     1    0.13    0.00    0.00    0.00 ^ clk (in)
                                         clk (net)
                  0.01    0.00    0.00 ^ clkbuf_0_clk/A (sky130_fd_sc_hd__clkbuf_16)
     4    0.20    0.21    0.24    0.24 ^ clkbuf_0_clk/X (sky130_fd_sc_hd__clkbuf_16)
                                         clknet_0_clk (net)
                  0.21    0.01    0.25 ^ clkbuf_2_3_0_clk/A (sky130_fd_sc_hd__clkbuf_16)
     8    0.18    0.19    0.29    0.54 ^ clkbuf_2_3_0_clk/X (sky130_fd_sc_hd__clkbuf_16)
                                         clknet_2_3_0_clk (net)
                  0.19    0.01    0.54 ^ clkbuf_5_26__f_clk/A (sky130_fd_sc_hd__clkbuf_16)
     8    0.15    0.16    0.27    0.81 ^ clkbuf_5_26__f_clk/X (sky130_fd_sc_hd__clkbuf_16)
                                         clknet_5_26__leaf_clk (net)
                  0.16    0.00    0.82 ^ clkbuf_leaf_105_clk/A (sky130_fd_sc_hd__clkbuf_16)
    10    0.04    0.06    0.18    1.00 ^ clkbuf_leaf_105_clk/X (sky130_fd_sc_hd__clkbuf_16)
                                         clknet_leaf_105_clk (net)
                  0.06    0.00    1.00 ^ digest[82]$_DFFE_PN0P_/CLK (sky130_fd_sc_hd__dfrtp_1)
     2    0.04    0.31    0.52    1.52 ^ digest[82]$_DFFE_PN0P_/Q (sky130_fd_sc_hd__dfrtp_1)
                                         net751 (net)
                  0.31    0.00    1.53 ^ output752/A (sky130_fd_sc_hd__clkdlybuf4s50_1)
     1    0.00    0.06    0.55    2.08 ^ output752/X (sky130_fd_sc_hd__clkdlybuf4s50_1)
                                         digest[82] (net)
                  0.06    0.00    2.08 ^ digest[82] (out)
                                  2.08   data arrival time

                  0.00   12.50   12.50   clock vclk (rise edge)
                          0.00   12.50   clock network delay (ideal)
                          0.00   12.50   clock reconvergence pessimism
                         -2.50   10.00   output external delay
                                 10.00   data required time
-----------------------------------------------------------------------------
                                 10.00   data required time
                                 -2.08   data arrival time
-----------------------------------------------------------------------------
                                  7.92   slack (MET)



==========================================================================
cts final report_checks -unconstrained
--------------------------------------------------------------------------
Startpoint: rst_n (input port clocked by vclk)
Endpoint: W[952]$_DFFE_PN0P_
          (recovery check against rising-edge clock core_clock)
Path Group: asynchronous
Path Type: max

Fanout     Cap    Slew   Delay    Time   Description
-----------------------------------------------------------------------------
                  0.00    0.00    0.00   clock vclk (rise edge)
                          0.00    0.00   clock network delay (ideal)
                          2.50    2.50 ^ input external delay
     1    0.02    0.00    0.00    2.50 ^ rst_n (in)
                                         rst_n (net)
                  0.00    0.00    2.50 ^ input514/A (sky130_fd_sc_hd__buf_16)
    95    0.63    0.64    0.41    2.91 ^ input514/X (sky130_fd_sc_hd__buf_16)
                                         net513 (net)
                  0.64    0.04    2.95 ^ place3829/A (sky130_fd_sc_hd__buf_12)
   133    0.68    0.75    0.68    3.63 ^ place3829/X (sky130_fd_sc_hd__buf_12)
                                         net3828 (net)
                  0.75    0.04    3.67 ^ place3828/A (sky130_fd_sc_hd__buf_4)
    43    0.21    0.58    0.62    4.29 ^ place3828/X (sky130_fd_sc_hd__buf_4)
                                         net3827 (net)
                  0.58    0.00    4.29 ^ place3826/A (sky130_fd_sc_hd__buf_4)
    65    0.35    0.94    0.84    5.13 ^ place3826/X (sky130_fd_sc_hd__buf_4)
                                         net3825 (net)
                  0.94    0.04    5.17 ^ W[952]$_DFFE_PN0P_/RESET_B (sky130_fd_sc_hd__dfrtp_1)
                                  5.17   data arrival time

                         12.50   12.50   clock core_clock (rise edge)
                          0.00   12.50   clock source latency
     1    0.13    0.00    0.00   12.50 ^ clk (in)
                                         clk (net)
                  0.01    0.00   12.50 ^ clkbuf_0_clk/A (sky130_fd_sc_hd__clkbuf_16)
     4    0.20    0.21    0.24   12.74 ^ clkbuf_0_clk/X (sky130_fd_sc_hd__clkbuf_16)
                                         clknet_0_clk (net)
                  0.21    0.01   12.75 ^ clkbuf_2_0_0_clk/A (sky130_fd_sc_hd__clkbuf_16)
     8    0.18    0.19    0.29   13.04 ^ clkbuf_2_0_0_clk/X (sky130_fd_sc_hd__clkbuf_16)
                                         clknet_2_0_0_clk (net)
                  0.19    0.01   13.04 ^ clkbuf_5_0__f_clk/A (sky130_fd_sc_hd__clkbuf_16)
    10    0.13    0.15    0.26   13.30 ^ clkbuf_5_0__f_clk/X (sky130_fd_sc_hd__clkbuf_16)
                                         clknet_5_0__leaf_clk (net)
                  0.15    0.00   13.30 ^ clkbuf_leaf_267_clk/A (sky130_fd_sc_hd__clkbuf_16)
     5    0.03    0.05    0.17   13.47 ^ clkbuf_leaf_267_clk/X (sky130_fd_sc_hd__clkbuf_16)
                                         clknet_leaf_267_clk (net)
                  0.05    0.00   13.47 ^ W[952]$_DFFE_PN0P_/CLK (sky130_fd_sc_hd__dfrtp_1)
                          0.00   13.47   clock reconvergence pessimism
                          0.00   13.47   library recovery time
                                 13.47   data required time
-----------------------------------------------------------------------------
                                 13.47   data required time
                                 -5.17   data arrival time
-----------------------------------------------------------------------------
                                  8.30   slack (MET)


Startpoint: round[0]$_DFFE_PN0P_
            (rising edge-triggered flip-flop clocked by core_clock)
Endpoint: digest[127]$_DFFE_PN0P_
          (rising edge-triggered flip-flop clocked by core_clock)
Path Group: core_clock
Path Type: max

Fanout     Cap    Slew   Delay    Time   Description
-----------------------------------------------------------------------------
                          0.00    0.00   clock core_clock (rise edge)
                          0.00    0.00   clock source latency
     1    0.13    0.00    0.00    0.00 ^ clk (in)
                                         clk (net)
                  0.01    0.00    0.00 ^ clkbuf_0_clk/A (sky130_fd_sc_hd__clkbuf_16)
     4    0.20    0.21    0.24    0.24 ^ clkbuf_0_clk/X (sky130_fd_sc_hd__clkbuf_16)
                                         clknet_0_clk (net)
                  0.21    0.01    0.25 ^ clkbuf_2_1_0_clk/A (sky130_fd_sc_hd__clkbuf_16)
     8    0.17    0.19    0.29    0.54 ^ clkbuf_2_1_0_clk/X (sky130_fd_sc_hd__clkbuf_16)
                                         clknet_2_1_0_clk (net)
                  0.19    0.00    0.54 ^ clkbuf_5_13__f_clk/A (sky130_fd_sc_hd__clkbuf_16)
     6    0.13    0.14    0.25    0.80 ^ clkbuf_5_13__f_clk/X (sky130_fd_sc_hd__clkbuf_16)
                                         clknet_5_13__leaf_clk (net)
                  0.14    0.00    0.80 ^ clkbuf_leaf_33_clk/A (sky130_fd_sc_hd__clkbuf_16)
     7    0.04    0.06    0.17    0.97 ^ clkbuf_leaf_33_clk/X (sky130_fd_sc_hd__clkbuf_16)
                                         clknet_leaf_33_clk (net)
                  0.06    0.00    0.97 ^ round[0]$_DFFE_PN0P_/CLK (sky130_fd_sc_hd__dfrtp_4)
     6    0.07    0.20    0.54    1.51 ^ round[0]$_DFFE_PN0P_/Q (sky130_fd_sc_hd__dfrtp_4)
                                         round[0] (net)
                  0.20    0.00    1.51 ^ rebuffer3996/A (sky130_fd_sc_hd__buf_12)
     1    0.04    0.06    0.15    1.66 ^ rebuffer3996/X (sky130_fd_sc_hd__buf_12)
                                         net3995 (net)
                  0.06    0.00    1.67 ^ clone3994/A (sky130_fd_sc_hd__buf_16)
     5    0.09    0.11    0.15    1.82 ^ clone3994/X (sky130_fd_sc_hd__buf_16)
                                         net3993 (net)
                  0.11    0.01    1.83 ^ place3615/A (sky130_fd_sc_hd__buf_12)
    17    0.09    0.11    0.17    2.00 ^ place3615/X (sky130_fd_sc_hd__buf_12)
                                         net3614 (net)
                  0.11    0.00    2.01 ^ _24811_/S0 (sky130_fd_sc_hd__mux4_2)
     1    0.01    0.09    0.52    2.52 v _24811_/X (sky130_fd_sc_hd__mux4_2)
                                         _08782_ (net)
                  0.09    0.00    2.52 v _24812_/A3 (sky130_fd_sc_hd__mux4_2)
     1    0.03    0.16    0.60    3.12 v _24812_/X (sky130_fd_sc_hd__mux4_2)
                                         _08783_ (net)
                  0.16    0.00    3.12 v _24823_/A1 (sky130_fd_sc_hd__mux4_2)
     3    0.04    0.16    0.61    3.74 v _24823_/X (sky130_fd_sc_hd__mux4_2)
                                         _08794_ (net)
                  0.17    0.00    3.74 v _24863_/B (sky130_fd_sc_hd__xnor2_2)
     1    0.01    0.07    0.19    3.93 v _24863_/Y (sky130_fd_sc_hd__xnor2_2)
                                         _08825_ (net)
                  0.07    0.00    3.93 v _24864_/B (sky130_fd_sc_hd__xnor2_2)
     1    0.02    0.15    0.19    4.12 v _24864_/Y (sky130_fd_sc_hd__xnor2_2)
                                         _00268_ (net)
                  0.15    0.00    4.13 v _25339_/A (sky130_fd_sc_hd__fa_1)
     1    0.01    0.08    0.58    4.71 ^ _25339_/SUM (sky130_fd_sc_hd__fa_1)
                                         _12831_ (net)
                  0.08    0.00    4.71 ^ _25373_/CIN (sky130_fd_sc_hd__fa_2)
     1    0.01    0.09    0.46    5.16 v _25373_/SUM (sky130_fd_sc_hd__fa_2)
                                         _12900_ (net)
                  0.09    0.00    5.16 v _25486_/B (sky130_fd_sc_hd__ha_4)
     2    0.01    0.04    0.18    5.35 v _25486_/COUT (sky130_fd_sc_hd__ha_4)
                                         _00310_ (net)
                  0.04    0.00    5.35 v _25359_/CIN (sky130_fd_sc_hd__fa_2)
     2    0.01    0.08    0.35    5.70 v _25359_/COUT (sky130_fd_sc_hd__fa_2)
                                         _00311_ (net)
                  0.08    0.00    5.70 v _13201_/A1 (sky130_fd_sc_hd__a21o_1)
     1    0.01    0.05    0.19    5.89 v _13201_/X (sky130_fd_sc_hd__a21o_1)
                                         _09316_ (net)
                  0.05    0.00    5.89 v _13202_/A2 (sky130_fd_sc_hd__a21oi_2)
     2    0.01    0.14    0.17    6.06 ^ _13202_/Y (sky130_fd_sc_hd__a21oi_2)
                                         _09317_ (net)
                  0.14    0.00    6.06 ^ _13205_/A2 (sky130_fd_sc_hd__o211ai_1)
     2    0.01    0.14    0.15    6.21 v _13205_/Y (sky130_fd_sc_hd__o211ai_1)
                                         _09320_ (net)
                  0.14    0.00    6.22 v rebuffer3854/A (sky130_fd_sc_hd__buf_4)
     1    0.01    0.03    0.17    6.39 v rebuffer3854/X (sky130_fd_sc_hd__buf_4)
                                         net3853 (net)
                  0.03    0.00    6.39 v _14234_/A1 (sky130_fd_sc_hd__a31o_4)
     1    0.01    0.04    0.21    6.60 v _14234_/X (sky130_fd_sc_hd__a31o_4)
                                         _10331_ (net)
                  0.04    0.00    6.60 v _14235_/A2 (sky130_fd_sc_hd__a21oi_4)
     1    0.01    0.12    0.16    6.76 ^ _14235_/Y (sky130_fd_sc_hd__a21oi_4)
                                         _10332_ (net)
                  0.12    0.00    6.76 ^ _14236_/B (sky130_fd_sc_hd__xnor2_2)
     1    0.01    0.07    0.09    6.85 v _14236_/Y (sky130_fd_sc_hd__xnor2_2)
                                         _10333_ (net)
                  0.07    0.00    6.85 v _14237_/A1 (sky130_fd_sc_hd__mux2i_4)
     1    0.01    0.17    0.17    7.02 ^ _14237_/Y (sky130_fd_sc_hd__mux2i_4)
                                         _10334_ (net)
                  0.17    0.00    7.02 ^ place2815/A (sky130_fd_sc_hd__buf_12)
     2    0.04    0.06    0.15    7.17 ^ place2815/X (sky130_fd_sc_hd__buf_12)
                                         net2814 (net)
                  0.06    0.01    7.17 ^ _14240_/A (sky130_fd_sc_hd__inv_4)
     1    0.01    0.02    0.03    7.20 v _14240_/Y (sky130_fd_sc_hd__inv_4)
                                         _00194_ (net)
                  0.02    0.00    7.20 v _25307_/CIN (sky130_fd_sc_hd__fa_1)
     1    0.01    0.08    0.48    7.69 ^ _25307_/SUM (sky130_fd_sc_hd__fa_1)
                                         _12767_ (net)
                  0.08    0.00    7.69 ^ _25279_/CIN (sky130_fd_sc_hd__fa_1)
     1    0.01    0.11    0.45    8.13 v _25279_/SUM (sky130_fd_sc_hd__fa_1)
                                         _12690_ (net)
                  0.11    0.00    8.13 v _25250_/B (sky130_fd_sc_hd__fa_1)
     1    0.01    0.12    0.57    8.71 ^ _25250_/SUM (sky130_fd_sc_hd__fa_1)
                                         _12693_ (net)
                  0.12    0.00    8.71 ^ _25528_/B (sky130_fd_sc_hd__ha_4)
     2    0.01    0.04    0.21    8.92 v _25528_/SUM (sky130_fd_sc_hd__ha_4)
                                         _00629_ (net)
                  0.04    0.00    8.92 v _15324_/D (sky130_fd_sc_hd__and4_4)
     2    0.01    0.04    0.19    9.11 v _15324_/X (sky130_fd_sc_hd__and4_4)
                                         _11369_ (net)
                  0.04    0.00    9.11 v _15328_/B1 (sky130_fd_sc_hd__a221oi_2)
     1    0.00    0.19    0.21    9.32 ^ _15328_/Y (sky130_fd_sc_hd__a221oi_2)
                                         _11373_ (net)
                  0.19    0.00    9.32 ^ _15329_/B1 (sky130_fd_sc_hd__o21ai_1)
     2    0.01    0.09    0.12    9.45 v _15329_/Y (sky130_fd_sc_hd__o21ai_1)
                                         _11374_ (net)
                  0.09    0.00    9.45 v _15330_/B (sky130_fd_sc_hd__nor2_1)
     2    0.01    0.16    0.16    9.61 ^ _15330_/Y (sky130_fd_sc_hd__nor2_1)
                                         _11375_ (net)
                  0.16    0.00    9.61 ^ place2670/A (sky130_fd_sc_hd__buf_4)
     2    0.02    0.07    0.17    9.78 ^ place2670/X (sky130_fd_sc_hd__buf_4)
                                         net2669 (net)
                  0.07    0.00    9.78 ^ _15332_/A (sky130_fd_sc_hd__nor2_4)
     2    0.01    0.03    0.05    9.83 v _15332_/Y (sky130_fd_sc_hd__nor2_4)
                                         _11377_ (net)
                  0.03    0.00    9.83 v _15336_/A (sky130_fd_sc_hd__nor3_4)
     1    0.02    0.21    0.24   10.07 ^ _15336_/Y (sky130_fd_sc_hd__nor3_4)
                                         _11381_ (net)
                  0.21    0.00   10.07 ^ _15337_/A (sky130_fd_sc_hd__xnor2_2)
     1    0.02    0.11    0.15   10.22 v _15337_/Y (sky130_fd_sc_hd__xnor2_2)
                                         _00074_ (net)
                  0.11    0.00   10.22 v place2633/A (sky130_fd_sc_hd__buf_6)
     2    0.03    0.04    0.16   10.38 v place2633/X (sky130_fd_sc_hd__buf_6)
                                         net2632 (net)
                  0.04    0.00   10.38 v rebuffer4043/A (sky130_fd_sc_hd__buf_6)
     1    0.01    0.02    0.11   10.49 v rebuffer4043/X (sky130_fd_sc_hd__buf_6)
                                         net4042 (net)
                  0.02    0.00   10.49 v rebuffer4037/A (sky130_fd_sc_hd__buf_6)
     1    0.01    0.02    0.10   10.59 v rebuffer4037/X (sky130_fd_sc_hd__buf_6)
                                         net4036 (net)
                  0.02    0.00   10.59 v place2632/A (sky130_fd_sc_hd__buf_6)
     1    0.01    0.03    0.11   10.69 v place2632/X (sky130_fd_sc_hd__buf_6)
                                         net2631 (net)
                  0.03    0.00   10.69 v _25523_/A (sky130_fd_sc_hd__ha_4)
     4    0.02    0.05    0.25   10.94 v _25523_/SUM (sky130_fd_sc_hd__ha_4)
                                         _00619_ (net)
                  0.05    0.00   10.94 v _17136_/A1 (sky130_fd_sc_hd__a21o_1)
     1    0.00    0.04    0.16   11.10 v _17136_/X (sky130_fd_sc_hd__a21o_1)
                                         _03614_ (net)
                  0.04    0.00   11.10 v _17137_/A2 (sky130_fd_sc_hd__a21o_1)
     1    0.01    0.04    0.18   11.28 v _17137_/X (sky130_fd_sc_hd__a21o_1)
                                         _03615_ (net)
                  0.04    0.00   11.28 v _17138_/A2 (sky130_fd_sc_hd__a21o_1)
     2    0.01    0.05    0.19   11.47 v _17138_/X (sky130_fd_sc_hd__a21o_1)
                                         _03616_ (net)
                  0.05    0.00   11.47 v _17139_/A2 (sky130_fd_sc_hd__a21oi_1)
     1    0.01    0.15    0.17   11.64 ^ _17139_/Y (sky130_fd_sc_hd__a21oi_1)
                                         _03617_ (net)
                  0.15    0.00   11.64 ^ _17140_/A (sky130_fd_sc_hd__nor2b_1)
     1    0.00    0.05    0.07   11.71 v _17140_/Y (sky130_fd_sc_hd__nor2b_1)
                                         _03618_ (net)
                  0.05    0.00   11.71 v _17147_/D (sky130_fd_sc_hd__nor4_2)
     1    0.01    0.26    0.19   11.90 ^ _17147_/Y (sky130_fd_sc_hd__nor4_2)
                                         _03625_ (net)
                  0.26    0.00   11.90 ^ place2437/A (sky130_fd_sc_hd__buf_4)
     5    0.04    0.11    0.23   12.13 ^ place2437/X (sky130_fd_sc_hd__buf_4)
                                         net2436 (net)
                  0.11    0.00   12.14 ^ _17157_/A2 (sky130_fd_sc_hd__o211a_4)
     1    0.01    0.06    0.18   12.32 ^ _17157_/X (sky130_fd_sc_hd__o211a_4)
                                         _03635_ (net)
                  0.06    0.00   12.32 ^ _17161_/A (sky130_fd_sc_hd__nor3_4)
     2    0.01    0.06    0.05   12.37 v _17161_/Y (sky130_fd_sc_hd__nor3_4)
                                         _03639_ (net)
                  0.06    0.00   12.37 v _17162_/A2 (sky130_fd_sc_hd__a21o_1)
     1    0.01    0.05    0.20   12.57 v _17162_/X (sky130_fd_sc_hd__a21o_1)
                                         _03640_ (net)
                  0.05    0.00   12.57 v _17163_/A2 (sky130_fd_sc_hd__a21oi_2)
     1    0.01    0.11    0.15   12.72 ^ _17163_/Y (sky130_fd_sc_hd__a21oi_2)
                                         _03641_ (net)
                  0.11    0.00   12.72 ^ _17164_/B (sky130_fd_sc_hd__xor2_1)
     1    0.00    0.12    0.16   12.88 ^ _17164_/X (sky130_fd_sc_hd__xor2_1)
                                         _03642_ (net)
                  0.12    0.00   12.88 ^ rebuffer3997/A (sky130_fd_sc_hd__buf_4)
     2    0.02    0.06    0.15   13.03 ^ rebuffer3997/X (sky130_fd_sc_hd__buf_4)
                                         net3996 (net)
                  0.06    0.00   13.03 ^ _18588_/A (sky130_fd_sc_hd__nand2_1)
     1    0.01    0.05    0.06   13.09 v _18588_/Y (sky130_fd_sc_hd__nand2_1)
                                         _04809_ (net)
                  0.05    0.00   13.09 v _18736_/B (sky130_fd_sc_hd__xnor2_1)
     1    0.01    0.18    0.18   13.27 ^ _18736_/Y (sky130_fd_sc_hd__xnor2_1)
                                         _04957_ (net)
                  0.18    0.00   13.27 ^ _18738_/A2 (sky130_fd_sc_hd__o21ai_1)
     1    0.00    0.13    0.09   13.36 v _18738_/Y (sky130_fd_sc_hd__o21ai_1)
                                         _00895_ (net)
                  0.13    0.00   13.36 v digest[127]$_DFFE_PN0P_/D (sky130_fd_sc_hd__dfrtp_1)
                                 13.36   data arrival time

                         12.50   12.50   clock core_clock (rise edge)
                          0.00   12.50   clock source latency
     1    0.13    0.00    0.00   12.50 ^ clk (in)
                                         clk (net)
                  0.01    0.00   12.50 ^ clkbuf_0_clk/A (sky130_fd_sc_hd__clkbuf_16)
     4    0.20    0.21    0.24   12.74 ^ clkbuf_0_clk/X (sky130_fd_sc_hd__clkbuf_16)
                                         clknet_0_clk (net)
                  0.21    0.01   12.75 ^ clkbuf_2_1_0_clk/A (sky130_fd_sc_hd__clkbuf_16)
     8    0.17    0.19    0.29   13.04 ^ clkbuf_2_1_0_clk/X (sky130_fd_sc_hd__clkbuf_16)
                                         clknet_2_1_0_clk (net)
                  0.19    0.01   13.04 ^ clkbuf_5_15__f_clk/A (sky130_fd_sc_hd__clkbuf_16)
     8    0.15    0.16    0.27   13.31 ^ clkbuf_5_15__f_clk/X (sky130_fd_sc_hd__clkbuf_16)
                                         clknet_5_15__leaf_clk (net)
                  0.16    0.00   13.31 ^ clkbuf_leaf_76_clk/A (sky130_fd_sc_hd__clkbuf_16)
     8    0.04    0.06    0.18   13.49 ^ clkbuf_leaf_76_clk/X (sky130_fd_sc_hd__clkbuf_16)
                                         clknet_leaf_76_clk (net)
                  0.06    0.00   13.49 ^ digest[127]$_DFFE_PN0P_/CLK (sky130_fd_sc_hd__dfrtp_1)
                          0.00   13.49   clock reconvergence pessimism
                         -0.15   13.35   library setup time
                                 13.35   data required time
-----------------------------------------------------------------------------
                                 13.35   data required time
                                -13.36   data arrival time
-----------------------------------------------------------------------------
                                 -0.01   slack (VIOLATED)


Startpoint: digest[82]$_DFFE_PN0P_
            (rising edge-triggered flip-flop clocked by core_clock)
Endpoint: digest[82] (output port clocked by vclk)
Path Group: vclk
Path Type: max

Fanout     Cap    Slew   Delay    Time   Description
-----------------------------------------------------------------------------
                          0.00    0.00   clock core_clock (rise edge)
                          0.00    0.00   clock source latency
     1    0.13    0.00    0.00    0.00 ^ clk (in)
                                         clk (net)
                  0.01    0.00    0.00 ^ clkbuf_0_clk/A (sky130_fd_sc_hd__clkbuf_16)
     4    0.20    0.21    0.24    0.24 ^ clkbuf_0_clk/X (sky130_fd_sc_hd__clkbuf_16)
                                         clknet_0_clk (net)
                  0.21    0.01    0.25 ^ clkbuf_2_3_0_clk/A (sky130_fd_sc_hd__clkbuf_16)
     8    0.18    0.19    0.29    0.54 ^ clkbuf_2_3_0_clk/X (sky130_fd_sc_hd__clkbuf_16)
                                         clknet_2_3_0_clk (net)
                  0.19    0.01    0.54 ^ clkbuf_5_26__f_clk/A (sky130_fd_sc_hd__clkbuf_16)
     8    0.15    0.16    0.27    0.81 ^ clkbuf_5_26__f_clk/X (sky130_fd_sc_hd__clkbuf_16)
                                         clknet_5_26__leaf_clk (net)
                  0.16    0.00    0.82 ^ clkbuf_leaf_105_clk/A (sky130_fd_sc_hd__clkbuf_16)
    10    0.04    0.06    0.18    1.00 ^ clkbuf_leaf_105_clk/X (sky130_fd_sc_hd__clkbuf_16)
                                         clknet_leaf_105_clk (net)
                  0.06    0.00    1.00 ^ digest[82]$_DFFE_PN0P_/CLK (sky130_fd_sc_hd__dfrtp_1)
     2    0.04    0.31    0.52    1.52 ^ digest[82]$_DFFE_PN0P_/Q (sky130_fd_sc_hd__dfrtp_1)
                                         net751 (net)
                  0.31    0.00    1.53 ^ output752/A (sky130_fd_sc_hd__clkdlybuf4s50_1)
     1    0.00    0.06    0.55    2.08 ^ output752/X (sky130_fd_sc_hd__clkdlybuf4s50_1)
                                         digest[82] (net)
                  0.06    0.00    2.08 ^ digest[82] (out)
                                  2.08   data arrival time

                  0.00   12.50   12.50   clock vclk (rise edge)
                          0.00   12.50   clock network delay (ideal)
                          0.00   12.50   clock reconvergence pessimism
                         -2.50   10.00   output external delay
                                 10.00   data required time
-----------------------------------------------------------------------------
                                 10.00   data required time
                                 -2.08   data arrival time
-----------------------------------------------------------------------------
                                  7.92   slack (MET)



==========================================================================
cts final report_check_types -max_slew -max_cap -max_fanout -violators
--------------------------------------------------------------------------

==========================================================================
cts final max_slew_check_slack
--------------------------------------------------------------------------
0.24332469701766968

==========================================================================
cts final max_slew_check_limit
--------------------------------------------------------------------------
1.4910049438476562

==========================================================================
cts final max_slew_check_slack_limit
--------------------------------------------------------------------------
0.1632

==========================================================================
cts final max_fanout_check_slack
--------------------------------------------------------------------------
1.0000000150474662e+30

==========================================================================
cts final max_fanout_check_limit
--------------------------------------------------------------------------
1.0000000150474662e+30

==========================================================================
cts final max_capacitance_check_slack
--------------------------------------------------------------------------
0.007231194991618395

==========================================================================
cts final max_capacitance_check_limit
--------------------------------------------------------------------------
0.047616999596357346

==========================================================================
cts final max_capacitance_check_slack_limit
--------------------------------------------------------------------------
0.1519

==========================================================================
cts final max_slew_violation_count
--------------------------------------------------------------------------
max slew violation count 0

==========================================================================
cts final max_fanout_violation_count
--------------------------------------------------------------------------
max fanout violation count 0

==========================================================================
cts final max_cap_violation_count
--------------------------------------------------------------------------
max cap violation count 0

==========================================================================
cts final setup_violation_count
--------------------------------------------------------------------------
setup violation count 1

==========================================================================
cts final hold_violation_count
--------------------------------------------------------------------------
hold violation count 0

==========================================================================
cts final report_checks -path_delay max reg to reg
--------------------------------------------------------------------------
Startpoint: round[0]$_DFFE_PN0P_
            (rising edge-triggered flip-flop clocked by core_clock)
Endpoint: digest[127]$_DFFE_PN0P_
          (rising edge-triggered flip-flop clocked by core_clock)
Path Group: core_clock
Path Type: max

  Delay    Time   Description
---------------------------------------------------------
   0.00    0.00   clock core_clock (rise edge)
   0.00    0.00   clock source latency
   0.00    0.00 ^ clk (in)
   0.24    0.24 ^ clkbuf_0_clk/X (sky130_fd_sc_hd__clkbuf_16)
   0.30    0.54 ^ clkbuf_2_1_0_clk/X (sky130_fd_sc_hd__clkbuf_16)
   0.26    0.80 ^ clkbuf_5_13__f_clk/X (sky130_fd_sc_hd__clkbuf_16)
   0.18    0.97 ^ clkbuf_leaf_33_clk/X (sky130_fd_sc_hd__clkbuf_16)
   0.00    0.97 ^ round[0]$_DFFE_PN0P_/CLK (sky130_fd_sc_hd__dfrtp_4)
   0.54    1.51 ^ round[0]$_DFFE_PN0P_/Q (sky130_fd_sc_hd__dfrtp_4)
   0.15    1.66 ^ rebuffer3996/X (sky130_fd_sc_hd__buf_12)
   0.16    1.82 ^ clone3994/X (sky130_fd_sc_hd__buf_16)
   0.18    2.00 ^ place3615/X (sky130_fd_sc_hd__buf_12)
   0.52    2.52 v _24811_/X (sky130_fd_sc_hd__mux4_2)
   0.60    3.12 v _24812_/X (sky130_fd_sc_hd__mux4_2)
   0.62    3.74 v _24823_/X (sky130_fd_sc_hd__mux4_2)
   0.19    3.93 v _24863_/Y (sky130_fd_sc_hd__xnor2_2)
   0.19    4.12 v _24864_/Y (sky130_fd_sc_hd__xnor2_2)
   0.58    4.71 ^ _25339_/SUM (sky130_fd_sc_hd__fa_1)
   0.46    5.16 v _25373_/SUM (sky130_fd_sc_hd__fa_2)
   0.18    5.35 v _25486_/COUT (sky130_fd_sc_hd__ha_4)
   0.35    5.70 v _25359_/COUT (sky130_fd_sc_hd__fa_2)
   0.19    5.89 v _13201_/X (sky130_fd_sc_hd__a21o_1)
   0.17    6.06 ^ _13202_/Y (sky130_fd_sc_hd__a21oi_2)
   0.15    6.21 v _13205_/Y (sky130_fd_sc_hd__o211ai_1)
   0.17    6.39 v rebuffer3854/X (sky130_fd_sc_hd__buf_4)
   0.21    6.60 v _14234_/X (sky130_fd_sc_hd__a31o_4)
   0.16    6.76 ^ _14235_/Y (sky130_fd_sc_hd__a21oi_4)
   0.09    6.85 v _14236_/Y (sky130_fd_sc_hd__xnor2_2)
   0.17    7.02 ^ _14237_/Y (sky130_fd_sc_hd__mux2i_4)
   0.15    7.17 ^ place2815/X (sky130_fd_sc_hd__buf_12)
   0.03    7.20 v _14240_/Y (sky130_fd_sc_hd__inv_4)
   0.49    7.69 ^ _25307_/SUM (sky130_fd_sc_hd__fa_1)
   0.45    8.13 v _25279_/SUM (sky130_fd_sc_hd__fa_1)
   0.57    8.71 ^ _25250_/SUM (sky130_fd_sc_hd__fa_1)
   0.21    8.92 v _25528_/SUM (sky130_fd_sc_hd__ha_4)
   0.19    9.11 v _15324_/X (sky130_fd_sc_hd__and4_4)
   0.21    9.32 ^ _15328_/Y (sky130_fd_sc_hd__a221oi_2)
   0.12    9.45 v _15329_/Y (sky130_fd_sc_hd__o21ai_1)
   0.16    9.61 ^ _15330_/Y (sky130_fd_sc_hd__nor2_1)
   0.17    9.78 ^ place2670/X (sky130_fd_sc_hd__buf_4)
   0.05    9.83 v _15332_/Y (sky130_fd_sc_hd__nor2_4)
   0.24   10.07 ^ _15336_/Y (sky130_fd_sc_hd__nor3_4)
   0.15   10.22 v _15337_/Y (sky130_fd_sc_hd__xnor2_2)
   0.16   10.38 v place2633/X (sky130_fd_sc_hd__buf_6)
   0.11   10.49 v rebuffer4043/X (sky130_fd_sc_hd__buf_6)
   0.10   10.59 v rebuffer4037/X (sky130_fd_sc_hd__buf_6)
   0.11   10.69 v place2632/X (sky130_fd_sc_hd__buf_6)
   0.25   10.94 v _25523_/SUM (sky130_fd_sc_hd__ha_4)
   0.16   11.10 v _17136_/X (sky130_fd_sc_hd__a21o_1)
   0.18   11.28 v _17137_/X (sky130_fd_sc_hd__a21o_1)
   0.19   11.47 v _17138_/X (sky130_fd_sc_hd__a21o_1)
   0.17   11.64 ^ _17139_/Y (sky130_fd_sc_hd__a21oi_1)
   0.07   11.71 v _17140_/Y (sky130_fd_sc_hd__nor2b_1)
   0.19   11.90 ^ _17147_/Y (sky130_fd_sc_hd__nor4_2)
   0.23   12.13 ^ place2437/X (sky130_fd_sc_hd__buf_4)
   0.18   12.32 ^ _17157_/X (sky130_fd_sc_hd__o211a_4)
   0.05   12.37 v _17161_/Y (sky130_fd_sc_hd__nor3_4)
   0.20   12.57 v _17162_/X (sky130_fd_sc_hd__a21o_1)
   0.15   12.72 ^ _17163_/Y (sky130_fd_sc_hd__a21oi_2)
   0.16   12.88 ^ _17164_/X (sky130_fd_sc_hd__xor2_1)
   0.15   13.03 ^ rebuffer3997/X (sky130_fd_sc_hd__buf_4)
   0.06   13.09 v _18588_/Y (sky130_fd_sc_hd__nand2_1)
   0.18   13.27 ^ _18736_/Y (sky130_fd_sc_hd__xnor2_1)
   0.09   13.36 v _18738_/Y (sky130_fd_sc_hd__o21ai_1)
   0.00   13.36 v digest[127]$_DFFE_PN0P_/D (sky130_fd_sc_hd__dfrtp_1)
          13.36   data arrival time

  12.50   12.50   clock core_clock (rise edge)
   0.00   12.50   clock source latency
   0.00   12.50 ^ clk (in)
   0.24   12.74 ^ clkbuf_0_clk/X (sky130_fd_sc_hd__clkbuf_16)
   0.30   13.04 ^ clkbuf_2_1_0_clk/X (sky130_fd_sc_hd__clkbuf_16)
   0.27   13.31 ^ clkbuf_5_15__f_clk/X (sky130_fd_sc_hd__clkbuf_16)
   0.18   13.49 ^ clkbuf_leaf_76_clk/X (sky130_fd_sc_hd__clkbuf_16)
   0.00   13.49 ^ digest[127]$_DFFE_PN0P_/CLK (sky130_fd_sc_hd__dfrtp_1)
   0.00   13.49   clock reconvergence pessimism
  -0.15   13.35   library setup time
          13.35   data required time
---------------------------------------------------------
          13.35   data required time
         -13.36   data arrival time
---------------------------------------------------------
          -0.01   slack (VIOLATED)



==========================================================================
cts final report_checks -path_delay min reg to reg
--------------------------------------------------------------------------
Startpoint: digest[131]$_DFFE_PN0P_
            (rising edge-triggered flip-flop clocked by core_clock)
Endpoint: digest[131]$_DFFE_PN0P_
          (rising edge-triggered flip-flop clocked by core_clock)
Path Group: core_clock
Path Type: min

  Delay    Time   Description
---------------------------------------------------------
   0.00    0.00   clock core_clock (rise edge)
   0.00    0.00   clock source latency
   0.00    0.00 ^ clk (in)
   0.24    0.24 ^ clkbuf_0_clk/X (sky130_fd_sc_hd__clkbuf_16)
   0.30    0.54 ^ clkbuf_2_1_0_clk/X (sky130_fd_sc_hd__clkbuf_16)
   0.27    0.81 ^ clkbuf_5_14__f_clk/X (sky130_fd_sc_hd__clkbuf_16)
   0.18    0.99 ^ clkbuf_leaf_74_clk/X (sky130_fd_sc_hd__clkbuf_16)
   0.00    0.99 ^ digest[131]$_DFFE_PN0P_/CLK (sky130_fd_sc_hd__dfrtp_1)
   0.34    1.32 ^ digest[131]$_DFFE_PN0P_/Q (sky130_fd_sc_hd__dfrtp_1)
   0.05    1.37 v _18544_/Y (sky130_fd_sc_hd__nand2_1)
   0.06    1.43 ^ _18545_/Y (sky130_fd_sc_hd__o21ai_0)
   0.00    1.43 ^ digest[131]$_DFFE_PN0P_/D (sky130_fd_sc_hd__dfrtp_1)
           1.43   data arrival time

   0.00    0.00   clock core_clock (rise edge)
   0.00    0.00   clock source latency
   0.00    0.00 ^ clk (in)
   0.24    0.24 ^ clkbuf_0_clk/X (sky130_fd_sc_hd__clkbuf_16)
   0.30    0.54 ^ clkbuf_2_1_0_clk/X (sky130_fd_sc_hd__clkbuf_16)
   0.27    0.81 ^ clkbuf_5_14__f_clk/X (sky130_fd_sc_hd__clkbuf_16)
   0.18    0.99 ^ clkbuf_leaf_74_clk/X (sky130_fd_sc_hd__clkbuf_16)
   0.00    0.99 ^ digest[131]$_DFFE_PN0P_/CLK (sky130_fd_sc_hd__dfrtp_1)
   0.00    0.99   clock reconvergence pessimism
  -0.04    0.95   library hold time
           0.95   data required time
---------------------------------------------------------
           0.95   data required time
          -1.43   data arrival time
---------------------------------------------------------
           0.48   slack (MET)



==========================================================================
cts final critical path target clock latency max path
--------------------------------------------------------------------------
0.9714

==========================================================================
cts final critical path target clock latency min path
--------------------------------------------------------------------------
0.9988

==========================================================================
cts final critical path source clock latency min path
--------------------------------------------------------------------------
0.0000

==========================================================================
cts final critical path delay
--------------------------------------------------------------------------
13.3558

==========================================================================
cts final critical path slack
--------------------------------------------------------------------------
-0.0087

==========================================================================
cts final slack div critical path delay
--------------------------------------------------------------------------
-0.065140

==========================================================================
cts final report_power
--------------------------------------------------------------------------
Group                  Internal  Switching    Leakage      Total
                          Power      Power      Power      Power (Watts)
----------------------------------------------------------------
Sequential             1.25e-02   3.82e-03   3.40e-08   1.63e-02   2.9%
Combinational          2.60e-01   2.77e-01   4.53e-08   5.37e-01  95.4%
Clock                  5.76e-03   4.03e-03   5.29e-09   9.79e-03   1.7%
Macro                  0.00e+00   0.00e+00   0.00e+00   0.00e+00   0.0%
Pad                    0.00e+00   0.00e+00   0.00e+00   0.00e+00   0.0%
----------------------------------------------------------------
Total                  2.78e-01   2.85e-01   8.46e-08   5.63e-01 100.0%
                          49.4%      50.6%       0.0%
