make: Entering directory '/root/OpenROAD-flow-scripts/flow'
/root/OpenROAD-flow-scripts/flow/scripts/flow.sh 6_1_fill density_fill
Running density_fill.tcl, stage 6_1_fill
read_liberty /root/OpenROAD-flow-scripts/flow/platforms/sky130hd/lib/sky130_fd_sc_hd__tt_025C_1v80.lib
read_db ./results/sky130hd/chia_i2c_benchmark_corrupted/slot2/5_route.odb
read_sdc ./results/sky130hd/chia_i2c_benchmark_corrupted/slot2/5_route.sdc
source /root/OpenROAD-flow-scripts/flow/platforms/sky130hd/setRC.tcl
exec cp ./results/sky130hd/chia_i2c_benchmark_corrupted/slot2/5_route.odb ./results/sky130hd/chia_i2c_benchmark_corrupted/slot2/6_1_fill.odb
Log                       Ext     Elapsed/s Peak Memory/MB sha1sum result [0:20)
6_1_fill                  .odb            0            119 9af9307b16c27a1e758c
cp ./results/sky130hd/chia_i2c_benchmark_corrupted/slot2/5_route.sdc ./results/sky130hd/chia_i2c_benchmark_corrupted/slot2/6_1_fill.sdc
/root/OpenROAD-flow-scripts/flow/scripts/flow.sh 6_report final_report
Running final_report.tcl, stage 6_report
read_liberty /root/OpenROAD-flow-scripts/flow/platforms/sky130hd/lib/sky130_fd_sc_hd__tt_025C_1v80.lib
read_db ./results/sky130hd/chia_i2c_benchmark_corrupted/slot2/6_1_fill.odb
read_sdc ./results/sky130hd/chia_i2c_benchmark_corrupted/slot2/6_1_fill.sdc
source /root/OpenROAD-flow-scripts/flow/platforms/sky130hd/setRC.tcl
[WARNING STA-0450] virtual clock vclk can not be propagated.
write_db ./results/sky130hd/chia_i2c_benchmark_corrupted/slot2/6_final.odb
write_sdc -no_timestamp ./results/sky130hd/chia_i2c_benchmark_corrupted/slot2/6_final.sdc
Deleted 0 routing obstructions
Warning: master sky130_ef_sc_hd__decap_12 has signal pins but no liberty cell
[INFO RCX-0431] Defined process_corner X with ext_model_index 0
[INFO RCX-0029] Defined extraction corner X
[WARNING RCX-0514] The ext_model_file option is deprecated. Use set_extraction_rules_file command instead.
[INFO RCX-0435] Reading extraction model file /root/OpenROAD-flow-scripts/flow/platforms/sky130hd/rcx_patterns.rules ...
[INFO RCX-0436] RC segment generation i2c_master (max_merge_res 50.0) ...
[INFO RCX-0040] Final 1085 rc segments
[INFO RCX-0439] Coupling Cap extraction i2c_master ...
[INFO RCX-0440] Coupling threshhold is 0.1000 fF, coupling capacitance less than 0.1000 fF will be grounded.
[INFO RCX-0442] 54% of 2014 wires extracted
[INFO RCX-0442] 100% of 2014 wires extracted
[INFO RCX-0045] Extract 314 nets, 1398 rsegs, 1398 caps, 1791 ccs
[INFO RCX-0443] 314 nets finished
[INFO PSM-0040] All shapes on net VDD are connected.
########## IR report #################
Net              : VDD
Corner           : default
Total power      : 4.22e-04 W
Supply voltage   : 1.80e+00 V
Worstcase voltage: 1.80e+00 V
Average voltage  : 1.80e+00 V
Average IR drop  : 2.67e-05 V
Worstcase IR drop: 1.24e-04 V
Percentage drop  : 0.01 %
######################################
[INFO PSM-0040] All shapes on net VSS are connected.
########## IR report #################
Net              : VSS
Corner           : default
Total power      : 4.22e-04 W
Supply voltage   : 0.00e+00 V
Worstcase voltage: 7.49e-05 V
Average voltage  : 1.56e-05 V
Average IR drop  : 1.56e-05 V
Worstcase IR drop: 7.49e-05 V
Percentage drop  : 0.00 %
######################################
Cell type report:                       Count       Area
  Fill cell                               432    1923.09
  Tap cell                                 67      83.83
  Clock buffer                              6      82.58
  Timing Repair Buffer                     33     327.81
  Inverter                                  5      18.77
  Clock inverter                            2      60.06
  Sequential cell                          50    1000.96
  Multi-Input combinational cell          198    1226.18
  Total                                   793    4723.28
Report metrics stage 6, finish...

==========================================================================
finish report_design_area
--------------------------------------------------------------------------
Design area 2800 um^2 59% utilization.
[WARNING GUI-0076] QStandardPaths: XDG_RUNTIME_DIR not set, defaulting to '/tmp/runtime-root'
Log                       Ext     Elapsed/s Peak Memory/MB sha1sum result [0:20)
6_report                                  0            179                  N/A
cp /root/OpenROAD-flow-scripts/flow/platforms/sky130hd/lef/sky130_fd_sc_hd.tlef ./objects/sky130hd/chia_i2c_benchmark_corrupted/slot2/klayout_tech.lef
/opt/miniconda/envs/chia_env/bin/python3 /root/OpenROAD-flow-scripts/flow/util/generate_klayout_tech.py \
	--template /root/OpenROAD-flow-scripts/flow/platforms/sky130hd/sky130hd.lyt \
	--output ./objects/sky130hd/chia_i2c_benchmark_corrupted/slot2/klayout.lyt \
	--lef-files ./objects/sky130hd/chia_i2c_benchmark_corrupted/slot2/klayout_tech.lef /root/OpenROAD-flow-scripts/flow/platforms/sky130hd/lef/sky130_fd_sc_hd_merged.lef   \
	--map-files 
/opt/miniconda/envs/chia_env/bin/python3 /root/OpenROAD-flow-scripts/flow/scripts/run_command.py --log /root/OpenROAD-flow-scripts/flow/logs/sky130hd/chia_i2c_benchmark_corrupted/slot2/6_1_merge.log --tee -- \
        /root/OpenROAD-flow-scripts/flow/scripts/klayout.sh -zz -rd design_name=i2c_master \
        -rd in_def=./results/sky130hd/chia_i2c_benchmark_corrupted/slot2/6_final.def \
        -rd in_files="/root/OpenROAD-flow-scripts/flow/platforms/sky130hd/gds/sky130_fd_sc_hd.gds  " \
        -rd seal_file="" \
        -rd out_file=./results/sky130hd/chia_i2c_benchmark_corrupted/slot2/6_1_merged.gds \
        -rd tech_file=./objects/sky130hd/chia_i2c_benchmark_corrupted/slot2/klayout.lyt \
        -rd layer_map= \
        -r /root/OpenROAD-flow-scripts/flow/util/def2stream.py
bash: /opt/miniconda/lib/libtinfo.so.6: no version information available (required by bash)
KLayout 0.30.7
[INFO] Reporting cells prior to loading DEF ...
	/root/OpenROAD-flow-scripts/flow/platforms/sky130hd/gds/sky130_fd_sc_hd.gds
[INFO] All LEF cells have matching GDS/OAS cells
[INFO] No orphan cells in the final layout
cp results/sky130hd/chia_i2c_benchmark_corrupted/slot2/6_1_merged.gds results/sky130hd/chia_i2c_benchmark_corrupted/slot2/6_final.gds
./logs/sky130hd/chia_i2c_benchmark_corrupted/slot2
Log                       Ext     Elapsed/s Peak Memory/MB sha1sum result [0:20)
1_1_yosys_canonicalize    .rtlil          0             60 c8ba4f8855ee11ca8807
1_2_yosys                 .v              0             60 2b8f33ce0d99be90150c
1_2_yosys                 .sdc                             b4c53d738ad721e30684
1_synth                   .odb            0            121 296185d589181cd7a9ac
1_synth                   .sdc                             4974275ea6eeacf129b2
2_1_floorplan             .odb            0            141 ffdce68a7a9d528d5979
2_1_floorplan             .sdc                             4974275ea6eeacf129b2
2_2_floorplan_macro       .odb            0            119 ffdce68a7a9d528d5979
2_3_floorplan_tapcell     .odb            0            120 16dd87b9f1ac43eb6b2f
2_4_floorplan_pdn         .odb            0            122 a7de1d6280ada6a20b25
3_1_place_gp_skip_io      .odb            0            121 dd21438ade2789538496
3_2_place_iop             .odb            0            121 7af8dc1c84d4208a4ebf
3_3_place_gp              .odb            0            234 810391cd06f5c419b244
3_4_place_resized         .odb            0            139 810391cd06f5c419b244
3_5_place_dp              .odb            0            124 02f7542144f8ff0c6743
4_1_cts                   .odb            1            161 0d5beb5b57481edbaaee
5_1_grt                   .odb            7            249 cdb0b55cb00eb08c3584
5_1_grt                   .sdc                             ba68b1195c737c33fba6
5_2_route                 .odb           20            587 2921d3ae6b18b8ae1a78
5_3_fillcell              .odb            0            122 9af9307b16c27a1e758c
6_1_fill                  .odb            0            119 9af9307b16c27a1e758c
6_1_fill                  .sdc                             ba68b1195c737c33fba6
6_1_merge                                 1            429                  N/A
6_report                                  0            179                  N/A
Total                                    29            587                     
make: Leaving directory '/root/OpenROAD-flow-scripts/flow'

STDERR:
bash: /opt/miniconda/lib/libtinfo.so.6: no version information available (required by bash)
bash: /opt/miniconda/lib/libtinfo.so.6: no version information available (required by bash)
bash: /opt/miniconda/lib/libtinfo.so.6: no version information available (required by bash)
bash: /opt/miniconda/lib/libtinfo.so.6: no version information available (required by bash)
bash: /opt/miniconda/lib/libtinfo.so.6: no version information available (required by bash)
bash: /opt/miniconda/lib/libtinfo.so.6: no version information available (required by bash)
bash: /opt/miniconda/lib/libtinfo.so.6: no version information available (required by bash)
bash: /opt/miniconda/lib/libtinfo.so.6: no version information available (required by bash)
bash: /opt/miniconda/lib/libtinfo.so.6: no version information available (required by bash)
bash: /opt/miniconda/lib/libtinfo.so.6: no version information available (required by bash)
bash: /opt/miniconda/lib/libtinfo.so.6: no version information available (required by bash)
bash: /opt/miniconda/lib/libtinfo.so.6: no version information available (required by bash)
bash: /opt/miniconda/lib/libtinfo.so.6: no version information available (required by bash)
bash: /opt/miniconda/lib/libtinfo.so.6: no version information available (required by bash)
bash: /opt/miniconda/lib/libtinfo.so.6: no version information available (required by bash)
bash: /opt/miniconda/lib/libtinfo.so.6: no version information available (required by bash)
bash: /opt/miniconda/lib/libtinfo.so.6: no version information available (required by bash)
bash: /opt/miniconda/lib/libtinfo.so.6: no version information available (required by bash)
bash: /opt/miniconda/lib/libtinfo.so.6: no version information available (required by bash)
bash: /opt/miniconda/lib/libtinfo.so.6: no version information available (required by bash)
bash: /opt/miniconda/lib/libtinfo.so.6: no version information available (required by bash)
bash: /opt/miniconda/lib/libtinfo.so.6: no version information available (required by bash)
bash: /opt/miniconda/lib/libtinfo.so.6: no version information available (required by bash)
bash: /opt/miniconda/lib/libtinfo.so.6: no version information available (required by bash)
Elapsed time: 0:00.24[h:]min:sec. CPU time: user 0.19 sys 0.04 (97%). Peak memory: 122636KB.
bash: /opt/miniconda/lib/libtinfo.so.6: no version information available (required by bash)
bash: /opt/miniconda/lib/libtinfo.so.6: no version information available (required by bash)
bash: /opt/miniconda/lib/libtinfo.so.6: no version information available (required by bash)
bash: /opt/miniconda/lib/libtinfo.so.6: no version information available (required by bash)
bash: /opt/miniconda/lib/libtinfo.so.6: no version information available (required by bash)
bash: /opt/miniconda/lib/libtinfo.so.6: no version information available (required by bash)
bash: /opt/miniconda/lib/libtinfo.so.6: no version information available (required by bash)
bash: /opt/miniconda/lib/libtinfo.so.6: no version information available (required by bash)
bash: /opt/miniconda/lib/libtinfo.so.6: no version information available (required by bash)
bash: /opt/miniconda/lib/libtinfo.so.6: no version information available (required by bash)
bash: /opt/miniconda/lib/libtinfo.so.6: no version information available (required by bash)
bash: /opt/miniconda/lib/libtinfo.so.6: no version information available (required by bash)
bash: /opt/miniconda/lib/libtinfo.so.6: no version information available (required by bash)
bash: /opt/miniconda/lib/libtinfo.so.6: no version information available (required by bash)
bash: /opt/miniconda/lib/libtinfo.so.6: no version information available (required by bash)
bash: /opt/miniconda/lib/libtinfo.so.6: no version information available (required by bash)
bash: /opt/miniconda/lib/libtinfo.so.6: no version information available (required by bash)
bash: /opt/miniconda/lib/libtinfo.so.6: no version information available (required by bash)
bash: /opt/miniconda/lib/libtinfo.so.6: no version information available (required by bash)
bash: /opt/miniconda/lib/libtinfo.so.6: no version information available (required by bash)
bash: /opt/miniconda/lib/libtinfo.so.6: no version information available (required by bash)
bash: /opt/miniconda/lib/libtinfo.so.6: no version information available (required by bash)
bash: /opt/miniconda/lib/libtinfo.so.6: no version information available (required by bash)
bash: /opt/miniconda/lib/libtinfo.so.6: no version information available (required by bash)
bash: /opt/miniconda/lib/libtinfo.so.6: no version information available (required by bash)
bash: /opt/miniconda/lib/libtinfo.so.6: no version information available (required by bash)
bash: /opt/miniconda/lib/libtinfo.so.6: no version information available (required by bash)
Elapsed time: 0:00.98[h:]min:sec. CPU time: user 0.87 sys 0.10 (100%). Peak memory: 184116KB.
bash: /opt/miniconda/lib/libtinfo.so.6: no version information available (required by bash)
bash: /opt/miniconda/lib/libtinfo.so.6: no version information available (required by bash)
bash: /opt/miniconda/lib/libtinfo.so.6: no version information available (required by bash)
bash: /opt/miniconda/lib/libtinfo.so.6: no version information available (required by bash)
bash: /opt/miniconda/lib/libtinfo.so.6: no version information available (required by bash)
bash: /opt/miniconda/lib/libtinfo.so.6: no version information available (required by bash)
bash: /opt/miniconda/lib/libtinfo.so.6: no version information available (required by bash)
bash: /opt/miniconda/lib/libtinfo.so.6: no version information available (required by bash)
bash: /opt/miniconda/lib/libtinfo.so.6: no version information available (required by bash)
bash: /opt/miniconda/lib/libtinfo.so.6: no version information available (required by bash)
bash: /opt/miniconda/lib/libtinfo.so.6: no version information available (required by bash)
bash: /opt/miniconda/lib/libtinfo.so.6: no version information available (required by bash)
bash: /opt/miniconda/lib/libtinfo.so.6: no version information available (required by bash)
bash: /opt/miniconda/lib/libtinfo.so.6: no version information available (required by bash)
bash: /opt/miniconda/lib/libtinfo.so.6: no version information available (required by bash)
bash: /opt/miniconda/lib/libtinfo.so.6: no version information available (required by bash)
bash: /opt/miniconda/lib/libtinfo.so.6: no version information available (required by bash)
bash: /opt/miniconda/lib/libtinfo.so.6: no version information available (required by bash)
bash: /opt/miniconda/lib/libtinfo.so.6: no version information available (required by bash)
bash: /opt/miniconda/lib/libtinfo.so.6: no version information available (required by bash)
bash: /opt/miniconda/lib/libtinfo.so.6: no version information available (required by bash)
bash: /opt/miniconda/lib/libtinfo.so.6: no version information available (required by bash)
bash: /opt/miniconda/lib/libtinfo.so.6: no version information available (required by bash)
bash: /opt/miniconda/lib/libtinfo.so.6: no version information available (required by bash)
bash: /opt/miniconda/lib/libtinfo.so.6: no version information available (required by bash)
bash: /opt/miniconda/lib/libtinfo.so.6: no version information available (required by bash)
bash: /opt/miniconda/lib/libtinfo.so.6: no version information available (required by bash)
bash: /opt/miniconda/lib/libtinfo.so.6: no version information available (required by bash)
bash: /opt/miniconda/lib/libtinfo.so.6: no version information available (required by bash)
bash: /opt/miniconda/lib/libtinfo.so.6: no version information available (required by bash)
bash: /opt/miniconda/lib/libtinfo.so.6: no version information available (required by bash)
bash: /opt/miniconda/lib/libtinfo.so.6: no version information available (required by bash)
bash: /opt/miniconda/lib/libtinfo.so.6: no version information available (required by bash)
bash: /opt/miniconda/lib/libtinfo.so.6: no version information available (required by bash)
bash: /opt/miniconda/lib/libtinfo.so.6: no version information available (required by bash)
bash: /opt/miniconda/lib/libtinfo.so.6: no version information available (required by bash)
bash: /opt/miniconda/lib/libtinfo.so.6: no version information available (required by bash)
bash: /opt/miniconda/lib/libtinfo.so.6: no version information available (required by bash)
bash: /opt/miniconda/lib/libtinfo.so.6: no version information available (required by bash)
bash: /opt/miniconda/lib/libtinfo.so.6: no version information available (required by bash)
bash: /opt/miniconda/lib/libtinfo.so.6: no version information available (required by bash)
bash: /opt/miniconda/lib/libtinfo.so.6: no version information available (required by bash)
bash: /opt/miniconda/lib/libtinfo.so.6: no version information available (required by bash)
bash: /opt/miniconda/lib/libtinfo.so.6: no version information available (required by bash)
bash: /opt/miniconda/lib/libtinfo.so.6: no version information available (required by bash)
Elapsed time: 0:01.06[h:]min:sec. CPU time: user 0.94 sys 0.11 (98%). Peak memory: 439808KB.
bash: /opt/miniconda/lib/libtinfo.so.6: no version information available (required by bash)
bash: /opt/miniconda/lib/libtinfo.so.6: no version information available (required by bash)
bash: /opt/miniconda/lib/libtinfo.so.6: no version information available (required by bash)
bash: /opt/miniconda/lib/libtinfo.so.6: no version information available (required by bash)
bash: /opt/miniconda/lib/libtinfo.so.6: no version information available (required by bash)
bash: /opt/miniconda/lib/libtinfo.so.6: no version information available (required by bash)
bash: /opt/miniconda/lib/libtinfo.so.6: no version information available (required by bash)
bash: /opt/miniconda/lib/libtinfo.so.6: no version information available (required by bash)
bash: /opt/miniconda/lib/libtinfo.so.6: no version information available (required by bash)
bash: /opt/miniconda/lib/libtinfo.so.6: no version information available (required by bash)
bash: /opt/miniconda/lib/libtinfo.so.6: no version information available (required by bash)
bash: /opt/miniconda/lib/libtinfo.so.6: no version information available (required by bash)
bash: /opt/miniconda/lib/libtinfo.so.6: no version information available (required by bash)
bash: /opt/miniconda/lib/libtinfo.so.6: no version information available (required by bash)
bash: /opt/miniconda/lib/libtinfo.so.6: no version information available (required by bash)
bash: /opt/miniconda/lib/libtinfo.so.6: no version information available (required by bash)
bash: /opt/miniconda/lib/libtinfo.so.6: no version information available (required by bash)
