
==========================================================================
cts final report_tns
--------------------------------------------------------------------------
tns max 0.00

==========================================================================
cts final report_wns
--------------------------------------------------------------------------
wns max 0.00

==========================================================================
cts final report_worst_slack
--------------------------------------------------------------------------
worst slack max 0.26

==========================================================================
cts final report_clock_min_period
--------------------------------------------------------------------------
core_clock period_min = 13.49 fmax = 74.10
vclk period_min = 0.00 fmax = inf

==========================================================================
cts final report_clock_skew
--------------------------------------------------------------------------
Clock core_clock
   0.96 source latency W[1383]$_DFFE_PN0P_/CLK ^
  -1.02 target latency a[28]$_DFFE_PN0P_/CLK ^
   0.00 CRPR
--------------
  -0.06 setup skew

Clock vclk
No launch/capture paths found.


==========================================================================
cts final report_checks -path_delay min
--------------------------------------------------------------------------
Startpoint: rst_n (input port clocked by vclk)
Endpoint: W[128]$_DFFE_PN0P_
          (removal check against rising-edge clock core_clock)
Path Group: asynchronous
Path Type: min

Fanout     Cap    Slew   Delay    Time   Description
-----------------------------------------------------------------------------
                  0.00    0.00    0.00   clock vclk (rise edge)
                          0.00    0.00   clock network delay (ideal)
                          2.75    2.75 ^ input external delay
     1    0.02    0.00    0.00    2.75 ^ rst_n (in)
                                         rst_n (net)
                  0.00    0.00    2.75 ^ input514/A (sky130_fd_sc_hd__buf_16)
   108    0.78    0.78    0.50    3.25 ^ input514/X (sky130_fd_sc_hd__buf_16)
                                         net513 (net)
                  0.78    0.01    3.26 ^ W[128]$_DFFE_PN0P_/RESET_B (sky130_fd_sc_hd__dfrtp_1)
                                  3.26   data arrival time

                          0.00    0.00   clock core_clock (rise edge)
                          0.00    0.00   clock source latency
     1    0.13    0.00    0.00    0.00 ^ clk (in)
                                         clk (net)
                  0.01    0.00    0.00 ^ clkbuf_0_clk/A (sky130_fd_sc_hd__clkbuf_16)
     4    0.19    0.20    0.23    0.24 ^ clkbuf_0_clk/X (sky130_fd_sc_hd__clkbuf_16)
                                         clknet_0_clk (net)
                  0.20    0.01    0.24 ^ clkbuf_2_2_0_clk/A (sky130_fd_sc_hd__clkbuf_16)
     8    0.18    0.20    0.30    0.54 ^ clkbuf_2_2_0_clk/X (sky130_fd_sc_hd__clkbuf_16)
                                         clknet_2_2_0_clk (net)
                  0.20    0.00    0.54 ^ clkbuf_5_21__f_clk/A (sky130_fd_sc_hd__clkbuf_16)
     9    0.13    0.14    0.26    0.80 ^ clkbuf_5_21__f_clk/X (sky130_fd_sc_hd__clkbuf_16)
                                         clknet_5_21__leaf_clk (net)
                  0.14    0.00    0.80 ^ clkbuf_leaf_189_clk/A (sky130_fd_sc_hd__clkbuf_16)
    11    0.04    0.06    0.17    0.98 ^ clkbuf_leaf_189_clk/X (sky130_fd_sc_hd__clkbuf_16)
                                         clknet_leaf_189_clk (net)
                  0.06    0.00    0.98 ^ W[128]$_DFFE_PN0P_/CLK (sky130_fd_sc_hd__dfrtp_1)
                          0.00    0.98   clock reconvergence pessimism
                          0.52    1.50   library removal time
                                  1.50   data required time
-----------------------------------------------------------------------------
                                  1.50   data required time
                                 -3.26   data arrival time
-----------------------------------------------------------------------------
                                  1.76   slack (MET)


Startpoint: digest[160]$_DFFE_PN0P_
            (rising edge-triggered flip-flop clocked by core_clock)
Endpoint: digest[160]$_DFFE_PN0P_
          (rising edge-triggered flip-flop clocked by core_clock)
Path Group: core_clock
Path Type: min

Fanout     Cap    Slew   Delay    Time   Description
-----------------------------------------------------------------------------
                          0.00    0.00   clock core_clock (rise edge)
                          0.00    0.00   clock source latency
     1    0.13    0.00    0.00    0.00 ^ clk (in)
                                         clk (net)
                  0.01    0.00    0.00 ^ clkbuf_0_clk/A (sky130_fd_sc_hd__clkbuf_16)
     4    0.19    0.20    0.23    0.24 ^ clkbuf_0_clk/X (sky130_fd_sc_hd__clkbuf_16)
                                         clknet_0_clk (net)
                  0.20    0.01    0.24 ^ clkbuf_2_1_0_clk/A (sky130_fd_sc_hd__clkbuf_16)
     8    0.18    0.19    0.29    0.54 ^ clkbuf_2_1_0_clk/X (sky130_fd_sc_hd__clkbuf_16)
                                         clknet_2_1_0_clk (net)
                  0.19    0.00    0.54 ^ clkbuf_5_11__f_clk/A (sky130_fd_sc_hd__clkbuf_16)
     9    0.15    0.16    0.27    0.81 ^ clkbuf_5_11__f_clk/X (sky130_fd_sc_hd__clkbuf_16)
                                         clknet_5_11__leaf_clk (net)
                  0.16    0.00    0.81 ^ clkbuf_leaf_74_clk/A (sky130_fd_sc_hd__clkbuf_16)
    11    0.04    0.06    0.18    1.00 ^ clkbuf_leaf_74_clk/X (sky130_fd_sc_hd__clkbuf_16)
                                         clknet_leaf_74_clk (net)
                  0.06    0.00    1.00 ^ digest[160]$_DFFE_PN0P_/CLK (sky130_fd_sc_hd__dfrtp_1)
     2    0.01    0.07    0.34    1.34 ^ digest[160]$_DFFE_PN0P_/Q (sky130_fd_sc_hd__dfrtp_1)
                                         net582 (net)
                  0.07    0.00    1.34 ^ _18412_/A (sky130_fd_sc_hd__nand2_1)
     1    0.00    0.03    0.05    1.39 v _18412_/Y (sky130_fd_sc_hd__nand2_1)
                                         _04666_ (net)
                  0.03    0.00    1.39 v _18413_/B (sky130_fd_sc_hd__nand2_1)
     1    0.00    0.04    0.06    1.44 ^ _18413_/Y (sky130_fd_sc_hd__nand2_1)
                                         _00862_ (net)
                  0.04    0.00    1.44 ^ digest[160]$_DFFE_PN0P_/D (sky130_fd_sc_hd__dfrtp_1)
                                  1.44   data arrival time

                          0.00    0.00   clock core_clock (rise edge)
                          0.00    0.00   clock source latency
     1    0.13    0.00    0.00    0.00 ^ clk (in)
                                         clk (net)
                  0.01    0.00    0.00 ^ clkbuf_0_clk/A (sky130_fd_sc_hd__clkbuf_16)
     4    0.19    0.20    0.23    0.24 ^ clkbuf_0_clk/X (sky130_fd_sc_hd__clkbuf_16)
                                         clknet_0_clk (net)
                  0.20    0.01    0.24 ^ clkbuf_2_1_0_clk/A (sky130_fd_sc_hd__clkbuf_16)
     8    0.18    0.19    0.29    0.54 ^ clkbuf_2_1_0_clk/X (sky130_fd_sc_hd__clkbuf_16)
                                         clknet_2_1_0_clk (net)
                  0.19    0.00    0.54 ^ clkbuf_5_11__f_clk/A (sky130_fd_sc_hd__clkbuf_16)
     9    0.15    0.16    0.27    0.81 ^ clkbuf_5_11__f_clk/X (sky130_fd_sc_hd__clkbuf_16)
                                         clknet_5_11__leaf_clk (net)
                  0.16    0.00    0.81 ^ clkbuf_leaf_74_clk/A (sky130_fd_sc_hd__clkbuf_16)
    11    0.04    0.06    0.18    1.00 ^ clkbuf_leaf_74_clk/X (sky130_fd_sc_hd__clkbuf_16)
                                         clknet_leaf_74_clk (net)
                  0.06    0.00    1.00 ^ digest[160]$_DFFE_PN0P_/CLK (sky130_fd_sc_hd__dfrtp_1)
                          0.00    1.00   clock reconvergence pessimism
                         -0.03    0.97   library hold time
                                  0.97   data required time
-----------------------------------------------------------------------------
                                  0.97   data required time
                                 -1.44   data arrival time
-----------------------------------------------------------------------------
                                  0.48   slack (MET)


Startpoint: digest[10]$_DFFE_PN0P_
            (rising edge-triggered flip-flop clocked by core_clock)
Endpoint: digest[10] (output port clocked by vclk)
Path Group: vclk
Path Type: min

Fanout     Cap    Slew   Delay    Time   Description
-----------------------------------------------------------------------------
                          0.00    0.00   clock core_clock (rise edge)
                          0.00    0.00   clock source latency
     1    0.13    0.00    0.00    0.00 ^ clk (in)
                                         clk (net)
                  0.01    0.00    0.00 ^ clkbuf_0_clk/A (sky130_fd_sc_hd__clkbuf_16)
     4    0.19    0.20    0.23    0.24 ^ clkbuf_0_clk/X (sky130_fd_sc_hd__clkbuf_16)
                                         clknet_0_clk (net)
                  0.20    0.01    0.24 ^ clkbuf_2_3_0_clk/A (sky130_fd_sc_hd__clkbuf_16)
     8    0.18    0.19    0.29    0.53 ^ clkbuf_2_3_0_clk/X (sky130_fd_sc_hd__clkbuf_16)
                                         clknet_2_3_0_clk (net)
                  0.19    0.01    0.54 ^ clkbuf_5_31__f_clk/A (sky130_fd_sc_hd__clkbuf_16)
    10    0.13    0.15    0.26    0.80 ^ clkbuf_5_31__f_clk/X (sky130_fd_sc_hd__clkbuf_16)
                                         clknet_5_31__leaf_clk (net)
                  0.15    0.00    0.80 ^ clkbuf_leaf_125_clk/A (sky130_fd_sc_hd__clkbuf_16)
     9    0.04    0.06    0.17    0.97 ^ clkbuf_leaf_125_clk/X (sky130_fd_sc_hd__clkbuf_16)
                                         clknet_leaf_125_clk (net)
                  0.06    0.00    0.97 ^ digest[10]$_DFFE_PN0P_/CLK (sky130_fd_sc_hd__dfrtp_1)
     2    0.01    0.05    0.37    1.35 v digest[10]$_DFFE_PN0P_/Q (sky130_fd_sc_hd__dfrtp_1)
                                         net526 (net)
                  0.05    0.00    1.35 v output527/A (sky130_fd_sc_hd__clkdlybuf4s50_1)
     1    0.00    0.03    0.40    1.74 v output527/X (sky130_fd_sc_hd__clkdlybuf4s50_1)
                                         digest[10] (net)
                  0.03    0.00    1.74 v digest[10] (out)
                                  1.74   data arrival time

                  0.00    0.00    0.00   clock vclk (rise edge)
                          0.00    0.00   clock network delay (ideal)
                          0.00    0.00   clock reconvergence pessimism
                         -2.75   -2.75   output external delay
                                 -2.75   data required time
-----------------------------------------------------------------------------
                                 -2.75   data required time
                                 -1.74   data arrival time
-----------------------------------------------------------------------------
                                  4.49   slack (MET)



==========================================================================
cts final report_checks -path_delay max
--------------------------------------------------------------------------
Startpoint: rst_n (input port clocked by vclk)
Endpoint: W[632]$_DFFE_PN0P_
          (recovery check against rising-edge clock core_clock)
Path Group: asynchronous
Path Type: max

Fanout     Cap    Slew   Delay    Time   Description
-----------------------------------------------------------------------------
                  0.00    0.00    0.00   clock vclk (rise edge)
                          0.00    0.00   clock network delay (ideal)
                          2.75    2.75 ^ input external delay
     1    0.02    0.00    0.00    2.75 ^ rst_n (in)
                                         rst_n (net)
                  0.00    0.00    2.75 ^ input514/A (sky130_fd_sc_hd__buf_16)
   108    0.78    0.78    0.50    3.25 ^ input514/X (sky130_fd_sc_hd__buf_16)
                                         net513 (net)
                  0.80    0.08    3.33 ^ place3297/A (sky130_fd_sc_hd__buf_12)
   148    0.74    0.82    0.72    4.05 ^ place3297/X (sky130_fd_sc_hd__buf_12)
                                         net3296 (net)
                  0.82    0.01    4.06 ^ place3296/A (sky130_fd_sc_hd__buf_4)
    70    0.37    0.99    0.90    4.96 ^ place3296/X (sky130_fd_sc_hd__buf_4)
                                         net3295 (net)
                  0.99    0.01    4.97 ^ place3294/A (sky130_fd_sc_hd__buf_4)
    80    0.40    1.06    0.97    5.94 ^ place3294/X (sky130_fd_sc_hd__buf_4)
                                         net3293 (net)
                  1.06    0.02    5.97 ^ W[632]$_DFFE_PN0P_/RESET_B (sky130_fd_sc_hd__dfrtp_1)
                                  5.97   data arrival time

                         13.75   13.75   clock core_clock (rise edge)
                          0.00   13.75   clock source latency
     1    0.13    0.00    0.00   13.75 ^ clk (in)
                                         clk (net)
                  0.01    0.00   13.75 ^ clkbuf_0_clk/A (sky130_fd_sc_hd__clkbuf_16)
     4    0.19    0.20    0.23   13.99 ^ clkbuf_0_clk/X (sky130_fd_sc_hd__clkbuf_16)
                                         clknet_0_clk (net)
                  0.20    0.01   13.99 ^ clkbuf_2_0_0_clk/A (sky130_fd_sc_hd__clkbuf_16)
     8    0.19    0.20    0.30   14.29 ^ clkbuf_2_0_0_clk/X (sky130_fd_sc_hd__clkbuf_16)
                                         clknet_2_0_0_clk (net)
                  0.20    0.00   14.29 ^ clkbuf_5_0__f_clk/A (sky130_fd_sc_hd__clkbuf_16)
    11    0.16    0.17    0.28   14.57 ^ clkbuf_5_0__f_clk/X (sky130_fd_sc_hd__clkbuf_16)
                                         clknet_5_0__leaf_clk (net)
                  0.17    0.00   14.58 ^ clkbuf_leaf_264_clk/A (sky130_fd_sc_hd__clkbuf_16)
     9    0.03    0.05    0.18   14.76 ^ clkbuf_leaf_264_clk/X (sky130_fd_sc_hd__clkbuf_16)
                                         clknet_leaf_264_clk (net)
                  0.05    0.00   14.76 ^ W[632]$_DFFE_PN0P_/CLK (sky130_fd_sc_hd__dfrtp_1)
                          0.00   14.76   clock reconvergence pessimism
                         -0.03   14.72   library recovery time
                                 14.72   data required time
-----------------------------------------------------------------------------
                                 14.72   data required time
                                 -5.97   data arrival time
-----------------------------------------------------------------------------
                                  8.76   slack (MET)


Startpoint: round[0]$_DFFE_PN0P_
            (rising edge-triggered flip-flop clocked by core_clock)
Endpoint: digest[255]$_DFFE_PN0P_
          (rising edge-triggered flip-flop clocked by core_clock)
Path Group: core_clock
Path Type: max

Fanout     Cap    Slew   Delay    Time   Description
-----------------------------------------------------------------------------
                          0.00    0.00   clock core_clock (rise edge)
                          0.00    0.00   clock source latency
     1    0.13    0.00    0.00    0.00 ^ clk (in)
                                         clk (net)
                  0.01    0.00    0.00 ^ clkbuf_0_clk/A (sky130_fd_sc_hd__clkbuf_16)
     4    0.19    0.20    0.23    0.24 ^ clkbuf_0_clk/X (sky130_fd_sc_hd__clkbuf_16)
                                         clknet_0_clk (net)
                  0.20    0.01    0.24 ^ clkbuf_2_1_0_clk/A (sky130_fd_sc_hd__clkbuf_16)
     8    0.18    0.19    0.29    0.54 ^ clkbuf_2_1_0_clk/X (sky130_fd_sc_hd__clkbuf_16)
                                         clknet_2_1_0_clk (net)
                  0.19    0.00    0.54 ^ clkbuf_5_13__f_clk/A (sky130_fd_sc_hd__clkbuf_16)
     9    0.15    0.17    0.27    0.81 ^ clkbuf_5_13__f_clk/X (sky130_fd_sc_hd__clkbuf_16)
                                         clknet_5_13__leaf_clk (net)
                  0.17    0.00    0.82 ^ clkbuf_leaf_37_clk/A (sky130_fd_sc_hd__clkbuf_16)
    12    0.04    0.06    0.18    1.00 ^ clkbuf_leaf_37_clk/X (sky130_fd_sc_hd__clkbuf_16)
                                         clknet_leaf_37_clk (net)
                  0.06    0.00    1.00 ^ round[0]$_DFFE_PN0P_/CLK (sky130_fd_sc_hd__dfrtp_4)
     5    0.05    0.12    0.55    1.55 v round[0]$_DFFE_PN0P_/Q (sky130_fd_sc_hd__dfrtp_4)
                                         round[0] (net)
                  0.12    0.00    1.56 v _25477_/A (sky130_fd_sc_hd__ha_4)
     4    0.05    0.14    0.38    1.93 ^ _25477_/SUM (sky130_fd_sc_hd__ha_4)
                                         _00526_ (net)
                  0.14    0.00    1.93 ^ place3085/A (sky130_fd_sc_hd__buf_12)
    19    0.19    0.22    0.23    2.16 ^ place3085/X (sky130_fd_sc_hd__buf_12)
                                         net3084 (net)
                  0.23    0.04    2.20 ^ place3081/A (sky130_fd_sc_hd__buf_12)
    10    0.09    0.11    0.20    2.40 ^ place3081/X (sky130_fd_sc_hd__buf_12)
                                         net3080 (net)
                  0.11    0.00    2.41 ^ place3080/A (sky130_fd_sc_hd__buf_12)
    30    0.25    0.29    0.28    2.69 ^ place3080/X (sky130_fd_sc_hd__buf_12)
                                         net3079 (net)
                  0.29    0.02    2.71 ^ _15891_/S0 (sky130_fd_sc_hd__mux4_2)
     1    0.00    0.08    0.54    3.26 v _15891_/X (sky130_fd_sc_hd__mux4_2)
                                         _11887_ (net)
                  0.08    0.00    3.26 v _15892_/A1 (sky130_fd_sc_hd__mux2i_1)
     2    0.01    0.28    0.27    3.52 ^ _15892_/Y (sky130_fd_sc_hd__mux2i_1)
                                         _11888_ (net)
                  0.28    0.00    3.52 ^ _24945_/A3 (sky130_fd_sc_hd__mux4_2)
     1    0.02    0.15    0.38    3.91 ^ _24945_/X (sky130_fd_sc_hd__mux4_2)
                                         _08898_ (net)
                  0.15    0.00    3.91 ^ _24947_/A0 (sky130_fd_sc_hd__mux2i_1)
     1    0.00    0.07    0.10    4.01 v _24947_/Y (sky130_fd_sc_hd__mux2i_1)
                                         _08900_ (net)
                  0.07    0.00    4.01 v place2750/A (sky130_fd_sc_hd__buf_4)
     3    0.04    0.07    0.19    4.19 v place2750/X (sky130_fd_sc_hd__buf_4)
                                         net2749 (net)
                  0.07    0.00    4.20 v _24999_/B (sky130_fd_sc_hd__xnor2_1)
     1    0.01    0.06    0.14    4.34 v _24999_/Y (sky130_fd_sc_hd__xnor2_1)
                                         _08937_ (net)
                  0.06    0.00    4.34 v _25000_/B (sky130_fd_sc_hd__xnor2_1)
     1    0.02    0.54    0.45    4.79 ^ _25000_/Y (sky130_fd_sc_hd__xnor2_1)
                                         _00254_ (net)
                  0.54    0.00    4.80 ^ _25335_/A (sky130_fd_sc_hd__fa_1)
     1    0.01    0.10    0.52    5.32 v _25335_/SUM (sky130_fd_sc_hd__fa_1)
                                         _12823_ (net)
                  0.10    0.00    5.32 v _25360_/A (sky130_fd_sc_hd__fa_1)
     1    0.01    0.09    0.51    5.82 v _25360_/SUM (sky130_fd_sc_hd__fa_1)
                                         _12872_ (net)
                  0.09    0.00    5.82 v _25473_/A (sky130_fd_sc_hd__ha_1)
     2    0.01    0.11    0.34    6.17 ^ _25473_/SUM (sky130_fd_sc_hd__ha_1)
                                         _00518_ (net)
                  0.11    0.00    6.17 ^ _13200_/A (sky130_fd_sc_hd__inv_1)
     2    0.01    0.05    0.07    6.23 v _13200_/Y (sky130_fd_sc_hd__inv_1)
                                         _09315_ (net)
                  0.05    0.00    6.23 v _13205_/A1 (sky130_fd_sc_hd__o211ai_1)
     2    0.01    0.23    0.24    6.47 ^ _13205_/Y (sky130_fd_sc_hd__o211ai_1)
                                         _09320_ (net)
                  0.23    0.00    6.47 ^ _13209_/A (sky130_fd_sc_hd__nand2_1)
     2    0.01    0.09    0.11    6.59 v _13209_/Y (sky130_fd_sc_hd__nand2_1)
                                         _09324_ (net)
                  0.09    0.00    6.59 v _13840_/A2 (sky130_fd_sc_hd__o21a_1)
     1    0.00    0.03    0.18    6.76 v _13840_/X (sky130_fd_sc_hd__o21a_1)
                                         _09945_ (net)
                  0.03    0.00    6.76 v _13841_/A2 (sky130_fd_sc_hd__o21ai_0)
     1    0.01    0.22    0.20    6.97 ^ _13841_/Y (sky130_fd_sc_hd__o21ai_0)
                                         _09946_ (net)
                  0.22    0.00    6.97 ^ _13842_/A2 (sky130_fd_sc_hd__a21oi_1)
     2    0.01    0.08    0.13    7.10 v _13842_/Y (sky130_fd_sc_hd__a21oi_1)
                                         _09947_ (net)
                  0.08    0.00    7.10 v _13843_/A2 (sky130_fd_sc_hd__o21bai_1)
     1    0.01    0.15    0.16    7.26 ^ _13843_/Y (sky130_fd_sc_hd__o21bai_1)
                                         _09948_ (net)
                  0.15    0.00    7.26 ^ _13844_/A2 (sky130_fd_sc_hd__a21oi_1)
     2    0.01    0.08    0.12    7.38 v _13844_/Y (sky130_fd_sc_hd__a21oi_1)
                                         _09949_ (net)
                  0.08    0.00    7.38 v place2620/A (sky130_fd_sc_hd__buf_4)
     1    0.00    0.03    0.14    7.52 v place2620/X (sky130_fd_sc_hd__buf_4)
                                         net2619 (net)
                  0.03    0.00    7.52 v _13845_/A2 (sky130_fd_sc_hd__o21bai_1)
     1    0.00    0.13    0.12    7.65 ^ _13845_/Y (sky130_fd_sc_hd__o21bai_1)
                                         _09950_ (net)
                  0.13    0.00    7.65 ^ _13846_/A2 (sky130_fd_sc_hd__a21oi_1)
     1    0.01    0.06    0.10    7.74 v _13846_/Y (sky130_fd_sc_hd__a21oi_1)
                                         _09951_ (net)
                  0.06    0.00    7.74 v _13847_/B (sky130_fd_sc_hd__xnor2_1)
     1    0.01    0.09    0.16    7.90 v _13847_/Y (sky130_fd_sc_hd__xnor2_1)
                                         _09952_ (net)
                  0.09    0.00    7.91 v _13848_/A1 (sky130_fd_sc_hd__mux2i_4)
     2    0.04    0.34    0.30    8.20 ^ _13848_/Y (sky130_fd_sc_hd__mux2i_4)
                                         _09953_ (net)
                  0.34    0.00    8.21 ^ _13851_/A (sky130_fd_sc_hd__inv_1)
     1    0.01    0.09    0.12    8.32 v _13851_/Y (sky130_fd_sc_hd__inv_1)
                                         _00182_ (net)
                  0.09    0.00    8.32 v _25301_/CIN (sky130_fd_sc_hd__fa_1)
     1    0.01    0.10    0.47    8.80 v _25301_/SUM (sky130_fd_sc_hd__fa_1)
                                         _12756_ (net)
                  0.10    0.00    8.80 v _25273_/A (sky130_fd_sc_hd__fa_1)
     1    0.01    0.10    0.53    9.32 v _25273_/SUM (sky130_fd_sc_hd__fa_1)
                                         _12667_ (net)
                  0.10    0.00    9.32 v _25244_/A (sky130_fd_sc_hd__fa_1)
     1    0.01    0.09    0.50    9.83 v _25244_/SUM (sky130_fd_sc_hd__fa_1)
                                         _12669_ (net)
                  0.09    0.00    9.83 v _25464_/A (sky130_fd_sc_hd__ha_1)
     4    0.02    0.16    0.38   10.20 ^ _25464_/SUM (sky130_fd_sc_hd__ha_1)
                                         _00502_ (net)
                  0.16    0.00   10.20 ^ _16488_/C (sky130_fd_sc_hd__nand3_1)
     1    0.00    0.06    0.09   10.30 v _16488_/Y (sky130_fd_sc_hd__nand3_1)
                                         _12457_ (net)
                  0.06    0.00   10.30 v _16494_/A3 (sky130_fd_sc_hd__o31a_1)
     2    0.01    0.10    0.30   10.59 v _16494_/X (sky130_fd_sc_hd__o31a_1)
                                         _12463_ (net)
                  0.10    0.00   10.59 v _16497_/A1 (sky130_fd_sc_hd__o21ai_0)
     2    0.01    0.21    0.23   10.83 ^ _16497_/Y (sky130_fd_sc_hd__o21ai_0)
                                         _12466_ (net)
                  0.21    0.00   10.83 ^ place2461/A (sky130_fd_sc_hd__buf_4)
     1    0.00    0.03    0.14   10.97 ^ place2461/X (sky130_fd_sc_hd__buf_4)
                                         net2460 (net)
                  0.03    0.00   10.97 ^ _16518_/B (sky130_fd_sc_hd__nor2_1)
     1    0.01    0.05    0.04   11.01 v _16518_/Y (sky130_fd_sc_hd__nor2_1)
                                         _12481_ (net)
                  0.05    0.00   11.01 v _16519_/B (sky130_fd_sc_hd__xnor2_1)
     2    0.02    0.55    0.45   11.46 ^ _16519_/Y (sky130_fd_sc_hd__xnor2_1)
                                         _00314_ (net)
                  0.55    0.00   11.46 ^ _25361_/A (sky130_fd_sc_hd__fa_1)
     1    0.00    0.08    0.50   11.96 v _25361_/SUM (sky130_fd_sc_hd__fa_1)
                                         _12874_ (net)
                  0.08    0.00   11.96 v _25430_/A (sky130_fd_sc_hd__ha_1)
     2    0.01    0.06    0.23   12.19 v _25430_/COUT (sky130_fd_sc_hd__ha_1)
                                         _00440_ (net)
                  0.06    0.00   12.19 v _17752_/A2 (sky130_fd_sc_hd__a21oi_1)
     3    0.01    0.23    0.24   12.43 ^ _17752_/Y (sky130_fd_sc_hd__a21oi_1)
                                         _04100_ (net)
                  0.23    0.00   12.43 ^ _17753_/B (sky130_fd_sc_hd__nand2_1)
     2    0.01    0.07    0.11   12.53 v _17753_/Y (sky130_fd_sc_hd__nand2_1)
                                         _04101_ (net)
                  0.07    0.00   12.53 v _17960_/C (sky130_fd_sc_hd__or4_1)
     2    0.01    0.11    0.51   13.04 v _17960_/X (sky130_fd_sc_hd__or4_1)
                                         _04308_ (net)
                  0.11    0.00   13.04 v _17966_/A1 (sky130_fd_sc_hd__o21ai_0)
     1    0.00    0.19    0.22   13.26 ^ _17966_/Y (sky130_fd_sc_hd__o21ai_0)
                                         _04314_ (net)
                  0.19    0.00   13.27 ^ place2280/A (sky130_fd_sc_hd__buf_4)
     3    0.01    0.05    0.16   13.43 ^ place2280/X (sky130_fd_sc_hd__buf_4)
                                         net2279 (net)
                  0.05    0.00   13.43 ^ _17967_/B (sky130_fd_sc_hd__nor2_1)
     1    0.00    0.03    0.04   13.46 v _17967_/Y (sky130_fd_sc_hd__nor2_1)
                                         _04315_ (net)
                  0.03    0.00   13.46 v _17968_/A2 (sky130_fd_sc_hd__o21ai_0)
     1    0.00    0.14    0.14   13.60 ^ _17968_/Y (sky130_fd_sc_hd__o21ai_0)
                                         _04316_ (net)
                  0.14    0.00   13.60 ^ _17969_/B (sky130_fd_sc_hd__nand2b_1)
     2    0.01    0.08    0.10   13.71 v _17969_/Y (sky130_fd_sc_hd__nand2b_1)
                                         _04317_ (net)
                  0.08    0.00   13.71 v _17970_/B (sky130_fd_sc_hd__xor2_1)
     2    0.01    0.06    0.16   13.87 v _17970_/X (sky130_fd_sc_hd__xor2_1)
                                         _04318_ (net)
                  0.06    0.00   13.87 v _25050_/A (sky130_fd_sc_hd__nor3_1)
     1    0.01    0.25    0.27   14.13 ^ _25050_/Y (sky130_fd_sc_hd__nor3_1)
                                         _08972_ (net)
                  0.25    0.00   14.13 ^ _25051_/B (sky130_fd_sc_hd__xnor2_1)
     1    0.00    0.14    0.16   14.29 ^ _25051_/Y (sky130_fd_sc_hd__xnor2_1)
                                         _08973_ (net)
                  0.14    0.00   14.29 ^ _25053_/A2 (sky130_fd_sc_hd__o21ai_1)
     1    0.00    0.11    0.07   14.36 v _25053_/Y (sky130_fd_sc_hd__o21ai_1)
                                         _03136_ (net)
                  0.11    0.00   14.36 v digest[255]$_DFFE_PN0P_/D (sky130_fd_sc_hd__dfrtp_1)
                                 14.36   data arrival time

                         13.75   13.75   clock core_clock (rise edge)
                          0.00   13.75   clock source latency
     1    0.13    0.00    0.00   13.75 ^ clk (in)
                                         clk (net)
                  0.01    0.00   13.75 ^ clkbuf_0_clk/A (sky130_fd_sc_hd__clkbuf_16)
     4    0.19    0.20    0.23   13.99 ^ clkbuf_0_clk/X (sky130_fd_sc_hd__clkbuf_16)
                                         clknet_0_clk (net)
                  0.20    0.01   13.99 ^ clkbuf_2_1_0_clk/A (sky130_fd_sc_hd__clkbuf_16)
     8    0.18    0.19    0.29   14.29 ^ clkbuf_2_1_0_clk/X (sky130_fd_sc_hd__clkbuf_16)
                                         clknet_2_1_0_clk (net)
                  0.19    0.00   14.29 ^ clkbuf_5_14__f_clk/A (sky130_fd_sc_hd__clkbuf_16)
     9    0.16    0.17    0.28   14.57 ^ clkbuf_5_14__f_clk/X (sky130_fd_sc_hd__clkbuf_16)
                                         clknet_5_14__leaf_clk (net)
                  0.17    0.00   14.57 ^ clkbuf_leaf_80_clk/A (sky130_fd_sc_hd__clkbuf_16)
    10    0.04    0.06    0.18   14.76 ^ clkbuf_leaf_80_clk/X (sky130_fd_sc_hd__clkbuf_16)
                                         clknet_leaf_80_clk (net)
                  0.06    0.00   14.76 ^ digest[255]$_DFFE_PN0P_/CLK (sky130_fd_sc_hd__dfrtp_1)
                          0.00   14.76   clock reconvergence pessimism
                         -0.14   14.62   library setup time
                                 14.62   data required time
-----------------------------------------------------------------------------
                                 14.62   data required time
                                -14.36   data arrival time
-----------------------------------------------------------------------------
                                  0.26   slack (MET)


Startpoint: digest[80]$_DFFE_PN0P_
            (rising edge-triggered flip-flop clocked by core_clock)
Endpoint: digest[80] (output port clocked by vclk)
Path Group: vclk
Path Type: max

Fanout     Cap    Slew   Delay    Time   Description
-----------------------------------------------------------------------------
                          0.00    0.00   clock core_clock (rise edge)
                          0.00    0.00   clock source latency
     1    0.13    0.00    0.00    0.00 ^ clk (in)
                                         clk (net)
                  0.01    0.00    0.00 ^ clkbuf_0_clk/A (sky130_fd_sc_hd__clkbuf_16)
     4    0.19    0.20    0.23    0.24 ^ clkbuf_0_clk/X (sky130_fd_sc_hd__clkbuf_16)
                                         clknet_0_clk (net)
                  0.20    0.01    0.24 ^ clkbuf_2_3_0_clk/A (sky130_fd_sc_hd__clkbuf_16)
     8    0.18    0.19    0.29    0.53 ^ clkbuf_2_3_0_clk/X (sky130_fd_sc_hd__clkbuf_16)
                                         clknet_2_3_0_clk (net)
                  0.19    0.01    0.54 ^ clkbuf_5_26__f_clk/A (sky130_fd_sc_hd__clkbuf_16)
     6    0.12    0.14    0.25    0.79 ^ clkbuf_5_26__f_clk/X (sky130_fd_sc_hd__clkbuf_16)
                                         clknet_5_26__leaf_clk (net)
                  0.14    0.00    0.79 ^ clkbuf_leaf_109_clk/A (sky130_fd_sc_hd__clkbuf_16)
    10    0.04    0.06    0.17    0.96 ^ clkbuf_leaf_109_clk/X (sky130_fd_sc_hd__clkbuf_16)
                                         clknet_leaf_109_clk (net)
                  0.06    0.00    0.96 ^ digest[80]$_DFFE_PN0P_/CLK (sky130_fd_sc_hd__dfrtp_1)
     2    0.01    0.09    0.36    1.32 ^ digest[80]$_DFFE_PN0P_/Q (sky130_fd_sc_hd__dfrtp_1)
                                         net749 (net)
                  0.09    0.00    1.32 ^ output750/A (sky130_fd_sc_hd__clkdlybuf4s50_1)
     1    0.04    0.36    0.71    2.04 ^ output750/X (sky130_fd_sc_hd__clkdlybuf4s50_1)
                                         digest[80] (net)
                  0.36    0.01    2.04 ^ digest[80] (out)
                                  2.04   data arrival time

                  0.00   13.75   13.75   clock vclk (rise edge)
                          0.00   13.75   clock network delay (ideal)
                          0.00   13.75   clock reconvergence pessimism
                         -2.75   11.00   output external delay
                                 11.00   data required time
-----------------------------------------------------------------------------
                                 11.00   data required time
                                 -2.04   data arrival time
-----------------------------------------------------------------------------
                                  8.96   slack (MET)



==========================================================================
cts final report_checks -unconstrained
--------------------------------------------------------------------------
Startpoint: rst_n (input port clocked by vclk)
Endpoint: W[632]$_DFFE_PN0P_
          (recovery check against rising-edge clock core_clock)
Path Group: asynchronous
Path Type: max

Fanout     Cap    Slew   Delay    Time   Description
-----------------------------------------------------------------------------
                  0.00    0.00    0.00   clock vclk (rise edge)
                          0.00    0.00   clock network delay (ideal)
                          2.75    2.75 ^ input external delay
     1    0.02    0.00    0.00    2.75 ^ rst_n (in)
                                         rst_n (net)
                  0.00    0.00    2.75 ^ input514/A (sky130_fd_sc_hd__buf_16)
   108    0.78    0.78    0.50    3.25 ^ input514/X (sky130_fd_sc_hd__buf_16)
                                         net513 (net)
                  0.80    0.08    3.33 ^ place3297/A (sky130_fd_sc_hd__buf_12)
   148    0.74    0.82    0.72    4.05 ^ place3297/X (sky130_fd_sc_hd__buf_12)
                                         net3296 (net)
                  0.82    0.01    4.06 ^ place3296/A (sky130_fd_sc_hd__buf_4)
    70    0.37    0.99    0.90    4.96 ^ place3296/X (sky130_fd_sc_hd__buf_4)
                                         net3295 (net)
                  0.99    0.01    4.97 ^ place3294/A (sky130_fd_sc_hd__buf_4)
    80    0.40    1.06    0.97    5.94 ^ place3294/X (sky130_fd_sc_hd__buf_4)
                                         net3293 (net)
                  1.06    0.02    5.97 ^ W[632]$_DFFE_PN0P_/RESET_B (sky130_fd_sc_hd__dfrtp_1)
                                  5.97   data arrival time

                         13.75   13.75   clock core_clock (rise edge)
                          0.00   13.75   clock source latency
     1    0.13    0.00    0.00   13.75 ^ clk (in)
                                         clk (net)
                  0.01    0.00   13.75 ^ clkbuf_0_clk/A (sky130_fd_sc_hd__clkbuf_16)
     4    0.19    0.20    0.23   13.99 ^ clkbuf_0_clk/X (sky130_fd_sc_hd__clkbuf_16)
                                         clknet_0_clk (net)
                  0.20    0.01   13.99 ^ clkbuf_2_0_0_clk/A (sky130_fd_sc_hd__clkbuf_16)
     8    0.19    0.20    0.30   14.29 ^ clkbuf_2_0_0_clk/X (sky130_fd_sc_hd__clkbuf_16)
                                         clknet_2_0_0_clk (net)
                  0.20    0.00   14.29 ^ clkbuf_5_0__f_clk/A (sky130_fd_sc_hd__clkbuf_16)
    11    0.16    0.17    0.28   14.57 ^ clkbuf_5_0__f_clk/X (sky130_fd_sc_hd__clkbuf_16)
                                         clknet_5_0__leaf_clk (net)
                  0.17    0.00   14.58 ^ clkbuf_leaf_264_clk/A (sky130_fd_sc_hd__clkbuf_16)
     9    0.03    0.05    0.18   14.76 ^ clkbuf_leaf_264_clk/X (sky130_fd_sc_hd__clkbuf_16)
                                         clknet_leaf_264_clk (net)
                  0.05    0.00   14.76 ^ W[632]$_DFFE_PN0P_/CLK (sky130_fd_sc_hd__dfrtp_1)
                          0.00   14.76   clock reconvergence pessimism
                         -0.03   14.72   library recovery time
                                 14.72   data required time
-----------------------------------------------------------------------------
                                 14.72   data required time
                                 -5.97   data arrival time
-----------------------------------------------------------------------------
                                  8.76   slack (MET)


Startpoint: round[0]$_DFFE_PN0P_
            (rising edge-triggered flip-flop clocked by core_clock)
Endpoint: digest[255]$_DFFE_PN0P_
          (rising edge-triggered flip-flop clocked by core_clock)
Path Group: core_clock
Path Type: max

Fanout     Cap    Slew   Delay    Time   Description
-----------------------------------------------------------------------------
                          0.00    0.00   clock core_clock (rise edge)
                          0.00    0.00   clock source latency
     1    0.13    0.00    0.00    0.00 ^ clk (in)
                                         clk (net)
                  0.01    0.00    0.00 ^ clkbuf_0_clk/A (sky130_fd_sc_hd__clkbuf_16)
     4    0.19    0.20    0.23    0.24 ^ clkbuf_0_clk/X (sky130_fd_sc_hd__clkbuf_16)
                                         clknet_0_clk (net)
                  0.20    0.01    0.24 ^ clkbuf_2_1_0_clk/A (sky130_fd_sc_hd__clkbuf_16)
     8    0.18    0.19    0.29    0.54 ^ clkbuf_2_1_0_clk/X (sky130_fd_sc_hd__clkbuf_16)
                                         clknet_2_1_0_clk (net)
                  0.19    0.00    0.54 ^ clkbuf_5_13__f_clk/A (sky130_fd_sc_hd__clkbuf_16)
     9    0.15    0.17    0.27    0.81 ^ clkbuf_5_13__f_clk/X (sky130_fd_sc_hd__clkbuf_16)
                                         clknet_5_13__leaf_clk (net)
                  0.17    0.00    0.82 ^ clkbuf_leaf_37_clk/A (sky130_fd_sc_hd__clkbuf_16)
    12    0.04    0.06    0.18    1.00 ^ clkbuf_leaf_37_clk/X (sky130_fd_sc_hd__clkbuf_16)
                                         clknet_leaf_37_clk (net)
                  0.06    0.00    1.00 ^ round[0]$_DFFE_PN0P_/CLK (sky130_fd_sc_hd__dfrtp_4)
     5    0.05    0.12    0.55    1.55 v round[0]$_DFFE_PN0P_/Q (sky130_fd_sc_hd__dfrtp_4)
                                         round[0] (net)
                  0.12    0.00    1.56 v _25477_/A (sky130_fd_sc_hd__ha_4)
     4    0.05    0.14    0.38    1.93 ^ _25477_/SUM (sky130_fd_sc_hd__ha_4)
                                         _00526_ (net)
                  0.14    0.00    1.93 ^ place3085/A (sky130_fd_sc_hd__buf_12)
    19    0.19    0.22    0.23    2.16 ^ place3085/X (sky130_fd_sc_hd__buf_12)
                                         net3084 (net)
                  0.23    0.04    2.20 ^ place3081/A (sky130_fd_sc_hd__buf_12)
    10    0.09    0.11    0.20    2.40 ^ place3081/X (sky130_fd_sc_hd__buf_12)
                                         net3080 (net)
                  0.11    0.00    2.41 ^ place3080/A (sky130_fd_sc_hd__buf_12)
    30    0.25    0.29    0.28    2.69 ^ place3080/X (sky130_fd_sc_hd__buf_12)
                                         net3079 (net)
                  0.29    0.02    2.71 ^ _15891_/S0 (sky130_fd_sc_hd__mux4_2)
     1    0.00    0.08    0.54    3.26 v _15891_/X (sky130_fd_sc_hd__mux4_2)
                                         _11887_ (net)
                  0.08    0.00    3.26 v _15892_/A1 (sky130_fd_sc_hd__mux2i_1)
     2    0.01    0.28    0.27    3.52 ^ _15892_/Y (sky130_fd_sc_hd__mux2i_1)
                                         _11888_ (net)
                  0.28    0.00    3.52 ^ _24945_/A3 (sky130_fd_sc_hd__mux4_2)
     1    0.02    0.15    0.38    3.91 ^ _24945_/X (sky130_fd_sc_hd__mux4_2)
                                         _08898_ (net)
                  0.15    0.00    3.91 ^ _24947_/A0 (sky130_fd_sc_hd__mux2i_1)
     1    0.00    0.07    0.10    4.01 v _24947_/Y (sky130_fd_sc_hd__mux2i_1)
                                         _08900_ (net)
                  0.07    0.00    4.01 v place2750/A (sky130_fd_sc_hd__buf_4)
     3    0.04    0.07    0.19    4.19 v place2750/X (sky130_fd_sc_hd__buf_4)
                                         net2749 (net)
                  0.07    0.00    4.20 v _24999_/B (sky130_fd_sc_hd__xnor2_1)
     1    0.01    0.06    0.14    4.34 v _24999_/Y (sky130_fd_sc_hd__xnor2_1)
                                         _08937_ (net)
                  0.06    0.00    4.34 v _25000_/B (sky130_fd_sc_hd__xnor2_1)
     1    0.02    0.54    0.45    4.79 ^ _25000_/Y (sky130_fd_sc_hd__xnor2_1)
                                         _00254_ (net)
                  0.54    0.00    4.80 ^ _25335_/A (sky130_fd_sc_hd__fa_1)
     1    0.01    0.10    0.52    5.32 v _25335_/SUM (sky130_fd_sc_hd__fa_1)
                                         _12823_ (net)
                  0.10    0.00    5.32 v _25360_/A (sky130_fd_sc_hd__fa_1)
     1    0.01    0.09    0.51    5.82 v _25360_/SUM (sky130_fd_sc_hd__fa_1)
                                         _12872_ (net)
                  0.09    0.00    5.82 v _25473_/A (sky130_fd_sc_hd__ha_1)
     2    0.01    0.11    0.34    6.17 ^ _25473_/SUM (sky130_fd_sc_hd__ha_1)
                                         _00518_ (net)
                  0.11    0.00    6.17 ^ _13200_/A (sky130_fd_sc_hd__inv_1)
     2    0.01    0.05    0.07    6.23 v _13200_/Y (sky130_fd_sc_hd__inv_1)
                                         _09315_ (net)
                  0.05    0.00    6.23 v _13205_/A1 (sky130_fd_sc_hd__o211ai_1)
     2    0.01    0.23    0.24    6.47 ^ _13205_/Y (sky130_fd_sc_hd__o211ai_1)
                                         _09320_ (net)
                  0.23    0.00    6.47 ^ _13209_/A (sky130_fd_sc_hd__nand2_1)
     2    0.01    0.09    0.11    6.59 v _13209_/Y (sky130_fd_sc_hd__nand2_1)
                                         _09324_ (net)
                  0.09    0.00    6.59 v _13840_/A2 (sky130_fd_sc_hd__o21a_1)
     1    0.00    0.03    0.18    6.76 v _13840_/X (sky130_fd_sc_hd__o21a_1)
                                         _09945_ (net)
                  0.03    0.00    6.76 v _13841_/A2 (sky130_fd_sc_hd__o21ai_0)
     1    0.01    0.22    0.20    6.97 ^ _13841_/Y (sky130_fd_sc_hd__o21ai_0)
                                         _09946_ (net)
                  0.22    0.00    6.97 ^ _13842_/A2 (sky130_fd_sc_hd__a21oi_1)
     2    0.01    0.08    0.13    7.10 v _13842_/Y (sky130_fd_sc_hd__a21oi_1)
                                         _09947_ (net)
                  0.08    0.00    7.10 v _13843_/A2 (sky130_fd_sc_hd__o21bai_1)
     1    0.01    0.15    0.16    7.26 ^ _13843_/Y (sky130_fd_sc_hd__o21bai_1)
                                         _09948_ (net)
                  0.15    0.00    7.26 ^ _13844_/A2 (sky130_fd_sc_hd__a21oi_1)
     2    0.01    0.08    0.12    7.38 v _13844_/Y (sky130_fd_sc_hd__a21oi_1)
                                         _09949_ (net)
                  0.08    0.00    7.38 v place2620/A (sky130_fd_sc_hd__buf_4)
     1    0.00    0.03    0.14    7.52 v place2620/X (sky130_fd_sc_hd__buf_4)
                                         net2619 (net)
                  0.03    0.00    7.52 v _13845_/A2 (sky130_fd_sc_hd__o21bai_1)
     1    0.00    0.13    0.12    7.65 ^ _13845_/Y (sky130_fd_sc_hd__o21bai_1)
                                         _09950_ (net)
                  0.13    0.00    7.65 ^ _13846_/A2 (sky130_fd_sc_hd__a21oi_1)
     1    0.01    0.06    0.10    7.74 v _13846_/Y (sky130_fd_sc_hd__a21oi_1)
                                         _09951_ (net)
                  0.06    0.00    7.74 v _13847_/B (sky130_fd_sc_hd__xnor2_1)
     1    0.01    0.09    0.16    7.90 v _13847_/Y (sky130_fd_sc_hd__xnor2_1)
                                         _09952_ (net)
                  0.09    0.00    7.91 v _13848_/A1 (sky130_fd_sc_hd__mux2i_4)
     2    0.04    0.34    0.30    8.20 ^ _13848_/Y (sky130_fd_sc_hd__mux2i_4)
                                         _09953_ (net)
                  0.34    0.00    8.21 ^ _13851_/A (sky130_fd_sc_hd__inv_1)
     1    0.01    0.09    0.12    8.32 v _13851_/Y (sky130_fd_sc_hd__inv_1)
                                         _00182_ (net)
                  0.09    0.00    8.32 v _25301_/CIN (sky130_fd_sc_hd__fa_1)
     1    0.01    0.10    0.47    8.80 v _25301_/SUM (sky130_fd_sc_hd__fa_1)
                                         _12756_ (net)
                  0.10    0.00    8.80 v _25273_/A (sky130_fd_sc_hd__fa_1)
     1    0.01    0.10    0.53    9.32 v _25273_/SUM (sky130_fd_sc_hd__fa_1)
                                         _12667_ (net)
                  0.10    0.00    9.32 v _25244_/A (sky130_fd_sc_hd__fa_1)
     1    0.01    0.09    0.50    9.83 v _25244_/SUM (sky130_fd_sc_hd__fa_1)
                                         _12669_ (net)
                  0.09    0.00    9.83 v _25464_/A (sky130_fd_sc_hd__ha_1)
     4    0.02    0.16    0.38   10.20 ^ _25464_/SUM (sky130_fd_sc_hd__ha_1)
                                         _00502_ (net)
                  0.16    0.00   10.20 ^ _16488_/C (sky130_fd_sc_hd__nand3_1)
     1    0.00    0.06    0.09   10.30 v _16488_/Y (sky130_fd_sc_hd__nand3_1)
                                         _12457_ (net)
                  0.06    0.00   10.30 v _16494_/A3 (sky130_fd_sc_hd__o31a_1)
     2    0.01    0.10    0.30   10.59 v _16494_/X (sky130_fd_sc_hd__o31a_1)
                                         _12463_ (net)
                  0.10    0.00   10.59 v _16497_/A1 (sky130_fd_sc_hd__o21ai_0)
     2    0.01    0.21    0.23   10.83 ^ _16497_/Y (sky130_fd_sc_hd__o21ai_0)
                                         _12466_ (net)
                  0.21    0.00   10.83 ^ place2461/A (sky130_fd_sc_hd__buf_4)
     1    0.00    0.03    0.14   10.97 ^ place2461/X (sky130_fd_sc_hd__buf_4)
                                         net2460 (net)
                  0.03    0.00   10.97 ^ _16518_/B (sky130_fd_sc_hd__nor2_1)
     1    0.01    0.05    0.04   11.01 v _16518_/Y (sky130_fd_sc_hd__nor2_1)
                                         _12481_ (net)
                  0.05    0.00   11.01 v _16519_/B (sky130_fd_sc_hd__xnor2_1)
     2    0.02    0.55    0.45   11.46 ^ _16519_/Y (sky130_fd_sc_hd__xnor2_1)
                                         _00314_ (net)
                  0.55    0.00   11.46 ^ _25361_/A (sky130_fd_sc_hd__fa_1)
     1    0.00    0.08    0.50   11.96 v _25361_/SUM (sky130_fd_sc_hd__fa_1)
                                         _12874_ (net)
                  0.08    0.00   11.96 v _25430_/A (sky130_fd_sc_hd__ha_1)
     2    0.01    0.06    0.23   12.19 v _25430_/COUT (sky130_fd_sc_hd__ha_1)
                                         _00440_ (net)
                  0.06    0.00   12.19 v _17752_/A2 (sky130_fd_sc_hd__a21oi_1)
     3    0.01    0.23    0.24   12.43 ^ _17752_/Y (sky130_fd_sc_hd__a21oi_1)
                                         _04100_ (net)
                  0.23    0.00   12.43 ^ _17753_/B (sky130_fd_sc_hd__nand2_1)
     2    0.01    0.07    0.11   12.53 v _17753_/Y (sky130_fd_sc_hd__nand2_1)
                                         _04101_ (net)
                  0.07    0.00   12.53 v _17960_/C (sky130_fd_sc_hd__or4_1)
     2    0.01    0.11    0.51   13.04 v _17960_/X (sky130_fd_sc_hd__or4_1)
                                         _04308_ (net)
                  0.11    0.00   13.04 v _17966_/A1 (sky130_fd_sc_hd__o21ai_0)
     1    0.00    0.19    0.22   13.26 ^ _17966_/Y (sky130_fd_sc_hd__o21ai_0)
                                         _04314_ (net)
                  0.19    0.00   13.27 ^ place2280/A (sky130_fd_sc_hd__buf_4)
     3    0.01    0.05    0.16   13.43 ^ place2280/X (sky130_fd_sc_hd__buf_4)
                                         net2279 (net)
                  0.05    0.00   13.43 ^ _17967_/B (sky130_fd_sc_hd__nor2_1)
     1    0.00    0.03    0.04   13.46 v _17967_/Y (sky130_fd_sc_hd__nor2_1)
                                         _04315_ (net)
                  0.03    0.00   13.46 v _17968_/A2 (sky130_fd_sc_hd__o21ai_0)
     1    0.00    0.14    0.14   13.60 ^ _17968_/Y (sky130_fd_sc_hd__o21ai_0)
                                         _04316_ (net)
                  0.14    0.00   13.60 ^ _17969_/B (sky130_fd_sc_hd__nand2b_1)
     2    0.01    0.08    0.10   13.71 v _17969_/Y (sky130_fd_sc_hd__nand2b_1)
                                         _04317_ (net)
                  0.08    0.00   13.71 v _17970_/B (sky130_fd_sc_hd__xor2_1)
     2    0.01    0.06    0.16   13.87 v _17970_/X (sky130_fd_sc_hd__xor2_1)
                                         _04318_ (net)
                  0.06    0.00   13.87 v _25050_/A (sky130_fd_sc_hd__nor3_1)
     1    0.01    0.25    0.27   14.13 ^ _25050_/Y (sky130_fd_sc_hd__nor3_1)
                                         _08972_ (net)
                  0.25    0.00   14.13 ^ _25051_/B (sky130_fd_sc_hd__xnor2_1)
     1    0.00    0.14    0.16   14.29 ^ _25051_/Y (sky130_fd_sc_hd__xnor2_1)
                                         _08973_ (net)
                  0.14    0.00   14.29 ^ _25053_/A2 (sky130_fd_sc_hd__o21ai_1)
     1    0.00    0.11    0.07   14.36 v _25053_/Y (sky130_fd_sc_hd__o21ai_1)
                                         _03136_ (net)
                  0.11    0.00   14.36 v digest[255]$_DFFE_PN0P_/D (sky130_fd_sc_hd__dfrtp_1)
                                 14.36   data arrival time

                         13.75   13.75   clock core_clock (rise edge)
                          0.00   13.75   clock source latency
     1    0.13    0.00    0.00   13.75 ^ clk (in)
                                         clk (net)
                  0.01    0.00   13.75 ^ clkbuf_0_clk/A (sky130_fd_sc_hd__clkbuf_16)
     4    0.19    0.20    0.23   13.99 ^ clkbuf_0_clk/X (sky130_fd_sc_hd__clkbuf_16)
                                         clknet_0_clk (net)
                  0.20    0.01   13.99 ^ clkbuf_2_1_0_clk/A (sky130_fd_sc_hd__clkbuf_16)
     8    0.18    0.19    0.29   14.29 ^ clkbuf_2_1_0_clk/X (sky130_fd_sc_hd__clkbuf_16)
                                         clknet_2_1_0_clk (net)
                  0.19    0.00   14.29 ^ clkbuf_5_14__f_clk/A (sky130_fd_sc_hd__clkbuf_16)
     9    0.16    0.17    0.28   14.57 ^ clkbuf_5_14__f_clk/X (sky130_fd_sc_hd__clkbuf_16)
                                         clknet_5_14__leaf_clk (net)
                  0.17    0.00   14.57 ^ clkbuf_leaf_80_clk/A (sky130_fd_sc_hd__clkbuf_16)
    10    0.04    0.06    0.18   14.76 ^ clkbuf_leaf_80_clk/X (sky130_fd_sc_hd__clkbuf_16)
                                         clknet_leaf_80_clk (net)
                  0.06    0.00   14.76 ^ digest[255]$_DFFE_PN0P_/CLK (sky130_fd_sc_hd__dfrtp_1)
                          0.00   14.76   clock reconvergence pessimism
                         -0.14   14.62   library setup time
                                 14.62   data required time
-----------------------------------------------------------------------------
                                 14.62   data required time
                                -14.36   data arrival time
-----------------------------------------------------------------------------
                                  0.26   slack (MET)


Startpoint: digest[80]$_DFFE_PN0P_
            (rising edge-triggered flip-flop clocked by core_clock)
Endpoint: digest[80] (output port clocked by vclk)
Path Group: vclk
Path Type: max

Fanout     Cap    Slew   Delay    Time   Description
-----------------------------------------------------------------------------
                          0.00    0.00   clock core_clock (rise edge)
                          0.00    0.00   clock source latency
     1    0.13    0.00    0.00    0.00 ^ clk (in)
                                         clk (net)
                  0.01    0.00    0.00 ^ clkbuf_0_clk/A (sky130_fd_sc_hd__clkbuf_16)
     4    0.19    0.20    0.23    0.24 ^ clkbuf_0_clk/X (sky130_fd_sc_hd__clkbuf_16)
                                         clknet_0_clk (net)
                  0.20    0.01    0.24 ^ clkbuf_2_3_0_clk/A (sky130_fd_sc_hd__clkbuf_16)
     8    0.18    0.19    0.29    0.53 ^ clkbuf_2_3_0_clk/X (sky130_fd_sc_hd__clkbuf_16)
                                         clknet_2_3_0_clk (net)
                  0.19    0.01    0.54 ^ clkbuf_5_26__f_clk/A (sky130_fd_sc_hd__clkbuf_16)
     6    0.12    0.14    0.25    0.79 ^ clkbuf_5_26__f_clk/X (sky130_fd_sc_hd__clkbuf_16)
                                         clknet_5_26__leaf_clk (net)
                  0.14    0.00    0.79 ^ clkbuf_leaf_109_clk/A (sky130_fd_sc_hd__clkbuf_16)
    10    0.04    0.06    0.17    0.96 ^ clkbuf_leaf_109_clk/X (sky130_fd_sc_hd__clkbuf_16)
                                         clknet_leaf_109_clk (net)
                  0.06    0.00    0.96 ^ digest[80]$_DFFE_PN0P_/CLK (sky130_fd_sc_hd__dfrtp_1)
     2    0.01    0.09    0.36    1.32 ^ digest[80]$_DFFE_PN0P_/Q (sky130_fd_sc_hd__dfrtp_1)
                                         net749 (net)
                  0.09    0.00    1.32 ^ output750/A (sky130_fd_sc_hd__clkdlybuf4s50_1)
     1    0.04    0.36    0.71    2.04 ^ output750/X (sky130_fd_sc_hd__clkdlybuf4s50_1)
                                         digest[80] (net)
                  0.36    0.01    2.04 ^ digest[80] (out)
                                  2.04   data arrival time

                  0.00   13.75   13.75   clock vclk (rise edge)
                          0.00   13.75   clock network delay (ideal)
                          0.00   13.75   clock reconvergence pessimism
                         -2.75   11.00   output external delay
                                 11.00   data required time
-----------------------------------------------------------------------------
                                 11.00   data required time
                                 -2.04   data arrival time
-----------------------------------------------------------------------------
                                  8.96   slack (MET)



==========================================================================
cts final report_check_types -max_slew -max_cap -max_fanout -violators
--------------------------------------------------------------------------

==========================================================================
cts final max_slew_check_slack
--------------------------------------------------------------------------
0.3080461621284485

==========================================================================
cts final max_slew_check_limit
--------------------------------------------------------------------------
1.5

==========================================================================
cts final max_slew_check_slack_limit
--------------------------------------------------------------------------
0.2054

==========================================================================
cts final max_fanout_check_slack
--------------------------------------------------------------------------
1.0000000150474662e+30

==========================================================================
cts final max_fanout_check_limit
--------------------------------------------------------------------------
1.0000000150474662e+30

==========================================================================
cts final max_capacitance_check_slack
--------------------------------------------------------------------------
0.009206893853843212

==========================================================================
cts final max_capacitance_check_limit
--------------------------------------------------------------------------
0.021067000925540924

==========================================================================
cts final max_capacitance_check_slack_limit
--------------------------------------------------------------------------
0.4370

==========================================================================
cts final max_slew_violation_count
--------------------------------------------------------------------------
max slew violation count 0

==========================================================================
cts final max_fanout_violation_count
--------------------------------------------------------------------------
max fanout violation count 0

==========================================================================
cts final max_cap_violation_count
--------------------------------------------------------------------------
max cap violation count 0

==========================================================================
cts final setup_violation_count
--------------------------------------------------------------------------
setup violation count 0

==========================================================================
cts final hold_violation_count
--------------------------------------------------------------------------
hold violation count 0

==========================================================================
cts final report_checks -path_delay max reg to reg
--------------------------------------------------------------------------
Startpoint: round[0]$_DFFE_PN0P_
            (rising edge-triggered flip-flop clocked by core_clock)
Endpoint: digest[255]$_DFFE_PN0P_
          (rising edge-triggered flip-flop clocked by core_clock)
Path Group: core_clock
Path Type: max

  Delay    Time   Description
---------------------------------------------------------
   0.00    0.00   clock core_clock (rise edge)
   0.00    0.00   clock source latency
   0.00    0.00 ^ clk (in)
   0.24    0.24 ^ clkbuf_0_clk/X (sky130_fd_sc_hd__clkbuf_16)
   0.30    0.54 ^ clkbuf_2_1_0_clk/X (sky130_fd_sc_hd__clkbuf_16)
   0.28    0.81 ^ clkbuf_5_13__f_clk/X (sky130_fd_sc_hd__clkbuf_16)
   0.19    1.00 ^ clkbuf_leaf_37_clk/X (sky130_fd_sc_hd__clkbuf_16)
   0.00    1.00 ^ round[0]$_DFFE_PN0P_/CLK (sky130_fd_sc_hd__dfrtp_4)
   0.55    1.55 v round[0]$_DFFE_PN0P_/Q (sky130_fd_sc_hd__dfrtp_4)
   0.38    1.93 ^ _25477_/SUM (sky130_fd_sc_hd__ha_4)
   0.23    2.16 ^ place3085/X (sky130_fd_sc_hd__buf_12)
   0.24    2.40 ^ place3081/X (sky130_fd_sc_hd__buf_12)
   0.29    2.69 ^ place3080/X (sky130_fd_sc_hd__buf_12)
   0.57    3.26 v _15891_/X (sky130_fd_sc_hd__mux4_2)
   0.27    3.52 ^ _15892_/Y (sky130_fd_sc_hd__mux2i_1)
   0.38    3.91 ^ _24945_/X (sky130_fd_sc_hd__mux4_2)
   0.10    4.01 v _24947_/Y (sky130_fd_sc_hd__mux2i_1)
   0.19    4.19 v place2750/X (sky130_fd_sc_hd__buf_4)
   0.15    4.34 v _24999_/Y (sky130_fd_sc_hd__xnor2_1)
   0.45    4.79 ^ _25000_/Y (sky130_fd_sc_hd__xnor2_1)
   0.52    5.32 v _25335_/SUM (sky130_fd_sc_hd__fa_1)
   0.51    5.82 v _25360_/SUM (sky130_fd_sc_hd__fa_1)
   0.34    6.17 ^ _25473_/SUM (sky130_fd_sc_hd__ha_1)
   0.07    6.23 v _13200_/Y (sky130_fd_sc_hd__inv_1)
   0.24    6.47 ^ _13205_/Y (sky130_fd_sc_hd__o211ai_1)
   0.12    6.59 v _13209_/Y (sky130_fd_sc_hd__nand2_1)
   0.18    6.76 v _13840_/X (sky130_fd_sc_hd__o21a_1)
   0.20    6.97 ^ _13841_/Y (sky130_fd_sc_hd__o21ai_0)
   0.13    7.10 v _13842_/Y (sky130_fd_sc_hd__a21oi_1)
   0.16    7.26 ^ _13843_/Y (sky130_fd_sc_hd__o21bai_1)
   0.12    7.38 v _13844_/Y (sky130_fd_sc_hd__a21oi_1)
   0.14    7.52 v place2620/X (sky130_fd_sc_hd__buf_4)
   0.12    7.65 ^ _13845_/Y (sky130_fd_sc_hd__o21bai_1)
   0.10    7.74 v _13846_/Y (sky130_fd_sc_hd__a21oi_1)
   0.16    7.90 v _13847_/Y (sky130_fd_sc_hd__xnor2_1)
   0.30    8.20 ^ _13848_/Y (sky130_fd_sc_hd__mux2i_4)
   0.12    8.32 v _13851_/Y (sky130_fd_sc_hd__inv_1)
   0.47    8.80 v _25301_/SUM (sky130_fd_sc_hd__fa_1)
   0.53    9.32 v _25273_/SUM (sky130_fd_sc_hd__fa_1)
   0.50    9.83 v _25244_/SUM (sky130_fd_sc_hd__fa_1)
   0.38   10.20 ^ _25464_/SUM (sky130_fd_sc_hd__ha_1)
   0.09   10.30 v _16488_/Y (sky130_fd_sc_hd__nand3_1)
   0.30   10.59 v _16494_/X (sky130_fd_sc_hd__o31a_1)
   0.24   10.83 ^ _16497_/Y (sky130_fd_sc_hd__o21ai_0)
   0.14   10.97 ^ place2461/X (sky130_fd_sc_hd__buf_4)
   0.04   11.01 v _16518_/Y (sky130_fd_sc_hd__nor2_1)
   0.45   11.46 ^ _16519_/Y (sky130_fd_sc_hd__xnor2_1)
   0.50   11.96 v _25361_/SUM (sky130_fd_sc_hd__fa_1)
   0.23   12.19 v _25430_/COUT (sky130_fd_sc_hd__ha_1)
   0.24   12.43 ^ _17752_/Y (sky130_fd_sc_hd__a21oi_1)
   0.11   12.53 v _17753_/Y (sky130_fd_sc_hd__nand2_1)
   0.51   13.04 v _17960_/X (sky130_fd_sc_hd__or4_1)
   0.22   13.26 ^ _17966_/Y (sky130_fd_sc_hd__o21ai_0)
   0.16   13.43 ^ place2280/X (sky130_fd_sc_hd__buf_4)
   0.04   13.46 v _17967_/Y (sky130_fd_sc_hd__nor2_1)
   0.14   13.60 ^ _17968_/Y (sky130_fd_sc_hd__o21ai_0)
   0.10   13.71 v _17969_/Y (sky130_fd_sc_hd__nand2b_1)
   0.16   13.87 v _17970_/X (sky130_fd_sc_hd__xor2_1)
   0.27   14.13 ^ _25050_/Y (sky130_fd_sc_hd__nor3_1)
   0.16   14.29 ^ _25051_/Y (sky130_fd_sc_hd__xnor2_1)
   0.07   14.36 v _25053_/Y (sky130_fd_sc_hd__o21ai_1)
   0.00   14.36 v digest[255]$_DFFE_PN0P_/D (sky130_fd_sc_hd__dfrtp_1)
          14.36   data arrival time

  13.75   13.75   clock core_clock (rise edge)
   0.00   13.75   clock source latency
   0.00   13.75 ^ clk (in)
   0.24   13.99 ^ clkbuf_0_clk/X (sky130_fd_sc_hd__clkbuf_16)
   0.30   14.29 ^ clkbuf_2_1_0_clk/X (sky130_fd_sc_hd__clkbuf_16)
   0.28   14.57 ^ clkbuf_5_14__f_clk/X (sky130_fd_sc_hd__clkbuf_16)
   0.19   14.76 ^ clkbuf_leaf_80_clk/X (sky130_fd_sc_hd__clkbuf_16)
   0.00   14.76 ^ digest[255]$_DFFE_PN0P_/CLK (sky130_fd_sc_hd__dfrtp_1)
   0.00   14.76   clock reconvergence pessimism
  -0.14   14.62   library setup time
          14.62   data required time
---------------------------------------------------------
          14.62   data required time
         -14.36   data arrival time
---------------------------------------------------------
           0.26   slack (MET)



==========================================================================
cts final report_checks -path_delay min reg to reg
--------------------------------------------------------------------------
Startpoint: digest[160]$_DFFE_PN0P_
            (rising edge-triggered flip-flop clocked by core_clock)
Endpoint: digest[160]$_DFFE_PN0P_
          (rising edge-triggered flip-flop clocked by core_clock)
Path Group: core_clock
Path Type: min

  Delay    Time   Description
---------------------------------------------------------
   0.00    0.00   clock core_clock (rise edge)
   0.00    0.00   clock source latency
   0.00    0.00 ^ clk (in)
   0.24    0.24 ^ clkbuf_0_clk/X (sky130_fd_sc_hd__clkbuf_16)
   0.30    0.54 ^ clkbuf_2_1_0_clk/X (sky130_fd_sc_hd__clkbuf_16)
   0.28    0.81 ^ clkbuf_5_11__f_clk/X (sky130_fd_sc_hd__clkbuf_16)
   0.18    1.00 ^ clkbuf_leaf_74_clk/X (sky130_fd_sc_hd__clkbuf_16)
   0.00    1.00 ^ digest[160]$_DFFE_PN0P_/CLK (sky130_fd_sc_hd__dfrtp_1)
   0.34    1.34 ^ digest[160]$_DFFE_PN0P_/Q (sky130_fd_sc_hd__dfrtp_1)
   0.05    1.39 v _18412_/Y (sky130_fd_sc_hd__nand2_1)
   0.06    1.44 ^ _18413_/Y (sky130_fd_sc_hd__nand2_1)
   0.00    1.44 ^ digest[160]$_DFFE_PN0P_/D (sky130_fd_sc_hd__dfrtp_1)
           1.44   data arrival time

   0.00    0.00   clock core_clock (rise edge)
   0.00    0.00   clock source latency
   0.00    0.00 ^ clk (in)
   0.24    0.24 ^ clkbuf_0_clk/X (sky130_fd_sc_hd__clkbuf_16)
   0.30    0.54 ^ clkbuf_2_1_0_clk/X (sky130_fd_sc_hd__clkbuf_16)
   0.28    0.81 ^ clkbuf_5_11__f_clk/X (sky130_fd_sc_hd__clkbuf_16)
   0.18    1.00 ^ clkbuf_leaf_74_clk/X (sky130_fd_sc_hd__clkbuf_16)
   0.00    1.00 ^ digest[160]$_DFFE_PN0P_/CLK (sky130_fd_sc_hd__dfrtp_1)
   0.00    1.00   clock reconvergence pessimism
  -0.03    0.97   library hold time
           0.97   data required time
---------------------------------------------------------
           0.97   data required time
          -1.44   data arrival time
---------------------------------------------------------
           0.48   slack (MET)



==========================================================================
cts final critical path target clock latency max path
--------------------------------------------------------------------------
1.0068

==========================================================================
cts final critical path target clock latency min path
--------------------------------------------------------------------------
0.9806

==========================================================================
cts final critical path source clock latency min path
--------------------------------------------------------------------------
0.0000

==========================================================================
cts final critical path delay
--------------------------------------------------------------------------
14.3628

==========================================================================
cts final critical path slack
--------------------------------------------------------------------------
0.2552

==========================================================================
cts final slack div critical path delay
--------------------------------------------------------------------------
1.776812

==========================================================================
cts final report_power
--------------------------------------------------------------------------
Group                  Internal  Switching    Leakage      Total
                          Power      Power      Power      Power (Watts)
----------------------------------------------------------------
Sequential             1.13e-02   3.51e-03   3.40e-08   1.48e-02   3.6%
Combinational          1.74e-01   2.10e-01   4.15e-08   3.84e-01  94.3%
Clock                  4.89e-03   3.66e-03   5.03e-09   8.55e-03   2.1%
Macro                  0.00e+00   0.00e+00   0.00e+00   0.00e+00   0.0%
Pad                    0.00e+00   0.00e+00   0.00e+00   0.00e+00   0.0%
----------------------------------------------------------------
Total                  1.91e-01   2.17e-01   8.06e-08   4.08e-01 100.0%
                          46.8%      53.2%       0.0%
