make: Entering directory '/root/OpenROAD-flow-scripts/flow'
./logs/sky130hd/chia_hamming_encoder_corrupted/slot1
Log                       Ext     Elapsed/s Peak Memory/MB sha1sum result [0:20)
1_1_yosys_canonicalize    .rtlil          0             61 c037ea31a2b15bfd2237
1_2_yosys                 .v              0             60 e663e7d6a3983090b202
1_2_yosys                 .sdc                             ea022b22f2c155a616e1
1_synth                   .odb            0            121 27998740e2f063b427f7
1_synth                   .sdc                             49c4b86acfd6be99aa94
2_1_floorplan             .odb            0            141 8b868b6357db6d29ec7f
2_1_floorplan             .sdc                             49c4b86acfd6be99aa94
2_2_floorplan_macro       .odb            0            118 8b868b6357db6d29ec7f
2_3_floorplan_tapcell     .odb            0            119 5e49322e497361da38ab
2_4_floorplan_pdn         .odb            0            120 d96ea18919e51afbc887
3_1_place_gp_skip_io      .odb            0            120 59a3d7b277fc9213314b
3_2_place_iop             .odb            0            120 3bb12a49ad2fd5abe841
3_3_place_gp              .odb            0            235 65c2360b37893497c8cf
3_4_place_resized         .odb            0            139 65c2360b37893497c8cf
3_5_place_dp              .odb            0            124 49b2167598e5048f1018
4_1_cts                   .odb            1            152 235adfe8ffaf0633762c
5_1_grt                   .odb            2            251 6f22d8264aa2829ff81e
5_1_grt                   .sdc                             49c4b86acfd6be99aa94
5_2_route                 .odb            4            586 82d6759db4eda38d846f
5_3_fillcell              .odb            0            123 1c92b51522375e9630f2
6_1_fill                  .odb            0            119 1c92b51522375e9630f2
6_1_fill                  .sdc                             49c4b86acfd6be99aa94
6_1_merge                                 1            429                  N/A
6_report                                  0            178                  N/A
Total                                     8            586                     
mkdir -p ./reports/sky130hd/chia_hamming_encoder_corrupted/slot1
echo /root/chia-orfs/rtl_to_gds_designs/sky130hd/chia_hamming_encoder_corrupted > ./reports/sky130hd/chia_hamming_encoder_corrupted/slot1/design-dir.txt
/opt/miniconda/envs/chia_env/bin/python3 /root/OpenROAD-flow-scripts/flow/util/genMetrics.py -d chia_hamming_encoder_corrupted \
    -p sky130hd \
    -v slot1 \
    --logs ./logs/sky130hd/chia_hamming_encoder_corrupted/slot1 \
    --reports ./reports/sky130hd/chia_hamming_encoder_corrupted/slot1 \
    --results ./results/sky130hd/chia_hamming_encoder_corrupted/slot1 \
    -o ./reports/sky130hd/chia_hamming_encoder_corrupted/slot1/metadata.json 2>&1 \
    | tee /root/OpenROAD-flow-scripts/flow/reports/sky130hd/chia_hamming_encoder_corrupted/slot1/metadata-generate.log
[WARN] not a git repo: /root/OpenROAD-flow-scripts/flow/util/../
[WARN] not a git repo: /root/OpenROAD-flow-scripts/flow/platforms/sky130hd
[WARN] Overwriting Tag synth__runtime__total
[WARN] Overwriting Tag synth__cpu__total
[WARN] Overwriting Tag synth__mem__peak
[WARN] Overwriting Tag finish__runtime__total
[WARN] Overwriting Tag finish__cpu__total
[WARN] Overwriting Tag finish__mem__peak
/opt/miniconda/envs/chia_env/bin/python3 /root/OpenROAD-flow-scripts/flow/util/checkMetadata.py \
    -m ./reports/sky130hd/chia_hamming_encoder_corrupted/slot1/metadata.json \
    -r /root/chia-orfs/rtl_to_gds_designs/sky130hd/chia_hamming_encoder_corrupted/rules-slot1.json 2>&1 \
    | tee /root/OpenROAD-flow-scripts/flow/reports/sky130hd/chia_hamming_encoder_corrupted/slot1/metadata-check.log
[WARN] File /root/chia-orfs/rtl_to_gds_designs/sky130hd/chia_hamming_encoder_corrupted/rules-slot1.json not found
No rules
make: Leaving directory '/root/OpenROAD-flow-scripts/flow'

STDERR:
bash: /opt/miniconda/lib/libtinfo.so.6: no version information available (required by bash)
bash: /opt/miniconda/lib/libtinfo.so.6: no version information available (required by bash)
bash: /opt/miniconda/lib/libtinfo.so.6: no version information available (required by bash)
bash: /opt/miniconda/lib/libtinfo.so.6: no version information available (required by bash)
bash: /opt/miniconda/lib/libtinfo.so.6: no version information available (required by bash)
bash: /opt/miniconda/lib/libtinfo.so.6: no version information available (required by bash)
bash: /opt/miniconda/lib/libtinfo.so.6: no version information available (required by bash)
bash: /opt/miniconda/lib/libtinfo.so.6: no version information available (required by bash)
bash: /opt/miniconda/lib/libtinfo.so.6: no version information available (required by bash)
bash: /opt/miniconda/lib/libtinfo.so.6: no version information available (required by bash)
bash: /opt/miniconda/lib/libtinfo.so.6: no version information available (required by bash)
bash: /opt/miniconda/lib/libtinfo.so.6: no version information available (required by bash)
bash: /opt/miniconda/lib/libtinfo.so.6: no version information available (required by bash)
bash: /opt/miniconda/lib/libtinfo.so.6: no version information available (required by bash)
bash: /opt/miniconda/lib/libtinfo.so.6: no version information available (required by bash)
bash: /opt/miniconda/lib/libtinfo.so.6: no version information available (required by bash)
bash: /opt/miniconda/lib/libtinfo.so.6: no version information available (required by bash)
bash: /opt/miniconda/lib/libtinfo.so.6: no version information available (required by bash)
bash: /opt/miniconda/lib/libtinfo.so.6: no version information available (required by bash)
bash: /opt/miniconda/lib/libtinfo.so.6: no version information available (required by bash)
bash: /opt/miniconda/lib/libtinfo.so.6: no version information available (required by bash)
bash: /opt/miniconda/lib/libtinfo.so.6: no version information available (required by bash)
bash: /opt/miniconda/lib/libtinfo.so.6: no version information available (required by bash)
bash: /opt/miniconda/lib/libtinfo.so.6: no version information available (required by bash)
bash: /opt/miniconda/lib/libtinfo.so.6: no version information available (required by bash)
bash: /opt/miniconda/lib/libtinfo.so.6: no version information available (required by bash)
bash: /opt/miniconda/lib/libtinfo.so.6: no version information available (required by bash)
bash: /opt/miniconda/lib/libtinfo.so.6: no version information available (required by bash)
bash: /opt/miniconda/lib/libtinfo.so.6: no version information available (required by bash)
bash: /opt/miniconda/lib/libtinfo.so.6: no version information available (required by bash)
bash: /opt/miniconda/lib/libtinfo.so.6: no version information available (required by bash)
bash: /opt/miniconda/lib/libtinfo.so.6: no version information available (required by bash)
bash: /opt/miniconda/lib/libtinfo.so.6: no version information available (required by bash)
bash: /opt/miniconda/lib/libtinfo.so.6: no version information available (required by bash)
bash: /opt/miniconda/lib/libtinfo.so.6: no version information available (required by bash)
bash: /opt/miniconda/lib/libtinfo.so.6: no version information available (required by bash)
bash: /opt/miniconda/lib/libtinfo.so.6: no version information available (required by bash)
bash: /opt/miniconda/lib/libtinfo.so.6: no version information available (required by bash)
bash: /opt/miniconda/lib/libtinfo.so.6: no version information available (required by bash)
make: *** [/root/OpenROAD-flow-scripts/flow/util/utils.mk:36: metadata-check] Error 1
