make: Entering directory '/root/OpenROAD-flow-scripts/flow'
/root/OpenROAD-flow-scripts/flow/scripts/flow.sh 3_1_place_gp_skip_io global_place_skip_io
Running global_place_skip_io.tcl, stage 3_1_place_gp_skip_io
read_liberty /root/OpenROAD-flow-scripts/flow/platforms/sky130hd/lib/sky130_fd_sc_hd__tt_025C_1v80.lib
read_db ./results/sky130hd/chia_hamming_encoder_corrupted/slot1/2_floorplan.odb
read_sdc ./results/sky130hd/chia_hamming_encoder_corrupted/slot1/2_floorplan.sdc
source /root/OpenROAD-flow-scripts/flow/platforms/sky130hd/setRC.tcl
global_placement -skip_io -density 0.7 -pad_left 0 -pad_right 0
[INFO GPL-0001] ---- Initialize GPL Main Data Structures
[INFO GPL-0002] DBU: 1000
[INFO GPL-0003] SiteSize: (  0.460  2.720 ) um
[INFO GPL-0004] CoreBBox: (  1.380  2.720 ) ( 99.820 97.920 ) um
[INFO GPL-0016] Core area:                    9371.488 um^2
[INFO GPL-0036] Movable instances area:       1953.123 um^2
[INFO GPL-0037] Total instances area:         2114.528 um^2
[INFO GPL-0035] Pin density area adjust:       150.392 um^2
[INFO GPL-0032] ---- Initialize Region: Top-level
[INFO GPL-0006] Number of instances:               316
[INFO GPL-0007] Movable instances:                 187
[INFO GPL-0008] Fixed instances:                   129
[INFO GPL-0009] Dummy instances:                     0
[INFO GPL-0010] Number of nets:                    251
[INFO GPL-0011] Number of pins:                    517
[INFO GPL-0012] Die BBox:       (  0.000  0.000 ) ( 100.820 100.820 ) um
[INFO GPL-0013] Placement BBox: (  1.380  2.720 ) ( 99.820 97.920 ) um
[INFO GPL-0014] Region name: top-level.
[INFO GPL-0015] Region area:                  9371.488 um^2
[INFO GPL-0017] Fixed instances area:          161.405 um^2
[INFO GPL-0018] Movable instances area:       2103.515 um^2
[INFO GPL-0019] Utilization:                    22.839 %
[INFO GPL-0020] Standard cells area:          2103.515 um^2
[INFO GPL-0021] Large instances area:            0.000 um^2
[INFO GPL-0005] ---- Execute Conjugate Gradient Initial Placement.
[INFO GPL-0051] Source of initial instance position counters:
	Odb location = 0	Core center = 187	Region center = 0
[INFO GPL-0033] ---- Initialize Nesterov Region: Top-level
[INFO GPL-0023] Placement target density:       0.7000
[INFO GPL-0024] Movable insts average area:     11.249 um^2
[INFO GPL-0025] Ideal bin area:                 16.070 um^2
[INFO GPL-0026] Ideal bin count:                   583
[INFO GPL-0027] Total bin area:               9371.488 um^2
[INFO GPL-0028] Bin count (X, Y):          16 ,     16
[INFO GPL-0029] Bin size (W * H):       6.152 *  5.950 um
[INFO GPL-0030] Number of bins:                    256
[INFO GPL-0084] ---- Execute Nesterov Global Placement.
[INFO GPL-0031] HPWL: Half-Perimeter Wirelength
Iteration | Overflow |     HPWL (um) |  HPWL(%) |   Penalty | Group
---------------------------------------------------------------
        0 |   0.9515 |  3.719630e+02 |   +0.00% |  1.20e-14 |      
       10 |   0.9038 |  2.336760e+02 |  -37.18% |  1.95e-14 |      
       20 |   0.9044 |  2.303360e+02 |   -1.43% |  3.18e-14 |      
       30 |   0.9049 |  2.300310e+02 |   -0.13% |  5.18e-14 |      
       40 |   0.9045 |  2.298560e+02 |   -0.08% |  8.44e-14 |      
       50 |   0.9047 |  2.298780e+02 |   +0.01% |  1.37e-13 |      
       60 |   0.9046 |  2.299590e+02 |   +0.04% |  2.24e-13 |      
       70 |   0.9046 |  2.301410e+02 |   +0.08% |  3.65e-13 |      
       80 |   0.9045 |  2.304690e+02 |   +0.14% |  5.94e-13 |      
       90 |   0.9043 |  2.310670e+02 |   +0.26% |  9.68e-13 |      
      100 |   0.9041 |  2.322530e+02 |   +0.51% |  1.58e-12 |      
      110 |   0.9037 |  2.349220e+02 |   +1.15% |  2.57e-12 |      
      120 |   0.9035 |  2.399020e+02 |   +2.12% |  4.18e-12 |      
      130 |   0.9034 |  2.464920e+02 |   +2.75% |  6.81e-12 |      
      140 |   0.9031 |  2.539330e+02 |   +3.02% |  1.11e-11 |      
      150 |   0.9027 |  2.587230e+02 |   +1.89% |  1.81e-11 |      
      160 |   0.8992 |  2.567360e+02 |   -0.77% |  2.94e-11 |      
      170 |   0.8732 |  2.515000e+02 |   -2.04% |  4.80e-11 |      
      180 |   0.8642 |  2.724160e+02 |   +8.32% |  7.81e-11 |      
      190 |   0.8482 |  3.325670e+02 |  +22.08% |  1.27e-10 |      
      200 |   0.8221 |  4.996860e+02 |  +50.25% |  2.07e-10 |      
      210 |   0.7631 |  6.829020e+02 |  +36.67% |  3.38e-10 |      
      220 |   0.7484 |  7.671280e+02 |  +12.33% |  5.50e-10 |      
      230 |   0.7107 |  8.708990e+02 |  +13.53% |  8.96e-10 |      
      240 |   0.6573 |  1.002274e+03 |  +15.08% |  1.46e-09 |      
      250 |   0.6053 |  1.098751e+03 |   +9.63% |  2.38e-09 |      
      260 |   0.5577 |  1.194375e+03 |   +8.70% |  3.87e-09 |      
      270 |   0.5082 |  1.296038e+03 |   +8.51% |  6.31e-09 |      
      280 |   0.4606 |  1.411410e+03 |   +8.90% |  1.03e-08 |      
      290 |   0.4105 |  1.500289e+03 |   +6.30% |  1.67e-08 |      
      300 |   0.3525 |  1.571046e+03 |   +4.72% |  2.73e-08 |      
      310 |   0.3052 |  1.622742e+03 |   +3.29% |  4.10e-08 |      
      320 |   0.2620 |  1.662932e+03 |   +2.48% |  6.03e-08 |      
      330 |   0.2199 |  1.699308e+03 |   +2.19% |  8.89e-08 |      
      340 |   0.1762 |  1.734811e+03 |   +2.09% |  1.31e-07 |      
      350 |   0.1457 |  1.754497e+03 |   +1.13% |  1.93e-07 |      
      360 |   0.1179 |  1.772796e+03 |   +1.04% |  2.84e-07 |      
      370 |   0.0999 |  1.783964e+03 |   +0.63% |  4.19e-07 |      
      370 |   0.0999 |  1.783964e+03 |          |  4.35e-07 |      
---------------------------------------------------------------
[INFO GPL-1001] Global placement finished at iteration 370
[INFO GPL-1002] Placed Cell Area             2103.5147
[INFO GPL-1003] Available Free Area          9210.0832
[INFO GPL-1004] Minimum Feasible Density        0.2300 (cell_area / free_area)
[INFO GPL-1006]   Suggested Target Densities:
[INFO GPL-1007]     - For 90% usage of free space: 0.2538
[INFO GPL-1008]     - For 80% usage of free space: 0.2855
[INFO GPL-1009]     - For 50% usage of free space: 0.4568
[INFO GPL-1014] Final placement area: 2103.51 (+0.00%)
Design area 2115 um^2 23% utilization.
write_db ./results/sky130hd/chia_hamming_encoder_corrupted/slot1/3_1_place_gp_skip_io.odb
Log                       Ext     Elapsed/s Peak Memory/MB sha1sum result [0:20)
3_1_place_gp_skip_io      .odb            0            120 59a3d7b277fc9213314b
/root/OpenROAD-flow-scripts/flow/scripts/flow.sh 3_2_place_iop io_placement
Running io_placement.tcl, stage 3_2_place_iop
read_liberty /root/OpenROAD-flow-scripts/flow/platforms/sky130hd/lib/sky130_fd_sc_hd__tt_025C_1v80.lib
read_db ./results/sky130hd/chia_hamming_encoder_corrupted/slot1/3_1_place_gp_skip_io.odb
read_sdc ./results/sky130hd/chia_hamming_encoder_corrupted/slot1/2_floorplan.sdc
source /root/OpenROAD-flow-scripts/flow/platforms/sky130hd/setRC.tcl
place_pins -hor_layers met3 -ver_layers met2
Found 0 macro blocks.
Using 2 tracks default min distance between IO pins.
[INFO PPL-0001] Number of available slots 356
[INFO PPL-0002] Number of I/O             136
[INFO PPL-0003] Number of I/O w/sink      136
[INFO PPL-0004] Number of I/O w/o sink    0
[INFO PPL-0005] Slots per section         200
[INFO PPL-0008] Successfully assigned pins to sections.
[INFO PPL-0012] I/O nets HPWL: 4679.43 um.
Design area 2115 um^2 23% utilization.
write_db ./results/sky130hd/chia_hamming_encoder_corrupted/slot1/3_2_place_iop.odb
Log                       Ext     Elapsed/s Peak Memory/MB sha1sum result [0:20)
3_2_place_iop             .odb            0            120 3bb12a49ad2fd5abe841
/root/OpenROAD-flow-scripts/flow/scripts/flow.sh 3_3_place_gp global_place
Running global_place.tcl, stage 3_3_place_gp
read_liberty /root/OpenROAD-flow-scripts/flow/platforms/sky130hd/lib/sky130_fd_sc_hd__tt_025C_1v80.lib
read_db ./results/sky130hd/chia_hamming_encoder_corrupted/slot1/3_2_place_iop.odb
read_sdc ./results/sky130hd/chia_hamming_encoder_corrupted/slot1/2_floorplan.sdc
source /root/OpenROAD-flow-scripts/flow/platforms/sky130hd/setRC.tcl
[INFO RSZ-0026] Removed 72 buffers.
Perform port buffering...
[INFO RSZ-0027] Inserted 64 sky130_fd_sc_hd__clkdlybuf4s50_1 input buffers.
[INFO RSZ-0028] Inserted 72 sky130_fd_sc_hd__clkdlybuf4s50_1 output buffers.
global_placement -density 0.7 -pad_left 0 -pad_right 0 -routability_driven -timing_driven -force_center_initial_place -min_phi_coef 0.95 -max_phi_coef 1.05
[INFO GPL-0001] ---- Initialize GPL Main Data Structures
[INFO GPL-0002] DBU: 1000
[INFO GPL-0003] SiteSize: (  0.460  2.720 ) um
[INFO GPL-0004] CoreBBox: (  1.380  2.720 ) ( 99.820 97.920 ) um
[INFO GPL-0016] Core area:                    9371.488 um^2
[INFO GPL-0036] Movable instances area:       2773.910 um^2
[INFO GPL-0037] Total instances area:         2935.315 um^2
[INFO GPL-0035] Pin density area adjust:       258.068 um^2
[INFO GPL-0032] ---- Initialize Region: Top-level
[INFO GPL-0006] Number of instances:               380
[INFO GPL-0007] Movable instances:                 251
[INFO GPL-0008] Fixed instances:                   129
[INFO GPL-0009] Dummy instances:                     0
[INFO GPL-0010] Number of nets:                    315
[INFO GPL-0011] Number of pins:                    781
[INFO GPL-0012] Die BBox:       (  0.000  0.000 ) ( 100.820 100.820 ) um
[INFO GPL-0013] Placement BBox: (  1.380  2.720 ) ( 99.820 97.920 ) um
[INFO GPL-0014] Region name: top-level.
[INFO GPL-0015] Region area:                  9371.488 um^2
[INFO GPL-0017] Fixed instances area:          161.405 um^2
[INFO GPL-0018] Movable instances area:       3031.979 um^2
[INFO GPL-0019] Utilization:                    32.920 %
[INFO GPL-0020] Standard cells area:          3031.979 um^2
[INFO GPL-0021] Large instances area:            0.000 um^2
[INFO GPL-0005] ---- Execute Conjugate Gradient Initial Placement.
[INFO GPL-0051] Source of initial instance position counters:
	Odb location = 0	Core center = 251	Region center = 0
[InitialPlace]  Iter: 1 conjugate gradient residual: 0.00000011 HPWL: 6632821
[InitialPlace]  Iter: 2 conjugate gradient residual: 0.00000007 HPWL: 9165254
[InitialPlace]  Iter: 3 conjugate gradient residual: 0.00000010 HPWL: 8329361
[InitialPlace]  Iter: 4 conjugate gradient residual: 0.00000012 HPWL: 7509592
[InitialPlace]  Iter: 5 conjugate gradient residual: 0.00000010 HPWL: 6917703
[INFO GPL-0033] ---- Initialize Nesterov Region: Top-level
[INFO GPL-0023] Placement target density:       0.7000
[INFO GPL-0024] Movable insts average area:     12.080 um^2
[INFO GPL-0025] Ideal bin area:                 17.257 um^2
[INFO GPL-0026] Ideal bin count:                   543
[INFO GPL-0027] Total bin area:               9371.488 um^2
[INFO GPL-0028] Bin count (X, Y):          16 ,     16
[INFO GPL-0029] Bin size (W * H):       6.152 *  5.950 um
[INFO GPL-0030] Number of bins:                    256
[INFO GPL-0084] ---- Execute Nesterov Global Placement.
[INFO GPL-0031] HPWL: Half-Perimeter Wirelength
Iteration | Overflow |     HPWL (um) |  HPWL(%) |   Penalty | Group
---------------------------------------------------------------
        0 |   0.2157 |  4.530563e+03 |   +0.00% |  1.95e-12 |      
[INFO GPL-0100] Timing-driven iteration 1/2, virtual: false.
[INFO GPL-0101]    Iter: 1, overflow: 0.216, keep resizer changes at: 1, HPWL: 4530563
Iteration |   Area    | Resized | Buffers | Nets repaired | Remaining
---------------------------------------------------------------------
        0 |     +0.0% |       0 |       0 |             0 |       315
    final |     +0.0% |       0 |       0 |             0 |         0
---------------------------------------------------------------------
   Iter   |    Area   | Removed | Inserted |   Pins
          |           | Buffers | Buffers  | Remaining
-------------------------------------------------------
        0 |     +0.0% |       0 |        0 |       251
       25 |     +0.0% |       0 |        0 |       226
       50 |     +0.0% |       0 |        0 |       201
       75 |     +0.0% |       0 |        0 |       176
      100 |     +0.0% |       0 |        0 |       151
      125 |     +0.0% |       0 |        0 |       126
      150 |     +0.0% |       0 |        0 |       101
      175 |     +0.0% |       0 |        0 |        76
      200 |     +0.0% |       0 |        0 |        51
      225 |     +0.0% |       0 |        0 |        26
      250 |     +0.0% |       0 |        0 |         1
    final |     +0.0% |       0 |        0 |         0
-------------------------------------------------------
[INFO GPL-0106] Timing-driven: worst slack 2.8513187e-09
[INFO GPL-0107] Timing-driven: repair_design delta area: 0.000 um^2 (+0.00%)
[INFO GPL-0108] Timing-driven: repair_design, gpl delta gcells: 0 (+0.00%)
[INFO GPL-0109] Timing-driven: repair_design, gcells created: 0, deleted: 0
[INFO GPL-0110] Timing-driven: new target density: 0.7
[INFO GPL-0038] Routability snapshot saved at iter = 1
        0 |   0.2157 |  4.530563e+03 |          |           |      
[INFO GPL-0040] Routability iteration: 1
[INFO GPL-0041] Total routing overflow: 0.0000
[INFO GPL-0042] Number of overflowed tiles: 0 (0.00%)
[INFO GPL-0043] Average top 0.5% routing congestion: 0.8950
[INFO GPL-0044] Average top 1.0% routing congestion: 0.8511
[INFO GPL-0045] Average top 2.0% routing congestion: 0.7811
[INFO GPL-0046] Average top 5.0% routing congestion: 0.6980
[INFO GPL-0047] Routability iteration weighted routing congestion: 0.8730
[INFO GPL-0050] Weighted routing congestion is lower than target routing congestion(1.0100), end routability optimization.
[INFO GPL-0090] Routability finished. Target routing congestion achieved succesfully.
Iteration | Overflow |     HPWL (um) |  HPWL(%) |   Penalty | Group
---------------------------------------------------------------
       10 |   0.2422 |  4.477363e+03 |   -1.17% |  2.88e-12 |      
       20 |   0.2371 |  4.480231e+03 |   +0.06% |  4.24e-12 |      
       30 |   0.2406 |  4.502343e+03 |   +0.49% |  6.25e-12 |      
       40 |   0.2393 |  4.528841e+03 |   +0.59% |  9.21e-12 |      
       50 |   0.2492 |  4.561329e+03 |   +0.72% |  1.36e-11 |      
       60 |   0.2422 |  4.571103e+03 |   +0.21% |  2.00e-11 |      
       70 |   0.2388 |  4.560063e+03 |   -0.24% |  2.94e-11 |      
       80 |   0.2400 |  4.551130e+03 |   -0.20% |  4.34e-11 |      
       90 |   0.2413 |  4.548332e+03 |   -0.06% |  6.39e-11 |      
      100 |   0.2411 |  4.550869e+03 |   +0.06% |  9.41e-11 |      
      110 |   0.2400 |  4.553568e+03 |   +0.06% |  1.39e-10 |      
      120 |   0.2397 |  4.555046e+03 |   +0.03% |  2.04e-10 |      
      130 |   0.2404 |  4.555283e+03 |   +0.01% |  3.01e-10 |      
      140 |   0.2407 |  4.554188e+03 |   -0.02% |  4.43e-10 |      
      150 |   0.2397 |  4.552956e+03 |   -0.03% |  6.53e-10 |      
      160 |   0.2385 |  4.552616e+03 |   -0.01% |  9.62e-10 |      
      170 |   0.2376 |  4.553221e+03 |   +0.01% |  1.42e-09 |      
      180 |   0.2369 |  4.553458e+03 |   +0.01% |  2.09e-09 |      
      190 |   0.2353 |  4.552127e+03 |   -0.03% |  3.07e-09 |      
      200 |   0.2322 |  4.549626e+03 |   -0.05% |  4.53e-09 |      
      210 |   0.2283 |  4.548647e+03 |   -0.02% |  6.67e-09 |      
      220 |   0.2224 |  4.546149e+03 |   -0.05% |  9.83e-09 |      
      230 |   0.2134 |  4.539887e+03 |   -0.14% |  1.45e-08 |      
      240 |   0.2020 |  4.534576e+03 |   -0.12% |  2.13e-08 |      
[INFO GPL-0100] Timing-driven iteration 2/2, virtual: false.
[INFO GPL-0101]    Iter: 247, overflow: 0.195, keep resizer changes at: 1, HPWL: 4530873
Iteration |   Area    | Resized | Buffers | Nets repaired | Remaining
---------------------------------------------------------------------
        0 |     +0.0% |       0 |       0 |             0 |       315
    final |     +0.0% |       0 |       0 |             0 |         0
---------------------------------------------------------------------
   Iter   |    Area   | Removed | Inserted |   Pins
          |           | Buffers | Buffers  | Remaining
-------------------------------------------------------
        0 |     +0.0% |       0 |        0 |       251
       25 |     +0.0% |       0 |        0 |       226
       50 |     +0.0% |       0 |        0 |       201
       75 |     +0.0% |       0 |        0 |       176
      100 |     +0.0% |       0 |        0 |       151
      125 |     +0.0% |       0 |        0 |       126
      150 |     +0.0% |       0 |        0 |       101
      175 |     +0.0% |       0 |        0 |        76
      200 |     +0.0% |       0 |        0 |        51
      225 |     +0.0% |       0 |        0 |        26
      250 |     +0.0% |       0 |        0 |         1
    final |     +0.0% |       0 |        0 |         0
-------------------------------------------------------
[INFO GPL-0106] Timing-driven: worst slack 2.9725211e-09
[INFO GPL-0107] Timing-driven: repair_design delta area: 0.000 um^2 (+0.00%)
[INFO GPL-0108] Timing-driven: repair_design, gpl delta gcells: 0 (+0.00%)
[INFO GPL-0109] Timing-driven: repair_design, gcells created: 0, deleted: 0
[INFO GPL-0110] Timing-driven: new target density: 0.7
Iteration | Overflow |     HPWL (um) |  HPWL(%) |   Penalty | Group
---------------------------------------------------------------
      250 |   0.1970 |  4.581864e+03 |   +1.04% |  3.14e-08 |      
      260 |   0.1898 |  4.733144e+03 |   +3.30% |  4.63e-08 |      
      270 |   0.1627 |  4.649056e+03 |   -1.78% |  6.82e-08 |      
      280 |   0.1589 |  4.649740e+03 |   +0.01% |  1.00e-07 |      
      290 |   0.1416 |  4.688538e+03 |   +0.83% |  1.48e-07 |      
      300 |   0.1182 |  4.666840e+03 |   -0.46% |  2.18e-07 |      
      310 |   0.0988 |  4.670005e+03 |   +0.07% |  3.21e-07 |      
      310 |   0.0988 |  4.670005e+03 |          |  3.34e-07 |      
---------------------------------------------------------------
[INFO GPL-1001] Global placement finished at iteration 310
[INFO GPL-1017] Routability mode iteration count: 0
[INFO GPL-1005] Routability final weighted congestion: 0.7951
[INFO GPL-1002] Placed Cell Area             3031.9788
[INFO GPL-1003] Available Free Area          9210.0832
[INFO GPL-1004] Minimum Feasible Density        0.3300 (cell_area / free_area)
[INFO GPL-1006]   Suggested Target Densities:
[INFO GPL-1007]     - For 90% usage of free space: 0.3658
[INFO GPL-1008]     - For 80% usage of free space: 0.4115
[INFO GPL-1009]     - For 50% usage of free space: 0.6584
[INFO GPL-1011] Original area (um^2): 3031.98
[INFO GPL-1012] Total routability artificial inflation: 0.00 (+0.00%)
[INFO GPL-1013] Total timing-driven delta area: 0.00 (+0.00%)
[INFO GPL-1014] Final placement area: 3031.98 (+0.00%)
estimate_parasitics -placement
Report metrics stage 3, global place...

==========================================================================
global place report_design_area
--------------------------------------------------------------------------
Design area 2935 um^2 31% utilization.
write_db ./results/sky130hd/chia_hamming_encoder_corrupted/slot1/3_3_place_gp.odb
Log                       Ext     Elapsed/s Peak Memory/MB sha1sum result [0:20)
3_3_place_gp              .odb            0            235 65c2360b37893497c8cf
/root/OpenROAD-flow-scripts/flow/scripts/flow.sh 3_4_place_resized resize
Running resize.tcl, stage 3_4_place_resized
read_liberty /root/OpenROAD-flow-scripts/flow/platforms/sky130hd/lib/sky130_fd_sc_hd__tt_025C_1v80.lib
read_db ./results/sky130hd/chia_hamming_encoder_corrupted/slot1/3_3_place_gp.odb
read_sdc ./results/sky130hd/chia_hamming_encoder_corrupted/slot1/2_floorplan.sdc
source /root/OpenROAD-flow-scripts/flow/platforms/sky130hd/setRC.tcl
estimate_parasitics -placement
Perform buffer insertion and gate resizing...
repair_design -verbose -match_cell_footprint
Iteration |   Area    | Resized | Buffers | Nets repaired | Remaining
---------------------------------------------------------------------
        0 |     +0.0% |       0 |       0 |             0 |       315
       10 |     +0.0% |       0 |       0 |             0 |       305
       20 |     +0.0% |       0 |       0 |             0 |       295
       30 |     +0.0% |       0 |       0 |             0 |       285
       40 |     +0.0% |       0 |       0 |             0 |       275
       50 |     +0.0% |       0 |       0 |             0 |       265
       60 |     +0.0% |       0 |       0 |             0 |       255
       70 |     +0.0% |       0 |       0 |             0 |       245
       80 |     +0.0% |       0 |       0 |             0 |       235
       90 |     +0.0% |       0 |       0 |             0 |       225
      100 |     +0.0% |       0 |       0 |             0 |       215
      110 |     +0.0% |       0 |       0 |             0 |       205
      120 |     +0.0% |       0 |       0 |             0 |       195
      130 |     +0.0% |       0 |       0 |             0 |       185
      140 |     +0.0% |       0 |       0 |             0 |       175
      150 |     +0.0% |       0 |       0 |             0 |       165
      160 |     +0.0% |       0 |       0 |             0 |       155
      170 |     +0.0% |       0 |       0 |             0 |       145
      180 |     +0.0% |       0 |       0 |             0 |       135
      190 |     +0.0% |       0 |       0 |             0 |       125
      200 |     +0.0% |       0 |       0 |             0 |       115
      210 |     +0.0% |       0 |       0 |             0 |       105
      220 |     +0.0% |       0 |       0 |             0 |        95
      230 |     +0.0% |       0 |       0 |             0 |        85
      240 |     +0.0% |       0 |       0 |             0 |        75
      250 |     +0.0% |       0 |       0 |             0 |        65
      260 |     +0.0% |       0 |       0 |             0 |        55
      270 |     +0.0% |       0 |       0 |             0 |        45
      280 |     +0.0% |       0 |       0 |             0 |        35
      290 |     +0.0% |       0 |       0 |             0 |        25
      300 |     +0.0% |       0 |       0 |             0 |        15
      310 |     +0.0% |       0 |       0 |             0 |         5
    final |     +0.0% |       0 |       0 |             0 |         0
---------------------------------------------------------------------
[INFO RSZ-0504] Runtime: 0.01s
Floating nets: 
Report metrics stage 3, resizer...
No registers in design

==========================================================================
resizer report_design_area
--------------------------------------------------------------------------
Design area 2935 um^2 31% utilization.
Instance count before 380, after 380
Pin count before 645, after 645
write_db ./results/sky130hd/chia_hamming_encoder_corrupted/slot1/3_4_place_resized.odb
Log                       Ext     Elapsed/s Peak Memory/MB sha1sum result [0:20)
3_4_place_resized         .odb            0            139 65c2360b37893497c8cf
/root/OpenROAD-flow-scripts/flow/scripts/flow.sh 3_5_place_dp detail_place
Running detail_place.tcl, stage 3_5_place_dp
read_liberty /root/OpenROAD-flow-scripts/flow/platforms/sky130hd/lib/sky130_fd_sc_hd__tt_025C_1v80.lib
read_db ./results/sky130hd/chia_hamming_encoder_corrupted/slot1/3_4_place_resized.odb
read_sdc ./results/sky130hd/chia_hamming_encoder_corrupted/slot1/2_floorplan.sdc
source /root/OpenROAD-flow-scripts/flow/platforms/sky130hd/setRC.tcl
detailed_placement
[INFO DPL-0006] Core area: 9371.49 um^2
[INFO DPL-0007] Movable instances area: 2773.91 um^2
[INFO DPL-0008] Fixed instances area within core: 161.40 um^2
[INFO DPL-0009] Utilization: 31.3%
[INFO DPL-0005] Diamond search max displacement: +/- 500 sites horizontally, +/- 100 rows vertically.
[INFO DPL-1102] Legalizing using negotiation legalizer.
[INFO DPL-1103] Negotiation base search window: +/-20 sites horizontally, +/-5 rows vertically 
	Automatic search window extension enabled.
	Search window extendable up to the max displacement cap of +/-500 sites, +/-100 rows near walls.
[INFO DPL-1104] NegotiationLegalizer DRC penalty: 5.
[INFO DPL-0392] Negotiation cell height distribution (1 unique row-count(s)):
[INFO DPL-0393]   height 1 row(s): 380 cells
          |      Total |  Illegal |  Illegal
Iteration | Violations |    Cells |    Sites
---------------------------------------------
        0 |         10 |         2 |         8
        1 |          0 |         0 |         0
Negotiation phase 1 converged at iteration 1.
[INFO DPL-0500] Runtime: 0.00s
Placement Analysis
---------------------------------
total displacement       1006.4 u
average displacement        2.6 u
max displacement           20.1 u
original HPWL            4680.6 u
legalized HPWL           5510.5 u
delta HPWL                   18 %

improve_placement -max_displacement "5 1"
Detailed placement improvement.
[INFO DPL-0401] Setting random seed to 1.
[INFO DPL-0402] Setting maximum displacement 5 1 to 13600 2720 units.
[INFO DPL-0320] Collected 265 fixed cells.
[INFO DPL-0318] Collected 251 single height cells.
[INFO DPL-0321] Collected 0 wide cells.
[INFO DPL-0322] Image (1380, 2720) - (99820, 97920)
[INFO DPL-0310] Assigned 251 cells into segments.  Movement in X-direction is 0.000000, movement in Y-direction is 0.000000.
[INFO DPL-0313] Found 0 cells in wrong regions.
[INFO DPL-0315] Found 0 row alignment problems.
[INFO DPL-0314] Found 0 site alignment problems.
[INFO DPL-0311] Found 0 overlaps between adjacent cells.
[INFO DPL-0312] Found 0 edge spacing violations and 0 padding violations.
[INFO DPL-0303] Running algorithm for independent set matching.
[INFO DPL-0300] Set matching objective is wirelength.
[INFO DPL-0301] Pass   1 of matching; objective is 5.508897e+06.
[INFO DPL-0302] End of matching; objective is 5.481648e+06, improvement is 0.49 percent.
[INFO DPL-0303] Running algorithm for global swaps.
[INFO DPL-0306] Pass   1 of global swaps; hpwl is 5.371392e+06.
[INFO DPL-0306] Pass   2 of global swaps; hpwl is 5.346178e+06.
[INFO DPL-0307] End of global swaps; objective is 5.346178e+06, improvement is 2.47 percent.
[INFO DPL-0303] Running algorithm for vertical swaps.
[INFO DPL-0308] Pass   1 of vertical swaps; hpwl is 5.327588e+06.
[INFO DPL-0309] End of vertical swaps; objective is 5.327588e+06, improvement is 0.35 percent.
[INFO DPL-0303] Running algorithm for reordering.
[INFO DPL-0304] Pass   1 of reordering; objective is 5.324466e+06.
[INFO DPL-0305] End of reordering; objective is 5.324466e+06, improvement is 0.06 percent.
[INFO DPL-0303] Running algorithm for random improvement.
[INFO DPL-0324] Random improver is using random generator.
[INFO DPL-0325] Random improver is using hpwl objective.
[INFO DPL-0326] Random improver cost string is (a).
[INFO DPL-0332] End of pass, Generator random called 5020 times.
[INFO DPL-0335] Generator random, Cumulative attempts 5020, swaps 970, moves  1385 since last reset.
[INFO DPL-0333] End of pass, Objective hpwl, Initial cost 5.324466e+06, Scratch cost 5.208968e+06, Incremental cost 5.208968e+06, Mismatch? N
[INFO DPL-0338] End of pass, Total cost is 5.208968e+06.
[INFO DPL-0327] Pass   1 of random improver; improvement in cost is 2.17 percent.
[INFO DPL-0332] End of pass, Generator random called 5020 times.
[INFO DPL-0335] Generator random, Cumulative attempts 10040, swaps 1899, moves  2773 since last reset.
[INFO DPL-0333] End of pass, Objective hpwl, Initial cost 5.208968e+06, Scratch cost 5.187331e+06, Incremental cost 5.187331e+06, Mismatch? N
[INFO DPL-0338] End of pass, Total cost is 5.187331e+06.
[INFO DPL-0327] Pass   2 of random improver; improvement in cost is 0.42 percent.
[INFO DPL-0328] End of random improver; improvement is 2.575563 percent.
[INFO DPL-0380] Cell flipping.
[INFO DPL-0382] Changed 0 cell orientations for row compatibility.
[INFO DPL-0383] Performed 105 cell flips.
[INFO DPL-0384] End of flipping; objective is 4.913356e+06, improvement is 5.28 percent.
[INFO DPL-0313] Found 0 cells in wrong regions.
[INFO DPL-0315] Found 0 row alignment problems.
[INFO DPL-0314] Found 0 site alignment problems.
[INFO DPL-0311] Found 0 overlaps between adjacent cells.
[INFO DPL-0312] Found 0 edge spacing violations and 0 padding violations.
Detailed Improvement Results
------------------------------------------
Original HPWL             5510.5 u (    2432.1,     3078.5)
Final HPWL                4911.9 u (    2133.7,     2778.2)
Delta HPWL                 -10.9 % (     -12.3,       -9.8)

optimize_mirroring
[INFO DPL-0020] Mirrored 4 instances
[INFO DPL-0021] HPWL before            4911.9 u
[INFO DPL-0022] HPWL after             4911.2 u
[INFO DPL-0023] HPWL delta               -0.0 %
[INFO FLW-0012] Placement violations .
estimate_parasitics -placement
Report metrics stage 3, detailed place...
No registers in design

==========================================================================
detailed place report_design_area
--------------------------------------------------------------------------
Design area 2935 um^2 31% utilization.
write_db ./results/sky130hd/chia_hamming_encoder_corrupted/slot1/3_5_place_dp.odb
write_sdc -no_timestamp ./results/sky130hd/chia_hamming_encoder_corrupted/slot1/3_place.sdc
Log                       Ext     Elapsed/s Peak Memory/MB sha1sum result [0:20)
3_5_place_dp              .odb            0            124 49b2167598e5048f1018
cp ./results/sky130hd/chia_hamming_encoder_corrupted/slot1/3_5_place_dp.odb ./results/sky130hd/chia_hamming_encoder_corrupted/slot1/3_place.odb
make: Leaving directory '/root/OpenROAD-flow-scripts/flow'

STDERR:
bash: /opt/miniconda/lib/libtinfo.so.6: no version information available (required by bash)
bash: /opt/miniconda/lib/libtinfo.so.6: no version information available (required by bash)
bash: /opt/miniconda/lib/libtinfo.so.6: no version information available (required by bash)
bash: /opt/miniconda/lib/libtinfo.so.6: no version information available (required by bash)
bash: /opt/miniconda/lib/libtinfo.so.6: no version information available (required by bash)
bash: /opt/miniconda/lib/libtinfo.so.6: no version information available (required by bash)
bash: /opt/miniconda/lib/libtinfo.so.6: no version information available (required by bash)
bash: /opt/miniconda/lib/libtinfo.so.6: no version information available (required by bash)
bash: /opt/miniconda/lib/libtinfo.so.6: no version information available (required by bash)
bash: /opt/miniconda/lib/libtinfo.so.6: no version information available (required by bash)
bash: /opt/miniconda/lib/libtinfo.so.6: no version information available (required by bash)
bash: /opt/miniconda/lib/libtinfo.so.6: no version information available (required by bash)
bash: /opt/miniconda/lib/libtinfo.so.6: no version information available (required by bash)
bash: /opt/miniconda/lib/libtinfo.so.6: no version information available (required by bash)
bash: /opt/miniconda/lib/libtinfo.so.6: no version information available (required by bash)
bash: /opt/miniconda/lib/libtinfo.so.6: no version information available (required by bash)
bash: /opt/miniconda/lib/libtinfo.so.6: no version information available (required by bash)
bash: /opt/miniconda/lib/libtinfo.so.6: no version information available (required by bash)
bash: /opt/miniconda/lib/libtinfo.so.6: no version information available (required by bash)
bash: /opt/miniconda/lib/libtinfo.so.6: no version information available (required by bash)
bash: /opt/miniconda/lib/libtinfo.so.6: no version information available (required by bash)
bash: /opt/miniconda/lib/libtinfo.so.6: no version information available (required by bash)
bash: /opt/miniconda/lib/libtinfo.so.6: no version information available (required by bash)
bash: /opt/miniconda/lib/libtinfo.so.6: no version information available (required by bash)
Elapsed time: 0:00.26[h:]min:sec. CPU time: user 0.22 sys 0.03 (96%). Peak memory: 123196KB.
bash: /opt/miniconda/lib/libtinfo.so.6: no version information available (required by bash)
bash: /opt/miniconda/lib/libtinfo.so.6: no version information available (required by bash)
bash: /opt/miniconda/lib/libtinfo.so.6: no version information available (required by bash)
bash: /opt/miniconda/lib/libtinfo.so.6: no version information available (required by bash)
bash: /opt/miniconda/lib/libtinfo.so.6: no version information available (required by bash)
bash: /opt/miniconda/lib/libtinfo.so.6: no version information available (required by bash)
bash: /opt/miniconda/lib/libtinfo.so.6: no version information available (required by bash)
bash: /opt/miniconda/lib/libtinfo.so.6: no version information available (required by bash)
bash: /opt/miniconda/lib/libtinfo.so.6: no version information available (required by bash)
bash: /opt/miniconda/lib/libtinfo.so.6: no version information available (required by bash)
bash: /opt/miniconda/lib/libtinfo.so.6: no version information available (required by bash)
bash: /opt/miniconda/lib/libtinfo.so.6: no version information available (required by bash)
bash: /opt/miniconda/lib/libtinfo.so.6: no version information available (required by bash)
bash: /opt/miniconda/lib/libtinfo.so.6: no version information available (required by bash)
Elapsed time: 0:00.23[h:]min:sec. CPU time: user 0.20 sys 0.04 (99%). Peak memory: 123892KB.
bash: /opt/miniconda/lib/libtinfo.so.6: no version information available (required by bash)
bash: /opt/miniconda/lib/libtinfo.so.6: no version information available (required by bash)
bash: /opt/miniconda/lib/libtinfo.so.6: no version information available (required by bash)
bash: /opt/miniconda/lib/libtinfo.so.6: no version information available (required by bash)
bash: /opt/miniconda/lib/libtinfo.so.6: no version information available (required by bash)
bash: /opt/miniconda/lib/libtinfo.so.6: no version information available (required by bash)
bash: /opt/miniconda/lib/libtinfo.so.6: no version information available (required by bash)
bash: /opt/miniconda/lib/libtinfo.so.6: no version information available (required by bash)
bash: /opt/miniconda/lib/libtinfo.so.6: no version information available (required by bash)
bash: /opt/miniconda/lib/libtinfo.so.6: no version information available (required by bash)
bash: /opt/miniconda/lib/libtinfo.so.6: no version information available (required by bash)
bash: /opt/miniconda/lib/libtinfo.so.6: no version information available (required by bash)
bash: /opt/miniconda/lib/libtinfo.so.6: no version information available (required by bash)
bash: /opt/miniconda/lib/libtinfo.so.6: no version information available (required by bash)
Elapsed time: 0:00.45[h:]min:sec. CPU time: user 0.31 sys 0.13 (97%). Peak memory: 240688KB.
bash: /opt/miniconda/lib/libtinfo.so.6: no version information available (required by bash)
bash: /opt/miniconda/lib/libtinfo.so.6: no version information available (required by bash)
bash: /opt/miniconda/lib/libtinfo.so.6: no version information available (required by bash)
bash: /opt/miniconda/lib/libtinfo.so.6: no version information available (required by bash)
bash: /opt/miniconda/lib/libtinfo.so.6: no version information available (required by bash)
bash: /opt/miniconda/lib/libtinfo.so.6: no version information available (required by bash)
bash: /opt/miniconda/lib/libtinfo.so.6: no version information available (required by bash)
bash: /opt/miniconda/lib/libtinfo.so.6: no version information available (required by bash)
bash: /opt/miniconda/lib/libtinfo.so.6: no version information available (required by bash)
bash: /opt/miniconda/lib/libtinfo.so.6: no version information available (required by bash)
bash: /opt/miniconda/lib/libtinfo.so.6: no version information available (required by bash)
bash: /opt/miniconda/lib/libtinfo.so.6: no version information available (required by bash)
bash: /opt/miniconda/lib/libtinfo.so.6: no version information available (required by bash)
bash: /opt/miniconda/lib/libtinfo.so.6: no version information available (required by bash)
Elapsed time: 0:00.31[h:]min:sec. CPU time: user 0.24 sys 0.06 (97%). Peak memory: 142872KB.
bash: /opt/miniconda/lib/libtinfo.so.6: no version information available (required by bash)
bash: /opt/miniconda/lib/libtinfo.so.6: no version information available (required by bash)
bash: /opt/miniconda/lib/libtinfo.so.6: no version information available (required by bash)
bash: /opt/miniconda/lib/libtinfo.so.6: no version information available (required by bash)
bash: /opt/miniconda/lib/libtinfo.so.6: no version information available (required by bash)
bash: /opt/miniconda/lib/libtinfo.so.6: no version information available (required by bash)
bash: /opt/miniconda/lib/libtinfo.so.6: no version information available (required by bash)
bash: /opt/miniconda/lib/libtinfo.so.6: no version information available (required by bash)
bash: /opt/miniconda/lib/libtinfo.so.6: no version information available (required by bash)
bash: /opt/miniconda/lib/libtinfo.so.6: no version information available (required by bash)
bash: /opt/miniconda/lib/libtinfo.so.6: no version information available (required by bash)
bash: /opt/miniconda/lib/libtinfo.so.6: no version information available (required by bash)
bash: /opt/miniconda/lib/libtinfo.so.6: no version information available (required by bash)
bash: /opt/miniconda/lib/libtinfo.so.6: no version information available (required by bash)
Elapsed time: 0:00.27[h:]min:sec. CPU time: user 0.24 sys 0.03 (98%). Peak memory: 127620KB.
bash: /opt/miniconda/lib/libtinfo.so.6: no version information available (required by bash)
bash: /opt/miniconda/lib/libtinfo.so.6: no version information available (required by bash)
bash: /opt/miniconda/lib/libtinfo.so.6: no version information available (required by bash)
bash: /opt/miniconda/lib/libtinfo.so.6: no version information available (required by bash)
bash: /opt/miniconda/lib/libtinfo.so.6: no version information available (required by bash)
bash: /opt/miniconda/lib/libtinfo.so.6: no version information available (required by bash)
bash: /opt/miniconda/lib/libtinfo.so.6: no version information available (required by bash)
bash: /opt/miniconda/lib/libtinfo.so.6: no version information available (required by bash)
bash: /opt/miniconda/lib/libtinfo.so.6: no version information available (required by bash)
bash: /opt/miniconda/lib/libtinfo.so.6: no version information available (required by bash)
bash: /opt/miniconda/lib/libtinfo.so.6: no version information available (required by bash)
bash: /opt/miniconda/lib/libtinfo.so.6: no version information available (required by bash)
bash: /opt/miniconda/lib/libtinfo.so.6: no version information available (required by bash)
