make: Entering directory '/root/OpenROAD-flow-scripts/flow'
/root/OpenROAD-flow-scripts/flow/scripts/flow.sh 4_1_cts cts
Running cts.tcl, stage 4_1_cts
read_liberty /root/OpenROAD-flow-scripts/flow/platforms/sky130hd/lib/sky130_fd_sc_hd__tt_025C_1v80.lib
read_db ./results/sky130hd/chia_sha256_benchmark_corrupted/slot2/3_place.odb
read_sdc ./results/sky130hd/chia_sha256_benchmark_corrupted/slot2/3_place.sdc
source /root/OpenROAD-flow-scripts/flow/platforms/sky130hd/setRC.tcl
clock_tree_synthesis -sink_clustering_enable -repair_clock_nets
[INFO CTS-0050] Root buffer is sky130_fd_sc_hd__clkbuf_16.
[INFO CTS-0051] Sink buffer is sky130_fd_sc_hd__clkbuf_16.
[INFO CTS-0052] The following clock buffers will be used for CTS:
                    sky130_fd_sc_hd__clkbuf_16
[INFO CTS-0049] Characterization buffer is sky130_fd_sc_hd__clkbuf_16.
[INFO CTS-0007] Net "clk" found for clock "core_clock".
[INFO CTS-0010]  Clock net "clk" has 2568 sinks.
[INFO CTS-0008] TritonCTS found 1 clock nets.
[INFO CTS-0097] Characterization used 1 buffer(s) types.
[INFO CTS-0201] 0 blockages from hard placement blockages and placed macros will be used.
[INFO CTS-0027] Generating H-Tree topology for net clk.
[INFO CTS-0028]  Total number of sinks: 2568.
[INFO CTS-0090]  Sinks will be clustered based on buffer max cap.
[INFO CTS-0030]  Number of static layers: 0.
[INFO CTS-0020]  Wire segment unit: 13600  dbu (13 um).
[INFO CTS-0206] Best clustering solution was found from max clustering size of 13 and max clustering diameter of 102.
[INFO CTS-0019]  Total number of sinks after clustering: 271.
[INFO CTS-0024]  Normalized sink region: [(0.538113, 0.933333), (44.2646, 43.7022)].
[INFO CTS-0025]     Width:  43.7265.
[INFO CTS-0026]     Height: 42.7689.
 Level 1
    Direction: Horizontal
    Sinks per sub-region: 136
    Sub-region size: 21.8633 X 42.7689
[INFO CTS-0034]     Segment length (rounded): 10.
 Level 2
    Direction: Vertical
    Sinks per sub-region: 68
    Sub-region size: 21.8633 X 21.3844
[INFO CTS-0034]     Segment length (rounded): 10.
 Level 3
    Direction: Horizontal
    Sinks per sub-region: 34
    Sub-region size: 10.9316 X 21.3844
[INFO CTS-0034]     Segment length (rounded): 6.
 Level 4
    Direction: Vertical
    Sinks per sub-region: 17
    Sub-region size: 10.9316 X 10.6922
[INFO CTS-0034]     Segment length (rounded): 6.
 Level 5
    Direction: Horizontal
    Sinks per sub-region: 9
    Sub-region size: 5.4658 X 10.6922
[INFO CTS-0034]     Segment length (rounded): 2.
[INFO CTS-0038]  Stop criterion found. Sink region hpwl is smaller than max wirelength (1911.535 um) and max number of sinks is 15.
[INFO CTS-0035]  Number of sinks covered: 271.
[INFO CTS-0018]     Created 308 clock buffers.
[INFO CTS-0012]     Minimum number of buffers in the clock path: 4.
[INFO CTS-0013]     Maximum number of buffers in the clock path: 4.
[INFO CTS-0015]     Created 308 clock nets.
[INFO CTS-0016]     Fanout distribution for the current clock = 2:1, 5:4, 6:9, 7:21, 8:47, 9:74, 10:75, 11:43, 12:26, 13:3..
[INFO CTS-0017]     Max level of the clock tree: 5.
[INFO CTS-0098] Clock net "clk"
[INFO CTS-0099]  Sinks 2813
[INFO CTS-0100]  Leaf buffers 271
[INFO CTS-0101]  Average sink wire length 1080.76 um
[INFO CTS-0102]  Path depth 3 - 4
[INFO CTS-0207]  Dummy loads inserted 245
[INFO CTS-0500] Runtime: 1.05s
estimate_parasitics -placement
detailed_placement
[INFO DPL-0006] Core area: 366373.88 um^2
[INFO DPL-0007] Movable instances area: 196109.33 um^2
[INFO DPL-0008] Fixed instances area within core: 6025.78 um^2
[INFO DPL-0009] Utilization: 55.2%
[INFO DPL-0005] Diamond search max displacement: +/- 500 sites horizontally, +/- 100 rows vertically.
[INFO DPL-1102] Legalizing using negotiation legalizer.
[INFO DPL-1103] Negotiation base search window: +/-20 sites horizontally, +/-5 rows vertically 
	Automatic search window extension enabled.
	Search window extendable up to the max displacement cap of +/-500 sites, +/-100 rows near walls.
[INFO DPL-1104] NegotiationLegalizer DRC penalty: 5.
[INFO DPL-0392] Negotiation cell height distribution (1 unique row-count(s)):
[INFO DPL-0393]   height 1 row(s): 21368 cells
          |      Total |  Illegal |  Illegal
Iteration | Violations |    Cells |    Sites
---------------------------------------------
        0 |         58 |        12 |        46
        1 |          6 |         2 |         4
        2 |          0 |         0 |         0
Negotiation phase 1 converged at iteration 2.
[INFO DPL-0500] Runtime: 0.11s
Placement Analysis
---------------------------------
total displacement      22264.1 u
average displacement        1.0 u
max displacement           24.2 u
original HPWL          622540.6 u
legalized HPWL         634509.9 u
delta HPWL                    2 %

estimate_parasitics -placement
Warning: master sky130_ef_sc_hd__decap_12 has signal pins but no liberty cell
repair_timing -setup_margin 1 -hold_margin 0 -repair_tns 100 -match_cell_footprint -verbose
[INFO RSZ-0100] Repair move sequence: UnbufferMove SizeUpMove SwapPinsMove BufferMove CloneMove SplitLoadMove 
[INFO RSZ-0094] Found 76 endpoints with setup violations.
[INFO RSZ-0099] Repairing 76 out of 76 (100.00%) violating endpoints...
   Iter   | Removed | Resized | Inserted | Cloned |  Pin  |   Area   |    WNS   |   StTNS    |   EnTNS    |  Viol  |  Worst  
          | Buffers |  Gates  | Buffers  |  Gates | Swaps |          |          |            |            | Endpts | St/EnPt 
------------------------------------------------------------------------------------------------------------------------------
       0* |       0 |       0 |        0 |      0 |     0 |    +0.0% |   -0.226 |       -0.6 |       -1.7 |     76 | digest\[255\]$_DFFE_PN0P_/D
      10* |       0 |       4 |        1 |      2 |     2 |    +0.0% |   -0.199 |       -0.6 |       -1.6 |     76 | digest\[255\]$_DFFE_PN0P_/D
      20* |       0 |       6 |        2 |      2 |     9 |    +0.1% |   -0.265 |       -0.7 |       -1.9 |     76 | digest\[255\]$_DFFE_PN0P_/D
      30* |       0 |      10 |        8 |      2 |    12 |    +0.1% |   -0.233 |       -0.7 |       -1.6 |     76 | digest\[255\]$_DFFE_PN0P_/D
      40* |       0 |      17 |       10 |      3 |    13 |    +0.1% |   -0.221 |       -0.6 |       -1.5 |     76 | digest\[255\]$_DFFE_PN0P_/D
      50* |       0 |      19 |       17 |      3 |    16 |    +0.2% |   -0.278 |       -0.7 |       -2.3 |     76 | digest\[255\]$_DFFE_PN0P_/D
      60* |       0 |      22 |       20 |      3 |    20 |    +0.2% |   -0.199 |       -0.6 |       -1.4 |     76 | digest\[255\]$_DFFE_PN0P_/D
      64* |       0 |       6 |        1 |      2 |     4 |    +0.0% |   -0.197 |       -0.6 |       -1.5 |     76 | digest\[255\]$_DFFE_PN0P_/D
      70* |       0 |       8 |        4 |      2 |     4 |    +0.1% |   -0.192 |       -0.6 |       -1.5 |     76 | digest\[255\]$_DFFE_PN0P_/D
      80* |       0 |      16 |        4 |      3 |     5 |    +0.1% |   -0.222 |       -0.6 |       -1.5 |     76 | digest\[255\]$_DFFE_PN0P_/D
      90* |       0 |      19 |       12 |      4 |     5 |    +0.2% |   -0.316 |       -0.8 |       -3.5 |     76 | digest\[255\]$_DFFE_PN0P_/D
     100* |       0 |      22 |       17 |      4 |     7 |    +0.2% |   -0.229 |       -0.7 |       -1.5 |     76 | digest\[255\]$_DFFE_PN0P_/D
     110* |       0 |      23 |       20 |      4 |    13 |    +0.2% |   -0.285 |       -0.8 |       -2.4 |     76 | digest\[255\]$_DFFE_PN0P_/D
     120* |       0 |      28 |       24 |      4 |    14 |    +0.3% |   -0.273 |       -0.8 |       -2.2 |     76 | digest\[255\]$_DFFE_PN0P_/D
     120* |       0 |       8 |        4 |      2 |     4 |    +0.1% |   -0.192 |       -0.6 |       -1.5 |     76 | digest\[255\]$_DFFE_PN0P_/D
     130* |       0 |      13 |        5 |      3 |     6 |    +0.1% |   -0.192 |       -0.6 |       -1.4 |     76 | digest\[255\]$_DFFE_PN0P_/D
     140* |       0 |      17 |       10 |      3 |     9 |    +0.2% |   -0.226 |       -0.6 |       -1.6 |     76 | digest\[255\]$_DFFE_PN0P_/D
     150* |       0 |      22 |       16 |      4 |     9 |    +0.2% |   -0.274 |       -0.7 |       -2.7 |     76 | digest\[255\]$_DFFE_PN0P_/D
     160* |       0 |      24 |       23 |      4 |    11 |    +0.3% |   -0.214 |       -0.6 |       -1.5 |     76 | digest\[255\]$_DFFE_PN0P_/D
     170* |       0 |      32 |       25 |      4 |    11 |    +0.3% |   -0.216 |       -0.6 |       -1.4 |     76 | digest\[255\]$_DFFE_PN0P_/D
     180* |       0 |      36 |       25 |      4 |    17 |    +0.3% |   -0.216 |       -0.6 |       -1.4 |     76 | digest\[255\]$_DFFE_PN0P_/D
     180* |       0 |      13 |        5 |      3 |     6 |    +0.1% |   -0.192 |       -0.6 |       -1.4 |     76 | digest\[255\]$_DFFE_PN0P_/D
     190* |       0 |      18 |        5 |      3 |    10 |    +0.1% |   -0.198 |       -0.6 |       -1.6 |     76 | digest\[254\]$_DFFE_PN0P_/D
     200* |       0 |      23 |       14 |      3 |    10 |    +0.2% |   -0.181 |       -0.5 |       -1.3 |     76 | digest\[254\]$_DFFE_PN0P_/D
     210* |       0 |      28 |       20 |      4 |    10 |    +0.2% |   -0.171 |       -0.5 |       -1.2 |     76 | digest\[255\]$_DFFE_PN0P_/D
     220* |       0 |      32 |       25 |      4 |    12 |    +0.3% |   -0.176 |       -0.5 |       -1.1 |     76 | digest\[254\]$_DFFE_PN0P_/D
     230* |       0 |      34 |       30 |      6 |    13 |    +0.3% |   -0.252 |       -0.7 |       -2.2 |     76 | digest\[254\]$_DFFE_PN0P_/D
     240* |       0 |      36 |       35 |      6 |    18 |    +0.4% |   -0.279 |       -0.7 |       -2.8 |     76 | digest\[254\]$_DFFE_PN0P_/D
     250* |       0 |      37 |       36 |      6 |    26 |    +0.4% |   -0.278 |       -0.8 |       -2.7 |     76 | digest\[254\]$_DFFE_PN0P_/D
     255* |       0 |      29 |       25 |      4 |    10 |    +0.3% |   -0.171 |       -0.5 |       -1.1 |     76 | digest\[255\]$_DFFE_PN0P_/D
     260* |       0 |      32 |       25 |      4 |    11 |    +0.3% |   -0.163 |       -0.5 |       -1.0 |     76 | digest\[254\]$_DFFE_PN0P_/D
     270* |       0 |      37 |       27 |      4 |    15 |    +0.3% |   -0.167 |       -0.5 |       -1.0 |     76 | digest\[254\]$_DFFE_PN0P_/D
     280* |       0 |      41 |       28 |      4 |    20 |    +0.3% |   -0.167 |       -0.5 |       -1.0 |     76 | digest\[254\]$_DFFE_PN0P_/D
     290* |       0 |      44 |       29 |      5 |    25 |    +0.3% |   -0.247 |       -0.6 |       -2.2 |     76 | digest\[255\]$_DFFE_PN0P_/D
     300* |       0 |      45 |       35 |      6 |    27 |    +0.4% |   -0.274 |       -0.7 |       -2.2 |     76 | digest\[255\]$_DFFE_PN0P_/D
     310* |       0 |      48 |       40 |      6 |    31 |    +0.4% |   -0.299 |       -0.9 |       -3.6 |     76 | digest\[255\]$_DFFE_PN0P_/D
     312* |       0 |      34 |       25 |      4 |    11 |    +0.3% |   -0.163 |       -0.5 |       -1.0 |     76 | digest\[254\]$_DFFE_PN0P_/D
     320* |       0 |      40 |       25 |      4 |    12 |    +0.3% |   -0.185 |       -0.5 |       -0.9 |     76 | digest\[254\]$_DFFE_PN0P_/D
     330* |       0 |      42 |       31 |      6 |    12 |    +0.3% |   -0.244 |       -0.6 |       -1.8 |     76 | digest\[254\]$_DFFE_PN0P_/D
     340* |       0 |      47 |       37 |      6 |    14 |    +0.4% |   -0.218 |       -0.6 |       -1.3 |     76 | digest\[254\]$_DFFE_PN0P_/D
     346* |       0 |      34 |       25 |      4 |    11 |    +0.3% |   -0.163 |       -0.5 |       -1.0 |     76 | digest\[254\]$_DFFE_PN0P_/D
     350* |       0 |      36 |       26 |      4 |    11 |    +0.3% |   -0.163 |       -0.5 |       -1.0 |     76 | digest\[254\]$_DFFE_PN0P_/D
     360* |       0 |      41 |       28 |      4 |    14 |    +0.3% |   -0.163 |       -0.5 |       -1.0 |     76 | digest\[254\]$_DFFE_PN0P_/D
     370* |       0 |      46 |       29 |      4 |    18 |    +0.3% |   -0.163 |       -0.5 |       -1.0 |     76 | digest\[254\]$_DFFE_PN0P_/D
     380* |       0 |      51 |       30 |      5 |    21 |    +0.3% |   -0.167 |       -0.5 |       -1.0 |     76 | digest\[254\]$_DFFE_PN0P_/D
     390* |       0 |      54 |       35 |      6 |    22 |    +0.4% |   -0.212 |       -0.6 |       -1.7 |     76 | digest\[254\]$_DFFE_PN0P_/D
     400* |       0 |      57 |       40 |      6 |    26 |    +0.4% |   -0.208 |       -0.6 |       -1.6 |     76 | digest\[254\]$_DFFE_PN0P_/D
     406* |       0 |      50 |       29 |      4 |    20 |    +0.3% |   -0.160 |       -0.4 |       -0.9 |     76 | digest\[254\]$_DFFE_PN0P_/D
     410* |       0 |      51 |       30 |      5 |    20 |    +0.3% |   -0.167 |       -0.5 |       -1.0 |     76 | digest\[254\]$_DFFE_PN0P_/D
     420* |       0 |      53 |       38 |      6 |    21 |    +0.4% |   -0.218 |       -0.6 |       -1.6 |     76 | digest\[254\]$_DFFE_PN0P_/D
     424* |       0 |      50 |       29 |      4 |    20 |    +0.3% |   -0.160 |       -0.4 |       -0.9 |     76 | digest\[254\]$_DFFE_PN0P_/D
     430* |       0 |      54 |       30 |      4 |    20 |    +0.3% |   -0.169 |       -0.5 |       -0.9 |     76 | digest\[254\]$_DFFE_PN0P_/D
     440* |       0 |      58 |       34 |      5 |    21 |    +0.4% |   -0.203 |       -0.6 |       -1.5 |     76 | digest\[254\]$_DFFE_PN0P_/D
     450* |       0 |      62 |       35 |      6 |    25 |    +0.4% |   -0.197 |       -0.5 |       -1.5 |     76 | digest\[254\]$_DFFE_PN0P_/D
     460* |       0 |      64 |       39 |      7 |    28 |    +0.5% |   -0.219 |       -0.6 |       -1.5 |     76 | digest\[254\]$_DFFE_PN0P_/D
     470* |       0 |      71 |       43 |      7 |    29 |    +0.5% |   -0.177 |       -0.5 |       -1.1 |     76 | digest\[254\]$_DFFE_PN0P_/D
     470* |       0 |      50 |       29 |      4 |    20 |    +0.3% |   -0.160 |       -0.4 |       -0.9 |     76 | digest\[254\]$_DFFE_PN0P_/D
     480* |       0 |      54 |       29 |      4 |    25 |    +0.3% |   -0.160 |       -0.4 |       -0.9 |     76 | digest\[254\]$_DFFE_PN0P_/D
     490* |       0 |      56 |       31 |      5 |    30 |    +0.3% |   -0.211 |       -0.5 |       -1.4 |     76 | digest\[255\]$_DFFE_PN0P_/D
     500* |       0 |      60 |       34 |      6 |    32 |    +0.4% |   -0.172 |       -0.5 |       -1.0 |     76 | digest\[254\]$_DFFE_PN0P_/D
     510* |       0 |      65 |       36 |      6 |    36 |    +0.4% |   -0.172 |       -0.5 |       -1.0 |     76 | digest\[254\]$_DFFE_PN0P_/D
     520* |       0 |      70 |       36 |      6 |    41 |    +0.4% |   -0.172 |       -0.5 |       -1.0 |     76 | digest\[254\]$_DFFE_PN0P_/D
     530* |       0 |      77 |       37 |      6 |    43 |    +0.5% |   -0.172 |       -0.5 |       -1.0 |     76 | digest\[254\]$_DFFE_PN0P_/D
     532* |       0 |      55 |       29 |      4 |    26 |    +0.3% |   -0.160 |       -0.4 |       -0.9 |     76 | digest\[254\]$_DFFE_PN0P_/D
     540* |       0 |      57 |       33 |      5 |    26 |    +0.4% |   -0.237 |       -0.6 |       -1.5 |     76 | digest\[254\]$_DFFE_PN0P_/D
     549* |       0 |      55 |       29 |      4 |    26 |    +0.3% |   -0.160 |       -0.4 |       -0.9 |     76 | digest\[254\]$_DFFE_PN0P_/D
     550* |       0 |      55 |       29 |      4 |    26 |    +0.3% |   -0.160 |       -0.4 |       -0.9 |     76 | digest\[254\]$_DFFE_PN0P_/D
     560* |       0 |      59 |       31 |      5 |    29 |    +0.4% |   -0.246 |       -0.6 |       -1.8 |     76 | digest\[254\]$_DFFE_PN0P_/D
     570* |       0 |      64 |       35 |      6 |    29 |    +0.4% |   -0.182 |       -0.5 |       -1.2 |     76 | digest\[254\]$_DFFE_PN0P_/D
     580* |       0 |      67 |       40 |      7 |    30 |    +0.5% |   -0.230 |       -0.6 |       -1.7 |     76 | digest\[254\]$_DFFE_PN0P_/D
     590* |       0 |      68 |       46 |      8 |    34 |    +0.5% |   -0.355 |       -0.9 |       -4.1 |     76 | digest\[254\]$_DFFE_PN0P_/D
     600* |       0 |      72 |       50 |      8 |    36 |    +0.5% |   -0.335 |       -0.8 |       -3.9 |     76 | digest\[254\]$_DFFE_PN0P_/D
     600* |       0 |      55 |       29 |      4 |    26 |    +0.3% |   -0.160 |       -0.4 |       -0.9 |     76 | digest\[254\]$_DFFE_PN0P_/D
     610* |       0 |      60 |       31 |      5 |    27 |    +0.4% |   -0.232 |       -0.6 |       -1.7 |     76 | digest\[254\]$_DFFE_PN0P_/D
     620* |       0 |      64 |       34 |      6 |    29 |    +0.4% |   -0.195 |       -0.5 |       -1.3 |     76 | digest\[254\]$_DFFE_PN0P_/D
     630* |       0 |      67 |       35 |      6 |    35 |    +0.4% |   -0.223 |       -0.6 |       -1.9 |     76 | digest\[255\]$_DFFE_PN0P_/D
     640* |       0 |      70 |       41 |      6 |    39 |    +0.4% |   -0.189 |       -0.5 |       -1.3 |     76 | digest\[255\]$_DFFE_PN0P_/D
     650* |       0 |      75 |       46 |      7 |    39 |    +0.5% |   -0.222 |       -0.5 |       -1.6 |     76 | digest\[254\]$_DFFE_PN0P_/D
     651* |       0 |      55 |       29 |      4 |    26 |    +0.3% |   -0.160 |       -0.4 |       -0.9 |     76 | digest\[254\]$_DFFE_PN0P_/D
     660* |       0 |      57 |       33 |      4 |    28 |    +0.3% |   -0.160 |       -0.4 |       -0.9 |     76 | digest\[254\]$_DFFE_PN0P_/D
     670* |       0 |      60 |       36 |      5 |    31 |    +0.4% |   -0.229 |       -0.6 |       -2.0 |     76 | digest\[254\]$_DFFE_PN0P_/D
     680* |       0 |      68 |       38 |      5 |    31 |    +0.4% |   -0.167 |       -0.5 |       -1.0 |     76 | digest\[254\]$_DFFE_PN0P_/D
     690* |       0 |      72 |       42 |      6 |    32 |    +0.4% |   -0.219 |       -0.6 |       -1.7 |     76 | digest\[254\]$_DFFE_PN0P_/D
     700* |       0 |      77 |       42 |      6 |    37 |    +0.5% |   -0.219 |       -0.6 |       -1.6 |     76 | digest\[254\]$_DFFE_PN0P_/D
     710* |       0 |      82 |       47 |      6 |    39 |    +0.5% |   -0.196 |       -0.5 |       -1.3 |     76 | digest\[254\]$_DFFE_PN0P_/D
     715* |       0 |      60 |       34 |      4 |    29 |    +0.4% |   -0.160 |       -0.4 |       -0.9 |     76 | digest\[254\]$_DFFE_PN0P_/D
     720* |       0 |      61 |       36 |      5 |    29 |    +0.4% |   -0.208 |       -0.6 |       -1.5 |     76 | digest\[254\]$_DFFE_PN0P_/D
     730* |       0 |      69 |       37 |      5 |    30 |    +0.4% |   -0.208 |       -0.6 |       -1.4 |     76 | digest\[254\]$_DFFE_PN0P_/D
     740* |       0 |      77 |       38 |      6 |    30 |    +0.4% |   -0.167 |       -0.5 |       -0.9 |     76 | digest\[254\]$_DFFE_PN0P_/D
     750* |       0 |      82 |       39 |      7 |    33 |    +0.5% |   -0.224 |       -0.6 |       -1.7 |     76 | digest\[254\]$_DFFE_PN0P_/D
     760* |       0 |      87 |       42 |      7 |    35 |    +0.5% |   -0.219 |       -0.6 |       -1.6 |     76 | digest\[254\]$_DFFE_PN0P_/D
     767* |       0 |      60 |       35 |      4 |    29 |    +0.4% |   -0.160 |       -0.4 |       -0.9 |     76 | digest\[254\]$_DFFE_PN0P_/D
     770* |       0 |      61 |       35 |      5 |    29 |    +0.4% |   -0.229 |       -0.6 |       -1.8 |     76 | digest\[254\]$_DFFE_PN0P_/D
     780* |       0 |      65 |       40 |      6 |    29 |    +0.4% |   -0.212 |       -0.6 |       -1.5 |     76 | digest\[254\]$_DFFE_PN0P_/D
     790* |       0 |      73 |       44 |      6 |    29 |    +0.5% |   -0.194 |       -0.5 |       -1.1 |     76 | digest\[254\]$_DFFE_PN0P_/D
     791* |       0 |      61 |       35 |      4 |    29 |    +0.4% |   -0.160 |       -0.4 |       -0.9 |     76 | digest\[254\]$_DFFE_PN0P_/D
     800* |       0 |      65 |       38 |      4 |    30 |    +0.4% |   -0.163 |       -0.5 |       -0.8 |     76 | digest\[254\]$_DFFE_PN0P_/D
     810* |       0 |      70 |       40 |      6 |    31 |    +0.4% |   -0.204 |       -0.5 |       -1.3 |     76 | digest\[255\]$_DFFE_PN0P_/D
     820* |       0 |      73 |       47 |      7 |    32 |    +0.5% |   -0.258 |       -0.6 |       -2.1 |     76 | digest\[254\]$_DFFE_PN0P_/D
     830* |       0 |      77 |       54 |      8 |    32 |    +0.6% |   -0.274 |       -0.7 |       -2.7 |     76 | digest\[255\]$_DFFE_PN0P_/D
     840* |       0 |      82 |       57 |      8 |    34 |    +0.6% |   -0.251 |       -0.6 |       -2.3 |     76 | digest\[255\]$_DFFE_PN0P_/D
     842* |       0 |      61 |       35 |      4 |    29 |    +0.4% |   -0.160 |       -0.4 |       -0.9 |     76 | digest\[254\]$_DFFE_PN0P_/D
     850* |       0 |      63 |       39 |      6 |    29 |    +0.4% |   -0.165 |       -0.5 |       -0.9 |     76 | digest\[254\]$_DFFE_PN0P_/D
     860* |       0 |      70 |       41 |      6 |    30 |    +0.4% |   -0.217 |       -0.5 |       -1.6 |     76 | digest\[254\]$_DFFE_PN0P_/D
     870* |       0 |      75 |       42 |      6 |    34 |    +0.5% |   -0.197 |       -0.5 |       -1.3 |     76 | digest\[254\]$_DFFE_PN0P_/D
     880* |       0 |      82 |       44 |      6 |    35 |    +0.5% |   -0.194 |       -0.5 |       -1.3 |     76 | digest\[254\]$_DFFE_PN0P_/D
     890* |       0 |      86 |       47 |      6 |    38 |    +0.5% |   -0.183 |       -0.5 |       -1.2 |     76 | digest\[254\]$_DFFE_PN0P_/D
     894* |       0 |      61 |       36 |      4 |    29 |    +0.4% |   -0.160 |       -0.4 |       -0.9 |     76 | digest\[254\]$_DFFE_PN0P_/D
     900* |       0 |      64 |       38 |      4 |    29 |    +0.4% |   -0.169 |       -0.5 |       -0.8 |     76 | digest\[254\]$_DFFE_PN0P_/D
     910* |       0 |      70 |       41 |      4 |    30 |    +0.4% |   -0.163 |       -0.5 |       -0.8 |     76 | digest\[254\]$_DFFE_PN0P_/D
     920* |       0 |      74 |       44 |      6 |    31 |    +0.5% |   -0.204 |       -0.6 |       -1.3 |     76 | digest\[255\]$_DFFE_PN0P_/D
     930* |       0 |      79 |       50 |      6 |    32 |    +0.5% |   -0.167 |       -0.5 |       -0.9 |     76 | digest\[254\]$_DFFE_PN0P_/D
     940* |       0 |      83 |       55 |      7 |    32 |    +0.6% |   -0.240 |       -0.6 |       -1.6 |     76 | digest\[254\]$_DFFE_PN0P_/D
     945* |       0 |      61 |       36 |      4 |    29 |    +0.4% |   -0.160 |       -0.4 |       -0.9 |     76 | digest\[254\]$_DFFE_PN0P_/D
     950* |       0 |      62 |       37 |      5 |    30 |    +0.4% |   -0.208 |       -0.6 |       -1.4 |     76 | digest\[254\]$_DFFE_PN0P_/D
     960* |       0 |      70 |       38 |      6 |    30 |    +0.4% |   -0.190 |       -0.5 |       -1.3 |     76 | digest\[254\]$_DFFE_PN0P_/D
     970* |       0 |      79 |       39 |      6 |    30 |    +0.4% |   -0.167 |       -0.5 |       -0.9 |     76 | digest\[254\]$_DFFE_PN0P_/D
     980* |       0 |      85 |       40 |      6 |    33 |    +0.5% |   -0.167 |       -0.5 |       -0.9 |     76 | digest\[254\]$_DFFE_PN0P_/D
     990* |       0 |      95 |       40 |      6 |    33 |    +0.5% |   -0.167 |       -0.5 |       -0.9 |     76 | digest\[254\]$_DFFE_PN0P_/D
     997* |       0 |      61 |       36 |      4 |    30 |    +0.4% |   -0.160 |       -0.4 |       -0.9 |     76 | digest\[254\]$_DFFE_PN0P_/D
    1000* |       0 |      62 |       36 |      5 |    30 |    +0.4% |   -0.229 |       -0.6 |       -1.8 |     76 | digest\[254\]$_DFFE_PN0P_/D
    1010* |       0 |      70 |       38 |      5 |    30 |    +0.4% |   -0.208 |       -0.6 |       -1.4 |     76 | digest\[254\]$_DFFE_PN0P_/D
    1020* |       0 |      78 |       39 |      6 |    30 |    +0.4% |   -0.167 |       -0.5 |       -0.9 |     76 | digest\[254\]$_DFFE_PN0P_/D
    1030* |       0 |      87 |       40 |      6 |    30 |    +0.5% |   -0.167 |       -0.5 |       -0.9 |     76 | digest\[254\]$_DFFE_PN0P_/D
    1040* |       0 |      95 |       43 |      7 |    30 |    +0.5% |   -0.255 |       -0.6 |       -2.1 |     76 | digest\[254\]$_DFFE_PN0P_/D
    1049* |       0 |      62 |       36 |      4 |    30 |    +0.4% |   -0.160 |       -0.4 |       -0.9 |     76 | digest\[254\]$_DFFE_PN0P_/D
    1050* |       0 |      62 |       36 |      4 |    30 |    +0.4% |   -0.160 |       -0.4 |       -0.9 |     76 | digest\[254\]$_DFFE_PN0P_/D
    1060* |       0 |      68 |       38 |      5 |    31 |    +0.4% |   -0.208 |       -0.6 |       -1.4 |     76 | digest\[254\]$_DFFE_PN0P_/D
    1070* |       0 |      76 |       39 |      6 |    31 |    +0.4% |   -0.167 |       -0.5 |       -0.9 |     76 | digest\[254\]$_DFFE_PN0P_/D
    1080* |       0 |      86 |       39 |      6 |    31 |    +0.5% |   -0.167 |       -0.5 |       -0.9 |     76 | digest\[254\]$_DFFE_PN0P_/D
    1090* |       0 |      94 |       43 |      6 |    31 |    +0.5% |   -0.167 |       -0.5 |       -0.9 |     76 | digest\[254\]$_DFFE_PN0P_/D
    1100* |       0 |      99 |       47 |      7 |    31 |    +0.6% |   -0.219 |       -0.6 |       -1.6 |     76 | digest\[254\]$_DFFE_PN0P_/D
    1101* |       0 |      62 |       36 |      4 |    31 |    +0.4% |   -0.160 |       -0.4 |       -0.9 |     76 | digest\[254\]$_DFFE_PN0P_/D
    1110* |       0 |      67 |       39 |      4 |    31 |    +0.4% |   -0.163 |       -0.5 |       -0.8 |     76 | digest\[254\]$_DFFE_PN0P_/D
    1120* |       0 |      72 |       41 |      6 |    32 |    +0.4% |   -0.204 |       -0.5 |       -1.2 |     76 | digest\[255\]$_DFFE_PN0P_/D
    1130* |       0 |      77 |       47 |      7 |    32 |    +0.5% |   -0.258 |       -0.6 |       -2.0 |     76 | digest\[254\]$_DFFE_PN0P_/D
    1140* |       0 |      79 |       56 |      8 |    32 |    +0.6% |   -0.274 |       -0.7 |       -2.7 |     76 | digest\[255\]$_DFFE_PN0P_/D
    1150* |       0 |      84 |       59 |      8 |    34 |    +0.6% |   -0.251 |       -0.6 |       -2.2 |     76 | digest\[255\]$_DFFE_PN0P_/D
    1152* |       0 |      62 |       36 |      4 |    31 |    +0.4% |   -0.160 |       -0.4 |       -0.9 |     76 | digest\[254\]$_DFFE_PN0P_/D
    1160* |       0 |      68 |       37 |      4 |    31 |    +0.4% |   -0.160 |       -0.4 |       -0.9 |     76 | digest\[254\]$_DFFE_PN0P_/D
    1170* |       0 |      73 |       41 |      5 |    32 |    +0.4% |   -0.164 |       -0.5 |       -0.9 |     76 | digest\[254\]$_DFFE_PN0P_/D
    1180* |       0 |      81 |       41 |      7 |    32 |    +0.5% |   -0.160 |       -0.4 |       -0.9 |     76 | digest\[254\]$_DFFE_PN0P_/D
    1190* |       0 |      84 |       42 |      7 |    38 |    +0.5% |   -0.160 |       -0.4 |       -0.9 |     76 | digest\[254\]$_DFFE_PN0P_/D
    1200* |       0 |      90 |       44 |      7 |    40 |    +0.5% |   -0.160 |       -0.4 |       -0.9 |     76 | digest\[254\]$_DFFE_PN0P_/D
    1210* |       0 |      96 |       46 |      8 |    41 |    +0.5% |   -0.159 |       -0.5 |       -1.0 |     76 | digest\[254\]$_DFFE_PN0P_/D
    1220* |       0 |     103 |       47 |      8 |    43 |    +0.6% |   -0.160 |       -0.5 |       -1.0 |     76 | digest\[252\]$_DFFE_PN0P_/D
    1230* |       0 |     109 |       49 |      8 |    45 |    +0.6% |   -0.159 |       -0.5 |       -1.0 |     76 | digest\[252\]$_DFFE_PN0P_/D
    1240* |       0 |     115 |       49 |      8 |    49 |    +0.6% |   -0.159 |       -0.5 |       -1.0 |     76 | digest\[252\]$_DFFE_PN0P_/D
    1250* |       0 |     121 |       54 |      9 |    49 |    +0.7% |   -0.181 |       -0.5 |       -1.2 |     76 | digest\[255\]$_DFFE_PN0P_/D
    1260* |       0 |     128 |       57 |      9 |    49 |    +0.7% |   -0.181 |       -0.5 |       -1.1 |     76 | digest\[255\]$_DFFE_PN0P_/D
    1270* |       0 |     134 |       58 |      9 |    52 |    +0.7% |   -0.181 |       -0.4 |       -1.1 |     76 | digest\[255\]$_DFFE_PN0P_/D
    1280* |       0 |     139 |       61 |     10 |    53 |    +0.8% |   -0.249 |       -0.5 |       -2.0 |     76 | digest\[254\]$_DFFE_PN0P_/D
    1290* |       0 |     143 |       66 |     11 |    53 |    +0.8% |   -0.263 |       -0.7 |       -2.9 |     76 | digest\[254\]$_DFFE_PN0P_/D
    1300* |       0 |     150 |       68 |     11 |    54 |    +0.8% |   -0.224 |       -0.6 |       -2.1 |     76 | digest\[254\]$_DFFE_PN0P_/D
    1300* |       0 |     139 |       59 |      9 |    53 |    +0.7% |   -0.158 |       -0.4 |       -0.8 |     76 | digest\[254\]$_DFFE_PN0P_/D
    1310* |       0 |     142 |       65 |     10 |    54 |    +0.8% |   -0.235 |       -0.6 |       -1.8 |     76 | digest\[254\]$_DFFE_PN0P_/D
    1320* |       0 |     146 |       69 |     11 |    55 |    +0.8% |   -0.263 |       -0.7 |       -2.9 |     76 | digest\[254\]$_DFFE_PN0P_/D
    1330* |       0 |     153 |       71 |     11 |    56 |    +0.8% |   -0.224 |       -0.6 |       -2.2 |     76 | digest\[254\]$_DFFE_PN0P_/D
    1337* |       0 |     142 |       62 |      9 |    54 |    +0.8% |   -0.158 |       -0.4 |       -0.8 |     76 | digest\[254\]$_DFFE_PN0P_/D
    1340* |       0 |     143 |       62 |      9 |    55 |    +0.8% |   -0.158 |       -0.4 |       -0.8 |     76 | digest\[254\]$_DFFE_PN0P_/D
    1350* |       0 |     147 |       62 |      9 |    61 |    +0.8% |   -0.158 |       -0.4 |       -0.8 |     76 | digest\[254\]$_DFFE_PN0P_/D
    1360* |       0 |     153 |       64 |     10 |    62 |    +0.8% |   -0.249 |       -0.5 |       -2.0 |     76 | digest\[254\]$_DFFE_PN0P_/D
    1370* |       0 |     161 |       66 |     10 |    62 |    +0.8% |   -0.235 |       -0.6 |       -1.9 |     76 | digest\[254\]$_DFFE_PN0P_/D
    1380* |       0 |     165 |       73 |     11 |    63 |    +0.9% |   -0.261 |       -0.6 |       -2.3 |     76 | digest\[254\]$_DFFE_PN0P_/D
    1390* |       0 |     171 |       73 |     11 |    67 |    +0.9% |   -0.236 |       -0.6 |       -1.9 |     76 | digest\[254\]$_DFFE_PN0P_/D
    1400* |       0 |     174 |       75 |     11 |    73 |    +0.9% |   -0.241 |       -0.6 |       -1.9 |     76 | digest\[254\]$_DFFE_PN0P_/D
    1408* |       0 |     153 |       63 |      9 |    62 |    +0.8% |   -0.158 |       -0.4 |       -0.8 |     76 | digest\[254\]$_DFFE_PN0P_/D
    1410* |       0 |     154 |       63 |      9 |    62 |    +0.8% |   -0.158 |       -0.4 |       -0.8 |     76 | digest\[254\]$_DFFE_PN0P_/D
    1420* |       0 |     157 |       69 |     10 |    62 |    +0.8% |   -0.231 |       -0.6 |       -1.8 |     76 | digest\[254\]$_DFFE_PN0P_/D
    1430* |       0 |     161 |       73 |     11 |    64 |    +0.9% |   -0.255 |       -0.7 |       -2.1 |     76 | digest\[254\]$_DFFE_PN0P_/D
    1434* |       0 |     154 |       63 |      9 |    62 |    +0.8% |   -0.158 |       -0.4 |       -0.8 |     76 | digest\[254\]$_DFFE_PN0P_/D
    1440* |       0 |     159 |       63 |      9 |    62 |    +0.8% |   -0.158 |       -0.4 |       -0.8 |     76 | digest\[254\]$_DFFE_PN0P_/D
    1450* |       0 |     166 |       65 |      9 |    63 |    +0.8% |   -0.158 |       -0.4 |       -0.8 |     76 | digest\[254\]$_DFFE_PN0P_/D
    1460* |       0 |     171 |       67 |      9 |    66 |    +0.8% |   -0.158 |       -0.4 |       -0.8 |     76 | digest\[254\]$_DFFE_PN0P_/D
    1470* |       0 |     176 |       70 |      9 |    68 |    +0.9% |   -0.158 |       -0.4 |       -0.8 |     76 | digest\[254\]$_DFFE_PN0P_/D
    1480* |       0 |     182 |       74 |      9 |    68 |    +0.9% |   -0.158 |       -0.4 |       -0.8 |     76 | digest\[254\]$_DFFE_PN0P_/D
    1490* |       0 |     189 |       78 |     10 |    68 |    +1.0% |   -0.231 |       -0.5 |       -1.9 |     76 | digest\[254\]$_DFFE_PN0P_/D
    1493* |       0 |     172 |       67 |      9 |    67 |    +0.8% |   -0.158 |       -0.4 |       -0.8 |     76 | digest\[254\]$_DFFE_PN0P_/D
    1500* |       0 |     177 |       67 |      9 |    68 |    +0.9% |   -0.158 |       -0.4 |       -0.8 |     76 | digest\[254\]$_DFFE_PN0P_/D
    1510* |       0 |     183 |       68 |      9 |    71 |    +0.9% |   -0.158 |       -0.4 |       -0.9 |     76 | digest\[254\]$_DFFE_PN0P_/D
    1520* |       0 |     184 |       74 |     10 |    73 |    +0.9% |   -0.235 |       -0.6 |       -2.2 |     76 | digest\[254\]$_DFFE_PN0P_/D
    1530* |       0 |     191 |       75 |     10 |    75 |    +1.0% |   -0.231 |       -0.6 |       -2.1 |     76 | digest\[254\]$_DFFE_PN0P_/D
    1540* |       0 |     197 |       79 |     11 |    75 |    +1.0% |   -0.236 |       -0.6 |       -2.2 |     76 | digest\[254\]$_DFFE_PN0P_/D
    1550* |       0 |     200 |       80 |     11 |    81 |    +1.0% |   -0.241 |       -0.6 |       -2.2 |     76 | digest\[254\]$_DFFE_PN0P_/D
    1557* |       0 |     183 |       68 |      9 |    71 |    +0.9% |   -0.158 |       -0.4 |       -0.9 |     76 | digest\[254\]$_DFFE_PN0P_/D
    1560* |       0 |     184 |       69 |      9 |    71 |    +0.9% |   -0.158 |       -0.4 |       -0.9 |     76 | digest\[254\]$_DFFE_PN0P_/D
    1570* |       0 |     187 |       73 |     10 |    73 |    +0.9% |   -0.246 |       -0.6 |       -2.1 |     76 | digest\[254\]$_DFFE_PN0P_/D
    1580* |       0 |     192 |       76 |     11 |    74 |    +1.0% |   -0.263 |       -0.7 |       -2.5 |     76 | digest\[254\]$_DFFE_PN0P_/D
    1590* |       0 |     200 |       78 |     11 |    74 |    +1.0% |   -0.224 |       -0.6 |       -1.7 |     76 | digest\[254\]$_DFFE_PN0P_/D
    1596* |       0 |     184 |       68 |      9 |    71 |    +0.9% |   -0.158 |       -0.4 |       -0.9 |     76 | digest\[254\]$_DFFE_PN0P_/D
    1600* |       0 |     186 |       69 |      9 |    71 |    +0.9% |   -0.167 |       -0.4 |       -0.8 |     76 | digest\[254\]$_DFFE_PN0P_/D
    1610* |       0 |     192 |       71 |     10 |    72 |    +0.9% |   -0.252 |       -0.5 |       -1.9 |     76 | digest\[254\]$_DFFE_PN0P_/D
    1620* |       0 |     197 |       75 |     10 |    73 |    +1.0% |   -0.211 |       -0.6 |       -1.5 |     76 | digest\[254\]$_DFFE_PN0P_/D
    1628* |       0 |     184 |       68 |      9 |    71 |    +0.9% |   -0.158 |       -0.4 |       -0.9 |     76 | digest\[254\]$_DFFE_PN0P_/D
    1630* |       0 |     185 |       68 |      9 |    71 |    +0.9% |   -0.158 |       -0.4 |       -0.9 |     76 | digest\[254\]$_DFFE_PN0P_/D
    1640* |       0 |     193 |       68 |      9 |    73 |    +0.9% |   -0.158 |       -0.4 |       -0.9 |     76 | digest\[254\]$_DFFE_PN0P_/D
    1650* |       0 |     200 |       69 |      9 |    75 |    +0.9% |   -0.158 |       -0.4 |       -0.9 |     76 | digest\[254\]$_DFFE_PN0P_/D
    1660* |       0 |     204 |       71 |      9 |    79 |    +0.9% |   -0.158 |       -0.4 |       -0.9 |     76 | digest\[254\]$_DFFE_PN0P_/D
    1670* |       0 |     209 |       73 |      9 |    82 |    +1.0% |   -0.158 |       -0.4 |       -0.9 |     76 | digest\[254\]$_DFFE_PN0P_/D
    1680* |       0 |     215 |       75 |      9 |    84 |    +1.0% |   -0.158 |       -0.4 |       -0.9 |     76 | digest\[254\]$_DFFE_PN0P_/D
    1689* |       0 |     193 |       68 |      9 |    72 |    +0.9% |   -0.158 |       -0.4 |       -0.9 |     76 | digest\[254\]$_DFFE_PN0P_/D
    1690* |       0 |     193 |       68 |      9 |    72 |    +0.9% |   -0.158 |       -0.4 |       -0.9 |     76 | digest\[254\]$_DFFE_PN0P_/D
    1700* |       0 |     200 |       69 |      9 |    74 |    +0.9% |   -0.158 |       -0.4 |       -0.9 |     76 | digest\[254\]$_DFFE_PN0P_/D
    1700* |       0 |     200 |       69 |      9 |    74 |    +0.9% |   -0.158 |       -0.4 |       -0.9 |     76 | digest\[254\]$_DFFE_PN0P_/D
    1710* |       0 |     206 |       71 |      9 |    75 |    +1.0% |   -0.161 |       -0.4 |       -0.8 |     76 | digest\[254\]$_DFFE_PN0P_/D
    1720* |       0 |     209 |       76 |     10 |    76 |    +1.0% |   -0.234 |       -0.6 |       -1.7 |     76 | digest\[254\]$_DFFE_PN0P_/D
    1730* |       0 |     216 |       79 |     11 |    76 |    +1.0% |   -0.239 |       -0.6 |       -1.8 |     76 | digest\[254\]$_DFFE_PN0P_/D
    1740* |       0 |     223 |       83 |     11 |    76 |    +1.1% |   -0.250 |       -0.6 |       -1.9 |     76 | digest\[254\]$_DFFE_PN0P_/D
    1750* |       0 |     230 |       86 |     11 |    76 |    +1.1% |   -0.235 |       -0.6 |       -1.7 |     76 | digest\[254\]$_DFFE_PN0P_/D
    1751* |       0 |     200 |       69 |      9 |    74 |    +0.9% |   -0.158 |       -0.4 |       -0.9 |     76 | digest\[254\]$_DFFE_PN0P_/D
    1760* |       0 |     202 |       73 |     10 |    75 |    +1.0% |   -0.235 |       -0.6 |       -1.9 |     76 | digest\[254\]$_DFFE_PN0P_/D
    1770* |       0 |     210 |       74 |     11 |    75 |    +1.0% |   -0.275 |       -0.7 |       -2.5 |     76 | digest\[254\]$_DFFE_PN0P_/D
    1780* |       0 |     217 |       77 |     11 |    75 |    +1.0% |   -0.251 |       -0.6 |       -2.0 |     76 | digest\[255\]$_DFFE_PN0P_/D
    1790* |       0 |     222 |       81 |     11 |    77 |    +1.1% |   -0.236 |       -0.6 |       -1.9 |     76 | digest\[255\]$_DFFE_PN0P_/D
    1800* |       0 |     231 |       82 |     11 |    77 |    +1.1% |   -0.215 |       -0.6 |       -1.6 |     76 | digest\[254\]$_DFFE_PN0P_/D
    1800* |       0 |     200 |       69 |      9 |    74 |    +0.9% |   -0.158 |       -0.4 |       -0.9 |     76 | digest\[254\]$_DFFE_PN0P_/D
    1800* |       0 |     200 |       69 |      9 |    74 |    +0.9% |   -0.158 |       -0.4 |       -0.9 |     76 | digest\[254\]$_DFFE_PN0P_/D
    1800+ |       0 |     200 |       69 |      9 |    74 |    +0.9% |   -0.158 |       -0.4 |       -0.9 |     66 | digest\[254\]$_DFFE_PN0P_/D
    1801+ |       0 |     200 |       69 |      9 |    74 |    +0.9% |   -0.158 |       -0.4 |       -0.9 |     66 | digest\[254\]$_DFFE_PN0P_/D
    1804+ |       0 |     202 |       69 |      9 |    74 |    +0.9% |   -0.144 |       -0.4 |       -0.7 |     66 | digest\[254\]$_DFFE_PN0P_/D
    1805+ |       0 |     202 |       69 |      9 |    74 |    +0.9% |   -0.144 |       -0.4 |       -0.7 |     66 | digest\[254\]$_DFFE_PN0P_/D
    1808+ |       0 |     203 |       69 |      9 |    75 |    +0.9% |   -0.144 |       -0.4 |       -0.7 |     66 | digest\[254\]$_DFFE_PN0P_/D
    1809+ |       0 |     203 |       69 |      9 |    75 |    +0.9% |   -0.144 |       -0.4 |       -0.7 |     66 | digest\[254\]$_DFFE_PN0P_/D
    1810+ |       0 |     203 |       69 |      9 |    75 |    +0.9% |   -0.144 |       -0.4 |       -0.7 |     66 | digest\[254\]$_DFFE_PN0P_/D
    1810+ |       0 |     203 |       69 |      9 |    75 |    +0.9% |   -0.144 |       -0.4 |       -0.7 |     66 | digest\[254\]$_DFFE_PN0P_/D
    1811+ |       0 |     203 |       69 |      9 |    75 |    +0.9% |   -0.144 |       -0.4 |       -0.7 |     66 | digest\[254\]$_DFFE_PN0P_/D
    1812+ |       0 |     203 |       69 |      9 |    75 |    +0.9% |   -0.144 |       -0.4 |       -0.7 |     66 | digest\[254\]$_DFFE_PN0P_/D
    1817+ |       0 |     207 |       69 |      9 |    75 |    +1.0% |   -0.144 |       -0.4 |       -0.7 |     66 | digest\[254\]$_DFFE_PN0P_/D
    1818+ |       0 |     207 |       69 |      9 |    75 |    +1.0% |   -0.144 |       -0.4 |       -0.7 |     66 | digest\[254\]$_DFFE_PN0P_/D
    1819+ |       0 |     207 |       69 |      9 |    75 |    +1.0% |   -0.144 |       -0.4 |       -0.7 |     66 | digest\[254\]$_DFFE_PN0P_/D
    1820+ |       0 |     207 |       69 |      9 |    75 |    +1.0% |   -0.144 |       -0.4 |       -0.7 |     66 | digest\[254\]$_DFFE_PN0P_/D
    1820+ |       0 |     207 |       69 |      9 |    75 |    +1.0% |   -0.144 |       -0.4 |       -0.7 |     66 | digest\[254\]$_DFFE_PN0P_/D
    1821+ |       0 |     207 |       69 |      9 |    75 |    +1.0% |   -0.144 |       -0.4 |       -0.7 |     66 | digest\[254\]$_DFFE_PN0P_/D
    1822+ |       0 |     207 |       69 |      9 |    75 |    +1.0% |   -0.144 |       -0.4 |       -0.7 |     66 | digest\[254\]$_DFFE_PN0P_/D
    1825+ |       0 |     209 |       69 |      9 |    75 |    +1.0% |   -0.144 |       -0.4 |       -0.7 |     66 | digest\[254\]$_DFFE_PN0P_/D
    1826+ |       0 |     209 |       69 |      9 |    75 |    +1.0% |   -0.144 |       -0.4 |       -0.7 |     66 | digest\[254\]$_DFFE_PN0P_/D
    1827+ |       0 |     209 |       69 |      9 |    75 |    +1.0% |   -0.144 |       -0.4 |       -0.7 |     66 | digest\[254\]$_DFFE_PN0P_/D
    1828+ |       0 |     209 |       69 |      9 |    75 |    +1.0% |   -0.144 |       -0.4 |       -0.7 |     66 | digest\[254\]$_DFFE_PN0P_/D
    1829+ |       0 |     209 |       69 |      9 |    75 |    +1.0% |   -0.144 |       -0.4 |       -0.7 |     66 | digest\[254\]$_DFFE_PN0P_/D
    1830+ |       0 |     209 |       69 |      9 |    75 |    +1.0% |   -0.144 |       -0.4 |       -0.7 |     66 | digest\[254\]$_DFFE_PN0P_/D
    1830+ |       0 |     209 |       69 |      9 |    75 |    +1.0% |   -0.144 |       -0.4 |       -0.7 |     66 | digest\[254\]$_DFFE_PN0P_/D
    1831+ |       0 |     209 |       69 |      9 |    75 |    +1.0% |   -0.144 |       -0.4 |       -0.7 |     66 | digest\[254\]$_DFFE_PN0P_/D
    1832+ |       0 |     209 |       69 |      9 |    75 |    +1.0% |   -0.144 |       -0.4 |       -0.7 |     66 | digest\[254\]$_DFFE_PN0P_/D
    1833+ |       0 |     209 |       69 |      9 |    75 |    +1.0% |   -0.144 |       -0.4 |       -0.7 |     66 | digest\[254\]$_DFFE_PN0P_/D
    1834+ |       0 |     209 |       69 |      9 |    75 |    +1.0% |   -0.144 |       -0.4 |       -0.7 |     66 | digest\[254\]$_DFFE_PN0P_/D
    1835+ |       0 |     209 |       69 |      9 |    75 |    +1.0% |   -0.144 |       -0.4 |       -0.7 |     66 | digest\[254\]$_DFFE_PN0P_/D
    1836+ |       0 |     209 |       69 |      9 |    75 |    +1.0% |   -0.144 |       -0.4 |       -0.7 |     66 | digest\[254\]$_DFFE_PN0P_/D
    1837+ |       0 |     209 |       69 |      9 |    75 |    +1.0% |   -0.144 |       -0.4 |       -0.7 |     66 | digest\[254\]$_DFFE_PN0P_/D
    1838+ |       0 |     209 |       69 |      9 |    75 |    +1.0% |   -0.144 |       -0.4 |       -0.7 |     66 | digest\[254\]$_DFFE_PN0P_/D
    1839+ |       0 |     209 |       69 |      9 |    75 |    +1.0% |   -0.144 |       -0.4 |       -0.7 |     66 | digest\[254\]$_DFFE_PN0P_/D
    1840+ |       0 |     209 |       69 |      9 |    75 |    +1.0% |   -0.144 |       -0.4 |       -0.7 |     66 | digest\[254\]$_DFFE_PN0P_/D
    1840+ |       0 |     209 |       69 |      9 |    75 |    +1.0% |   -0.144 |       -0.4 |       -0.7 |     66 | digest\[254\]$_DFFE_PN0P_/D
    1841+ |       0 |     209 |       69 |      9 |    75 |    +1.0% |   -0.144 |       -0.4 |       -0.7 |     66 | digest\[254\]$_DFFE_PN0P_/D
    1842+ |       0 |     209 |       69 |      9 |    75 |    +1.0% |   -0.144 |       -0.4 |       -0.7 |     66 | digest\[254\]$_DFFE_PN0P_/D
    1843+ |       0 |     209 |       69 |      9 |    75 |    +1.0% |   -0.144 |       -0.4 |       -0.7 |     66 | digest\[254\]$_DFFE_PN0P_/D
    1844+ |       0 |     209 |       69 |      9 |    75 |    +1.0% |   -0.144 |       -0.4 |       -0.7 |     66 | digest\[254\]$_DFFE_PN0P_/D
    1845+ |       0 |     209 |       69 |      9 |    75 |    +1.0% |   -0.144 |       -0.4 |       -0.7 |     66 | digest\[254\]$_DFFE_PN0P_/D
    1846+ |       0 |     209 |       69 |      9 |    75 |    +1.0% |   -0.144 |       -0.4 |       -0.7 |     66 | digest\[254\]$_DFFE_PN0P_/D
    1847+ |       0 |     209 |       69 |      9 |    75 |    +1.0% |   -0.144 |       -0.4 |       -0.7 |     66 | digest\[254\]$_DFFE_PN0P_/D
    1848+ |       0 |     209 |       69 |      9 |    75 |    +1.0% |   -0.144 |       -0.4 |       -0.7 |     66 | digest\[254\]$_DFFE_PN0P_/D
    1849+ |       0 |     209 |       69 |      9 |    75 |    +1.0% |   -0.144 |       -0.4 |       -0.7 |     66 | digest\[254\]$_DFFE_PN0P_/D
    1850+ |       0 |     209 |       69 |      9 |    75 |    +1.0% |   -0.144 |       -0.4 |       -0.7 |     66 | digest\[254\]$_DFFE_PN0P_/D
    1850+ |       0 |     209 |       69 |      9 |    75 |    +1.0% |   -0.144 |       -0.4 |       -0.7 |     66 | digest\[254\]$_DFFE_PN0P_/D
    1851+ |       0 |     209 |       69 |      9 |    75 |    +1.0% |   -0.144 |       -0.4 |       -0.7 |     66 | digest\[254\]$_DFFE_PN0P_/D
    1852+ |       0 |     209 |       69 |      9 |    75 |    +1.0% |   -0.144 |       -0.4 |       -0.7 |     66 | digest\[254\]$_DFFE_PN0P_/D
    1853+ |       0 |     209 |       69 |      9 |    75 |    +1.0% |   -0.144 |       -0.4 |       -0.7 |     66 | digest\[254\]$_DFFE_PN0P_/D
    1854+ |       0 |     209 |       69 |      9 |    75 |    +1.0% |   -0.144 |       -0.4 |       -0.7 |     66 | digest\[254\]$_DFFE_PN0P_/D
    1855+ |       0 |     209 |       69 |      9 |    75 |    +1.0% |   -0.144 |       -0.4 |       -0.7 |     66 | digest\[254\]$_DFFE_PN0P_/D
    1856+ |       0 |     209 |       69 |      9 |    75 |    +1.0% |   -0.144 |       -0.4 |       -0.7 |     66 | digest\[254\]$_DFFE_PN0P_/D
    1857+ |       0 |     209 |       69 |      9 |    75 |    +1.0% |   -0.144 |       -0.4 |       -0.7 |     66 | digest\[254\]$_DFFE_PN0P_/D
    1858+ |       0 |     209 |       69 |      9 |    75 |    +1.0% |   -0.144 |       -0.4 |       -0.7 |     66 | digest\[254\]$_DFFE_PN0P_/D
    1859+ |       0 |     209 |       69 |      9 |    75 |    +1.0% |   -0.144 |       -0.4 |       -0.7 |     66 | digest\[254\]$_DFFE_PN0P_/D
    1860+ |       0 |     209 |       69 |      9 |    75 |    +1.0% |   -0.144 |       -0.4 |       -0.7 |     66 | digest\[254\]$_DFFE_PN0P_/D
    1860+ |       0 |     209 |       69 |      9 |    75 |    +1.0% |   -0.144 |       -0.4 |       -0.7 |     66 | digest\[254\]$_DFFE_PN0P_/D
    1861+ |       0 |     209 |       69 |      9 |    75 |    +1.0% |   -0.144 |       -0.4 |       -0.7 |     66 | digest\[254\]$_DFFE_PN0P_/D
    1862+ |       0 |     209 |       69 |      9 |    75 |    +1.0% |   -0.144 |       -0.4 |       -0.7 |     66 | digest\[254\]$_DFFE_PN0P_/D
    1863+ |       0 |     209 |       69 |      9 |    75 |    +1.0% |   -0.144 |       -0.4 |       -0.7 |     66 | digest\[254\]$_DFFE_PN0P_/D
    1864+ |       0 |     209 |       69 |      9 |    75 |    +1.0% |   -0.144 |       -0.4 |       -0.7 |     66 | digest\[254\]$_DFFE_PN0P_/D
    1865+ |       0 |     209 |       69 |      9 |    75 |    +1.0% |   -0.144 |       -0.4 |       -0.7 |     66 | digest\[254\]$_DFFE_PN0P_/D
    1866+ |       0 |     209 |       69 |      9 |    75 |    +1.0% |   -0.144 |       -0.4 |       -0.7 |     66 | digest\[254\]$_DFFE_PN0P_/D
    1867+ |       0 |     209 |       69 |      9 |    75 |    +1.0% |   -0.144 |       -0.4 |       -0.7 |     66 | digest\[254\]$_DFFE_PN0P_/D
    1868+ |       0 |     209 |       69 |      9 |    75 |    +1.0% |   -0.144 |       -0.4 |       -0.7 |     66 | digest\[254\]$_DFFE_PN0P_/D
    1869+ |       0 |     209 |       69 |      9 |    75 |    +1.0% |   -0.144 |       -0.4 |       -0.7 |     66 | digest\[254\]$_DFFE_PN0P_/D
    1870+ |       0 |     209 |       69 |      9 |    75 |    +1.0% |   -0.144 |       -0.4 |       -0.7 |     66 | digest\[254\]$_DFFE_PN0P_/D
    1870+ |       0 |     209 |       69 |      9 |    75 |    +1.0% |   -0.144 |       -0.4 |       -0.7 |     66 | digest\[254\]$_DFFE_PN0P_/D
    1871+ |       0 |     209 |       69 |      9 |    75 |    +1.0% |   -0.144 |       -0.4 |       -0.7 |     66 | digest\[254\]$_DFFE_PN0P_/D
    1872+ |       0 |     209 |       69 |      9 |    75 |    +1.0% |   -0.144 |       -0.4 |       -0.7 |     66 | digest\[254\]$_DFFE_PN0P_/D
    1873+ |       0 |     209 |       69 |      9 |    75 |    +1.0% |   -0.144 |       -0.4 |       -0.7 |     66 | digest\[254\]$_DFFE_PN0P_/D
    1874+ |       0 |     209 |       69 |      9 |    75 |    +1.0% |   -0.144 |       -0.4 |       -0.7 |     66 | digest\[254\]$_DFFE_PN0P_/D
    1875+ |       0 |     209 |       69 |      9 |    75 |    +1.0% |   -0.144 |       -0.4 |       -0.7 |     66 | digest\[254\]$_DFFE_PN0P_/D
    1876+ |       0 |     209 |       69 |      9 |    75 |    +1.0% |   -0.144 |       -0.4 |       -0.7 |     66 | digest\[254\]$_DFFE_PN0P_/D
    final |       0 |     209 |       69 |      9 |    75 |    +1.0% |   -0.144 |       -0.4 |       -0.7 |     66 | digest\[254\]$_DFFE_PN0P_/D
------------------------------------------------------------------------------------------------------------------------------
[INFO RSZ-0040] Inserted 69 buffers.
[INFO RSZ-0051] Resized 209 instances: 209 up, 0 up match, 0 down, 0 VT
[INFO RSZ-0043] Swapped pins on 75 instances.
[INFO RSZ-0049] Cloned 9 instances.
[WARNING RSZ-0062] Unable to repair all setup violations.
[INFO RSZ-0505] Runtime: 51.40s
[INFO RSZ-0033] No hold violations found.
[INFO RSZ-0506] Runtime: 0.02s
Took 52 seconds: repair_timing -setup_margin 1 -hold_margin 0 -repair_tns 100 -match_cell_footprint -verbose
Warning: master sky130_ef_sc_hd__decap_12 has signal pins but no liberty cell
Repair timing output passed lec test
detailed_placement
[INFO DPL-0006] Core area: 366373.88 um^2
[INFO DPL-0007] Movable instances area: 198044.94 um^2
[INFO DPL-0008] Fixed instances area within core: 6025.78 um^2
[INFO DPL-0009] Utilization: 55.7%
[INFO DPL-0005] Diamond search max displacement: +/- 500 sites horizontally, +/- 100 rows vertically.
[INFO DPL-1102] Legalizing using negotiation legalizer.
[INFO DPL-1103] Negotiation base search window: +/-20 sites horizontally, +/-5 rows vertically 
	Automatic search window extension enabled.
	Search window extendable up to the max displacement cap of +/-500 sites, +/-100 rows near walls.
[INFO DPL-1104] NegotiationLegalizer DRC penalty: 5.
[INFO DPL-0392] Negotiation cell height distribution (1 unique row-count(s)):
[INFO DPL-0393]   height 1 row(s): 21446 cells
          |      Total |  Illegal |  Illegal
Iteration | Violations |    Cells |    Sites
---------------------------------------------
        0 |         40 |         8 |        32
        1 |          0 |         0 |         0
Negotiation phase 1 converged at iteration 1.
[INFO DPL-0500] Runtime: 0.10s
Placement Analysis
---------------------------------
total displacement        979.4 u
average displacement        0.0 u
max displacement           16.3 u
original HPWL          636875.1 u
legalized HPWL         637762.0 u
delta HPWL                    0 %

estimate_parasitics -placement
Report metrics stage 4, cts final...

==========================================================================
cts final report_design_area
--------------------------------------------------------------------------
Design area 204071 um^2 56% utilization.
write_db ./results/sky130hd/chia_sha256_benchmark_corrupted/slot2/4_1_cts.odb
write_sdc -no_timestamp ./results/sky130hd/chia_sha256_benchmark_corrupted/slot2/4_cts.sdc
Log                       Ext     Elapsed/s Peak Memory/MB sha1sum result [0:20)
4_1_cts                   .odb           88            354 1182dfe1553787e17e74
cp ./results/sky130hd/chia_sha256_benchmark_corrupted/slot2/4_1_cts.odb ./results/sky130hd/chia_sha256_benchmark_corrupted/slot2/4_cts.odb
make: Leaving directory '/root/OpenROAD-flow-scripts/flow'

STDERR:
bash: /opt/miniconda/lib/libtinfo.so.6: no version information available (required by bash)
bash: /opt/miniconda/lib/libtinfo.so.6: no version information available (required by bash)
bash: /opt/miniconda/lib/libtinfo.so.6: no version information available (required by bash)
bash: /opt/miniconda/lib/libtinfo.so.6: no version information available (required by bash)
bash: /opt/miniconda/lib/libtinfo.so.6: no version information available (required by bash)
bash: /opt/miniconda/lib/libtinfo.so.6: no version information available (required by bash)
bash: /opt/miniconda/lib/libtinfo.so.6: no version information available (required by bash)
bash: /opt/miniconda/lib/libtinfo.so.6: no version information available (required by bash)
bash: /opt/miniconda/lib/libtinfo.so.6: no version information available (required by bash)
bash: /opt/miniconda/lib/libtinfo.so.6: no version information available (required by bash)
bash: /opt/miniconda/lib/libtinfo.so.6: no version information available (required by bash)
bash: /opt/miniconda/lib/libtinfo.so.6: no version information available (required by bash)
bash: /opt/miniconda/lib/libtinfo.so.6: no version information available (required by bash)
bash: /opt/miniconda/lib/libtinfo.so.6: no version information available (required by bash)
bash: /opt/miniconda/lib/libtinfo.so.6: no version information available (required by bash)
bash: /opt/miniconda/lib/libtinfo.so.6: no version information available (required by bash)
bash: /opt/miniconda/lib/libtinfo.so.6: no version information available (required by bash)
bash: /opt/miniconda/lib/libtinfo.so.6: no version information available (required by bash)
bash: /opt/miniconda/lib/libtinfo.so.6: no version information available (required by bash)
bash: /opt/miniconda/lib/libtinfo.so.6: no version information available (required by bash)
bash: /opt/miniconda/lib/libtinfo.so.6: no version information available (required by bash)
bash: /opt/miniconda/lib/libtinfo.so.6: no version information available (required by bash)
bash: /opt/miniconda/lib/libtinfo.so.6: no version information available (required by bash)
bash: /opt/miniconda/lib/libtinfo.so.6: no version information available (required by bash)
Elapsed time: 1:28.87[h:]min:sec. CPU time: user 89.00 sys 0.42 (100%). Peak memory: 362664KB.
bash: /opt/miniconda/lib/libtinfo.so.6: no version information available (required by bash)
bash: /opt/miniconda/lib/libtinfo.so.6: no version information available (required by bash)
bash: /opt/miniconda/lib/libtinfo.so.6: no version information available (required by bash)
bash: /opt/miniconda/lib/libtinfo.so.6: no version information available (required by bash)
bash: /opt/miniconda/lib/libtinfo.so.6: no version information available (required by bash)
bash: /opt/miniconda/lib/libtinfo.so.6: no version information available (required by bash)
bash: /opt/miniconda/lib/libtinfo.so.6: no version information available (required by bash)
bash: /opt/miniconda/lib/libtinfo.so.6: no version information available (required by bash)
bash: /opt/miniconda/lib/libtinfo.so.6: no version information available (required by bash)
bash: /opt/miniconda/lib/libtinfo.so.6: no version information available (required by bash)
bash: /opt/miniconda/lib/libtinfo.so.6: no version information available (required by bash)
bash: /opt/miniconda/lib/libtinfo.so.6: no version information available (required by bash)
bash: /opt/miniconda/lib/libtinfo.so.6: no version information available (required by bash)
