make: Entering directory '/root/OpenROAD-flow-scripts/flow'
./logs/sky130hs/gcd/slot1
Log                       Ext     Elapsed/s Peak Memory/MB sha1sum result [0:20)
1_1_yosys_canonicalize    .rtlil          0            121 2e75b25be8e5a7e88cdf
1_2_yosys                 .v              1            125 1c0f31d55e53b1392ca7
1_2_yosys                 .sdc                             6b95ee329fb10311b5ed
1_synth                   .odb            0            145 80fc2cf135103259ee5c
1_synth                   .sdc                             15c4a3f0f3443523b7a2
2_1_floorplan             .odb            0            163 78b264b0fa0e1a09e7a7
2_1_floorplan             .sdc                             15c4a3f0f3443523b7a2
2_2_floorplan_macro       .odb            0            143 78b264b0fa0e1a09e7a7
2_3_floorplan_tapcell     .odb            0            142 53224956af318c07003e
2_4_floorplan_pdn         .odb            0            146 a265b3592277da1a4296
3_1_place_gp_skip_io      .odb            0            145 d67bfc6c3684540d07b5
3_2_place_iop             .odb            0            144 91b3306f230719d08432
3_3_place_gp              .odb            1            270 ed558e8d1e0debe7073b
3_4_place_resized         .odb            1            169 2ab72ad99f2307024f49
3_5_place_dp              .odb            0            149 a717381896cdd654a8b0
4_1_cts                   .odb            2            189 75b5d3ff3e1ffc7612f0
5_1_grt                   .odb           18            283 907f6420f3637b5913c4
5_1_grt                   .sdc                             51aec277d801de39e77e
5_2_route                 .odb           23            615 6532fc75034ef1b7c2a6
5_3_fillcell              .odb            0            146 a35d05f2870ad9bf3161
6_1_fill                  .odb            0            143 a35d05f2870ad9bf3161
6_1_fill                  .sdc                             51aec277d801de39e77e
6_1_merge                                 1            430                  N/A
6_report                                  1            205                  N/A
Total                                    48            615                     
mkdir -p ./reports/sky130hs/gcd/slot1
echo /root/OpenROAD-flow-scripts/flow/designs/sky130hs/gcd > ./reports/sky130hs/gcd/slot1/design-dir.txt
/opt/miniconda/envs/chia_env/bin/python3 /root/OpenROAD-flow-scripts/flow/util/genMetrics.py -d gcd \
    -p sky130hs \
    -v slot1 \
    --logs ./logs/sky130hs/gcd/slot1 \
    --reports ./reports/sky130hs/gcd/slot1 \
    --results ./results/sky130hs/gcd/slot1 \
    -o ./reports/sky130hs/gcd/slot1/metadata.json 2>&1 \
    | tee /root/OpenROAD-flow-scripts/flow/reports/sky130hs/gcd/slot1/metadata-generate.log
[WARN] not a git repo: /root/OpenROAD-flow-scripts/flow/util/../
[WARN] not a git repo: /root/OpenROAD-flow-scripts/flow/platforms/sky130hs
[WARN] Tag globalroute__timing__clock__slack not found in ./logs/sky130hs/gcd/slot1/5_1_grt.log. Will use N/A.
[WARN] Overwriting Tag synth__runtime__total
[WARN] Overwriting Tag synth__cpu__total
[WARN] Overwriting Tag synth__mem__peak
[WARN] Overwriting Tag finish__runtime__total
[WARN] Overwriting Tag finish__cpu__total
[WARN] Overwriting Tag finish__mem__peak
/opt/miniconda/envs/chia_env/bin/python3 /root/OpenROAD-flow-scripts/flow/util/checkMetadata.py \
    -m ./reports/sky130hs/gcd/slot1/metadata.json \
    -r /root/OpenROAD-flow-scripts/flow/designs/sky130hs/gcd/rules-slot1.json 2>&1 \
    | tee /root/OpenROAD-flow-scripts/flow/reports/sky130hs/gcd/slot1/metadata-check.log
[WARN] File /root/OpenROAD-flow-scripts/flow/designs/sky130hs/gcd/rules-slot1.json not found
No rules
make: Leaving directory '/root/OpenROAD-flow-scripts/flow'

STDERR:
bash: /opt/miniconda/lib/libtinfo.so.6: no version information available (required by bash)
bash: /opt/miniconda/lib/libtinfo.so.6: no version information available (required by bash)
bash: /opt/miniconda/lib/libtinfo.so.6: no version information available (required by bash)
bash: /opt/miniconda/lib/libtinfo.so.6: no version information available (required by bash)
bash: /opt/miniconda/lib/libtinfo.so.6: no version information available (required by bash)
bash: /opt/miniconda/lib/libtinfo.so.6: no version information available (required by bash)
bash: /opt/miniconda/lib/libtinfo.so.6: no version information available (required by bash)
bash: /opt/miniconda/lib/libtinfo.so.6: no version information available (required by bash)
bash: /opt/miniconda/lib/libtinfo.so.6: no version information available (required by bash)
bash: /opt/miniconda/lib/libtinfo.so.6: no version information available (required by bash)
bash: /opt/miniconda/lib/libtinfo.so.6: no version information available (required by bash)
bash: /opt/miniconda/lib/libtinfo.so.6: no version information available (required by bash)
bash: /opt/miniconda/lib/libtinfo.so.6: no version information available (required by bash)
bash: /opt/miniconda/lib/libtinfo.so.6: no version information available (required by bash)
bash: /opt/miniconda/lib/libtinfo.so.6: no version information available (required by bash)
bash: /opt/miniconda/lib/libtinfo.so.6: no version information available (required by bash)
bash: /opt/miniconda/lib/libtinfo.so.6: no version information available (required by bash)
bash: /opt/miniconda/lib/libtinfo.so.6: no version information available (required by bash)
bash: /opt/miniconda/lib/libtinfo.so.6: no version information available (required by bash)
bash: /opt/miniconda/lib/libtinfo.so.6: no version information available (required by bash)
bash: /opt/miniconda/lib/libtinfo.so.6: no version information available (required by bash)
bash: /opt/miniconda/lib/libtinfo.so.6: no version information available (required by bash)
bash: /opt/miniconda/lib/libtinfo.so.6: no version information available (required by bash)
bash: /opt/miniconda/lib/libtinfo.so.6: no version information available (required by bash)
bash: /opt/miniconda/lib/libtinfo.so.6: no version information available (required by bash)
bash: /opt/miniconda/lib/libtinfo.so.6: no version information available (required by bash)
bash: /opt/miniconda/lib/libtinfo.so.6: no version information available (required by bash)
bash: /opt/miniconda/lib/libtinfo.so.6: no version information available (required by bash)
bash: /opt/miniconda/lib/libtinfo.so.6: no version information available (required by bash)
bash: /opt/miniconda/lib/libtinfo.so.6: no version information available (required by bash)
bash: /opt/miniconda/lib/libtinfo.so.6: no version information available (required by bash)
bash: /opt/miniconda/lib/libtinfo.so.6: no version information available (required by bash)
bash: /opt/miniconda/lib/libtinfo.so.6: no version information available (required by bash)
bash: /opt/miniconda/lib/libtinfo.so.6: no version information available (required by bash)
bash: /opt/miniconda/lib/libtinfo.so.6: no version information available (required by bash)
bash: /opt/miniconda/lib/libtinfo.so.6: no version information available (required by bash)
bash: /opt/miniconda/lib/libtinfo.so.6: no version information available (required by bash)
bash: /opt/miniconda/lib/libtinfo.so.6: no version information available (required by bash)
bash: /opt/miniconda/lib/libtinfo.so.6: no version information available (required by bash)
make: *** [/root/OpenROAD-flow-scripts/flow/util/utils.mk:36: metadata-check] Error 1
