
==========================================================================
finish report_tns
--------------------------------------------------------------------------
tns max -1.84

==========================================================================
finish report_wns
--------------------------------------------------------------------------
wns max -0.22

==========================================================================
finish report_worst_slack
--------------------------------------------------------------------------
worst slack max -0.22

==========================================================================
finish report_clock_min_period
--------------------------------------------------------------------------
core_clock period_min = 12.72 fmax = 78.59
vclk period_min = 0.00 fmax = inf

==========================================================================
finish report_clock_skew
--------------------------------------------------------------------------
Clock core_clock
   0.98 source latency W[1765]$_DFFE_PN0P_/CLK ^
  -0.91 target latency W[508]$_DFFE_PN0P_/CLK ^
   0.00 CRPR
--------------
   0.07 setup skew

Clock vclk
No launch/capture paths found.


==========================================================================
finish report_checks -path_delay min
--------------------------------------------------------------------------
Startpoint: rst_n (input port clocked by vclk)
Endpoint: W[611]$_DFFE_PN0P_
          (removal check against rising-edge clock core_clock)
Path Group: asynchronous
Path Type: min

Fanout     Cap    Slew   Delay    Time   Description
-----------------------------------------------------------------------------
                  0.00    0.00    0.00   clock vclk (rise edge)
                          0.00    0.00   clock network delay (ideal)
                          2.50    2.50 ^ input external delay
     1    0.02    0.00    0.00    2.50 ^ rst_n (in)
                                         rst_n (net)
                  0.00    0.00    2.50 ^ input514/A (sky130_fd_sc_hd__buf_16)
    97    0.58    0.55    0.27    2.78 ^ input514/X (sky130_fd_sc_hd__buf_16)
                                         net513 (net)
                  0.61    0.13    2.91 ^ W[611]$_DFFE_PN0P_/RESET_B (sky130_fd_sc_hd__dfrtp_1)
                                  2.91   data arrival time

                          0.00    0.00   clock core_clock (rise edge)
                          0.00    0.00   clock source latency
     2    0.11    0.00    0.00    0.00 ^ clk (in)
                                         clk (net)
                  0.01    0.00    0.00 ^ clkbuf_0_clk/A (sky130_fd_sc_hd__clkbuf_16)
     4    0.16    0.18    0.22    0.22 ^ clkbuf_0_clk/X (sky130_fd_sc_hd__clkbuf_16)
                                         clknet_0_clk (net)
                  0.18    0.00    0.23 ^ clkbuf_2_2_0_clk/A (sky130_fd_sc_hd__clkbuf_16)
     8    0.17    0.18    0.27    0.50 ^ clkbuf_2_2_0_clk/X (sky130_fd_sc_hd__clkbuf_16)
                                         clknet_2_2_0_clk (net)
                  0.18    0.01    0.51 ^ clkbuf_5_21__f_clk/A (sky130_fd_sc_hd__clkbuf_16)
    10    0.13    0.15    0.25    0.76 ^ clkbuf_5_21__f_clk/X (sky130_fd_sc_hd__clkbuf_16)
                                         clknet_5_21__leaf_clk (net)
                  0.15    0.00    0.76 ^ clkbuf_leaf_191_clk/A (sky130_fd_sc_hd__clkbuf_16)
     9    0.04    0.06    0.17    0.94 ^ clkbuf_leaf_191_clk/X (sky130_fd_sc_hd__clkbuf_16)
                                         clknet_leaf_191_clk (net)
                  0.06    0.00    0.94 ^ W[611]$_DFFE_PN0P_/CLK (sky130_fd_sc_hd__dfrtp_1)
                          0.00    0.94   clock reconvergence pessimism
                          0.48    1.42   library removal time
                                  1.42   data required time
-----------------------------------------------------------------------------
                                  1.42   data required time
                                 -2.91   data arrival time
-----------------------------------------------------------------------------
                                  1.49   slack (MET)


Startpoint: digest[168]$_DFFE_PN0P_
            (rising edge-triggered flip-flop clocked by core_clock)
Endpoint: digest[168]$_DFFE_PN0P_
          (rising edge-triggered flip-flop clocked by core_clock)
Path Group: core_clock
Path Type: min

Fanout     Cap    Slew   Delay    Time   Description
-----------------------------------------------------------------------------
                          0.00    0.00   clock core_clock (rise edge)
                          0.00    0.00   clock source latency
     2    0.11    0.00    0.00    0.00 ^ clk (in)
                                         clk (net)
                  0.01    0.00    0.00 ^ clkbuf_0_clk/A (sky130_fd_sc_hd__clkbuf_16)
     4    0.16    0.18    0.22    0.22 ^ clkbuf_0_clk/X (sky130_fd_sc_hd__clkbuf_16)
                                         clknet_0_clk (net)
                  0.18    0.01    0.23 ^ clkbuf_2_1_0_clk/A (sky130_fd_sc_hd__clkbuf_16)
     8    0.16    0.17    0.27    0.50 ^ clkbuf_2_1_0_clk/X (sky130_fd_sc_hd__clkbuf_16)
                                         clknet_2_1_0_clk (net)
                  0.17    0.01    0.50 ^ clkbuf_5_10__f_clk/A (sky130_fd_sc_hd__clkbuf_16)
    12    0.16    0.17    0.27    0.77 ^ clkbuf_5_10__f_clk/X (sky130_fd_sc_hd__clkbuf_16)
                                         clknet_5_10__leaf_clk (net)
                  0.17    0.00    0.77 ^ clkbuf_leaf_52_clk/A (sky130_fd_sc_hd__clkbuf_16)
    11    0.04    0.06    0.18    0.96 ^ clkbuf_leaf_52_clk/X (sky130_fd_sc_hd__clkbuf_16)
                                         clknet_leaf_52_clk (net)
                  0.06    0.00    0.96 ^ digest[168]$_DFFE_PN0P_/CLK (sky130_fd_sc_hd__dfrtp_1)
     2    0.01    0.07    0.34    1.30 ^ digest[168]$_DFFE_PN0P_/Q (sky130_fd_sc_hd__dfrtp_1)
                                         net590 (net)
                  0.07    0.00    1.30 ^ _18384_/A (sky130_fd_sc_hd__nand2_1)
     1    0.00    0.03    0.04    1.34 v _18384_/Y (sky130_fd_sc_hd__nand2_1)
                                         _04646_ (net)
                  0.03    0.00    1.34 v _18385_/B1 (sky130_fd_sc_hd__o21ai_0)
     1    0.00    0.06    0.06    1.40 ^ _18385_/Y (sky130_fd_sc_hd__o21ai_0)
                                         _00854_ (net)
                  0.06    0.00    1.40 ^ digest[168]$_DFFE_PN0P_/D (sky130_fd_sc_hd__dfrtp_1)
                                  1.40   data arrival time

                          0.00    0.00   clock core_clock (rise edge)
                          0.00    0.00   clock source latency
     2    0.11    0.00    0.00    0.00 ^ clk (in)
                                         clk (net)
                  0.01    0.00    0.00 ^ clkbuf_0_clk/A (sky130_fd_sc_hd__clkbuf_16)
     4    0.16    0.18    0.22    0.22 ^ clkbuf_0_clk/X (sky130_fd_sc_hd__clkbuf_16)
                                         clknet_0_clk (net)
                  0.18    0.01    0.23 ^ clkbuf_2_1_0_clk/A (sky130_fd_sc_hd__clkbuf_16)
     8    0.16    0.17    0.27    0.50 ^ clkbuf_2_1_0_clk/X (sky130_fd_sc_hd__clkbuf_16)
                                         clknet_2_1_0_clk (net)
                  0.17    0.01    0.50 ^ clkbuf_5_10__f_clk/A (sky130_fd_sc_hd__clkbuf_16)
    12    0.16    0.17    0.27    0.77 ^ clkbuf_5_10__f_clk/X (sky130_fd_sc_hd__clkbuf_16)
                                         clknet_5_10__leaf_clk (net)
                  0.17    0.00    0.77 ^ clkbuf_leaf_52_clk/A (sky130_fd_sc_hd__clkbuf_16)
    11    0.04    0.06    0.18    0.96 ^ clkbuf_leaf_52_clk/X (sky130_fd_sc_hd__clkbuf_16)
                                         clknet_leaf_52_clk (net)
                  0.06    0.00    0.96 ^ digest[168]$_DFFE_PN0P_/CLK (sky130_fd_sc_hd__dfrtp_1)
                          0.00    0.96   clock reconvergence pessimism
                         -0.04    0.92   library hold time
                                  0.92   data required time
-----------------------------------------------------------------------------
                                  0.92   data required time
                                 -1.40   data arrival time
-----------------------------------------------------------------------------
                                  0.48   slack (MET)


Startpoint: digest[104]$_DFFE_PN0P_
            (rising edge-triggered flip-flop clocked by core_clock)
Endpoint: digest[104] (output port clocked by vclk)
Path Group: vclk
Path Type: min

Fanout     Cap    Slew   Delay    Time   Description
-----------------------------------------------------------------------------
                          0.00    0.00   clock core_clock (rise edge)
                          0.00    0.00   clock source latency
     2    0.11    0.00    0.00    0.00 ^ clk (in)
                                         clk (net)
                  0.01    0.00    0.00 ^ clkbuf_0_clk/A (sky130_fd_sc_hd__clkbuf_16)
     4    0.16    0.18    0.22    0.22 ^ clkbuf_0_clk/X (sky130_fd_sc_hd__clkbuf_16)
                                         clknet_0_clk (net)
                  0.18    0.01    0.23 ^ clkbuf_2_1_0_clk/A (sky130_fd_sc_hd__clkbuf_16)
     8    0.16    0.17    0.27    0.50 ^ clkbuf_2_1_0_clk/X (sky130_fd_sc_hd__clkbuf_16)
                                         clknet_2_1_0_clk (net)
                  0.17    0.00    0.50 ^ clkbuf_5_11__f_clk/A (sky130_fd_sc_hd__clkbuf_16)
    10    0.15    0.16    0.26    0.76 ^ clkbuf_5_11__f_clk/X (sky130_fd_sc_hd__clkbuf_16)
                                         clknet_5_11__leaf_clk (net)
                  0.16    0.00    0.76 ^ clkbuf_leaf_57_clk/A (sky130_fd_sc_hd__clkbuf_16)
    12    0.04    0.06    0.18    0.94 ^ clkbuf_leaf_57_clk/X (sky130_fd_sc_hd__clkbuf_16)
                                         clknet_leaf_57_clk (net)
                  0.06    0.00    0.94 ^ digest[104]$_DFFE_PN0P_/CLK (sky130_fd_sc_hd__dfrtp_1)
     2    0.01    0.05    0.37    1.32 v digest[104]$_DFFE_PN0P_/Q (sky130_fd_sc_hd__dfrtp_1)
                                         net520 (net)
                  0.05    0.00    1.32 v output521/A (sky130_fd_sc_hd__clkdlybuf4s50_1)
     1    0.00    0.04    0.41    1.72 v output521/X (sky130_fd_sc_hd__clkdlybuf4s50_1)
                                         digest[104] (net)
                  0.04    0.00    1.72 v digest[104] (out)
                                  1.72   data arrival time

                  0.00    0.00    0.00   clock vclk (rise edge)
                          0.00    0.00   clock network delay (ideal)
                          0.00    0.00   clock reconvergence pessimism
                         -2.50   -2.50   output external delay
                                 -2.50   data required time
-----------------------------------------------------------------------------
                                 -2.50   data required time
                                 -1.72   data arrival time
-----------------------------------------------------------------------------
                                  4.22   slack (MET)



==========================================================================
finish report_checks -path_delay max
--------------------------------------------------------------------------
Startpoint: rst_n (input port clocked by vclk)
Endpoint: digest[250]$_DFFE_PN0P_
          (recovery check against rising-edge clock core_clock)
Path Group: asynchronous
Path Type: max

Fanout     Cap    Slew   Delay    Time   Description
-----------------------------------------------------------------------------
                  0.00    0.00    0.00   clock vclk (rise edge)
                          0.00    0.00   clock network delay (ideal)
                          2.50    2.50 ^ input external delay
     1    0.02    0.00    0.00    2.50 ^ rst_n (in)
                                         rst_n (net)
                  0.00    0.00    2.50 ^ input514/A (sky130_fd_sc_hd__buf_16)
    97    0.58    0.55    0.27    2.78 ^ input514/X (sky130_fd_sc_hd__buf_16)
                                         net513 (net)
                  0.82    0.32    3.10 ^ place4444/A (sky130_fd_sc_hd__buf_12)
   112    0.60    0.65    0.49    3.58 ^ place4444/X (sky130_fd_sc_hd__buf_12)
                                         net4443 (net)
                  0.81    0.25    3.84 ^ place4443/A (sky130_fd_sc_hd__buf_4)
    41    0.22    0.60    0.63    4.47 ^ place4443/X (sky130_fd_sc_hd__buf_4)
                                         net4442 (net)
                  0.60    0.02    4.48 ^ place4442/A (sky130_fd_sc_hd__buf_12)
   123    0.61    0.68    0.55    5.03 ^ place4442/X (sky130_fd_sc_hd__buf_12)
                                         net4441 (net)
                  0.73    0.15    5.18 ^ digest[250]$_DFFE_PN0P_/RESET_B (sky130_fd_sc_hd__dfrtp_1)
                                  5.18   data arrival time

                         12.50   12.50   clock core_clock (rise edge)
                          0.00   12.50   clock source latency
     2    0.11    0.00    0.00   12.50 ^ clk (in)
                                         clk (net)
                  0.01    0.00   12.50 ^ clkbuf_0_clk/A (sky130_fd_sc_hd__clkbuf_16)
     4    0.16    0.18    0.22   12.72 ^ clkbuf_0_clk/X (sky130_fd_sc_hd__clkbuf_16)
                                         clknet_0_clk (net)
                  0.18    0.01   12.73 ^ clkbuf_2_1_0_clk/A (sky130_fd_sc_hd__clkbuf_16)
     8    0.16    0.17    0.27   13.00 ^ clkbuf_2_1_0_clk/X (sky130_fd_sc_hd__clkbuf_16)
                                         clknet_2_1_0_clk (net)
                  0.17    0.00   13.00 ^ clkbuf_5_9__f_clk/A (sky130_fd_sc_hd__clkbuf_16)
     6    0.12    0.13    0.24   13.24 ^ clkbuf_5_9__f_clk/X (sky130_fd_sc_hd__clkbuf_16)
                                         clknet_5_9__leaf_clk (net)
                  0.13    0.00   13.24 ^ clkbuf_leaf_41_clk/A (sky130_fd_sc_hd__clkbuf_16)
     8    0.04    0.06    0.17   13.41 ^ clkbuf_leaf_41_clk/X (sky130_fd_sc_hd__clkbuf_16)
                                         clknet_leaf_41_clk (net)
                  0.06    0.00   13.42 ^ digest[250]$_DFFE_PN0P_/CLK (sky130_fd_sc_hd__dfrtp_1)
                          0.00   13.42   clock reconvergence pessimism
                          0.06   13.47   library recovery time
                                 13.47   data required time
-----------------------------------------------------------------------------
                                 13.47   data required time
                                 -5.18   data arrival time
-----------------------------------------------------------------------------
                                  8.29   slack (MET)


Startpoint: round[1]$_DFFE_PN0P_
            (rising edge-triggered flip-flop clocked by core_clock)
Endpoint: digest[255]$_DFFE_PN0P_
          (rising edge-triggered flip-flop clocked by core_clock)
Path Group: core_clock
Path Type: max

Fanout     Cap    Slew   Delay    Time   Description
-----------------------------------------------------------------------------
                          0.00    0.00   clock core_clock (rise edge)
                          0.00    0.00   clock source latency
     2    0.11    0.00    0.00    0.00 ^ clk (in)
                                         clk (net)
                  0.01    0.00    0.00 ^ clkbuf_0_clk/A (sky130_fd_sc_hd__clkbuf_16)
     4    0.16    0.18    0.22    0.22 ^ clkbuf_0_clk/X (sky130_fd_sc_hd__clkbuf_16)
                                         clknet_0_clk (net)
                  0.18    0.00    0.23 ^ clkbuf_2_0_0_clk/A (sky130_fd_sc_hd__clkbuf_16)
     8    0.16    0.17    0.27    0.50 ^ clkbuf_2_0_0_clk/X (sky130_fd_sc_hd__clkbuf_16)
                                         clknet_2_0_0_clk (net)
                  0.17    0.00    0.50 ^ clkbuf_5_7__f_clk/A (sky130_fd_sc_hd__clkbuf_16)
     8    0.14    0.15    0.26    0.76 ^ clkbuf_5_7__f_clk/X (sky130_fd_sc_hd__clkbuf_16)
                                         clknet_5_7__leaf_clk (net)
                  0.15    0.00    0.76 ^ clkbuf_leaf_88_clk/A (sky130_fd_sc_hd__clkbuf_16)
     9    0.04    0.06    0.18    0.94 ^ clkbuf_leaf_88_clk/X (sky130_fd_sc_hd__clkbuf_16)
                                         clknet_leaf_88_clk (net)
                  0.06    0.00    0.94 ^ round[1]$_DFFE_PN0P_/CLK (sky130_fd_sc_hd__dfrtp_4)
     4    0.03    0.11    0.46    1.40 ^ round[1]$_DFFE_PN0P_/Q (sky130_fd_sc_hd__dfrtp_4)
                                         round[1] (net)
                  0.11    0.00    1.40 ^ _12950_/A (sky130_fd_sc_hd__clkinv_4)
     2    0.01    0.04    0.06    1.46 v _12950_/Y (sky130_fd_sc_hd__clkinv_4)
                                         _09067_ (net)
                  0.04    0.00    1.46 v _25435_/B (sky130_fd_sc_hd__ha_4)
     2    0.02    0.07    0.29    1.76 ^ _25435_/SUM (sky130_fd_sc_hd__ha_4)
                                         _00451_ (net)
                  0.07    0.00    1.76 ^ rebuffer4775/A (sky130_fd_sc_hd__buf_12)
     2    0.03    0.05    0.12    1.88 ^ rebuffer4775/X (sky130_fd_sc_hd__buf_12)
                                         net4774 (net)
                  0.05    0.00    1.88 ^ place3954/A (sky130_fd_sc_hd__buf_12)
     7    0.08    0.10    0.15    2.03 ^ place3954/X (sky130_fd_sc_hd__buf_12)
                                         net3953 (net)
                  0.11    0.01    2.04 ^ rebuffer4793/A (sky130_fd_sc_hd__buf_4)
     1    0.01    0.03    0.12    2.17 ^ rebuffer4793/X (sky130_fd_sc_hd__buf_4)
                                         net4792 (net)
                  0.03    0.00    2.17 ^ place3951/A (sky130_fd_sc_hd__buf_4)
    10    0.06    0.16    0.19    2.36 ^ place3951/X (sky130_fd_sc_hd__buf_4)
                                         net3950 (net)
                  0.16    0.00    2.36 ^ _24570_/S1 (sky130_fd_sc_hd__mux4_2)
     1    0.01    0.10    0.35    2.71 v _24570_/X (sky130_fd_sc_hd__mux4_2)
                                         _08548_ (net)
                  0.10    0.00    2.71 v _24574_/A0 (sky130_fd_sc_hd__mux4_2)
     1    0.06    0.21    0.65    3.36 v _24574_/X (sky130_fd_sc_hd__mux4_2)
                                         _08552_ (net)
                  0.21    0.00    3.37 v _24575_/A3 (sky130_fd_sc_hd__mux4_2)
     2    0.05    0.20    0.69    4.06 v _24575_/X (sky130_fd_sc_hd__mux4_2)
                                         _08553_ (net)
                  0.20    0.00    4.06 v rebuffer4527/A (sky130_fd_sc_hd__buf_4)
     1    0.01    0.03    0.21    4.27 v rebuffer4527/X (sky130_fd_sc_hd__buf_4)
                                         net4526 (net)
                  0.03    0.00    4.27 v _24849_/A (sky130_fd_sc_hd__xnor2_2)
     1    0.01    0.09    0.15    4.42 v _24849_/Y (sky130_fd_sc_hd__xnor2_2)
                                         _08818_ (net)
                  0.09    0.00    4.42 v _24850_/B (sky130_fd_sc_hd__xnor2_2)
     1    0.01    0.07    0.16    4.58 v _24850_/Y (sky130_fd_sc_hd__xnor2_2)
                                         _00247_ (net)
                  0.07    0.00    4.58 v _25332_/B (sky130_fd_sc_hd__fa_1)
     1    0.01    0.12    0.46    5.04 v _25332_/COUT (sky130_fd_sc_hd__fa_1)
                                         _12816_ (net)
                  0.12    0.00    5.04 v _25366_/B (sky130_fd_sc_hd__fa_1)
     1    0.01    0.12    0.54    5.58 v _25366_/SUM (sky130_fd_sc_hd__fa_1)
                                         _12884_ (net)
                  0.12    0.00    5.58 v _25485_/A (sky130_fd_sc_hd__ha_1)
     2    0.01    0.07    0.34    5.91 v _25485_/SUM (sky130_fd_sc_hd__ha_1)
                                         _00541_ (net)
                  0.07    0.00    5.91 v _13126_/A1 (sky130_fd_sc_hd__a21o_1)
     1    0.00    0.04    0.16    6.08 v _13126_/X (sky130_fd_sc_hd__a21o_1)
                                         _09242_ (net)
                  0.04    0.00    6.08 v _13127_/A2 (sky130_fd_sc_hd__a21o_1)
     1    0.01    0.05    0.18    6.26 v _13127_/X (sky130_fd_sc_hd__a21o_1)
                                         _09243_ (net)
                  0.05    0.00    6.26 v _13128_/A2 (sky130_fd_sc_hd__a21oi_2)
     2    0.01    0.13    0.16    6.42 ^ _13128_/Y (sky130_fd_sc_hd__a21oi_2)
                                         _09244_ (net)
                  0.13    0.00    6.42 ^ _13130_/A2 (sky130_fd_sc_hd__o21ai_1)
     1    0.01    0.10    0.11    6.53 v _13130_/Y (sky130_fd_sc_hd__o21ai_1)
                                         _09246_ (net)
                  0.10    0.00    6.53 v _13131_/B1 (sky130_fd_sc_hd__a31oi_4)
     2    0.02    0.23    0.24    6.77 ^ _13131_/Y (sky130_fd_sc_hd__a31oi_4)
                                         _09247_ (net)
                  0.23    0.00    6.77 ^ rebuffer4772/A (sky130_fd_sc_hd__buf_6)
     1    0.01    0.04    0.14    6.91 ^ rebuffer4772/X (sky130_fd_sc_hd__buf_6)
                                         net4771 (net)
                  0.04    0.00    6.91 ^ _14084_/A (sky130_fd_sc_hd__xor2_2)
     1    0.00    0.11    0.12    7.02 ^ _14084_/X (sky130_fd_sc_hd__xor2_2)
                                         _10184_ (net)
                  0.11    0.00    7.02 ^ place3475/A (sky130_fd_sc_hd__buf_4)
     1    0.02    0.07    0.15    7.18 ^ place3475/X (sky130_fd_sc_hd__buf_4)
                                         net3474 (net)
                  0.07    0.00    7.18 ^ _14085_/B (sky130_fd_sc_hd__nand2_4)
     1    0.01    0.12    0.05    7.23 v _14085_/Y (sky130_fd_sc_hd__nand2_4)
                                         _10185_ (net)
                  0.12    0.00    7.23 v _14086_/B1 (sky130_fd_sc_hd__o21ai_4)
     2    0.01    0.14    0.10    7.33 ^ _14086_/Y (sky130_fd_sc_hd__o21ai_4)
                                         _10186_ (net)
                  0.14    0.00    7.33 ^ _14089_/A (sky130_fd_sc_hd__inv_2)
     1    0.01    0.04    0.05    7.38 v _14089_/Y (sky130_fd_sc_hd__inv_2)
                                         _00188_ (net)
                  0.04    0.00    7.38 v _25304_/CIN (sky130_fd_sc_hd__fa_1)
     1    0.01    0.10    0.50    7.89 ^ _25304_/SUM (sky130_fd_sc_hd__fa_1)
                                         _12761_ (net)
                  0.10    0.00    7.89 ^ _25276_/CIN (sky130_fd_sc_hd__fa_1)
     1    0.01    0.10    0.44    8.33 v _25276_/SUM (sky130_fd_sc_hd__fa_1)
                                         _12678_ (net)
                  0.10    0.00    8.33 v _25247_/B (sky130_fd_sc_hd__fa_1)
     1    0.01    0.11    0.56    8.89 ^ _25247_/SUM (sky130_fd_sc_hd__fa_1)
                                         _12681_ (net)
                  0.11    0.00    8.89 ^ _25531_/B (sky130_fd_sc_hd__ha_4)
     2    0.01    0.04    0.21    9.11 v _25531_/SUM (sky130_fd_sc_hd__ha_4)
                                         _00635_ (net)
                  0.04    0.00    9.11 v rebuffer4815/A (sky130_fd_sc_hd__buf_4)
     1    0.01    0.03    0.13    9.23 v rebuffer4815/X (sky130_fd_sc_hd__buf_4)
                                         net4814 (net)
                  0.03    0.00    9.23 v place3392/A (sky130_fd_sc_hd__buf_4)
     5    0.06    0.08    0.18    9.42 v place3392/X (sky130_fd_sc_hd__buf_4)
                                         net3391 (net)
                  0.08    0.01    9.42 v _15333_/A1 (sky130_fd_sc_hd__a21o_1)
     1    0.00    0.03    0.17    9.59 v _15333_/X (sky130_fd_sc_hd__a21o_1)
                                         _11378_ (net)
                  0.03    0.00    9.59 v _15334_/A2 (sky130_fd_sc_hd__a21oi_1)
     2    0.01    0.23    0.23    9.82 ^ _15334_/Y (sky130_fd_sc_hd__a21oi_1)
                                         _11379_ (net)
                  0.23    0.00    9.82 ^ _16492_/A1 (sky130_fd_sc_hd__o21ai_1)
     2    0.01    0.09    0.14    9.95 v _16492_/Y (sky130_fd_sc_hd__o21ai_1)
                                         _12461_ (net)
                  0.09    0.00    9.95 v _16493_/A1 (sky130_fd_sc_hd__a21oi_1)
     1    0.00    0.12    0.15   10.10 ^ _16493_/Y (sky130_fd_sc_hd__a21oi_1)
                                         _12462_ (net)
                  0.12    0.00   10.10 ^ _16494_/B1 (sky130_fd_sc_hd__o31a_1)
     2    0.01    0.14    0.21   10.32 ^ _16494_/X (sky130_fd_sc_hd__o31a_1)
                                         _12463_ (net)
                  0.14    0.00   10.32 ^ _16524_/A1 (sky130_fd_sc_hd__o21bai_1)
     1    0.00    0.06    0.10   10.42 v _16524_/Y (sky130_fd_sc_hd__o21bai_1)
                                         _12485_ (net)
                  0.06    0.00   10.42 v _16525_/B (sky130_fd_sc_hd__xor2_1)
     1    0.00    0.06    0.15   10.56 v _16525_/X (sky130_fd_sc_hd__xor2_1)
                                         _00021_ (net)
                  0.06    0.00   10.56 v rebuffer4476/A (sky130_fd_sc_hd__buf_4)
     2    0.02    0.04    0.15   10.72 v rebuffer4476/X (sky130_fd_sc_hd__buf_4)
                                         net4475 (net)
                  0.04    0.00   10.72 v _25203_/A (sky130_fd_sc_hd__fa_1)
     1    0.01    0.15    0.60   11.32 ^ _25203_/SUM (sky130_fd_sc_hd__fa_1)
                                         _12566_ (net)
                  0.15    0.00   11.32 ^ _25403_/A (sky130_fd_sc_hd__ha_4)
     3    0.02    0.05    0.24   11.56 v _25403_/SUM (sky130_fd_sc_hd__ha_4)
                                         _00389_ (net)
                  0.05    0.00   11.56 v _17790_/A2 (sky130_fd_sc_hd__a21oi_4)
     2    0.02    0.17    0.20   11.76 ^ _17790_/Y (sky130_fd_sc_hd__a21oi_4)
                                         _04138_ (net)
                  0.17    0.00   11.76 ^ _17791_/B (sky130_fd_sc_hd__nor2_4)
     2    0.02    0.05    0.06   11.82 v _17791_/Y (sky130_fd_sc_hd__nor2_4)
                                         _04139_ (net)
                  0.05    0.00   11.82 v place3111/A (sky130_fd_sc_hd__buf_4)
     1    0.00    0.02    0.13   11.95 v place3111/X (sky130_fd_sc_hd__buf_4)
                                         net3110 (net)
                  0.02    0.00   11.95 v _17960_/D (sky130_fd_sc_hd__or4_4)
     2    0.01    0.10    0.44   12.39 v _17960_/X (sky130_fd_sc_hd__or4_4)
                                         _04308_ (net)
                  0.10    0.00   12.39 v _17966_/A1 (sky130_fd_sc_hd__o21ai_4)
     3    0.02    0.18    0.22   12.61 ^ _17966_/Y (sky130_fd_sc_hd__o21ai_4)
                                         _04314_ (net)
                  0.18    0.00   12.61 ^ _17967_/B (sky130_fd_sc_hd__nor2_1)
     1    0.00    0.04    0.06   12.67 v _17967_/Y (sky130_fd_sc_hd__nor2_1)
                                         _04315_ (net)
                  0.04    0.00   12.67 v _17968_/A2 (sky130_fd_sc_hd__o21ai_1)
     1    0.00    0.10    0.11   12.78 ^ _17968_/Y (sky130_fd_sc_hd__o21ai_1)
                                         _04316_ (net)
                  0.10    0.00   12.78 ^ _17969_/B (sky130_fd_sc_hd__nand2b_1)
     2    0.01    0.10    0.12   12.90 v _17969_/Y (sky130_fd_sc_hd__nand2b_1)
                                         _04317_ (net)
                  0.10    0.00   12.90 v _17970_/B (sky130_fd_sc_hd__xor2_2)
     2    0.01    0.07    0.18   13.07 v _17970_/X (sky130_fd_sc_hd__xor2_2)
                                         _04318_ (net)
                  0.07    0.00   13.07 v _25050_/A (sky130_fd_sc_hd__nor3_2)
     1    0.01    0.15    0.20   13.28 ^ _25050_/Y (sky130_fd_sc_hd__nor3_2)
                                         _08972_ (net)
                  0.15    0.00   13.28 ^ _25051_/A (sky130_fd_sc_hd__xnor2_1)
     1    0.00    0.15    0.15   13.42 ^ _25051_/Y (sky130_fd_sc_hd__xnor2_1)
                                         _08973_ (net)
                  0.15    0.00   13.42 ^ _25053_/A2 (sky130_fd_sc_hd__o21ai_1)
     1    0.00    0.13    0.08   13.50 v _25053_/Y (sky130_fd_sc_hd__o21ai_1)
                                         _03136_ (net)
                  0.13    0.00   13.50 v digest[255]$_DFFE_PN0P_/D (sky130_fd_sc_hd__dfrtp_1)
                                 13.50   data arrival time

                         12.50   12.50   clock core_clock (rise edge)
                          0.00   12.50   clock source latency
     2    0.11    0.00    0.00   12.50 ^ clk (in)
                                         clk (net)
                  0.01    0.00   12.50 ^ clkbuf_0_clk/A (sky130_fd_sc_hd__clkbuf_16)
     4    0.16    0.18    0.22   12.72 ^ clkbuf_0_clk/X (sky130_fd_sc_hd__clkbuf_16)
                                         clknet_0_clk (net)
                  0.18    0.01   12.73 ^ clkbuf_2_1_0_clk/A (sky130_fd_sc_hd__clkbuf_16)
     8    0.16    0.17    0.27   13.00 ^ clkbuf_2_1_0_clk/X (sky130_fd_sc_hd__clkbuf_16)
                                         clknet_2_1_0_clk (net)
                  0.17    0.00   13.00 ^ clkbuf_5_9__f_clk/A (sky130_fd_sc_hd__clkbuf_16)
     6    0.12    0.13    0.24   13.24 ^ clkbuf_5_9__f_clk/X (sky130_fd_sc_hd__clkbuf_16)
                                         clknet_5_9__leaf_clk (net)
                  0.13    0.00   13.24 ^ clkbuf_leaf_27_clk/A (sky130_fd_sc_hd__clkbuf_16)
     9    0.04    0.06    0.18   13.42 ^ clkbuf_leaf_27_clk/X (sky130_fd_sc_hd__clkbuf_16)
                                         clknet_leaf_27_clk (net)
                  0.06    0.00   13.42 ^ digest[255]$_DFFE_PN0P_/CLK (sky130_fd_sc_hd__dfrtp_1)
                          0.00   13.42   clock reconvergence pessimism
                         -0.15   13.27   library setup time
                                 13.27   data required time
-----------------------------------------------------------------------------
                                 13.27   data required time
                                -13.50   data arrival time
-----------------------------------------------------------------------------
                                 -0.22   slack (VIOLATED)


Startpoint: digest[251]$_DFFE_PN0P_
            (rising edge-triggered flip-flop clocked by core_clock)
Endpoint: digest[251] (output port clocked by vclk)
Path Group: vclk
Path Type: max

Fanout     Cap    Slew   Delay    Time   Description
-----------------------------------------------------------------------------
                          0.00    0.00   clock core_clock (rise edge)
                          0.00    0.00   clock source latency
     2    0.11    0.00    0.00    0.00 ^ clk (in)
                                         clk (net)
                  0.01    0.00    0.00 ^ clkbuf_0_clk/A (sky130_fd_sc_hd__clkbuf_16)
     4    0.16    0.18    0.22    0.22 ^ clkbuf_0_clk/X (sky130_fd_sc_hd__clkbuf_16)
                                         clknet_0_clk (net)
                  0.18    0.01    0.23 ^ clkbuf_2_1_0_clk/A (sky130_fd_sc_hd__clkbuf_16)
     8    0.16    0.17    0.27    0.50 ^ clkbuf_2_1_0_clk/X (sky130_fd_sc_hd__clkbuf_16)
                                         clknet_2_1_0_clk (net)
                  0.17    0.00    0.50 ^ clkbuf_5_9__f_clk/A (sky130_fd_sc_hd__clkbuf_16)
     6    0.12    0.13    0.24    0.74 ^ clkbuf_5_9__f_clk/X (sky130_fd_sc_hd__clkbuf_16)
                                         clknet_5_9__leaf_clk (net)
                  0.13    0.00    0.74 ^ clkbuf_leaf_28_clk/A (sky130_fd_sc_hd__clkbuf_16)
     8    0.04    0.06    0.17    0.92 ^ clkbuf_leaf_28_clk/X (sky130_fd_sc_hd__clkbuf_16)
                                         clknet_leaf_28_clk (net)
                  0.06    0.00    0.92 ^ digest[251]$_DFFE_PN0P_/CLK (sky130_fd_sc_hd__dfrtp_1)
     2    0.05    0.46    0.62    1.54 ^ digest[251]$_DFFE_PN0P_/Q (sky130_fd_sc_hd__dfrtp_1)
                                         net683 (net)
                  0.46    0.00    1.54 ^ output684/A (sky130_fd_sc_hd__clkdlybuf4s50_1)
     1    0.01    0.10    0.62    2.16 ^ output684/X (sky130_fd_sc_hd__clkdlybuf4s50_1)
                                         digest[251] (net)
                  0.10    0.00    2.16 ^ digest[251] (out)
                                  2.16   data arrival time

                  0.00   12.50   12.50   clock vclk (rise edge)
                          0.00   12.50   clock network delay (ideal)
                          0.00   12.50   clock reconvergence pessimism
                         -2.50   10.00   output external delay
                                 10.00   data required time
-----------------------------------------------------------------------------
                                 10.00   data required time
                                 -2.16   data arrival time
-----------------------------------------------------------------------------
                                  7.84   slack (MET)



==========================================================================
finish report_checks -unconstrained
--------------------------------------------------------------------------
Startpoint: rst_n (input port clocked by vclk)
Endpoint: digest[250]$_DFFE_PN0P_
          (recovery check against rising-edge clock core_clock)
Path Group: asynchronous
Path Type: max

Fanout     Cap    Slew   Delay    Time   Description
-----------------------------------------------------------------------------
                  0.00    0.00    0.00   clock vclk (rise edge)
                          0.00    0.00   clock network delay (ideal)
                          2.50    2.50 ^ input external delay
     1    0.02    0.00    0.00    2.50 ^ rst_n (in)
                                         rst_n (net)
                  0.00    0.00    2.50 ^ input514/A (sky130_fd_sc_hd__buf_16)
    97    0.58    0.55    0.27    2.78 ^ input514/X (sky130_fd_sc_hd__buf_16)
                                         net513 (net)
                  0.82    0.32    3.10 ^ place4444/A (sky130_fd_sc_hd__buf_12)
   112    0.60    0.65    0.49    3.58 ^ place4444/X (sky130_fd_sc_hd__buf_12)
                                         net4443 (net)
                  0.81    0.25    3.84 ^ place4443/A (sky130_fd_sc_hd__buf_4)
    41    0.22    0.60    0.63    4.47 ^ place4443/X (sky130_fd_sc_hd__buf_4)
                                         net4442 (net)
                  0.60    0.02    4.48 ^ place4442/A (sky130_fd_sc_hd__buf_12)
   123    0.61    0.68    0.55    5.03 ^ place4442/X (sky130_fd_sc_hd__buf_12)
                                         net4441 (net)
                  0.73    0.15    5.18 ^ digest[250]$_DFFE_PN0P_/RESET_B (sky130_fd_sc_hd__dfrtp_1)
                                  5.18   data arrival time

                         12.50   12.50   clock core_clock (rise edge)
                          0.00   12.50   clock source latency
     2    0.11    0.00    0.00   12.50 ^ clk (in)
                                         clk (net)
                  0.01    0.00   12.50 ^ clkbuf_0_clk/A (sky130_fd_sc_hd__clkbuf_16)
     4    0.16    0.18    0.22   12.72 ^ clkbuf_0_clk/X (sky130_fd_sc_hd__clkbuf_16)
                                         clknet_0_clk (net)
                  0.18    0.01   12.73 ^ clkbuf_2_1_0_clk/A (sky130_fd_sc_hd__clkbuf_16)
     8    0.16    0.17    0.27   13.00 ^ clkbuf_2_1_0_clk/X (sky130_fd_sc_hd__clkbuf_16)
                                         clknet_2_1_0_clk (net)
                  0.17    0.00   13.00 ^ clkbuf_5_9__f_clk/A (sky130_fd_sc_hd__clkbuf_16)
     6    0.12    0.13    0.24   13.24 ^ clkbuf_5_9__f_clk/X (sky130_fd_sc_hd__clkbuf_16)
                                         clknet_5_9__leaf_clk (net)
                  0.13    0.00   13.24 ^ clkbuf_leaf_41_clk/A (sky130_fd_sc_hd__clkbuf_16)
     8    0.04    0.06    0.17   13.41 ^ clkbuf_leaf_41_clk/X (sky130_fd_sc_hd__clkbuf_16)
                                         clknet_leaf_41_clk (net)
                  0.06    0.00   13.42 ^ digest[250]$_DFFE_PN0P_/CLK (sky130_fd_sc_hd__dfrtp_1)
                          0.00   13.42   clock reconvergence pessimism
                          0.06   13.47   library recovery time
                                 13.47   data required time
-----------------------------------------------------------------------------
                                 13.47   data required time
                                 -5.18   data arrival time
-----------------------------------------------------------------------------
                                  8.29   slack (MET)


Startpoint: round[1]$_DFFE_PN0P_
            (rising edge-triggered flip-flop clocked by core_clock)
Endpoint: digest[255]$_DFFE_PN0P_
          (rising edge-triggered flip-flop clocked by core_clock)
Path Group: core_clock
Path Type: max

Fanout     Cap    Slew   Delay    Time   Description
-----------------------------------------------------------------------------
                          0.00    0.00   clock core_clock (rise edge)
                          0.00    0.00   clock source latency
     2    0.11    0.00    0.00    0.00 ^ clk (in)
                                         clk (net)
                  0.01    0.00    0.00 ^ clkbuf_0_clk/A (sky130_fd_sc_hd__clkbuf_16)
     4    0.16    0.18    0.22    0.22 ^ clkbuf_0_clk/X (sky130_fd_sc_hd__clkbuf_16)
                                         clknet_0_clk (net)
                  0.18    0.00    0.23 ^ clkbuf_2_0_0_clk/A (sky130_fd_sc_hd__clkbuf_16)
     8    0.16    0.17    0.27    0.50 ^ clkbuf_2_0_0_clk/X (sky130_fd_sc_hd__clkbuf_16)
                                         clknet_2_0_0_clk (net)
                  0.17    0.00    0.50 ^ clkbuf_5_7__f_clk/A (sky130_fd_sc_hd__clkbuf_16)
     8    0.14    0.15    0.26    0.76 ^ clkbuf_5_7__f_clk/X (sky130_fd_sc_hd__clkbuf_16)
                                         clknet_5_7__leaf_clk (net)
                  0.15    0.00    0.76 ^ clkbuf_leaf_88_clk/A (sky130_fd_sc_hd__clkbuf_16)
     9    0.04    0.06    0.18    0.94 ^ clkbuf_leaf_88_clk/X (sky130_fd_sc_hd__clkbuf_16)
                                         clknet_leaf_88_clk (net)
                  0.06    0.00    0.94 ^ round[1]$_DFFE_PN0P_/CLK (sky130_fd_sc_hd__dfrtp_4)
     4    0.03    0.11    0.46    1.40 ^ round[1]$_DFFE_PN0P_/Q (sky130_fd_sc_hd__dfrtp_4)
                                         round[1] (net)
                  0.11    0.00    1.40 ^ _12950_/A (sky130_fd_sc_hd__clkinv_4)
     2    0.01    0.04    0.06    1.46 v _12950_/Y (sky130_fd_sc_hd__clkinv_4)
                                         _09067_ (net)
                  0.04    0.00    1.46 v _25435_/B (sky130_fd_sc_hd__ha_4)
     2    0.02    0.07    0.29    1.76 ^ _25435_/SUM (sky130_fd_sc_hd__ha_4)
                                         _00451_ (net)
                  0.07    0.00    1.76 ^ rebuffer4775/A (sky130_fd_sc_hd__buf_12)
     2    0.03    0.05    0.12    1.88 ^ rebuffer4775/X (sky130_fd_sc_hd__buf_12)
                                         net4774 (net)
                  0.05    0.00    1.88 ^ place3954/A (sky130_fd_sc_hd__buf_12)
     7    0.08    0.10    0.15    2.03 ^ place3954/X (sky130_fd_sc_hd__buf_12)
                                         net3953 (net)
                  0.11    0.01    2.04 ^ rebuffer4793/A (sky130_fd_sc_hd__buf_4)
     1    0.01    0.03    0.12    2.17 ^ rebuffer4793/X (sky130_fd_sc_hd__buf_4)
                                         net4792 (net)
                  0.03    0.00    2.17 ^ place3951/A (sky130_fd_sc_hd__buf_4)
    10    0.06    0.16    0.19    2.36 ^ place3951/X (sky130_fd_sc_hd__buf_4)
                                         net3950 (net)
                  0.16    0.00    2.36 ^ _24570_/S1 (sky130_fd_sc_hd__mux4_2)
     1    0.01    0.10    0.35    2.71 v _24570_/X (sky130_fd_sc_hd__mux4_2)
                                         _08548_ (net)
                  0.10    0.00    2.71 v _24574_/A0 (sky130_fd_sc_hd__mux4_2)
     1    0.06    0.21    0.65    3.36 v _24574_/X (sky130_fd_sc_hd__mux4_2)
                                         _08552_ (net)
                  0.21    0.00    3.37 v _24575_/A3 (sky130_fd_sc_hd__mux4_2)
     2    0.05    0.20    0.69    4.06 v _24575_/X (sky130_fd_sc_hd__mux4_2)
                                         _08553_ (net)
                  0.20    0.00    4.06 v rebuffer4527/A (sky130_fd_sc_hd__buf_4)
     1    0.01    0.03    0.21    4.27 v rebuffer4527/X (sky130_fd_sc_hd__buf_4)
                                         net4526 (net)
                  0.03    0.00    4.27 v _24849_/A (sky130_fd_sc_hd__xnor2_2)
     1    0.01    0.09    0.15    4.42 v _24849_/Y (sky130_fd_sc_hd__xnor2_2)
                                         _08818_ (net)
                  0.09    0.00    4.42 v _24850_/B (sky130_fd_sc_hd__xnor2_2)
     1    0.01    0.07    0.16    4.58 v _24850_/Y (sky130_fd_sc_hd__xnor2_2)
                                         _00247_ (net)
                  0.07    0.00    4.58 v _25332_/B (sky130_fd_sc_hd__fa_1)
     1    0.01    0.12    0.46    5.04 v _25332_/COUT (sky130_fd_sc_hd__fa_1)
                                         _12816_ (net)
                  0.12    0.00    5.04 v _25366_/B (sky130_fd_sc_hd__fa_1)
     1    0.01    0.12    0.54    5.58 v _25366_/SUM (sky130_fd_sc_hd__fa_1)
                                         _12884_ (net)
                  0.12    0.00    5.58 v _25485_/A (sky130_fd_sc_hd__ha_1)
     2    0.01    0.07    0.34    5.91 v _25485_/SUM (sky130_fd_sc_hd__ha_1)
                                         _00541_ (net)
                  0.07    0.00    5.91 v _13126_/A1 (sky130_fd_sc_hd__a21o_1)
     1    0.00    0.04    0.16    6.08 v _13126_/X (sky130_fd_sc_hd__a21o_1)
                                         _09242_ (net)
                  0.04    0.00    6.08 v _13127_/A2 (sky130_fd_sc_hd__a21o_1)
     1    0.01    0.05    0.18    6.26 v _13127_/X (sky130_fd_sc_hd__a21o_1)
                                         _09243_ (net)
                  0.05    0.00    6.26 v _13128_/A2 (sky130_fd_sc_hd__a21oi_2)
     2    0.01    0.13    0.16    6.42 ^ _13128_/Y (sky130_fd_sc_hd__a21oi_2)
                                         _09244_ (net)
                  0.13    0.00    6.42 ^ _13130_/A2 (sky130_fd_sc_hd__o21ai_1)
     1    0.01    0.10    0.11    6.53 v _13130_/Y (sky130_fd_sc_hd__o21ai_1)
                                         _09246_ (net)
                  0.10    0.00    6.53 v _13131_/B1 (sky130_fd_sc_hd__a31oi_4)
     2    0.02    0.23    0.24    6.77 ^ _13131_/Y (sky130_fd_sc_hd__a31oi_4)
                                         _09247_ (net)
                  0.23    0.00    6.77 ^ rebuffer4772/A (sky130_fd_sc_hd__buf_6)
     1    0.01    0.04    0.14    6.91 ^ rebuffer4772/X (sky130_fd_sc_hd__buf_6)
                                         net4771 (net)
                  0.04    0.00    6.91 ^ _14084_/A (sky130_fd_sc_hd__xor2_2)
     1    0.00    0.11    0.12    7.02 ^ _14084_/X (sky130_fd_sc_hd__xor2_2)
                                         _10184_ (net)
                  0.11    0.00    7.02 ^ place3475/A (sky130_fd_sc_hd__buf_4)
     1    0.02    0.07    0.15    7.18 ^ place3475/X (sky130_fd_sc_hd__buf_4)
                                         net3474 (net)
                  0.07    0.00    7.18 ^ _14085_/B (sky130_fd_sc_hd__nand2_4)
     1    0.01    0.12    0.05    7.23 v _14085_/Y (sky130_fd_sc_hd__nand2_4)
                                         _10185_ (net)
                  0.12    0.00    7.23 v _14086_/B1 (sky130_fd_sc_hd__o21ai_4)
     2    0.01    0.14    0.10    7.33 ^ _14086_/Y (sky130_fd_sc_hd__o21ai_4)
                                         _10186_ (net)
                  0.14    0.00    7.33 ^ _14089_/A (sky130_fd_sc_hd__inv_2)
     1    0.01    0.04    0.05    7.38 v _14089_/Y (sky130_fd_sc_hd__inv_2)
                                         _00188_ (net)
                  0.04    0.00    7.38 v _25304_/CIN (sky130_fd_sc_hd__fa_1)
     1    0.01    0.10    0.50    7.89 ^ _25304_/SUM (sky130_fd_sc_hd__fa_1)
                                         _12761_ (net)
                  0.10    0.00    7.89 ^ _25276_/CIN (sky130_fd_sc_hd__fa_1)
     1    0.01    0.10    0.44    8.33 v _25276_/SUM (sky130_fd_sc_hd__fa_1)
                                         _12678_ (net)
                  0.10    0.00    8.33 v _25247_/B (sky130_fd_sc_hd__fa_1)
     1    0.01    0.11    0.56    8.89 ^ _25247_/SUM (sky130_fd_sc_hd__fa_1)
                                         _12681_ (net)
                  0.11    0.00    8.89 ^ _25531_/B (sky130_fd_sc_hd__ha_4)
     2    0.01    0.04    0.21    9.11 v _25531_/SUM (sky130_fd_sc_hd__ha_4)
                                         _00635_ (net)
                  0.04    0.00    9.11 v rebuffer4815/A (sky130_fd_sc_hd__buf_4)
     1    0.01    0.03    0.13    9.23 v rebuffer4815/X (sky130_fd_sc_hd__buf_4)
                                         net4814 (net)
                  0.03    0.00    9.23 v place3392/A (sky130_fd_sc_hd__buf_4)
     5    0.06    0.08    0.18    9.42 v place3392/X (sky130_fd_sc_hd__buf_4)
                                         net3391 (net)
                  0.08    0.01    9.42 v _15333_/A1 (sky130_fd_sc_hd__a21o_1)
     1    0.00    0.03    0.17    9.59 v _15333_/X (sky130_fd_sc_hd__a21o_1)
                                         _11378_ (net)
                  0.03    0.00    9.59 v _15334_/A2 (sky130_fd_sc_hd__a21oi_1)
     2    0.01    0.23    0.23    9.82 ^ _15334_/Y (sky130_fd_sc_hd__a21oi_1)
                                         _11379_ (net)
                  0.23    0.00    9.82 ^ _16492_/A1 (sky130_fd_sc_hd__o21ai_1)
     2    0.01    0.09    0.14    9.95 v _16492_/Y (sky130_fd_sc_hd__o21ai_1)
                                         _12461_ (net)
                  0.09    0.00    9.95 v _16493_/A1 (sky130_fd_sc_hd__a21oi_1)
     1    0.00    0.12    0.15   10.10 ^ _16493_/Y (sky130_fd_sc_hd__a21oi_1)
                                         _12462_ (net)
                  0.12    0.00   10.10 ^ _16494_/B1 (sky130_fd_sc_hd__o31a_1)
     2    0.01    0.14    0.21   10.32 ^ _16494_/X (sky130_fd_sc_hd__o31a_1)
                                         _12463_ (net)
                  0.14    0.00   10.32 ^ _16524_/A1 (sky130_fd_sc_hd__o21bai_1)
     1    0.00    0.06    0.10   10.42 v _16524_/Y (sky130_fd_sc_hd__o21bai_1)
                                         _12485_ (net)
                  0.06    0.00   10.42 v _16525_/B (sky130_fd_sc_hd__xor2_1)
     1    0.00    0.06    0.15   10.56 v _16525_/X (sky130_fd_sc_hd__xor2_1)
                                         _00021_ (net)
                  0.06    0.00   10.56 v rebuffer4476/A (sky130_fd_sc_hd__buf_4)
     2    0.02    0.04    0.15   10.72 v rebuffer4476/X (sky130_fd_sc_hd__buf_4)
                                         net4475 (net)
                  0.04    0.00   10.72 v _25203_/A (sky130_fd_sc_hd__fa_1)
     1    0.01    0.15    0.60   11.32 ^ _25203_/SUM (sky130_fd_sc_hd__fa_1)
                                         _12566_ (net)
                  0.15    0.00   11.32 ^ _25403_/A (sky130_fd_sc_hd__ha_4)
     3    0.02    0.05    0.24   11.56 v _25403_/SUM (sky130_fd_sc_hd__ha_4)
                                         _00389_ (net)
                  0.05    0.00   11.56 v _17790_/A2 (sky130_fd_sc_hd__a21oi_4)
     2    0.02    0.17    0.20   11.76 ^ _17790_/Y (sky130_fd_sc_hd__a21oi_4)
                                         _04138_ (net)
                  0.17    0.00   11.76 ^ _17791_/B (sky130_fd_sc_hd__nor2_4)
     2    0.02    0.05    0.06   11.82 v _17791_/Y (sky130_fd_sc_hd__nor2_4)
                                         _04139_ (net)
                  0.05    0.00   11.82 v place3111/A (sky130_fd_sc_hd__buf_4)
     1    0.00    0.02    0.13   11.95 v place3111/X (sky130_fd_sc_hd__buf_4)
                                         net3110 (net)
                  0.02    0.00   11.95 v _17960_/D (sky130_fd_sc_hd__or4_4)
     2    0.01    0.10    0.44   12.39 v _17960_/X (sky130_fd_sc_hd__or4_4)
                                         _04308_ (net)
                  0.10    0.00   12.39 v _17966_/A1 (sky130_fd_sc_hd__o21ai_4)
     3    0.02    0.18    0.22   12.61 ^ _17966_/Y (sky130_fd_sc_hd__o21ai_4)
                                         _04314_ (net)
                  0.18    0.00   12.61 ^ _17967_/B (sky130_fd_sc_hd__nor2_1)
     1    0.00    0.04    0.06   12.67 v _17967_/Y (sky130_fd_sc_hd__nor2_1)
                                         _04315_ (net)
                  0.04    0.00   12.67 v _17968_/A2 (sky130_fd_sc_hd__o21ai_1)
     1    0.00    0.10    0.11   12.78 ^ _17968_/Y (sky130_fd_sc_hd__o21ai_1)
                                         _04316_ (net)
                  0.10    0.00   12.78 ^ _17969_/B (sky130_fd_sc_hd__nand2b_1)
     2    0.01    0.10    0.12   12.90 v _17969_/Y (sky130_fd_sc_hd__nand2b_1)
                                         _04317_ (net)
                  0.10    0.00   12.90 v _17970_/B (sky130_fd_sc_hd__xor2_2)
     2    0.01    0.07    0.18   13.07 v _17970_/X (sky130_fd_sc_hd__xor2_2)
                                         _04318_ (net)
                  0.07    0.00   13.07 v _25050_/A (sky130_fd_sc_hd__nor3_2)
     1    0.01    0.15    0.20   13.28 ^ _25050_/Y (sky130_fd_sc_hd__nor3_2)
                                         _08972_ (net)
                  0.15    0.00   13.28 ^ _25051_/A (sky130_fd_sc_hd__xnor2_1)
     1    0.00    0.15    0.15   13.42 ^ _25051_/Y (sky130_fd_sc_hd__xnor2_1)
                                         _08973_ (net)
                  0.15    0.00   13.42 ^ _25053_/A2 (sky130_fd_sc_hd__o21ai_1)
     1    0.00    0.13    0.08   13.50 v _25053_/Y (sky130_fd_sc_hd__o21ai_1)
                                         _03136_ (net)
                  0.13    0.00   13.50 v digest[255]$_DFFE_PN0P_/D (sky130_fd_sc_hd__dfrtp_1)
                                 13.50   data arrival time

                         12.50   12.50   clock core_clock (rise edge)
                          0.00   12.50   clock source latency
     2    0.11    0.00    0.00   12.50 ^ clk (in)
                                         clk (net)
                  0.01    0.00   12.50 ^ clkbuf_0_clk/A (sky130_fd_sc_hd__clkbuf_16)
     4    0.16    0.18    0.22   12.72 ^ clkbuf_0_clk/X (sky130_fd_sc_hd__clkbuf_16)
                                         clknet_0_clk (net)
                  0.18    0.01   12.73 ^ clkbuf_2_1_0_clk/A (sky130_fd_sc_hd__clkbuf_16)
     8    0.16    0.17    0.27   13.00 ^ clkbuf_2_1_0_clk/X (sky130_fd_sc_hd__clkbuf_16)
                                         clknet_2_1_0_clk (net)
                  0.17    0.00   13.00 ^ clkbuf_5_9__f_clk/A (sky130_fd_sc_hd__clkbuf_16)
     6    0.12    0.13    0.24   13.24 ^ clkbuf_5_9__f_clk/X (sky130_fd_sc_hd__clkbuf_16)
                                         clknet_5_9__leaf_clk (net)
                  0.13    0.00   13.24 ^ clkbuf_leaf_27_clk/A (sky130_fd_sc_hd__clkbuf_16)
     9    0.04    0.06    0.18   13.42 ^ clkbuf_leaf_27_clk/X (sky130_fd_sc_hd__clkbuf_16)
                                         clknet_leaf_27_clk (net)
                  0.06    0.00   13.42 ^ digest[255]$_DFFE_PN0P_/CLK (sky130_fd_sc_hd__dfrtp_1)
                          0.00   13.42   clock reconvergence pessimism
                         -0.15   13.27   library setup time
                                 13.27   data required time
-----------------------------------------------------------------------------
                                 13.27   data required time
                                -13.50   data arrival time
-----------------------------------------------------------------------------
                                 -0.22   slack (VIOLATED)


Startpoint: digest[251]$_DFFE_PN0P_
            (rising edge-triggered flip-flop clocked by core_clock)
Endpoint: digest[251] (output port clocked by vclk)
Path Group: vclk
Path Type: max

Fanout     Cap    Slew   Delay    Time   Description
-----------------------------------------------------------------------------
                          0.00    0.00   clock core_clock (rise edge)
                          0.00    0.00   clock source latency
     2    0.11    0.00    0.00    0.00 ^ clk (in)
                                         clk (net)
                  0.01    0.00    0.00 ^ clkbuf_0_clk/A (sky130_fd_sc_hd__clkbuf_16)
     4    0.16    0.18    0.22    0.22 ^ clkbuf_0_clk/X (sky130_fd_sc_hd__clkbuf_16)
                                         clknet_0_clk (net)
                  0.18    0.01    0.23 ^ clkbuf_2_1_0_clk/A (sky130_fd_sc_hd__clkbuf_16)
     8    0.16    0.17    0.27    0.50 ^ clkbuf_2_1_0_clk/X (sky130_fd_sc_hd__clkbuf_16)
                                         clknet_2_1_0_clk (net)
                  0.17    0.00    0.50 ^ clkbuf_5_9__f_clk/A (sky130_fd_sc_hd__clkbuf_16)
     6    0.12    0.13    0.24    0.74 ^ clkbuf_5_9__f_clk/X (sky130_fd_sc_hd__clkbuf_16)
                                         clknet_5_9__leaf_clk (net)
                  0.13    0.00    0.74 ^ clkbuf_leaf_28_clk/A (sky130_fd_sc_hd__clkbuf_16)
     8    0.04    0.06    0.17    0.92 ^ clkbuf_leaf_28_clk/X (sky130_fd_sc_hd__clkbuf_16)
                                         clknet_leaf_28_clk (net)
                  0.06    0.00    0.92 ^ digest[251]$_DFFE_PN0P_/CLK (sky130_fd_sc_hd__dfrtp_1)
     2    0.05    0.46    0.62    1.54 ^ digest[251]$_DFFE_PN0P_/Q (sky130_fd_sc_hd__dfrtp_1)
                                         net683 (net)
                  0.46    0.00    1.54 ^ output684/A (sky130_fd_sc_hd__clkdlybuf4s50_1)
     1    0.01    0.10    0.62    2.16 ^ output684/X (sky130_fd_sc_hd__clkdlybuf4s50_1)
                                         digest[251] (net)
                  0.10    0.00    2.16 ^ digest[251] (out)
                                  2.16   data arrival time

                  0.00   12.50   12.50   clock vclk (rise edge)
                          0.00   12.50   clock network delay (ideal)
                          0.00   12.50   clock reconvergence pessimism
                         -2.50   10.00   output external delay
                                 10.00   data required time
-----------------------------------------------------------------------------
                                 10.00   data required time
                                 -2.16   data arrival time
-----------------------------------------------------------------------------
                                  7.84   slack (MET)



==========================================================================
finish report_check_types -max_slew -max_cap -max_fanout -violators
--------------------------------------------------------------------------

==========================================================================
finish max_slew_check_slack
--------------------------------------------------------------------------
0.06408418715000153

==========================================================================
finish max_slew_check_limit
--------------------------------------------------------------------------
1.5

==========================================================================
finish max_slew_check_slack_limit
--------------------------------------------------------------------------
0.0427

==========================================================================
finish max_fanout_check_slack
--------------------------------------------------------------------------
1.0000000150474662e+30

==========================================================================
finish max_fanout_check_limit
--------------------------------------------------------------------------
1.0000000150474662e+30

==========================================================================
finish max_capacitance_check_slack
--------------------------------------------------------------------------
0.006368170026689768

==========================================================================
finish max_capacitance_check_limit
--------------------------------------------------------------------------
0.15839600563049316

==========================================================================
finish max_capacitance_check_slack_limit
--------------------------------------------------------------------------
0.0402

==========================================================================
finish max_slew_violation_count
--------------------------------------------------------------------------
max slew violation count 0

==========================================================================
finish max_fanout_violation_count
--------------------------------------------------------------------------
max fanout violation count 0

==========================================================================
finish max_cap_violation_count
--------------------------------------------------------------------------
max cap violation count 0

==========================================================================
finish setup_violation_count
--------------------------------------------------------------------------
setup violation count 12

==========================================================================
finish hold_violation_count
--------------------------------------------------------------------------
hold violation count 0

==========================================================================
finish report_checks -path_delay max reg to reg
--------------------------------------------------------------------------
Startpoint: round[1]$_DFFE_PN0P_
            (rising edge-triggered flip-flop clocked by core_clock)
Endpoint: digest[255]$_DFFE_PN0P_
          (rising edge-triggered flip-flop clocked by core_clock)
Path Group: core_clock
Path Type: max

  Delay    Time   Description
---------------------------------------------------------
   0.00    0.00   clock core_clock (rise edge)
   0.00    0.00   clock source latency
   0.00    0.00 ^ clk (in)
   0.22    0.22 ^ clkbuf_0_clk/X (sky130_fd_sc_hd__clkbuf_16)
   0.28    0.50 ^ clkbuf_2_0_0_clk/X (sky130_fd_sc_hd__clkbuf_16)
   0.26    0.76 ^ clkbuf_5_7__f_clk/X (sky130_fd_sc_hd__clkbuf_16)
   0.18    0.94 ^ clkbuf_leaf_88_clk/X (sky130_fd_sc_hd__clkbuf_16)
   0.00    0.94 ^ round[1]$_DFFE_PN0P_/CLK (sky130_fd_sc_hd__dfrtp_4)
   0.46    1.40 ^ round[1]$_DFFE_PN0P_/Q (sky130_fd_sc_hd__dfrtp_4)
   0.07    1.46 v _12950_/Y (sky130_fd_sc_hd__clkinv_4)
   0.29    1.76 ^ _25435_/SUM (sky130_fd_sc_hd__ha_4)
   0.12    1.88 ^ rebuffer4775/X (sky130_fd_sc_hd__buf_12)
   0.15    2.03 ^ place3954/X (sky130_fd_sc_hd__buf_12)
   0.14    2.17 ^ rebuffer4793/X (sky130_fd_sc_hd__buf_4)
   0.19    2.36 ^ place3951/X (sky130_fd_sc_hd__buf_4)
   0.35    2.71 v _24570_/X (sky130_fd_sc_hd__mux4_2)
   0.65    3.36 v _24574_/X (sky130_fd_sc_hd__mux4_2)
   0.70    4.06 v _24575_/X (sky130_fd_sc_hd__mux4_2)
   0.21    4.27 v rebuffer4527/X (sky130_fd_sc_hd__buf_4)
   0.15    4.42 v _24849_/Y (sky130_fd_sc_hd__xnor2_2)
   0.16    4.58 v _24850_/Y (sky130_fd_sc_hd__xnor2_2)
   0.46    5.04 v _25332_/COUT (sky130_fd_sc_hd__fa_1)
   0.54    5.58 v _25366_/SUM (sky130_fd_sc_hd__fa_1)
   0.34    5.91 v _25485_/SUM (sky130_fd_sc_hd__ha_1)
   0.16    6.08 v _13126_/X (sky130_fd_sc_hd__a21o_1)
   0.18    6.26 v _13127_/X (sky130_fd_sc_hd__a21o_1)
   0.16    6.42 ^ _13128_/Y (sky130_fd_sc_hd__a21oi_2)
   0.11    6.53 v _13130_/Y (sky130_fd_sc_hd__o21ai_1)
   0.24    6.77 ^ _13131_/Y (sky130_fd_sc_hd__a31oi_4)
   0.14    6.91 ^ rebuffer4772/X (sky130_fd_sc_hd__buf_6)
   0.12    7.02 ^ _14084_/X (sky130_fd_sc_hd__xor2_2)
   0.15    7.18 ^ place3475/X (sky130_fd_sc_hd__buf_4)
   0.05    7.23 v _14085_/Y (sky130_fd_sc_hd__nand2_4)
   0.10    7.33 ^ _14086_/Y (sky130_fd_sc_hd__o21ai_4)
   0.05    7.38 v _14089_/Y (sky130_fd_sc_hd__inv_2)
   0.50    7.89 ^ _25304_/SUM (sky130_fd_sc_hd__fa_1)
   0.44    8.33 v _25276_/SUM (sky130_fd_sc_hd__fa_1)
   0.56    8.89 ^ _25247_/SUM (sky130_fd_sc_hd__fa_1)
   0.21    9.11 v _25531_/SUM (sky130_fd_sc_hd__ha_4)
   0.13    9.23 v rebuffer4815/X (sky130_fd_sc_hd__buf_4)
   0.18    9.42 v place3392/X (sky130_fd_sc_hd__buf_4)
   0.17    9.59 v _15333_/X (sky130_fd_sc_hd__a21o_1)
   0.23    9.82 ^ _15334_/Y (sky130_fd_sc_hd__a21oi_1)
   0.14    9.95 v _16492_/Y (sky130_fd_sc_hd__o21ai_1)
   0.15   10.10 ^ _16493_/Y (sky130_fd_sc_hd__a21oi_1)
   0.21   10.32 ^ _16494_/X (sky130_fd_sc_hd__o31a_1)
   0.10   10.42 v _16524_/Y (sky130_fd_sc_hd__o21bai_1)
   0.15   10.56 v _16525_/X (sky130_fd_sc_hd__xor2_1)
   0.15   10.72 v rebuffer4476/X (sky130_fd_sc_hd__buf_4)
   0.60   11.32 ^ _25203_/SUM (sky130_fd_sc_hd__fa_1)
   0.24   11.56 v _25403_/SUM (sky130_fd_sc_hd__ha_4)
   0.20   11.76 ^ _17790_/Y (sky130_fd_sc_hd__a21oi_4)
   0.06   11.82 v _17791_/Y (sky130_fd_sc_hd__nor2_4)
   0.13   11.95 v place3111/X (sky130_fd_sc_hd__buf_4)
   0.44   12.39 v _17960_/X (sky130_fd_sc_hd__or4_4)
   0.22   12.61 ^ _17966_/Y (sky130_fd_sc_hd__o21ai_4)
   0.06   12.67 v _17967_/Y (sky130_fd_sc_hd__nor2_1)
   0.11   12.78 ^ _17968_/Y (sky130_fd_sc_hd__o21ai_1)
   0.12   12.90 v _17969_/Y (sky130_fd_sc_hd__nand2b_1)
   0.18   13.07 v _17970_/X (sky130_fd_sc_hd__xor2_2)
   0.20   13.28 ^ _25050_/Y (sky130_fd_sc_hd__nor3_2)
   0.15   13.42 ^ _25051_/Y (sky130_fd_sc_hd__xnor2_1)
   0.08   13.50 v _25053_/Y (sky130_fd_sc_hd__o21ai_1)
   0.00   13.50 v digest[255]$_DFFE_PN0P_/D (sky130_fd_sc_hd__dfrtp_1)
          13.50   data arrival time

  12.50   12.50   clock core_clock (rise edge)
   0.00   12.50   clock source latency
   0.00   12.50 ^ clk (in)
   0.22   12.72 ^ clkbuf_0_clk/X (sky130_fd_sc_hd__clkbuf_16)
   0.27   13.00 ^ clkbuf_2_1_0_clk/X (sky130_fd_sc_hd__clkbuf_16)
   0.25   13.24 ^ clkbuf_5_9__f_clk/X (sky130_fd_sc_hd__clkbuf_16)
   0.18   13.42 ^ clkbuf_leaf_27_clk/X (sky130_fd_sc_hd__clkbuf_16)
   0.00   13.42 ^ digest[255]$_DFFE_PN0P_/CLK (sky130_fd_sc_hd__dfrtp_1)
   0.00   13.42   clock reconvergence pessimism
  -0.15   13.27   library setup time
          13.27   data required time
---------------------------------------------------------
          13.27   data required time
         -13.50   data arrival time
---------------------------------------------------------
          -0.22   slack (VIOLATED)



==========================================================================
finish report_checks -path_delay min reg to reg
--------------------------------------------------------------------------
Startpoint: digest[168]$_DFFE_PN0P_
            (rising edge-triggered flip-flop clocked by core_clock)
Endpoint: digest[168]$_DFFE_PN0P_
          (rising edge-triggered flip-flop clocked by core_clock)
Path Group: core_clock
Path Type: min

  Delay    Time   Description
---------------------------------------------------------
   0.00    0.00   clock core_clock (rise edge)
   0.00    0.00   clock source latency
   0.00    0.00 ^ clk (in)
   0.22    0.22 ^ clkbuf_0_clk/X (sky130_fd_sc_hd__clkbuf_16)
   0.27    0.50 ^ clkbuf_2_1_0_clk/X (sky130_fd_sc_hd__clkbuf_16)
   0.27    0.77 ^ clkbuf_5_10__f_clk/X (sky130_fd_sc_hd__clkbuf_16)
   0.19    0.96 ^ clkbuf_leaf_52_clk/X (sky130_fd_sc_hd__clkbuf_16)
   0.00    0.96 ^ digest[168]$_DFFE_PN0P_/CLK (sky130_fd_sc_hd__dfrtp_1)
   0.34    1.30 ^ digest[168]$_DFFE_PN0P_/Q (sky130_fd_sc_hd__dfrtp_1)
   0.04    1.34 v _18384_/Y (sky130_fd_sc_hd__nand2_1)
   0.06    1.40 ^ _18385_/Y (sky130_fd_sc_hd__o21ai_0)
   0.00    1.40 ^ digest[168]$_DFFE_PN0P_/D (sky130_fd_sc_hd__dfrtp_1)
           1.40   data arrival time

   0.00    0.00   clock core_clock (rise edge)
   0.00    0.00   clock source latency
   0.00    0.00 ^ clk (in)
   0.22    0.22 ^ clkbuf_0_clk/X (sky130_fd_sc_hd__clkbuf_16)
   0.27    0.50 ^ clkbuf_2_1_0_clk/X (sky130_fd_sc_hd__clkbuf_16)
   0.27    0.77 ^ clkbuf_5_10__f_clk/X (sky130_fd_sc_hd__clkbuf_16)
   0.19    0.96 ^ clkbuf_leaf_52_clk/X (sky130_fd_sc_hd__clkbuf_16)
   0.00    0.96 ^ digest[168]$_DFFE_PN0P_/CLK (sky130_fd_sc_hd__dfrtp_1)
   0.00    0.96   clock reconvergence pessimism
  -0.04    0.92   library hold time
           0.92   data required time
---------------------------------------------------------
           0.92   data required time
          -1.40   data arrival time
---------------------------------------------------------
           0.48   slack (MET)



==========================================================================
finish critical path target clock latency max path
--------------------------------------------------------------------------
0.9168

==========================================================================
finish critical path target clock latency min path
--------------------------------------------------------------------------
0.9392

==========================================================================
finish critical path source clock latency min path
--------------------------------------------------------------------------
0.0000

==========================================================================
finish critical path delay
--------------------------------------------------------------------------
13.4990

==========================================================================
finish critical path slack
--------------------------------------------------------------------------
-0.2249

==========================================================================
finish slack div critical path delay
--------------------------------------------------------------------------
-1.666049

==========================================================================
finish report_power
--------------------------------------------------------------------------
Group                  Internal  Switching    Leakage      Total
                          Power      Power      Power      Power (Watts)
----------------------------------------------------------------
Sequential             1.26e-02   3.86e-03   3.40e-08   1.64e-02   2.6%
Combinational          2.84e-01   3.12e-01   4.52e-08   5.95e-01  95.8%
Clock                  5.58e-03   4.00e-03   5.10e-09   9.57e-03   1.5%
Macro                  0.00e+00   0.00e+00   0.00e+00   0.00e+00   0.0%
Pad                    0.00e+00   0.00e+00   0.00e+00   0.00e+00   0.0%
----------------------------------------------------------------
Total                  3.02e-01   3.20e-01   8.43e-08   6.21e-01 100.0%
                          48.6%      51.4%       0.0%
