make: Entering directory '/root/OpenROAD-flow-scripts/flow'
/root/OpenROAD-flow-scripts/flow/scripts/flow.sh 5_1_grt global_route
Running global_route.tcl, stage 5_1_grt
read_liberty /root/OpenROAD-flow-scripts/flow/platforms/sky130hd/lib/sky130_fd_sc_hd__tt_025C_1v80.lib
read_db ./results/sky130hd/chia_sha256_benchmark_corrupted/slot2/4_cts.odb
read_sdc ./results/sky130hd/chia_sha256_benchmark_corrupted/slot2/4_cts.sdc
source /root/OpenROAD-flow-scripts/flow/platforms/sky130hd/setRC.tcl
pin_access
[INFO DRT-0149] Reading tech and libs.
[WARNING DRT-0349] LEF58_ENCLOSURE with no CUTCLASS is not supported. Skipping for layer mcon
[WARNING DRT-0349] LEF58_ENCLOSURE with no CUTCLASS is not supported. Skipping for layer mcon
[WARNING DRT-0349] LEF58_ENCLOSURE with no CUTCLASS is not supported. Skipping for layer via
[WARNING DRT-0349] LEF58_ENCLOSURE with no CUTCLASS is not supported. Skipping for layer via
[WARNING DRT-0349] LEF58_ENCLOSURE with no CUTCLASS is not supported. Skipping for layer via2
[WARNING DRT-0349] LEF58_ENCLOSURE with no CUTCLASS is not supported. Skipping for layer via2
[WARNING DRT-0349] LEF58_ENCLOSURE with no CUTCLASS is not supported. Skipping for layer via3
[WARNING DRT-0349] LEF58_ENCLOSURE with no CUTCLASS is not supported. Skipping for layer via3
[WARNING DRT-0349] LEF58_ENCLOSURE with no CUTCLASS is not supported. Skipping for layer via4
[WARNING DRT-0349] LEF58_ENCLOSURE with no CUTCLASS is not supported. Skipping for layer via4

Units:                1000
Number of layers:     13
Number of macros:     441
Number of vias:       29
Number of viarulegen: 25

[INFO DRT-0150] Reading design.
[WARNING DRT-0120] Large net net4129 has 123 pins which may impact routing performance. Consider optimization.
[WARNING DRT-0120] Large net net513 has 106 pins which may impact routing performance. Consider optimization.
[WARNING DRT-0120] Large net net3724 has 209 pins which may impact routing performance. Consider optimization.
[WARNING DRT-0120] Large net net3723 has 126 pins which may impact routing performance. Consider optimization.
[WARNING DRT-0120] Large net net4088 has 114 pins which may impact routing performance. Consider optimization.
[WARNING DRT-0120] Large net net4299 has 122 pins which may impact routing performance. Consider optimization.
[WARNING DRT-0120] Large net net4296 has 122 pins which may impact routing performance. Consider optimization.
[WARNING DRT-0120] Large net net4300 has 110 pins which may impact routing performance. Consider optimization.
[WARNING DRT-0120] Large net net4357 has 114 pins which may impact routing performance. Consider optimization.
[WARNING DRT-0120] Large net net4344 has 157 pins which may impact routing performance. Consider optimization.
[WARNING DRT-0120] Large net net4343 has 117 pins which may impact routing performance. Consider optimization.
[WARNING DRT-0120] Large net net4341 has 120 pins which may impact routing performance. Consider optimization.
[WARNING DRT-0120] Large net net4340 has 147 pins which may impact routing performance. Consider optimization.
[WARNING DRT-0120] Large net net4339 has 124 pins which may impact routing performance. Consider optimization.
[WARNING DRT-0120] Large net net4337 has 145 pins which may impact routing performance. Consider optimization.
[WARNING DRT-0120] Large net net4336 has 120 pins which may impact routing performance. Consider optimization.
[WARNING DRT-0120] Large net net4330 has 149 pins which may impact routing performance. Consider optimization.
[WARNING DRT-0120] Large net net4323 has 193 pins which may impact routing performance. Consider optimization.
[WARNING DRT-0120] Large net net4326 has 159 pins which may impact routing performance. Consider optimization.

Design:                   sha256
Die area:                 ( 0 0 ) ( 609240 609240 )
Number of track patterns: 12
Number of DEF vias:       0
Number of components:     21181
Number of terminals:      774
Number of snets:          2
Number of nets:           16983

[INFO DRT-0167] List of default vias:
  Layer via
    default via: M1M2_PR
  Layer via2
    default via: M2M3_PR
  Layer via3
    default via: M3M4_PR
  Layer via4
    default via: M4M5_PR
[INFO DRT-0162] Library cell analysis.
[INFO DRT-0163] Instance analysis.
[INFO DRT-0164] Number of unique instances = 237.
[INFO DRT-0168] Init region query.
[INFO DRT-0024]   Complete FR_MASTERSLICE.
[INFO DRT-0024]   Complete Fr_VIA.
[INFO DRT-0024]   Complete li1.
[INFO DRT-0024]   Complete mcon.
[INFO DRT-0024]   Complete met1.
[INFO DRT-0024]   Complete via.
[INFO DRT-0024]   Complete met2.
[INFO DRT-0024]   Complete via2.
[INFO DRT-0024]   Complete met3.
[INFO DRT-0024]   Complete via3.
[INFO DRT-0024]   Complete met4.
[INFO DRT-0024]   Complete via4.
[INFO DRT-0024]   Complete met5.
[INFO DRT-0033] FR_MASTERSLICE shape region query size = 0.
[INFO DRT-0033] FR_VIA shape region query size = 0.
[INFO DRT-0033] li1 shape region query size = 605110.
[INFO DRT-0033] mcon shape region query size = 358556.
[INFO DRT-0033] met1 shape region query size = 114373.
[INFO DRT-0033] via shape region query size = 24530.
[INFO DRT-0033] met2 shape region query size = 15197.
[INFO DRT-0033] via2 shape region query size = 19624.
[INFO DRT-0033] met3 shape region query size = 15011.
[INFO DRT-0033] via3 shape region query size = 19624.
[INFO DRT-0033] met4 shape region query size = 5918.
[INFO DRT-0033] via4 shape region query size = 968.
[INFO DRT-0033] met5 shape region query size = 1056.
[INFO DRT-0165] Start pin access.
[INFO DRT-0076]   Complete 1000 pins.
[INFO DRT-0078]   Complete 1885 pins.
[INFO DRT-0079]   Complete 100 unique inst patterns.
[INFO DRT-0079]   Complete 200 unique inst patterns.
[INFO DRT-0081]   Complete 237 unique inst patterns.
[INFO DRT-0082]   Complete 10000 groups.
[INFO DRT-0084]   Complete 11403 groups.
#scanned instances     = 21181
#unique  instances     = 237
#stdCellGenAp          = 8887
#stdCellValidPlanarAp  = 137
#stdCellValidViaAp     = 5618
#stdCellPinNoAp        = 10
#stdCellPinCnt         = 62614
#instTermValidViaApCnt = 0
#macroGenAp            = 0
#macroValidPlanarAp    = 0
#macroValidViaAp       = 0
#macroNoAp             = 0
[INFO DRT-0166] Complete pin access.
[INFO DRT-0267] cpu time = 00:02:32, elapsed time = 00:02:32, memory = 249.86 (MB), peak = 263.70 (MB)
Took 153 seconds: pin_access
global_route -congestion_report_file ./reports/sky130hd/chia_sha256_benchmark_corrupted/slot2/congestion.rpt -congestion_iterations 30 -congestion_report_iter_step 5 -verbose
[INFO GRT-0020] Min routing layer: met1
[INFO GRT-0021] Max routing layer: met5
[INFO GRT-0022] Global adjustment: 0%
[INFO GRT-0023] Grid origin: (0, 0)
[INFO GRT-0088] Layer li1     Track-Pitch = 0.4600  line-2-Via Pitch: 0.3400
[INFO GRT-0088] Layer met1    Track-Pitch = 0.3400  line-2-Via Pitch: 0.3400
[INFO GRT-0088] Layer met2    Track-Pitch = 0.4600  line-2-Via Pitch: 0.3500
[INFO GRT-0088] Layer met3    Track-Pitch = 0.6800  line-2-Via Pitch: 0.6150
[INFO GRT-0088] Layer met4    Track-Pitch = 0.9200  line-2-Via Pitch: 1.0400
[INFO GRT-0088] Layer met5    Track-Pitch = 3.4000  line-2-Via Pitch: 3.1100
[INFO GRT-0003] Macros: 0
[INFO GRT-0004] Blockages: 62702
[INFO GRT-0019] Found 298 clock nets.
[INFO GRT-0001] Minimum degree: 2
[INFO GRT-0002] Maximum degree: 209

[INFO GRT-0053] Routing resources analysis:
          Routing      Original      Derated      Resource
Layer     Direction    Resources     Resources    Reduction (%)
---------------------------------------------------------------
li1        Vertical            0             0          0.00%
met1       Horizontal     111583         86391          22.58%
met2       Vertical        99180         76125          23.25%
met3       Horizontal      74080         58122          21.54%
met4       Vertical        48894         34713          29.00%
met5       Horizontal      11049          7743          29.92%
---------------------------------------------------------------

[INFO GRT-0101] Running extra iterations to remove congestion.
[INFO GRT-0102] Start extra iteration 1/30
[INFO GRT-0102] Start extra iteration 2/30
[INFO GRT-0102] Start extra iteration 3/30
[INFO GRT-0197] Via related to pin nodes: 107806
[INFO GRT-0198] Via related Steiner nodes: 3339
[INFO GRT-0199] Via filling finished.
[INFO GRT-0111] Final number of vias: 139208
[INFO GRT-0112] Final usage 3D: 527225

[INFO GRT-0096] Final congestion report:
Layer         Resource        Demand        Usage (%)    Max H / Max V / Total Congestion
---------------------------------------------------------------------------------------
li1                  0             0            0.00%             0 /  0 /  0
met1             86391         44717           51.76%             0 /  0 /  0
met2             76125         45187           59.36%             0 /  0 /  0
met3             58122          7490           12.89%             0 /  0 /  0
met4             34713         12207           35.17%             0 /  0 /  0
met5              7743             0            0.00%             0 /  0 /  0
---------------------------------------------------------------------------------------
Total           263094        109601           41.66%             0 /  0 /  0

[INFO GRT-0018] Total wirelength: 1096920 um
[INFO GRT-0014] Routed nets: 16973
[INFO GRT-0303] Global routing runtime = 00:00:01
[WARNING STA-0450] virtual clock vclk can not be propagated.
estimate_parasitics -global_routing
Perform buffer insertion and gate resizing...
repair_design -verbose
Iteration |   Area    | Resized | Buffers | Nets repaired | Remaining
---------------------------------------------------------------------
        0 |     +0.0% |       0 |       0 |             0 |     17213
     1000 |     +0.0% |       0 |       0 |             0 |     16213
     2000 |     +0.0% |       0 |       0 |             0 |     15213
     3000 |     +0.0% |       0 |       0 |             0 |     14213
     4000 |     +0.0% |       0 |       0 |             0 |     13213
     5000 |     +0.0% |       0 |       0 |             0 |     12213
     6000 |     +0.0% |       0 |       0 |             0 |     11213
     7000 |     +0.0% |       0 |       0 |             0 |     10213
     8000 |     +0.0% |       0 |       0 |             0 |      9213
     9000 |     +0.0% |       0 |       0 |             0 |      8213
[WARNING RSZ-0104] Net _12922_ only has one pin. Check if it is intended to be dangling.
[WARNING RSZ-0104] Net _12920_ only has one pin. Check if it is intended to be dangling.
    10000 |     +0.0% |       0 |       0 |             0 |      7213
    11000 |     +0.0% |       0 |       0 |             0 |      6213
[WARNING RSZ-0104] Net _12925_ only has one pin. Check if it is intended to be dangling.
[WARNING RSZ-0104] Net _12924_ only has one pin. Check if it is intended to be dangling.
[WARNING RSZ-0104] Net _12921_ only has one pin. Check if it is intended to be dangling.
[WARNING RSZ-0104] Net _12928_ only has one pin. Check if it is intended to be dangling.
[WARNING RSZ-0104] Net _12927_ only has one pin. Check if it is intended to be dangling.
[WARNING RSZ-0104] Net _12926_ only has one pin. Check if it is intended to be dangling.
    12000 |     +0.0% |       0 |       0 |             0 |      5213
[WARNING RSZ-0104] Net _12930_ only has one pin. Check if it is intended to be dangling.
[WARNING RSZ-0104] Net _12923_ only has one pin. Check if it is intended to be dangling.
    13000 |     +0.0% |       0 |       0 |             0 |      4213
    14000 |     +0.0% |       0 |       0 |             0 |      3213
    15000 |     +0.0% |       0 |       0 |             0 |      2213
    16000 |     +0.0% |       0 |       0 |             0 |      1213
    17000 |     +0.0% |       0 |       0 |             0 |       213
    final |     +0.0% |       0 |       0 |             0 |         0
---------------------------------------------------------------------
[INFO RSZ-0504] Runtime: 0.82s
global_route -start_incremental
detailed_placement
[INFO DPL-0006] Core area: 366373.88 um^2
[INFO DPL-0007] Movable instances area: 193131.48 um^2
[INFO DPL-0008] Fixed instances area within core: 6025.78 um^2
[INFO DPL-0009] Utilization: 54.4%
[INFO DPL-0005] Diamond search max displacement: +/- 500 sites horizontally, +/- 100 rows vertically.
[INFO DPL-1102] Legalizing using negotiation legalizer.
[INFO DPL-1103] Negotiation base search window: +/-20 sites horizontally, +/-5 rows vertically 
	Automatic search window extension enabled.
	Search window extendable up to the max displacement cap of +/-500 sites, +/-100 rows near walls.
[INFO DPL-1104] NegotiationLegalizer DRC penalty: 5.
[INFO DPL-0392] Negotiation cell height distribution (1 unique row-count(s)):
[INFO DPL-0393]   height 1 row(s): 21181 cells
[INFO DPL-0500] Runtime: 0.07s
Placement Analysis
---------------------------------
total displacement          0.0 u
average displacement        0.0 u
max displacement            0.0 u
original HPWL          592689.3 u
legalized HPWL         592689.3 u
delta HPWL                    0 %

global_route -end_incremental -congestion_report_file ./reports/sky130hd/chia_sha256_benchmark_corrupted/slot2/congestion_post_repair_design.rpt
Repair setup and hold violations...
estimate_parasitics -global_routing
repair_timing -setup_margin 0.25 -hold_margin 0 -repair_tns 100 -verbose
[INFO RSZ-0100] Repair move sequence: UnbufferMove SizeUpMove SwapPinsMove BufferMove CloneMove SplitLoadMove 
[INFO RSZ-0094] Found 52 endpoints with setup violations.
[INFO RSZ-0099] Repairing 52 out of 52 (100.00%) violating endpoints...
   Iter   | Removed | Resized | Inserted | Cloned |  Pin  |   Area   |    WNS   |   StTNS    |   EnTNS    |  Viol  |  Worst  
          | Buffers |  Gates  | Buffers  |  Gates | Swaps |          |          |            |            | Endpts | St/EnPt 
------------------------------------------------------------------------------------------------------------------------------
       0* |       0 |       0 |        0 |      0 |     0 |    +0.0% |   -0.586 |       -1.8 |      -12.8 |     52 | digest\[251\]$_DFFE_PN0P_/D
      10* |       0 |       6 |        0 |      1 |     2 |    +0.0% |   -0.553 |       -1.7 |      -11.5 |     52 | digest\[251\]$_DFFE_PN0P_/D
      20* |       0 |      10 |        0 |      4 |     5 |    +0.1% |   -0.517 |       -1.7 |      -10.4 |     52 | digest\[251\]$_DFFE_PN0P_/D
      30* |       0 |      14 |        1 |      4 |    10 |    +0.1% |   -0.563 |       -1.8 |      -10.9 |     52 | digest\[251\]$_DFFE_PN0P_/D
      40* |       0 |      20 |        2 |      4 |    13 |    +0.1% |   -0.525 |       -1.6 |      -10.9 |     52 | digest\[251\]$_DFFE_PN0P_/D
      50* |       0 |      22 |        3 |      4 |    20 |    +0.1% |   -0.561 |       -1.8 |      -12.2 |     52 | digest\[251\]$_DFFE_PN0P_/D
      60* |       0 |      25 |        4 |      4 |    26 |    +0.1% |   -0.582 |       -1.8 |      -13.0 |     52 | digest\[251\]$_DFFE_PN0P_/D
      70* |       0 |      32 |        8 |      4 |    27 |    +0.2% |   -0.530 |       -1.7 |      -11.0 |     52 | digest\[251\]$_DFFE_PN0P_/D
      80* |       0 |      35 |       13 |      4 |    31 |    +0.2% |   -0.580 |       -2.0 |      -12.8 |     52 | digest\[251\]$_DFFE_PN0P_/D
      88* |       0 |      20 |        1 |      4 |    12 |    +0.1% |   -0.513 |       -1.6 |      -10.3 |     52 | digest\[251\]$_DFFE_PN0P_/D
      90* |       0 |      20 |        1 |      4 |    13 |    +0.1% |   -0.513 |       -1.6 |      -10.3 |     52 | digest\[251\]$_DFFE_PN0P_/D
     100* |       0 |      25 |        2 |      4 |    17 |    +0.1% |   -0.490 |       -1.5 |      -10.2 |     52 | digest\[251\]$_DFFE_PN0P_/D
     110* |       0 |      27 |        3 |      4 |    24 |    +0.1% |   -0.487 |       -1.5 |      -10.0 |     52 | digest\[251\]$_DFFE_PN0P_/D
     120* |       0 |      32 |        4 |      4 |    28 |    +0.2% |   -0.479 |       -1.5 |       -9.8 |     52 | digest\[251\]$_DFFE_PN0P_/D
     130* |       0 |      39 |        7 |      4 |    30 |    +0.2% |   -0.509 |       -1.6 |      -10.0 |     52 | digest\[251\]$_DFFE_PN0P_/D
     140* |       0 |      45 |        9 |      4 |    32 |    +0.2% |   -0.461 |       -1.4 |       -9.1 |     52 | digest\[251\]$_DFFE_PN0P_/D
     150* |       0 |      45 |        9 |      4 |    42 |    +0.2% |   -0.461 |       -1.4 |       -9.2 |     52 | digest\[251\]$_DFFE_PN0P_/D
     160* |       0 |      48 |       17 |      4 |    45 |    +0.3% |   -0.501 |       -1.5 |       -9.8 |     52 | a\[30\]$_DFFE_PN0P_/D
     170* |       0 |      51 |       18 |      4 |    51 |    +0.3% |   -0.475 |       -1.5 |       -9.4 |     52 | digest\[251\]$_DFFE_PN0P_/D
     180* |       0 |      58 |       19 |      4 |    53 |    +0.3% |   -0.448 |       -1.4 |       -8.8 |     52 | digest\[251\]$_DFFE_PN0P_/D
     190* |       0 |      64 |       20 |      4 |    56 |    +0.3% |   -0.421 |       -1.3 |       -8.1 |     52 | digest\[251\]$_DFFE_PN0P_/D
     195* |       0 |      65 |       21 |      4 |    59 |    +0.3% |   -0.405 |       -1.2 |       -7.4 |     52 | digest\[251\]$_DFFE_PN0P_/D
     200* |       0 |      68 |       29 |      4 |    59 |    +0.3% |   -0.390 |       -1.2 |       -7.0 |     52 | digest\[251\]$_DFFE_PN0P_/D
     210* |       0 |      72 |       30 |      5 |    63 |    +0.4% |   -0.500 |       -1.6 |       -8.8 |     52 | digest\[251\]$_DFFE_PN0P_/D
     220* |       0 |      75 |       32 |      5 |    68 |    +0.4% |   -0.499 |       -1.6 |       -9.9 |     52 | digest\[251\]$_DFFE_PN0P_/D
     230* |       0 |      81 |       35 |      6 |    70 |    +0.4% |   -0.477 |       -1.6 |       -9.6 |     52 | digest\[251\]$_DFFE_PN0P_/D
     240* |       0 |      86 |       39 |      6 |    73 |    +0.4% |   -0.469 |       -1.5 |       -9.0 |     52 | digest\[251\]$_DFFE_PN0P_/D
     250* |       0 |      92 |       39 |      6 |    77 |    +0.5% |   -0.458 |       -1.5 |       -8.9 |     52 | digest\[251\]$_DFFE_PN0P_/D
     256* |       0 |      72 |       30 |      5 |    59 |    +0.4% |   -0.385 |       -1.2 |       -6.9 |     52 | digest\[251\]$_DFFE_PN0P_/D
     260* |       0 |      75 |       30 |      5 |    59 |    +0.4% |   -0.387 |       -1.2 |       -7.0 |     52 | digest\[251\]$_DFFE_PN0P_/D
     270* |       0 |      85 |       30 |      5 |    59 |    +0.4% |   -0.376 |       -1.1 |       -6.6 |     52 | digest\[251\]$_DFFE_PN0P_/D
     280* |       0 |      91 |       31 |      5 |    62 |    +0.4% |   -0.376 |       -1.1 |       -6.7 |     52 | digest\[251\]$_DFFE_PN0P_/D
     290* |       0 |      96 |       31 |      6 |    66 |    +0.4% |   -0.396 |       -1.1 |       -7.0 |     52 | a\[30\]$_DFFE_PN0P_/D
     299* |       0 |     101 |       31 |      8 |    68 |    +0.5% |   -0.367 |       -1.1 |       -6.5 |     52 | a\[30\]$_DFFE_PN0P_/D
     300* |       0 |     101 |       31 |      8 |    68 |    +0.5% |   -0.367 |       -1.1 |       -6.5 |     52 | a\[30\]$_DFFE_PN0P_/D
     304* |       0 |     105 |       31 |      8 |    68 |    +0.5% |   -0.367 |       -1.1 |       -6.2 |     52 | a\[30\]$_DFFE_PN0P_/D
     308* |       0 |     106 |       31 |      8 |    69 |    +0.5% |   -0.367 |       -1.1 |       -6.2 |     52 | a\[30\]$_DFFE_PN0P_/D
     310* |       0 |     107 |       31 |      8 |    69 |    +0.5% |   -0.361 |       -1.1 |       -6.2 |     52 | digest\[255\]$_DFFE_PN0P_/D
     311* |       0 |     108 |       31 |      8 |    69 |    +0.5% |   -0.361 |       -1.1 |       -6.2 |     52 | digest\[255\]$_DFFE_PN0P_/D
     320* |       0 |     114 |       31 |      8 |    71 |    +0.5% |   -0.361 |       -1.1 |       -5.5 |     52 | digest\[255\]$_DFFE_PN0P_/D
     330* |       0 |     121 |       32 |      8 |    73 |    +0.5% |   -0.361 |       -1.1 |       -5.8 |     52 | digest\[255\]$_DFFE_PN0P_/D
     340* |       0 |     124 |       33 |      8 |    79 |    +0.5% |   -0.361 |       -1.1 |       -5.4 |     52 | digest\[255\]$_DFFE_PN0P_/D
     349* |       0 |     127 |       33 |      8 |    80 |    +0.5% |   -0.361 |       -1.1 |       -5.4 |     52 | digest\[255\]$_DFFE_PN0P_/D
     350* |       0 |     127 |       33 |      8 |    80 |    +0.5% |   -0.361 |       -1.1 |       -5.4 |     52 | digest\[255\]$_DFFE_PN0P_/D
     360* |       0 |     130 |       35 |      8 |    85 |    +0.6% |   -0.361 |       -1.1 |       -5.6 |     52 | digest\[255\]$_DFFE_PN0P_/D
     370* |       0 |     134 |       38 |      8 |    89 |    +0.6% |   -0.356 |       -1.1 |       -5.3 |     52 | digest\[255\]$_DFFE_PN0P_/D
     380* |       0 |     138 |       39 |      8 |    94 |    +0.6% |   -0.356 |       -1.1 |       -6.0 |     52 | digest\[255\]$_DFFE_PN0P_/D
     390* |       0 |     146 |       39 |      8 |    96 |    +0.6% |   -0.356 |       -1.1 |       -5.4 |     52 | digest\[255\]$_DFFE_PN0P_/D
     392* |       0 |     147 |       39 |      8 |    96 |    +0.6% |   -0.356 |       -1.1 |       -5.4 |     52 | digest\[255\]$_DFFE_PN0P_/D
     400* |       0 |     153 |       39 |      8 |    97 |    +0.6% |   -0.356 |       -1.1 |       -5.2 |     52 | digest\[255\]$_DFFE_PN0P_/D
     402* |       0 |     153 |       39 |      8 |    97 |    +0.6% |   -0.356 |       -1.1 |       -5.2 |     52 | digest\[255\]$_DFFE_PN0P_/D
     410* |       0 |     156 |       39 |      8 |   101 |    +0.6% |   -0.369 |       -1.1 |       -5.2 |     52 | digest\[255\]$_DFFE_PN0P_/D
     414* |       0 |     157 |       39 |      8 |   104 |    +0.6% |   -0.355 |       -1.1 |       -5.1 |     52 | digest\[255\]$_DFFE_PN0P_/D
     420* |       0 |     161 |       39 |      8 |   105 |    +0.6% |   -0.355 |       -1.1 |       -5.1 |     52 | digest\[255\]$_DFFE_PN0P_/D
     430* |       0 |     165 |       39 |      8 |   111 |    +0.7% |   -0.355 |       -1.1 |       -5.3 |     52 | digest\[255\]$_DFFE_PN0P_/D
     433* |       0 |     165 |       39 |      8 |   111 |    +0.7% |   -0.355 |       -1.1 |       -5.3 |     52 | digest\[255\]$_DFFE_PN0P_/D
     440* |       0 |     169 |       40 |      8 |   112 |    +0.7% |   -0.355 |       -1.1 |       -5.2 |     52 | digest\[255\]$_DFFE_PN0P_/D
     450* |       0 |     174 |       41 |      8 |   116 |    +0.7% |   -0.428 |       -1.3 |       -6.8 |     52 | digest\[251\]$_DFFE_PN0P_/D
     460* |       0 |     179 |       42 |      9 |   119 |    +0.7% |   -0.450 |       -1.4 |       -7.4 |     52 | digest\[251\]$_DFFE_PN0P_/D
     470* |       0 |     182 |       42 |      9 |   126 |    +0.7% |   -0.501 |       -1.6 |       -8.4 |     52 | digest\[251\]$_DFFE_PN0P_/D
     480* |       0 |     188 |       43 |      9 |   129 |    +0.7% |   -0.494 |       -1.6 |       -8.9 |     52 | digest\[251\]$_DFFE_PN0P_/D
     490* |       0 |     189 |       55 |      9 |   133 |    +0.8% |   -0.481 |       -1.5 |       -8.6 |     52 | digest\[251\]$_DFFE_PN0P_/D
     491* |       0 |     170 |       40 |      8 |   112 |    +0.7% |   -0.355 |       -1.1 |       -5.1 |     52 | digest\[255\]$_DFFE_PN0P_/D
     500* |       0 |     177 |       40 |      8 |   113 |    +0.7% |   -0.358 |       -1.1 |       -5.1 |     52 | digest\[251\]$_DFFE_PN0P_/D
     510* |       0 |     182 |       41 |      8 |   117 |    +0.7% |   -0.355 |       -1.1 |       -4.8 |     52 | digest\[255\]$_DFFE_PN0P_/D
     520* |       0 |     188 |       43 |      8 |   119 |    +0.7% |   -0.355 |       -1.1 |       -4.7 |     52 | digest\[255\]$_DFFE_PN0P_/D
     530* |       0 |     194 |       44 |      8 |   122 |    +0.7% |   -0.394 |       -1.2 |       -5.6 |     52 | digest\[251\]$_DFFE_PN0P_/D
     530* |       0 |     185 |       42 |      8 |   117 |    +0.7% |   -0.355 |       -1.1 |       -4.6 |     52 | digest\[255\]$_DFFE_PN0P_/D
     536* |       0 |     187 |       43 |      8 |   118 |    +0.7% |   -0.355 |       -1.1 |       -4.7 |     52 | digest\[255\]$_DFFE_PN0P_/D
     540* |       0 |     189 |       43 |      8 |   119 |    +0.7% |   -0.355 |       -1.1 |       -4.6 |     52 | digest\[255\]$_DFFE_PN0P_/D
     550* |       0 |     197 |       44 |      8 |   120 |    +0.7% |   -0.355 |       -1.1 |       -4.6 |     52 | digest\[255\]$_DFFE_PN0P_/D
     555* |       0 |     200 |       44 |      8 |   121 |    +0.7% |   -0.355 |       -1.1 |       -4.5 |     52 | digest\[255\]$_DFFE_PN0P_/D
     560* |       0 |     204 |       44 |      8 |   121 |    +0.8% |   -0.355 |       -1.1 |       -4.4 |     52 | digest\[255\]$_DFFE_PN0P_/D
     565* |       0 |     206 |       45 |      8 |   121 |    +0.8% |   -0.354 |       -1.1 |       -4.5 |     52 | digest\[255\]$_DFFE_PN0P_/D
     570* |       0 |     208 |       45 |      8 |   123 |    +0.8% |   -0.354 |       -1.1 |       -4.4 |     52 | digest\[255\]$_DFFE_PN0P_/D
     579* |       0 |     210 |       47 |      8 |   123 |    +0.8% |   -0.354 |       -1.1 |       -4.5 |     52 | digest\[255\]$_DFFE_PN0P_/D
     580* |       0 |     210 |       47 |      8 |   123 |    +0.8% |   -0.354 |       -1.1 |       -4.5 |     52 | digest\[255\]$_DFFE_PN0P_/D
     590* |       0 |     215 |       48 |      8 |   127 |    +0.8% |   -0.359 |       -1.1 |       -5.0 |     52 | digest\[251\]$_DFFE_PN0P_/D
     590* |       0 |     214 |       48 |      8 |   126 |    +0.8% |   -0.354 |       -1.1 |       -4.7 |     52 | digest\[255\]$_DFFE_PN0P_/D
     597* |       0 |     217 |       48 |      8 |   128 |    +0.8% |   -0.354 |       -1.1 |       -4.7 |     52 | digest\[255\]$_DFFE_PN0P_/D
     600* |       0 |     218 |       48 |      8 |   129 |    +0.8% |   -0.354 |       -1.1 |       -4.7 |     52 | digest\[255\]$_DFFE_PN0P_/D
     605* |       0 |     219 |       48 |      8 |   129 |    +0.8% |   -0.354 |       -1.1 |       -4.6 |     52 | digest\[255\]$_DFFE_PN0P_/D
     610* |       0 |     221 |       48 |      8 |   131 |    +0.8% |   -0.354 |       -1.1 |       -4.6 |     52 | digest\[255\]$_DFFE_PN0P_/D
     620* |       0 |     225 |       51 |      8 |   134 |    +0.8% |   -0.354 |       -1.1 |       -4.6 |     52 | digest\[255\]$_DFFE_PN0P_/D
     630* |       0 |     232 |       51 |      8 |   137 |    +0.9% |   -0.354 |       -1.1 |       -4.5 |     52 | digest\[255\]$_DFFE_PN0P_/D
     640* |       0 |     237 |       51 |      8 |   142 |    +0.9% |   -0.446 |       -1.4 |       -6.7 |     52 | digest\[251\]$_DFFE_PN0P_/D
     650* |       0 |     244 |       52 |      8 |   144 |    +0.9% |   -0.354 |       -1.1 |       -4.5 |     52 | digest\[255\]$_DFFE_PN0P_/D
     660* |       0 |     251 |       54 |      8 |   145 |    +0.9% |   -0.354 |       -1.1 |       -4.5 |     52 | digest\[255\]$_DFFE_PN0P_/D
     670* |       0 |     258 |       56 |      8 |   146 |    +0.9% |   -0.354 |       -1.1 |       -4.7 |     52 | digest\[255\]$_DFFE_PN0P_/D
     671* |       0 |     226 |       51 |      8 |   134 |    +0.8% |   -0.354 |       -1.1 |       -4.6 |     52 | digest\[255\]$_DFFE_PN0P_/D
     680* |       0 |     233 |       51 |      8 |   135 |    +0.9% |   -0.354 |       -1.1 |       -4.5 |     52 | digest\[255\]$_DFFE_PN0P_/D
     690* |       0 |     240 |       53 |      8 |   136 |    +0.9% |   -0.354 |       -1.1 |       -4.7 |     52 | digest\[255\]$_DFFE_PN0P_/D
     693* |       0 |     226 |       51 |      8 |   135 |    +0.8% |   -0.354 |       -1.1 |       -4.6 |     52 | digest\[255\]$_DFFE_PN0P_/D
     700* |       0 |     231 |       52 |      8 |   135 |    +0.8% |   -0.354 |       -1.1 |       -4.6 |     52 | digest\[255\]$_DFFE_PN0P_/D
     702* |       0 |     229 |       51 |      8 |   135 |    +0.8% |   -0.354 |       -1.1 |       -4.5 |     52 | digest\[255\]$_DFFE_PN0P_/D
     710* |       0 |     232 |       52 |      8 |   138 |    +0.9% |   -0.354 |       -1.1 |       -4.6 |     52 | digest\[255\]$_DFFE_PN0P_/D
     713* |       0 |     232 |       51 |      8 |   136 |    +0.9% |   -0.354 |       -1.1 |       -4.5 |     52 | digest\[255\]$_DFFE_PN0P_/D
     720* |       0 |     236 |       52 |      8 |   137 |    +0.9% |   -0.354 |       -1.1 |       -4.6 |     52 | digest\[255\]$_DFFE_PN0P_/D
     726* |       0 |     240 |       53 |      8 |   138 |    +0.9% |   -0.354 |       -1.1 |       -4.5 |     52 | digest\[255\]$_DFFE_PN0P_/D
     730* |       0 |     243 |       53 |      8 |   138 |    +0.9% |   -0.354 |       -1.1 |       -4.5 |     52 | digest\[255\]$_DFFE_PN0P_/D
     740* |       0 |     250 |       54 |      8 |   140 |    +0.9% |   -0.354 |       -1.1 |       -4.5 |     52 | digest\[255\]$_DFFE_PN0P_/D
     750* |       0 |     256 |       55 |      8 |   143 |    +0.9% |   -0.354 |       -1.1 |       -4.5 |     52 | digest\[255\]$_DFFE_PN0P_/D
     760* |       0 |     260 |       57 |      8 |   147 |    +0.9% |   -0.354 |       -1.1 |       -4.5 |     52 | digest\[255\]$_DFFE_PN0P_/D
     770* |       0 |     265 |       61 |      8 |   148 |    +1.0% |   -0.354 |       -1.1 |       -4.5 |     52 | digest\[255\]$_DFFE_PN0P_/D
     773* |       0 |     259 |       56 |      8 |   145 |    +0.9% |   -0.354 |       -1.1 |       -4.5 |     52 | digest\[255\]$_DFFE_PN0P_/D
     775* |       0 |     260 |       56 |      8 |   145 |    +0.9% |   -0.354 |       -1.1 |       -4.5 |     52 | digest\[255\]$_DFFE_PN0P_/D
     779* |       0 |     263 |       56 |      8 |   145 |    +0.9% |   -0.354 |       -1.1 |       -4.5 |     52 | digest\[255\]$_DFFE_PN0P_/D
     780* |       0 |     263 |       56 |      8 |   145 |    +0.9% |   -0.354 |       -1.1 |       -4.5 |     52 | digest\[255\]$_DFFE_PN0P_/D
     790* |       0 |     267 |       58 |      8 |   149 |    +1.0% |   -0.354 |       -1.1 |       -4.5 |     52 | digest\[255\]$_DFFE_PN0P_/D
     800* |       0 |     274 |       59 |      8 |   151 |    +1.0% |   -0.355 |       -1.1 |       -4.5 |     52 | digest\[255\]$_DFFE_PN0P_/D
     803* |       0 |     266 |       58 |      8 |   148 |    +1.0% |   -0.354 |       -1.1 |       -4.5 |     52 | digest\[255\]$_DFFE_PN0P_/D
     810* |       0 |     271 |       58 |      8 |   149 |    +1.0% |   -0.354 |       -1.1 |       -4.4 |     52 | digest\[255\]$_DFFE_PN0P_/D
     817* |       0 |     271 |       58 |      8 |   149 |    +1.0% |   -0.354 |       -1.1 |       -4.4 |     52 | digest\[255\]$_DFFE_PN0P_/D
     820* |       0 |     273 |       58 |      8 |   149 |    +1.0% |   -0.354 |       -1.1 |       -4.4 |     52 | digest\[255\]$_DFFE_PN0P_/D
     830* |       0 |     279 |       59 |      8 |   152 |    +1.0% |   -0.354 |       -1.1 |       -4.4 |     52 | digest\[255\]$_DFFE_PN0P_/D
     831* |       0 |     274 |       58 |      8 |   150 |    +1.0% |   -0.354 |       -1.1 |       -4.4 |     52 | digest\[255\]$_DFFE_PN0P_/D
     840* |       0 |     277 |       59 |      8 |   154 |    +1.0% |   -0.354 |       -1.1 |       -4.3 |     52 | digest\[255\]$_DFFE_PN0P_/D
     844* |       0 |     275 |       58 |      8 |   153 |    +1.0% |   -0.354 |       -1.1 |       -4.4 |     52 | digest\[255\]$_DFFE_PN0P_/D
     850* |       0 |     278 |       59 |      8 |   154 |    +1.0% |   -0.363 |       -1.1 |       -4.4 |     52 | digest\[255\]$_DFFE_PN0P_/D
     858* |       0 |     277 |       58 |      8 |   154 |    +1.0% |   -0.354 |       -1.1 |       -4.4 |     52 | digest\[255\]$_DFFE_PN0P_/D
     859* |       0 |     277 |       58 |      8 |   154 |    +1.0% |   -0.354 |       -1.1 |       -4.4 |     52 | digest\[255\]$_DFFE_PN0P_/D
     860* |       0 |     277 |       58 |      8 |   154 |    +1.0% |   -0.354 |       -1.1 |       -4.4 |     52 | digest\[255\]$_DFFE_PN0P_/D
     870* |       0 |     283 |       59 |      8 |   157 |    +1.0% |   -0.354 |       -1.1 |       -4.4 |     52 | digest\[255\]$_DFFE_PN0P_/D
     871* |       0 |     283 |       59 |      8 |   158 |    +1.0% |   -0.354 |       -1.1 |       -4.4 |     52 | digest\[255\]$_DFFE_PN0P_/D
     873* |       0 |     284 |       59 |      8 |   158 |    +1.0% |   -0.354 |       -1.1 |       -4.4 |     52 | digest\[255\]$_DFFE_PN0P_/D
     874* |       0 |     284 |       59 |      8 |   158 |    +1.0% |   -0.354 |       -1.1 |       -4.4 |     52 | digest\[255\]$_DFFE_PN0P_/D
     880* |       0 |     284 |       61 |      8 |   161 |    +1.0% |   -0.355 |       -1.1 |       -4.4 |     52 | digest\[255\]$_DFFE_PN0P_/D
     890* |       0 |     291 |       61 |      8 |   164 |    +1.0% |   -0.362 |       -1.1 |       -4.5 |     52 | digest\[255\]$_DFFE_PN0P_/D
     895* |       0 |     284 |       60 |      8 |   158 |    +1.0% |   -0.354 |       -1.1 |       -4.4 |     52 | digest\[255\]$_DFFE_PN0P_/D
     896* |       0 |     284 |       60 |      8 |   158 |    +1.0% |   -0.354 |       -1.1 |       -4.4 |     52 | digest\[255\]$_DFFE_PN0P_/D
     897* |       0 |     284 |       60 |      8 |   158 |    +1.0% |   -0.354 |       -1.1 |       -4.4 |     52 | digest\[255\]$_DFFE_PN0P_/D
     898* |       0 |     284 |       60 |      8 |   158 |    +1.0% |   -0.354 |       -1.1 |       -4.4 |     52 | digest\[255\]$_DFFE_PN0P_/D
     899* |       0 |     284 |       60 |      8 |   158 |    +1.0% |   -0.354 |       -1.1 |       -4.4 |     52 | digest\[255\]$_DFFE_PN0P_/D
     900* |       0 |     284 |       60 |      8 |   158 |    +1.0% |   -0.354 |       -1.1 |       -4.4 |     52 | digest\[255\]$_DFFE_PN0P_/D
     900* |       0 |     284 |       60 |      8 |   158 |    +1.0% |   -0.354 |       -1.1 |       -4.4 |     52 | digest\[255\]$_DFFE_PN0P_/D
     901* |       0 |     284 |       60 |      8 |   158 |    +1.0% |   -0.354 |       -1.1 |       -4.4 |     52 | digest\[255\]$_DFFE_PN0P_/D
     902* |       0 |     284 |       60 |      8 |   158 |    +1.0% |   -0.354 |       -1.1 |       -4.4 |     52 | digest\[255\]$_DFFE_PN0P_/D
     903* |       0 |     284 |       60 |      8 |   158 |    +1.0% |   -0.354 |       -1.1 |       -4.4 |     52 | digest\[255\]$_DFFE_PN0P_/D
     904* |       0 |     284 |       60 |      8 |   158 |    +1.0% |   -0.354 |       -1.1 |       -4.4 |     52 | digest\[255\]$_DFFE_PN0P_/D
     905* |       0 |     284 |       60 |      8 |   158 |    +1.0% |   -0.354 |       -1.1 |       -4.4 |     52 | digest\[255\]$_DFFE_PN0P_/D
     906* |       0 |     284 |       60 |      8 |   158 |    +1.0% |   -0.354 |       -1.1 |       -4.4 |     52 | digest\[255\]$_DFFE_PN0P_/D
     907* |       0 |     284 |       60 |      8 |   158 |    +1.0% |   -0.354 |       -1.1 |       -4.4 |     52 | digest\[255\]$_DFFE_PN0P_/D
     908* |       0 |     284 |       60 |      8 |   158 |    +1.0% |   -0.354 |       -1.1 |       -4.4 |     52 | digest\[255\]$_DFFE_PN0P_/D
     908* |       0 |     284 |       60 |      8 |   158 |    +1.0% |   -0.354 |       -1.1 |       -4.4 |     52 | digest\[255\]$_DFFE_PN0P_/D
     909+ |       0 |     284 |       60 |      8 |   158 |    +1.0% |   -0.354 |       -1.1 |       -4.4 |     34 | digest\[255\]$_DFFE_PN0P_/D
     910+ |       0 |     284 |       60 |      8 |   158 |    +1.0% |   -0.354 |       -1.1 |       -4.4 |     34 | digest\[255\]$_DFFE_PN0P_/D
     910+ |       0 |     284 |       60 |      8 |   158 |    +1.0% |   -0.354 |       -1.1 |       -4.4 |     34 | digest\[255\]$_DFFE_PN0P_/D
     911+ |       0 |     284 |       60 |      8 |   158 |    +1.0% |   -0.354 |       -1.1 |       -4.4 |     34 | digest\[255\]$_DFFE_PN0P_/D
     912+ |       0 |     284 |       60 |      8 |   158 |    +1.0% |   -0.354 |       -1.1 |       -4.4 |     34 | digest\[255\]$_DFFE_PN0P_/D
     913+ |       0 |     284 |       60 |      8 |   158 |    +1.0% |   -0.354 |       -1.1 |       -4.4 |     34 | digest\[255\]$_DFFE_PN0P_/D
     914+ |       0 |     284 |       60 |      8 |   158 |    +1.0% |   -0.354 |       -1.1 |       -4.4 |     34 | digest\[255\]$_DFFE_PN0P_/D
     916+ |       0 |     285 |       60 |      8 |   158 |    +1.0% |   -0.354 |       -1.1 |       -4.4 |     34 | digest\[255\]$_DFFE_PN0P_/D
     917+ |       0 |     285 |       60 |      8 |   158 |    +1.0% |   -0.354 |       -1.1 |       -4.4 |     34 | digest\[255\]$_DFFE_PN0P_/D
     918+ |       0 |     285 |       60 |      8 |   158 |    +1.0% |   -0.354 |       -1.1 |       -4.4 |     34 | digest\[255\]$_DFFE_PN0P_/D
     919+ |       0 |     285 |       60 |      8 |   158 |    +1.0% |   -0.354 |       -1.1 |       -4.4 |     34 | digest\[255\]$_DFFE_PN0P_/D
     920+ |       0 |     285 |       60 |      8 |   158 |    +1.0% |   -0.354 |       -1.1 |       -4.4 |     34 | digest\[255\]$_DFFE_PN0P_/D
     920+ |       0 |     285 |       60 |      8 |   158 |    +1.0% |   -0.354 |       -1.1 |       -4.4 |     34 | digest\[255\]$_DFFE_PN0P_/D
     921+ |       0 |     285 |       60 |      8 |   158 |    +1.0% |   -0.354 |       -1.1 |       -4.4 |     34 | digest\[255\]$_DFFE_PN0P_/D
     922+ |       0 |     285 |       60 |      8 |   158 |    +1.0% |   -0.354 |       -1.1 |       -4.4 |     34 | digest\[255\]$_DFFE_PN0P_/D
     923+ |       0 |     285 |       60 |      8 |   158 |    +1.0% |   -0.354 |       -1.1 |       -4.4 |     34 | digest\[255\]$_DFFE_PN0P_/D
     925+ |       0 |     286 |       60 |      8 |   158 |    +1.0% |   -0.354 |       -1.1 |       -4.3 |     34 | digest\[255\]$_DFFE_PN0P_/D
     926+ |       0 |     286 |       60 |      8 |   158 |    +1.0% |   -0.354 |       -1.1 |       -4.3 |     34 | digest\[255\]$_DFFE_PN0P_/D
     927+ |       0 |     286 |       60 |      8 |   158 |    +1.0% |   -0.354 |       -1.1 |       -4.3 |     34 | digest\[255\]$_DFFE_PN0P_/D
     929+ |       0 |     287 |       60 |      8 |   158 |    +1.0% |   -0.354 |       -1.1 |       -4.3 |     34 | digest\[255\]$_DFFE_PN0P_/D
     930+ |       0 |     287 |       60 |      8 |   158 |    +1.0% |   -0.354 |       -1.1 |       -4.3 |     34 | digest\[255\]$_DFFE_PN0P_/D
     932+ |       0 |     289 |       60 |      8 |   158 |    +1.0% |   -0.354 |       -1.1 |       -4.3 |     34 | digest\[255\]$_DFFE_PN0P_/D
     933+ |       0 |     289 |       60 |      8 |   158 |    +1.0% |   -0.354 |       -1.1 |       -4.3 |     34 | digest\[255\]$_DFFE_PN0P_/D
     934+ |       0 |     289 |       60 |      8 |   158 |    +1.0% |   -0.354 |       -1.1 |       -4.3 |     34 | digest\[255\]$_DFFE_PN0P_/D
     936+ |       0 |     290 |       60 |      8 |   158 |    +1.0% |   -0.354 |       -1.1 |       -4.3 |     34 | digest\[255\]$_DFFE_PN0P_/D
     937+ |       0 |     290 |       60 |      8 |   158 |    +1.0% |   -0.354 |       -1.1 |       -4.3 |     34 | digest\[255\]$_DFFE_PN0P_/D
     940+ |       0 |     292 |       60 |      8 |   158 |    +1.0% |   -0.354 |       -1.1 |       -4.3 |     34 | digest\[255\]$_DFFE_PN0P_/D
     940+ |       0 |     292 |       60 |      8 |   158 |    +1.0% |   -0.354 |       -1.1 |       -4.3 |     34 | digest\[255\]$_DFFE_PN0P_/D
     942+ |       0 |     293 |       60 |      8 |   158 |    +1.0% |   -0.354 |       -1.1 |       -4.3 |     34 | digest\[255\]$_DFFE_PN0P_/D
     943+ |       0 |     293 |       60 |      8 |   158 |    +1.0% |   -0.354 |       -1.1 |       -4.3 |     34 | digest\[255\]$_DFFE_PN0P_/D
     944+ |       0 |     293 |       60 |      8 |   158 |    +1.0% |   -0.354 |       -1.1 |       -4.3 |     34 | digest\[255\]$_DFFE_PN0P_/D
     945+ |       0 |     293 |       60 |      8 |   158 |    +1.0% |   -0.354 |       -1.1 |       -4.3 |     34 | digest\[255\]$_DFFE_PN0P_/D
     947+ |       0 |     294 |       60 |      8 |   158 |    +1.0% |   -0.354 |       -1.1 |       -4.3 |     34 | digest\[255\]$_DFFE_PN0P_/D
     948+ |       0 |     294 |       60 |      8 |   158 |    +1.0% |   -0.354 |       -1.1 |       -4.3 |     34 | digest\[255\]$_DFFE_PN0P_/D
     949+ |       0 |     294 |       60 |      8 |   158 |    +1.0% |   -0.354 |       -1.1 |       -4.3 |     34 | digest\[255\]$_DFFE_PN0P_/D
     950+ |       0 |     294 |       60 |      8 |   158 |    +1.0% |   -0.354 |       -1.1 |       -4.3 |     34 | digest\[255\]$_DFFE_PN0P_/D
     952+ |       0 |     295 |       60 |      8 |   159 |    +1.0% |   -0.354 |       -1.1 |       -4.3 |     34 | digest\[255\]$_DFFE_PN0P_/D
     953+ |       0 |     296 |       60 |      8 |   159 |    +1.0% |   -0.354 |       -1.1 |       -4.3 |     34 | digest\[255\]$_DFFE_PN0P_/D
     954+ |       0 |     297 |       60 |      8 |   159 |    +1.0% |   -0.354 |       -1.1 |       -4.3 |     34 | digest\[255\]$_DFFE_PN0P_/D
    final |       0 |     297 |       60 |      8 |   159 |    +1.0% |   -0.354 |       -1.1 |       -4.3 |     32 | digest\[255\]$_DFFE_PN0P_/D
------------------------------------------------------------------------------------------------------------------------------
[INFO RSZ-0040] Inserted 60 buffers.
[INFO RSZ-0051] Resized 297 instances: 297 up, 0 up match, 0 down, 0 VT
[INFO RSZ-0043] Swapped pins on 159 instances.
[INFO RSZ-0049] Cloned 8 instances.
[WARNING RSZ-0062] Unable to repair all setup violations.
[INFO RSZ-0505] Runtime: 33.37s
[INFO RSZ-0033] No hold violations found.
[INFO RSZ-0506] Runtime: 0.06s
Took 34 seconds: repair_timing -setup_margin 0.25 -hold_margin 0 -repair_tns 100 -verbose
global_route -start_incremental
detailed_placement
[INFO DPL-0006] Core area: 366373.88 um^2
[INFO DPL-0007] Movable instances area: 195197.21 um^2
[INFO DPL-0008] Fixed instances area within core: 6025.78 um^2
[INFO DPL-0009] Utilization: 54.9%
[INFO DPL-0005] Diamond search max displacement: +/- 500 sites horizontally, +/- 100 rows vertically.
[INFO DPL-1102] Legalizing using negotiation legalizer.
[INFO DPL-1103] Negotiation base search window: +/-20 sites horizontally, +/-5 rows vertically 
	Automatic search window extension enabled.
	Search window extendable up to the max displacement cap of +/-500 sites, +/-100 rows near walls.
[INFO DPL-1104] NegotiationLegalizer DRC penalty: 5.
[INFO DPL-0392] Negotiation cell height distribution (1 unique row-count(s)):
[INFO DPL-0393]   height 1 row(s): 21249 cells
          |      Total |  Illegal |  Illegal
Iteration | Violations |    Cells |    Sites
---------------------------------------------
        0 |        125 |        23 |       102
        1 |         12 |         2 |        10
        2 |          0 |         0 |         0
Negotiation phase 1 converged at iteration 2.
[INFO DPL-0500] Runtime: 0.10s
Placement Analysis
---------------------------------
total displacement       1151.5 u
average displacement        0.1 u
max displacement           19.6 u
original HPWL          595432.8 u
legalized HPWL         596742.6 u
delta HPWL                    0 %

check_placement -verbose
global_route -end_incremental -congestion_report_file ./reports/sky130hd/chia_sha256_benchmark_corrupted/slot2/congestion_post_repair_timing.rpt
estimate_parasitics -global_routing
repair_timing -setup -sequence "vt_swap reroute" -skip_last_gasp -repair_tns 0 -verbose -setup_margin 0.25
[INFO RSZ-0100] Repair move sequence: RerouteMove 
[INFO RSZ-0094] Found 39 endpoints with setup violations.
[INFO RSZ-0099] Repairing 1 out of 39 (0.00%) violating endpoints...
   Iter   | Removed | Resized | Inserted | Cloned |  Pin  |   Area   |    WNS   |   StTNS    |   EnTNS    |  Viol  |  Worst  
          | Buffers |  Gates  | Buffers  |  Gates | Swaps |          |          |            |            | Endpts | St/EnPt 
------------------------------------------------------------------------------------------------------------------------------
       0* |       0 |       0 |        0 |      0 |     0 |    +0.0% |   -0.376 |       -1.1 |       -5.5 |     39 | digest\[255\]$_DFFE_PN0P_/D
       6* |       0 |       0 |        0 |      0 |     0 |    +0.0% |   -0.371 |       -1.1 |       -5.4 |     39 | digest\[251\]$_DFFE_PN0P_/D
       6* |       0 |       0 |        0 |      0 |     0 |    +0.0% |   -0.371 |       -1.1 |       -5.4 |     39 | digest\[251\]$_DFFE_PN0P_/D
    final |       0 |       0 |        0 |      0 |     0 |    +0.0% |   -0.371 |       -1.1 |       -5.4 |     38 | digest\[251\]$_DFFE_PN0P_/D
------------------------------------------------------------------------------------------------------------------------------
[INFO RSZ-0053] Rerouted 5 nets resistance-aware.
[WARNING RSZ-0062] Unable to repair all setup violations.
[INFO RSZ-0505] Runtime: 0.70s
Repair antennas...
[INFO GRT-0012] Found 78 antenna violations.
[INFO GRT-0302] Inserted 58 jumpers for 56 nets.
[INFO GRT-0012] Found 24 antenna violations.
[INFO DPL-0006] Core area: 366373.88 um^2
[INFO DPL-0007] Movable instances area: 194879.40 um^2
[INFO DPL-0008] Fixed instances area within core: 6413.65 um^2
[INFO DPL-0009] Utilization: 54.9%
[INFO DPL-0005] Diamond search max displacement: +/- 500 sites horizontally, +/- 100 rows vertically.
[INFO DPL-1102] Legalizing using negotiation legalizer.
[INFO DPL-1103] Negotiation base search window: +/-20 sites horizontally, +/-5 rows vertically 
	Automatic search window extension enabled.
	Search window extendable up to the max displacement cap of +/-500 sites, +/-100 rows near walls.
[INFO DPL-1104] NegotiationLegalizer DRC penalty: 5.
[INFO DPL-0392] Negotiation cell height distribution (1 unique row-count(s)):
[INFO DPL-0393]   height 1 row(s): 21277 cells
          |      Total |  Illegal |  Illegal
Iteration | Violations |    Cells |    Sites
---------------------------------------------
        0 |         18 |         5 |        13
        1 |          0 |         0 |         0
Negotiation phase 1 converged at iteration 1.
[INFO DPL-0500] Runtime: 0.09s
[INFO GRT-0015] Inserted 28 diodes.
[INFO GRT-0012] Found 1 antenna violations.
[INFO GRT-0302] Inserted 2 jumpers for 1 nets.
[INFO GRT-0012] Found 0 antenna violations.
[INFO ANT-0002] Found 0 net violations.
[INFO ANT-0001] Found 0 pin violations.
Estimate parasitics...
estimate_parasitics -global_routing
Report metrics stage 5, global route...

==========================================================================
global route report_design_area
--------------------------------------------------------------------------
Design area 201293 um^2 55% utilization.
[INFO FLW-0007] clock core_clock period 12.650000
[WARNING FLW-0010] more than one clock found. Skipping sdc update.
[INFO FLW-0011] Path endpoint path count 5659
write_db ./results/sky130hd/chia_sha256_benchmark_corrupted/slot2/5_1_grt.odb
write_sdc -no_timestamp ./results/sky130hd/chia_sha256_benchmark_corrupted/slot2/5_1_grt.sdc
Log                       Ext     Elapsed/s Peak Memory/MB sha1sum result [0:20)
5_1_grt                   .odb          276            595 fa9988437abdcf1525a0
5_1_grt                   .sdc                             b0bd517d71cfeaefa34a
/root/OpenROAD-flow-scripts/flow/scripts/flow.sh 5_2_route detail_route
Running detail_route.tcl, stage 5_2_route
read_liberty /root/OpenROAD-flow-scripts/flow/platforms/sky130hd/lib/sky130_fd_sc_hd__tt_025C_1v80.lib
read_db ./results/sky130hd/chia_sha256_benchmark_corrupted/slot2/5_1_grt.odb
read_sdc ./results/sky130hd/chia_sha256_benchmark_corrupted/slot2/5_1_grt.sdc
source /root/OpenROAD-flow-scripts/flow/platforms/sky130hd/setRC.tcl
[WARNING STA-0450] virtual clock vclk can not be propagated.
detailed_route -output_drc ./reports/sky130hd/chia_sha256_benchmark_corrupted/slot2/5_route_drc.rpt -output_maze ./results/sky130hd/chia_sha256_benchmark_corrupted/slot2/maze.log -droute_end_iter 64 -verbose 1 -drc_report_iter_step 5
[INFO DRT-0149] Reading tech and libs.
[WARNING DRT-0349] LEF58_ENCLOSURE with no CUTCLASS is not supported. Skipping for layer mcon
[WARNING DRT-0349] LEF58_ENCLOSURE with no CUTCLASS is not supported. Skipping for layer mcon
[WARNING DRT-0349] LEF58_ENCLOSURE with no CUTCLASS is not supported. Skipping for layer via
[WARNING DRT-0349] LEF58_ENCLOSURE with no CUTCLASS is not supported. Skipping for layer via
[WARNING DRT-0349] LEF58_ENCLOSURE with no CUTCLASS is not supported. Skipping for layer via2
[WARNING DRT-0349] LEF58_ENCLOSURE with no CUTCLASS is not supported. Skipping for layer via2
[WARNING DRT-0349] LEF58_ENCLOSURE with no CUTCLASS is not supported. Skipping for layer via3
[WARNING DRT-0349] LEF58_ENCLOSURE with no CUTCLASS is not supported. Skipping for layer via3
[WARNING DRT-0349] LEF58_ENCLOSURE with no CUTCLASS is not supported. Skipping for layer via4
[WARNING DRT-0349] LEF58_ENCLOSURE with no CUTCLASS is not supported. Skipping for layer via4

Units:                1000
Number of layers:     13
Number of macros:     441
Number of vias:       29
Number of viarulegen: 25

[INFO DRT-0150] Reading design.
[WARNING DRT-0120] Large net net4129 has 123 pins which may impact routing performance. Consider optimization.
[WARNING DRT-0120] Large net net513 has 106 pins which may impact routing performance. Consider optimization.
[WARNING DRT-0120] Large net net3724 has 209 pins which may impact routing performance. Consider optimization.
[WARNING DRT-0120] Large net net3723 has 126 pins which may impact routing performance. Consider optimization.
[WARNING DRT-0120] Large net net4088 has 114 pins which may impact routing performance. Consider optimization.
[WARNING DRT-0120] Large net net4299 has 122 pins which may impact routing performance. Consider optimization.
[WARNING DRT-0120] Large net net4296 has 122 pins which may impact routing performance. Consider optimization.
[WARNING DRT-0120] Large net net4300 has 110 pins which may impact routing performance. Consider optimization.
[WARNING DRT-0120] Large net net4357 has 114 pins which may impact routing performance. Consider optimization.
[WARNING DRT-0120] Large net net4344 has 157 pins which may impact routing performance. Consider optimization.
[WARNING DRT-0120] Large net net4343 has 117 pins which may impact routing performance. Consider optimization.
[WARNING DRT-0120] Large net net4341 has 120 pins which may impact routing performance. Consider optimization.
[WARNING DRT-0120] Large net net4340 has 147 pins which may impact routing performance. Consider optimization.
[WARNING DRT-0120] Large net net4339 has 124 pins which may impact routing performance. Consider optimization.
[WARNING DRT-0120] Large net net4337 has 145 pins which may impact routing performance. Consider optimization.
[WARNING DRT-0120] Large net net4336 has 120 pins which may impact routing performance. Consider optimization.
[WARNING DRT-0120] Large net net4330 has 149 pins which may impact routing performance. Consider optimization.
[WARNING DRT-0120] Large net net4323 has 193 pins which may impact routing performance. Consider optimization.
[WARNING DRT-0120] Large net net4326 has 159 pins which may impact routing performance. Consider optimization.

Design:                   sha256
Die area:                 ( 0 0 ) ( 609240 609240 )
Number of track patterns: 12
Number of DEF vias:       0
Number of components:     21277
Number of terminals:      774
Number of snets:          2
Number of nets:           17051

[INFO DRT-0167] List of default vias:
  Layer via
    default via: M1M2_PR
  Layer via2
    default via: M2M3_PR
  Layer via3
    default via: M3M4_PR
  Layer via4
    default via: M4M5_PR
[INFO DRT-0162] Library cell analysis.
[INFO DRT-0163] Instance analysis.
[INFO DRT-0164] Number of unique instances = 258.
[INFO DRT-0168] Init region query.
[INFO DRT-0024]   Complete FR_MASTERSLICE.
[INFO DRT-0024]   Complete Fr_VIA.
[INFO DRT-0024]   Complete li1.
[INFO DRT-0024]   Complete mcon.
[INFO DRT-0024]   Complete met1.
[INFO DRT-0024]   Complete via.
[INFO DRT-0024]   Complete met2.
[INFO DRT-0024]   Complete via2.
[INFO DRT-0024]   Complete met3.
[INFO DRT-0024]   Complete via3.
[INFO DRT-0024]   Complete met4.
[INFO DRT-0024]   Complete via4.
[INFO DRT-0024]   Complete met5.
[INFO DRT-0033] FR_MASTERSLICE shape region query size = 0.
[INFO DRT-0033] FR_VIA shape region query size = 0.
[INFO DRT-0033] li1 shape region query size = 609485.
[INFO DRT-0033] mcon shape region query size = 362060.
[INFO DRT-0033] met1 shape region query size = 114731.
[INFO DRT-0033] via shape region query size = 24530.
[INFO DRT-0033] met2 shape region query size = 15197.
[INFO DRT-0033] via2 shape region query size = 19624.
[INFO DRT-0033] met3 shape region query size = 15011.
[INFO DRT-0033] via3 shape region query size = 19624.
[INFO DRT-0033] met4 shape region query size = 5918.
[INFO DRT-0033] via4 shape region query size = 968.
[INFO DRT-0033] met5 shape region query size = 1056.
[INFO DRT-0165] Start pin access.
[INFO DRT-0076]   Complete 1000 pins.
[INFO DRT-0076]   Complete 2000 pins.
[INFO DRT-0078]   Complete 2058 pins.
[INFO DRT-0079]   Complete 100 unique inst patterns.
[INFO DRT-0079]   Complete 200 unique inst patterns.
[INFO DRT-0081]   Complete 258 unique inst patterns.
[INFO DRT-0082]   Complete 10000 groups.
[INFO DRT-0084]   Complete 11442 groups.
#scanned instances     = 21277
#unique  instances     = 258
#stdCellGenAp          = 9698
#stdCellValidPlanarAp  = 151
#stdCellValidViaAp     = 6145
#stdCellPinNoAp        = 10
#stdCellPinCnt         = 62750
#instTermValidViaApCnt = 0
#macroGenAp            = 0
#macroValidPlanarAp    = 0
#macroValidViaAp       = 0
#macroNoAp             = 0
[INFO DRT-0166] Complete pin access.
[INFO DRT-0267] cpu time = 00:02:58, elapsed time = 00:02:58, memory = 411.01 (MB), peak = 426.08 (MB)
[INFO DRT-0156] guideIn read 100000 guides.

[INFO DRT-0157] Number of guides:     154562

[INFO DRT-0169] Post process guides.
[INFO DRT-0176] GCELLGRID X 0 DO 88 STEP 6900 ;
[INFO DRT-0177] GCELLGRID Y 0 DO 88 STEP 6900 ;
[INFO DRT-0026]   Complete 100000 origin guides.
[INFO DRT-0028]   Complete FR_MASTERSLICE.
[INFO DRT-0028]   Complete Fr_VIA.
[INFO DRT-0028]   Complete li1.
[INFO DRT-0028]   Complete mcon.
[INFO DRT-0028]   Complete met1.
[INFO DRT-0028]   Complete via.
[INFO DRT-0028]   Complete met2.
[INFO DRT-0028]   Complete via2.
[INFO DRT-0028]   Complete met3.
[INFO DRT-0028]   Complete via3.
[INFO DRT-0028]   Complete met4.
[INFO DRT-0028]   Complete via4.
[INFO DRT-0028]   Complete met5.
[INFO DRT-0178] Init guide query.
[INFO DRT-0035]   Complete FR_MASTERSLICE (guide).
[INFO DRT-0035]   Complete Fr_VIA (guide).
[INFO DRT-0035]   Complete li1 (guide).
[INFO DRT-0035]   Complete mcon (guide).
[INFO DRT-0035]   Complete met1 (guide).
[INFO DRT-0035]   Complete via (guide).
[INFO DRT-0035]   Complete met2 (guide).
[INFO DRT-0035]   Complete via2 (guide).
[INFO DRT-0035]   Complete met3 (guide).
[INFO DRT-0035]   Complete via3 (guide).
[INFO DRT-0035]   Complete met4 (guide).
[INFO DRT-0035]   Complete via4 (guide).
[INFO DRT-0035]   Complete met5 (guide).
[INFO DRT-0036] FR_MASTERSLICE guide region query size = 0.
[INFO DRT-0036] FR_VIA guide region query size = 0.
[INFO DRT-0036] li1 guide region query size = 47995.
[INFO DRT-0036] mcon guide region query size = 0.
[INFO DRT-0036] met1 guide region query size = 45788.
[INFO DRT-0036] via guide region query size = 0.
[INFO DRT-0036] met2 guide region query size = 24213.
[INFO DRT-0036] via2 guide region query size = 0.
[INFO DRT-0036] met3 guide region query size = 3121.
[INFO DRT-0036] via3 guide region query size = 0.
[INFO DRT-0036] met4 guide region query size = 1414.
[INFO DRT-0036] via4 guide region query size = 0.
[INFO DRT-0036] met5 guide region query size = 42.
[INFO DRT-0179] Init gr pin query.
[INFO DRT-0267] cpu time = 00:00:00, elapsed time = 00:00:00, memory = 465.57 (MB), peak = 465.57 (MB)
[INFO DRT-0245] skipped writing guide updates to database.
[INFO DRT-0181] Start track assignment.
[INFO DRT-0184] Done with 73622 vertical wires in 2 frboxes and 48951 horizontal wires in 2 frboxes.
[INFO DRT-0186] Done with 10953 vertical wires in 2 frboxes and 18127 horizontal wires in 2 frboxes.
[INFO DRT-0182] Complete track assignment.
[INFO DRT-0267] cpu time = 00:00:04, elapsed time = 00:00:04, memory = 639.39 (MB), peak = 639.39 (MB)
[INFO DRT-0187] Start routing data preparation.
[INFO DRT-0267] cpu time = 00:00:00, elapsed time = 00:00:00, memory = 639.39 (MB), peak = 639.39 (MB)
[INFO DRT-0194] Start detail routing.
[INFO DRT-0195] Start 0th optimization iteration.
    Completing 10% with 0 violations.
    elapsed time = 00:00:24, memory = 721.30 (MB).
    Completing 20% with 0 violations.
    elapsed time = 00:01:05, memory = 1020.18 (MB).
    Completing 30% with 4414 violations.
    elapsed time = 00:01:30, memory = 1188.60 (MB).
    Completing 40% with 4414 violations.
    elapsed time = 00:02:21, memory = 1188.67 (MB).
    Completing 50% with 4414 violations.
    elapsed time = 00:03:23, memory = 1188.67 (MB).
    Completing 60% with 8802 violations.
    elapsed time = 00:03:43, memory = 1271.53 (MB).
    Completing 70% with 8802 violations.
    elapsed time = 00:04:31, memory = 1271.53 (MB).
    Completing 80% with 13373 violations.
    elapsed time = 00:05:21, memory = 1272.83 (MB).
    Completing 90% with 13373 violations.
    elapsed time = 00:06:39, memory = 1272.97 (MB).
    Completing 100% with 18457 violations.
    elapsed time = 00:07:54, memory = 1301.69 (MB).
[INFO DRT-0199]   Number of violations = 21406.
Viol/Layer         li1   mcon   met1    via   met2   met3   via3   met4   via4   met5
Cut Spacing          0     32      0      2      0      0      1      0      1      0
Metal Spacing        0      0   2739      0   1095     31      0     12      0      0
Min Hole             0      0     34      0      0      0      0      0      0      0
Recheck             11      0   1951      0    842     55      0     90      0      0
Short                0      4  12250     52   2146     22      0     34      0      2
[INFO DRT-0267] cpu time = 00:07:55, elapsed time = 00:07:55, memory = 1337.69 (MB), peak = 1338.27 (MB)
Total wire length = 798938 um.
Total wire length on LAYER li1 = 0 um.
Total wire length on LAYER met1 = 314622 um.
Total wire length on LAYER met2 = 337531 um.
Total wire length on LAYER met3 = 66071 um.
Total wire length on LAYER met4 = 80345 um.
Total wire length on LAYER met5 = 366 um.
Total number of vias = 143778.
Up-via summary (total 143778):

-------------------------
 FR_MASTERSLICE         0
            li1     58707
           met1     76066
           met2      6437
           met3      2510
           met4        58
-------------------------
               143778


[INFO DRT-0195] Start 1st optimization iteration.
    Completing 10% with 21406 violations.
    elapsed time = 00:00:21, memory = 1294.84 (MB).
    Completing 20% with 21406 violations.
    elapsed time = 00:01:09, memory = 1318.50 (MB).
    Completing 30% with 19072 violations.
    elapsed time = 00:01:38, memory = 1333.72 (MB).
    Completing 40% with 19072 violations.
    elapsed time = 00:02:20, memory = 1317.41 (MB).
    Completing 50% with 19072 violations.
    elapsed time = 00:03:16, memory = 1325.39 (MB).
    Completing 60% with 16626 violations.
    elapsed time = 00:03:39, memory = 1339.86 (MB).
    Completing 70% with 16626 violations.
    elapsed time = 00:04:22, memory = 1327.98 (MB).
    Completing 80% with 14247 violations.
    elapsed time = 00:05:08, memory = 1325.78 (MB).
    Completing 90% with 14247 violations.
    elapsed time = 00:06:12, memory = 1321.00 (MB).
    Completing 100% with 11444 violations.
    elapsed time = 00:07:03, memory = 1315.44 (MB).
[INFO DRT-0199]   Number of violations = 11444.
Viol/Layer        mcon   met1    via   met2   met3   met4
Cut Spacing         29      0      2      0      0      0
Metal Spacing        0   1522      0    477      6      4
Min Hole             0      2      0      0      0      0
Short                0   8388      1   1004      8      1
[INFO DRT-0267] cpu time = 00:07:04, elapsed time = 00:07:04, memory = 1336.62 (MB), peak = 1370.98 (MB)
Total wire length = 790842 um.
Total wire length on LAYER li1 = 0 um.
Total wire length on LAYER met1 = 309265 um.
Total wire length on LAYER met2 = 334007 um.
Total wire length on LAYER met3 = 67246 um.
Total wire length on LAYER met4 = 79960 um.
Total wire length on LAYER met5 = 362 um.
Total number of vias = 141492.
Up-via summary (total 141492):

-------------------------
 FR_MASTERSLICE         0
            li1     58658
           met1     74097
           met2      6204
           met3      2479
           met4        54
-------------------------
               141492


[INFO DRT-0195] Start 2nd optimization iteration.
    Completing 10% with 11444 violations.
    elapsed time = 00:00:19, memory = 1346.75 (MB).
    Completing 20% with 11444 violations.
    elapsed time = 00:01:23, memory = 1318.20 (MB).
    Completing 30% with 11205 violations.
    elapsed time = 00:01:52, memory = 1312.04 (MB).
    Completing 40% with 11205 violations.
    elapsed time = 00:02:39, memory = 1328.27 (MB).
    Completing 50% with 11205 violations.
    elapsed time = 00:03:25, memory = 1328.27 (MB).
    Completing 60% with 11038 violations.
    elapsed time = 00:04:09, memory = 1343.84 (MB).
    Completing 70% with 11038 violations.
    elapsed time = 00:05:03, memory = 1325.56 (MB).
    Completing 80% with 10863 violations.
    elapsed time = 00:05:24, memory = 1325.56 (MB).
    Completing 90% with 10863 violations.
    elapsed time = 00:06:10, memory = 1328.25 (MB).
    Completing 100% with 10592 violations.
    elapsed time = 00:06:45, memory = 1302.34 (MB).
[INFO DRT-0199]   Number of violations = 10592.
Viol/Layer        mcon   met1    via   met2   met3   met4
Cut Spacing         23      0      0      0      0      0
Metal Spacing        0   1311      0    366      8      3
Min Hole             0      1      0      0      0      0
Short                0   7955      2    906      4     13
[INFO DRT-0267] cpu time = 00:06:46, elapsed time = 00:06:46, memory = 1336.66 (MB), peak = 1376.20 (MB)
Total wire length = 788205 um.
Total wire length on LAYER li1 = 0 um.
Total wire length on LAYER met1 = 307682 um.
Total wire length on LAYER met2 = 333231 um.
Total wire length on LAYER met3 = 67161 um.
Total wire length on LAYER met4 = 79798 um.
Total wire length on LAYER met5 = 331 um.
Total number of vias = 140700.
Up-via summary (total 140700):

-------------------------
 FR_MASTERSLICE         0
            li1     58692
           met1     73380
           met2      6130
           met3      2444
           met4        54
-------------------------
               140700


[INFO DRT-0195] Start 3rd optimization iteration.
    Completing 10% with 10592 violations.
    elapsed time = 00:00:19, memory = 1318.00 (MB).
    Completing 20% with 10592 violations.
    elapsed time = 00:00:49, memory = 1306.18 (MB).
    Completing 30% with 8691 violations.
    elapsed time = 00:01:05, memory = 1318.07 (MB).
    Completing 40% with 8691 violations.
    elapsed time = 00:01:47, memory = 1318.37 (MB).
    Completing 50% with 8691 violations.
    elapsed time = 00:02:24, memory = 1316.93 (MB).
    Completing 60% with 6399 violations.
    elapsed time = 00:02:40, memory = 1329.01 (MB).
    Completing 70% with 6399 violations.
    elapsed time = 00:03:08, memory = 1319.34 (MB).
    Completing 80% with 4073 violations.
    elapsed time = 00:03:31, memory = 1310.59 (MB).
    Completing 90% with 4073 violations.
    elapsed time = 00:04:21, memory = 1322.71 (MB).
    Completing 100% with 1429 violations.
    elapsed time = 00:05:05, memory = 1327.73 (MB).
[INFO DRT-0199]   Number of violations = 1429.
Viol/Layer        mcon   met1    via   met2   met3
Cut Spacing          1      0      1      0      0
Metal Spacing        0    463      0    117      8
Min Hole             0      1      0      1      0
Short                0    709      0    124      4
[INFO DRT-0267] cpu time = 00:05:05, elapsed time = 00:05:05, memory = 1336.73 (MB), peak = 1391.72 (MB)
Total wire length = 785956 um.
Total wire length on LAYER li1 = 0 um.
Total wire length on LAYER met1 = 274722 um.
Total wire length on LAYER met2 = 329974 um.
Total wire length on LAYER met3 = 98154 um.
Total wire length on LAYER met4 = 82793 um.
Total wire length on LAYER met5 = 311 um.
Total number of vias = 144742.
Up-via summary (total 144742):

-------------------------
 FR_MASTERSLICE         0
            li1     58678
           met1     73034
           met2     10238
           met3      2742
           met4        50
-------------------------
               144742


[INFO DRT-0195] Start 4th optimization iteration.
    Completing 10% with 1429 violations.
    elapsed time = 00:00:03, memory = 1346.48 (MB).
    Completing 20% with 1429 violations.
    elapsed time = 00:00:11, memory = 1325.42 (MB).
    Completing 30% with 1126 violations.
    elapsed time = 00:00:16, memory = 1335.14 (MB).
    Completing 40% with 1126 violations.
    elapsed time = 00:00:29, memory = 1305.62 (MB).
    Completing 50% with 1126 violations.
    elapsed time = 00:00:38, memory = 1305.62 (MB).
    Completing 60% with 888 violations.
    elapsed time = 00:00:43, memory = 1317.21 (MB).
    Completing 70% with 888 violations.
    elapsed time = 00:01:00, memory = 1336.58 (MB).
    Completing 80% with 516 violations.
    elapsed time = 00:01:09, memory = 1320.79 (MB).
    Completing 90% with 516 violations.
    elapsed time = 00:01:23, memory = 1351.83 (MB).
    Completing 100% with 206 violations.
    elapsed time = 00:01:33, memory = 1317.47 (MB).
[INFO DRT-0199]   Number of violations = 206.
Viol/Layer        met1   met2
Metal Spacing       53     17
Min Hole             0      1
Short              125     10
[INFO DRT-0267] cpu time = 00:01:33, elapsed time = 00:01:33, memory = 1336.79 (MB), peak = 1391.72 (MB)
Total wire length = 785971 um.
Total wire length on LAYER li1 = 0 um.
Total wire length on LAYER met1 = 273550 um.
Total wire length on LAYER met2 = 329784 um.
Total wire length on LAYER met3 = 99276 um.
Total wire length on LAYER met4 = 83048 um.
Total wire length on LAYER met5 = 311 um.
Total number of vias = 144843.
Up-via summary (total 144843):

-------------------------
 FR_MASTERSLICE         0
            li1     58684
           met1     72972
           met2     10369
           met3      2768
           met4        50
-------------------------
               144843


[INFO DRT-0195] Start 5th optimization iteration.
    Completing 10% with 206 violations.
    elapsed time = 00:00:00, memory = 1336.79 (MB).
    Completing 20% with 206 violations.
    elapsed time = 00:00:01, memory = 1336.79 (MB).
    Completing 30% with 190 violations.
    elapsed time = 00:00:01, memory = 1336.79 (MB).
    Completing 40% with 190 violations.
    elapsed time = 00:00:09, memory = 1315.77 (MB).
    Completing 50% with 190 violations.
    elapsed time = 00:00:11, memory = 1315.77 (MB).
    Completing 60% with 155 violations.
    elapsed time = 00:00:12, memory = 1315.77 (MB).
    Completing 70% with 155 violations.
    elapsed time = 00:00:15, memory = 1330.21 (MB).
    Completing 80% with 86 violations.
    elapsed time = 00:00:16, memory = 1330.34 (MB).
    Completing 90% with 86 violations.
    elapsed time = 00:00:22, memory = 1330.34 (MB).
    Completing 100% with 43 violations.
    elapsed time = 00:00:26, memory = 1330.34 (MB).
[INFO DRT-0199]   Number of violations = 43.
Viol/Layer        met1   met2
Metal Spacing       18      1
Short               24      0
[INFO DRT-0267] cpu time = 00:00:26, elapsed time = 00:00:26, memory = 1337.09 (MB), peak = 1391.72 (MB)
Total wire length = 785896 um.
Total wire length on LAYER li1 = 0 um.
Total wire length on LAYER met1 = 273312 um.
Total wire length on LAYER met2 = 329724 um.
Total wire length on LAYER met3 = 99422 um.
Total wire length on LAYER met4 = 83125 um.
Total wire length on LAYER met5 = 311 um.
Total number of vias = 144853.
Up-via summary (total 144853):

-------------------------
 FR_MASTERSLICE         0
            li1     58683
           met1     72957
           met2     10385
           met3      2778
           met4        50
-------------------------
               144853


[INFO DRT-0195] Start 6th guides tiles iteration.
    Completing 10% with 43 violations.
    elapsed time = 00:00:03, memory = 1337.23 (MB).
    Completing 20% with 43 violations.
    elapsed time = 00:00:03, memory = 1337.23 (MB).
    Completing 30% with 43 violations.
    elapsed time = 00:00:04, memory = 1337.23 (MB).
    Completing 40% with 43 violations.
    elapsed time = 00:00:04, memory = 1337.23 (MB).
    Completing 50% with 0 violations.
    elapsed time = 00:00:04, memory = 1337.23 (MB).
    Completing 60% with 0 violations.
    elapsed time = 00:00:04, memory = 1337.23 (MB).
    Completing 70% with 0 violations.
    elapsed time = 00:00:04, memory = 1337.23 (MB).
    Completing 80% with 0 violations.
    elapsed time = 00:00:04, memory = 1337.23 (MB).
    Completing 90% with 0 violations.
    elapsed time = 00:00:04, memory = 1337.23 (MB).
    Completing 100% with 0 violations.
    elapsed time = 00:00:04, memory = 1337.23 (MB).
[INFO DRT-0199]   Number of violations = 0.
[INFO DRT-0267] cpu time = 00:00:04, elapsed time = 00:00:04, memory = 1337.23 (MB), peak = 1396.34 (MB)
Total wire length = 785851 um.
Total wire length on LAYER li1 = 0 um.
Total wire length on LAYER met1 = 273156 um.
Total wire length on LAYER met2 = 329671 um.
Total wire length on LAYER met3 = 99536 um.
Total wire length on LAYER met4 = 83174 um.
Total wire length on LAYER met5 = 311 um.
Total number of vias = 144868.
Up-via summary (total 144868):

-------------------------
 FR_MASTERSLICE         0
            li1     58682
           met1     72955
           met2     10401
           met3      2780
           met4        50
-------------------------
               144868


[INFO DRT-0198] Complete detail routing.
Total wire length = 785851 um.
Total wire length on LAYER li1 = 0 um.
Total wire length on LAYER met1 = 273156 um.
Total wire length on LAYER met2 = 329671 um.
Total wire length on LAYER met3 = 99536 um.
Total wire length on LAYER met4 = 83174 um.
Total wire length on LAYER met5 = 311 um.
Total number of vias = 144868.
Up-via summary (total 144868):

-------------------------
 FR_MASTERSLICE         0
            li1     58682
           met1     72955
           met2     10401
           met3      2780
           met4        50
-------------------------
               144868


[INFO DRT-0267] cpu time = 00:28:56, elapsed time = 00:28:56, memory = 1337.23 (MB), peak = 1396.34 (MB)

[INFO DRT-0180] Post processing.
[INFO DRT-0501] Runtime: 1921.08s
Took 1922 seconds: detailed_route -output_drc ./reports/sky130hd/chia_sha256_benchmark_corrupted/slot2/5_route_drc.rpt -output_maze ./results/sky130hd/chia_sha256_benchmark_corrupted/slot2/maze.log -droute_end_iter 64 -verbose 1 -drc_report_iter_step 5
[INFO GRT-0012] Found 25 antenna violations.
[WARNING GRT-0243] Unable to repair antennas on net with diodes.
[INFO DPL-0006] Core area: 366373.88 um^2
[INFO DPL-0007] Movable instances area: 0.00 um^2
[INFO DPL-0008] Fixed instances area within core: 201360.62 um^2
[INFO DPL-0009] Utilization: 55.0%
[INFO DPL-0005] Diamond search max displacement: +/- 500 sites horizontally, +/- 100 rows vertically.
[INFO DPL-1102] Legalizing using negotiation legalizer.
[INFO DPL-1103] Negotiation base search window: +/-20 sites horizontally, +/-5 rows vertically 
	Automatic search window extension enabled.
	Search window extendable up to the max displacement cap of +/-500 sites, +/-100 rows near walls.
[INFO DPL-1104] NegotiationLegalizer DRC penalty: 5.
[INFO DPL-0392] Negotiation cell height distribution (1 unique row-count(s)):
[INFO DPL-0393]   height 1 row(s): 21304 cells
[INFO DPL-0500] Runtime: 0.05s
[INFO GRT-0015] Inserted 27 diodes.
[WARNING DRT-0120] Large net net4129 has 123 pins which may impact routing performance. Consider optimization.
[WARNING DRT-0120] Large net net513 has 106 pins which may impact routing performance. Consider optimization.
[WARNING DRT-0120] Large net net3724 has 209 pins which may impact routing performance. Consider optimization.
[WARNING DRT-0120] Large net net3723 has 126 pins which may impact routing performance. Consider optimization.
[WARNING DRT-0120] Large net net4088 has 114 pins which may impact routing performance. Consider optimization.
[WARNING DRT-0120] Large net net4299 has 122 pins which may impact routing performance. Consider optimization.
[WARNING DRT-0120] Large net net4296 has 122 pins which may impact routing performance. Consider optimization.
[WARNING DRT-0120] Large net net4300 has 110 pins which may impact routing performance. Consider optimization.
[WARNING DRT-0120] Large net net4357 has 114 pins which may impact routing performance. Consider optimization.
[WARNING DRT-0120] Large net net4344 has 157 pins which may impact routing performance. Consider optimization.
[WARNING DRT-0120] Large net net4343 has 117 pins which may impact routing performance. Consider optimization.
[WARNING DRT-0120] Large net net4341 has 120 pins which may impact routing performance. Consider optimization.
[WARNING DRT-0120] Large net net4340 has 147 pins which may impact routing performance. Consider optimization.
[WARNING DRT-0120] Large net net4339 has 124 pins which may impact routing performance. Consider optimization.
[WARNING DRT-0120] Large net net4337 has 145 pins which may impact routing performance. Consider optimization.
[WARNING DRT-0120] Large net net4336 has 120 pins which may impact routing performance. Consider optimization.
[WARNING DRT-0120] Large net net4330 has 149 pins which may impact routing performance. Consider optimization.
[WARNING DRT-0120] Large net net4323 has 193 pins which may impact routing performance. Consider optimization.
[WARNING DRT-0120] Large net net4326 has 159 pins which may impact routing performance. Consider optimization.
[INFO DRT-0024]   Complete FR_MASTERSLICE.
[INFO DRT-0024]   Complete Fr_VIA.
[INFO DRT-0024]   Complete li1.
[INFO DRT-0024]   Complete mcon.
[INFO DRT-0024]   Complete met1.
[INFO DRT-0024]   Complete via.
[INFO DRT-0024]   Complete met2.
[INFO DRT-0024]   Complete via2.
[INFO DRT-0024]   Complete met3.
[INFO DRT-0024]   Complete via3.
[INFO DRT-0024]   Complete met4.
[INFO DRT-0024]   Complete via4.
[INFO DRT-0024]   Complete met5.
[INFO DRT-0165] Start pin access.
[INFO DRT-0076]   Complete 1000 pins.
[INFO DRT-0076]   Complete 2000 pins.
[INFO DRT-0078]   Complete 2058 pins.
[INFO DRT-0079]   Complete 100 unique inst patterns.
[INFO DRT-0079]   Complete 200 unique inst patterns.
[INFO DRT-0081]   Complete 258 unique inst patterns.
[INFO DRT-0082]   Complete 10000 groups.
[INFO DRT-0084]   Complete 11448 groups.
#scanned instances     = 21304
#unique  instances     = 258
#stdCellGenAp          = 9698
#stdCellValidPlanarAp  = 151
#stdCellValidViaAp     = 6145
#stdCellPinNoAp        = 10
#stdCellPinCnt         = 62750
#instTermValidViaApCnt = 0
#macroGenAp            = 0
#macroValidPlanarAp    = 0
#macroValidViaAp       = 0
#macroNoAp             = 0
[INFO DRT-0166] Complete pin access.
[INFO DRT-0267] cpu time = 00:03:02, elapsed time = 00:03:02, memory = 1318.22 (MB), peak = 1396.34 (MB)
[INFO DRT-0156] guideIn read 100000 guides.

[INFO DRT-0157] Number of guides:     154341

[INFO DRT-0169] Post process guides.
[INFO DRT-0176] GCELLGRID X 0 DO 88 STEP 6900 ;
[INFO DRT-0177] GCELLGRID Y 0 DO 88 STEP 6900 ;
[INFO DRT-0026]   Complete 100000 origin guides.
[INFO DRT-0028]   Complete FR_MASTERSLICE.
[INFO DRT-0028]   Complete Fr_VIA.
[INFO DRT-0028]   Complete li1.
[INFO DRT-0028]   Complete mcon.
[INFO DRT-0028]   Complete met1.
[INFO DRT-0028]   Complete via.
[INFO DRT-0028]   Complete met2.
[INFO DRT-0028]   Complete via2.
[INFO DRT-0028]   Complete met3.
[INFO DRT-0028]   Complete via3.
[INFO DRT-0028]   Complete met4.
[INFO DRT-0028]   Complete via4.
[INFO DRT-0028]   Complete met5.
[INFO DRT-0178] Init guide query.
[INFO DRT-0035]   Complete FR_MASTERSLICE (guide).
[INFO DRT-0035]   Complete Fr_VIA (guide).
[INFO DRT-0035]   Complete li1 (guide).
[INFO DRT-0035]   Complete mcon (guide).
[INFO DRT-0035]   Complete met1 (guide).
[INFO DRT-0035]   Complete via (guide).
[INFO DRT-0035]   Complete met2 (guide).
[INFO DRT-0035]   Complete via2 (guide).
[INFO DRT-0035]   Complete met3 (guide).
[INFO DRT-0035]   Complete via3 (guide).
[INFO DRT-0035]   Complete met4 (guide).
[INFO DRT-0035]   Complete via4 (guide).
[INFO DRT-0035]   Complete met5 (guide).
[INFO DRT-0036] FR_MASTERSLICE guide region query size = 0.
[INFO DRT-0036] FR_VIA guide region query size = 0.
[INFO DRT-0036] li1 guide region query size = 48006.
[INFO DRT-0036] mcon guide region query size = 0.
[INFO DRT-0036] met1 guide region query size = 45794.
[INFO DRT-0036] via guide region query size = 0.
[INFO DRT-0036] met2 guide region query size = 24180.
[INFO DRT-0036] via2 guide region query size = 0.
[INFO DRT-0036] met3 guide region query size = 3055.
[INFO DRT-0036] via3 guide region query size = 0.
[INFO DRT-0036] met4 guide region query size = 1363.
[INFO DRT-0036] via4 guide region query size = 0.
[INFO DRT-0036] met5 guide region query size = 27.
[INFO DRT-0179] Init gr pin query.
[INFO DRT-0267] cpu time = 00:00:00, elapsed time = 00:00:00, memory = 1318.22 (MB), peak = 1396.34 (MB)
[INFO DRT-0245] skipped writing guide updates to database.
[INFO DRT-0181] Start track assignment.
[INFO DRT-0184] Done with 73549 vertical wires in 2 frboxes and 48876 horizontal wires in 2 frboxes.
[INFO DRT-0186] Done with 10976 vertical wires in 2 frboxes and 18162 horizontal wires in 2 frboxes.
[INFO DRT-0182] Complete track assignment.
[INFO DRT-0267] cpu time = 00:00:05, elapsed time = 00:00:05, memory = 1318.22 (MB), peak = 1396.34 (MB)
[INFO DRT-0187] Start routing data preparation.
[INFO DRT-0267] cpu time = 00:00:00, elapsed time = 00:00:00, memory = 1318.22 (MB), peak = 1396.34 (MB)
[INFO DRT-0194] Start detail routing.
[INFO DRT-0195] Start 0th optimization iteration.
    Completing 10% with 0 violations.
    elapsed time = 00:00:05, memory = 1327.08 (MB).
    Completing 20% with 0 violations.
    elapsed time = 00:00:14, memory = 1327.09 (MB).
    Completing 30% with 654 violations.
    elapsed time = 00:00:22, memory = 1373.79 (MB).
    Completing 40% with 654 violations.
    elapsed time = 00:00:33, memory = 1387.84 (MB).
    Completing 50% with 654 violations.
    elapsed time = 00:00:46, memory = 1389.16 (MB).
    Completing 60% with 1200 violations.
    elapsed time = 00:00:50, memory = 1392.54 (MB).
    Completing 70% with 1200 violations.
    elapsed time = 00:00:59, memory = 1381.88 (MB).
    Completing 80% with 1637 violations.
    elapsed time = 00:01:08, memory = 1390.54 (MB).
    Completing 90% with 1637 violations.
    elapsed time = 00:01:20, memory = 1390.54 (MB).
    Completing 100% with 2143 violations.
    elapsed time = 00:01:32, memory = 1362.60 (MB).
[INFO DRT-0199]   Number of violations = 2398.
Viol/Layer        met1    via   met2   met3   met4
Metal Spacing      187      0    122      4      1
Min Hole             1      0      0      0      0
Recheck            142      0    104      8      1
Short             1006      2    801     14      5
[INFO DRT-0267] cpu time = 00:01:33, elapsed time = 00:01:33, memory = 1398.04 (MB), peak = 1434.75 (MB)
Total wire length = 786313 um.
Total wire length on LAYER li1 = 0 um.
Total wire length on LAYER met1 = 276665 um.
Total wire length on LAYER met2 = 331239 um.
Total wire length on LAYER met3 = 96147 um.
Total wire length on LAYER met4 = 81949 um.
Total wire length on LAYER met5 = 311 um.
Total number of vias = 144995.
Up-via summary (total 144995):

-------------------------
 FR_MASTERSLICE         0
            li1     58721
           met1     73320
           met2     10164
           met3      2740
           met4        50
-------------------------
               144995


[INFO DRT-0195] Start 1st optimization iteration.
    Completing 10% with 2398 violations.
    elapsed time = 00:00:04, memory = 1408.35 (MB).
    Completing 20% with 2398 violations.
    elapsed time = 00:00:13, memory = 1408.35 (MB).
    Completing 30% with 1907 violations.
    elapsed time = 00:00:19, memory = 1387.40 (MB).
    Completing 40% with 1907 violations.
    elapsed time = 00:00:27, memory = 1389.72 (MB).
    Completing 50% with 1907 violations.
    elapsed time = 00:00:38, memory = 1389.72 (MB).
    Completing 60% with 1651 violations.
    elapsed time = 00:00:43, memory = 1390.17 (MB).
    Completing 70% with 1651 violations.
    elapsed time = 00:00:51, memory = 1392.68 (MB).
    Completing 80% with 1258 violations.
    elapsed time = 00:01:00, memory = 1392.68 (MB).
    Completing 90% with 1258 violations.
    elapsed time = 00:01:11, memory = 1396.53 (MB).
    Completing 100% with 787 violations.
    elapsed time = 00:01:21, memory = 1409.09 (MB).
[INFO DRT-0199]   Number of violations = 787.
Viol/Layer        met1   met2   met3
Metal Spacing       55     72      4
Short              370    284      2
[INFO DRT-0267] cpu time = 00:01:21, elapsed time = 00:01:21, memory = 1409.09 (MB), peak = 1439.75 (MB)
Total wire length = 785762 um.
Total wire length on LAYER li1 = 0 um.
Total wire length on LAYER met1 = 276083 um.
Total wire length on LAYER met2 = 330915 um.
Total wire length on LAYER met3 = 96401 um.
Total wire length on LAYER met4 = 82050 um.
Total wire length on LAYER met5 = 311 um.
Total number of vias = 144886.
Up-via summary (total 144886):

-------------------------
 FR_MASTERSLICE         0
            li1     58720
           met1     73197
           met2     10182
           met3      2737
           met4        50
-------------------------
               144886


[INFO DRT-0195] Start 2nd optimization iteration.
    Completing 10% with 787 violations.
    elapsed time = 00:00:02, memory = 1409.09 (MB).
    Completing 20% with 787 violations.
    elapsed time = 00:00:10, memory = 1381.37 (MB).
    Completing 30% with 770 violations.
    elapsed time = 00:00:15, memory = 1381.33 (MB).
    Completing 40% with 770 violations.
    elapsed time = 00:00:19, memory = 1381.33 (MB).
    Completing 50% with 770 violations.
    elapsed time = 00:00:24, memory = 1381.33 (MB).
    Completing 60% with 785 violations.
    elapsed time = 00:00:29, memory = 1383.93 (MB).
    Completing 70% with 785 violations.
    elapsed time = 00:00:35, memory = 1383.93 (MB).
    Completing 80% with 763 violations.
    elapsed time = 00:00:38, memory = 1383.93 (MB).
    Completing 90% with 763 violations.
    elapsed time = 00:00:46, memory = 1387.82 (MB).
    Completing 100% with 770 violations.
    elapsed time = 00:00:52, memory = 1387.83 (MB).
[INFO DRT-0199]   Number of violations = 770.
Viol/Layer        met1   met2   met3
Metal Spacing       65     62      2
Short              376    263      2
[INFO DRT-0267] cpu time = 00:00:52, elapsed time = 00:00:52, memory = 1395.14 (MB), peak = 1439.75 (MB)
Total wire length = 785599 um.
Total wire length on LAYER li1 = 0 um.
Total wire length on LAYER met1 = 275891 um.
Total wire length on LAYER met2 = 330905 um.
Total wire length on LAYER met3 = 96400 um.
Total wire length on LAYER met4 = 82090 um.
Total wire length on LAYER met5 = 311 um.
Total number of vias = 144864.
Up-via summary (total 144864):

-------------------------
 FR_MASTERSLICE         0
            li1     58720
           met1     73177
           met2     10178
           met3      2739
           met4        50
-------------------------
               144864


[INFO DRT-0195] Start 3rd optimization iteration.
    Completing 10% with 770 violations.
    elapsed time = 00:00:01, memory = 1395.16 (MB).
    Completing 20% with 770 violations.
    elapsed time = 00:00:06, memory = 1409.22 (MB).
    Completing 30% with 581 violations.
    elapsed time = 00:00:11, memory = 1376.54 (MB).
    Completing 40% with 581 violations.
    elapsed time = 00:00:21, memory = 1379.33 (MB).
    Completing 50% with 581 violations.
    elapsed time = 00:00:30, memory = 1389.41 (MB).
    Completing 60% with 390 violations.
    elapsed time = 00:00:31, memory = 1389.28 (MB).
    Completing 70% with 390 violations.
    elapsed time = 00:00:34, memory = 1389.28 (MB).
    Completing 80% with 251 violations.
    elapsed time = 00:00:40, memory = 1390.66 (MB).
    Completing 90% with 251 violations.
    elapsed time = 00:00:47, memory = 1390.66 (MB).
    Completing 100% with 144 violations.
    elapsed time = 00:01:01, memory = 1385.33 (MB).
[INFO DRT-0199]   Number of violations = 144.
Viol/Layer        mcon   met1   met2
Cut Spacing          2      0      0
Metal Spacing        0     33     13
Short                0     80     16
[INFO DRT-0267] cpu time = 00:01:01, elapsed time = 00:01:01, memory = 1392.08 (MB), peak = 1439.75 (MB)
Total wire length = 785503 um.
Total wire length on LAYER li1 = 0 um.
Total wire length on LAYER met1 = 273825 um.
Total wire length on LAYER met2 = 329725 um.
Total wire length on LAYER met3 = 98387 um.
Total wire length on LAYER met4 = 83254 um.
Total wire length on LAYER met5 = 310 um.
Total number of vias = 145131.
Up-via summary (total 145131):

-------------------------
 FR_MASTERSLICE         0
            li1     58717
           met1     73118
           met2     10417
           met3      2829
           met4        50
-------------------------
               145131


[INFO DRT-0195] Start 4th optimization iteration.
    Completing 10% with 144 violations.
    elapsed time = 00:00:00, memory = 1392.08 (MB).
    Completing 20% with 144 violations.
    elapsed time = 00:00:00, memory = 1392.08 (MB).
    Completing 30% with 130 violations.
    elapsed time = 00:00:01, memory = 1392.08 (MB).
    Completing 40% with 130 violations.
    elapsed time = 00:00:03, memory = 1392.16 (MB).
    Completing 50% with 130 violations.
    elapsed time = 00:00:03, memory = 1392.16 (MB).
    Completing 60% with 117 violations.
    elapsed time = 00:00:03, memory = 1392.16 (MB).
    Completing 70% with 117 violations.
    elapsed time = 00:00:08, memory = 1398.91 (MB).
    Completing 80% with 95 violations.
    elapsed time = 00:00:09, memory = 1400.60 (MB).
    Completing 90% with 95 violations.
    elapsed time = 00:00:10, memory = 1400.60 (MB).
    Completing 100% with 5 violations.
    elapsed time = 00:00:13, memory = 1362.80 (MB).
[INFO DRT-0199]   Number of violations = 5.
Viol/Layer        met1
Metal Spacing        5
[INFO DRT-0267] cpu time = 00:00:13, elapsed time = 00:00:13, memory = 1392.05 (MB), peak = 1444.29 (MB)
Total wire length = 785446 um.
Total wire length on LAYER li1 = 0 um.
Total wire length on LAYER met1 = 273524 um.
Total wire length on LAYER met2 = 329669 um.
Total wire length on LAYER met3 = 98638 um.
Total wire length on LAYER met4 = 83304 um.
Total wire length on LAYER met5 = 310 um.
Total number of vias = 145155.
Up-via summary (total 145155):

-------------------------
 FR_MASTERSLICE         0
            li1     58720
           met1     73098
           met2     10448
           met3      2839
           met4        50
-------------------------
               145155


[INFO DRT-0195] Start 5th guides tiles iteration.
    Completing 20% with 5 violations.
    elapsed time = 00:00:00, memory = 1392.05 (MB).
    Completing 50% with 5 violations.
    elapsed time = 00:00:00, memory = 1392.05 (MB).
    Completing 70% with 5 violations.
    elapsed time = 00:00:00, memory = 1392.05 (MB).
    Completing 100% with 1 violations.
    elapsed time = 00:00:00, memory = 1392.05 (MB).
[INFO DRT-0199]   Number of violations = 1.
Viol/Layer        met1
Metal Spacing        1
[INFO DRT-0267] cpu time = 00:00:00, elapsed time = 00:00:00, memory = 1392.05 (MB), peak = 1444.29 (MB)
Total wire length = 785450 um.
Total wire length on LAYER li1 = 0 um.
Total wire length on LAYER met1 = 273526 um.
Total wire length on LAYER met2 = 329671 um.
Total wire length on LAYER met3 = 98638 um.
Total wire length on LAYER met4 = 83304 um.
Total wire length on LAYER met5 = 310 um.
Total number of vias = 145156.
Up-via summary (total 145156):

-------------------------
 FR_MASTERSLICE         0
            li1     58720
           met1     73099
           met2     10448
           met3      2839
           met4        50
-------------------------
               145156


[INFO DRT-0195] Start 6th guides tiles iteration.
    Completing 100% with 0 violations.
    elapsed time = 00:00:00, memory = 1392.05 (MB).
[INFO DRT-0199]   Number of violations = 0.
[INFO DRT-0267] cpu time = 00:00:00, elapsed time = 00:00:00, memory = 1392.05 (MB), peak = 1444.29 (MB)
Total wire length = 785449 um.
Total wire length on LAYER li1 = 0 um.
Total wire length on LAYER met1 = 273525 um.
Total wire length on LAYER met2 = 329670 um.
Total wire length on LAYER met3 = 98638 um.
Total wire length on LAYER met4 = 83304 um.
Total wire length on LAYER met5 = 310 um.
Total number of vias = 145156.
Up-via summary (total 145156):

-------------------------
 FR_MASTERSLICE         0
            li1     58720
           met1     73099
           met2     10448
           met3      2839
           met4        50
-------------------------
               145156


[INFO DRT-0198] Complete detail routing.
Total wire length = 785449 um.
Total wire length on LAYER li1 = 0 um.
Total wire length on LAYER met1 = 273525 um.
Total wire length on LAYER met2 = 329670 um.
Total wire length on LAYER met3 = 98638 um.
Total wire length on LAYER met4 = 83304 um.
Total wire length on LAYER met5 = 310 um.
Total number of vias = 145156.
Up-via summary (total 145156):

-------------------------
 FR_MASTERSLICE         0
            li1     58720
           met1     73099
           met2     10448
           met3      2839
           met4        50
-------------------------
               145156


[INFO DRT-0267] cpu time = 00:05:02, elapsed time = 00:05:02, memory = 1392.05 (MB), peak = 1444.29 (MB)

[INFO DRT-0180] Post processing.
[INFO DRT-0501] Runtime: 491.85s
[INFO ANT-0002] Found 0 net violations.
[INFO ANT-0001] Found 0 pin violations.
[INFO ANT-0002] Found 0 net violations.
[INFO ANT-0001] Found 0 pin violations.
Design area 201361 um^2 55% utilization.
write_db ./results/sky130hd/chia_sha256_benchmark_corrupted/slot2/5_2_route.odb
Log                       Ext     Elapsed/s Peak Memory/MB sha1sum result [0:20)
5_2_route                 .odb         2475           1444 607979fbd6e0e01ca07c
/root/OpenROAD-flow-scripts/flow/scripts/flow.sh 5_3_fillcell fillcell
Running fillcell.tcl, stage 5_3_fillcell
read_liberty /root/OpenROAD-flow-scripts/flow/platforms/sky130hd/lib/sky130_fd_sc_hd__tt_025C_1v80.lib
read_db ./results/sky130hd/chia_sha256_benchmark_corrupted/slot2/5_2_route.odb
read_sdc ./results/sky130hd/chia_sha256_benchmark_corrupted/slot2/5_1_grt.sdc
source /root/OpenROAD-flow-scripts/flow/platforms/sky130hd/setRC.tcl
[WARNING STA-0450] virtual clock vclk can not be propagated.
filler_placement "sky130_fd_sc_hd__fill_1 sky130_fd_sc_hd__fill_2 sky130_fd_sc_hd__fill_4 sky130_fd_sc_hd__fill_8"
[INFO DPL-0001] Placed 31354 filler instances.
Design area 201361 um^2 55% utilization.
write_db ./results/sky130hd/chia_sha256_benchmark_corrupted/slot2/5_3_fillcell.odb
Log                       Ext     Elapsed/s Peak Memory/MB sha1sum result [0:20)
5_3_fillcell              .odb            0            223 d59db0bde85ce3e3cfb0
cp ./results/sky130hd/chia_sha256_benchmark_corrupted/slot2/5_3_fillcell.odb ./results/sky130hd/chia_sha256_benchmark_corrupted/slot2/5_route.odb
cp ./results/sky130hd/chia_sha256_benchmark_corrupted/slot2/5_1_grt.sdc ./results/sky130hd/chia_sha256_benchmark_corrupted/slot2/5_route.sdc
make: Leaving directory '/root/OpenROAD-flow-scripts/flow'

STDERR:
bash: /opt/miniconda/lib/libtinfo.so.6: no version information available (required by bash)
bash: /opt/miniconda/lib/libtinfo.so.6: no version information available (required by bash)
bash: /opt/miniconda/lib/libtinfo.so.6: no version information available (required by bash)
bash: /opt/miniconda/lib/libtinfo.so.6: no version information available (required by bash)
bash: /opt/miniconda/lib/libtinfo.so.6: no version information available (required by bash)
bash: /opt/miniconda/lib/libtinfo.so.6: no version information available (required by bash)
bash: /opt/miniconda/lib/libtinfo.so.6: no version information available (required by bash)
bash: /opt/miniconda/lib/libtinfo.so.6: no version information available (required by bash)
bash: /opt/miniconda/lib/libtinfo.so.6: no version information available (required by bash)
bash: /opt/miniconda/lib/libtinfo.so.6: no version information available (required by bash)
bash: /opt/miniconda/lib/libtinfo.so.6: no version information available (required by bash)
bash: /opt/miniconda/lib/libtinfo.so.6: no version information available (required by bash)
bash: /opt/miniconda/lib/libtinfo.so.6: no version information available (required by bash)
bash: /opt/miniconda/lib/libtinfo.so.6: no version information available (required by bash)
bash: /opt/miniconda/lib/libtinfo.so.6: no version information available (required by bash)
bash: /opt/miniconda/lib/libtinfo.so.6: no version information available (required by bash)
bash: /opt/miniconda/lib/libtinfo.so.6: no version information available (required by bash)
bash: /opt/miniconda/lib/libtinfo.so.6: no version information available (required by bash)
bash: /opt/miniconda/lib/libtinfo.so.6: no version information available (required by bash)
bash: /opt/miniconda/lib/libtinfo.so.6: no version information available (required by bash)
bash: /opt/miniconda/lib/libtinfo.so.6: no version information available (required by bash)
bash: /opt/miniconda/lib/libtinfo.so.6: no version information available (required by bash)
bash: /opt/miniconda/lib/libtinfo.so.6: no version information available (required by bash)
bash: /opt/miniconda/lib/libtinfo.so.6: no version information available (required by bash)
Elapsed time: 4:36.60[h:]min:sec. CPU time: user 276.25 sys 0.24 (99%). Peak memory: 609328KB.
bash: /opt/miniconda/lib/libtinfo.so.6: no version information available (required by bash)
bash: /opt/miniconda/lib/libtinfo.so.6: no version information available (required by bash)
bash: /opt/miniconda/lib/libtinfo.so.6: no version information available (required by bash)
bash: /opt/miniconda/lib/libtinfo.so.6: no version information available (required by bash)
bash: /opt/miniconda/lib/libtinfo.so.6: no version information available (required by bash)
bash: /opt/miniconda/lib/libtinfo.so.6: no version information available (required by bash)
bash: /opt/miniconda/lib/libtinfo.so.6: no version information available (required by bash)
bash: /opt/miniconda/lib/libtinfo.so.6: no version information available (required by bash)
bash: /opt/miniconda/lib/libtinfo.so.6: no version information available (required by bash)
bash: /opt/miniconda/lib/libtinfo.so.6: no version information available (required by bash)
bash: /opt/miniconda/lib/libtinfo.so.6: no version information available (required by bash)
bash: /opt/miniconda/lib/libtinfo.so.6: no version information available (required by bash)
bash: /opt/miniconda/lib/libtinfo.so.6: no version information available (required by bash)
bash: /opt/miniconda/lib/libtinfo.so.6: no version information available (required by bash)
Elapsed time: 41:15.03[h:]min:sec. CPU time: user 2465.17 sys 9.60 (99%). Peak memory: 1478948KB.
bash: /opt/miniconda/lib/libtinfo.so.6: no version information available (required by bash)
bash: /opt/miniconda/lib/libtinfo.so.6: no version information available (required by bash)
bash: /opt/miniconda/lib/libtinfo.so.6: no version information available (required by bash)
bash: /opt/miniconda/lib/libtinfo.so.6: no version information available (required by bash)
bash: /opt/miniconda/lib/libtinfo.so.6: no version information available (required by bash)
bash: /opt/miniconda/lib/libtinfo.so.6: no version information available (required by bash)
bash: /opt/miniconda/lib/libtinfo.so.6: no version information available (required by bash)
bash: /opt/miniconda/lib/libtinfo.so.6: no version information available (required by bash)
bash: /opt/miniconda/lib/libtinfo.so.6: no version information available (required by bash)
bash: /opt/miniconda/lib/libtinfo.so.6: no version information available (required by bash)
bash: /opt/miniconda/lib/libtinfo.so.6: no version information available (required by bash)
bash: /opt/miniconda/lib/libtinfo.so.6: no version information available (required by bash)
bash: /opt/miniconda/lib/libtinfo.so.6: no version information available (required by bash)
bash: /opt/miniconda/lib/libtinfo.so.6: no version information available (required by bash)
Elapsed time: 0:00.56[h:]min:sec. CPU time: user 0.47 sys 0.08 (97%). Peak memory: 228544KB.
bash: /opt/miniconda/lib/libtinfo.so.6: no version information available (required by bash)
bash: /opt/miniconda/lib/libtinfo.so.6: no version information available (required by bash)
bash: /opt/miniconda/lib/libtinfo.so.6: no version information available (required by bash)
bash: /opt/miniconda/lib/libtinfo.so.6: no version information available (required by bash)
bash: /opt/miniconda/lib/libtinfo.so.6: no version information available (required by bash)
bash: /opt/miniconda/lib/libtinfo.so.6: no version information available (required by bash)
bash: /opt/miniconda/lib/libtinfo.so.6: no version information available (required by bash)
bash: /opt/miniconda/lib/libtinfo.so.6: no version information available (required by bash)
bash: /opt/miniconda/lib/libtinfo.so.6: no version information available (required by bash)
bash: /opt/miniconda/lib/libtinfo.so.6: no version information available (required by bash)
bash: /opt/miniconda/lib/libtinfo.so.6: no version information available (required by bash)
bash: /opt/miniconda/lib/libtinfo.so.6: no version information available (required by bash)
bash: /opt/miniconda/lib/libtinfo.so.6: no version information available (required by bash)
bash: /opt/miniconda/lib/libtinfo.so.6: no version information available (required by bash)
bash: /opt/miniconda/lib/libtinfo.so.6: no version information available (required by bash)
bash: /opt/miniconda/lib/libtinfo.so.6: no version information available (required by bash)
bash: /opt/miniconda/lib/libtinfo.so.6: no version information available (required by bash)
bash: /opt/miniconda/lib/libtinfo.so.6: no version information available (required by bash)
bash: /opt/miniconda/lib/libtinfo.so.6: no version information available (required by bash)
bash: /opt/miniconda/lib/libtinfo.so.6: no version information available (required by bash)
bash: /opt/miniconda/lib/libtinfo.so.6: no version information available (required by bash)
bash: /opt/miniconda/lib/libtinfo.so.6: no version information available (required by bash)
bash: /opt/miniconda/lib/libtinfo.so.6: no version information available (required by bash)
bash: /opt/miniconda/lib/libtinfo.so.6: no version information available (required by bash)
bash: /opt/miniconda/lib/libtinfo.so.6: no version information available (required by bash)
bash: /opt/miniconda/lib/libtinfo.so.6: no version information available (required by bash)
