
==========================================================================
global route report_tns
--------------------------------------------------------------------------
tns max 0.00

==========================================================================
global route report_wns
--------------------------------------------------------------------------
wns max 0.00

==========================================================================
global route report_worst_slack
--------------------------------------------------------------------------
worst slack max 3.84

==========================================================================
global route report_clock_min_period
--------------------------------------------------------------------------
core_clock period_min = 6.16 fmax = 162.37
vclk period_min = 0.00 fmax = inf

==========================================================================
global route report_clock_skew
--------------------------------------------------------------------------
Clock core_clock
   0.72 source latency round_key[22]$_SDFFE_PN0P_/CLK ^
  -0.67 target latency state[89]$_SDFFE_PN0P_/CLK ^
   0.00 CRPR
--------------
   0.04 setup skew

Clock vclk
No launch/capture paths found.


==========================================================================
global route report_checks -path_delay min
--------------------------------------------------------------------------
Startpoint: ciphertext[69]$_SDFFE_PN0P_
            (rising edge-triggered flip-flop clocked by core_clock)
Endpoint: ciphertext[69]$_SDFFE_PN0P_
          (rising edge-triggered flip-flop clocked by core_clock)
Path Group: core_clock
Path Type: min

Fanout     Cap    Slew   Delay    Time   Description
-----------------------------------------------------------------------------
                          0.00    0.00   clock core_clock (rise edge)
                          0.00    0.00   clock source latency
     2    0.07    0.00    0.00    0.00 ^ clk (in)
                                         clk (net)
                  0.00    0.00    0.00 ^ clkbuf_0_clk/A (sky130_fd_sc_hd__clkbuf_16)
     4    0.12    0.14    0.19    0.19 ^ clkbuf_0_clk/X (sky130_fd_sc_hd__clkbuf_16)
                                         clknet_0_clk (net)
                  0.14    0.00    0.19 ^ clkbuf_2_1__f_clk/A (sky130_fd_sc_hd__clkbuf_16)
    15    0.22    0.23    0.30    0.49 ^ clkbuf_2_1__f_clk/X (sky130_fd_sc_hd__clkbuf_16)
                                         clknet_2_1__leaf_clk (net)
                  0.23    0.01    0.50 ^ clkbuf_leaf_30_clk/A (sky130_fd_sc_hd__clkbuf_16)
    10    0.04    0.07    0.20    0.70 ^ clkbuf_leaf_30_clk/X (sky130_fd_sc_hd__clkbuf_16)
                                         clknet_leaf_30_clk (net)
                  0.07    0.00    0.70 ^ ciphertext[69]$_SDFFE_PN0P_/CLK (sky130_fd_sc_hd__dfxtp_1)
     2    0.01    0.05    0.32    1.02 v ciphertext[69]$_SDFFE_PN0P_/Q (sky130_fd_sc_hd__dfxtp_1)
                                         net352 (net)
                  0.05    0.00    1.02 v _20629_/A (sky130_fd_sc_hd__nand2_1)
     1    0.00    0.04    0.06    1.08 ^ _20629_/Y (sky130_fd_sc_hd__nand2_1)
                                         _11701_ (net)
                  0.04    0.00    1.08 ^ _20698_/A1 (sky130_fd_sc_hd__a21oi_1)
     1    0.00    0.04    0.05    1.13 v _20698_/Y (sky130_fd_sc_hd__a21oi_1)
                                         _00061_ (net)
                  0.04    0.00    1.13 v ciphertext[69]$_SDFFE_PN0P_/D (sky130_fd_sc_hd__dfxtp_1)
                                  1.13   data arrival time

                          0.00    0.00   clock core_clock (rise edge)
                          0.00    0.00   clock source latency
     2    0.07    0.00    0.00    0.00 ^ clk (in)
                                         clk (net)
                  0.00    0.00    0.00 ^ clkbuf_0_clk/A (sky130_fd_sc_hd__clkbuf_16)
     4    0.12    0.14    0.19    0.19 ^ clkbuf_0_clk/X (sky130_fd_sc_hd__clkbuf_16)
                                         clknet_0_clk (net)
                  0.14    0.00    0.19 ^ clkbuf_2_1__f_clk/A (sky130_fd_sc_hd__clkbuf_16)
    15    0.22    0.23    0.30    0.49 ^ clkbuf_2_1__f_clk/X (sky130_fd_sc_hd__clkbuf_16)
                                         clknet_2_1__leaf_clk (net)
                  0.23    0.01    0.50 ^ clkbuf_leaf_30_clk/A (sky130_fd_sc_hd__clkbuf_16)
    10    0.04    0.07    0.20    0.70 ^ clkbuf_leaf_30_clk/X (sky130_fd_sc_hd__clkbuf_16)
                                         clknet_leaf_30_clk (net)
                  0.07    0.00    0.70 ^ ciphertext[69]$_SDFFE_PN0P_/CLK (sky130_fd_sc_hd__dfxtp_1)
                          0.00    0.70   clock reconvergence pessimism
                         -0.05    0.66   library hold time
                                  0.66   data required time
-----------------------------------------------------------------------------
                                  0.66   data required time
                                 -1.13   data arrival time
-----------------------------------------------------------------------------
                                  0.47   slack (MET)


Startpoint: ciphertext[82]$_SDFFE_PN0P_
            (rising edge-triggered flip-flop clocked by core_clock)
Endpoint: ciphertext[82] (output port clocked by vclk)
Path Group: vclk
Path Type: min

Fanout     Cap    Slew   Delay    Time   Description
-----------------------------------------------------------------------------
                          0.00    0.00   clock core_clock (rise edge)
                          0.00    0.00   clock source latency
     2    0.07    0.00    0.00    0.00 ^ clk (in)
                                         clk (net)
                  0.00    0.00    0.00 ^ clkbuf_0_clk/A (sky130_fd_sc_hd__clkbuf_16)
     4    0.12    0.14    0.19    0.19 ^ clkbuf_0_clk/X (sky130_fd_sc_hd__clkbuf_16)
                                         clknet_0_clk (net)
                  0.14    0.00    0.19 ^ clkbuf_2_0__f_clk/A (sky130_fd_sc_hd__clkbuf_16)
    11    0.20    0.21    0.28    0.48 ^ clkbuf_2_0__f_clk/X (sky130_fd_sc_hd__clkbuf_16)
                                         clknet_2_0__leaf_clk (net)
                  0.21    0.01    0.48 ^ clkbuf_leaf_42_clk/A (sky130_fd_sc_hd__clkbuf_16)
    11    0.04    0.06    0.20    0.68 ^ clkbuf_leaf_42_clk/X (sky130_fd_sc_hd__clkbuf_16)
                                         clknet_leaf_42_clk (net)
                  0.06    0.00    0.68 ^ ciphertext[82]$_SDFFE_PN0P_/CLK (sky130_fd_sc_hd__dfxtp_1)
     2    0.01    0.05    0.32    1.00 v ciphertext[82]$_SDFFE_PN0P_/Q (sky130_fd_sc_hd__dfxtp_1)
                                         net367 (net)
                  0.05    0.00    1.00 v output367/A (sky130_fd_sc_hd__clkdlybuf4s50_1)
     1    0.00    0.05    0.42    1.42 v output367/X (sky130_fd_sc_hd__clkdlybuf4s50_1)
                                         ciphertext[82] (net)
                  0.05    0.00    1.42 v ciphertext[82] (out)
                                  1.42   data arrival time

                  0.00    0.00    0.00   clock vclk (rise edge)
                          0.00    0.00   clock network delay (ideal)
                          0.00    0.00   clock reconvergence pessimism
                         -2.00   -2.00   output external delay
                                 -2.00   data required time
-----------------------------------------------------------------------------
                                 -2.00   data required time
                                 -1.42   data arrival time
-----------------------------------------------------------------------------
                                  3.42   slack (MET)



==========================================================================
global route report_checks -path_delay max
--------------------------------------------------------------------------
Startpoint: round_key[29]$_SDFFE_PN0P_
            (rising edge-triggered flip-flop clocked by core_clock)
Endpoint: state[35]$_SDFFE_PN0P_
          (rising edge-triggered flip-flop clocked by core_clock)
Path Group: core_clock
Path Type: max

Fanout     Cap    Slew   Delay    Time   Description
-----------------------------------------------------------------------------
                          0.00    0.00   clock core_clock (rise edge)
                          0.00    0.00   clock source latency
     2    0.07    0.00    0.00    0.00 ^ clk (in)
                                         clk (net)
                  0.00    0.00    0.00 ^ clkbuf_0_clk/A (sky130_fd_sc_hd__clkbuf_16)
     4    0.12    0.14    0.19    0.19 ^ clkbuf_0_clk/X (sky130_fd_sc_hd__clkbuf_16)
                                         clknet_0_clk (net)
                  0.14    0.00    0.19 ^ clkbuf_2_1__f_clk/A (sky130_fd_sc_hd__clkbuf_16)
    15    0.22    0.23    0.30    0.49 ^ clkbuf_2_1__f_clk/X (sky130_fd_sc_hd__clkbuf_16)
                                         clknet_2_1__leaf_clk (net)
                  0.23    0.01    0.50 ^ clkbuf_leaf_36_clk/A (sky130_fd_sc_hd__clkbuf_16)
     9    0.04    0.06    0.20    0.70 ^ clkbuf_leaf_36_clk/X (sky130_fd_sc_hd__clkbuf_16)
                                         clknet_leaf_36_clk (net)
                  0.06    0.00    0.70 ^ round_key[29]$_SDFFE_PN0P_/CLK (sky130_fd_sc_hd__dfxtp_2)
    29    0.14    0.68    0.76    1.46 ^ round_key[29]$_SDFFE_PN0P_/Q (sky130_fd_sc_hd__dfxtp_2)
                                         round_key[29] (net)
                  0.68    0.02    1.48 ^ place1030/A (sky130_fd_sc_hd__buf_4)
    51    0.21    0.56    0.60    2.08 ^ place1030/X (sky130_fd_sc_hd__buf_4)
                                         net1030 (net)
                  0.56    0.02    2.10 ^ _17760_/A_N (sky130_fd_sc_hd__nand2b_1)
     9    0.05    0.49    0.49    2.59 ^ _17760_/Y (sky130_fd_sc_hd__nand2b_1)
                                         _08865_ (net)
                  0.49    0.00    2.59 ^ _18141_/A1 (sky130_fd_sc_hd__a21oi_1)
     1    0.01    0.13    0.17    2.75 v _18141_/Y (sky130_fd_sc_hd__a21oi_1)
                                         _09243_ (net)
                  0.13    0.00    2.75 v _18142_/B1 (sky130_fd_sc_hd__a211oi_1)
     1    0.02    0.73    0.65    3.41 ^ _18142_/Y (sky130_fd_sc_hd__a211oi_1)
                                         _09244_ (net)
                  0.73    0.00    3.41 ^ _18143_/B (sky130_fd_sc_hd__nand2_1)
     1    0.01    0.15    0.19    3.60 v _18143_/Y (sky130_fd_sc_hd__nand2_1)
                                         _09245_ (net)
                  0.15    0.00    3.60 v _18175_/A2 (sky130_fd_sc_hd__o221ai_1)
     3    0.02    0.53    0.48    4.09 ^ _18175_/Y (sky130_fd_sc_hd__o221ai_1)
                                         _09277_ (net)
                  0.53    0.00    4.09 ^ _18176_/B (sky130_fd_sc_hd__xor2_2)
     1    0.00    0.11    0.12    4.21 v _18176_/X (sky130_fd_sc_hd__xor2_2)
                                         _09278_ (net)
                  0.11    0.00    4.21 v place768/A (sky130_fd_sc_hd__buf_4)
     6    0.09    0.12    0.24    4.45 v place768/X (sky130_fd_sc_hd__buf_4)
                                         net768 (net)
                  0.12    0.01    4.46 v _23234_/A (sky130_fd_sc_hd__xnor2_2)
     5    0.11    1.27    1.00    5.46 ^ _23234_/Y (sky130_fd_sc_hd__xnor2_2)
                                         _00750_ (net)
                  1.27    0.01    5.47 ^ _23235_/B (sky130_fd_sc_hd__xnor2_1)
     2    0.01    0.22    0.24    5.71 v _23235_/Y (sky130_fd_sc_hd__xnor2_1)
                                         _00751_ (net)
                  0.22    0.00    5.71 v _26806_/A2 (sky130_fd_sc_hd__a221oi_1)
     1    0.02    0.74    0.74    6.44 ^ _26806_/Y (sky130_fd_sc_hd__a221oi_1)
                                         _04546_ (net)
                  0.74    0.00    6.44 ^ _26807_/B1 (sky130_fd_sc_hd__o211ai_1)
     1    0.00    0.18    0.20    6.65 v _26807_/Y (sky130_fd_sc_hd__o211ai_1)
                                         _04547_ (net)
                  0.18    0.00    6.65 v _26808_/B1 (sky130_fd_sc_hd__o21ai_1)
     1    0.00    0.12    0.14    6.78 ^ _26808_/Y (sky130_fd_sc_hd__o21ai_1)
                                         _00222_ (net)
                  0.12    0.00    6.78 ^ state[35]$_SDFFE_PN0P_/D (sky130_fd_sc_hd__dfxtp_2)
                                  6.78   data arrival time

                         10.00   10.00   clock core_clock (rise edge)
                          0.00   10.00   clock source latency
     2    0.07    0.00    0.00   10.00 ^ clk (in)
                                         clk (net)
                  0.00    0.00   10.00 ^ clkbuf_0_clk/A (sky130_fd_sc_hd__clkbuf_16)
     4    0.12    0.14    0.19   10.19 ^ clkbuf_0_clk/X (sky130_fd_sc_hd__clkbuf_16)
                                         clknet_0_clk (net)
                  0.14    0.00   10.19 ^ clkbuf_2_1__f_clk/A (sky130_fd_sc_hd__clkbuf_16)
    15    0.22    0.23    0.30   10.49 ^ clkbuf_2_1__f_clk/X (sky130_fd_sc_hd__clkbuf_16)
                                         clknet_2_1__leaf_clk (net)
                  0.23    0.01   10.50 ^ clkbuf_leaf_23_clk/A (sky130_fd_sc_hd__clkbuf_16)
    10    0.04    0.06    0.20   10.70 ^ clkbuf_leaf_23_clk/X (sky130_fd_sc_hd__clkbuf_16)
                                         clknet_leaf_23_clk (net)
                  0.06    0.00   10.70 ^ state[35]$_SDFFE_PN0P_/CLK (sky130_fd_sc_hd__dfxtp_2)
                          0.00   10.70   clock reconvergence pessimism
                         -0.08   10.62   library setup time
                                 10.62   data required time
-----------------------------------------------------------------------------
                                 10.62   data required time
                                 -6.78   data arrival time
-----------------------------------------------------------------------------
                                  3.84   slack (MET)


Startpoint: ciphertext[44]$_SDFFE_PN0P_
            (rising edge-triggered flip-flop clocked by core_clock)
Endpoint: ciphertext[44] (output port clocked by vclk)
Path Group: vclk
Path Type: max

Fanout     Cap    Slew   Delay    Time   Description
-----------------------------------------------------------------------------
                          0.00    0.00   clock core_clock (rise edge)
                          0.00    0.00   clock source latency
     2    0.07    0.00    0.00    0.00 ^ clk (in)
                                         clk (net)
                  0.00    0.00    0.00 ^ clkbuf_0_clk/A (sky130_fd_sc_hd__clkbuf_16)
     4    0.12    0.14    0.19    0.19 ^ clkbuf_0_clk/X (sky130_fd_sc_hd__clkbuf_16)
                                         clknet_0_clk (net)
                  0.14    0.00    0.19 ^ clkbuf_2_1__f_clk/A (sky130_fd_sc_hd__clkbuf_16)
    15    0.22    0.23    0.30    0.49 ^ clkbuf_2_1__f_clk/X (sky130_fd_sc_hd__clkbuf_16)
                                         clknet_2_1__leaf_clk (net)
                  0.23    0.01    0.50 ^ clkbuf_leaf_35_clk/A (sky130_fd_sc_hd__clkbuf_16)
    10    0.05    0.07    0.21    0.70 ^ clkbuf_leaf_35_clk/X (sky130_fd_sc_hd__clkbuf_16)
                                         clknet_leaf_35_clk (net)
                  0.07    0.00    0.71 ^ ciphertext[44]$_SDFFE_PN0P_/CLK (sky130_fd_sc_hd__dfxtp_1)
     2    0.07    0.69    0.77    1.47 ^ ciphertext[44]$_SDFFE_PN0P_/Q (sky130_fd_sc_hd__dfxtp_1)
                                         net325 (net)
                  0.69    0.00    1.48 ^ output325/A (sky130_fd_sc_hd__clkdlybuf4s50_1)
     1    0.00    0.04    0.60    2.08 ^ output325/X (sky130_fd_sc_hd__clkdlybuf4s50_1)
                                         ciphertext[44] (net)
                  0.04    0.00    2.08 ^ ciphertext[44] (out)
                                  2.08   data arrival time

                  0.00   10.00   10.00   clock vclk (rise edge)
                          0.00   10.00   clock network delay (ideal)
                          0.00   10.00   clock reconvergence pessimism
                         -2.00    8.00   output external delay
                                  8.00   data required time
-----------------------------------------------------------------------------
                                  8.00   data required time
                                 -2.08   data arrival time
-----------------------------------------------------------------------------
                                  5.92   slack (MET)



==========================================================================
global route report_checks -unconstrained
--------------------------------------------------------------------------
Startpoint: round_key[29]$_SDFFE_PN0P_
            (rising edge-triggered flip-flop clocked by core_clock)
Endpoint: state[35]$_SDFFE_PN0P_
          (rising edge-triggered flip-flop clocked by core_clock)
Path Group: core_clock
Path Type: max

Fanout     Cap    Slew   Delay    Time   Description
-----------------------------------------------------------------------------
                          0.00    0.00   clock core_clock (rise edge)
                          0.00    0.00   clock source latency
     2    0.07    0.00    0.00    0.00 ^ clk (in)
                                         clk (net)
                  0.00    0.00    0.00 ^ clkbuf_0_clk/A (sky130_fd_sc_hd__clkbuf_16)
     4    0.12    0.14    0.19    0.19 ^ clkbuf_0_clk/X (sky130_fd_sc_hd__clkbuf_16)
                                         clknet_0_clk (net)
                  0.14    0.00    0.19 ^ clkbuf_2_1__f_clk/A (sky130_fd_sc_hd__clkbuf_16)
    15    0.22    0.23    0.30    0.49 ^ clkbuf_2_1__f_clk/X (sky130_fd_sc_hd__clkbuf_16)
                                         clknet_2_1__leaf_clk (net)
                  0.23    0.01    0.50 ^ clkbuf_leaf_36_clk/A (sky130_fd_sc_hd__clkbuf_16)
     9    0.04    0.06    0.20    0.70 ^ clkbuf_leaf_36_clk/X (sky130_fd_sc_hd__clkbuf_16)
                                         clknet_leaf_36_clk (net)
                  0.06    0.00    0.70 ^ round_key[29]$_SDFFE_PN0P_/CLK (sky130_fd_sc_hd__dfxtp_2)
    29    0.14    0.68    0.76    1.46 ^ round_key[29]$_SDFFE_PN0P_/Q (sky130_fd_sc_hd__dfxtp_2)
                                         round_key[29] (net)
                  0.68    0.02    1.48 ^ place1030/A (sky130_fd_sc_hd__buf_4)
    51    0.21    0.56    0.60    2.08 ^ place1030/X (sky130_fd_sc_hd__buf_4)
                                         net1030 (net)
                  0.56    0.02    2.10 ^ _17760_/A_N (sky130_fd_sc_hd__nand2b_1)
     9    0.05    0.49    0.49    2.59 ^ _17760_/Y (sky130_fd_sc_hd__nand2b_1)
                                         _08865_ (net)
                  0.49    0.00    2.59 ^ _18141_/A1 (sky130_fd_sc_hd__a21oi_1)
     1    0.01    0.13    0.17    2.75 v _18141_/Y (sky130_fd_sc_hd__a21oi_1)
                                         _09243_ (net)
                  0.13    0.00    2.75 v _18142_/B1 (sky130_fd_sc_hd__a211oi_1)
     1    0.02    0.73    0.65    3.41 ^ _18142_/Y (sky130_fd_sc_hd__a211oi_1)
                                         _09244_ (net)
                  0.73    0.00    3.41 ^ _18143_/B (sky130_fd_sc_hd__nand2_1)
     1    0.01    0.15    0.19    3.60 v _18143_/Y (sky130_fd_sc_hd__nand2_1)
                                         _09245_ (net)
                  0.15    0.00    3.60 v _18175_/A2 (sky130_fd_sc_hd__o221ai_1)
     3    0.02    0.53    0.48    4.09 ^ _18175_/Y (sky130_fd_sc_hd__o221ai_1)
                                         _09277_ (net)
                  0.53    0.00    4.09 ^ _18176_/B (sky130_fd_sc_hd__xor2_2)
     1    0.00    0.11    0.12    4.21 v _18176_/X (sky130_fd_sc_hd__xor2_2)
                                         _09278_ (net)
                  0.11    0.00    4.21 v place768/A (sky130_fd_sc_hd__buf_4)
     6    0.09    0.12    0.24    4.45 v place768/X (sky130_fd_sc_hd__buf_4)
                                         net768 (net)
                  0.12    0.01    4.46 v _23234_/A (sky130_fd_sc_hd__xnor2_2)
     5    0.11    1.27    1.00    5.46 ^ _23234_/Y (sky130_fd_sc_hd__xnor2_2)
                                         _00750_ (net)
                  1.27    0.01    5.47 ^ _23235_/B (sky130_fd_sc_hd__xnor2_1)
     2    0.01    0.22    0.24    5.71 v _23235_/Y (sky130_fd_sc_hd__xnor2_1)
                                         _00751_ (net)
                  0.22    0.00    5.71 v _26806_/A2 (sky130_fd_sc_hd__a221oi_1)
     1    0.02    0.74    0.74    6.44 ^ _26806_/Y (sky130_fd_sc_hd__a221oi_1)
                                         _04546_ (net)
                  0.74    0.00    6.44 ^ _26807_/B1 (sky130_fd_sc_hd__o211ai_1)
     1    0.00    0.18    0.20    6.65 v _26807_/Y (sky130_fd_sc_hd__o211ai_1)
                                         _04547_ (net)
                  0.18    0.00    6.65 v _26808_/B1 (sky130_fd_sc_hd__o21ai_1)
     1    0.00    0.12    0.14    6.78 ^ _26808_/Y (sky130_fd_sc_hd__o21ai_1)
                                         _00222_ (net)
                  0.12    0.00    6.78 ^ state[35]$_SDFFE_PN0P_/D (sky130_fd_sc_hd__dfxtp_2)
                                  6.78   data arrival time

                         10.00   10.00   clock core_clock (rise edge)
                          0.00   10.00   clock source latency
     2    0.07    0.00    0.00   10.00 ^ clk (in)
                                         clk (net)
                  0.00    0.00   10.00 ^ clkbuf_0_clk/A (sky130_fd_sc_hd__clkbuf_16)
     4    0.12    0.14    0.19   10.19 ^ clkbuf_0_clk/X (sky130_fd_sc_hd__clkbuf_16)
                                         clknet_0_clk (net)
                  0.14    0.00   10.19 ^ clkbuf_2_1__f_clk/A (sky130_fd_sc_hd__clkbuf_16)
    15    0.22    0.23    0.30   10.49 ^ clkbuf_2_1__f_clk/X (sky130_fd_sc_hd__clkbuf_16)
                                         clknet_2_1__leaf_clk (net)
                  0.23    0.01   10.50 ^ clkbuf_leaf_23_clk/A (sky130_fd_sc_hd__clkbuf_16)
    10    0.04    0.06    0.20   10.70 ^ clkbuf_leaf_23_clk/X (sky130_fd_sc_hd__clkbuf_16)
                                         clknet_leaf_23_clk (net)
                  0.06    0.00   10.70 ^ state[35]$_SDFFE_PN0P_/CLK (sky130_fd_sc_hd__dfxtp_2)
                          0.00   10.70   clock reconvergence pessimism
                         -0.08   10.62   library setup time
                                 10.62   data required time
-----------------------------------------------------------------------------
                                 10.62   data required time
                                 -6.78   data arrival time
-----------------------------------------------------------------------------
                                  3.84   slack (MET)


Startpoint: ciphertext[44]$_SDFFE_PN0P_
            (rising edge-triggered flip-flop clocked by core_clock)
Endpoint: ciphertext[44] (output port clocked by vclk)
Path Group: vclk
Path Type: max

Fanout     Cap    Slew   Delay    Time   Description
-----------------------------------------------------------------------------
                          0.00    0.00   clock core_clock (rise edge)
                          0.00    0.00   clock source latency
     2    0.07    0.00    0.00    0.00 ^ clk (in)
                                         clk (net)
                  0.00    0.00    0.00 ^ clkbuf_0_clk/A (sky130_fd_sc_hd__clkbuf_16)
     4    0.12    0.14    0.19    0.19 ^ clkbuf_0_clk/X (sky130_fd_sc_hd__clkbuf_16)
                                         clknet_0_clk (net)
                  0.14    0.00    0.19 ^ clkbuf_2_1__f_clk/A (sky130_fd_sc_hd__clkbuf_16)
    15    0.22    0.23    0.30    0.49 ^ clkbuf_2_1__f_clk/X (sky130_fd_sc_hd__clkbuf_16)
                                         clknet_2_1__leaf_clk (net)
                  0.23    0.01    0.50 ^ clkbuf_leaf_35_clk/A (sky130_fd_sc_hd__clkbuf_16)
    10    0.05    0.07    0.21    0.70 ^ clkbuf_leaf_35_clk/X (sky130_fd_sc_hd__clkbuf_16)
                                         clknet_leaf_35_clk (net)
                  0.07    0.00    0.71 ^ ciphertext[44]$_SDFFE_PN0P_/CLK (sky130_fd_sc_hd__dfxtp_1)
     2    0.07    0.69    0.77    1.47 ^ ciphertext[44]$_SDFFE_PN0P_/Q (sky130_fd_sc_hd__dfxtp_1)
                                         net325 (net)
                  0.69    0.00    1.48 ^ output325/A (sky130_fd_sc_hd__clkdlybuf4s50_1)
     1    0.00    0.04    0.60    2.08 ^ output325/X (sky130_fd_sc_hd__clkdlybuf4s50_1)
                                         ciphertext[44] (net)
                  0.04    0.00    2.08 ^ ciphertext[44] (out)
                                  2.08   data arrival time

                  0.00   10.00   10.00   clock vclk (rise edge)
                          0.00   10.00   clock network delay (ideal)
                          0.00   10.00   clock reconvergence pessimism
                         -2.00    8.00   output external delay
                                  8.00   data required time
-----------------------------------------------------------------------------
                                  8.00   data required time
                                 -2.08   data arrival time
-----------------------------------------------------------------------------
                                  5.92   slack (MET)



==========================================================================
global route report_check_types -max_slew -max_cap -max_fanout -violators
--------------------------------------------------------------------------

==========================================================================
global route max_slew_check_slack
--------------------------------------------------------------------------
0.050586868077516556

==========================================================================
global route max_slew_check_limit
--------------------------------------------------------------------------
1.4892979860305786

==========================================================================
global route max_slew_check_slack_limit
--------------------------------------------------------------------------
0.0340

==========================================================================
global route max_fanout_check_slack
--------------------------------------------------------------------------
1.0000000150474662e+30

==========================================================================
global route max_fanout_check_limit
--------------------------------------------------------------------------
1.0000000150474662e+30

==========================================================================
global route max_capacitance_check_slack
--------------------------------------------------------------------------
0.001522091100923717

==========================================================================
global route max_capacitance_check_limit
--------------------------------------------------------------------------
0.0695900022983551

==========================================================================
global route max_capacitance_check_slack_limit
--------------------------------------------------------------------------
0.0219

==========================================================================
global route max_slew_violation_count
--------------------------------------------------------------------------
max slew violation count 0

==========================================================================
global route max_fanout_violation_count
--------------------------------------------------------------------------
max fanout violation count 0

==========================================================================
global route max_cap_violation_count
--------------------------------------------------------------------------
max cap violation count 0

==========================================================================
global route setup_violation_count
--------------------------------------------------------------------------
setup violation count 0

==========================================================================
global route hold_violation_count
--------------------------------------------------------------------------
hold violation count 0

==========================================================================
global route report_checks -path_delay max reg to reg
--------------------------------------------------------------------------
Startpoint: round_key[29]$_SDFFE_PN0P_
            (rising edge-triggered flip-flop clocked by core_clock)
Endpoint: state[35]$_SDFFE_PN0P_
          (rising edge-triggered flip-flop clocked by core_clock)
Path Group: core_clock
Path Type: max

  Delay    Time   Description
---------------------------------------------------------
   0.00    0.00   clock core_clock (rise edge)
   0.00    0.00   clock source latency
   0.00    0.00 ^ clk (in)
   0.19    0.19 ^ clkbuf_0_clk/X (sky130_fd_sc_hd__clkbuf_16)
   0.30    0.49 ^ clkbuf_2_1__f_clk/X (sky130_fd_sc_hd__clkbuf_16)
   0.21    0.70 ^ clkbuf_leaf_36_clk/X (sky130_fd_sc_hd__clkbuf_16)
   0.00    0.70 ^ round_key[29]$_SDFFE_PN0P_/CLK (sky130_fd_sc_hd__dfxtp_2)
   0.76    1.46 ^ round_key[29]$_SDFFE_PN0P_/Q (sky130_fd_sc_hd__dfxtp_2)
   0.62    2.08 ^ place1030/X (sky130_fd_sc_hd__buf_4)
   0.51    2.59 ^ _17760_/Y (sky130_fd_sc_hd__nand2b_1)
   0.17    2.75 v _18141_/Y (sky130_fd_sc_hd__a21oi_1)
   0.65    3.41 ^ _18142_/Y (sky130_fd_sc_hd__a211oi_1)
   0.19    3.60 v _18143_/Y (sky130_fd_sc_hd__nand2_1)
   0.48    4.09 ^ _18175_/Y (sky130_fd_sc_hd__o221ai_1)
   0.12    4.21 v _18176_/X (sky130_fd_sc_hd__xor2_2)
   0.24    4.45 v place768/X (sky130_fd_sc_hd__buf_4)
   1.01    5.46 ^ _23234_/Y (sky130_fd_sc_hd__xnor2_2)
   0.25    5.71 v _23235_/Y (sky130_fd_sc_hd__xnor2_1)
   0.74    6.44 ^ _26806_/Y (sky130_fd_sc_hd__a221oi_1)
   0.21    6.65 v _26807_/Y (sky130_fd_sc_hd__o211ai_1)
   0.14    6.78 ^ _26808_/Y (sky130_fd_sc_hd__o21ai_1)
   0.00    6.78 ^ state[35]$_SDFFE_PN0P_/D (sky130_fd_sc_hd__dfxtp_2)
           6.78   data arrival time

  10.00   10.00   clock core_clock (rise edge)
   0.00   10.00   clock source latency
   0.00   10.00 ^ clk (in)
   0.19   10.19 ^ clkbuf_0_clk/X (sky130_fd_sc_hd__clkbuf_16)
   0.30   10.49 ^ clkbuf_2_1__f_clk/X (sky130_fd_sc_hd__clkbuf_16)
   0.21   10.70 ^ clkbuf_leaf_23_clk/X (sky130_fd_sc_hd__clkbuf_16)
   0.00   10.70 ^ state[35]$_SDFFE_PN0P_/CLK (sky130_fd_sc_hd__dfxtp_2)
   0.00   10.70   clock reconvergence pessimism
  -0.08   10.62   library setup time
          10.62   data required time
---------------------------------------------------------
          10.62   data required time
          -6.78   data arrival time
---------------------------------------------------------
           3.84   slack (MET)



==========================================================================
global route report_checks -path_delay min reg to reg
--------------------------------------------------------------------------
Startpoint: ciphertext[69]$_SDFFE_PN0P_
            (rising edge-triggered flip-flop clocked by core_clock)
Endpoint: ciphertext[69]$_SDFFE_PN0P_
          (rising edge-triggered flip-flop clocked by core_clock)
Path Group: core_clock
Path Type: min

  Delay    Time   Description
---------------------------------------------------------
   0.00    0.00   clock core_clock (rise edge)
   0.00    0.00   clock source latency
   0.00    0.00 ^ clk (in)
   0.19    0.19 ^ clkbuf_0_clk/X (sky130_fd_sc_hd__clkbuf_16)
   0.30    0.49 ^ clkbuf_2_1__f_clk/X (sky130_fd_sc_hd__clkbuf_16)
   0.21    0.70 ^ clkbuf_leaf_30_clk/X (sky130_fd_sc_hd__clkbuf_16)
   0.00    0.70 ^ ciphertext[69]$_SDFFE_PN0P_/CLK (sky130_fd_sc_hd__dfxtp_1)
   0.32    1.02 v ciphertext[69]$_SDFFE_PN0P_/Q (sky130_fd_sc_hd__dfxtp_1)
   0.06    1.08 ^ _20629_/Y (sky130_fd_sc_hd__nand2_1)
   0.05    1.13 v _20698_/Y (sky130_fd_sc_hd__a21oi_1)
   0.00    1.13 v ciphertext[69]$_SDFFE_PN0P_/D (sky130_fd_sc_hd__dfxtp_1)
           1.13   data arrival time

   0.00    0.00   clock core_clock (rise edge)
   0.00    0.00   clock source latency
   0.00    0.00 ^ clk (in)
   0.19    0.19 ^ clkbuf_0_clk/X (sky130_fd_sc_hd__clkbuf_16)
   0.30    0.49 ^ clkbuf_2_1__f_clk/X (sky130_fd_sc_hd__clkbuf_16)
   0.21    0.70 ^ clkbuf_leaf_30_clk/X (sky130_fd_sc_hd__clkbuf_16)
   0.00    0.70 ^ ciphertext[69]$_SDFFE_PN0P_/CLK (sky130_fd_sc_hd__dfxtp_1)
   0.00    0.70   clock reconvergence pessimism
  -0.05    0.66   library hold time
           0.66   data required time
---------------------------------------------------------
           0.66   data required time
          -1.13   data arrival time
---------------------------------------------------------
           0.47   slack (MET)



==========================================================================
global route critical path target clock latency max path
--------------------------------------------------------------------------
0.6943

==========================================================================
global route critical path target clock latency min path
--------------------------------------------------------------------------
0.7092

==========================================================================
global route critical path source clock latency min path
--------------------------------------------------------------------------
0.0000

==========================================================================
global route critical path delay
--------------------------------------------------------------------------
6.7830

==========================================================================
global route critical path slack
--------------------------------------------------------------------------
3.8411

==========================================================================
global route slack div critical path delay
--------------------------------------------------------------------------
56.628336

==========================================================================
global route report_power
--------------------------------------------------------------------------
Group                  Internal  Switching    Leakage      Total
                          Power      Power      Power      Power (Watts)
----------------------------------------------------------------
Sequential             2.07e-03   1.39e-03   3.24e-09   3.47e-03   5.5%
Combinational          1.94e-02   3.83e-02   2.66e-08   5.77e-02  91.2%
Clock                  1.11e-03   9.72e-04   8.38e-10   2.08e-03   3.3%
Macro                  0.00e+00   0.00e+00   0.00e+00   0.00e+00   0.0%
Pad                    0.00e+00   0.00e+00   0.00e+00   0.00e+00   0.0%
----------------------------------------------------------------
Total                  2.26e-02   4.06e-02   3.07e-08   6.32e-02 100.0%
                          35.7%      64.3%       0.0%
