violation type: Short
	srcs: net:_06383_ net:_06879_
	bbox = (186.4600, 213.6200) - (186.6000, 213.7600) on Layer met1
violation type: Short
	srcs: net:_06383_ net:_06879_
	bbox = (186.4600, 213.6200) - (187.0600, 213.7600) on Layer met1
violation type: Short
	srcs: net:_06383_ net:_06879_
	bbox = (186.9200, 213.6200) - (187.0600, 213.7600) on Layer met1
violation type: Short
	srcs: net:_06383_ net:_06879_
	bbox = (187.8400, 212.6000) - (187.9800, 212.7400) on Layer met1
violation type: Short
	srcs: net:_06383_ net:_06879_
	bbox = (187.8400, 212.6000) - (187.9800, 213.0800) on Layer met1
violation type: Short
	srcs: net:_06383_ net:_06879_
	bbox = (187.8400, 212.9400) - (187.9800, 213.0800) on Layer met1
violation type: Short
	srcs: net:_06450_ net:_06876_
	bbox = (188.5850, 213.6200) - (188.8750, 213.7600) on Layer met1
violation type: Short
	srcs: net:net897 net:net899
	bbox = (188.6250, 202.7300) - (188.8000, 202.8700) on Layer met1
violation type: Short
	srcs: net:net897 net:net899
	bbox = (188.6600, 202.6950) - (188.8000, 202.8700) on Layer met1
violation type: Short
	srcs: net:net897 net:net899
	bbox = (188.6600, 202.7300) - (188.8000, 202.8700) on Layer met1
violation type: Short
	srcs: net:_06450_ net:_06876_
	bbox = (188.6600, 213.6200) - (188.8000, 213.7600) on Layer met1
violation type: Short
	srcs: net:net897 net:_06876_
	bbox = (188.6600, 214.3000) - (188.8000, 214.4400) on Layer met1
violation type: Short
	srcs: net:net897 net:_06876_
	bbox = (188.6600, 214.3000) - (189.7650, 214.4400) on Layer met1
violation type: Short
	srcs: net:net897 net:_06876_
	bbox = (189.6250, 214.3000) - (189.7650, 214.4400) on Layer met1
violation type: Short
	srcs: net:net897 net:_06878_
	bbox = (190.7750, 213.5750) - (190.8150, 213.8050) on Layer met1
violation type: Short
	srcs: net:net897 net:_06878_
	bbox = (190.7750, 213.6500) - (190.8150, 213.7900) on Layer met1
violation type: Metal Spacing
	srcs: net:_06383_ net:_06879_
	bbox = (187.9800, 213.2800) - (188.0700, 213.3500) on Layer met1
violation type: Metal Spacing
	srcs: net:_06450_ net:_06879_
	bbox = (188.2100, 213.6200) - (188.3000, 213.7600) on Layer met1
violation type: Metal Spacing
	srcs: net:net897 net:net899
	bbox = (188.5150, 202.6950) - (188.6250, 202.9250) on Layer met1
violation type: Metal Spacing
	srcs: net:net897
	bbox = (190.5100, 213.6500) - (190.5250, 213.8050) on Layer met1
violation type: Metal Spacing
	srcs: net:clk
	bbox = (189.3600, 215.4600) - (189.6800, 215.6600) on Layer met2
violation type: Metal Spacing
	srcs: net:clk
	bbox = (189.3600, 215.4600) - (189.6800, 216.0000) on Layer met2
violation type: Metal Spacing
	srcs: net:clk
	bbox = (189.3850, 215.4600) - (189.6800, 216.0000) on Layer met2
