
==========================================================================
global place report_tns
--------------------------------------------------------------------------
tns max -190.54

==========================================================================
global place report_wns
--------------------------------------------------------------------------
wns max -3.02

==========================================================================
global place report_worst_slack
--------------------------------------------------------------------------
worst slack max -3.02

==========================================================================
global place report_clock_min_period
--------------------------------------------------------------------------
core_clock period_min = 13.02 fmax = 76.79
vclk period_min = 0.00 fmax = inf

==========================================================================
global place report_checks -path_delay min
--------------------------------------------------------------------------
Startpoint: rst_n (input port clocked by vclk)
Endpoint: W[94]$_DFFE_PN0P_ (removal check against rising-edge clock core_clock)
Path Group: asynchronous
Path Type: min

Fanout     Cap    Slew   Delay    Time   Description
-----------------------------------------------------------------------------
                  0.00    0.00    0.00   clock vclk (rise edge)
                          0.00    0.00   clock network delay (ideal)
                          2.00    2.00 ^ input external delay
     1    0.02    0.00    0.00    2.00 ^ rst_n (in)
                                         rst_n (net)
                  0.00    0.00    2.00 ^ input514/A (sky130_fd_sc_hd__buf_16)
    73    0.53    0.51    0.25    2.25 ^ input514/X (sky130_fd_sc_hd__buf_16)
                                         net513 (net)
                  0.64    0.20    2.45 ^ W[94]$_DFFE_PN0P_/RESET_B (sky130_fd_sc_hd__dfrtp_1)
                                  2.45   data arrival time

                  0.00    0.00    0.00   clock core_clock (rise edge)
                          0.00    0.00   clock network delay (ideal)
                          0.00    0.00   clock reconvergence pessimism
                                  0.00 ^ W[94]$_DFFE_PN0P_/CLK (sky130_fd_sc_hd__dfrtp_1)
                          0.47    0.47   library removal time
                                  0.47   data required time
-----------------------------------------------------------------------------
                                  0.47   data required time
                                 -2.45   data arrival time
-----------------------------------------------------------------------------
                                  1.98   slack (MET)


Startpoint: digest[80]$_DFFE_PN0P_
            (rising edge-triggered flip-flop clocked by core_clock)
Endpoint: digest[80]$_DFFE_PN0P_
          (rising edge-triggered flip-flop clocked by core_clock)
Path Group: core_clock
Path Type: min

Fanout     Cap    Slew   Delay    Time   Description
-----------------------------------------------------------------------------
                  0.00    0.00    0.00   clock core_clock (rise edge)
                          0.00    0.00   clock network delay (ideal)
                  0.00    0.00    0.00 ^ digest[80]$_DFFE_PN0P_/CLK (sky130_fd_sc_hd__dfrtp_1)
     2    0.01    0.07    0.32    0.32 ^ digest[80]$_DFFE_PN0P_/Q (sky130_fd_sc_hd__dfrtp_1)
                                         net749 (net)
                  0.07    0.00    0.32 ^ _18955_/A (sky130_fd_sc_hd__nand2_1)
     1    0.00    0.03    0.05    0.37 v _18955_/Y (sky130_fd_sc_hd__nand2_1)
                                         _05129_ (net)
                  0.03    0.00    0.37 v _18958_/A (sky130_fd_sc_hd__nand2_1)
     1    0.00    0.04    0.05    0.42 ^ _18958_/Y (sky130_fd_sc_hd__nand2_1)
                                         _00942_ (net)
                  0.04    0.00    0.42 ^ digest[80]$_DFFE_PN0P_/D (sky130_fd_sc_hd__dfrtp_1)
                                  0.42   data arrival time

                  0.00    0.00    0.00   clock core_clock (rise edge)
                          0.00    0.00   clock network delay (ideal)
                          0.00    0.00   clock reconvergence pessimism
                                  0.00 ^ digest[80]$_DFFE_PN0P_/CLK (sky130_fd_sc_hd__dfrtp_1)
                         -0.04   -0.04   library hold time
                                 -0.04   data required time
-----------------------------------------------------------------------------
                                 -0.04   data required time
                                 -0.42   data arrival time
-----------------------------------------------------------------------------
                                  0.46   slack (MET)


Startpoint: digest[197]$_DFFE_PN0P_
            (rising edge-triggered flip-flop clocked by core_clock)
Endpoint: digest[197] (output port clocked by vclk)
Path Group: vclk
Path Type: min

Fanout     Cap    Slew   Delay    Time   Description
-----------------------------------------------------------------------------
                  0.00    0.00    0.00   clock core_clock (rise edge)
                          0.00    0.00   clock network delay (ideal)
                  0.00    0.00    0.00 ^ digest[197]$_DFFE_PN0P_/CLK (sky130_fd_sc_hd__dfrtp_1)
     2    0.01    0.05    0.35    0.35 v digest[197]$_DFFE_PN0P_/Q (sky130_fd_sc_hd__dfrtp_1)
                                         net622 (net)
                  0.05    0.00    0.35 v output623/A (sky130_fd_sc_hd__clkdlybuf4s50_1)
     1    0.00    0.04    0.40    0.76 v output623/X (sky130_fd_sc_hd__clkdlybuf4s50_1)
                                         digest[197] (net)
                  0.04    0.00    0.76 v digest[197] (out)
                                  0.76   data arrival time

                  0.00    0.00    0.00   clock vclk (rise edge)
                          0.00    0.00   clock network delay (ideal)
                          0.00    0.00   clock reconvergence pessimism
                         -2.00   -2.00   output external delay
                                 -2.00   data required time
-----------------------------------------------------------------------------
                                 -2.00   data required time
                                 -0.76   data arrival time
-----------------------------------------------------------------------------
                                  2.76   slack (MET)



==========================================================================
global place report_checks -path_delay max
--------------------------------------------------------------------------
Startpoint: rst_n (input port clocked by vclk)
Endpoint: W[1837]$_DFFE_PN0P_
          (recovery check against rising-edge clock core_clock)
Path Group: asynchronous
Path Type: max

Fanout     Cap    Slew   Delay    Time   Description
-----------------------------------------------------------------------------
                  0.00    0.00    0.00   clock vclk (rise edge)
                          0.00    0.00   clock network delay (ideal)
                          2.00    2.00 ^ input external delay
     1    0.02    0.00    0.00    2.00 ^ rst_n (in)
                                         rst_n (net)
                  0.00    0.00    2.00 ^ input514/A (sky130_fd_sc_hd__buf_16)
    73    0.53    0.51    0.25    2.25 ^ input514/X (sky130_fd_sc_hd__buf_16)
                                         net513 (net)
                  0.73    0.27    2.52 ^ place7714/A (sky130_fd_sc_hd__buf_4)
    52    0.31    0.83    0.76    3.29 ^ place7714/X (sky130_fd_sc_hd__buf_4)
                                         net7713 (net)
                  0.83    0.00    3.29 ^ place7712/A (sky130_fd_sc_hd__buf_12)
   161    0.86    0.95    0.75    4.04 ^ place7712/X (sky130_fd_sc_hd__buf_12)
                                         net7711 (net)
                  0.98    0.14    4.18 ^ W[1837]$_DFFE_PN0P_/RESET_B (sky130_fd_sc_hd__dfrtp_1)
                                  4.18   data arrival time

                  0.00   10.00   10.00   clock core_clock (rise edge)
                          0.00   10.00   clock network delay (ideal)
                          0.00   10.00   clock reconvergence pessimism
                                 10.00 ^ W[1837]$_DFFE_PN0P_/CLK (sky130_fd_sc_hd__dfrtp_1)
                         -0.03    9.97   library recovery time
                                  9.97   data required time
-----------------------------------------------------------------------------
                                  9.97   data required time
                                 -4.18   data arrival time
-----------------------------------------------------------------------------
                                  5.78   slack (MET)


Startpoint: round[0]$_DFFE_PN0P_
            (rising edge-triggered flip-flop clocked by core_clock)
Endpoint: digest[251]$_DFFE_PN0P_
          (rising edge-triggered flip-flop clocked by core_clock)
Path Group: core_clock
Path Type: max

Fanout     Cap    Slew   Delay    Time   Description
-----------------------------------------------------------------------------
                  0.00    0.00    0.00   clock core_clock (rise edge)
                          0.00    0.00   clock network delay (ideal)
                  0.00    0.00    0.00 ^ round[0]$_DFFE_PN0P_/CLK (sky130_fd_sc_hd__dfrtp_4)
     5    0.05    0.17    0.49    0.49 ^ round[0]$_DFFE_PN0P_/Q (sky130_fd_sc_hd__dfrtp_4)
                                         round[0] (net)
                  0.17    0.00    0.49 ^ place5731/A (sky130_fd_sc_hd__buf_12)
     9    0.13    0.15    0.20    0.69 ^ place5731/X (sky130_fd_sc_hd__buf_12)
                                         net5730 (net)
                  0.15    0.02    0.71 ^ place5690/A (sky130_fd_sc_hd__buf_12)
    26    0.22    0.25    0.27    0.98 ^ place5690/X (sky130_fd_sc_hd__buf_12)
                                         net5689 (net)
                  0.26    0.03    1.01 ^ place5689/A (sky130_fd_sc_hd__buf_12)
    89    0.54    0.61    0.52    1.53 ^ place5689/X (sky130_fd_sc_hd__buf_12)
                                         net5688 (net)
                  0.61    0.05    1.58 ^ _15556_/S1 (sky130_fd_sc_hd__mux4_2)
     1    0.01    0.08    0.34    1.92 ^ _15556_/X (sky130_fd_sc_hd__mux4_2)
                                         _11561_ (net)
                  0.08    0.00    1.92 ^ _15558_/A0 (sky130_fd_sc_hd__mux2i_1)
     2    0.01    0.11    0.11    2.02 v _15558_/Y (sky130_fd_sc_hd__mux2i_1)
                                         _11563_ (net)
                  0.11    0.00    2.02 v _15570_/A0 (sky130_fd_sc_hd__mux4_2)
     1    0.00    0.09    0.48    2.50 v _15570_/X (sky130_fd_sc_hd__mux4_2)
                                         _11575_ (net)
                  0.09    0.00    2.50 v _15571_/A1 (sky130_fd_sc_hd__mux2i_1)
     2    0.03    0.67    0.56    3.06 ^ _15571_/Y (sky130_fd_sc_hd__mux2i_1)
                                         _11576_ (net)
                  0.67    0.00    3.06 ^ _25008_/A (sky130_fd_sc_hd__xnor2_1)
     1    0.01    0.14    0.20    3.27 v _25008_/Y (sky130_fd_sc_hd__xnor2_1)
                                         _00266_ (net)
                  0.14    0.00    3.27 v _25339_/A (sky130_fd_sc_hd__fa_1)
     1    0.01    0.09    0.59    3.86 ^ _25339_/SUM (sky130_fd_sc_hd__fa_1)
                                         _12831_ (net)
                  0.09    0.00    3.86 ^ _25373_/CIN (sky130_fd_sc_hd__fa_2)
     1    0.01    0.09    0.46    4.32 v _25373_/SUM (sky130_fd_sc_hd__fa_2)
                                         _12900_ (net)
                  0.09    0.00    4.32 v _25486_/B (sky130_fd_sc_hd__ha_4)
     2    0.01    0.04    0.18    4.51 v _25486_/COUT (sky130_fd_sc_hd__ha_4)
                                         _00310_ (net)
                  0.04    0.00    4.51 v _25359_/CIN (sky130_fd_sc_hd__fa_2)
     2    0.01    0.07    0.33    4.84 v _25359_/COUT (sky130_fd_sc_hd__fa_2)
                                         _00311_ (net)
                  0.07    0.00    4.84 v _13201_/A1 (sky130_fd_sc_hd__a21o_1)
     1    0.01    0.05    0.17    5.02 v _13201_/X (sky130_fd_sc_hd__a21o_1)
                                         _09316_ (net)
                  0.05    0.00    5.02 v _13202_/A1 (sky130_fd_sc_hd__a21oi_2)
     2    0.01    0.15    0.16    5.18 ^ _13202_/Y (sky130_fd_sc_hd__a21oi_2)
                                         _09317_ (net)
                  0.15    0.00    5.18 ^ _13205_/A1 (sky130_fd_sc_hd__o211ai_1)
     2    0.01    0.12    0.15    5.33 v _13205_/Y (sky130_fd_sc_hd__o211ai_1)
                                         _09320_ (net)
                  0.12    0.00    5.33 v _13209_/A (sky130_fd_sc_hd__nand2_1)
     4    0.02    0.18    0.19    5.51 ^ _13209_/Y (sky130_fd_sc_hd__nand2_1)
                                         _09324_ (net)
                  0.18    0.00    5.51 ^ place4773/A (sky130_fd_sc_hd__buf_4)
     1    0.01    0.03    0.14    5.66 ^ place4773/X (sky130_fd_sc_hd__buf_4)
                                         net4772 (net)
                  0.03    0.00    5.66 ^ _14346_/B (sky130_fd_sc_hd__xor2_1)
     1    0.00    0.12    0.14    5.79 ^ _14346_/X (sky130_fd_sc_hd__xor2_1)
                                         _10441_ (net)
                  0.12    0.00    5.79 ^ _14347_/B (sky130_fd_sc_hd__nor2_1)
     1    0.01    0.06    0.08    5.87 v _14347_/Y (sky130_fd_sc_hd__nor2_1)
                                         _10442_ (net)
                  0.06    0.00    5.87 v _14348_/B1 (sky130_fd_sc_hd__a21oi_4)
     2    0.03    0.27    0.24    6.11 ^ _14348_/Y (sky130_fd_sc_hd__a21oi_4)
                                         _10443_ (net)
                  0.27    0.00    6.12 ^ place4753/A (sky130_fd_sc_hd__buf_12)
     1    0.02    0.04    0.15    6.27 ^ place4753/X (sky130_fd_sc_hd__buf_12)
                                         net4752 (net)
                  0.04    0.00    6.27 ^ _14351_/A (sky130_fd_sc_hd__inv_1)
     1    0.01    0.03    0.04    6.31 v _14351_/Y (sky130_fd_sc_hd__inv_1)
                                         _00198_ (net)
                  0.03    0.00    6.31 v _25309_/CIN (sky130_fd_sc_hd__fa_1)
     1    0.01    0.09    0.50    6.81 ^ _25309_/SUM (sky130_fd_sc_hd__fa_1)
                                         _12771_ (net)
                  0.09    0.00    6.81 ^ _25281_/CIN (sky130_fd_sc_hd__fa_1)
     1    0.01    0.10    0.45    7.26 v _25281_/SUM (sky130_fd_sc_hd__fa_1)
                                         _12698_ (net)
                  0.10    0.00    7.26 v _25252_/A (sky130_fd_sc_hd__fa_1)
     1    0.01    0.11    0.54    7.80 v _25252_/SUM (sky130_fd_sc_hd__fa_1)
                                         _12701_ (net)
                  0.11    0.00    7.80 v _25500_/B (sky130_fd_sc_hd__ha_4)
     3    0.01    0.04    0.29    8.09 ^ _25500_/SUM (sky130_fd_sc_hd__ha_4)
                                         _00572_ (net)
                  0.04    0.00    8.09 ^ _15340_/A1 (sky130_fd_sc_hd__o21ai_0)
     1    0.00    0.06    0.08    8.17 v _15340_/Y (sky130_fd_sc_hd__o21ai_0)
                                         _11384_ (net)
                  0.06    0.00    8.17 v _15341_/B (sky130_fd_sc_hd__nand2b_1)
     1    0.00    0.05    0.07    8.25 ^ _15341_/Y (sky130_fd_sc_hd__nand2b_1)
                                         _11385_ (net)
                  0.05    0.00    8.25 ^ _15342_/A2 (sky130_fd_sc_hd__a21oi_1)
     1    0.00    0.05    0.07    8.32 v _15342_/Y (sky130_fd_sc_hd__a21oi_1)
                                         _11386_ (net)
                  0.05    0.00    8.32 v _15343_/B1 (sky130_fd_sc_hd__a21oi_1)
     2    0.01    0.16    0.16    8.47 ^ _15343_/Y (sky130_fd_sc_hd__a21oi_1)
                                         _11387_ (net)
                  0.16    0.00    8.47 ^ _15352_/A (sky130_fd_sc_hd__and3_1)
     3    0.01    0.14    0.25    8.72 ^ _15352_/X (sky130_fd_sc_hd__and3_1)
                                         _11396_ (net)
                  0.14    0.00    8.72 ^ _16537_/A1 (sky130_fd_sc_hd__o21a_1)
     1    0.00    0.04    0.14    8.86 ^ _16537_/X (sky130_fd_sc_hd__o21a_1)
                                         _12493_ (net)
                  0.04    0.00    8.86 ^ _16538_/B (sky130_fd_sc_hd__nor2_1)
     1    0.00    0.03    0.04    8.90 v _16538_/Y (sky130_fd_sc_hd__nor2_1)
                                         _12494_ (net)
                  0.03    0.00    8.90 v _16539_/A (sky130_fd_sc_hd__xnor2_1)
     1    0.03    0.61    0.50    9.41 ^ _16539_/Y (sky130_fd_sc_hd__xnor2_1)
                                         _00036_ (net)
                  0.61    0.00    9.41 ^ place4524/A (sky130_fd_sc_hd__buf_4)
     2    0.02    0.07    0.24    9.65 ^ place4524/X (sky130_fd_sc_hd__buf_4)
                                         net4523 (net)
                  0.07    0.00    9.65 ^ _25209_/B (sky130_fd_sc_hd__fa_1)
     1    0.00    0.08    0.42   10.07 v _25209_/SUM (sky130_fd_sc_hd__fa_1)
                                         _12580_ (net)
                  0.08    0.00   10.07 v _25396_/A (sky130_fd_sc_hd__ha_1)
     4    0.02    0.18    0.39   10.46 ^ _25396_/SUM (sky130_fd_sc_hd__ha_1)
                                         _00376_ (net)
                  0.18    0.00   10.46 ^ place4471/A (sky130_fd_sc_hd__buf_4)
     2    0.01    0.05    0.16   10.62 ^ place4471/X (sky130_fd_sc_hd__buf_4)
                                         net4470 (net)
                  0.05    0.00   10.62 ^ _17777_/A (sky130_fd_sc_hd__nand3_4)
     4    0.02    0.07    0.07   10.69 v _17777_/Y (sky130_fd_sc_hd__nand3_4)
                                         _04125_ (net)
                  0.07    0.00   10.69 v place4450/A (sky130_fd_sc_hd__buf_4)
     2    0.01    0.03    0.14   10.83 v place4450/X (sky130_fd_sc_hd__buf_4)
                                         net4449 (net)
                  0.03    0.00   10.83 v _17778_/B (sky130_fd_sc_hd__nor2_1)
     2    0.01    0.19    0.16   11.00 ^ _17778_/Y (sky130_fd_sc_hd__nor2_1)
                                         _04126_ (net)
                  0.19    0.00   11.00 ^ _17916_/B (sky130_fd_sc_hd__nand2_1)
     1    0.00    0.06    0.09   11.09 v _17916_/Y (sky130_fd_sc_hd__nand2_1)
                                         _04264_ (net)
                  0.06    0.00   11.09 v _17918_/A3 (sky130_fd_sc_hd__o31ai_2)
     3    0.01    0.32    0.29   11.38 ^ _17918_/Y (sky130_fd_sc_hd__o31ai_2)
                                         _04266_ (net)
                  0.32    0.00   11.38 ^ _17940_/A (sky130_fd_sc_hd__xor2_1)
     2    0.01    0.17    0.22   11.60 ^ _17940_/X (sky130_fd_sc_hd__xor2_1)
                                         _04288_ (net)
                  0.17    0.00   11.60 ^ _17948_/A (sky130_fd_sc_hd__nand2_1)
     2    0.01    0.09    0.11   11.72 v _17948_/Y (sky130_fd_sc_hd__nand2_1)
                                         _04296_ (net)
                  0.09    0.00   11.72 v _17949_/C (sky130_fd_sc_hd__nor3_2)
     2    0.01    0.17    0.15   11.87 ^ _17949_/Y (sky130_fd_sc_hd__nor3_2)
                                         _04297_ (net)
                  0.17    0.00   11.87 ^ _17950_/A (sky130_fd_sc_hd__and2_4)
     3    0.02    0.08    0.21   12.08 ^ _17950_/X (sky130_fd_sc_hd__and2_4)
                                         _04298_ (net)
                  0.08    0.00   12.08 ^ _18001_/A (sky130_fd_sc_hd__and2_4)
     2    0.01    0.05    0.16   12.24 ^ _18001_/X (sky130_fd_sc_hd__and2_4)
                                         _04346_ (net)
                  0.05    0.00   12.24 ^ _18002_/A2 (sky130_fd_sc_hd__o21ai_2)
     1    0.00    0.07    0.05   12.29 v _18002_/Y (sky130_fd_sc_hd__o21ai_2)
                                         _04347_ (net)
                  0.07    0.00   12.29 v _18003_/B (sky130_fd_sc_hd__xor2_1)
     1    0.02    0.39    0.34   12.63 ^ _18003_/X (sky130_fd_sc_hd__xor2_1)
                                         _04348_ (net)
                  0.39    0.00   12.63 ^ place4274/A (sky130_fd_sc_hd__buf_4)
     1    0.00    0.03    0.18   12.81 ^ place4274/X (sky130_fd_sc_hd__buf_4)
                                         net4273 (net)
                  0.03    0.00   12.81 ^ _18005_/A2 (sky130_fd_sc_hd__o21ai_1)
     1    0.00    0.13    0.05   12.86 v _18005_/Y (sky130_fd_sc_hd__o21ai_1)
                                         _00771_ (net)
                  0.13    0.00   12.86 v digest[251]$_DFFE_PN0P_/D (sky130_fd_sc_hd__dfrtp_1)
                                 12.86   data arrival time

                  0.00   10.00   10.00   clock core_clock (rise edge)
                          0.00   10.00   clock network delay (ideal)
                          0.00   10.00   clock reconvergence pessimism
                                 10.00 ^ digest[251]$_DFFE_PN0P_/CLK (sky130_fd_sc_hd__dfrtp_1)
                         -0.16    9.84   library setup time
                                  9.84   data required time
-----------------------------------------------------------------------------
                                  9.84   data required time
                                -12.86   data arrival time
-----------------------------------------------------------------------------
                                 -3.02   slack (VIOLATED)


Startpoint: digest[4]$_DFFE_PN0P_
            (rising edge-triggered flip-flop clocked by core_clock)
Endpoint: digest[4] (output port clocked by vclk)
Path Group: vclk
Path Type: max

Fanout     Cap    Slew   Delay    Time   Description
-----------------------------------------------------------------------------
                  0.00    0.00    0.00   clock core_clock (rise edge)
                          0.00    0.00   clock network delay (ideal)
                  0.00    0.00    0.00 ^ digest[4]$_DFFE_PN0P_/CLK (sky130_fd_sc_hd__dfrtp_1)
     2    0.06    0.51    0.63    0.63 ^ digest[4]$_DFFE_PN0P_/Q (sky130_fd_sc_hd__dfrtp_1)
                                         net715 (net)
                  0.51    0.01    0.65 ^ output716/A (sky130_fd_sc_hd__clkdlybuf4s50_1)
     1    0.00    0.06    0.59    1.23 ^ output716/X (sky130_fd_sc_hd__clkdlybuf4s50_1)
                                         digest[4] (net)
                  0.06    0.00    1.23 ^ digest[4] (out)
                                  1.23   data arrival time

                  0.00   10.00   10.00   clock vclk (rise edge)
                          0.00   10.00   clock network delay (ideal)
                          0.00   10.00   clock reconvergence pessimism
                         -2.00    8.00   output external delay
                                  8.00   data required time
-----------------------------------------------------------------------------
                                  8.00   data required time
                                 -1.23   data arrival time
-----------------------------------------------------------------------------
                                  6.77   slack (MET)



==========================================================================
global place report_checks -unconstrained
--------------------------------------------------------------------------
Startpoint: rst_n (input port clocked by vclk)
Endpoint: W[1837]$_DFFE_PN0P_
          (recovery check against rising-edge clock core_clock)
Path Group: asynchronous
Path Type: max

Fanout     Cap    Slew   Delay    Time   Description
-----------------------------------------------------------------------------
                  0.00    0.00    0.00   clock vclk (rise edge)
                          0.00    0.00   clock network delay (ideal)
                          2.00    2.00 ^ input external delay
     1    0.02    0.00    0.00    2.00 ^ rst_n (in)
                                         rst_n (net)
                  0.00    0.00    2.00 ^ input514/A (sky130_fd_sc_hd__buf_16)
    73    0.53    0.51    0.25    2.25 ^ input514/X (sky130_fd_sc_hd__buf_16)
                                         net513 (net)
                  0.73    0.27    2.52 ^ place7714/A (sky130_fd_sc_hd__buf_4)
    52    0.31    0.83    0.76    3.29 ^ place7714/X (sky130_fd_sc_hd__buf_4)
                                         net7713 (net)
                  0.83    0.00    3.29 ^ place7712/A (sky130_fd_sc_hd__buf_12)
   161    0.86    0.95    0.75    4.04 ^ place7712/X (sky130_fd_sc_hd__buf_12)
                                         net7711 (net)
                  0.98    0.14    4.18 ^ W[1837]$_DFFE_PN0P_/RESET_B (sky130_fd_sc_hd__dfrtp_1)
                                  4.18   data arrival time

                  0.00   10.00   10.00   clock core_clock (rise edge)
                          0.00   10.00   clock network delay (ideal)
                          0.00   10.00   clock reconvergence pessimism
                                 10.00 ^ W[1837]$_DFFE_PN0P_/CLK (sky130_fd_sc_hd__dfrtp_1)
                         -0.03    9.97   library recovery time
                                  9.97   data required time
-----------------------------------------------------------------------------
                                  9.97   data required time
                                 -4.18   data arrival time
-----------------------------------------------------------------------------
                                  5.78   slack (MET)


Startpoint: round[0]$_DFFE_PN0P_
            (rising edge-triggered flip-flop clocked by core_clock)
Endpoint: digest[251]$_DFFE_PN0P_
          (rising edge-triggered flip-flop clocked by core_clock)
Path Group: core_clock
Path Type: max

Fanout     Cap    Slew   Delay    Time   Description
-----------------------------------------------------------------------------
                  0.00    0.00    0.00   clock core_clock (rise edge)
                          0.00    0.00   clock network delay (ideal)
                  0.00    0.00    0.00 ^ round[0]$_DFFE_PN0P_/CLK (sky130_fd_sc_hd__dfrtp_4)
     5    0.05    0.17    0.49    0.49 ^ round[0]$_DFFE_PN0P_/Q (sky130_fd_sc_hd__dfrtp_4)
                                         round[0] (net)
                  0.17    0.00    0.49 ^ place5731/A (sky130_fd_sc_hd__buf_12)
     9    0.13    0.15    0.20    0.69 ^ place5731/X (sky130_fd_sc_hd__buf_12)
                                         net5730 (net)
                  0.15    0.02    0.71 ^ place5690/A (sky130_fd_sc_hd__buf_12)
    26    0.22    0.25    0.27    0.98 ^ place5690/X (sky130_fd_sc_hd__buf_12)
                                         net5689 (net)
                  0.26    0.03    1.01 ^ place5689/A (sky130_fd_sc_hd__buf_12)
    89    0.54    0.61    0.52    1.53 ^ place5689/X (sky130_fd_sc_hd__buf_12)
                                         net5688 (net)
                  0.61    0.05    1.58 ^ _15556_/S1 (sky130_fd_sc_hd__mux4_2)
     1    0.01    0.08    0.34    1.92 ^ _15556_/X (sky130_fd_sc_hd__mux4_2)
                                         _11561_ (net)
                  0.08    0.00    1.92 ^ _15558_/A0 (sky130_fd_sc_hd__mux2i_1)
     2    0.01    0.11    0.11    2.02 v _15558_/Y (sky130_fd_sc_hd__mux2i_1)
                                         _11563_ (net)
                  0.11    0.00    2.02 v _15570_/A0 (sky130_fd_sc_hd__mux4_2)
     1    0.00    0.09    0.48    2.50 v _15570_/X (sky130_fd_sc_hd__mux4_2)
                                         _11575_ (net)
                  0.09    0.00    2.50 v _15571_/A1 (sky130_fd_sc_hd__mux2i_1)
     2    0.03    0.67    0.56    3.06 ^ _15571_/Y (sky130_fd_sc_hd__mux2i_1)
                                         _11576_ (net)
                  0.67    0.00    3.06 ^ _25008_/A (sky130_fd_sc_hd__xnor2_1)
     1    0.01    0.14    0.20    3.27 v _25008_/Y (sky130_fd_sc_hd__xnor2_1)
                                         _00266_ (net)
                  0.14    0.00    3.27 v _25339_/A (sky130_fd_sc_hd__fa_1)
     1    0.01    0.09    0.59    3.86 ^ _25339_/SUM (sky130_fd_sc_hd__fa_1)
                                         _12831_ (net)
                  0.09    0.00    3.86 ^ _25373_/CIN (sky130_fd_sc_hd__fa_2)
     1    0.01    0.09    0.46    4.32 v _25373_/SUM (sky130_fd_sc_hd__fa_2)
                                         _12900_ (net)
                  0.09    0.00    4.32 v _25486_/B (sky130_fd_sc_hd__ha_4)
     2    0.01    0.04    0.18    4.51 v _25486_/COUT (sky130_fd_sc_hd__ha_4)
                                         _00310_ (net)
                  0.04    0.00    4.51 v _25359_/CIN (sky130_fd_sc_hd__fa_2)
     2    0.01    0.07    0.33    4.84 v _25359_/COUT (sky130_fd_sc_hd__fa_2)
                                         _00311_ (net)
                  0.07    0.00    4.84 v _13201_/A1 (sky130_fd_sc_hd__a21o_1)
     1    0.01    0.05    0.17    5.02 v _13201_/X (sky130_fd_sc_hd__a21o_1)
                                         _09316_ (net)
                  0.05    0.00    5.02 v _13202_/A1 (sky130_fd_sc_hd__a21oi_2)
     2    0.01    0.15    0.16    5.18 ^ _13202_/Y (sky130_fd_sc_hd__a21oi_2)
                                         _09317_ (net)
                  0.15    0.00    5.18 ^ _13205_/A1 (sky130_fd_sc_hd__o211ai_1)
     2    0.01    0.12    0.15    5.33 v _13205_/Y (sky130_fd_sc_hd__o211ai_1)
                                         _09320_ (net)
                  0.12    0.00    5.33 v _13209_/A (sky130_fd_sc_hd__nand2_1)
     4    0.02    0.18    0.19    5.51 ^ _13209_/Y (sky130_fd_sc_hd__nand2_1)
                                         _09324_ (net)
                  0.18    0.00    5.51 ^ place4773/A (sky130_fd_sc_hd__buf_4)
     1    0.01    0.03    0.14    5.66 ^ place4773/X (sky130_fd_sc_hd__buf_4)
                                         net4772 (net)
                  0.03    0.00    5.66 ^ _14346_/B (sky130_fd_sc_hd__xor2_1)
     1    0.00    0.12    0.14    5.79 ^ _14346_/X (sky130_fd_sc_hd__xor2_1)
                                         _10441_ (net)
                  0.12    0.00    5.79 ^ _14347_/B (sky130_fd_sc_hd__nor2_1)
     1    0.01    0.06    0.08    5.87 v _14347_/Y (sky130_fd_sc_hd__nor2_1)
                                         _10442_ (net)
                  0.06    0.00    5.87 v _14348_/B1 (sky130_fd_sc_hd__a21oi_4)
     2    0.03    0.27    0.24    6.11 ^ _14348_/Y (sky130_fd_sc_hd__a21oi_4)
                                         _10443_ (net)
                  0.27    0.00    6.12 ^ place4753/A (sky130_fd_sc_hd__buf_12)
     1    0.02    0.04    0.15    6.27 ^ place4753/X (sky130_fd_sc_hd__buf_12)
                                         net4752 (net)
                  0.04    0.00    6.27 ^ _14351_/A (sky130_fd_sc_hd__inv_1)
     1    0.01    0.03    0.04    6.31 v _14351_/Y (sky130_fd_sc_hd__inv_1)
                                         _00198_ (net)
                  0.03    0.00    6.31 v _25309_/CIN (sky130_fd_sc_hd__fa_1)
     1    0.01    0.09    0.50    6.81 ^ _25309_/SUM (sky130_fd_sc_hd__fa_1)
                                         _12771_ (net)
                  0.09    0.00    6.81 ^ _25281_/CIN (sky130_fd_sc_hd__fa_1)
     1    0.01    0.10    0.45    7.26 v _25281_/SUM (sky130_fd_sc_hd__fa_1)
                                         _12698_ (net)
                  0.10    0.00    7.26 v _25252_/A (sky130_fd_sc_hd__fa_1)
     1    0.01    0.11    0.54    7.80 v _25252_/SUM (sky130_fd_sc_hd__fa_1)
                                         _12701_ (net)
                  0.11    0.00    7.80 v _25500_/B (sky130_fd_sc_hd__ha_4)
     3    0.01    0.04    0.29    8.09 ^ _25500_/SUM (sky130_fd_sc_hd__ha_4)
                                         _00572_ (net)
                  0.04    0.00    8.09 ^ _15340_/A1 (sky130_fd_sc_hd__o21ai_0)
     1    0.00    0.06    0.08    8.17 v _15340_/Y (sky130_fd_sc_hd__o21ai_0)
                                         _11384_ (net)
                  0.06    0.00    8.17 v _15341_/B (sky130_fd_sc_hd__nand2b_1)
     1    0.00    0.05    0.07    8.25 ^ _15341_/Y (sky130_fd_sc_hd__nand2b_1)
                                         _11385_ (net)
                  0.05    0.00    8.25 ^ _15342_/A2 (sky130_fd_sc_hd__a21oi_1)
     1    0.00    0.05    0.07    8.32 v _15342_/Y (sky130_fd_sc_hd__a21oi_1)
                                         _11386_ (net)
                  0.05    0.00    8.32 v _15343_/B1 (sky130_fd_sc_hd__a21oi_1)
     2    0.01    0.16    0.16    8.47 ^ _15343_/Y (sky130_fd_sc_hd__a21oi_1)
                                         _11387_ (net)
                  0.16    0.00    8.47 ^ _15352_/A (sky130_fd_sc_hd__and3_1)
     3    0.01    0.14    0.25    8.72 ^ _15352_/X (sky130_fd_sc_hd__and3_1)
                                         _11396_ (net)
                  0.14    0.00    8.72 ^ _16537_/A1 (sky130_fd_sc_hd__o21a_1)
     1    0.00    0.04    0.14    8.86 ^ _16537_/X (sky130_fd_sc_hd__o21a_1)
                                         _12493_ (net)
                  0.04    0.00    8.86 ^ _16538_/B (sky130_fd_sc_hd__nor2_1)
     1    0.00    0.03    0.04    8.90 v _16538_/Y (sky130_fd_sc_hd__nor2_1)
                                         _12494_ (net)
                  0.03    0.00    8.90 v _16539_/A (sky130_fd_sc_hd__xnor2_1)
     1    0.03    0.61    0.50    9.41 ^ _16539_/Y (sky130_fd_sc_hd__xnor2_1)
                                         _00036_ (net)
                  0.61    0.00    9.41 ^ place4524/A (sky130_fd_sc_hd__buf_4)
     2    0.02    0.07    0.24    9.65 ^ place4524/X (sky130_fd_sc_hd__buf_4)
                                         net4523 (net)
                  0.07    0.00    9.65 ^ _25209_/B (sky130_fd_sc_hd__fa_1)
     1    0.00    0.08    0.42   10.07 v _25209_/SUM (sky130_fd_sc_hd__fa_1)
                                         _12580_ (net)
                  0.08    0.00   10.07 v _25396_/A (sky130_fd_sc_hd__ha_1)
     4    0.02    0.18    0.39   10.46 ^ _25396_/SUM (sky130_fd_sc_hd__ha_1)
                                         _00376_ (net)
                  0.18    0.00   10.46 ^ place4471/A (sky130_fd_sc_hd__buf_4)
     2    0.01    0.05    0.16   10.62 ^ place4471/X (sky130_fd_sc_hd__buf_4)
                                         net4470 (net)
                  0.05    0.00   10.62 ^ _17777_/A (sky130_fd_sc_hd__nand3_4)
     4    0.02    0.07    0.07   10.69 v _17777_/Y (sky130_fd_sc_hd__nand3_4)
                                         _04125_ (net)
                  0.07    0.00   10.69 v place4450/A (sky130_fd_sc_hd__buf_4)
     2    0.01    0.03    0.14   10.83 v place4450/X (sky130_fd_sc_hd__buf_4)
                                         net4449 (net)
                  0.03    0.00   10.83 v _17778_/B (sky130_fd_sc_hd__nor2_1)
     2    0.01    0.19    0.16   11.00 ^ _17778_/Y (sky130_fd_sc_hd__nor2_1)
                                         _04126_ (net)
                  0.19    0.00   11.00 ^ _17916_/B (sky130_fd_sc_hd__nand2_1)
     1    0.00    0.06    0.09   11.09 v _17916_/Y (sky130_fd_sc_hd__nand2_1)
                                         _04264_ (net)
                  0.06    0.00   11.09 v _17918_/A3 (sky130_fd_sc_hd__o31ai_2)
     3    0.01    0.32    0.29   11.38 ^ _17918_/Y (sky130_fd_sc_hd__o31ai_2)
                                         _04266_ (net)
                  0.32    0.00   11.38 ^ _17940_/A (sky130_fd_sc_hd__xor2_1)
     2    0.01    0.17    0.22   11.60 ^ _17940_/X (sky130_fd_sc_hd__xor2_1)
                                         _04288_ (net)
                  0.17    0.00   11.60 ^ _17948_/A (sky130_fd_sc_hd__nand2_1)
     2    0.01    0.09    0.11   11.72 v _17948_/Y (sky130_fd_sc_hd__nand2_1)
                                         _04296_ (net)
                  0.09    0.00   11.72 v _17949_/C (sky130_fd_sc_hd__nor3_2)
     2    0.01    0.17    0.15   11.87 ^ _17949_/Y (sky130_fd_sc_hd__nor3_2)
                                         _04297_ (net)
                  0.17    0.00   11.87 ^ _17950_/A (sky130_fd_sc_hd__and2_4)
     3    0.02    0.08    0.21   12.08 ^ _17950_/X (sky130_fd_sc_hd__and2_4)
                                         _04298_ (net)
                  0.08    0.00   12.08 ^ _18001_/A (sky130_fd_sc_hd__and2_4)
     2    0.01    0.05    0.16   12.24 ^ _18001_/X (sky130_fd_sc_hd__and2_4)
                                         _04346_ (net)
                  0.05    0.00   12.24 ^ _18002_/A2 (sky130_fd_sc_hd__o21ai_2)
     1    0.00    0.07    0.05   12.29 v _18002_/Y (sky130_fd_sc_hd__o21ai_2)
                                         _04347_ (net)
                  0.07    0.00   12.29 v _18003_/B (sky130_fd_sc_hd__xor2_1)
     1    0.02    0.39    0.34   12.63 ^ _18003_/X (sky130_fd_sc_hd__xor2_1)
                                         _04348_ (net)
                  0.39    0.00   12.63 ^ place4274/A (sky130_fd_sc_hd__buf_4)
     1    0.00    0.03    0.18   12.81 ^ place4274/X (sky130_fd_sc_hd__buf_4)
                                         net4273 (net)
                  0.03    0.00   12.81 ^ _18005_/A2 (sky130_fd_sc_hd__o21ai_1)
     1    0.00    0.13    0.05   12.86 v _18005_/Y (sky130_fd_sc_hd__o21ai_1)
                                         _00771_ (net)
                  0.13    0.00   12.86 v digest[251]$_DFFE_PN0P_/D (sky130_fd_sc_hd__dfrtp_1)
                                 12.86   data arrival time

                  0.00   10.00   10.00   clock core_clock (rise edge)
                          0.00   10.00   clock network delay (ideal)
                          0.00   10.00   clock reconvergence pessimism
                                 10.00 ^ digest[251]$_DFFE_PN0P_/CLK (sky130_fd_sc_hd__dfrtp_1)
                         -0.16    9.84   library setup time
                                  9.84   data required time
-----------------------------------------------------------------------------
                                  9.84   data required time
                                -12.86   data arrival time
-----------------------------------------------------------------------------
                                 -3.02   slack (VIOLATED)


Startpoint: digest[4]$_DFFE_PN0P_
            (rising edge-triggered flip-flop clocked by core_clock)
Endpoint: digest[4] (output port clocked by vclk)
Path Group: vclk
Path Type: max

Fanout     Cap    Slew   Delay    Time   Description
-----------------------------------------------------------------------------
                  0.00    0.00    0.00   clock core_clock (rise edge)
                          0.00    0.00   clock network delay (ideal)
                  0.00    0.00    0.00 ^ digest[4]$_DFFE_PN0P_/CLK (sky130_fd_sc_hd__dfrtp_1)
     2    0.06    0.51    0.63    0.63 ^ digest[4]$_DFFE_PN0P_/Q (sky130_fd_sc_hd__dfrtp_1)
                                         net715 (net)
                  0.51    0.01    0.65 ^ output716/A (sky130_fd_sc_hd__clkdlybuf4s50_1)
     1    0.00    0.06    0.59    1.23 ^ output716/X (sky130_fd_sc_hd__clkdlybuf4s50_1)
                                         digest[4] (net)
                  0.06    0.00    1.23 ^ digest[4] (out)
                                  1.23   data arrival time

                  0.00   10.00   10.00   clock vclk (rise edge)
                          0.00   10.00   clock network delay (ideal)
                          0.00   10.00   clock reconvergence pessimism
                         -2.00    8.00   output external delay
                                  8.00   data required time
-----------------------------------------------------------------------------
                                  8.00   data required time
                                 -1.23   data arrival time
-----------------------------------------------------------------------------
                                  6.77   slack (MET)



==========================================================================
global place report_power
--------------------------------------------------------------------------
Group                  Internal  Switching    Leakage      Total
                          Power      Power      Power      Power (Watts)
----------------------------------------------------------------
Sequential             1.56e-02   3.09e-03   3.40e-08   1.87e-02   3.5%
Combinational          2.44e-01   2.69e-01   5.45e-08   5.13e-01  96.5%
Clock                  0.00e+00   0.00e+00   0.00e+00   0.00e+00   0.0%
Macro                  0.00e+00   0.00e+00   0.00e+00   0.00e+00   0.0%
Pad                    0.00e+00   0.00e+00   0.00e+00   0.00e+00   0.0%
----------------------------------------------------------------
Total                  2.60e-01   2.72e-01   8.85e-08   5.32e-01 100.0%
                          48.9%      51.1%       0.0%
