
==========================================================================
resizer report_tns
--------------------------------------------------------------------------
tns max -157.91

==========================================================================
resizer report_wns
--------------------------------------------------------------------------
wns max -2.53

==========================================================================
resizer report_worst_slack
--------------------------------------------------------------------------
worst slack max -2.53

==========================================================================
resizer report_clock_min_period
--------------------------------------------------------------------------
core_clock period_min = 12.53 fmax = 79.79
vclk period_min = 0.00 fmax = inf

==========================================================================
resizer report_checks -path_delay min
--------------------------------------------------------------------------
Startpoint: rst_n (input port clocked by vclk)
Endpoint: W[94]$_DFFE_PN0P_ (removal check against rising-edge clock core_clock)
Path Group: asynchronous
Path Type: min

Fanout     Cap    Slew   Delay    Time   Description
-----------------------------------------------------------------------------
                  0.00    0.00    0.00   clock vclk (rise edge)
                          0.00    0.00   clock network delay (ideal)
                          2.00    2.00 ^ input external delay
     1    0.02    0.00    0.00    2.00 ^ rst_n (in)
                                         rst_n (net)
                  0.00    0.00    2.00 ^ input514/A (sky130_fd_sc_hd__buf_16)
    73    0.53    0.51    0.25    2.25 ^ input514/X (sky130_fd_sc_hd__buf_16)
                                         net513 (net)
                  0.64    0.20    2.45 ^ W[94]$_DFFE_PN0P_/RESET_B (sky130_fd_sc_hd__dfrtp_1)
                                  2.45   data arrival time

                  0.00    0.00    0.00   clock core_clock (rise edge)
                          0.00    0.00   clock network delay (ideal)
                          0.00    0.00   clock reconvergence pessimism
                                  0.00 ^ W[94]$_DFFE_PN0P_/CLK (sky130_fd_sc_hd__dfrtp_1)
                          0.47    0.47   library removal time
                                  0.47   data required time
-----------------------------------------------------------------------------
                                  0.47   data required time
                                 -2.45   data arrival time
-----------------------------------------------------------------------------
                                  1.98   slack (MET)


Startpoint: digest[80]$_DFFE_PN0P_
            (rising edge-triggered flip-flop clocked by core_clock)
Endpoint: digest[80]$_DFFE_PN0P_
          (rising edge-triggered flip-flop clocked by core_clock)
Path Group: core_clock
Path Type: min

Fanout     Cap    Slew   Delay    Time   Description
-----------------------------------------------------------------------------
                  0.00    0.00    0.00   clock core_clock (rise edge)
                          0.00    0.00   clock network delay (ideal)
                  0.00    0.00    0.00 ^ digest[80]$_DFFE_PN0P_/CLK (sky130_fd_sc_hd__dfrtp_1)
     2    0.01    0.07    0.32    0.32 ^ digest[80]$_DFFE_PN0P_/Q (sky130_fd_sc_hd__dfrtp_1)
                                         net749 (net)
                  0.07    0.00    0.32 ^ _18955_/A (sky130_fd_sc_hd__nand2_1)
     1    0.00    0.03    0.05    0.37 v _18955_/Y (sky130_fd_sc_hd__nand2_1)
                                         _05129_ (net)
                  0.03    0.00    0.37 v _18958_/A (sky130_fd_sc_hd__nand2_1)
     1    0.00    0.04    0.05    0.42 ^ _18958_/Y (sky130_fd_sc_hd__nand2_1)
                                         _00942_ (net)
                  0.04    0.00    0.42 ^ digest[80]$_DFFE_PN0P_/D (sky130_fd_sc_hd__dfrtp_1)
                                  0.42   data arrival time

                  0.00    0.00    0.00   clock core_clock (rise edge)
                          0.00    0.00   clock network delay (ideal)
                          0.00    0.00   clock reconvergence pessimism
                                  0.00 ^ digest[80]$_DFFE_PN0P_/CLK (sky130_fd_sc_hd__dfrtp_1)
                         -0.04   -0.04   library hold time
                                 -0.04   data required time
-----------------------------------------------------------------------------
                                 -0.04   data required time
                                 -0.42   data arrival time
-----------------------------------------------------------------------------
                                  0.46   slack (MET)


Startpoint: digest[197]$_DFFE_PN0P_
            (rising edge-triggered flip-flop clocked by core_clock)
Endpoint: digest[197] (output port clocked by vclk)
Path Group: vclk
Path Type: min

Fanout     Cap    Slew   Delay    Time   Description
-----------------------------------------------------------------------------
                  0.00    0.00    0.00   clock core_clock (rise edge)
                          0.00    0.00   clock network delay (ideal)
                  0.00    0.00    0.00 ^ digest[197]$_DFFE_PN0P_/CLK (sky130_fd_sc_hd__dfrtp_1)
     2    0.01    0.05    0.35    0.35 v digest[197]$_DFFE_PN0P_/Q (sky130_fd_sc_hd__dfrtp_1)
                                         net622 (net)
                  0.05    0.00    0.35 v output623/A (sky130_fd_sc_hd__clkdlybuf4s50_1)
     1    0.00    0.04    0.40    0.76 v output623/X (sky130_fd_sc_hd__clkdlybuf4s50_1)
                                         digest[197] (net)
                  0.04    0.00    0.76 v digest[197] (out)
                                  0.76   data arrival time

                  0.00    0.00    0.00   clock vclk (rise edge)
                          0.00    0.00   clock network delay (ideal)
                          0.00    0.00   clock reconvergence pessimism
                         -2.00   -2.00   output external delay
                                 -2.00   data required time
-----------------------------------------------------------------------------
                                 -2.00   data required time
                                 -0.76   data arrival time
-----------------------------------------------------------------------------
                                  2.76   slack (MET)



==========================================================================
resizer report_checks -path_delay max
--------------------------------------------------------------------------
Startpoint: rst_n (input port clocked by vclk)
Endpoint: W[1837]$_DFFE_PN0P_
          (recovery check against rising-edge clock core_clock)
Path Group: asynchronous
Path Type: max

Fanout     Cap    Slew   Delay    Time   Description
-----------------------------------------------------------------------------
                  0.00    0.00    0.00   clock vclk (rise edge)
                          0.00    0.00   clock network delay (ideal)
                          2.00    2.00 ^ input external delay
     1    0.02    0.00    0.00    2.00 ^ rst_n (in)
                                         rst_n (net)
                  0.00    0.00    2.00 ^ input514/A (sky130_fd_sc_hd__buf_16)
    73    0.53    0.51    0.25    2.25 ^ input514/X (sky130_fd_sc_hd__buf_16)
                                         net513 (net)
                  0.73    0.27    2.52 ^ place7714/A (sky130_fd_sc_hd__buf_4)
    52    0.31    0.83    0.76    3.29 ^ place7714/X (sky130_fd_sc_hd__buf_4)
                                         net7713 (net)
                  0.83    0.00    3.29 ^ place7712/A (sky130_fd_sc_hd__buf_12)
   161    0.86    0.95    0.75    4.04 ^ place7712/X (sky130_fd_sc_hd__buf_12)
                                         net7711 (net)
                  0.98    0.14    4.18 ^ W[1837]$_DFFE_PN0P_/RESET_B (sky130_fd_sc_hd__dfrtp_1)
                                  4.18   data arrival time

                  0.00   10.00   10.00   clock core_clock (rise edge)
                          0.00   10.00   clock network delay (ideal)
                          0.00   10.00   clock reconvergence pessimism
                                 10.00 ^ W[1837]$_DFFE_PN0P_/CLK (sky130_fd_sc_hd__dfrtp_1)
                         -0.03    9.97   library recovery time
                                  9.97   data required time
-----------------------------------------------------------------------------
                                  9.97   data required time
                                 -4.18   data arrival time
-----------------------------------------------------------------------------
                                  5.78   slack (MET)


Startpoint: round[1]$_DFFE_PN0P_
            (rising edge-triggered flip-flop clocked by core_clock)
Endpoint: digest[255]$_DFFE_PN0P_
          (rising edge-triggered flip-flop clocked by core_clock)
Path Group: core_clock
Path Type: max

Fanout     Cap    Slew   Delay    Time   Description
-----------------------------------------------------------------------------
                  0.00    0.00    0.00   clock core_clock (rise edge)
                          0.00    0.00   clock network delay (ideal)
                  0.00    0.00    0.00 ^ round[1]$_DFFE_PN0P_/CLK (sky130_fd_sc_hd__dfrtp_4)
     5    0.03    0.12    0.45    0.45 ^ round[1]$_DFFE_PN0P_/Q (sky130_fd_sc_hd__dfrtp_4)
                                         round[1] (net)
                  0.12    0.00    0.45 ^ _12950_/A (sky130_fd_sc_hd__clkinv_4)
     2    0.01    0.04    0.07    0.51 v _12950_/Y (sky130_fd_sc_hd__clkinv_4)
                                         _09067_ (net)
                  0.04    0.00    0.52 v _25435_/B (sky130_fd_sc_hd__ha_4)
     4    0.06    0.16    0.36    0.87 ^ _25435_/SUM (sky130_fd_sc_hd__ha_4)
                                         _00451_ (net)
                  0.16    0.00    0.88 ^ place5353/A (sky130_fd_sc_hd__buf_16)
     5    0.09    0.11    0.18    1.05 ^ place5353/X (sky130_fd_sc_hd__buf_16)
                                         net5352 (net)
                  0.11    0.02    1.07 ^ rebuffer7760/A (sky130_fd_sc_hd__buf_6)
     1    0.01    0.04    0.12    1.19 ^ rebuffer7760/X (sky130_fd_sc_hd__buf_6)
                                         net7759 (net)
                  0.04    0.00    1.19 ^ place5335/A (sky130_fd_sc_hd__buf_12)
     5    0.04    0.06    0.11    1.30 ^ place5335/X (sky130_fd_sc_hd__buf_12)
                                         net5334 (net)
                  0.06    0.00    1.30 ^ _24783_/S1 (sky130_fd_sc_hd__mux4_2)
     1    0.00    0.08    0.28    1.58 v _24783_/X (sky130_fd_sc_hd__mux4_2)
                                         _08755_ (net)
                  0.08    0.00    1.58 v _24784_/A3 (sky130_fd_sc_hd__mux4_2)
     1    0.04    0.17    0.61    2.20 v _24784_/X (sky130_fd_sc_hd__mux4_2)
                                         _08756_ (net)
                  0.17    0.01    2.20 v _24800_/A0 (sky130_fd_sc_hd__mux4_2)
     2    0.03    0.16    0.61    2.81 v _24800_/X (sky130_fd_sc_hd__mux4_2)
                                         _08772_ (net)
                  0.16    0.00    2.82 v _24861_/A (sky130_fd_sc_hd__xnor2_2)
     1    0.01    0.18    0.24    3.05 ^ _24861_/Y (sky130_fd_sc_hd__xnor2_2)
                                         _08824_ (net)
                  0.18    0.00    3.05 ^ _24862_/B (sky130_fd_sc_hd__xnor2_2)
     1    0.01    0.14    0.14    3.19 ^ _24862_/Y (sky130_fd_sc_hd__xnor2_2)
                                         _00265_ (net)
                  0.14    0.00    3.19 ^ _25338_/CIN (sky130_fd_sc_hd__fa_1)
     1    0.01    0.10    0.46    3.66 v _25338_/SUM (sky130_fd_sc_hd__fa_1)
                                         _12829_ (net)
                  0.10    0.00    3.66 v _25381_/B (sky130_fd_sc_hd__fa_1)
     2    0.01    0.11    0.52    4.18 v _25381_/SUM (sky130_fd_sc_hd__fa_1)
                                         _12869_ (net)
                  0.11    0.00    4.18 v rebuffer7747/A (sky130_fd_sc_hd__buf_4)
     1    0.01    0.03    0.16    4.34 v rebuffer7747/X (sky130_fd_sc_hd__buf_4)
                                         net7746 (net)
                  0.03    0.00    4.34 v _25359_/A (sky130_fd_sc_hd__fa_2)
     2    0.01    0.07    0.38    4.72 v _25359_/COUT (sky130_fd_sc_hd__fa_2)
                                         _00311_ (net)
                  0.07    0.00    4.72 v _13201_/A1 (sky130_fd_sc_hd__a21o_1)
     1    0.01    0.05    0.18    4.90 v _13201_/X (sky130_fd_sc_hd__a21o_1)
                                         _09316_ (net)
                  0.05    0.00    4.90 v _13202_/A2 (sky130_fd_sc_hd__a21oi_2)
     2    0.01    0.15    0.17    5.07 ^ _13202_/Y (sky130_fd_sc_hd__a21oi_2)
                                         _09317_ (net)
                  0.15    0.00    5.07 ^ _13205_/A2 (sky130_fd_sc_hd__o211ai_1)
     2    0.01    0.13    0.15    5.22 v _13205_/Y (sky130_fd_sc_hd__o211ai_1)
                                         _09320_ (net)
                  0.13    0.00    5.22 v _13209_/B (sky130_fd_sc_hd__nand2_2)
     4    0.02    0.12    0.15    5.37 ^ _13209_/Y (sky130_fd_sc_hd__nand2_2)
                                         _09324_ (net)
                  0.12    0.00    5.37 ^ _13840_/A2 (sky130_fd_sc_hd__o21a_1)
     1    0.01    0.07    0.14    5.51 ^ _13840_/X (sky130_fd_sc_hd__o21a_1)
                                         _09945_ (net)
                  0.07    0.00    5.51 ^ _13841_/A2 (sky130_fd_sc_hd__o21ai_2)
     1    0.01    0.08    0.07    5.58 v _13841_/Y (sky130_fd_sc_hd__o21ai_2)
                                         _09946_ (net)
                  0.08    0.00    5.58 v _13842_/A2 (sky130_fd_sc_hd__a21oi_2)
     2    0.01    0.13    0.18    5.76 ^ _13842_/Y (sky130_fd_sc_hd__a21oi_2)
                                         _09947_ (net)
                  0.13    0.00    5.76 ^ _13843_/A1 (sky130_fd_sc_hd__o21bai_1)
     1    0.01    0.07    0.11    5.87 v _13843_/Y (sky130_fd_sc_hd__o21bai_1)
                                         _09948_ (net)
                  0.07    0.00    5.87 v _13844_/A2 (sky130_fd_sc_hd__a21oi_2)
     2    0.01    0.16    0.19    6.06 ^ _13844_/Y (sky130_fd_sc_hd__a21oi_2)
                                         _09949_ (net)
                  0.16    0.00    6.06 ^ _13948_/A (sky130_fd_sc_hd__xnor2_1)
     1    0.00    0.13    0.14    6.19 ^ _13948_/Y (sky130_fd_sc_hd__xnor2_1)
                                         _10051_ (net)
                  0.13    0.00    6.19 ^ _13949_/B (sky130_fd_sc_hd__nand2_1)
     1    0.01    0.18    0.12    6.31 v _13949_/Y (sky130_fd_sc_hd__nand2_1)
                                         _10052_ (net)
                  0.18    0.00    6.31 v _13950_/B1 (sky130_fd_sc_hd__o21ai_4)
     2    0.02    0.17    0.13    6.44 ^ _13950_/Y (sky130_fd_sc_hd__o21ai_4)
                                         _10053_ (net)
                  0.17    0.00    6.45 ^ _13953_/A (sky130_fd_sc_hd__inv_4)
     1    0.03    0.06    0.07    6.52 v _13953_/Y (sky130_fd_sc_hd__inv_4)
                                         _00060_ (net)
                  0.06    0.00    6.52 v _25219_/A (sky130_fd_sc_hd__fa_1)
     1    0.01    0.09    0.56    7.08 ^ _25219_/SUM (sky130_fd_sc_hd__fa_1)
                                         _12597_ (net)
                  0.09    0.00    7.08 ^ _25217_/B (sky130_fd_sc_hd__fa_1)
     1    0.01    0.10    0.45    7.53 v _25217_/SUM (sky130_fd_sc_hd__fa_1)
                                         _12589_ (net)
                  0.10    0.00    7.53 v _25215_/A (sky130_fd_sc_hd__fa_1)
     1    0.01    0.12    0.61    8.14 ^ _25215_/SUM (sky130_fd_sc_hd__fa_1)
                                         _12592_ (net)
                  0.12    0.00    8.14 ^ _25452_/A (sky130_fd_sc_hd__ha_4)
     2    0.01    0.04    0.22    8.36 v _25452_/SUM (sky130_fd_sc_hd__ha_4)
                                         _00476_ (net)
                  0.04    0.00    8.36 v place4611/A (sky130_fd_sc_hd__buf_6)
     2    0.01    0.02    0.11    8.47 v place4611/X (sky130_fd_sc_hd__buf_6)
                                         net4610 (net)
                  0.02    0.00    8.47 v _16490_/A1 (sky130_fd_sc_hd__a21o_1)
     1    0.00    0.03    0.14    8.61 v _16490_/X (sky130_fd_sc_hd__a21o_1)
                                         _12459_ (net)
                  0.03    0.00    8.61 v _16491_/A2 (sky130_fd_sc_hd__a21oi_1)
     1    0.00    0.10    0.13    8.74 ^ _16491_/Y (sky130_fd_sc_hd__a21oi_1)
                                         _12460_ (net)
                  0.10    0.00    8.74 ^ _16492_/B1 (sky130_fd_sc_hd__o21ai_1)
     2    0.01    0.07    0.10    8.84 v _16492_/Y (sky130_fd_sc_hd__o21ai_1)
                                         _12461_ (net)
                  0.07    0.00    8.84 v _16493_/A1 (sky130_fd_sc_hd__a21oi_1)
     1    0.00    0.13    0.14    8.98 ^ _16493_/Y (sky130_fd_sc_hd__a21oi_1)
                                         _12462_ (net)
                  0.13    0.00    8.98 ^ _16494_/B1 (sky130_fd_sc_hd__o31a_1)
     2    0.02    0.25    0.30    9.28 ^ _16494_/X (sky130_fd_sc_hd__o31a_1)
                                         _12463_ (net)
                  0.25    0.00    9.28 ^ _16524_/A1 (sky130_fd_sc_hd__o21bai_1)
     1    0.01    0.08    0.13    9.41 v _16524_/Y (sky130_fd_sc_hd__o21bai_1)
                                         _12485_ (net)
                  0.08    0.00    9.41 v _16525_/B (sky130_fd_sc_hd__xor2_1)
     2    0.01    0.10    0.18    9.60 v _16525_/X (sky130_fd_sc_hd__xor2_1)
                                         _00021_ (net)
                  0.10    0.00    9.60 v _25203_/A (sky130_fd_sc_hd__fa_1)
     1    0.01    0.11    0.60   10.20 ^ _25203_/SUM (sky130_fd_sc_hd__fa_1)
                                         _12566_ (net)
                  0.11    0.00   10.20 ^ _25403_/B (sky130_fd_sc_hd__ha_4)
     4    0.02    0.06    0.23   10.43 v _25403_/SUM (sky130_fd_sc_hd__ha_4)
                                         _00389_ (net)
                  0.06    0.00   10.43 v _17790_/A2 (sky130_fd_sc_hd__a21oi_4)
     2    0.01    0.15    0.18   10.61 ^ _17790_/Y (sky130_fd_sc_hd__a21oi_4)
                                         _04138_ (net)
                  0.15    0.00   10.61 ^ _17791_/B (sky130_fd_sc_hd__nor2_4)
     2    0.01    0.04    0.06   10.67 v _17791_/Y (sky130_fd_sc_hd__nor2_4)
                                         _04139_ (net)
                  0.04    0.00   10.67 v place4342/A (sky130_fd_sc_hd__buf_6)
     1    0.00    0.02    0.10   10.77 v place4342/X (sky130_fd_sc_hd__buf_6)
                                         net4341 (net)
                  0.02    0.00   10.77 v _17960_/D (sky130_fd_sc_hd__or4_4)
     2    0.01    0.10    0.44   11.21 v _17960_/X (sky130_fd_sc_hd__or4_4)
                                         _04308_ (net)
                  0.10    0.00   11.21 v _17966_/A2 (sky130_fd_sc_hd__o21ai_4)
     3    0.02    0.17    0.19   11.40 ^ _17966_/Y (sky130_fd_sc_hd__o21ai_4)
                                         _04314_ (net)
                  0.17    0.00   11.40 ^ _17967_/B (sky130_fd_sc_hd__nor2_2)
     1    0.01    0.04    0.05   11.45 v _17967_/Y (sky130_fd_sc_hd__nor2_2)
                                         _04315_ (net)
                  0.04    0.00   11.45 v _17968_/A2 (sky130_fd_sc_hd__o21ai_1)
     1    0.00    0.13    0.14   11.59 ^ _17968_/Y (sky130_fd_sc_hd__o21ai_1)
                                         _04316_ (net)
                  0.13    0.00   11.59 ^ _17969_/B (sky130_fd_sc_hd__nand2b_1)
     2    0.01    0.12    0.14   11.72 v _17969_/Y (sky130_fd_sc_hd__nand2b_1)
                                         _04317_ (net)
                  0.12    0.00   11.73 v _17970_/B (sky130_fd_sc_hd__xor2_2)
     2    0.01    0.08    0.19   11.91 v _17970_/X (sky130_fd_sc_hd__xor2_2)
                                         _04318_ (net)
                  0.08    0.00   11.91 v _25050_/A (sky130_fd_sc_hd__nor3_2)
     1    0.01    0.19    0.23   12.15 ^ _25050_/Y (sky130_fd_sc_hd__nor3_2)
                                         _08972_ (net)
                  0.19    0.00   12.15 ^ _25051_/B (sky130_fd_sc_hd__xnor2_1)
     1    0.00    0.12    0.14   12.29 ^ _25051_/Y (sky130_fd_sc_hd__xnor2_1)
                                         _08973_ (net)
                  0.12    0.00   12.29 ^ _25053_/A2 (sky130_fd_sc_hd__o21ai_1)
     1    0.00    0.14    0.08   12.37 v _25053_/Y (sky130_fd_sc_hd__o21ai_1)
                                         _03136_ (net)
                  0.14    0.00   12.37 v digest[255]$_DFFE_PN0P_/D (sky130_fd_sc_hd__dfrtp_1)
                                 12.37   data arrival time

                  0.00   10.00   10.00   clock core_clock (rise edge)
                          0.00   10.00   clock network delay (ideal)
                          0.00   10.00   clock reconvergence pessimism
                                 10.00 ^ digest[255]$_DFFE_PN0P_/CLK (sky130_fd_sc_hd__dfrtp_1)
                         -0.17    9.83   library setup time
                                  9.83   data required time
-----------------------------------------------------------------------------
                                  9.83   data required time
                                -12.37   data arrival time
-----------------------------------------------------------------------------
                                 -2.53   slack (VIOLATED)


Startpoint: digest[4]$_DFFE_PN0P_
            (rising edge-triggered flip-flop clocked by core_clock)
Endpoint: digest[4] (output port clocked by vclk)
Path Group: vclk
Path Type: max

Fanout     Cap    Slew   Delay    Time   Description
-----------------------------------------------------------------------------
                  0.00    0.00    0.00   clock core_clock (rise edge)
                          0.00    0.00   clock network delay (ideal)
                  0.00    0.00    0.00 ^ digest[4]$_DFFE_PN0P_/CLK (sky130_fd_sc_hd__dfrtp_1)
     2    0.06    0.51    0.63    0.63 ^ digest[4]$_DFFE_PN0P_/Q (sky130_fd_sc_hd__dfrtp_1)
                                         net715 (net)
                  0.51    0.01    0.65 ^ output716/A (sky130_fd_sc_hd__clkdlybuf4s50_1)
     1    0.00    0.06    0.59    1.23 ^ output716/X (sky130_fd_sc_hd__clkdlybuf4s50_1)
                                         digest[4] (net)
                  0.06    0.00    1.23 ^ digest[4] (out)
                                  1.23   data arrival time

                  0.00   10.00   10.00   clock vclk (rise edge)
                          0.00   10.00   clock network delay (ideal)
                          0.00   10.00   clock reconvergence pessimism
                         -2.00    8.00   output external delay
                                  8.00   data required time
-----------------------------------------------------------------------------
                                  8.00   data required time
                                 -1.23   data arrival time
-----------------------------------------------------------------------------
                                  6.77   slack (MET)



==========================================================================
resizer report_checks -unconstrained
--------------------------------------------------------------------------
Startpoint: rst_n (input port clocked by vclk)
Endpoint: W[1837]$_DFFE_PN0P_
          (recovery check against rising-edge clock core_clock)
Path Group: asynchronous
Path Type: max

Fanout     Cap    Slew   Delay    Time   Description
-----------------------------------------------------------------------------
                  0.00    0.00    0.00   clock vclk (rise edge)
                          0.00    0.00   clock network delay (ideal)
                          2.00    2.00 ^ input external delay
     1    0.02    0.00    0.00    2.00 ^ rst_n (in)
                                         rst_n (net)
                  0.00    0.00    2.00 ^ input514/A (sky130_fd_sc_hd__buf_16)
    73    0.53    0.51    0.25    2.25 ^ input514/X (sky130_fd_sc_hd__buf_16)
                                         net513 (net)
                  0.73    0.27    2.52 ^ place7714/A (sky130_fd_sc_hd__buf_4)
    52    0.31    0.83    0.76    3.29 ^ place7714/X (sky130_fd_sc_hd__buf_4)
                                         net7713 (net)
                  0.83    0.00    3.29 ^ place7712/A (sky130_fd_sc_hd__buf_12)
   161    0.86    0.95    0.75    4.04 ^ place7712/X (sky130_fd_sc_hd__buf_12)
                                         net7711 (net)
                  0.98    0.14    4.18 ^ W[1837]$_DFFE_PN0P_/RESET_B (sky130_fd_sc_hd__dfrtp_1)
                                  4.18   data arrival time

                  0.00   10.00   10.00   clock core_clock (rise edge)
                          0.00   10.00   clock network delay (ideal)
                          0.00   10.00   clock reconvergence pessimism
                                 10.00 ^ W[1837]$_DFFE_PN0P_/CLK (sky130_fd_sc_hd__dfrtp_1)
                         -0.03    9.97   library recovery time
                                  9.97   data required time
-----------------------------------------------------------------------------
                                  9.97   data required time
                                 -4.18   data arrival time
-----------------------------------------------------------------------------
                                  5.78   slack (MET)


Startpoint: round[1]$_DFFE_PN0P_
            (rising edge-triggered flip-flop clocked by core_clock)
Endpoint: digest[255]$_DFFE_PN0P_
          (rising edge-triggered flip-flop clocked by core_clock)
Path Group: core_clock
Path Type: max

Fanout     Cap    Slew   Delay    Time   Description
-----------------------------------------------------------------------------
                  0.00    0.00    0.00   clock core_clock (rise edge)
                          0.00    0.00   clock network delay (ideal)
                  0.00    0.00    0.00 ^ round[1]$_DFFE_PN0P_/CLK (sky130_fd_sc_hd__dfrtp_4)
     5    0.03    0.12    0.45    0.45 ^ round[1]$_DFFE_PN0P_/Q (sky130_fd_sc_hd__dfrtp_4)
                                         round[1] (net)
                  0.12    0.00    0.45 ^ _12950_/A (sky130_fd_sc_hd__clkinv_4)
     2    0.01    0.04    0.07    0.51 v _12950_/Y (sky130_fd_sc_hd__clkinv_4)
                                         _09067_ (net)
                  0.04    0.00    0.52 v _25435_/B (sky130_fd_sc_hd__ha_4)
     4    0.06    0.16    0.36    0.87 ^ _25435_/SUM (sky130_fd_sc_hd__ha_4)
                                         _00451_ (net)
                  0.16    0.00    0.88 ^ place5353/A (sky130_fd_sc_hd__buf_16)
     5    0.09    0.11    0.18    1.05 ^ place5353/X (sky130_fd_sc_hd__buf_16)
                                         net5352 (net)
                  0.11    0.02    1.07 ^ rebuffer7760/A (sky130_fd_sc_hd__buf_6)
     1    0.01    0.04    0.12    1.19 ^ rebuffer7760/X (sky130_fd_sc_hd__buf_6)
                                         net7759 (net)
                  0.04    0.00    1.19 ^ place5335/A (sky130_fd_sc_hd__buf_12)
     5    0.04    0.06    0.11    1.30 ^ place5335/X (sky130_fd_sc_hd__buf_12)
                                         net5334 (net)
                  0.06    0.00    1.30 ^ _24783_/S1 (sky130_fd_sc_hd__mux4_2)
     1    0.00    0.08    0.28    1.58 v _24783_/X (sky130_fd_sc_hd__mux4_2)
                                         _08755_ (net)
                  0.08    0.00    1.58 v _24784_/A3 (sky130_fd_sc_hd__mux4_2)
     1    0.04    0.17    0.61    2.20 v _24784_/X (sky130_fd_sc_hd__mux4_2)
                                         _08756_ (net)
                  0.17    0.01    2.20 v _24800_/A0 (sky130_fd_sc_hd__mux4_2)
     2    0.03    0.16    0.61    2.81 v _24800_/X (sky130_fd_sc_hd__mux4_2)
                                         _08772_ (net)
                  0.16    0.00    2.82 v _24861_/A (sky130_fd_sc_hd__xnor2_2)
     1    0.01    0.18    0.24    3.05 ^ _24861_/Y (sky130_fd_sc_hd__xnor2_2)
                                         _08824_ (net)
                  0.18    0.00    3.05 ^ _24862_/B (sky130_fd_sc_hd__xnor2_2)
     1    0.01    0.14    0.14    3.19 ^ _24862_/Y (sky130_fd_sc_hd__xnor2_2)
                                         _00265_ (net)
                  0.14    0.00    3.19 ^ _25338_/CIN (sky130_fd_sc_hd__fa_1)
     1    0.01    0.10    0.46    3.66 v _25338_/SUM (sky130_fd_sc_hd__fa_1)
                                         _12829_ (net)
                  0.10    0.00    3.66 v _25381_/B (sky130_fd_sc_hd__fa_1)
     2    0.01    0.11    0.52    4.18 v _25381_/SUM (sky130_fd_sc_hd__fa_1)
                                         _12869_ (net)
                  0.11    0.00    4.18 v rebuffer7747/A (sky130_fd_sc_hd__buf_4)
     1    0.01    0.03    0.16    4.34 v rebuffer7747/X (sky130_fd_sc_hd__buf_4)
                                         net7746 (net)
                  0.03    0.00    4.34 v _25359_/A (sky130_fd_sc_hd__fa_2)
     2    0.01    0.07    0.38    4.72 v _25359_/COUT (sky130_fd_sc_hd__fa_2)
                                         _00311_ (net)
                  0.07    0.00    4.72 v _13201_/A1 (sky130_fd_sc_hd__a21o_1)
     1    0.01    0.05    0.18    4.90 v _13201_/X (sky130_fd_sc_hd__a21o_1)
                                         _09316_ (net)
                  0.05    0.00    4.90 v _13202_/A2 (sky130_fd_sc_hd__a21oi_2)
     2    0.01    0.15    0.17    5.07 ^ _13202_/Y (sky130_fd_sc_hd__a21oi_2)
                                         _09317_ (net)
                  0.15    0.00    5.07 ^ _13205_/A2 (sky130_fd_sc_hd__o211ai_1)
     2    0.01    0.13    0.15    5.22 v _13205_/Y (sky130_fd_sc_hd__o211ai_1)
                                         _09320_ (net)
                  0.13    0.00    5.22 v _13209_/B (sky130_fd_sc_hd__nand2_2)
     4    0.02    0.12    0.15    5.37 ^ _13209_/Y (sky130_fd_sc_hd__nand2_2)
                                         _09324_ (net)
                  0.12    0.00    5.37 ^ _13840_/A2 (sky130_fd_sc_hd__o21a_1)
     1    0.01    0.07    0.14    5.51 ^ _13840_/X (sky130_fd_sc_hd__o21a_1)
                                         _09945_ (net)
                  0.07    0.00    5.51 ^ _13841_/A2 (sky130_fd_sc_hd__o21ai_2)
     1    0.01    0.08    0.07    5.58 v _13841_/Y (sky130_fd_sc_hd__o21ai_2)
                                         _09946_ (net)
                  0.08    0.00    5.58 v _13842_/A2 (sky130_fd_sc_hd__a21oi_2)
     2    0.01    0.13    0.18    5.76 ^ _13842_/Y (sky130_fd_sc_hd__a21oi_2)
                                         _09947_ (net)
                  0.13    0.00    5.76 ^ _13843_/A1 (sky130_fd_sc_hd__o21bai_1)
     1    0.01    0.07    0.11    5.87 v _13843_/Y (sky130_fd_sc_hd__o21bai_1)
                                         _09948_ (net)
                  0.07    0.00    5.87 v _13844_/A2 (sky130_fd_sc_hd__a21oi_2)
     2    0.01    0.16    0.19    6.06 ^ _13844_/Y (sky130_fd_sc_hd__a21oi_2)
                                         _09949_ (net)
                  0.16    0.00    6.06 ^ _13948_/A (sky130_fd_sc_hd__xnor2_1)
     1    0.00    0.13    0.14    6.19 ^ _13948_/Y (sky130_fd_sc_hd__xnor2_1)
                                         _10051_ (net)
                  0.13    0.00    6.19 ^ _13949_/B (sky130_fd_sc_hd__nand2_1)
     1    0.01    0.18    0.12    6.31 v _13949_/Y (sky130_fd_sc_hd__nand2_1)
                                         _10052_ (net)
                  0.18    0.00    6.31 v _13950_/B1 (sky130_fd_sc_hd__o21ai_4)
     2    0.02    0.17    0.13    6.44 ^ _13950_/Y (sky130_fd_sc_hd__o21ai_4)
                                         _10053_ (net)
                  0.17    0.00    6.45 ^ _13953_/A (sky130_fd_sc_hd__inv_4)
     1    0.03    0.06    0.07    6.52 v _13953_/Y (sky130_fd_sc_hd__inv_4)
                                         _00060_ (net)
                  0.06    0.00    6.52 v _25219_/A (sky130_fd_sc_hd__fa_1)
     1    0.01    0.09    0.56    7.08 ^ _25219_/SUM (sky130_fd_sc_hd__fa_1)
                                         _12597_ (net)
                  0.09    0.00    7.08 ^ _25217_/B (sky130_fd_sc_hd__fa_1)
     1    0.01    0.10    0.45    7.53 v _25217_/SUM (sky130_fd_sc_hd__fa_1)
                                         _12589_ (net)
                  0.10    0.00    7.53 v _25215_/A (sky130_fd_sc_hd__fa_1)
     1    0.01    0.12    0.61    8.14 ^ _25215_/SUM (sky130_fd_sc_hd__fa_1)
                                         _12592_ (net)
                  0.12    0.00    8.14 ^ _25452_/A (sky130_fd_sc_hd__ha_4)
     2    0.01    0.04    0.22    8.36 v _25452_/SUM (sky130_fd_sc_hd__ha_4)
                                         _00476_ (net)
                  0.04    0.00    8.36 v place4611/A (sky130_fd_sc_hd__buf_6)
     2    0.01    0.02    0.11    8.47 v place4611/X (sky130_fd_sc_hd__buf_6)
                                         net4610 (net)
                  0.02    0.00    8.47 v _16490_/A1 (sky130_fd_sc_hd__a21o_1)
     1    0.00    0.03    0.14    8.61 v _16490_/X (sky130_fd_sc_hd__a21o_1)
                                         _12459_ (net)
                  0.03    0.00    8.61 v _16491_/A2 (sky130_fd_sc_hd__a21oi_1)
     1    0.00    0.10    0.13    8.74 ^ _16491_/Y (sky130_fd_sc_hd__a21oi_1)
                                         _12460_ (net)
                  0.10    0.00    8.74 ^ _16492_/B1 (sky130_fd_sc_hd__o21ai_1)
     2    0.01    0.07    0.10    8.84 v _16492_/Y (sky130_fd_sc_hd__o21ai_1)
                                         _12461_ (net)
                  0.07    0.00    8.84 v _16493_/A1 (sky130_fd_sc_hd__a21oi_1)
     1    0.00    0.13    0.14    8.98 ^ _16493_/Y (sky130_fd_sc_hd__a21oi_1)
                                         _12462_ (net)
                  0.13    0.00    8.98 ^ _16494_/B1 (sky130_fd_sc_hd__o31a_1)
     2    0.02    0.25    0.30    9.28 ^ _16494_/X (sky130_fd_sc_hd__o31a_1)
                                         _12463_ (net)
                  0.25    0.00    9.28 ^ _16524_/A1 (sky130_fd_sc_hd__o21bai_1)
     1    0.01    0.08    0.13    9.41 v _16524_/Y (sky130_fd_sc_hd__o21bai_1)
                                         _12485_ (net)
                  0.08    0.00    9.41 v _16525_/B (sky130_fd_sc_hd__xor2_1)
     2    0.01    0.10    0.18    9.60 v _16525_/X (sky130_fd_sc_hd__xor2_1)
                                         _00021_ (net)
                  0.10    0.00    9.60 v _25203_/A (sky130_fd_sc_hd__fa_1)
     1    0.01    0.11    0.60   10.20 ^ _25203_/SUM (sky130_fd_sc_hd__fa_1)
                                         _12566_ (net)
                  0.11    0.00   10.20 ^ _25403_/B (sky130_fd_sc_hd__ha_4)
     4    0.02    0.06    0.23   10.43 v _25403_/SUM (sky130_fd_sc_hd__ha_4)
                                         _00389_ (net)
                  0.06    0.00   10.43 v _17790_/A2 (sky130_fd_sc_hd__a21oi_4)
     2    0.01    0.15    0.18   10.61 ^ _17790_/Y (sky130_fd_sc_hd__a21oi_4)
                                         _04138_ (net)
                  0.15    0.00   10.61 ^ _17791_/B (sky130_fd_sc_hd__nor2_4)
     2    0.01    0.04    0.06   10.67 v _17791_/Y (sky130_fd_sc_hd__nor2_4)
                                         _04139_ (net)
                  0.04    0.00   10.67 v place4342/A (sky130_fd_sc_hd__buf_6)
     1    0.00    0.02    0.10   10.77 v place4342/X (sky130_fd_sc_hd__buf_6)
                                         net4341 (net)
                  0.02    0.00   10.77 v _17960_/D (sky130_fd_sc_hd__or4_4)
     2    0.01    0.10    0.44   11.21 v _17960_/X (sky130_fd_sc_hd__or4_4)
                                         _04308_ (net)
                  0.10    0.00   11.21 v _17966_/A2 (sky130_fd_sc_hd__o21ai_4)
     3    0.02    0.17    0.19   11.40 ^ _17966_/Y (sky130_fd_sc_hd__o21ai_4)
                                         _04314_ (net)
                  0.17    0.00   11.40 ^ _17967_/B (sky130_fd_sc_hd__nor2_2)
     1    0.01    0.04    0.05   11.45 v _17967_/Y (sky130_fd_sc_hd__nor2_2)
                                         _04315_ (net)
                  0.04    0.00   11.45 v _17968_/A2 (sky130_fd_sc_hd__o21ai_1)
     1    0.00    0.13    0.14   11.59 ^ _17968_/Y (sky130_fd_sc_hd__o21ai_1)
                                         _04316_ (net)
                  0.13    0.00   11.59 ^ _17969_/B (sky130_fd_sc_hd__nand2b_1)
     2    0.01    0.12    0.14   11.72 v _17969_/Y (sky130_fd_sc_hd__nand2b_1)
                                         _04317_ (net)
                  0.12    0.00   11.73 v _17970_/B (sky130_fd_sc_hd__xor2_2)
     2    0.01    0.08    0.19   11.91 v _17970_/X (sky130_fd_sc_hd__xor2_2)
                                         _04318_ (net)
                  0.08    0.00   11.91 v _25050_/A (sky130_fd_sc_hd__nor3_2)
     1    0.01    0.19    0.23   12.15 ^ _25050_/Y (sky130_fd_sc_hd__nor3_2)
                                         _08972_ (net)
                  0.19    0.00   12.15 ^ _25051_/B (sky130_fd_sc_hd__xnor2_1)
     1    0.00    0.12    0.14   12.29 ^ _25051_/Y (sky130_fd_sc_hd__xnor2_1)
                                         _08973_ (net)
                  0.12    0.00   12.29 ^ _25053_/A2 (sky130_fd_sc_hd__o21ai_1)
     1    0.00    0.14    0.08   12.37 v _25053_/Y (sky130_fd_sc_hd__o21ai_1)
                                         _03136_ (net)
                  0.14    0.00   12.37 v digest[255]$_DFFE_PN0P_/D (sky130_fd_sc_hd__dfrtp_1)
                                 12.37   data arrival time

                  0.00   10.00   10.00   clock core_clock (rise edge)
                          0.00   10.00   clock network delay (ideal)
                          0.00   10.00   clock reconvergence pessimism
                                 10.00 ^ digest[255]$_DFFE_PN0P_/CLK (sky130_fd_sc_hd__dfrtp_1)
                         -0.17    9.83   library setup time
                                  9.83   data required time
-----------------------------------------------------------------------------
                                  9.83   data required time
                                -12.37   data arrival time
-----------------------------------------------------------------------------
                                 -2.53   slack (VIOLATED)


Startpoint: digest[4]$_DFFE_PN0P_
            (rising edge-triggered flip-flop clocked by core_clock)
Endpoint: digest[4] (output port clocked by vclk)
Path Group: vclk
Path Type: max

Fanout     Cap    Slew   Delay    Time   Description
-----------------------------------------------------------------------------
                  0.00    0.00    0.00   clock core_clock (rise edge)
                          0.00    0.00   clock network delay (ideal)
                  0.00    0.00    0.00 ^ digest[4]$_DFFE_PN0P_/CLK (sky130_fd_sc_hd__dfrtp_1)
     2    0.06    0.51    0.63    0.63 ^ digest[4]$_DFFE_PN0P_/Q (sky130_fd_sc_hd__dfrtp_1)
                                         net715 (net)
                  0.51    0.01    0.65 ^ output716/A (sky130_fd_sc_hd__clkdlybuf4s50_1)
     1    0.00    0.06    0.59    1.23 ^ output716/X (sky130_fd_sc_hd__clkdlybuf4s50_1)
                                         digest[4] (net)
                  0.06    0.00    1.23 ^ digest[4] (out)
                                  1.23   data arrival time

                  0.00   10.00   10.00   clock vclk (rise edge)
                          0.00   10.00   clock network delay (ideal)
                          0.00   10.00   clock reconvergence pessimism
                         -2.00    8.00   output external delay
                                  8.00   data required time
-----------------------------------------------------------------------------
                                  8.00   data required time
                                 -1.23   data arrival time
-----------------------------------------------------------------------------
                                  6.77   slack (MET)



==========================================================================
resizer report_check_types -max_slew -max_cap -max_fanout -violators
--------------------------------------------------------------------------

==========================================================================
resizer max_slew_check_slack
--------------------------------------------------------------------------
0.3283654451370239

==========================================================================
resizer max_slew_check_limit
--------------------------------------------------------------------------
1.5

==========================================================================
resizer max_slew_check_slack_limit
--------------------------------------------------------------------------
0.2189

==========================================================================
resizer max_fanout_check_slack
--------------------------------------------------------------------------
1.0000000150474662e+30

==========================================================================
resizer max_fanout_check_limit
--------------------------------------------------------------------------
1.0000000150474662e+30

==========================================================================
resizer max_capacitance_check_slack
--------------------------------------------------------------------------
0.0102144256234169

==========================================================================
resizer max_capacitance_check_limit
--------------------------------------------------------------------------
0.021067000925540924

==========================================================================
resizer max_capacitance_check_slack_limit
--------------------------------------------------------------------------
0.4849

==========================================================================
resizer max_slew_violation_count
--------------------------------------------------------------------------
max slew violation count 0

==========================================================================
resizer max_fanout_violation_count
--------------------------------------------------------------------------
max fanout violation count 0

==========================================================================
resizer max_cap_violation_count
--------------------------------------------------------------------------
max cap violation count 0

==========================================================================
resizer setup_violation_count
--------------------------------------------------------------------------
setup violation count 103

==========================================================================
resizer hold_violation_count
--------------------------------------------------------------------------
hold violation count 0

==========================================================================
resizer report_checks -path_delay max reg to reg
--------------------------------------------------------------------------
Startpoint: round[1]$_DFFE_PN0P_
            (rising edge-triggered flip-flop clocked by core_clock)
Endpoint: digest[255]$_DFFE_PN0P_
          (rising edge-triggered flip-flop clocked by core_clock)
Path Group: core_clock
Path Type: max

  Delay    Time   Description
---------------------------------------------------------
   0.00    0.00   clock core_clock (rise edge)
   0.00    0.00   clock network delay (ideal)
   0.00    0.00 ^ round[1]$_DFFE_PN0P_/CLK (sky130_fd_sc_hd__dfrtp_4)
   0.45    0.45 ^ round[1]$_DFFE_PN0P_/Q (sky130_fd_sc_hd__dfrtp_4)
   0.07    0.51 v _12950_/Y (sky130_fd_sc_hd__clkinv_4)
   0.36    0.87 ^ _25435_/SUM (sky130_fd_sc_hd__ha_4)
   0.18    1.05 ^ place5353/X (sky130_fd_sc_hd__buf_16)
   0.14    1.19 ^ rebuffer7760/X (sky130_fd_sc_hd__buf_6)
   0.11    1.30 ^ place5335/X (sky130_fd_sc_hd__buf_12)
   0.28    1.58 v _24783_/X (sky130_fd_sc_hd__mux4_2)
   0.61    2.20 v _24784_/X (sky130_fd_sc_hd__mux4_2)
   0.62    2.81 v _24800_/X (sky130_fd_sc_hd__mux4_2)
   0.24    3.05 ^ _24861_/Y (sky130_fd_sc_hd__xnor2_2)
   0.14    3.19 ^ _24862_/Y (sky130_fd_sc_hd__xnor2_2)
   0.47    3.66 v _25338_/SUM (sky130_fd_sc_hd__fa_1)
   0.52    4.18 v _25381_/SUM (sky130_fd_sc_hd__fa_1)
   0.16    4.34 v rebuffer7747/X (sky130_fd_sc_hd__buf_4)
   0.38    4.72 v _25359_/COUT (sky130_fd_sc_hd__fa_2)
   0.18    4.90 v _13201_/X (sky130_fd_sc_hd__a21o_1)
   0.17    5.07 ^ _13202_/Y (sky130_fd_sc_hd__a21oi_2)
   0.15    5.22 v _13205_/Y (sky130_fd_sc_hd__o211ai_1)
   0.15    5.37 ^ _13209_/Y (sky130_fd_sc_hd__nand2_2)
   0.14    5.51 ^ _13840_/X (sky130_fd_sc_hd__o21a_1)
   0.07    5.58 v _13841_/Y (sky130_fd_sc_hd__o21ai_2)
   0.18    5.76 ^ _13842_/Y (sky130_fd_sc_hd__a21oi_2)
   0.11    5.87 v _13843_/Y (sky130_fd_sc_hd__o21bai_1)
   0.19    6.06 ^ _13844_/Y (sky130_fd_sc_hd__a21oi_2)
   0.14    6.19 ^ _13948_/Y (sky130_fd_sc_hd__xnor2_1)
   0.12    6.31 v _13949_/Y (sky130_fd_sc_hd__nand2_1)
   0.13    6.44 ^ _13950_/Y (sky130_fd_sc_hd__o21ai_4)
   0.08    6.52 v _13953_/Y (sky130_fd_sc_hd__inv_4)
   0.56    7.08 ^ _25219_/SUM (sky130_fd_sc_hd__fa_1)
   0.45    7.53 v _25217_/SUM (sky130_fd_sc_hd__fa_1)
   0.61    8.14 ^ _25215_/SUM (sky130_fd_sc_hd__fa_1)
   0.22    8.36 v _25452_/SUM (sky130_fd_sc_hd__ha_4)
   0.11    8.47 v place4611/X (sky130_fd_sc_hd__buf_6)
   0.14    8.61 v _16490_/X (sky130_fd_sc_hd__a21o_1)
   0.13    8.74 ^ _16491_/Y (sky130_fd_sc_hd__a21oi_1)
   0.10    8.84 v _16492_/Y (sky130_fd_sc_hd__o21ai_1)
   0.14    8.98 ^ _16493_/Y (sky130_fd_sc_hd__a21oi_1)
   0.30    9.28 ^ _16494_/X (sky130_fd_sc_hd__o31a_1)
   0.13    9.41 v _16524_/Y (sky130_fd_sc_hd__o21bai_1)
   0.18    9.60 v _16525_/X (sky130_fd_sc_hd__xor2_1)
   0.60   10.20 ^ _25203_/SUM (sky130_fd_sc_hd__fa_1)
   0.23   10.43 v _25403_/SUM (sky130_fd_sc_hd__ha_4)
   0.18   10.61 ^ _17790_/Y (sky130_fd_sc_hd__a21oi_4)
   0.06   10.67 v _17791_/Y (sky130_fd_sc_hd__nor2_4)
   0.10   10.77 v place4342/X (sky130_fd_sc_hd__buf_6)
   0.44   11.21 v _17960_/X (sky130_fd_sc_hd__or4_4)
   0.19   11.40 ^ _17966_/Y (sky130_fd_sc_hd__o21ai_4)
   0.05   11.45 v _17967_/Y (sky130_fd_sc_hd__nor2_2)
   0.14   11.59 ^ _17968_/Y (sky130_fd_sc_hd__o21ai_1)
   0.14   11.72 v _17969_/Y (sky130_fd_sc_hd__nand2b_1)
   0.19   11.91 v _17970_/X (sky130_fd_sc_hd__xor2_2)
   0.23   12.15 ^ _25050_/Y (sky130_fd_sc_hd__nor3_2)
   0.14   12.29 ^ _25051_/Y (sky130_fd_sc_hd__xnor2_1)
   0.08   12.37 v _25053_/Y (sky130_fd_sc_hd__o21ai_1)
   0.00   12.37 v digest[255]$_DFFE_PN0P_/D (sky130_fd_sc_hd__dfrtp_1)
          12.37   data arrival time

  10.00   10.00   clock core_clock (rise edge)
   0.00   10.00   clock network delay (ideal)
   0.00   10.00   clock reconvergence pessimism
          10.00 ^ digest[255]$_DFFE_PN0P_/CLK (sky130_fd_sc_hd__dfrtp_1)
  -0.17    9.83   library setup time
           9.83   data required time
---------------------------------------------------------
           9.83   data required time
         -12.37   data arrival time
---------------------------------------------------------
          -2.53   slack (VIOLATED)



==========================================================================
resizer report_checks -path_delay min reg to reg
--------------------------------------------------------------------------
Startpoint: digest[80]$_DFFE_PN0P_
            (rising edge-triggered flip-flop clocked by core_clock)
Endpoint: digest[80]$_DFFE_PN0P_
          (rising edge-triggered flip-flop clocked by core_clock)
Path Group: core_clock
Path Type: min

  Delay    Time   Description
---------------------------------------------------------
   0.00    0.00   clock core_clock (rise edge)
   0.00    0.00   clock network delay (ideal)
   0.00    0.00 ^ digest[80]$_DFFE_PN0P_/CLK (sky130_fd_sc_hd__dfrtp_1)
   0.32    0.32 ^ digest[80]$_DFFE_PN0P_/Q (sky130_fd_sc_hd__dfrtp_1)
   0.05    0.37 v _18955_/Y (sky130_fd_sc_hd__nand2_1)
   0.05    0.42 ^ _18958_/Y (sky130_fd_sc_hd__nand2_1)
   0.00    0.42 ^ digest[80]$_DFFE_PN0P_/D (sky130_fd_sc_hd__dfrtp_1)
           0.42   data arrival time

   0.00    0.00   clock core_clock (rise edge)
   0.00    0.00   clock network delay (ideal)
   0.00    0.00   clock reconvergence pessimism
           0.00 ^ digest[80]$_DFFE_PN0P_/CLK (sky130_fd_sc_hd__dfrtp_1)
  -0.04   -0.04   library hold time
          -0.04   data required time
---------------------------------------------------------
          -0.04   data required time
          -0.42   data arrival time
---------------------------------------------------------
           0.46   slack (MET)



==========================================================================
resizer critical path target clock latency max path
--------------------------------------------------------------------------
0.0000

==========================================================================
resizer critical path target clock latency min path
--------------------------------------------------------------------------
0.0000

==========================================================================
resizer critical path source clock latency min path
--------------------------------------------------------------------------
0.0000

==========================================================================
resizer critical path delay
--------------------------------------------------------------------------
12.3661

==========================================================================
resizer critical path slack
--------------------------------------------------------------------------
-2.5329

==========================================================================
resizer slack div critical path delay
--------------------------------------------------------------------------
-20.482610

==========================================================================
resizer report_power
--------------------------------------------------------------------------
Group                  Internal  Switching    Leakage      Total
                          Power      Power      Power      Power (Watts)
----------------------------------------------------------------
Sequential             1.56e-02   3.11e-03   3.40e-08   1.87e-02   2.8%
Combinational          3.20e-01   3.28e-01   5.55e-08   6.48e-01  97.2%
Clock                  0.00e+00   0.00e+00   0.00e+00   0.00e+00   0.0%
Macro                  0.00e+00   0.00e+00   0.00e+00   0.00e+00   0.0%
Pad                    0.00e+00   0.00e+00   0.00e+00   0.00e+00   0.0%
----------------------------------------------------------------
Total                  3.36e-01   3.31e-01   8.96e-08   6.67e-01 100.0%
                          50.3%      49.7%       0.0%
