make: Entering directory '/root/OpenROAD-flow-scripts/flow'
./logs/sky130hd/chia_sha256_benchmark_corrupted/slot0
Log                       Ext     Elapsed/s Peak Memory/MB sha1sum result [0:20)
1_1_yosys_canonicalize    .rtlil          0             61 f3d5bb585136679b4dd0
1_2_yosys                 .v             14            110 adc387379b271f3fa690
1_2_yosys                 .sdc                             d994ccf4591c36c3cf01
1_synth                   .odb            0            164 8aa68d7a1037e1458e30
1_synth                   .sdc                             c6a9cbf95dcafd36e04a
2_1_floorplan             .odb           20            201 275be8dc1b52be81c3cd
2_1_floorplan             .sdc                             c6a9cbf95dcafd36e04a
2_2_floorplan_macro       .odb            0            147 275be8dc1b52be81c3cd
2_3_floorplan_tapcell     .odb            0            141 0059a1a5387c5668c53c
2_4_floorplan_pdn         .odb            0            166 3d499151822f90b53443
3_1_place_gp_skip_io      .odb            2            175 7c1d4779e94386029ffd
3_2_place_iop             .odb            0            155 588b80ca41572038eba8
3_3_place_gp              .odb           28            464 1cf71092df35aa6946af
3_4_place_resized         .odb           16            308 c8237f3cfc5aeb4d893c
3_5_place_dp              .odb            6            239 afa090536a1a5d102e7c
4_1_cts                   .odb           73            371 a584547a6eb8c0e56820
5_1_grt                   .odb          290            599 a2a462c94c0530c581a0
5_1_grt                   .sdc                             fbd418ede1419026c9bf
5_2_route                 .odb         2357           1587 22e23b2d4d84d04e6043
5_3_fillcell              .odb            0            221 509a153c390de69a9004
6_1_fill                  .odb            0            185 509a153c390de69a9004
6_1_fill                  .sdc                             fbd418ede1419026c9bf
6_1_merge                                 1            521                  N/A
6_report                                 18            540                  N/A
Total                                  2825           1587                     
mkdir -p ./reports/sky130hd/chia_sha256_benchmark_corrupted/slot0
echo /root/chia-orfs/rtl_to_gds_designs/sky130hd/chia_sha256_benchmark_corrupted > ./reports/sky130hd/chia_sha256_benchmark_corrupted/slot0/design-dir.txt
/opt/miniconda/envs/chia_env/bin/python3 /root/OpenROAD-flow-scripts/flow/util/genMetrics.py -d chia_sha256_benchmark_corrupted \
    -p sky130hd \
    -v slot0 \
    --logs ./logs/sky130hd/chia_sha256_benchmark_corrupted/slot0 \
    --reports ./reports/sky130hd/chia_sha256_benchmark_corrupted/slot0 \
    --results ./results/sky130hd/chia_sha256_benchmark_corrupted/slot0 \
    -o ./reports/sky130hd/chia_sha256_benchmark_corrupted/slot0/metadata.json 2>&1 \
    | tee /root/OpenROAD-flow-scripts/flow/reports/sky130hd/chia_sha256_benchmark_corrupted/slot0/metadata-generate.log
[WARN] not a git repo: /root/OpenROAD-flow-scripts/flow/util/../
[WARN] not a git repo: /root/OpenROAD-flow-scripts/flow/platforms/sky130hd
[WARN] Tag globalroute__timing__clock__slack not found in ./logs/sky130hd/chia_sha256_benchmark_corrupted/slot0/5_1_grt.log. Will use N/A.
[WARN] Overwriting Tag synth__runtime__total
[WARN] Overwriting Tag synth__cpu__total
[WARN] Overwriting Tag synth__mem__peak
[WARN] Overwriting Tag finish__runtime__total
[WARN] Overwriting Tag finish__cpu__total
[WARN] Overwriting Tag finish__mem__peak
/opt/miniconda/envs/chia_env/bin/python3 /root/OpenROAD-flow-scripts/flow/util/checkMetadata.py \
    -m ./reports/sky130hd/chia_sha256_benchmark_corrupted/slot0/metadata.json \
    -r /root/chia-orfs/rtl_to_gds_designs/sky130hd/chia_sha256_benchmark_corrupted/rules-slot0.json 2>&1 \
    | tee /root/OpenROAD-flow-scripts/flow/reports/sky130hd/chia_sha256_benchmark_corrupted/slot0/metadata-check.log
[WARN] File /root/chia-orfs/rtl_to_gds_designs/sky130hd/chia_sha256_benchmark_corrupted/rules-slot0.json not found
No rules
make: Leaving directory '/root/OpenROAD-flow-scripts/flow'

STDERR:
bash: /opt/miniconda/lib/libtinfo.so.6: no version information available (required by bash)
bash: /opt/miniconda/lib/libtinfo.so.6: no version information available (required by bash)
bash: /opt/miniconda/lib/libtinfo.so.6: no version information available (required by bash)
bash: /opt/miniconda/lib/libtinfo.so.6: no version information available (required by bash)
bash: /opt/miniconda/lib/libtinfo.so.6: no version information available (required by bash)
bash: /opt/miniconda/lib/libtinfo.so.6: no version information available (required by bash)
bash: /opt/miniconda/lib/libtinfo.so.6: no version information available (required by bash)
bash: /opt/miniconda/lib/libtinfo.so.6: no version information available (required by bash)
bash: /opt/miniconda/lib/libtinfo.so.6: no version information available (required by bash)
bash: /opt/miniconda/lib/libtinfo.so.6: no version information available (required by bash)
bash: /opt/miniconda/lib/libtinfo.so.6: no version information available (required by bash)
bash: /opt/miniconda/lib/libtinfo.so.6: no version information available (required by bash)
bash: /opt/miniconda/lib/libtinfo.so.6: no version information available (required by bash)
bash: /opt/miniconda/lib/libtinfo.so.6: no version information available (required by bash)
bash: /opt/miniconda/lib/libtinfo.so.6: no version information available (required by bash)
bash: /opt/miniconda/lib/libtinfo.so.6: no version information available (required by bash)
bash: /opt/miniconda/lib/libtinfo.so.6: no version information available (required by bash)
bash: /opt/miniconda/lib/libtinfo.so.6: no version information available (required by bash)
bash: /opt/miniconda/lib/libtinfo.so.6: no version information available (required by bash)
bash: /opt/miniconda/lib/libtinfo.so.6: no version information available (required by bash)
bash: /opt/miniconda/lib/libtinfo.so.6: no version information available (required by bash)
bash: /opt/miniconda/lib/libtinfo.so.6: no version information available (required by bash)
bash: /opt/miniconda/lib/libtinfo.so.6: no version information available (required by bash)
bash: /opt/miniconda/lib/libtinfo.so.6: no version information available (required by bash)
bash: /opt/miniconda/lib/libtinfo.so.6: no version information available (required by bash)
bash: /opt/miniconda/lib/libtinfo.so.6: no version information available (required by bash)
bash: /opt/miniconda/lib/libtinfo.so.6: no version information available (required by bash)
bash: /opt/miniconda/lib/libtinfo.so.6: no version information available (required by bash)
bash: /opt/miniconda/lib/libtinfo.so.6: no version information available (required by bash)
bash: /opt/miniconda/lib/libtinfo.so.6: no version information available (required by bash)
bash: /opt/miniconda/lib/libtinfo.so.6: no version information available (required by bash)
bash: /opt/miniconda/lib/libtinfo.so.6: no version information available (required by bash)
bash: /opt/miniconda/lib/libtinfo.so.6: no version information available (required by bash)
bash: /opt/miniconda/lib/libtinfo.so.6: no version information available (required by bash)
bash: /opt/miniconda/lib/libtinfo.so.6: no version information available (required by bash)
bash: /opt/miniconda/lib/libtinfo.so.6: no version information available (required by bash)
bash: /opt/miniconda/lib/libtinfo.so.6: no version information available (required by bash)
bash: /opt/miniconda/lib/libtinfo.so.6: no version information available (required by bash)
bash: /opt/miniconda/lib/libtinfo.so.6: no version information available (required by bash)
make: *** [/root/OpenROAD-flow-scripts/flow/util/utils.mk:36: metadata-check] Error 1
