make: Entering directory '/root/OpenROAD-flow-scripts/flow'
/root/OpenROAD-flow-scripts/flow/scripts/flow.sh 5_1_grt global_route
Running global_route.tcl, stage 5_1_grt
read_liberty /root/OpenROAD-flow-scripts/flow/platforms/sky130hs/lib/sky130_fd_sc_hs__tt_025C_1v80.lib
read_db ./results/sky130hs/gcd/slot1/4_cts.odb
read_sdc ./results/sky130hs/gcd/slot1/4_cts.sdc
source /root/OpenROAD-flow-scripts/flow/platforms/sky130hs/setRC.tcl
pin_access
[INFO DRT-0149] Reading tech and libs.
[WARNING DRT-0349] LEF58_ENCLOSURE with no CUTCLASS is not supported. Skipping for layer mcon
[WARNING DRT-0349] LEF58_ENCLOSURE with no CUTCLASS is not supported. Skipping for layer mcon
[WARNING DRT-0349] LEF58_ENCLOSURE with no CUTCLASS is not supported. Skipping for layer via
[WARNING DRT-0349] LEF58_ENCLOSURE with no CUTCLASS is not supported. Skipping for layer via
[WARNING DRT-0349] LEF58_ENCLOSURE with no CUTCLASS is not supported. Skipping for layer via2
[WARNING DRT-0349] LEF58_ENCLOSURE with no CUTCLASS is not supported. Skipping for layer via2
[WARNING DRT-0349] LEF58_ENCLOSURE with no CUTCLASS is not supported. Skipping for layer via3
[WARNING DRT-0349] LEF58_ENCLOSURE with no CUTCLASS is not supported. Skipping for layer via3
[WARNING DRT-0349] LEF58_ENCLOSURE with no CUTCLASS is not supported. Skipping for layer via4
[WARNING DRT-0349] LEF58_ENCLOSURE with no CUTCLASS is not supported. Skipping for layer via4

Units:                1000
Number of layers:     13
Number of macros:     390
Number of vias:       29
Number of viarulegen: 25

[INFO DRT-0150] Reading design.

Design:                   gcd
Die area:                 ( 0 0 ) ( 91235 91235 )
Number of track patterns: 12
Number of DEF vias:       0
Number of components:     588
Number of terminals:      56
Number of snets:          2
Number of nets:           537

[INFO DRT-0167] List of default vias:
  Layer via
    default via: M1M2_PR
  Layer via2
    default via: M2M3_PR
  Layer via3
    default via: M3M4_PR
  Layer via4
    default via: M4M5_PR
[INFO DRT-0162] Library cell analysis.
[INFO DRT-0163] Instance analysis.
[INFO DRT-0164] Number of unique instances = 76.
[INFO DRT-0168] Init region query.
[INFO DRT-0024]   Complete FR_MASTERSLICE.
[INFO DRT-0024]   Complete Fr_VIA.
[INFO DRT-0024]   Complete li1.
[INFO DRT-0024]   Complete mcon.
[INFO DRT-0024]   Complete met1.
[INFO DRT-0024]   Complete via.
[INFO DRT-0024]   Complete met2.
[INFO DRT-0024]   Complete via2.
[INFO DRT-0024]   Complete met3.
[INFO DRT-0024]   Complete via3.
[INFO DRT-0024]   Complete met4.
[INFO DRT-0024]   Complete via4.
[INFO DRT-0024]   Complete met5.
[INFO DRT-0033] FR_MASTERSLICE shape region query size = 0.
[INFO DRT-0033] FR_VIA shape region query size = 0.
[INFO DRT-0033] li1 shape region query size = 11295.
[INFO DRT-0033] mcon shape region query size = 6510.
[INFO DRT-0033] met1 shape region query size = 2411.
[INFO DRT-0033] via shape region query size = 405.
[INFO DRT-0033] met2 shape region query size = 270.
[INFO DRT-0033] via2 shape region query size = 324.
[INFO DRT-0033] met3 shape region query size = 270.
[INFO DRT-0033] via3 shape region query size = 324.
[INFO DRT-0033] met4 shape region query size = 105.
[INFO DRT-0033] via4 shape region query size = 18.
[INFO DRT-0033] met5 shape region query size = 30.
[INFO DRT-0165] Start pin access.
[INFO DRT-0078]   Complete 538 pins.
[INFO DRT-0081]   Complete 76 unique inst patterns.
[INFO DRT-0084]   Complete 287 groups.
#scanned instances     = 588
#unique  instances     = 76
#stdCellGenAp          = 1576
#stdCellValidPlanarAp  = 0
#stdCellValidViaAp     = 1260
#stdCellPinNoAp        = 0
#stdCellPinCnt         = 1518
#instTermValidViaApCnt = 0
#macroGenAp            = 0
#macroValidPlanarAp    = 0
#macroValidViaAp       = 0
#macroNoAp             = 0
[INFO DRT-0166] Complete pin access.
[INFO DRT-0267] cpu time = 00:00:06, elapsed time = 00:00:06, memory = 150.24 (MB), peak = 150.24 (MB)
Took 7 seconds: pin_access
global_route -congestion_report_file ./reports/sky130hs/gcd/slot1/congestion.rpt -congestion_iterations 30 -congestion_report_iter_step 5 -verbose
[INFO GRT-0020] Min routing layer: met1
[INFO GRT-0021] Max routing layer: met5
[INFO GRT-0022] Global adjustment: 0%
[INFO GRT-0023] Grid origin: (0, 0)
[INFO GRT-0088] Layer li1     Track-Pitch = 0.4800  line-2-Via Pitch: 0.3400
[INFO GRT-0088] Layer met1    Track-Pitch = 0.3700  line-2-Via Pitch: 0.3400
[INFO GRT-0088] Layer met2    Track-Pitch = 0.4800  line-2-Via Pitch: 0.3500
[INFO GRT-0088] Layer met3    Track-Pitch = 0.7400  line-2-Via Pitch: 0.6150
[INFO GRT-0088] Layer met4    Track-Pitch = 0.9600  line-2-Via Pitch: 1.0400
[INFO GRT-0088] Layer met5    Track-Pitch = 3.3300  line-2-Via Pitch: 3.1100
[INFO GRT-0003] Macros: 0
[INFO GRT-0004] Blockages: 196
[INFO GRT-0019] Found 6 clock nets.
[INFO GRT-0001] Minimum degree: 2
[INFO GRT-0002] Maximum degree: 22

[INFO GRT-0053] Routing resources analysis:
          Routing      Original      Derated      Resource
Layer     Direction    Resources     Resources    Reduction (%)
---------------------------------------------------------------
li1        Vertical            0             0          0.00%
met1       Horizontal       2242          1723          23.15%
met2       Vertical         1815          1397          23.03%
met3       Horizontal       1293          1012          21.73%
met4       Vertical          891           627          29.63%
met5       Horizontal        209           143          31.58%
---------------------------------------------------------------

[INFO GRT-0197] Via related to pin nodes: 2415
[INFO GRT-0198] Via related Steiner nodes: 26
[INFO GRT-0199] Via filling finished.
[INFO GRT-0111] Final number of vias: 2936
[INFO GRT-0112] Final usage 3D: 10167

[INFO GRT-0096] Final congestion report:
Layer         Resource        Demand        Usage (%)    Max H / Max V / Total Congestion
---------------------------------------------------------------------------------------
li1                  0             0            0.00%             0 /  0 /  0
met1              1723           664           38.54%             0 /  0 /  0
met2              1397           618           44.24%             0 /  0 /  0
met3              1012            39            3.85%             0 /  0 /  0
met4               627            38            6.06%             0 /  0 /  0
met5               143             0            0.00%             0 /  0 /  0
---------------------------------------------------------------------------------------
Total             4902          1359           27.72%             0 /  0 /  0

[INFO GRT-0018] Total wirelength: 15897 um
[INFO GRT-0014] Routed nets: 537
[INFO GRT-0303] Global routing runtime = 00:00:00
[WARNING STA-0450] virtual clock vclk_core_clock can not be propagated.
estimate_parasitics -global_routing
Perform buffer insertion and gate resizing...
repair_design -verbose
Iteration |   Area    | Resized | Buffers | Nets repaired | Remaining
---------------------------------------------------------------------
        0 |     +0.0% |       0 |       0 |             0 |       540
       10 |     +0.0% |       0 |       0 |             0 |       530
       20 |     +0.0% |       0 |       0 |             0 |       520
       30 |     +0.0% |       0 |       0 |             0 |       510
       40 |     +0.0% |       0 |       0 |             0 |       500
       50 |     +0.0% |       0 |       0 |             0 |       490
       60 |     +0.0% |       0 |       0 |             0 |       480
       70 |     +0.0% |       0 |       0 |             0 |       470
       80 |     +0.0% |       0 |       0 |             0 |       460
       90 |     +0.0% |       0 |       0 |             0 |       450
      100 |     +0.0% |       0 |       0 |             0 |       440
      110 |     +0.0% |       0 |       0 |             0 |       430
      120 |     +0.0% |       0 |       0 |             0 |       420
      130 |     +0.0% |       0 |       0 |             0 |       410
      140 |     +0.0% |       0 |       0 |             0 |       400
      150 |     +0.0% |       0 |       0 |             0 |       390
      160 |     +0.0% |       0 |       0 |             0 |       380
      170 |     +0.0% |       0 |       0 |             0 |       370
      180 |     +0.0% |       0 |       0 |             0 |       360
      190 |     +0.0% |       0 |       0 |             0 |       350
      200 |     +0.0% |       0 |       0 |             0 |       340
      210 |     +0.0% |       0 |       0 |             0 |       330
      220 |     +0.0% |       0 |       0 |             0 |       320
      230 |     +0.0% |       0 |       0 |             0 |       310
      240 |     +0.0% |       0 |       0 |             0 |       300
      250 |     +0.0% |       0 |       0 |             0 |       290
      260 |     +0.0% |       0 |       0 |             0 |       280
      270 |     +0.0% |       0 |       0 |             0 |       270
      280 |     +0.0% |       0 |       0 |             0 |       260
      290 |     +0.0% |       0 |       0 |             0 |       250
      300 |     +0.0% |       0 |       0 |             0 |       240
      310 |     +0.0% |       0 |       0 |             0 |       230
      320 |     +0.0% |       0 |       0 |             0 |       220
      330 |     +0.0% |       0 |       0 |             0 |       210
      340 |     +0.0% |       0 |       0 |             0 |       200
      350 |     +0.0% |       0 |       0 |             0 |       190
      360 |     +0.0% |       0 |       0 |             0 |       180
      370 |     +0.0% |       0 |       0 |             0 |       170
      380 |     +0.0% |       0 |       0 |             0 |       160
      390 |     +0.0% |       0 |       0 |             0 |       150
      400 |     +0.0% |       0 |       0 |             0 |       140
      410 |     +0.0% |       0 |       0 |             0 |       130
      420 |     +0.0% |       0 |       0 |             0 |       120
      430 |     +0.0% |       0 |       0 |             0 |       110
      440 |     +0.0% |       0 |       0 |             0 |       100
      450 |     +0.0% |       0 |       0 |             0 |        90
      460 |     +0.0% |       0 |       0 |             0 |        80
      470 |     +0.0% |       0 |       0 |             0 |        70
      480 |     +0.0% |       0 |       0 |             0 |        60
      490 |     +0.0% |       0 |       0 |             0 |        50
      500 |     +0.0% |       0 |       0 |             0 |        40
      510 |     +0.0% |       0 |       0 |             0 |        30
      520 |     +0.0% |       0 |       0 |             0 |        20
      530 |     +0.0% |       0 |       0 |             0 |        10
      540 |     +0.0% |       0 |       0 |             0 |         0
    final |     +0.0% |       0 |       0 |             0 |         0
---------------------------------------------------------------------
[INFO RSZ-0504] Runtime: 0.02s
global_route -start_incremental
detailed_placement
[INFO DPL-0006] Core area: 7646.75 um^2
[INFO DPL-0007] Movable instances area: 4993.40 um^2
[INFO DPL-0008] Fixed instances area within core: 134.27 um^2
[INFO DPL-0009] Utilization: 67.1%
[INFO DPL-0005] Diamond search max displacement: +/- 500 sites horizontally, +/- 100 rows vertically.
[INFO DPL-1102] Legalizing using negotiation legalizer.
[INFO DPL-1103] Negotiation base search window: +/-20 sites horizontally, +/-5 rows vertically 
	Automatic search window extension enabled.
	Search window extendable up to the max displacement cap of +/-500 sites, +/-100 rows near walls.
[INFO DPL-1104] NegotiationLegalizer DRC penalty: 5.
[INFO DPL-0392] Negotiation cell height distribution (1 unique row-count(s)):
[INFO DPL-0393]   height 1 row(s): 588 cells
[INFO DPL-0500] Runtime: 0.00s
Placement Analysis
---------------------------------
total displacement          0.0 u
average displacement        0.0 u
max displacement            0.0 u
original HPWL            8976.4 u
legalized HPWL           8976.4 u
delta HPWL                    0 %

global_route -end_incremental -congestion_report_file ./reports/sky130hs/gcd/slot1/congestion_post_repair_design.rpt
Repair setup and hold violations...
estimate_parasitics -global_routing
repair_timing -setup_margin 0 -hold_margin 0 -repair_tns 100 -verbose
[INFO RSZ-0100] Repair move sequence: UnbufferMove SizeUpMove SwapPinsMove BufferMove CloneMove SplitLoadMove 
[INFO RSZ-0094] Found 41 endpoints with setup violations.
[INFO RSZ-0099] Repairing 41 out of 41 (100.00%) violating endpoints...
   Iter   | Removed | Resized | Inserted | Cloned |  Pin  |   Area   |    WNS   |   StTNS    |   EnTNS    |  Viol  |  Worst  
          | Buffers |  Gates  | Buffers  |  Gates | Swaps |          |          |            |            | Endpts | St/EnPt 
------------------------------------------------------------------------------------------------------------------------------
       0* |       0 |       0 |        0 |      0 |     0 |    +0.0% |   -0.211 |       -4.4 |       -5.5 |     41 | dpath.b_reg.out\[5\]$_DFFE_PP_/DE
      10* |       0 |       1 |        2 |      0 |     6 |    +0.3% |   -0.199 |       -4.6 |       -5.2 |     41 | dpath.b_reg.out\[1\]$_DFFE_PP_/DE
      16* |       0 |       3 |        2 |      0 |     7 |    +0.5% |   -0.180 |       -4.2 |       -4.9 |     41 | dpath.b_reg.out\[5\]$_DFFE_PP_/DE
      20* |       0 |       3 |        3 |      0 |     9 |    +0.6% |   -0.190 |       -4.3 |       -5.2 |     41 | dpath.b_reg.out\[5\]$_DFFE_PP_/DE
      21* |       0 |       3 |        3 |      0 |     7 |    +0.6% |   -0.175 |       -4.2 |       -4.8 |     41 | dpath.b_reg.out\[5\]$_DFFE_PP_/DE
      23* |       0 |       3 |        4 |      0 |     7 |    +0.7% |   -0.174 |       -4.1 |       -4.8 |     41 | dpath.b_reg.out\[5\]$_DFFE_PP_/DE
      24* |       0 |       3 |        4 |      0 |     7 |    +0.7% |   -0.174 |       -4.1 |       -4.8 |     41 | dpath.b_reg.out\[5\]$_DFFE_PP_/DE
      25* |       0 |       3 |        4 |      0 |     7 |    +0.7% |   -0.174 |       -4.1 |       -4.8 |     41 | dpath.b_reg.out\[5\]$_DFFE_PP_/DE
      26* |       0 |       3 |        4 |      0 |     7 |    +0.7% |   -0.174 |       -4.1 |       -4.8 |     41 | dpath.b_reg.out\[5\]$_DFFE_PP_/DE
      27* |       0 |       3 |        4 |      0 |     7 |    +0.7% |   -0.174 |       -4.1 |       -4.8 |     41 | dpath.b_reg.out\[5\]$_DFFE_PP_/DE
      28* |       0 |       3 |        4 |      0 |     7 |    +0.7% |   -0.174 |       -4.1 |       -4.8 |     41 | dpath.b_reg.out\[5\]$_DFFE_PP_/DE
      29* |       0 |       3 |        4 |      0 |     7 |    +0.7% |   -0.174 |       -4.1 |       -4.8 |     41 | dpath.b_reg.out\[5\]$_DFFE_PP_/DE
      30* |       0 |       3 |        4 |      0 |     7 |    +0.7% |   -0.174 |       -4.1 |       -4.8 |     41 | dpath.b_reg.out\[5\]$_DFFE_PP_/DE
      30* |       0 |       3 |        4 |      0 |     7 |    +0.7% |   -0.174 |       -4.1 |       -4.8 |     41 | dpath.b_reg.out\[5\]$_DFFE_PP_/DE
      31* |       0 |       3 |        4 |      0 |     7 |    +0.7% |   -0.174 |       -4.1 |       -4.8 |     41 | dpath.b_reg.out\[5\]$_DFFE_PP_/DE
      32* |       0 |       3 |        4 |      0 |     7 |    +0.7% |   -0.174 |       -4.1 |       -4.8 |     41 | dpath.b_reg.out\[5\]$_DFFE_PP_/DE
      33* |       0 |       3 |        4 |      0 |     7 |    +0.7% |   -0.174 |       -4.1 |       -4.8 |     41 | dpath.b_reg.out\[5\]$_DFFE_PP_/DE
      34* |       0 |       3 |        4 |      0 |     7 |    +0.7% |   -0.174 |       -4.1 |       -4.8 |     41 | dpath.b_reg.out\[5\]$_DFFE_PP_/DE
      35* |       0 |       3 |        4 |      0 |     7 |    +0.7% |   -0.174 |       -4.1 |       -4.8 |     41 | dpath.b_reg.out\[5\]$_DFFE_PP_/DE
      36* |       0 |       3 |        4 |      0 |     7 |    +0.7% |   -0.174 |       -4.1 |       -4.8 |     41 | dpath.b_reg.out\[5\]$_DFFE_PP_/DE
      40* |       0 |       5 |        4 |      0 |     8 |    +0.9% |   -0.174 |       -4.2 |       -4.6 |     41 | dpath.b_reg.out\[5\]$_DFFE_PP_/DE
      48* |       0 |       4 |        4 |      0 |     7 |    +0.8% |   -0.174 |       -4.1 |       -4.7 |     41 | dpath.b_reg.out\[5\]$_DFFE_PP_/DE
      50* |       0 |       5 |        4 |      0 |     7 |    +0.9% |   -0.174 |       -4.2 |       -4.7 |     41 | dpath.b_reg.out\[5\]$_DFFE_PP_/DE
      54* |       0 |       8 |        4 |      0 |     8 |    +1.1% |   -0.174 |       -4.1 |       -4.5 |     41 | dpath.b_reg.out\[5\]$_DFFE_PP_/DE
      60* |       0 |      13 |        4 |      0 |     8 |    +1.5% |   -0.175 |       -4.2 |       -4.3 |     41 | dpath.b_reg.out\[5\]$_DFFE_PP_/DE
      70* |       1 |      21 |        4 |      0 |     9 |    +2.3% |   -0.189 |       -4.6 |       -4.2 |     41 | dpath.b_reg.out\[5\]$_DFFE_PP_/DE
      74* |       0 |      10 |        4 |      0 |     8 |    +1.2% |   -0.174 |       -4.1 |       -4.5 |     41 | dpath.b_reg.out\[5\]$_DFFE_PP_/DE
      80* |       1 |      14 |        4 |      0 |     8 |    +1.4% |   -0.174 |       -4.1 |       -4.2 |     41 | dpath.b_reg.out\[5\]$_DFFE_PP_/DE
      80* |       1 |      14 |        4 |      0 |     8 |    +1.4% |   -0.174 |       -4.1 |       -4.2 |     41 | dpath.b_reg.out\[5\]$_DFFE_PP_/DE
      86* |       1 |      14 |        4 |      0 |     8 |    +1.4% |   -0.174 |       -4.1 |       -4.2 |     41 | dpath.b_reg.out\[5\]$_DFFE_PP_/DE
      90* |       1 |      16 |        4 |      0 |     9 |    +1.6% |   -0.188 |       -4.3 |       -4.3 |     41 | dpath.b_reg.out\[5\]$_DFFE_PP_/DE
      98* |       1 |      15 |        4 |      0 |     8 |    +1.5% |   -0.174 |       -4.2 |       -4.1 |     41 | dpath.b_reg.out\[5\]$_DFFE_PP_/DE
     100* |       1 |      16 |        4 |      0 |     8 |    +1.6% |   -0.175 |       -4.2 |       -3.8 |     41 | dpath.b_reg.out\[5\]$_DFFE_PP_/DE
     110* |       2 |      23 |        5 |      0 |     9 |    +2.3% |   -0.201 |       -4.7 |       -4.3 |     41 | dpath.b_reg.out\[5\]$_DFFE_PP_/DE
     111* |       1 |      15 |        4 |      0 |     8 |    +1.5% |   -0.174 |       -4.2 |       -4.1 |     41 | dpath.b_reg.out\[5\]$_DFFE_PP_/DE
     119* |       1 |      15 |        4 |      0 |     8 |    +1.5% |   -0.174 |       -4.2 |       -4.1 |     41 | dpath.b_reg.out\[5\]$_DFFE_PP_/DE
     120* |       1 |      15 |        4 |      0 |     8 |    +1.5% |   -0.174 |       -4.2 |       -4.1 |     41 | dpath.b_reg.out\[5\]$_DFFE_PP_/DE
     123* |       1 |      15 |        4 |      0 |     8 |    +1.5% |   -0.174 |       -4.2 |       -4.1 |     41 | dpath.b_reg.out\[5\]$_DFFE_PP_/DE
     128* |       1 |      15 |        4 |      0 |     8 |    +1.5% |   -0.174 |       -4.2 |       -4.1 |     41 | dpath.b_reg.out\[5\]$_DFFE_PP_/DE
     130* |       1 |      16 |        4 |      0 |     8 |    +1.6% |   -0.175 |       -4.2 |       -3.8 |     41 | dpath.b_reg.out\[5\]$_DFFE_PP_/DE
     135* |       1 |      15 |        4 |      0 |     8 |    +1.5% |   -0.174 |       -4.2 |       -4.1 |     41 | dpath.b_reg.out\[5\]$_DFFE_PP_/DE
     139* |       1 |      15 |        4 |      0 |     8 |    +1.5% |   -0.174 |       -4.2 |       -4.1 |     41 | dpath.b_reg.out\[5\]$_DFFE_PP_/DE
     140* |       1 |      15 |        4 |      0 |     8 |    +1.5% |   -0.174 |       -4.2 |       -4.1 |     41 | dpath.b_reg.out\[5\]$_DFFE_PP_/DE
     145* |       1 |      16 |        4 |      0 |     8 |    +1.7% |   -0.172 |       -4.1 |       -4.3 |     41 | dpath.b_reg.out\[5\]$_DFFE_PP_/DE
     150* |       1 |      20 |        4 |      0 |     8 |    +1.6% |   -0.175 |       -4.2 |       -3.7 |     41 | dpath.b_reg.out\[5\]$_DFFE_PP_/DE
     150* |       1 |      16 |        4 |      0 |     8 |    +1.7% |   -0.172 |       -4.1 |       -4.3 |     41 | dpath.b_reg.out\[5\]$_DFFE_PP_/DE
     153* |       1 |      18 |        4 |      0 |     8 |    +1.8% |   -0.172 |       -4.1 |       -4.3 |     41 | dpath.b_reg.out\[5\]$_DFFE_PP_/DE
     158* |       2 |      20 |        4 |      0 |     9 |    +1.9% |   -0.172 |       -4.1 |       -4.4 |     41 | dpath.b_reg.out\[5\]$_DFFE_PP_/DE
     160* |       2 |      21 |        4 |      0 |     9 |    +1.7% |   -0.173 |       -4.1 |       -4.1 |     41 | dpath.b_reg.out\[5\]$_DFFE_PP_/DE
     163* |       2 |      20 |        4 |      0 |     9 |    +1.9% |   -0.172 |       -4.1 |       -4.4 |     41 | dpath.b_reg.out\[5\]$_DFFE_PP_/DE
     166* |       2 |      20 |        4 |      0 |     9 |    +1.9% |   -0.172 |       -4.1 |       -4.4 |     41 | dpath.b_reg.out\[5\]$_DFFE_PP_/DE
     169* |       2 |      20 |        4 |      0 |     9 |    +1.9% |   -0.172 |       -4.1 |       -4.4 |     41 | dpath.b_reg.out\[5\]$_DFFE_PP_/DE
     170* |       2 |      20 |        4 |      0 |     9 |    +1.9% |   -0.172 |       -4.1 |       -4.4 |     41 | dpath.b_reg.out\[5\]$_DFFE_PP_/DE
     171* |       2 |      21 |        4 |      0 |     9 |    +2.0% |   -0.172 |       -4.1 |       -4.4 |     41 | dpath.b_reg.out\[5\]$_DFFE_PP_/DE
     174* |       2 |      21 |        4 |      0 |     9 |    +2.0% |   -0.172 |       -4.1 |       -4.4 |     41 | dpath.b_reg.out\[5\]$_DFFE_PP_/DE
     177* |       2 |      21 |        4 |      0 |     9 |    +2.0% |   -0.172 |       -4.1 |       -4.4 |     41 | dpath.b_reg.out\[5\]$_DFFE_PP_/DE
     180* |       2 |      23 |        4 |      0 |     9 |    +1.8% |   -0.174 |       -4.1 |       -3.7 |     41 | dpath.b_reg.out\[5\]$_DFFE_PP_/DE
     180* |       2 |      21 |        4 |      0 |     9 |    +2.0% |   -0.172 |       -4.1 |       -4.4 |     41 | dpath.b_reg.out\[5\]$_DFFE_PP_/DE
     182* |       2 |      22 |        4 |      0 |     9 |    +2.1% |   -0.172 |       -4.1 |       -4.4 |     41 | dpath.b_reg.out\[5\]$_DFFE_PP_/DE
     185* |       2 |      22 |        4 |      0 |     9 |    +2.1% |   -0.172 |       -4.1 |       -4.4 |     41 | dpath.b_reg.out\[5\]$_DFFE_PP_/DE
     185* |       2 |      22 |        4 |      0 |     9 |    +2.1% |   -0.172 |       -4.1 |       -4.4 |     41 | dpath.b_reg.out\[5\]$_DFFE_PP_/DE
     186+ |       2 |      22 |        4 |      0 |     9 |    +2.1% |   -0.172 |       -4.1 |       -4.4 |     36 | dpath.b_reg.out\[5\]$_DFFE_PP_/DE
     187+ |       2 |      22 |        4 |      0 |     9 |    +2.1% |   -0.172 |       -4.1 |       -4.4 |     36 | dpath.b_reg.out\[5\]$_DFFE_PP_/DE
     188+ |       2 |      22 |        4 |      0 |     9 |    +2.1% |   -0.172 |       -4.1 |       -4.4 |     36 | dpath.b_reg.out\[5\]$_DFFE_PP_/DE
     189+ |       2 |      22 |        4 |      0 |     9 |    +2.1% |   -0.172 |       -4.1 |       -4.4 |     36 | dpath.b_reg.out\[5\]$_DFFE_PP_/DE
     190+ |       2 |      22 |        4 |      0 |     9 |    +2.1% |   -0.172 |       -4.1 |       -4.4 |     36 | dpath.b_reg.out\[5\]$_DFFE_PP_/DE
     190+ |       2 |      22 |        4 |      0 |     9 |    +2.1% |   -0.172 |       -4.1 |       -4.4 |     36 | dpath.b_reg.out\[5\]$_DFFE_PP_/DE
     191+ |       2 |      22 |        4 |      0 |     9 |    +2.1% |   -0.172 |       -4.1 |       -4.4 |     36 | dpath.b_reg.out\[5\]$_DFFE_PP_/DE
     192+ |       2 |      22 |        4 |      0 |     9 |    +2.1% |   -0.172 |       -4.1 |       -4.4 |     36 | dpath.b_reg.out\[5\]$_DFFE_PP_/DE
     193+ |       2 |      22 |        4 |      0 |     9 |    +2.1% |   -0.172 |       -4.1 |       -4.4 |     36 | dpath.b_reg.out\[5\]$_DFFE_PP_/DE
     194+ |       2 |      22 |        4 |      0 |     9 |    +2.1% |   -0.172 |       -4.1 |       -4.4 |     36 | dpath.b_reg.out\[5\]$_DFFE_PP_/DE
     195+ |       2 |      22 |        4 |      0 |     9 |    +2.1% |   -0.172 |       -4.1 |       -4.4 |     36 | dpath.b_reg.out\[5\]$_DFFE_PP_/DE
     196+ |       2 |      22 |        4 |      0 |     9 |    +2.1% |   -0.172 |       -4.1 |       -4.4 |     36 | dpath.b_reg.out\[5\]$_DFFE_PP_/DE
     197+ |       2 |      22 |        4 |      0 |     9 |    +2.1% |   -0.172 |       -4.1 |       -4.4 |     36 | dpath.b_reg.out\[5\]$_DFFE_PP_/DE
     198+ |       2 |      22 |        4 |      0 |     9 |    +2.1% |   -0.172 |       -4.1 |       -4.4 |     36 | dpath.b_reg.out\[5\]$_DFFE_PP_/DE
     199+ |       2 |      22 |        4 |      0 |     9 |    +2.1% |   -0.172 |       -4.1 |       -4.4 |     36 | dpath.b_reg.out\[5\]$_DFFE_PP_/DE
     200+ |       2 |      22 |        4 |      0 |     9 |    +2.1% |   -0.172 |       -4.1 |       -4.4 |     36 | dpath.b_reg.out\[5\]$_DFFE_PP_/DE
     200+ |       2 |      22 |        4 |      0 |     9 |    +2.1% |   -0.172 |       -4.1 |       -4.4 |     36 | dpath.b_reg.out\[5\]$_DFFE_PP_/DE
     201+ |       2 |      22 |        4 |      0 |     9 |    +2.1% |   -0.172 |       -4.1 |       -4.4 |     36 | dpath.b_reg.out\[5\]$_DFFE_PP_/DE
     202+ |       2 |      22 |        4 |      0 |     9 |    +2.1% |   -0.172 |       -4.1 |       -4.4 |     36 | dpath.b_reg.out\[5\]$_DFFE_PP_/DE
     203+ |       2 |      22 |        4 |      0 |     9 |    +2.1% |   -0.172 |       -4.1 |       -4.4 |     36 | dpath.b_reg.out\[5\]$_DFFE_PP_/DE
     204+ |       2 |      22 |        4 |      0 |     9 |    +2.1% |   -0.172 |       -4.1 |       -4.4 |     36 | dpath.b_reg.out\[5\]$_DFFE_PP_/DE
     205+ |       2 |      22 |        4 |      0 |     9 |    +2.1% |   -0.172 |       -4.1 |       -4.4 |     36 | dpath.b_reg.out\[5\]$_DFFE_PP_/DE
     206+ |       2 |      22 |        4 |      0 |     9 |    +2.1% |   -0.172 |       -4.1 |       -4.4 |     36 | dpath.b_reg.out\[5\]$_DFFE_PP_/DE
     207+ |       2 |      22 |        4 |      0 |     9 |    +2.1% |   -0.172 |       -4.1 |       -4.4 |     36 | dpath.b_reg.out\[5\]$_DFFE_PP_/DE
     208+ |       2 |      22 |        4 |      0 |     9 |    +2.1% |   -0.172 |       -4.1 |       -4.4 |     36 | dpath.b_reg.out\[5\]$_DFFE_PP_/DE
     209+ |       2 |      22 |        4 |      0 |     9 |    +2.1% |   -0.172 |       -4.1 |       -4.4 |     36 | dpath.b_reg.out\[5\]$_DFFE_PP_/DE
     210+ |       2 |      22 |        4 |      0 |     9 |    +2.1% |   -0.172 |       -4.1 |       -4.4 |     36 | dpath.b_reg.out\[5\]$_DFFE_PP_/DE
     210+ |       2 |      22 |        4 |      0 |     9 |    +2.1% |   -0.172 |       -4.1 |       -4.4 |     36 | dpath.b_reg.out\[5\]$_DFFE_PP_/DE
     211+ |       2 |      22 |        4 |      0 |     9 |    +2.1% |   -0.172 |       -4.1 |       -4.4 |     36 | dpath.b_reg.out\[5\]$_DFFE_PP_/DE
     212+ |       2 |      22 |        4 |      0 |     9 |    +2.1% |   -0.172 |       -4.1 |       -4.4 |     36 | dpath.b_reg.out\[5\]$_DFFE_PP_/DE
     213+ |       2 |      22 |        4 |      0 |     9 |    +2.1% |   -0.172 |       -4.1 |       -4.4 |     36 | dpath.b_reg.out\[5\]$_DFFE_PP_/DE
     214+ |       2 |      22 |        4 |      0 |     9 |    +2.1% |   -0.172 |       -4.1 |       -4.4 |     36 | dpath.b_reg.out\[5\]$_DFFE_PP_/DE
     215+ |       2 |      22 |        4 |      0 |     9 |    +2.1% |   -0.172 |       -4.1 |       -4.4 |     36 | dpath.b_reg.out\[5\]$_DFFE_PP_/DE
     216+ |       2 |      22 |        4 |      0 |     9 |    +2.1% |   -0.172 |       -4.1 |       -4.4 |     36 | dpath.b_reg.out\[5\]$_DFFE_PP_/DE
     217+ |       2 |      22 |        4 |      0 |     9 |    +2.1% |   -0.172 |       -4.1 |       -4.4 |     36 | dpath.b_reg.out\[5\]$_DFFE_PP_/DE
     218+ |       2 |      22 |        4 |      0 |     9 |    +2.1% |   -0.172 |       -4.1 |       -4.4 |     36 | dpath.b_reg.out\[5\]$_DFFE_PP_/DE
     219+ |       2 |      22 |        4 |      0 |     9 |    +2.1% |   -0.172 |       -4.1 |       -4.4 |     36 | dpath.b_reg.out\[5\]$_DFFE_PP_/DE
     220+ |       2 |      22 |        4 |      0 |     9 |    +2.1% |   -0.172 |       -4.1 |       -4.4 |     36 | dpath.b_reg.out\[5\]$_DFFE_PP_/DE
     220+ |       2 |      22 |        4 |      0 |     9 |    +2.1% |   -0.172 |       -4.1 |       -4.4 |     36 | dpath.b_reg.out\[5\]$_DFFE_PP_/DE
     221+ |       2 |      22 |        4 |      0 |     9 |    +2.1% |   -0.172 |       -4.1 |       -4.4 |     36 | dpath.b_reg.out\[5\]$_DFFE_PP_/DE
    final |       2 |      22 |        4 |      0 |     9 |    +2.1% |   -0.172 |       -4.1 |       -4.4 |     36 | dpath.b_reg.out\[5\]$_DFFE_PP_/DE
------------------------------------------------------------------------------------------------------------------------------
[INFO RSZ-0059] Removed 2 buffers.
[INFO RSZ-0040] Inserted 4 buffers.
[INFO RSZ-0051] Resized 22 instances: 22 up, 0 up match, 0 down, 0 VT
[INFO RSZ-0043] Swapped pins on 9 instances.
[WARNING RSZ-0062] Unable to repair all setup violations.
[INFO RSZ-0505] Runtime: 6.28s
[INFO RSZ-0033] No hold violations found.
[INFO RSZ-0506] Runtime: 0.00s
Took 6 seconds: repair_timing -setup_margin 0 -hold_margin 0 -repair_tns 100 -verbose
global_route -start_incremental
detailed_placement
[INFO DPL-0006] Core area: 7646.75 um^2
[INFO DPL-0007] Movable instances area: 5098.90 um^2
[INFO DPL-0008] Fixed instances area within core: 134.27 um^2
[INFO DPL-0009] Utilization: 68.4%
[INFO DPL-0005] Diamond search max displacement: +/- 500 sites horizontally, +/- 100 rows vertically.
[INFO DPL-1102] Legalizing using negotiation legalizer.
[INFO DPL-1103] Negotiation base search window: +/-20 sites horizontally, +/-5 rows vertically 
	Automatic search window extension enabled.
	Search window extendable up to the max displacement cap of +/-500 sites, +/-100 rows near walls.
[INFO DPL-1104] NegotiationLegalizer DRC penalty: 5.
[INFO DPL-0392] Negotiation cell height distribution (1 unique row-count(s)):
[INFO DPL-0393]   height 1 row(s): 590 cells
          |      Total |  Illegal |  Illegal
Iteration | Violations |    Cells |    Sites
---------------------------------------------
        0 |         31 |         9 |        22
        1 |         17 |         5 |        12
        2 |          0 |         0 |         0
Negotiation phase 1 converged at iteration 2.
[INFO DPL-0500] Runtime: 0.00s
Placement Analysis
---------------------------------
total displacement        107.7 u
average displacement        0.2 u
max displacement           20.5 u
original HPWL            8964.6 u
legalized HPWL           9079.6 u
delta HPWL                    1 %

check_placement -verbose
global_route -end_incremental -congestion_report_file ./reports/sky130hs/gcd/slot1/congestion_post_repair_timing.rpt
estimate_parasitics -global_routing
global_route -start_incremental
global_route -end_incremental -congestion_report_file ./reports/sky130hs/gcd/slot1/congestion_post_recover_power.rpt
Repair antennas...
[INFO GRT-0012] Found 0 antenna violations.
[INFO ANT-0002] Found 0 net violations.
[INFO ANT-0001] Found 0 pin violations.
Estimate parasitics...
estimate_parasitics -global_routing
Report metrics stage 5, global route...

==========================================================================
global route report_design_area
--------------------------------------------------------------------------
Design area 5233 um^2 68% utilization.
[INFO FLW-0007] clock core_clock period 1.600000
[WARNING FLW-0010] more than one clock found. Skipping sdc update.
[INFO FLW-0011] Path endpoint path count 88
write_db ./results/sky130hs/gcd/slot1/5_1_grt.odb
write_sdc -no_timestamp ./results/sky130hs/gcd/slot1/5_1_grt.sdc
Log                       Ext     Elapsed/s Peak Memory/MB sha1sum result [0:20)
5_1_grt                   .odb           14            281 0d0bcc78d86ada8f2de6
5_1_grt                   .sdc                             a8813deb550c1cefa915
/root/OpenROAD-flow-scripts/flow/scripts/flow.sh 5_2_route detail_route
Running detail_route.tcl, stage 5_2_route
read_liberty /root/OpenROAD-flow-scripts/flow/platforms/sky130hs/lib/sky130_fd_sc_hs__tt_025C_1v80.lib
read_db ./results/sky130hs/gcd/slot1/5_1_grt.odb
read_sdc ./results/sky130hs/gcd/slot1/5_1_grt.sdc
source /root/OpenROAD-flow-scripts/flow/platforms/sky130hs/setRC.tcl
[WARNING STA-0450] virtual clock vclk_core_clock can not be propagated.
detailed_route -output_drc ./reports/sky130hs/gcd/slot1/5_route_drc.rpt -output_maze ./results/sky130hs/gcd/slot1/maze.log -droute_end_iter 64 -verbose 1 -drc_report_iter_step 5
[INFO DRT-0149] Reading tech and libs.
[WARNING DRT-0349] LEF58_ENCLOSURE with no CUTCLASS is not supported. Skipping for layer mcon
[WARNING DRT-0349] LEF58_ENCLOSURE with no CUTCLASS is not supported. Skipping for layer mcon
[WARNING DRT-0349] LEF58_ENCLOSURE with no CUTCLASS is not supported. Skipping for layer via
[WARNING DRT-0349] LEF58_ENCLOSURE with no CUTCLASS is not supported. Skipping for layer via
[WARNING DRT-0349] LEF58_ENCLOSURE with no CUTCLASS is not supported. Skipping for layer via2
[WARNING DRT-0349] LEF58_ENCLOSURE with no CUTCLASS is not supported. Skipping for layer via2
[WARNING DRT-0349] LEF58_ENCLOSURE with no CUTCLASS is not supported. Skipping for layer via3
[WARNING DRT-0349] LEF58_ENCLOSURE with no CUTCLASS is not supported. Skipping for layer via3
[WARNING DRT-0349] LEF58_ENCLOSURE with no CUTCLASS is not supported. Skipping for layer via4
[WARNING DRT-0349] LEF58_ENCLOSURE with no CUTCLASS is not supported. Skipping for layer via4

Units:                1000
Number of layers:     13
Number of macros:     390
Number of vias:       29
Number of viarulegen: 25

[INFO DRT-0150] Reading design.

Design:                   gcd
Die area:                 ( 0 0 ) ( 91235 91235 )
Number of track patterns: 12
Number of DEF vias:       0
Number of components:     590
Number of terminals:      56
Number of snets:          2
Number of nets:           539

[INFO DRT-0167] List of default vias:
  Layer via
    default via: M1M2_PR
  Layer via2
    default via: M2M3_PR
  Layer via3
    default via: M3M4_PR
  Layer via4
    default via: M4M5_PR
[INFO DRT-0162] Library cell analysis.
[INFO DRT-0163] Instance analysis.
[INFO DRT-0164] Number of unique instances = 79.
[INFO DRT-0168] Init region query.
[INFO DRT-0024]   Complete FR_MASTERSLICE.
[INFO DRT-0024]   Complete Fr_VIA.
[INFO DRT-0024]   Complete li1.
[INFO DRT-0024]   Complete mcon.
[INFO DRT-0024]   Complete met1.
[INFO DRT-0024]   Complete via.
[INFO DRT-0024]   Complete met2.
[INFO DRT-0024]   Complete via2.
[INFO DRT-0024]   Complete met3.
[INFO DRT-0024]   Complete via3.
[INFO DRT-0024]   Complete met4.
[INFO DRT-0024]   Complete via4.
[INFO DRT-0024]   Complete met5.
[INFO DRT-0033] FR_MASTERSLICE shape region query size = 0.
[INFO DRT-0033] FR_VIA shape region query size = 0.
[INFO DRT-0033] li1 shape region query size = 11542.
[INFO DRT-0033] mcon shape region query size = 6649.
[INFO DRT-0033] met1 shape region query size = 2429.
[INFO DRT-0033] via shape region query size = 405.
[INFO DRT-0033] met2 shape region query size = 270.
[INFO DRT-0033] via2 shape region query size = 324.
[INFO DRT-0033] met3 shape region query size = 270.
[INFO DRT-0033] via3 shape region query size = 324.
[INFO DRT-0033] met4 shape region query size = 105.
[INFO DRT-0033] via4 shape region query size = 18.
[INFO DRT-0033] met5 shape region query size = 30.
[INFO DRT-0165] Start pin access.
[INFO DRT-0078]   Complete 560 pins.
[INFO DRT-0081]   Complete 79 unique inst patterns.
[INFO DRT-0084]   Complete 289 groups.
#scanned instances     = 590
#unique  instances     = 79
#stdCellGenAp          = 1633
#stdCellValidPlanarAp  = 8
#stdCellValidViaAp     = 1311
#stdCellPinNoAp        = 0
#stdCellPinCnt         = 1522
#instTermValidViaApCnt = 0
#macroGenAp            = 0
#macroValidPlanarAp    = 0
#macroValidViaAp       = 0
#macroNoAp             = 0
[INFO DRT-0166] Complete pin access.
[INFO DRT-0267] cpu time = 00:00:08, elapsed time = 00:00:08, memory = 245.32 (MB), peak = 245.32 (MB)

[INFO DRT-0157] Number of guides:     3329

[INFO DRT-0169] Post process guides.
[INFO DRT-0176] GCELLGRID X 0 DO 12 STEP 7200 ;
[INFO DRT-0177] GCELLGRID Y 0 DO 12 STEP 7200 ;
[INFO DRT-0028]   Complete FR_MASTERSLICE.
[INFO DRT-0028]   Complete Fr_VIA.
[INFO DRT-0028]   Complete li1.
[INFO DRT-0028]   Complete mcon.
[INFO DRT-0028]   Complete met1.
[INFO DRT-0028]   Complete via.
[INFO DRT-0028]   Complete met2.
[INFO DRT-0028]   Complete via2.
[INFO DRT-0028]   Complete met3.
[INFO DRT-0028]   Complete via3.
[INFO DRT-0028]   Complete met4.
[INFO DRT-0028]   Complete via4.
[INFO DRT-0028]   Complete met5.
[INFO DRT-0178] Init guide query.
[INFO DRT-0035]   Complete FR_MASTERSLICE (guide).
[INFO DRT-0035]   Complete Fr_VIA (guide).
[INFO DRT-0035]   Complete li1 (guide).
[INFO DRT-0035]   Complete mcon (guide).
[INFO DRT-0035]   Complete met1 (guide).
[INFO DRT-0035]   Complete via (guide).
[INFO DRT-0035]   Complete met2 (guide).
[INFO DRT-0035]   Complete via2 (guide).
[INFO DRT-0035]   Complete met3 (guide).
[INFO DRT-0035]   Complete via3 (guide).
[INFO DRT-0035]   Complete met4 (guide).
[INFO DRT-0035]   Complete via4 (guide).
[INFO DRT-0035]   Complete met5 (guide).
[INFO DRT-0036] FR_MASTERSLICE guide region query size = 0.
[INFO DRT-0036] FR_VIA guide region query size = 0.
[INFO DRT-0036] li1 guide region query size = 1230.
[INFO DRT-0036] mcon guide region query size = 0.
[INFO DRT-0036] met1 guide region query size = 977.
[INFO DRT-0036] via guide region query size = 0.
[INFO DRT-0036] met2 guide region query size = 470.
[INFO DRT-0036] via2 guide region query size = 0.
[INFO DRT-0036] met3 guide region query size = 37.
[INFO DRT-0036] via3 guide region query size = 0.
[INFO DRT-0036] met4 guide region query size = 7.
[INFO DRT-0036] via4 guide region query size = 0.
[INFO DRT-0036] met5 guide region query size = 0.
[INFO DRT-0179] Init gr pin query.
[INFO DRT-0267] cpu time = 00:00:00, elapsed time = 00:00:00, memory = 246.45 (MB), peak = 246.45 (MB)
[INFO DRT-0245] skipped writing guide updates to database.
[INFO DRT-0181] Start track assignment.
[INFO DRT-0184] Done with 1707 vertical wires in 1 frboxes and 1014 horizontal wires in 1 frboxes.
[INFO DRT-0186] Done with 194 vertical wires in 1 frboxes and 305 horizontal wires in 1 frboxes.
[INFO DRT-0182] Complete track assignment.
[INFO DRT-0267] cpu time = 00:00:00, elapsed time = 00:00:00, memory = 250.01 (MB), peak = 250.01 (MB)
[INFO DRT-0187] Start routing data preparation.
[INFO DRT-0267] cpu time = 00:00:00, elapsed time = 00:00:00, memory = 250.01 (MB), peak = 250.01 (MB)
[INFO DRT-0194] Start detail routing.
[INFO DRT-0195] Start 0th optimization iteration.
    Completing 20% with 0 violations.
    elapsed time = 00:00:01, memory = 263.03 (MB).
    Completing 50% with 36 violations.
    elapsed time = 00:00:02, memory = 283.84 (MB).
    Completing 70% with 87 violations.
    elapsed time = 00:00:03, memory = 283.84 (MB).
    Completing 100% with 145 violations.
    elapsed time = 00:00:03, memory = 283.84 (MB).
[INFO DRT-0199]   Number of violations = 155.
Viol/Layer        met1   met2   met4
Metal Spacing       13      1      0
Recheck              7      2      1
Short              116     15      0
[INFO DRT-0267] cpu time = 00:00:03, elapsed time = 00:00:03, memory = 613.09 (MB), peak = 613.09 (MB)
Total wire length = 10169 um.
Total wire length on LAYER li1 = 0 um.
Total wire length on LAYER met1 = 5237 um.
Total wire length on LAYER met2 = 4619 um.
Total wire length on LAYER met3 = 198 um.
Total wire length on LAYER met4 = 113 um.
Total wire length on LAYER met5 = 0 um.
Total number of vias = 2969.
Up-via summary (total 2969):

-----------------------
 FR_MASTERSLICE       0
            li1    1553
           met1    1368
           met2      37
           met3      11
           met4       0
-----------------------
               2969


[INFO DRT-0195] Start 1st optimization iteration.
    Completing 20% with 155 violations.
    elapsed time = 00:00:00, memory = 613.09 (MB).
    Completing 50% with 158 violations.
    elapsed time = 00:00:01, memory = 613.09 (MB).
    Completing 70% with 152 violations.
    elapsed time = 00:00:02, memory = 613.09 (MB).
    Completing 100% with 101 violations.
    elapsed time = 00:00:03, memory = 613.09 (MB).
[INFO DRT-0199]   Number of violations = 101.
Viol/Layer        met1   met2
Metal Spacing       13      2
Short               84      2
[INFO DRT-0267] cpu time = 00:00:03, elapsed time = 00:00:03, memory = 613.28 (MB), peak = 613.28 (MB)
Total wire length = 10127 um.
Total wire length on LAYER li1 = 0 um.
Total wire length on LAYER met1 = 5218 um.
Total wire length on LAYER met2 = 4620 um.
Total wire length on LAYER met3 = 203 um.
Total wire length on LAYER met4 = 85 um.
Total wire length on LAYER met5 = 0 um.
Total number of vias = 2993.
Up-via summary (total 2993):

-----------------------
 FR_MASTERSLICE       0
            li1    1554
           met1    1392
           met2      39
           met3       8
           met4       0
-----------------------
               2993


[INFO DRT-0195] Start 2nd optimization iteration.
    Completing 10% with 101 violations.
    elapsed time = 00:00:00, memory = 613.28 (MB).
    Completing 20% with 101 violations.
    elapsed time = 00:00:00, memory = 613.28 (MB).
    Completing 30% with 101 violations.
    elapsed time = 00:00:00, memory = 613.28 (MB).
    Completing 40% with 101 violations.
    elapsed time = 00:00:00, memory = 613.28 (MB).
    Completing 50% with 100 violations.
    elapsed time = 00:00:00, memory = 613.28 (MB).
    Completing 60% with 100 violations.
    elapsed time = 00:00:00, memory = 613.28 (MB).
    Completing 70% with 80 violations.
    elapsed time = 00:00:00, memory = 613.28 (MB).
    Completing 80% with 80 violations.
    elapsed time = 00:00:01, memory = 613.28 (MB).
    Completing 100% with 49 violations.
    elapsed time = 00:00:02, memory = 613.28 (MB).
[INFO DRT-0199]   Number of violations = 49.
Viol/Layer        met1   met2
Metal Spacing        5      1
Short               39      4
[INFO DRT-0267] cpu time = 00:00:02, elapsed time = 00:00:03, memory = 613.28 (MB), peak = 613.28 (MB)
Total wire length = 10070 um.
Total wire length on LAYER li1 = 0 um.
Total wire length on LAYER met1 = 5177 um.
Total wire length on LAYER met2 = 4585 um.
Total wire length on LAYER met3 = 205 um.
Total wire length on LAYER met4 = 101 um.
Total wire length on LAYER met5 = 0 um.
Total number of vias = 2958.
Up-via summary (total 2958):

-----------------------
 FR_MASTERSLICE       0
            li1    1547
           met1    1360
           met2      42
           met3       9
           met4       0
-----------------------
               2958


[INFO DRT-0195] Start 3rd guides tiles iteration.
    Completing 20% with 49 violations.
    elapsed time = 00:00:00, memory = 613.28 (MB).
    Completing 40% with 49 violations.
    elapsed time = 00:00:01, memory = 613.28 (MB).
    Completing 60% with 49 violations.
    elapsed time = 00:00:01, memory = 613.28 (MB).
    Completing 80% with 1 violations.
    elapsed time = 00:00:01, memory = 613.28 (MB).
    Completing 100% with 0 violations.
    elapsed time = 00:00:02, memory = 613.28 (MB).
[INFO DRT-0199]   Number of violations = 0.
[INFO DRT-0267] cpu time = 00:00:02, elapsed time = 00:00:02, memory = 613.28 (MB), peak = 613.28 (MB)
Total wire length = 10056 um.
Total wire length on LAYER li1 = 0 um.
Total wire length on LAYER met1 = 5003 um.
Total wire length on LAYER met2 = 4607 um.
Total wire length on LAYER met3 = 368 um.
Total wire length on LAYER met4 = 76 um.
Total wire length on LAYER met5 = 0 um.
Total number of vias = 2982.
Up-via summary (total 2982):

-----------------------
 FR_MASTERSLICE       0
            li1    1548
           met1    1365
           met2      62
           met3       7
           met4       0
-----------------------
               2982


[INFO DRT-0198] Complete detail routing.
Total wire length = 10056 um.
Total wire length on LAYER li1 = 0 um.
Total wire length on LAYER met1 = 5003 um.
Total wire length on LAYER met2 = 4607 um.
Total wire length on LAYER met3 = 368 um.
Total wire length on LAYER met4 = 76 um.
Total wire length on LAYER met5 = 0 um.
Total number of vias = 2982.
Up-via summary (total 2982):

-----------------------
 FR_MASTERSLICE       0
            li1    1548
           met1    1365
           met2      62
           met3       7
           met4       0
-----------------------
               2982


[INFO DRT-0267] cpu time = 00:00:12, elapsed time = 00:00:12, memory = 613.28 (MB), peak = 613.28 (MB)

[INFO DRT-0180] Post processing.
[INFO DRT-0501] Runtime: 21.24s
Took 21 seconds: detailed_route -output_drc ./reports/sky130hs/gcd/slot1/5_route_drc.rpt -output_maze ./results/sky130hs/gcd/slot1/maze.log -droute_end_iter 64 -verbose 1 -drc_report_iter_step 5
[INFO GRT-0012] Found 0 antenna violations.
[INFO ANT-0002] Found 0 net violations.
[INFO ANT-0001] Found 0 pin violations.
[INFO ANT-0002] Found 0 net violations.
[INFO ANT-0001] Found 0 pin violations.
Design area 5233 um^2 68% utilization.
write_db ./results/sky130hs/gcd/slot1/5_2_route.odb
Log                       Ext     Elapsed/s Peak Memory/MB sha1sum result [0:20)
5_2_route                 .odb           22            613 0c1b72a63a61e90b002e
/root/OpenROAD-flow-scripts/flow/scripts/flow.sh 5_3_fillcell fillcell
Running fillcell.tcl, stage 5_3_fillcell
read_liberty /root/OpenROAD-flow-scripts/flow/platforms/sky130hs/lib/sky130_fd_sc_hs__tt_025C_1v80.lib
read_db ./results/sky130hs/gcd/slot1/5_2_route.odb
read_sdc ./results/sky130hs/gcd/slot1/5_1_grt.sdc
source /root/OpenROAD-flow-scripts/flow/platforms/sky130hs/setRC.tcl
[WARNING STA-0450] virtual clock vclk_core_clock can not be propagated.
filler_placement "sky130_fd_sc_hs__fill_1 sky130_fd_sc_hs__fill_2 sky130_fd_sc_hs__fill_4 sky130_fd_sc_hs__fill_8"
[INFO DPL-0001] Placed 521 filler instances.
Design area 5233 um^2 68% utilization.
write_db ./results/sky130hs/gcd/slot1/5_3_fillcell.odb
Log                       Ext     Elapsed/s Peak Memory/MB sha1sum result [0:20)
5_3_fillcell              .odb            0            147 9518dd53ac23f835a22f
cp ./results/sky130hs/gcd/slot1/5_3_fillcell.odb ./results/sky130hs/gcd/slot1/5_route.odb
cp ./results/sky130hs/gcd/slot1/5_1_grt.sdc ./results/sky130hs/gcd/slot1/5_route.sdc
make: Leaving directory '/root/OpenROAD-flow-scripts/flow'

STDERR:
bash: /opt/miniconda/lib/libtinfo.so.6: no version information available (required by bash)
bash: /opt/miniconda/lib/libtinfo.so.6: no version information available (required by bash)
bash: /opt/miniconda/lib/libtinfo.so.6: no version information available (required by bash)
bash: /opt/miniconda/lib/libtinfo.so.6: no version information available (required by bash)
bash: /opt/miniconda/lib/libtinfo.so.6: no version information available (required by bash)
bash: /opt/miniconda/lib/libtinfo.so.6: no version information available (required by bash)
bash: /opt/miniconda/lib/libtinfo.so.6: no version information available (required by bash)
bash: /opt/miniconda/lib/libtinfo.so.6: no version information available (required by bash)
bash: /opt/miniconda/lib/libtinfo.so.6: no version information available (required by bash)
bash: /opt/miniconda/lib/libtinfo.so.6: no version information available (required by bash)
bash: /opt/miniconda/lib/libtinfo.so.6: no version information available (required by bash)
bash: /opt/miniconda/lib/libtinfo.so.6: no version information available (required by bash)
bash: /opt/miniconda/lib/libtinfo.so.6: no version information available (required by bash)
bash: /opt/miniconda/lib/libtinfo.so.6: no version information available (required by bash)
bash: /opt/miniconda/lib/libtinfo.so.6: no version information available (required by bash)
bash: /opt/miniconda/lib/libtinfo.so.6: no version information available (required by bash)
bash: /opt/miniconda/lib/libtinfo.so.6: no version information available (required by bash)
bash: /opt/miniconda/lib/libtinfo.so.6: no version information available (required by bash)
bash: /opt/miniconda/lib/libtinfo.so.6: no version information available (required by bash)
bash: /opt/miniconda/lib/libtinfo.so.6: no version information available (required by bash)
bash: /opt/miniconda/lib/libtinfo.so.6: no version information available (required by bash)
bash: /opt/miniconda/lib/libtinfo.so.6: no version information available (required by bash)
bash: /opt/miniconda/lib/libtinfo.so.6: no version information available (required by bash)
bash: /opt/miniconda/lib/libtinfo.so.6: no version information available (required by bash)
Elapsed time: 0:14.54[h:]min:sec. CPU time: user 14.34 sys 0.19 (99%). Peak memory: 288532KB.
bash: /opt/miniconda/lib/libtinfo.so.6: no version information available (required by bash)
bash: /opt/miniconda/lib/libtinfo.so.6: no version information available (required by bash)
bash: /opt/miniconda/lib/libtinfo.so.6: no version information available (required by bash)
bash: /opt/miniconda/lib/libtinfo.so.6: no version information available (required by bash)
bash: /opt/miniconda/lib/libtinfo.so.6: no version information available (required by bash)
bash: /opt/miniconda/lib/libtinfo.so.6: no version information available (required by bash)
bash: /opt/miniconda/lib/libtinfo.so.6: no version information available (required by bash)
bash: /opt/miniconda/lib/libtinfo.so.6: no version information available (required by bash)
bash: /opt/miniconda/lib/libtinfo.so.6: no version information available (required by bash)
bash: /opt/miniconda/lib/libtinfo.so.6: no version information available (required by bash)
bash: /opt/miniconda/lib/libtinfo.so.6: no version information available (required by bash)
bash: /opt/miniconda/lib/libtinfo.so.6: no version information available (required by bash)
bash: /opt/miniconda/lib/libtinfo.so.6: no version information available (required by bash)
bash: /opt/miniconda/lib/libtinfo.so.6: no version information available (required by bash)
Elapsed time: 0:22.36[h:]min:sec. CPU time: user 22.00 sys 0.22 (99%). Peak memory: 628188KB.
bash: /opt/miniconda/lib/libtinfo.so.6: no version information available (required by bash)
bash: /opt/miniconda/lib/libtinfo.so.6: no version information available (required by bash)
bash: /opt/miniconda/lib/libtinfo.so.6: no version information available (required by bash)
bash: /opt/miniconda/lib/libtinfo.so.6: no version information available (required by bash)
bash: /opt/miniconda/lib/libtinfo.so.6: no version information available (required by bash)
bash: /opt/miniconda/lib/libtinfo.so.6: no version information available (required by bash)
bash: /opt/miniconda/lib/libtinfo.so.6: no version information available (required by bash)
bash: /opt/miniconda/lib/libtinfo.so.6: no version information available (required by bash)
bash: /opt/miniconda/lib/libtinfo.so.6: no version information available (required by bash)
bash: /opt/miniconda/lib/libtinfo.so.6: no version information available (required by bash)
bash: /opt/miniconda/lib/libtinfo.so.6: no version information available (required by bash)
bash: /opt/miniconda/lib/libtinfo.so.6: no version information available (required by bash)
bash: /opt/miniconda/lib/libtinfo.so.6: no version information available (required by bash)
bash: /opt/miniconda/lib/libtinfo.so.6: no version information available (required by bash)
Elapsed time: 0:00.79[h:]min:sec. CPU time: user 0.72 sys 0.05 (97%). Peak memory: 150596KB.
bash: /opt/miniconda/lib/libtinfo.so.6: no version information available (required by bash)
bash: /opt/miniconda/lib/libtinfo.so.6: no version information available (required by bash)
bash: /opt/miniconda/lib/libtinfo.so.6: no version information available (required by bash)
bash: /opt/miniconda/lib/libtinfo.so.6: no version information available (required by bash)
bash: /opt/miniconda/lib/libtinfo.so.6: no version information available (required by bash)
bash: /opt/miniconda/lib/libtinfo.so.6: no version information available (required by bash)
bash: /opt/miniconda/lib/libtinfo.so.6: no version information available (required by bash)
bash: /opt/miniconda/lib/libtinfo.so.6: no version information available (required by bash)
bash: /opt/miniconda/lib/libtinfo.so.6: no version information available (required by bash)
bash: /opt/miniconda/lib/libtinfo.so.6: no version information available (required by bash)
bash: /opt/miniconda/lib/libtinfo.so.6: no version information available (required by bash)
bash: /opt/miniconda/lib/libtinfo.so.6: no version information available (required by bash)
bash: /opt/miniconda/lib/libtinfo.so.6: no version information available (required by bash)
bash: /opt/miniconda/lib/libtinfo.so.6: no version information available (required by bash)
bash: /opt/miniconda/lib/libtinfo.so.6: no version information available (required by bash)
bash: /opt/miniconda/lib/libtinfo.so.6: no version information available (required by bash)
bash: /opt/miniconda/lib/libtinfo.so.6: no version information available (required by bash)
bash: /opt/miniconda/lib/libtinfo.so.6: no version information available (required by bash)
bash: /opt/miniconda/lib/libtinfo.so.6: no version information available (required by bash)
bash: /opt/miniconda/lib/libtinfo.so.6: no version information available (required by bash)
bash: /opt/miniconda/lib/libtinfo.so.6: no version information available (required by bash)
bash: /opt/miniconda/lib/libtinfo.so.6: no version information available (required by bash)
bash: /opt/miniconda/lib/libtinfo.so.6: no version information available (required by bash)
bash: /opt/miniconda/lib/libtinfo.so.6: no version information available (required by bash)
bash: /opt/miniconda/lib/libtinfo.so.6: no version information available (required by bash)
bash: /opt/miniconda/lib/libtinfo.so.6: no version information available (required by bash)
