
==========================================================================
finish report_tns
--------------------------------------------------------------------------
tns max -2.16

==========================================================================
finish report_wns
--------------------------------------------------------------------------
wns max -0.12

==========================================================================
finish report_worst_slack
--------------------------------------------------------------------------
worst slack max -0.12

==========================================================================
finish report_clock_min_period
--------------------------------------------------------------------------
core_clock period_min = 1.71 fmax = 584.82
vclk_core_clock period_min = 0.00 fmax = inf

==========================================================================
finish report_clock_skew
--------------------------------------------------------------------------
Clock core_clock
   0.24 source latency dpath.a_reg.out[8]$_DFFE_PP_/CLK ^
  -0.23 target latency dpath.b_reg.out[6]$_DFFE_PP_/CLK ^
   0.00 CRPR
--------------
   0.01 setup skew

Clock vclk_core_clock
No launch/capture paths found.


==========================================================================
finish report_checks -path_delay min
--------------------------------------------------------------------------
Startpoint: ctrl.state.out[2]$_DFF_P_
            (rising edge-triggered flip-flop clocked by core_clock)
Endpoint: dpath.b_reg.out[3]$_DFFE_PP_
          (rising edge-triggered flip-flop clocked by core_clock)
Path Group: core_clock
Path Type: min

Fanout     Cap    Slew   Delay    Time   Description
-----------------------------------------------------------------------------
                          0.00    0.00   clock core_clock (rise edge)
                          0.00    0.00   clock source latency
     1    0.01    0.00    0.00    0.00 ^ clk (in)
                                         clk (net)
                  0.00    0.00    0.00 ^ clkbuf_0_clk/A (sky130_fd_sc_hs__clkbuf_8)
     4    0.04    0.05    0.11    0.11 ^ clkbuf_0_clk/X (sky130_fd_sc_hs__clkbuf_8)
                                         clknet_0_clk (net)
                  0.05    0.00    0.11 ^ clkbuf_2_0__f_clk/A (sky130_fd_sc_hs__clkbuf_8)
    10    0.04    0.06    0.13    0.23 ^ clkbuf_2_0__f_clk/X (sky130_fd_sc_hs__clkbuf_8)
                                         clknet_2_0__leaf_clk (net)
                  0.06    0.00    0.24 ^ ctrl.state.out[2]$_DFF_P_/CLK (sky130_fd_sc_hs__dfxtp_1)
     2    0.01    0.06    0.21    0.44 ^ ctrl.state.out[2]$_DFF_P_/Q (sky130_fd_sc_hs__dfxtp_1)
                                         ctrl.state.out[2] (net)
                  0.06    0.00    0.44 ^ _476_/A (sky130_fd_sc_hs__inv_1)
     6    0.04    0.14    0.13    0.57 v _476_/Y (sky130_fd_sc_hs__inv_1)
                                         _158_ (net)
                  0.14    0.00    0.57 v clone266/A2 (sky130_fd_sc_hs__o21ai_4)
     8    0.03    0.14    0.18    0.75 ^ clone266/Y (sky130_fd_sc_hs__o21ai_4)
                                         net266 (net)
                  0.14    0.00    0.75 ^ dpath.b_reg.out[3]$_DFFE_PP_/DE (sky130_fd_sc_hs__edfxtp_1)
                                  0.75   data arrival time

                          0.00    0.00   clock core_clock (rise edge)
                          0.00    0.00   clock source latency
     1    0.01    0.00    0.00    0.00 ^ clk (in)
                                         clk (net)
                  0.00    0.00    0.00 ^ clkbuf_0_clk/A (sky130_fd_sc_hs__clkbuf_8)
     4    0.04    0.05    0.11    0.11 ^ clkbuf_0_clk/X (sky130_fd_sc_hs__clkbuf_8)
                                         clknet_0_clk (net)
                  0.05    0.00    0.11 ^ clkbuf_2_0__f_clk/A (sky130_fd_sc_hs__clkbuf_8)
    10    0.04    0.06    0.13    0.23 ^ clkbuf_2_0__f_clk/X (sky130_fd_sc_hs__clkbuf_8)
                                         clknet_2_0__leaf_clk (net)
                  0.06    0.00    0.24 ^ dpath.b_reg.out[3]$_DFFE_PP_/CLK (sky130_fd_sc_hs__edfxtp_1)
                          0.00    0.24   clock reconvergence pessimism
                          0.24    0.48   library hold time
                                  0.48   data required time
-----------------------------------------------------------------------------
                                  0.48   data required time
                                 -0.75   data arrival time
-----------------------------------------------------------------------------
                                  0.27   slack (MET)


Startpoint: ctrl.state.out[2]$_DFF_P_
            (rising edge-triggered flip-flop clocked by core_clock)
Endpoint: resp_val (output port clocked by vclk_core_clock)
Path Group: vclk_core_clock
Path Type: min

Fanout     Cap    Slew   Delay    Time   Description
-----------------------------------------------------------------------------
                          0.00    0.00   clock core_clock (rise edge)
                          0.00    0.00   clock source latency
     1    0.01    0.00    0.00    0.00 ^ clk (in)
                                         clk (net)
                  0.00    0.00    0.00 ^ clkbuf_0_clk/A (sky130_fd_sc_hs__clkbuf_8)
     4    0.04    0.05    0.11    0.11 ^ clkbuf_0_clk/X (sky130_fd_sc_hs__clkbuf_8)
                                         clknet_0_clk (net)
                  0.05    0.00    0.11 ^ clkbuf_2_0__f_clk/A (sky130_fd_sc_hs__clkbuf_8)
    10    0.04    0.06    0.13    0.23 ^ clkbuf_2_0__f_clk/X (sky130_fd_sc_hs__clkbuf_8)
                                         clknet_2_0__leaf_clk (net)
                  0.06    0.00    0.24 ^ ctrl.state.out[2]$_DFF_P_/CLK (sky130_fd_sc_hs__dfxtp_1)
     2    0.01    0.06    0.21    0.44 ^ ctrl.state.out[2]$_DFF_P_/Q (sky130_fd_sc_hs__dfxtp_1)
                                         ctrl.state.out[2] (net)
                  0.06    0.00    0.44 ^ _627_/B (sky130_fd_sc_hs__nor3b_1)
     2    0.01    0.04    0.06    0.50 v _627_/Y (sky130_fd_sc_hs__nor3b_1)
                                         net53 (net)
                  0.04    0.00    0.50 v output53/A (sky130_fd_sc_hs__buf_1)
     1    0.00    0.01    0.06    0.56 v output53/X (sky130_fd_sc_hs__buf_1)
                                         resp_val (net)
                  0.01    0.00    0.56 v resp_val (out)
                                  0.56   data arrival time

                  0.00    0.00    0.00   clock vclk_core_clock (rise edge)
                          0.23    0.23   clock network delay (ideal)
                          0.00    0.23   clock reconvergence pessimism
                         -0.32   -0.08   output external delay
                                 -0.08   data required time
-----------------------------------------------------------------------------
                                 -0.08   data required time
                                 -0.56   data arrival time
-----------------------------------------------------------------------------
                                  0.65   slack (MET)



==========================================================================
finish report_checks -path_delay max
--------------------------------------------------------------------------
Startpoint: dpath.b_reg.out[10]$_DFFE_PP_
            (rising edge-triggered flip-flop clocked by core_clock)
Endpoint: dpath.b_reg.out[2]$_DFFE_PP_
          (rising edge-triggered flip-flop clocked by core_clock)
Path Group: core_clock
Path Type: max

Fanout     Cap    Slew   Delay    Time   Description
-----------------------------------------------------------------------------
                          0.00    0.00   clock core_clock (rise edge)
                          0.00    0.00   clock source latency
     1    0.01    0.00    0.00    0.00 ^ clk (in)
                                         clk (net)
                  0.00    0.00    0.00 ^ clkbuf_0_clk/A (sky130_fd_sc_hs__clkbuf_8)
     4    0.04    0.05    0.11    0.11 ^ clkbuf_0_clk/X (sky130_fd_sc_hs__clkbuf_8)
                                         clknet_0_clk (net)
                  0.05    0.00    0.11 ^ clkbuf_2_2__f_clk/A (sky130_fd_sc_hs__clkbuf_8)
     9    0.04    0.06    0.13    0.23 ^ clkbuf_2_2__f_clk/X (sky130_fd_sc_hs__clkbuf_8)
                                         clknet_2_2__leaf_clk (net)
                  0.06    0.00    0.23 ^ dpath.b_reg.out[10]$_DFFE_PP_/CLK (sky130_fd_sc_hs__edfxtp_1)
     3    0.01    0.09    0.22    0.45 ^ dpath.b_reg.out[10]$_DFFE_PP_/Q (sky130_fd_sc_hs__edfxtp_1)
                                         dpath.a_lt_b$in1[10] (net)
                  0.09    0.00    0.45 ^ _391_/A_N (sky130_fd_sc_hs__nand2b_2)
     4    0.02    0.09    0.13    0.58 ^ _391_/Y (sky130_fd_sc_hs__nand2b_2)
                                         _074_ (net)
                  0.09    0.00    0.58 ^ _393_/A (sky130_fd_sc_hs__and2_2)
     3    0.02    0.08    0.13    0.71 ^ _393_/X (sky130_fd_sc_hs__and2_2)
                                         _076_ (net)
                  0.08    0.00    0.71 ^ _451_/B (sky130_fd_sc_hs__nand2_2)
     4    0.02    0.07    0.08    0.79 v _451_/Y (sky130_fd_sc_hs__nand2_2)
                                         _133_ (net)
                  0.07    0.00    0.79 v _453_/A (sky130_fd_sc_hs__nor2_2)
     2    0.01    0.10    0.12    0.91 ^ _453_/Y (sky130_fd_sc_hs__nor2_2)
                                         _135_ (net)
                  0.10    0.00    0.91 ^ _457_/A (sky130_fd_sc_hs__and2_2)
     1    0.02    0.08    0.13    1.05 ^ _457_/X (sky130_fd_sc_hs__and2_2)
                                         _139_ (net)
                  0.08    0.00    1.05 ^ _458_/B (sky130_fd_sc_hs__nand2_8)
     2    0.02    0.05    0.05    1.09 v _458_/Y (sky130_fd_sc_hs__nand2_8)
                                         _140_ (net)
                  0.05    0.00    1.10 v _581_/A (sky130_fd_sc_hs__nand2_8)
     3    0.03    0.10    0.09    1.18 ^ _581_/Y (sky130_fd_sc_hs__nand2_8)
                                         _251_ (net)
                  0.10    0.00    1.19 ^ _640_/A2 (sky130_fd_sc_hs__o21ai_4)
     8    0.03    0.09    0.08    1.26 v _640_/Y (sky130_fd_sc_hs__o21ai_4)
                                         ctrl$b_reg_en[0] (net)
                  0.09    0.00    1.27 v dpath.b_reg.out[2]$_DFFE_PP_/DE (sky130_fd_sc_hs__edfxtp_1)
                                  1.27   data arrival time

                          1.59    1.59   clock core_clock (rise edge)
                          0.00    1.59   clock source latency
     1    0.01    0.00    0.00    1.59 ^ clk (in)
                                         clk (net)
                  0.00    0.00    1.59 ^ clkbuf_0_clk/A (sky130_fd_sc_hs__clkbuf_8)
     4    0.04    0.05    0.11    1.70 ^ clkbuf_0_clk/X (sky130_fd_sc_hs__clkbuf_8)
                                         clknet_0_clk (net)
                  0.05    0.00    1.70 ^ clkbuf_2_1__f_clk/A (sky130_fd_sc_hs__clkbuf_8)
    10    0.05    0.07    0.13    1.83 ^ clkbuf_2_1__f_clk/X (sky130_fd_sc_hs__clkbuf_8)
                                         clknet_2_1__leaf_clk (net)
                  0.07    0.00    1.83 ^ dpath.b_reg.out[2]$_DFFE_PP_/CLK (sky130_fd_sc_hs__edfxtp_1)
                          0.00    1.83   clock reconvergence pessimism
                         -0.68    1.15   library setup time
                                  1.15   data required time
-----------------------------------------------------------------------------
                                  1.15   data required time
                                 -1.27   data arrival time
-----------------------------------------------------------------------------
                                 -0.12   slack (VIOLATED)


Startpoint: dpath.a_reg.out[6]$_DFFE_PP_
            (rising edge-triggered flip-flop clocked by core_clock)
Endpoint: resp_msg[14] (output port clocked by vclk_core_clock)
Path Group: vclk_core_clock
Path Type: max

Fanout     Cap    Slew   Delay    Time   Description
-----------------------------------------------------------------------------
                          0.00    0.00   clock core_clock (rise edge)
                          0.00    0.00   clock source latency
     1    0.01    0.00    0.00    0.00 ^ clk (in)
                                         clk (net)
                  0.00    0.00    0.00 ^ clkbuf_0_clk/A (sky130_fd_sc_hs__clkbuf_8)
     4    0.04    0.05    0.11    0.11 ^ clkbuf_0_clk/X (sky130_fd_sc_hs__clkbuf_8)
                                         clknet_0_clk (net)
                  0.05    0.00    0.11 ^ clkbuf_2_1__f_clk/A (sky130_fd_sc_hs__clkbuf_8)
    10    0.05    0.07    0.13    0.24 ^ clkbuf_2_1__f_clk/X (sky130_fd_sc_hs__clkbuf_8)
                                         clknet_2_1__leaf_clk (net)
                  0.07    0.00    0.24 ^ dpath.a_reg.out[6]$_DFFE_PP_/CLK (sky130_fd_sc_hs__edfxtp_1)
     3    0.02    0.09    0.24    0.48 v dpath.a_reg.out[6]$_DFFE_PP_/Q (sky130_fd_sc_hs__edfxtp_1)
                                         dpath.a_lt_b$in0[6] (net)
                  0.09    0.00    0.48 v _376_/A (sky130_fd_sc_hs__xnor2_2)
     2    0.01    0.17    0.18    0.66 ^ _376_/Y (sky130_fd_sc_hs__xnor2_2)
                                         _059_ (net)
                  0.17    0.00    0.66 ^ _438_/B (sky130_fd_sc_hs__nand2_2)
     3    0.02    0.09    0.11    0.77 v _438_/Y (sky130_fd_sc_hs__nand2_2)
                                         _120_ (net)
                  0.09    0.00    0.77 v rebuffer305/A (sky130_fd_sc_hs__buf_1)
     1    0.00    0.03    0.10    0.86 v rebuffer305/X (sky130_fd_sc_hs__buf_1)
                                         net305 (net)
                  0.03    0.00    0.86 v rebuffer267/A (sky130_fd_sc_hs__buf_1)
     1    0.00    0.03    0.07    0.94 v rebuffer267/X (sky130_fd_sc_hs__buf_1)
                                         net267 (net)
                  0.03    0.00    0.94 v rebuffer119/A (sky130_fd_sc_hs__buf_1)
     1    0.01    0.04    0.09    1.03 v rebuffer119/X (sky130_fd_sc_hs__buf_1)
                                         net119 (net)
                  0.04    0.00    1.03 v _489_/A (sky130_fd_sc_hs__nor2_2)
     3    0.02    0.15    0.14    1.17 ^ _489_/Y (sky130_fd_sc_hs__nor2_2)
                                         _171_ (net)
                  0.15    0.00    1.17 ^ _491_/A (sky130_fd_sc_hs__and2_1)
     1    0.00    0.04    0.09    1.26 ^ _491_/X (sky130_fd_sc_hs__and2_1)
                                         _173_ (net)
                  0.04    0.00    1.26 ^ _492_/B (sky130_fd_sc_hs__nand2_1)
     2    0.01    0.05    0.05    1.32 v _492_/Y (sky130_fd_sc_hs__nand2_1)
                                         _174_ (net)
                  0.05    0.00    1.32 v _498_/A (sky130_fd_sc_hs__nand2_1)
     1    0.00    0.04    0.04    1.36 ^ _498_/Y (sky130_fd_sc_hs__nand2_1)
                                         _180_ (net)
                  0.04    0.00    1.36 ^ _500_/A (sky130_fd_sc_hs__nand2_1)
     1    0.00    0.03    0.04    1.40 v _500_/Y (sky130_fd_sc_hs__nand2_1)
                                         _182_ (net)
                  0.03    0.00    1.40 v _502_/A (sky130_fd_sc_hs__nand2_1)
     2    0.01    0.07    0.06    1.46 ^ _502_/Y (sky130_fd_sc_hs__nand2_1)
                                         net42 (net)
                  0.07    0.00    1.46 ^ output42/A (sky130_fd_sc_hs__buf_1)
     1    0.00    0.03    0.07    1.53 ^ output42/X (sky130_fd_sc_hs__buf_1)
                                         resp_msg[14] (net)
                  0.03    0.00    1.53 ^ resp_msg[14] (out)
                                  1.53   data arrival time

                  0.00    1.59    1.59   clock vclk_core_clock (rise edge)
                          0.23    1.82   clock network delay (ideal)
                          0.00    1.82   clock reconvergence pessimism
                         -0.32    1.51   output external delay
                                  1.51   data required time
-----------------------------------------------------------------------------
                                  1.51   data required time
                                 -1.53   data arrival time
-----------------------------------------------------------------------------
                                 -0.02   slack (VIOLATED)



==========================================================================
finish report_checks -unconstrained
--------------------------------------------------------------------------
Startpoint: dpath.b_reg.out[10]$_DFFE_PP_
            (rising edge-triggered flip-flop clocked by core_clock)
Endpoint: dpath.b_reg.out[2]$_DFFE_PP_
          (rising edge-triggered flip-flop clocked by core_clock)
Path Group: core_clock
Path Type: max

Fanout     Cap    Slew   Delay    Time   Description
-----------------------------------------------------------------------------
                          0.00    0.00   clock core_clock (rise edge)
                          0.00    0.00   clock source latency
     1    0.01    0.00    0.00    0.00 ^ clk (in)
                                         clk (net)
                  0.00    0.00    0.00 ^ clkbuf_0_clk/A (sky130_fd_sc_hs__clkbuf_8)
     4    0.04    0.05    0.11    0.11 ^ clkbuf_0_clk/X (sky130_fd_sc_hs__clkbuf_8)
                                         clknet_0_clk (net)
                  0.05    0.00    0.11 ^ clkbuf_2_2__f_clk/A (sky130_fd_sc_hs__clkbuf_8)
     9    0.04    0.06    0.13    0.23 ^ clkbuf_2_2__f_clk/X (sky130_fd_sc_hs__clkbuf_8)
                                         clknet_2_2__leaf_clk (net)
                  0.06    0.00    0.23 ^ dpath.b_reg.out[10]$_DFFE_PP_/CLK (sky130_fd_sc_hs__edfxtp_1)
     3    0.01    0.09    0.22    0.45 ^ dpath.b_reg.out[10]$_DFFE_PP_/Q (sky130_fd_sc_hs__edfxtp_1)
                                         dpath.a_lt_b$in1[10] (net)
                  0.09    0.00    0.45 ^ _391_/A_N (sky130_fd_sc_hs__nand2b_2)
     4    0.02    0.09    0.13    0.58 ^ _391_/Y (sky130_fd_sc_hs__nand2b_2)
                                         _074_ (net)
                  0.09    0.00    0.58 ^ _393_/A (sky130_fd_sc_hs__and2_2)
     3    0.02    0.08    0.13    0.71 ^ _393_/X (sky130_fd_sc_hs__and2_2)
                                         _076_ (net)
                  0.08    0.00    0.71 ^ _451_/B (sky130_fd_sc_hs__nand2_2)
     4    0.02    0.07    0.08    0.79 v _451_/Y (sky130_fd_sc_hs__nand2_2)
                                         _133_ (net)
                  0.07    0.00    0.79 v _453_/A (sky130_fd_sc_hs__nor2_2)
     2    0.01    0.10    0.12    0.91 ^ _453_/Y (sky130_fd_sc_hs__nor2_2)
                                         _135_ (net)
                  0.10    0.00    0.91 ^ _457_/A (sky130_fd_sc_hs__and2_2)
     1    0.02    0.08    0.13    1.05 ^ _457_/X (sky130_fd_sc_hs__and2_2)
                                         _139_ (net)
                  0.08    0.00    1.05 ^ _458_/B (sky130_fd_sc_hs__nand2_8)
     2    0.02    0.05    0.05    1.09 v _458_/Y (sky130_fd_sc_hs__nand2_8)
                                         _140_ (net)
                  0.05    0.00    1.10 v _581_/A (sky130_fd_sc_hs__nand2_8)
     3    0.03    0.10    0.09    1.18 ^ _581_/Y (sky130_fd_sc_hs__nand2_8)
                                         _251_ (net)
                  0.10    0.00    1.19 ^ _640_/A2 (sky130_fd_sc_hs__o21ai_4)
     8    0.03    0.09    0.08    1.26 v _640_/Y (sky130_fd_sc_hs__o21ai_4)
                                         ctrl$b_reg_en[0] (net)
                  0.09    0.00    1.27 v dpath.b_reg.out[2]$_DFFE_PP_/DE (sky130_fd_sc_hs__edfxtp_1)
                                  1.27   data arrival time

                          1.59    1.59   clock core_clock (rise edge)
                          0.00    1.59   clock source latency
     1    0.01    0.00    0.00    1.59 ^ clk (in)
                                         clk (net)
                  0.00    0.00    1.59 ^ clkbuf_0_clk/A (sky130_fd_sc_hs__clkbuf_8)
     4    0.04    0.05    0.11    1.70 ^ clkbuf_0_clk/X (sky130_fd_sc_hs__clkbuf_8)
                                         clknet_0_clk (net)
                  0.05    0.00    1.70 ^ clkbuf_2_1__f_clk/A (sky130_fd_sc_hs__clkbuf_8)
    10    0.05    0.07    0.13    1.83 ^ clkbuf_2_1__f_clk/X (sky130_fd_sc_hs__clkbuf_8)
                                         clknet_2_1__leaf_clk (net)
                  0.07    0.00    1.83 ^ dpath.b_reg.out[2]$_DFFE_PP_/CLK (sky130_fd_sc_hs__edfxtp_1)
                          0.00    1.83   clock reconvergence pessimism
                         -0.68    1.15   library setup time
                                  1.15   data required time
-----------------------------------------------------------------------------
                                  1.15   data required time
                                 -1.27   data arrival time
-----------------------------------------------------------------------------
                                 -0.12   slack (VIOLATED)


Startpoint: dpath.a_reg.out[6]$_DFFE_PP_
            (rising edge-triggered flip-flop clocked by core_clock)
Endpoint: resp_msg[14] (output port clocked by vclk_core_clock)
Path Group: vclk_core_clock
Path Type: max

Fanout     Cap    Slew   Delay    Time   Description
-----------------------------------------------------------------------------
                          0.00    0.00   clock core_clock (rise edge)
                          0.00    0.00   clock source latency
     1    0.01    0.00    0.00    0.00 ^ clk (in)
                                         clk (net)
                  0.00    0.00    0.00 ^ clkbuf_0_clk/A (sky130_fd_sc_hs__clkbuf_8)
     4    0.04    0.05    0.11    0.11 ^ clkbuf_0_clk/X (sky130_fd_sc_hs__clkbuf_8)
                                         clknet_0_clk (net)
                  0.05    0.00    0.11 ^ clkbuf_2_1__f_clk/A (sky130_fd_sc_hs__clkbuf_8)
    10    0.05    0.07    0.13    0.24 ^ clkbuf_2_1__f_clk/X (sky130_fd_sc_hs__clkbuf_8)
                                         clknet_2_1__leaf_clk (net)
                  0.07    0.00    0.24 ^ dpath.a_reg.out[6]$_DFFE_PP_/CLK (sky130_fd_sc_hs__edfxtp_1)
     3    0.02    0.09    0.24    0.48 v dpath.a_reg.out[6]$_DFFE_PP_/Q (sky130_fd_sc_hs__edfxtp_1)
                                         dpath.a_lt_b$in0[6] (net)
                  0.09    0.00    0.48 v _376_/A (sky130_fd_sc_hs__xnor2_2)
     2    0.01    0.17    0.18    0.66 ^ _376_/Y (sky130_fd_sc_hs__xnor2_2)
                                         _059_ (net)
                  0.17    0.00    0.66 ^ _438_/B (sky130_fd_sc_hs__nand2_2)
     3    0.02    0.09    0.11    0.77 v _438_/Y (sky130_fd_sc_hs__nand2_2)
                                         _120_ (net)
                  0.09    0.00    0.77 v rebuffer305/A (sky130_fd_sc_hs__buf_1)
     1    0.00    0.03    0.10    0.86 v rebuffer305/X (sky130_fd_sc_hs__buf_1)
                                         net305 (net)
                  0.03    0.00    0.86 v rebuffer267/A (sky130_fd_sc_hs__buf_1)
     1    0.00    0.03    0.07    0.94 v rebuffer267/X (sky130_fd_sc_hs__buf_1)
                                         net267 (net)
                  0.03    0.00    0.94 v rebuffer119/A (sky130_fd_sc_hs__buf_1)
     1    0.01    0.04    0.09    1.03 v rebuffer119/X (sky130_fd_sc_hs__buf_1)
                                         net119 (net)
                  0.04    0.00    1.03 v _489_/A (sky130_fd_sc_hs__nor2_2)
     3    0.02    0.15    0.14    1.17 ^ _489_/Y (sky130_fd_sc_hs__nor2_2)
                                         _171_ (net)
                  0.15    0.00    1.17 ^ _491_/A (sky130_fd_sc_hs__and2_1)
     1    0.00    0.04    0.09    1.26 ^ _491_/X (sky130_fd_sc_hs__and2_1)
                                         _173_ (net)
                  0.04    0.00    1.26 ^ _492_/B (sky130_fd_sc_hs__nand2_1)
     2    0.01    0.05    0.05    1.32 v _492_/Y (sky130_fd_sc_hs__nand2_1)
                                         _174_ (net)
                  0.05    0.00    1.32 v _498_/A (sky130_fd_sc_hs__nand2_1)
     1    0.00    0.04    0.04    1.36 ^ _498_/Y (sky130_fd_sc_hs__nand2_1)
                                         _180_ (net)
                  0.04    0.00    1.36 ^ _500_/A (sky130_fd_sc_hs__nand2_1)
     1    0.00    0.03    0.04    1.40 v _500_/Y (sky130_fd_sc_hs__nand2_1)
                                         _182_ (net)
                  0.03    0.00    1.40 v _502_/A (sky130_fd_sc_hs__nand2_1)
     2    0.01    0.07    0.06    1.46 ^ _502_/Y (sky130_fd_sc_hs__nand2_1)
                                         net42 (net)
                  0.07    0.00    1.46 ^ output42/A (sky130_fd_sc_hs__buf_1)
     1    0.00    0.03    0.07    1.53 ^ output42/X (sky130_fd_sc_hs__buf_1)
                                         resp_msg[14] (net)
                  0.03    0.00    1.53 ^ resp_msg[14] (out)
                                  1.53   data arrival time

                  0.00    1.59    1.59   clock vclk_core_clock (rise edge)
                          0.23    1.82   clock network delay (ideal)
                          0.00    1.82   clock reconvergence pessimism
                         -0.32    1.51   output external delay
                                  1.51   data required time
-----------------------------------------------------------------------------
                                  1.51   data required time
                                 -1.53   data arrival time
-----------------------------------------------------------------------------
                                 -0.02   slack (VIOLATED)



==========================================================================
finish report_check_types -max_slew -max_cap -max_fanout -violators
--------------------------------------------------------------------------

==========================================================================
finish max_slew_check_slack
--------------------------------------------------------------------------
0.43452203273773193

==========================================================================
finish max_slew_check_limit
--------------------------------------------------------------------------
1.0

==========================================================================
finish max_slew_check_slack_limit
--------------------------------------------------------------------------
0.4345

==========================================================================
finish max_fanout_check_slack
--------------------------------------------------------------------------
1.0000000150474662e+30

==========================================================================
finish max_fanout_check_limit
--------------------------------------------------------------------------
1.0000000150474662e+30

==========================================================================
finish max_capacitance_check_slack
--------------------------------------------------------------------------
0.02650843746960163

==========================================================================
finish max_capacitance_check_limit
--------------------------------------------------------------------------
0.034299999475479126

==========================================================================
finish max_capacitance_check_slack_limit
--------------------------------------------------------------------------
0.7728

==========================================================================
finish max_slew_violation_count
--------------------------------------------------------------------------
max slew violation count 0

==========================================================================
finish max_fanout_violation_count
--------------------------------------------------------------------------
max fanout violation count 0

==========================================================================
finish max_cap_violation_count
--------------------------------------------------------------------------
max cap violation count 0

==========================================================================
finish setup_violation_count
--------------------------------------------------------------------------
setup violation count 31

==========================================================================
finish hold_violation_count
--------------------------------------------------------------------------
hold violation count 0

==========================================================================
finish report_checks -path_delay max reg to reg
--------------------------------------------------------------------------
Startpoint: dpath.b_reg.out[10]$_DFFE_PP_
            (rising edge-triggered flip-flop clocked by core_clock)
Endpoint: dpath.b_reg.out[2]$_DFFE_PP_
          (rising edge-triggered flip-flop clocked by core_clock)
Path Group: core_clock
Path Type: max

  Delay    Time   Description
---------------------------------------------------------
   0.00    0.00   clock core_clock (rise edge)
   0.00    0.00   clock source latency
   0.00    0.00 ^ clk (in)
   0.11    0.11 ^ clkbuf_0_clk/X (sky130_fd_sc_hs__clkbuf_8)
   0.13    0.23 ^ clkbuf_2_2__f_clk/X (sky130_fd_sc_hs__clkbuf_8)
   0.00    0.23 ^ dpath.b_reg.out[10]$_DFFE_PP_/CLK (sky130_fd_sc_hs__edfxtp_1)
   0.22    0.45 ^ dpath.b_reg.out[10]$_DFFE_PP_/Q (sky130_fd_sc_hs__edfxtp_1)
   0.13    0.58 ^ _391_/Y (sky130_fd_sc_hs__nand2b_2)
   0.13    0.71 ^ _393_/X (sky130_fd_sc_hs__and2_2)
   0.08    0.79 v _451_/Y (sky130_fd_sc_hs__nand2_2)
   0.12    0.91 ^ _453_/Y (sky130_fd_sc_hs__nor2_2)
   0.13    1.05 ^ _457_/X (sky130_fd_sc_hs__and2_2)
   0.05    1.09 v _458_/Y (sky130_fd_sc_hs__nand2_8)
   0.09    1.18 ^ _581_/Y (sky130_fd_sc_hs__nand2_8)
   0.08    1.26 v _640_/Y (sky130_fd_sc_hs__o21ai_4)
   0.00    1.27 v dpath.b_reg.out[2]$_DFFE_PP_/DE (sky130_fd_sc_hs__edfxtp_1)
           1.27   data arrival time

   1.59    1.59   clock core_clock (rise edge)
   0.00    1.59   clock source latency
   0.00    1.59 ^ clk (in)
   0.11    1.70 ^ clkbuf_0_clk/X (sky130_fd_sc_hs__clkbuf_8)
   0.13    1.83 ^ clkbuf_2_1__f_clk/X (sky130_fd_sc_hs__clkbuf_8)
   0.00    1.83 ^ dpath.b_reg.out[2]$_DFFE_PP_/CLK (sky130_fd_sc_hs__edfxtp_1)
   0.00    1.83   clock reconvergence pessimism
  -0.68    1.15   library setup time
           1.15   data required time
---------------------------------------------------------
           1.15   data required time
          -1.27   data arrival time
---------------------------------------------------------
          -0.12   slack (VIOLATED)



==========================================================================
finish report_checks -path_delay min reg to reg
--------------------------------------------------------------------------
Startpoint: ctrl.state.out[2]$_DFF_P_
            (rising edge-triggered flip-flop clocked by core_clock)
Endpoint: dpath.b_reg.out[3]$_DFFE_PP_
          (rising edge-triggered flip-flop clocked by core_clock)
Path Group: core_clock
Path Type: min

  Delay    Time   Description
---------------------------------------------------------
   0.00    0.00   clock core_clock (rise edge)
   0.00    0.00   clock source latency
   0.00    0.00 ^ clk (in)
   0.11    0.11 ^ clkbuf_0_clk/X (sky130_fd_sc_hs__clkbuf_8)
   0.13    0.23 ^ clkbuf_2_0__f_clk/X (sky130_fd_sc_hs__clkbuf_8)
   0.00    0.24 ^ ctrl.state.out[2]$_DFF_P_/CLK (sky130_fd_sc_hs__dfxtp_1)
   0.21    0.44 ^ ctrl.state.out[2]$_DFF_P_/Q (sky130_fd_sc_hs__dfxtp_1)
   0.13    0.57 v _476_/Y (sky130_fd_sc_hs__inv_1)
   0.18    0.75 ^ clone266/Y (sky130_fd_sc_hs__o21ai_4)
   0.00    0.75 ^ dpath.b_reg.out[3]$_DFFE_PP_/DE (sky130_fd_sc_hs__edfxtp_1)
           0.75   data arrival time

   0.00    0.00   clock core_clock (rise edge)
   0.00    0.00   clock source latency
   0.00    0.00 ^ clk (in)
   0.11    0.11 ^ clkbuf_0_clk/X (sky130_fd_sc_hs__clkbuf_8)
   0.13    0.23 ^ clkbuf_2_0__f_clk/X (sky130_fd_sc_hs__clkbuf_8)
   0.00    0.24 ^ dpath.b_reg.out[3]$_DFFE_PP_/CLK (sky130_fd_sc_hs__edfxtp_1)
   0.00    0.24   clock reconvergence pessimism
   0.24    0.48   library hold time
           0.48   data required time
---------------------------------------------------------
           0.48   data required time
          -0.75   data arrival time
---------------------------------------------------------
           0.27   slack (MET)



==========================================================================
finish critical path target clock latency max path
--------------------------------------------------------------------------
0.2400

==========================================================================
finish critical path target clock latency min path
--------------------------------------------------------------------------
0.2364

==========================================================================
finish critical path source clock latency min path
--------------------------------------------------------------------------
0.2350

==========================================================================
finish critical path delay
--------------------------------------------------------------------------
1.2651

==========================================================================
finish critical path slack
--------------------------------------------------------------------------
-0.1199

==========================================================================
finish slack div critical path delay
--------------------------------------------------------------------------
-9.477512

==========================================================================
finish report_power
--------------------------------------------------------------------------
Group                  Internal  Switching    Leakage      Total
                          Power      Power      Power      Power (Watts)
----------------------------------------------------------------
Sequential             1.43e-03   1.41e-04   4.70e-08   1.57e-03  28.3%
Combinational          1.84e-03   1.31e-03   4.72e-08   3.15e-03  57.0%
Clock                  3.79e-04   4.33e-04   1.26e-09   8.12e-04  14.7%
Macro                  0.00e+00   0.00e+00   0.00e+00   0.00e+00   0.0%
Pad                    0.00e+00   0.00e+00   0.00e+00   0.00e+00   0.0%
----------------------------------------------------------------
Total                  3.65e-03   1.88e-03   9.55e-08   5.53e-03 100.0%
                          66.0%      34.0%       0.0%
