
==========================================================================
detailed place report_tns
--------------------------------------------------------------------------
tns max 0.00

==========================================================================
detailed place report_wns
--------------------------------------------------------------------------
wns max 0.00

==========================================================================
detailed place report_worst_slack
--------------------------------------------------------------------------
worst slack max 0.03

==========================================================================
detailed place report_clock_min_period
--------------------------------------------------------------------------
core_clock period_min = 1.69 fmax = 592.48
vclk_core_clock period_min = 0.00 fmax = inf

==========================================================================
detailed place report_checks -path_delay min
--------------------------------------------------------------------------
Startpoint: ctrl.state.out[1]$_DFF_P_
            (rising edge-triggered flip-flop clocked by core_clock)
Endpoint: ctrl.state.out[1]$_DFF_P_
          (rising edge-triggered flip-flop clocked by core_clock)
Path Group: core_clock
Path Type: min

Fanout     Cap    Slew   Delay    Time   Description
-----------------------------------------------------------------------------
                  0.00    0.00    0.00   clock core_clock (rise edge)
                          0.23    0.23   clock network delay (ideal)
                  0.00    0.00    0.23 ^ ctrl.state.out[1]$_DFF_P_/CLK (sky130_fd_sc_hs__dfxtp_1)
     2    0.01    0.06    0.19    0.42 ^ ctrl.state.out[1]$_DFF_P_/Q (sky130_fd_sc_hs__dfxtp_1)
                                         ctrl.state.out[1] (net)
                  0.06    0.00    0.42 ^ _635_/B (sky130_fd_sc_hs__nand2_1)
     1    0.00    0.03    0.04    0.46 v _635_/Y (sky130_fd_sc_hs__nand2_1)
                                         _291_ (net)
                  0.03    0.00    0.46 v _636_/B1 (sky130_fd_sc_hs__o31ai_1)
     1    0.00    0.04    0.05    0.51 ^ _636_/Y (sky130_fd_sc_hs__o31ai_1)
                                         _001_ (net)
                  0.04    0.00    0.51 ^ ctrl.state.out[1]$_DFF_P_/D (sky130_fd_sc_hs__dfxtp_1)
                                  0.51   data arrival time

                  0.00    0.00    0.00   clock core_clock (rise edge)
                          0.23    0.23   clock network delay (ideal)
                          0.00    0.23   clock reconvergence pessimism
                                  0.23 ^ ctrl.state.out[1]$_DFF_P_/CLK (sky130_fd_sc_hs__dfxtp_1)
                          0.00    0.24   library hold time
                                  0.24   data required time
-----------------------------------------------------------------------------
                                  0.24   data required time
                                 -0.51   data arrival time
-----------------------------------------------------------------------------
                                  0.27   slack (MET)


Startpoint: ctrl.state.out[2]$_DFF_P_
            (rising edge-triggered flip-flop clocked by core_clock)
Endpoint: resp_val (output port clocked by vclk_core_clock)
Path Group: vclk_core_clock
Path Type: min

Fanout     Cap    Slew   Delay    Time   Description
-----------------------------------------------------------------------------
                  0.00    0.00    0.00   clock core_clock (rise edge)
                          0.23    0.23   clock network delay (ideal)
                  0.00    0.00    0.23 ^ ctrl.state.out[2]$_DFF_P_/CLK (sky130_fd_sc_hs__dfxtp_1)
     2    0.01    0.06    0.19    0.42 ^ ctrl.state.out[2]$_DFF_P_/Q (sky130_fd_sc_hs__dfxtp_1)
                                         ctrl.state.out[2] (net)
                  0.06    0.00    0.42 ^ _627_/B (sky130_fd_sc_hs__nor3b_1)
     2    0.01    0.04    0.05    0.47 v _627_/Y (sky130_fd_sc_hs__nor3b_1)
                                         net53 (net)
                  0.04    0.00    0.47 v output53/A (sky130_fd_sc_hs__buf_1)
     1    0.00    0.01    0.06    0.54 v output53/X (sky130_fd_sc_hs__buf_1)
                                         resp_val (net)
                  0.01    0.00    0.54 v resp_val (out)
                                  0.54   data arrival time

                  0.00    0.00    0.00   clock vclk_core_clock (rise edge)
                          0.23    0.23   clock network delay (ideal)
                          0.00    0.23   clock reconvergence pessimism
                         -0.34   -0.11   output external delay
                                 -0.11   data required time
-----------------------------------------------------------------------------
                                 -0.11   data required time
                                 -0.54   data arrival time
-----------------------------------------------------------------------------
                                  0.64   slack (MET)



==========================================================================
detailed place report_checks -path_delay max
--------------------------------------------------------------------------
Startpoint: dpath.a_reg.out[11]$_DFFE_PP_
            (rising edge-triggered flip-flop clocked by core_clock)
Endpoint: dpath.b_reg.out[9]$_DFFE_PP_
          (rising edge-triggered flip-flop clocked by core_clock)
Path Group: core_clock
Path Type: max

Fanout     Cap    Slew   Delay    Time   Description
-----------------------------------------------------------------------------
                  0.00    0.00    0.00   clock core_clock (rise edge)
                          0.23    0.23   clock network delay (ideal)
                  0.00    0.00    0.23 ^ dpath.a_reg.out[11]$_DFFE_PP_/CLK (sky130_fd_sc_hs__edfxtp_1)
     3    0.02    0.09    0.22    0.45 v dpath.a_reg.out[11]$_DFFE_PP_/Q (sky130_fd_sc_hs__edfxtp_1)
                                         dpath.a_lt_b$in0[11] (net)
                  0.09    0.00    0.45 v _409_/A_N (sky130_fd_sc_hs__nand2b_1)
     3    0.01    0.07    0.14    0.59 v _409_/Y (sky130_fd_sc_hs__nand2b_1)
                                         _092_ (net)
                  0.08    0.00    0.59 v _410_/B (sky130_fd_sc_hs__and2_2)
     4    0.02    0.05    0.14    0.73 v _410_/X (sky130_fd_sc_hs__and2_2)
                                         _093_ (net)
                  0.05    0.00    0.73 v _451_/A (sky130_fd_sc_hs__nand2_2)
     4    0.02    0.09    0.08    0.81 ^ _451_/Y (sky130_fd_sc_hs__nand2_2)
                                         _133_ (net)
                  0.09    0.00    0.81 ^ _453_/A (sky130_fd_sc_hs__nor2_2)
     3    0.01    0.05    0.08    0.89 v _453_/Y (sky130_fd_sc_hs__nor2_2)
                                         _135_ (net)
                  0.05    0.00    0.89 v _457_/A (sky130_fd_sc_hs__and2_2)
     1    0.02    0.04    0.11    0.99 v _457_/X (sky130_fd_sc_hs__and2_2)
                                         _139_ (net)
                  0.04    0.00    0.99 v _458_/B (sky130_fd_sc_hs__nand2_8)
     2    0.01    0.05    0.07    1.06 ^ _458_/Y (sky130_fd_sc_hs__nand2_8)
                                         _140_ (net)
                  0.05    0.00    1.06 ^ _581_/A (sky130_fd_sc_hs__nand2_2)
     2    0.01    0.05    0.05    1.11 v _581_/Y (sky130_fd_sc_hs__nand2_2)
                                         _251_ (net)
                  0.05    0.00    1.11 v _640_/A2 (sky130_fd_sc_hs__o21ai_2)
    16    0.05    0.45    0.34    1.45 ^ _640_/Y (sky130_fd_sc_hs__o21ai_2)
                                         ctrl$b_reg_en[0] (net)
                  0.45    0.00    1.46 ^ dpath.b_reg.out[9]$_DFFE_PP_/DE (sky130_fd_sc_hs__edfxtp_1)
                                  1.46   data arrival time

                  0.00    1.72    1.72   clock core_clock (rise edge)
                          0.23    1.96   clock network delay (ideal)
                          0.00    1.96   clock reconvergence pessimism
                                  1.96 ^ dpath.b_reg.out[9]$_DFFE_PP_/CLK (sky130_fd_sc_hs__edfxtp_1)
                         -0.47    1.49   library setup time
                                  1.49   data required time
-----------------------------------------------------------------------------
                                  1.49   data required time
                                 -1.46   data arrival time
-----------------------------------------------------------------------------
                                  0.03   slack (MET)


Startpoint: dpath.b_reg.out[9]$_DFFE_PP_
            (rising edge-triggered flip-flop clocked by core_clock)
Endpoint: resp_msg[11] (output port clocked by vclk_core_clock)
Path Group: vclk_core_clock
Path Type: max

Fanout     Cap    Slew   Delay    Time   Description
-----------------------------------------------------------------------------
                  0.00    0.00    0.00   clock core_clock (rise edge)
                          0.23    0.23   clock network delay (ideal)
                  0.00    0.00    0.23 ^ dpath.b_reg.out[9]$_DFFE_PP_/CLK (sky130_fd_sc_hs__edfxtp_1)
     4    0.02    0.12    0.22    0.46 ^ dpath.b_reg.out[9]$_DFFE_PP_/Q (sky130_fd_sc_hs__edfxtp_1)
                                         dpath.a_lt_b$in1[9] (net)
                  0.12    0.00    0.46 ^ _388_/A_N (sky130_fd_sc_hs__nand2b_1)
     4    0.01    0.12    0.15    0.61 ^ _388_/Y (sky130_fd_sc_hs__nand2b_1)
                                         _071_ (net)
                  0.12    0.00    0.61 ^ _390_/A (sky130_fd_sc_hs__and2_1)
     2    0.01    0.07    0.12    0.72 ^ _390_/X (sky130_fd_sc_hs__and2_1)
                                         _073_ (net)
                  0.07    0.00    0.72 ^ place76/A (sky130_fd_sc_hs__buf_1)
     2    0.01    0.06    0.09    0.81 ^ place76/X (sky130_fd_sc_hs__buf_1)
                                         net76 (net)
                  0.06    0.00    0.81 ^ _394_/A (sky130_fd_sc_hs__nand2_1)
     2    0.01    0.05    0.06    0.88 v _394_/Y (sky130_fd_sc_hs__nand2_1)
                                         _077_ (net)
                  0.05    0.00    0.88 v _401_/A (sky130_fd_sc_hs__nor2_1)
     3    0.01    0.16    0.15    1.03 ^ _401_/Y (sky130_fd_sc_hs__nor2_1)
                                         _084_ (net)
                  0.16    0.00    1.03 ^ _544_/A (sky130_fd_sc_hs__nand3_1)
     2    0.01    0.10    0.12    1.14 v _544_/Y (sky130_fd_sc_hs__nand3_1)
                                         _220_ (net)
                  0.10    0.00    1.15 v _548_/A (sky130_fd_sc_hs__nand3_1)
     1    0.00    0.06    0.07    1.22 ^ _548_/Y (sky130_fd_sc_hs__nand3_1)
                                         _224_ (net)
                  0.06    0.00    1.22 ^ _550_/A (sky130_fd_sc_hs__nand2_1)
     1    0.00    0.03    0.04    1.26 v _550_/Y (sky130_fd_sc_hs__nand2_1)
                                         _226_ (net)
                  0.03    0.00    1.26 v _551_/B (sky130_fd_sc_hs__nand2_1)
     2    0.01    0.09    0.08    1.34 ^ _551_/Y (sky130_fd_sc_hs__nand2_1)
                                         net39 (net)
                  0.09    0.00    1.34 ^ output39/A (sky130_fd_sc_hs__buf_1)
     1    0.00    0.02    0.07    1.41 ^ output39/X (sky130_fd_sc_hs__buf_1)
                                         resp_msg[11] (net)
                  0.02    0.00    1.41 ^ resp_msg[11] (out)
                                  1.41   data arrival time

                  0.00    1.72    1.72   clock vclk_core_clock (rise edge)
                          0.23    1.96   clock network delay (ideal)
                          0.00    1.96   clock reconvergence pessimism
                         -0.34    1.61   output external delay
                                  1.61   data required time
-----------------------------------------------------------------------------
                                  1.61   data required time
                                 -1.41   data arrival time
-----------------------------------------------------------------------------
                                  0.20   slack (MET)



==========================================================================
detailed place report_checks -unconstrained
--------------------------------------------------------------------------
Startpoint: dpath.a_reg.out[11]$_DFFE_PP_
            (rising edge-triggered flip-flop clocked by core_clock)
Endpoint: dpath.b_reg.out[9]$_DFFE_PP_
          (rising edge-triggered flip-flop clocked by core_clock)
Path Group: core_clock
Path Type: max

Fanout     Cap    Slew   Delay    Time   Description
-----------------------------------------------------------------------------
                  0.00    0.00    0.00   clock core_clock (rise edge)
                          0.23    0.23   clock network delay (ideal)
                  0.00    0.00    0.23 ^ dpath.a_reg.out[11]$_DFFE_PP_/CLK (sky130_fd_sc_hs__edfxtp_1)
     3    0.02    0.09    0.22    0.45 v dpath.a_reg.out[11]$_DFFE_PP_/Q (sky130_fd_sc_hs__edfxtp_1)
                                         dpath.a_lt_b$in0[11] (net)
                  0.09    0.00    0.45 v _409_/A_N (sky130_fd_sc_hs__nand2b_1)
     3    0.01    0.07    0.14    0.59 v _409_/Y (sky130_fd_sc_hs__nand2b_1)
                                         _092_ (net)
                  0.08    0.00    0.59 v _410_/B (sky130_fd_sc_hs__and2_2)
     4    0.02    0.05    0.14    0.73 v _410_/X (sky130_fd_sc_hs__and2_2)
                                         _093_ (net)
                  0.05    0.00    0.73 v _451_/A (sky130_fd_sc_hs__nand2_2)
     4    0.02    0.09    0.08    0.81 ^ _451_/Y (sky130_fd_sc_hs__nand2_2)
                                         _133_ (net)
                  0.09    0.00    0.81 ^ _453_/A (sky130_fd_sc_hs__nor2_2)
     3    0.01    0.05    0.08    0.89 v _453_/Y (sky130_fd_sc_hs__nor2_2)
                                         _135_ (net)
                  0.05    0.00    0.89 v _457_/A (sky130_fd_sc_hs__and2_2)
     1    0.02    0.04    0.11    0.99 v _457_/X (sky130_fd_sc_hs__and2_2)
                                         _139_ (net)
                  0.04    0.00    0.99 v _458_/B (sky130_fd_sc_hs__nand2_8)
     2    0.01    0.05    0.07    1.06 ^ _458_/Y (sky130_fd_sc_hs__nand2_8)
                                         _140_ (net)
                  0.05    0.00    1.06 ^ _581_/A (sky130_fd_sc_hs__nand2_2)
     2    0.01    0.05    0.05    1.11 v _581_/Y (sky130_fd_sc_hs__nand2_2)
                                         _251_ (net)
                  0.05    0.00    1.11 v _640_/A2 (sky130_fd_sc_hs__o21ai_2)
    16    0.05    0.45    0.34    1.45 ^ _640_/Y (sky130_fd_sc_hs__o21ai_2)
                                         ctrl$b_reg_en[0] (net)
                  0.45    0.00    1.46 ^ dpath.b_reg.out[9]$_DFFE_PP_/DE (sky130_fd_sc_hs__edfxtp_1)
                                  1.46   data arrival time

                  0.00    1.72    1.72   clock core_clock (rise edge)
                          0.23    1.96   clock network delay (ideal)
                          0.00    1.96   clock reconvergence pessimism
                                  1.96 ^ dpath.b_reg.out[9]$_DFFE_PP_/CLK (sky130_fd_sc_hs__edfxtp_1)
                         -0.47    1.49   library setup time
                                  1.49   data required time
-----------------------------------------------------------------------------
                                  1.49   data required time
                                 -1.46   data arrival time
-----------------------------------------------------------------------------
                                  0.03   slack (MET)


Startpoint: dpath.b_reg.out[9]$_DFFE_PP_
            (rising edge-triggered flip-flop clocked by core_clock)
Endpoint: resp_msg[11] (output port clocked by vclk_core_clock)
Path Group: vclk_core_clock
Path Type: max

Fanout     Cap    Slew   Delay    Time   Description
-----------------------------------------------------------------------------
                  0.00    0.00    0.00   clock core_clock (rise edge)
                          0.23    0.23   clock network delay (ideal)
                  0.00    0.00    0.23 ^ dpath.b_reg.out[9]$_DFFE_PP_/CLK (sky130_fd_sc_hs__edfxtp_1)
     4    0.02    0.12    0.22    0.46 ^ dpath.b_reg.out[9]$_DFFE_PP_/Q (sky130_fd_sc_hs__edfxtp_1)
                                         dpath.a_lt_b$in1[9] (net)
                  0.12    0.00    0.46 ^ _388_/A_N (sky130_fd_sc_hs__nand2b_1)
     4    0.01    0.12    0.15    0.61 ^ _388_/Y (sky130_fd_sc_hs__nand2b_1)
                                         _071_ (net)
                  0.12    0.00    0.61 ^ _390_/A (sky130_fd_sc_hs__and2_1)
     2    0.01    0.07    0.12    0.72 ^ _390_/X (sky130_fd_sc_hs__and2_1)
                                         _073_ (net)
                  0.07    0.00    0.72 ^ place76/A (sky130_fd_sc_hs__buf_1)
     2    0.01    0.06    0.09    0.81 ^ place76/X (sky130_fd_sc_hs__buf_1)
                                         net76 (net)
                  0.06    0.00    0.81 ^ _394_/A (sky130_fd_sc_hs__nand2_1)
     2    0.01    0.05    0.06    0.88 v _394_/Y (sky130_fd_sc_hs__nand2_1)
                                         _077_ (net)
                  0.05    0.00    0.88 v _401_/A (sky130_fd_sc_hs__nor2_1)
     3    0.01    0.16    0.15    1.03 ^ _401_/Y (sky130_fd_sc_hs__nor2_1)
                                         _084_ (net)
                  0.16    0.00    1.03 ^ _544_/A (sky130_fd_sc_hs__nand3_1)
     2    0.01    0.10    0.12    1.14 v _544_/Y (sky130_fd_sc_hs__nand3_1)
                                         _220_ (net)
                  0.10    0.00    1.15 v _548_/A (sky130_fd_sc_hs__nand3_1)
     1    0.00    0.06    0.07    1.22 ^ _548_/Y (sky130_fd_sc_hs__nand3_1)
                                         _224_ (net)
                  0.06    0.00    1.22 ^ _550_/A (sky130_fd_sc_hs__nand2_1)
     1    0.00    0.03    0.04    1.26 v _550_/Y (sky130_fd_sc_hs__nand2_1)
                                         _226_ (net)
                  0.03    0.00    1.26 v _551_/B (sky130_fd_sc_hs__nand2_1)
     2    0.01    0.09    0.08    1.34 ^ _551_/Y (sky130_fd_sc_hs__nand2_1)
                                         net39 (net)
                  0.09    0.00    1.34 ^ output39/A (sky130_fd_sc_hs__buf_1)
     1    0.00    0.02    0.07    1.41 ^ output39/X (sky130_fd_sc_hs__buf_1)
                                         resp_msg[11] (net)
                  0.02    0.00    1.41 ^ resp_msg[11] (out)
                                  1.41   data arrival time

                  0.00    1.72    1.72   clock vclk_core_clock (rise edge)
                          0.23    1.96   clock network delay (ideal)
                          0.00    1.96   clock reconvergence pessimism
                         -0.34    1.61   output external delay
                                  1.61   data required time
-----------------------------------------------------------------------------
                                  1.61   data required time
                                 -1.41   data arrival time
-----------------------------------------------------------------------------
                                  0.20   slack (MET)



==========================================================================
detailed place report_check_types -max_slew -max_cap -max_fanout -violators
--------------------------------------------------------------------------

==========================================================================
detailed place max_slew_check_slack
--------------------------------------------------------------------------
0.41563352942466736

==========================================================================
detailed place max_slew_check_limit
--------------------------------------------------------------------------
1.0

==========================================================================
detailed place max_slew_check_slack_limit
--------------------------------------------------------------------------
0.4156

==========================================================================
detailed place max_fanout_check_slack
--------------------------------------------------------------------------
1.0000000150474662e+30

==========================================================================
detailed place max_fanout_check_limit
--------------------------------------------------------------------------
1.0000000150474662e+30

==========================================================================
detailed place max_capacitance_check_slack
--------------------------------------------------------------------------
0.026871807873249054

==========================================================================
detailed place max_capacitance_check_limit
--------------------------------------------------------------------------
0.034299999475479126

==========================================================================
detailed place max_capacitance_check_slack_limit
--------------------------------------------------------------------------
0.7834

==========================================================================
detailed place max_slew_violation_count
--------------------------------------------------------------------------
max slew violation count 0

==========================================================================
detailed place max_fanout_violation_count
--------------------------------------------------------------------------
max fanout violation count 0

==========================================================================
detailed place max_cap_violation_count
--------------------------------------------------------------------------
max cap violation count 0

==========================================================================
detailed place setup_violation_count
--------------------------------------------------------------------------
setup violation count 0

==========================================================================
detailed place hold_violation_count
--------------------------------------------------------------------------
hold violation count 0

==========================================================================
detailed place report_checks -path_delay max reg to reg
--------------------------------------------------------------------------
Startpoint: dpath.a_reg.out[11]$_DFFE_PP_
            (rising edge-triggered flip-flop clocked by core_clock)
Endpoint: dpath.b_reg.out[9]$_DFFE_PP_
          (rising edge-triggered flip-flop clocked by core_clock)
Path Group: core_clock
Path Type: max

  Delay    Time   Description
---------------------------------------------------------
   0.00    0.00   clock core_clock (rise edge)
   0.23    0.23   clock network delay (ideal)
   0.00    0.23 ^ dpath.a_reg.out[11]$_DFFE_PP_/CLK (sky130_fd_sc_hs__edfxtp_1)
   0.22    0.45 v dpath.a_reg.out[11]$_DFFE_PP_/Q (sky130_fd_sc_hs__edfxtp_1)
   0.14    0.59 v _409_/Y (sky130_fd_sc_hs__nand2b_1)
   0.14    0.73 v _410_/X (sky130_fd_sc_hs__and2_2)
   0.08    0.81 ^ _451_/Y (sky130_fd_sc_hs__nand2_2)
   0.08    0.89 v _453_/Y (sky130_fd_sc_hs__nor2_2)
   0.11    0.99 v _457_/X (sky130_fd_sc_hs__and2_2)
   0.07    1.06 ^ _458_/Y (sky130_fd_sc_hs__nand2_8)
   0.05    1.11 v _581_/Y (sky130_fd_sc_hs__nand2_2)
   0.34    1.45 ^ _640_/Y (sky130_fd_sc_hs__o21ai_2)
   0.00    1.46 ^ dpath.b_reg.out[9]$_DFFE_PP_/DE (sky130_fd_sc_hs__edfxtp_1)
           1.46   data arrival time

   1.72    1.72   clock core_clock (rise edge)
   0.23    1.96   clock network delay (ideal)
   0.00    1.96   clock reconvergence pessimism
           1.96 ^ dpath.b_reg.out[9]$_DFFE_PP_/CLK (sky130_fd_sc_hs__edfxtp_1)
  -0.47    1.49   library setup time
           1.49   data required time
---------------------------------------------------------
           1.49   data required time
          -1.46   data arrival time
---------------------------------------------------------
           0.03   slack (MET)



==========================================================================
detailed place report_checks -path_delay min reg to reg
--------------------------------------------------------------------------
Startpoint: ctrl.state.out[1]$_DFF_P_
            (rising edge-triggered flip-flop clocked by core_clock)
Endpoint: ctrl.state.out[1]$_DFF_P_
          (rising edge-triggered flip-flop clocked by core_clock)
Path Group: core_clock
Path Type: min

  Delay    Time   Description
---------------------------------------------------------
   0.00    0.00   clock core_clock (rise edge)
   0.23    0.23   clock network delay (ideal)
   0.00    0.23 ^ ctrl.state.out[1]$_DFF_P_/CLK (sky130_fd_sc_hs__dfxtp_1)
   0.19    0.42 ^ ctrl.state.out[1]$_DFF_P_/Q (sky130_fd_sc_hs__dfxtp_1)
   0.04    0.46 v _635_/Y (sky130_fd_sc_hs__nand2_1)
   0.05    0.51 ^ _636_/Y (sky130_fd_sc_hs__o31ai_1)
   0.00    0.51 ^ ctrl.state.out[1]$_DFF_P_/D (sky130_fd_sc_hs__dfxtp_1)
           0.51   data arrival time

   0.00    0.00   clock core_clock (rise edge)
   0.23    0.23   clock network delay (ideal)
   0.00    0.23   clock reconvergence pessimism
           0.23 ^ ctrl.state.out[1]$_DFF_P_/CLK (sky130_fd_sc_hs__dfxtp_1)
   0.00    0.24   library hold time
           0.24   data required time
---------------------------------------------------------
           0.24   data required time
          -0.51   data arrival time
---------------------------------------------------------
           0.27   slack (MET)



==========================================================================
detailed place critical path target clock latency max path
--------------------------------------------------------------------------
0.2350

==========================================================================
detailed place critical path target clock latency min path
--------------------------------------------------------------------------
0.2350

==========================================================================
detailed place critical path source clock latency min path
--------------------------------------------------------------------------
0.2350

==========================================================================
detailed place critical path delay
--------------------------------------------------------------------------
1.4569

==========================================================================
detailed place critical path slack
--------------------------------------------------------------------------
0.0322

==========================================================================
detailed place slack div critical path delay
--------------------------------------------------------------------------
2.210172

==========================================================================
detailed place report_power
--------------------------------------------------------------------------
Group                  Internal  Switching    Leakage      Total
                          Power      Power      Power      Power (Watts)
----------------------------------------------------------------
Sequential             1.37e-03   1.27e-04   4.70e-08   1.50e-03  39.9%
Combinational          1.32e-03   9.40e-04   3.91e-08   2.26e-03  60.1%
Clock                  0.00e+00   0.00e+00   0.00e+00   0.00e+00   0.0%
Macro                  0.00e+00   0.00e+00   0.00e+00   0.00e+00   0.0%
Pad                    0.00e+00   0.00e+00   0.00e+00   0.00e+00   0.0%
----------------------------------------------------------------
Total                  2.69e-03   1.07e-03   8.61e-08   3.76e-03 100.0%
                          71.6%      28.4%       0.0%
