
==========================================================================
cts final report_tns
--------------------------------------------------------------------------
tns max 0.00

==========================================================================
cts final report_wns
--------------------------------------------------------------------------
wns max 0.00

==========================================================================
cts final report_worst_slack
--------------------------------------------------------------------------
worst slack max 3.83

==========================================================================
cts final report_clock_min_period
--------------------------------------------------------------------------
core_clock period_min = 6.17 fmax = 162.00
vclk period_min = 0.00 fmax = inf

==========================================================================
cts final report_clock_skew
--------------------------------------------------------------------------
Clock core_clock
   0.72 source latency round_key[19]$_SDFFE_PN0P_/CLK ^
  -0.69 target latency ciphertext[61]$_SDFFE_PN0P_/CLK ^
   0.00 CRPR
--------------
   0.03 setup skew

Clock vclk
No launch/capture paths found.


==========================================================================
cts final report_checks -path_delay min
--------------------------------------------------------------------------
Startpoint: ciphertext[74]$_SDFFE_PN0P_
            (rising edge-triggered flip-flop clocked by core_clock)
Endpoint: ciphertext[74]$_SDFFE_PN0P_
          (rising edge-triggered flip-flop clocked by core_clock)
Path Group: core_clock
Path Type: min

Fanout     Cap    Slew   Delay    Time   Description
-----------------------------------------------------------------------------
                          0.00    0.00   clock core_clock (rise edge)
                          0.00    0.00   clock source latency
     1    0.09    0.00    0.00    0.00 ^ clk (in)
                                         clk (net)
                  0.00    0.00    0.00 ^ clkbuf_0_clk/A (sky130_fd_sc_hd__clkbuf_16)
     4    0.13    0.15    0.19    0.20 ^ clkbuf_0_clk/X (sky130_fd_sc_hd__clkbuf_16)
                                         clknet_0_clk (net)
                  0.15    0.00    0.20 ^ clkbuf_2_1__f_clk/A (sky130_fd_sc_hd__clkbuf_16)
    13    0.21    0.22    0.29    0.49 ^ clkbuf_2_1__f_clk/X (sky130_fd_sc_hd__clkbuf_16)
                                         clknet_2_1__leaf_clk (net)
                  0.22    0.00    0.50 ^ clkbuf_leaf_33_clk/A (sky130_fd_sc_hd__clkbuf_16)
    12    0.04    0.06    0.20    0.69 ^ clkbuf_leaf_33_clk/X (sky130_fd_sc_hd__clkbuf_16)
                                         clknet_leaf_33_clk (net)
                  0.06    0.00    0.70 ^ ciphertext[74]$_SDFFE_PN0P_/CLK (sky130_fd_sc_hd__dfxtp_1)
     2    0.01    0.04    0.31    1.00 v ciphertext[74]$_SDFFE_PN0P_/Q (sky130_fd_sc_hd__dfxtp_1)
                                         net358 (net)
                  0.04    0.00    1.00 v _20227_/A (sky130_fd_sc_hd__nand2_1)
     1    0.00    0.04    0.05    1.05 ^ _20227_/Y (sky130_fd_sc_hd__nand2_1)
                                         _11304_ (net)
                  0.04    0.00    1.05 ^ _20272_/A1 (sky130_fd_sc_hd__a21oi_1)
     1    0.00    0.04    0.05    1.10 v _20272_/Y (sky130_fd_sc_hd__a21oi_1)
                                         _00056_ (net)
                  0.04    0.00    1.10 v ciphertext[74]$_SDFFE_PN0P_/D (sky130_fd_sc_hd__dfxtp_1)
                                  1.10   data arrival time

                          0.00    0.00   clock core_clock (rise edge)
                          0.00    0.00   clock source latency
     1    0.09    0.00    0.00    0.00 ^ clk (in)
                                         clk (net)
                  0.00    0.00    0.00 ^ clkbuf_0_clk/A (sky130_fd_sc_hd__clkbuf_16)
     4    0.13    0.15    0.19    0.20 ^ clkbuf_0_clk/X (sky130_fd_sc_hd__clkbuf_16)
                                         clknet_0_clk (net)
                  0.15    0.00    0.20 ^ clkbuf_2_1__f_clk/A (sky130_fd_sc_hd__clkbuf_16)
    13    0.21    0.22    0.29    0.49 ^ clkbuf_2_1__f_clk/X (sky130_fd_sc_hd__clkbuf_16)
                                         clknet_2_1__leaf_clk (net)
                  0.22    0.00    0.50 ^ clkbuf_leaf_33_clk/A (sky130_fd_sc_hd__clkbuf_16)
    12    0.04    0.06    0.20    0.69 ^ clkbuf_leaf_33_clk/X (sky130_fd_sc_hd__clkbuf_16)
                                         clknet_leaf_33_clk (net)
                  0.06    0.00    0.70 ^ ciphertext[74]$_SDFFE_PN0P_/CLK (sky130_fd_sc_hd__dfxtp_1)
                          0.00    0.70   clock reconvergence pessimism
                         -0.05    0.65   library hold time
                                  0.65   data required time
-----------------------------------------------------------------------------
                                  0.65   data required time
                                 -1.10   data arrival time
-----------------------------------------------------------------------------
                                  0.45   slack (MET)


Startpoint: ciphertext[58]$_SDFFE_PN0P_
            (rising edge-triggered flip-flop clocked by core_clock)
Endpoint: ciphertext[58] (output port clocked by vclk)
Path Group: vclk
Path Type: min

Fanout     Cap    Slew   Delay    Time   Description
-----------------------------------------------------------------------------
                          0.00    0.00   clock core_clock (rise edge)
                          0.00    0.00   clock source latency
     1    0.09    0.00    0.00    0.00 ^ clk (in)
                                         clk (net)
                  0.00    0.00    0.00 ^ clkbuf_0_clk/A (sky130_fd_sc_hd__clkbuf_16)
     4    0.13    0.15    0.19    0.20 ^ clkbuf_0_clk/X (sky130_fd_sc_hd__clkbuf_16)
                                         clknet_0_clk (net)
                  0.15    0.00    0.20 ^ clkbuf_2_1__f_clk/A (sky130_fd_sc_hd__clkbuf_16)
    13    0.21    0.22    0.29    0.49 ^ clkbuf_2_1__f_clk/X (sky130_fd_sc_hd__clkbuf_16)
                                         clknet_2_1__leaf_clk (net)
                  0.22    0.00    0.50 ^ clkbuf_leaf_32_clk/A (sky130_fd_sc_hd__clkbuf_16)
    12    0.04    0.06    0.20    0.70 ^ clkbuf_leaf_32_clk/X (sky130_fd_sc_hd__clkbuf_16)
                                         clknet_leaf_32_clk (net)
                  0.06    0.00    0.70 ^ ciphertext[58]$_SDFFE_PN0P_/CLK (sky130_fd_sc_hd__dfxtp_1)
     2    0.01    0.06    0.33    1.02 v ciphertext[58]$_SDFFE_PN0P_/Q (sky130_fd_sc_hd__dfxtp_1)
                                         net340 (net)
                  0.06    0.00    1.02 v output340/A (sky130_fd_sc_hd__clkdlybuf4s50_1)
     1    0.00    0.03    0.40    1.42 v output340/X (sky130_fd_sc_hd__clkdlybuf4s50_1)
                                         ciphertext[58] (net)
                  0.03    0.00    1.42 v ciphertext[58] (out)
                                  1.42   data arrival time

                  0.00    0.00    0.00   clock vclk (rise edge)
                          0.00    0.00   clock network delay (ideal)
                          0.00    0.00   clock reconvergence pessimism
                         -2.00   -2.00   output external delay
                                 -2.00   data required time
-----------------------------------------------------------------------------
                                 -2.00   data required time
                                 -1.42   data arrival time
-----------------------------------------------------------------------------
                                  3.42   slack (MET)



==========================================================================
cts final report_checks -path_delay max
--------------------------------------------------------------------------
Startpoint: round_key[1]$_SDFFE_PN0P_
            (rising edge-triggered flip-flop clocked by core_clock)
Endpoint: round_key[10]$_SDFFE_PN0P_
          (rising edge-triggered flip-flop clocked by core_clock)
Path Group: core_clock
Path Type: max

Fanout     Cap    Slew   Delay    Time   Description
-----------------------------------------------------------------------------
                          0.00    0.00   clock core_clock (rise edge)
                          0.00    0.00   clock source latency
     1    0.09    0.00    0.00    0.00 ^ clk (in)
                                         clk (net)
                  0.00    0.00    0.00 ^ clkbuf_0_clk/A (sky130_fd_sc_hd__clkbuf_16)
     4    0.13    0.15    0.19    0.20 ^ clkbuf_0_clk/X (sky130_fd_sc_hd__clkbuf_16)
                                         clknet_0_clk (net)
                  0.15    0.00    0.20 ^ clkbuf_2_0__f_clk/A (sky130_fd_sc_hd__clkbuf_16)
    13    0.21    0.22    0.30    0.50 ^ clkbuf_2_0__f_clk/X (sky130_fd_sc_hd__clkbuf_16)
                                         clknet_2_0__leaf_clk (net)
                  0.22    0.00    0.50 ^ clkbuf_leaf_2_clk/A (sky130_fd_sc_hd__clkbuf_16)
     9    0.03    0.05    0.19    0.70 ^ clkbuf_leaf_2_clk/X (sky130_fd_sc_hd__clkbuf_16)
                                         clknet_leaf_2_clk (net)
                  0.05    0.00    0.70 ^ round_key[1]$_SDFFE_PN0P_/CLK (sky130_fd_sc_hd__dfxtp_2)
    45    0.18    0.89    0.91    1.61 ^ round_key[1]$_SDFFE_PN0P_/Q (sky130_fd_sc_hd__dfxtp_2)
                                         round_key[1] (net)
                  0.89    0.01    1.62 ^ _16479_/A (sky130_fd_sc_hd__clkinv_1)
    18    0.11    0.86    0.96    2.58 v _16479_/Y (sky130_fd_sc_hd__clkinv_1)
                                         _07593_ (net)
                  0.86    0.01    2.59 v _17165_/D1 (sky130_fd_sc_hd__a2111oi_0)
     1    0.01    0.75    0.87    3.46 ^ _17165_/Y (sky130_fd_sc_hd__a2111oi_0)
                                         _08274_ (net)
                  0.75    0.00    3.46 ^ _17169_/B1 (sky130_fd_sc_hd__o22ai_1)
     2    0.02    0.26    0.33    3.79 v _17169_/Y (sky130_fd_sc_hd__o22ai_1)
                                         _08278_ (net)
                  0.26    0.00    3.79 v _17170_/S (sky130_fd_sc_hd__mux2i_1)
     1    0.00    0.15    0.24    4.03 ^ _17170_/Y (sky130_fd_sc_hd__mux2i_1)
                                         _08279_ (net)
                  0.15    0.00    4.03 ^ _17171_/D (sky130_fd_sc_hd__nand4b_1)
     5    0.06    0.73    0.60    4.64 v _17171_/Y (sky130_fd_sc_hd__nand4b_1)
                                         _08280_ (net)
                  0.73    0.01    4.64 v _20269_/B (sky130_fd_sc_hd__xnor2_2)
     6    0.03    0.50    0.65    5.29 ^ _20269_/Y (sky130_fd_sc_hd__xnor2_2)
                                         _11346_ (net)
                  0.50    0.00    5.29 ^ _22701_/B (sky130_fd_sc_hd__xnor2_1)
     4    0.03    0.26    0.34    5.63 v _22701_/Y (sky130_fd_sc_hd__xnor2_1)
                                         _13745_ (net)
                  0.26    0.00    5.63 v _27748_/A3 (sky130_fd_sc_hd__o31a_1)
     1    0.00    0.04    0.31    5.94 v _27748_/X (sky130_fd_sc_hd__o31a_1)
                                         _05429_ (net)
                  0.04    0.00    5.94 v _27751_/A2 (sky130_fd_sc_hd__o22ai_1)
     1    0.05    0.96    0.73    6.66 ^ _27751_/Y (sky130_fd_sc_hd__o22ai_1)
                                         _00374_ (net)
                  0.96    0.01    6.67 ^ round_key[10]$_SDFFE_PN0P_/D (sky130_fd_sc_hd__dfxtp_2)
                                  6.67   data arrival time

                         10.00   10.00   clock core_clock (rise edge)
                          0.00   10.00   clock source latency
     1    0.09    0.00    0.00   10.00 ^ clk (in)
                                         clk (net)
                  0.00    0.00   10.00 ^ clkbuf_0_clk/A (sky130_fd_sc_hd__clkbuf_16)
     4    0.13    0.15    0.19   10.20 ^ clkbuf_0_clk/X (sky130_fd_sc_hd__clkbuf_16)
                                         clknet_0_clk (net)
                  0.15    0.00   10.20 ^ clkbuf_2_2__f_clk/A (sky130_fd_sc_hd__clkbuf_16)
    10    0.21    0.22    0.29   10.49 ^ clkbuf_2_2__f_clk/X (sky130_fd_sc_hd__clkbuf_16)
                                         clknet_2_2__leaf_clk (net)
                  0.22    0.00   10.50 ^ clkbuf_leaf_7_clk/A (sky130_fd_sc_hd__clkbuf_16)
    12    0.04    0.06    0.20   10.70 ^ clkbuf_leaf_7_clk/X (sky130_fd_sc_hd__clkbuf_16)
                                         clknet_leaf_7_clk (net)
                  0.06    0.00   10.70 ^ round_key[10]$_SDFFE_PN0P_/CLK (sky130_fd_sc_hd__dfxtp_2)
                          0.00   10.70   clock reconvergence pessimism
                         -0.20   10.50   library setup time
                                 10.50   data required time
-----------------------------------------------------------------------------
                                 10.50   data required time
                                 -6.67   data arrival time
-----------------------------------------------------------------------------
                                  3.83   slack (MET)


Startpoint: ciphertext[37]$_SDFFE_PN0P_
            (rising edge-triggered flip-flop clocked by core_clock)
Endpoint: ciphertext[37] (output port clocked by vclk)
Path Group: vclk
Path Type: max

Fanout     Cap    Slew   Delay    Time   Description
-----------------------------------------------------------------------------
                          0.00    0.00   clock core_clock (rise edge)
                          0.00    0.00   clock source latency
     1    0.09    0.00    0.00    0.00 ^ clk (in)
                                         clk (net)
                  0.00    0.00    0.00 ^ clkbuf_0_clk/A (sky130_fd_sc_hd__clkbuf_16)
     4    0.13    0.15    0.19    0.20 ^ clkbuf_0_clk/X (sky130_fd_sc_hd__clkbuf_16)
                                         clknet_0_clk (net)
                  0.15    0.00    0.20 ^ clkbuf_2_0__f_clk/A (sky130_fd_sc_hd__clkbuf_16)
    13    0.21    0.22    0.30    0.50 ^ clkbuf_2_0__f_clk/X (sky130_fd_sc_hd__clkbuf_16)
                                         clknet_2_0__leaf_clk (net)
                  0.22    0.00    0.50 ^ clkbuf_leaf_39_clk/A (sky130_fd_sc_hd__clkbuf_16)
     9    0.04    0.06    0.20    0.70 ^ clkbuf_leaf_39_clk/X (sky130_fd_sc_hd__clkbuf_16)
                                         clknet_leaf_39_clk (net)
                  0.06    0.00    0.70 ^ ciphertext[37]$_SDFFE_PN0P_/CLK (sky130_fd_sc_hd__dfxtp_1)
     2    0.05    0.50    0.63    1.33 ^ ciphertext[37]$_SDFFE_PN0P_/Q (sky130_fd_sc_hd__dfxtp_1)
                                         net317 (net)
                  0.50    0.01    1.34 ^ output317/A (sky130_fd_sc_hd__clkdlybuf4s50_1)
     1    0.01    0.07    0.60    1.94 ^ output317/X (sky130_fd_sc_hd__clkdlybuf4s50_1)
                                         ciphertext[37] (net)
                  0.07    0.00    1.94 ^ ciphertext[37] (out)
                                  1.94   data arrival time

                  0.00   10.00   10.00   clock vclk (rise edge)
                          0.00   10.00   clock network delay (ideal)
                          0.00   10.00   clock reconvergence pessimism
                         -2.00    8.00   output external delay
                                  8.00   data required time
-----------------------------------------------------------------------------
                                  8.00   data required time
                                 -1.94   data arrival time
-----------------------------------------------------------------------------
                                  6.06   slack (MET)



==========================================================================
cts final report_checks -unconstrained
--------------------------------------------------------------------------
Startpoint: round_key[1]$_SDFFE_PN0P_
            (rising edge-triggered flip-flop clocked by core_clock)
Endpoint: round_key[10]$_SDFFE_PN0P_
          (rising edge-triggered flip-flop clocked by core_clock)
Path Group: core_clock
Path Type: max

Fanout     Cap    Slew   Delay    Time   Description
-----------------------------------------------------------------------------
                          0.00    0.00   clock core_clock (rise edge)
                          0.00    0.00   clock source latency
     1    0.09    0.00    0.00    0.00 ^ clk (in)
                                         clk (net)
                  0.00    0.00    0.00 ^ clkbuf_0_clk/A (sky130_fd_sc_hd__clkbuf_16)
     4    0.13    0.15    0.19    0.20 ^ clkbuf_0_clk/X (sky130_fd_sc_hd__clkbuf_16)
                                         clknet_0_clk (net)
                  0.15    0.00    0.20 ^ clkbuf_2_0__f_clk/A (sky130_fd_sc_hd__clkbuf_16)
    13    0.21    0.22    0.30    0.50 ^ clkbuf_2_0__f_clk/X (sky130_fd_sc_hd__clkbuf_16)
                                         clknet_2_0__leaf_clk (net)
                  0.22    0.00    0.50 ^ clkbuf_leaf_2_clk/A (sky130_fd_sc_hd__clkbuf_16)
     9    0.03    0.05    0.19    0.70 ^ clkbuf_leaf_2_clk/X (sky130_fd_sc_hd__clkbuf_16)
                                         clknet_leaf_2_clk (net)
                  0.05    0.00    0.70 ^ round_key[1]$_SDFFE_PN0P_/CLK (sky130_fd_sc_hd__dfxtp_2)
    45    0.18    0.89    0.91    1.61 ^ round_key[1]$_SDFFE_PN0P_/Q (sky130_fd_sc_hd__dfxtp_2)
                                         round_key[1] (net)
                  0.89    0.01    1.62 ^ _16479_/A (sky130_fd_sc_hd__clkinv_1)
    18    0.11    0.86    0.96    2.58 v _16479_/Y (sky130_fd_sc_hd__clkinv_1)
                                         _07593_ (net)
                  0.86    0.01    2.59 v _17165_/D1 (sky130_fd_sc_hd__a2111oi_0)
     1    0.01    0.75    0.87    3.46 ^ _17165_/Y (sky130_fd_sc_hd__a2111oi_0)
                                         _08274_ (net)
                  0.75    0.00    3.46 ^ _17169_/B1 (sky130_fd_sc_hd__o22ai_1)
     2    0.02    0.26    0.33    3.79 v _17169_/Y (sky130_fd_sc_hd__o22ai_1)
                                         _08278_ (net)
                  0.26    0.00    3.79 v _17170_/S (sky130_fd_sc_hd__mux2i_1)
     1    0.00    0.15    0.24    4.03 ^ _17170_/Y (sky130_fd_sc_hd__mux2i_1)
                                         _08279_ (net)
                  0.15    0.00    4.03 ^ _17171_/D (sky130_fd_sc_hd__nand4b_1)
     5    0.06    0.73    0.60    4.64 v _17171_/Y (sky130_fd_sc_hd__nand4b_1)
                                         _08280_ (net)
                  0.73    0.01    4.64 v _20269_/B (sky130_fd_sc_hd__xnor2_2)
     6    0.03    0.50    0.65    5.29 ^ _20269_/Y (sky130_fd_sc_hd__xnor2_2)
                                         _11346_ (net)
                  0.50    0.00    5.29 ^ _22701_/B (sky130_fd_sc_hd__xnor2_1)
     4    0.03    0.26    0.34    5.63 v _22701_/Y (sky130_fd_sc_hd__xnor2_1)
                                         _13745_ (net)
                  0.26    0.00    5.63 v _27748_/A3 (sky130_fd_sc_hd__o31a_1)
     1    0.00    0.04    0.31    5.94 v _27748_/X (sky130_fd_sc_hd__o31a_1)
                                         _05429_ (net)
                  0.04    0.00    5.94 v _27751_/A2 (sky130_fd_sc_hd__o22ai_1)
     1    0.05    0.96    0.73    6.66 ^ _27751_/Y (sky130_fd_sc_hd__o22ai_1)
                                         _00374_ (net)
                  0.96    0.01    6.67 ^ round_key[10]$_SDFFE_PN0P_/D (sky130_fd_sc_hd__dfxtp_2)
                                  6.67   data arrival time

                         10.00   10.00   clock core_clock (rise edge)
                          0.00   10.00   clock source latency
     1    0.09    0.00    0.00   10.00 ^ clk (in)
                                         clk (net)
                  0.00    0.00   10.00 ^ clkbuf_0_clk/A (sky130_fd_sc_hd__clkbuf_16)
     4    0.13    0.15    0.19   10.20 ^ clkbuf_0_clk/X (sky130_fd_sc_hd__clkbuf_16)
                                         clknet_0_clk (net)
                  0.15    0.00   10.20 ^ clkbuf_2_2__f_clk/A (sky130_fd_sc_hd__clkbuf_16)
    10    0.21    0.22    0.29   10.49 ^ clkbuf_2_2__f_clk/X (sky130_fd_sc_hd__clkbuf_16)
                                         clknet_2_2__leaf_clk (net)
                  0.22    0.00   10.50 ^ clkbuf_leaf_7_clk/A (sky130_fd_sc_hd__clkbuf_16)
    12    0.04    0.06    0.20   10.70 ^ clkbuf_leaf_7_clk/X (sky130_fd_sc_hd__clkbuf_16)
                                         clknet_leaf_7_clk (net)
                  0.06    0.00   10.70 ^ round_key[10]$_SDFFE_PN0P_/CLK (sky130_fd_sc_hd__dfxtp_2)
                          0.00   10.70   clock reconvergence pessimism
                         -0.20   10.50   library setup time
                                 10.50   data required time
-----------------------------------------------------------------------------
                                 10.50   data required time
                                 -6.67   data arrival time
-----------------------------------------------------------------------------
                                  3.83   slack (MET)


Startpoint: ciphertext[37]$_SDFFE_PN0P_
            (rising edge-triggered flip-flop clocked by core_clock)
Endpoint: ciphertext[37] (output port clocked by vclk)
Path Group: vclk
Path Type: max

Fanout     Cap    Slew   Delay    Time   Description
-----------------------------------------------------------------------------
                          0.00    0.00   clock core_clock (rise edge)
                          0.00    0.00   clock source latency
     1    0.09    0.00    0.00    0.00 ^ clk (in)
                                         clk (net)
                  0.00    0.00    0.00 ^ clkbuf_0_clk/A (sky130_fd_sc_hd__clkbuf_16)
     4    0.13    0.15    0.19    0.20 ^ clkbuf_0_clk/X (sky130_fd_sc_hd__clkbuf_16)
                                         clknet_0_clk (net)
                  0.15    0.00    0.20 ^ clkbuf_2_0__f_clk/A (sky130_fd_sc_hd__clkbuf_16)
    13    0.21    0.22    0.30    0.50 ^ clkbuf_2_0__f_clk/X (sky130_fd_sc_hd__clkbuf_16)
                                         clknet_2_0__leaf_clk (net)
                  0.22    0.00    0.50 ^ clkbuf_leaf_39_clk/A (sky130_fd_sc_hd__clkbuf_16)
     9    0.04    0.06    0.20    0.70 ^ clkbuf_leaf_39_clk/X (sky130_fd_sc_hd__clkbuf_16)
                                         clknet_leaf_39_clk (net)
                  0.06    0.00    0.70 ^ ciphertext[37]$_SDFFE_PN0P_/CLK (sky130_fd_sc_hd__dfxtp_1)
     2    0.05    0.50    0.63    1.33 ^ ciphertext[37]$_SDFFE_PN0P_/Q (sky130_fd_sc_hd__dfxtp_1)
                                         net317 (net)
                  0.50    0.01    1.34 ^ output317/A (sky130_fd_sc_hd__clkdlybuf4s50_1)
     1    0.01    0.07    0.60    1.94 ^ output317/X (sky130_fd_sc_hd__clkdlybuf4s50_1)
                                         ciphertext[37] (net)
                  0.07    0.00    1.94 ^ ciphertext[37] (out)
                                  1.94   data arrival time

                  0.00   10.00   10.00   clock vclk (rise edge)
                          0.00   10.00   clock network delay (ideal)
                          0.00   10.00   clock reconvergence pessimism
                         -2.00    8.00   output external delay
                                  8.00   data required time
-----------------------------------------------------------------------------
                                  8.00   data required time
                                 -1.94   data arrival time
-----------------------------------------------------------------------------
                                  6.06   slack (MET)



==========================================================================
cts final report_check_types -max_slew -max_cap -max_fanout -violators
--------------------------------------------------------------------------

==========================================================================
cts final max_slew_check_slack
--------------------------------------------------------------------------
0.14834189414978027

==========================================================================
cts final max_slew_check_limit
--------------------------------------------------------------------------
1.5

==========================================================================
cts final max_slew_check_slack_limit
--------------------------------------------------------------------------
0.0989

==========================================================================
cts final max_fanout_check_slack
--------------------------------------------------------------------------
1.0000000150474662e+30

==========================================================================
cts final max_fanout_check_limit
--------------------------------------------------------------------------
1.0000000150474662e+30

==========================================================================
cts final max_capacitance_check_slack
--------------------------------------------------------------------------
0.005781782325357199

==========================================================================
cts final max_capacitance_check_limit
--------------------------------------------------------------------------
0.05036399886012077

==========================================================================
cts final max_capacitance_check_slack_limit
--------------------------------------------------------------------------
0.1148

==========================================================================
cts final max_slew_violation_count
--------------------------------------------------------------------------
max slew violation count 0

==========================================================================
cts final max_fanout_violation_count
--------------------------------------------------------------------------
max fanout violation count 0

==========================================================================
cts final max_cap_violation_count
--------------------------------------------------------------------------
max cap violation count 0

==========================================================================
cts final setup_violation_count
--------------------------------------------------------------------------
setup violation count 0

==========================================================================
cts final hold_violation_count
--------------------------------------------------------------------------
hold violation count 0

==========================================================================
cts final report_checks -path_delay max reg to reg
--------------------------------------------------------------------------
Startpoint: round_key[1]$_SDFFE_PN0P_
            (rising edge-triggered flip-flop clocked by core_clock)
Endpoint: round_key[10]$_SDFFE_PN0P_
          (rising edge-triggered flip-flop clocked by core_clock)
Path Group: core_clock
Path Type: max

  Delay    Time   Description
---------------------------------------------------------
   0.00    0.00   clock core_clock (rise edge)
   0.00    0.00   clock source latency
   0.00    0.00 ^ clk (in)
   0.20    0.20 ^ clkbuf_0_clk/X (sky130_fd_sc_hd__clkbuf_16)
   0.30    0.50 ^ clkbuf_2_0__f_clk/X (sky130_fd_sc_hd__clkbuf_16)
   0.20    0.70 ^ clkbuf_leaf_2_clk/X (sky130_fd_sc_hd__clkbuf_16)
   0.00    0.70 ^ round_key[1]$_SDFFE_PN0P_/CLK (sky130_fd_sc_hd__dfxtp_2)
   0.91    1.61 ^ round_key[1]$_SDFFE_PN0P_/Q (sky130_fd_sc_hd__dfxtp_2)
   0.97    2.58 v _16479_/Y (sky130_fd_sc_hd__clkinv_1)
   0.88    3.46 ^ _17165_/Y (sky130_fd_sc_hd__a2111oi_0)
   0.33    3.79 v _17169_/Y (sky130_fd_sc_hd__o22ai_1)
   0.24    4.03 ^ _17170_/Y (sky130_fd_sc_hd__mux2i_1)
   0.60    4.64 v _17171_/Y (sky130_fd_sc_hd__nand4b_1)
   0.65    5.29 ^ _20269_/Y (sky130_fd_sc_hd__xnor2_2)
   0.34    5.63 v _22701_/Y (sky130_fd_sc_hd__xnor2_1)
   0.31    5.94 v _27748_/X (sky130_fd_sc_hd__o31a_1)
   0.73    6.66 ^ _27751_/Y (sky130_fd_sc_hd__o22ai_1)
   0.01    6.67 ^ round_key[10]$_SDFFE_PN0P_/D (sky130_fd_sc_hd__dfxtp_2)
           6.67   data arrival time

  10.00   10.00   clock core_clock (rise edge)
   0.00   10.00   clock source latency
   0.00   10.00 ^ clk (in)
   0.20   10.20 ^ clkbuf_0_clk/X (sky130_fd_sc_hd__clkbuf_16)
   0.30   10.49 ^ clkbuf_2_2__f_clk/X (sky130_fd_sc_hd__clkbuf_16)
   0.21   10.70 ^ clkbuf_leaf_7_clk/X (sky130_fd_sc_hd__clkbuf_16)
   0.00   10.70 ^ round_key[10]$_SDFFE_PN0P_/CLK (sky130_fd_sc_hd__dfxtp_2)
   0.00   10.70   clock reconvergence pessimism
  -0.20   10.50   library setup time
          10.50   data required time
---------------------------------------------------------
          10.50   data required time
          -6.67   data arrival time
---------------------------------------------------------
           3.83   slack (MET)



==========================================================================
cts final report_checks -path_delay min reg to reg
--------------------------------------------------------------------------
Startpoint: ciphertext[74]$_SDFFE_PN0P_
            (rising edge-triggered flip-flop clocked by core_clock)
Endpoint: ciphertext[74]$_SDFFE_PN0P_
          (rising edge-triggered flip-flop clocked by core_clock)
Path Group: core_clock
Path Type: min

  Delay    Time   Description
---------------------------------------------------------
   0.00    0.00   clock core_clock (rise edge)
   0.00    0.00   clock source latency
   0.00    0.00 ^ clk (in)
   0.20    0.20 ^ clkbuf_0_clk/X (sky130_fd_sc_hd__clkbuf_16)
   0.30    0.49 ^ clkbuf_2_1__f_clk/X (sky130_fd_sc_hd__clkbuf_16)
   0.20    0.69 ^ clkbuf_leaf_33_clk/X (sky130_fd_sc_hd__clkbuf_16)
   0.00    0.70 ^ ciphertext[74]$_SDFFE_PN0P_/CLK (sky130_fd_sc_hd__dfxtp_1)
   0.31    1.00 v ciphertext[74]$_SDFFE_PN0P_/Q (sky130_fd_sc_hd__dfxtp_1)
   0.05    1.05 ^ _20227_/Y (sky130_fd_sc_hd__nand2_1)
   0.05    1.10 v _20272_/Y (sky130_fd_sc_hd__a21oi_1)
   0.00    1.10 v ciphertext[74]$_SDFFE_PN0P_/D (sky130_fd_sc_hd__dfxtp_1)
           1.10   data arrival time

   0.00    0.00   clock core_clock (rise edge)
   0.00    0.00   clock source latency
   0.00    0.00 ^ clk (in)
   0.20    0.20 ^ clkbuf_0_clk/X (sky130_fd_sc_hd__clkbuf_16)
   0.30    0.49 ^ clkbuf_2_1__f_clk/X (sky130_fd_sc_hd__clkbuf_16)
   0.20    0.69 ^ clkbuf_leaf_33_clk/X (sky130_fd_sc_hd__clkbuf_16)
   0.00    0.70 ^ ciphertext[74]$_SDFFE_PN0P_/CLK (sky130_fd_sc_hd__dfxtp_1)
   0.00    0.70   clock reconvergence pessimism
  -0.05    0.65   library hold time
           0.65   data required time
---------------------------------------------------------
           0.65   data required time
          -1.10   data arrival time
---------------------------------------------------------
           0.45   slack (MET)



==========================================================================
cts final critical path target clock latency max path
--------------------------------------------------------------------------
0.7014

==========================================================================
cts final critical path target clock latency min path
--------------------------------------------------------------------------
0.6963

==========================================================================
cts final critical path source clock latency min path
--------------------------------------------------------------------------
0.0000

==========================================================================
cts final critical path delay
--------------------------------------------------------------------------
6.6716

==========================================================================
cts final critical path slack
--------------------------------------------------------------------------
3.8270

==========================================================================
cts final slack div critical path delay
--------------------------------------------------------------------------
57.362552

==========================================================================
cts final report_power
--------------------------------------------------------------------------
Group                  Internal  Switching    Leakage      Total
                          Power      Power      Power      Power (Watts)
----------------------------------------------------------------
Sequential             2.07e-03   1.15e-03   3.24e-09   3.23e-03   5.5%
Combinational          1.92e-02   3.42e-02   2.66e-08   5.34e-02  91.0%
Clock                  1.14e-03   9.15e-04   8.82e-10   2.05e-03   3.5%
Macro                  0.00e+00   0.00e+00   0.00e+00   0.00e+00   0.0%
Pad                    0.00e+00   0.00e+00   0.00e+00   0.00e+00   0.0%
----------------------------------------------------------------
Total                  2.24e-02   3.62e-02   3.07e-08   5.86e-02 100.0%
                          38.2%      61.8%       0.0%
