
==========================================================================
global route report_tns
--------------------------------------------------------------------------
tns max 0.00

==========================================================================
global route report_wns
--------------------------------------------------------------------------
wns max 0.00

==========================================================================
global route report_worst_slack
--------------------------------------------------------------------------
worst slack max 3.41

==========================================================================
global route report_clock_min_period
--------------------------------------------------------------------------
core_clock period_min = 6.59 fmax = 151.77
vclk period_min = 0.00 fmax = inf

==========================================================================
global route report_clock_skew
--------------------------------------------------------------------------
Clock core_clock
   0.70 source latency round_key[19]$_SDFFE_PN0P_/CLK ^
  -0.68 target latency ciphertext[63]$_SDFFE_PN0P_/CLK ^
   0.00 CRPR
--------------
   0.02 setup skew

Clock vclk
No launch/capture paths found.


==========================================================================
global route report_checks -path_delay min
--------------------------------------------------------------------------
Startpoint: ciphertext[74]$_SDFFE_PN0P_
            (rising edge-triggered flip-flop clocked by core_clock)
Endpoint: ciphertext[74]$_SDFFE_PN0P_
          (rising edge-triggered flip-flop clocked by core_clock)
Path Group: core_clock
Path Type: min

Fanout     Cap    Slew   Delay    Time   Description
-----------------------------------------------------------------------------
                          0.00    0.00   clock core_clock (rise edge)
                          0.00    0.00   clock source latency
     2    0.08    0.00    0.00    0.00 ^ clk (in)
                                         clk (net)
                  0.00    0.00    0.00 ^ clkbuf_0_clk/A (sky130_fd_sc_hd__clkbuf_16)
     4    0.12    0.14    0.19    0.19 ^ clkbuf_0_clk/X (sky130_fd_sc_hd__clkbuf_16)
                                         clknet_0_clk (net)
                  0.14    0.00    0.19 ^ clkbuf_2_1__f_clk/A (sky130_fd_sc_hd__clkbuf_16)
    13    0.20    0.21    0.29    0.48 ^ clkbuf_2_1__f_clk/X (sky130_fd_sc_hd__clkbuf_16)
                                         clknet_2_1__leaf_clk (net)
                  0.21    0.01    0.48 ^ clkbuf_leaf_33_clk/A (sky130_fd_sc_hd__clkbuf_16)
    12    0.04    0.06    0.20    0.68 ^ clkbuf_leaf_33_clk/X (sky130_fd_sc_hd__clkbuf_16)
                                         clknet_leaf_33_clk (net)
                  0.06    0.00    0.69 ^ ciphertext[74]$_SDFFE_PN0P_/CLK (sky130_fd_sc_hd__dfxtp_1)
     2    0.01    0.04    0.31    1.00 v ciphertext[74]$_SDFFE_PN0P_/Q (sky130_fd_sc_hd__dfxtp_1)
                                         net358 (net)
                  0.04    0.00    1.00 v _20227_/A (sky130_fd_sc_hd__nand2_1)
     1    0.00    0.04    0.05    1.05 ^ _20227_/Y (sky130_fd_sc_hd__nand2_1)
                                         _11304_ (net)
                  0.04    0.00    1.05 ^ _20272_/A1 (sky130_fd_sc_hd__a21oi_1)
     1    0.00    0.04    0.05    1.10 v _20272_/Y (sky130_fd_sc_hd__a21oi_1)
                                         _00056_ (net)
                  0.04    0.00    1.10 v ciphertext[74]$_SDFFE_PN0P_/D (sky130_fd_sc_hd__dfxtp_1)
                                  1.10   data arrival time

                          0.00    0.00   clock core_clock (rise edge)
                          0.00    0.00   clock source latency
     2    0.08    0.00    0.00    0.00 ^ clk (in)
                                         clk (net)
                  0.00    0.00    0.00 ^ clkbuf_0_clk/A (sky130_fd_sc_hd__clkbuf_16)
     4    0.12    0.14    0.19    0.19 ^ clkbuf_0_clk/X (sky130_fd_sc_hd__clkbuf_16)
                                         clknet_0_clk (net)
                  0.14    0.00    0.19 ^ clkbuf_2_1__f_clk/A (sky130_fd_sc_hd__clkbuf_16)
    13    0.20    0.21    0.29    0.48 ^ clkbuf_2_1__f_clk/X (sky130_fd_sc_hd__clkbuf_16)
                                         clknet_2_1__leaf_clk (net)
                  0.21    0.01    0.48 ^ clkbuf_leaf_33_clk/A (sky130_fd_sc_hd__clkbuf_16)
    12    0.04    0.06    0.20    0.68 ^ clkbuf_leaf_33_clk/X (sky130_fd_sc_hd__clkbuf_16)
                                         clknet_leaf_33_clk (net)
                  0.06    0.00    0.69 ^ ciphertext[74]$_SDFFE_PN0P_/CLK (sky130_fd_sc_hd__dfxtp_1)
                          0.00    0.69   clock reconvergence pessimism
                         -0.05    0.64   library hold time
                                  0.64   data required time
-----------------------------------------------------------------------------
                                  0.64   data required time
                                 -1.10   data arrival time
-----------------------------------------------------------------------------
                                  0.46   slack (MET)


Startpoint: ciphertext[58]$_SDFFE_PN0P_
            (rising edge-triggered flip-flop clocked by core_clock)
Endpoint: ciphertext[58] (output port clocked by vclk)
Path Group: vclk
Path Type: min

Fanout     Cap    Slew   Delay    Time   Description
-----------------------------------------------------------------------------
                          0.00    0.00   clock core_clock (rise edge)
                          0.00    0.00   clock source latency
     2    0.08    0.00    0.00    0.00 ^ clk (in)
                                         clk (net)
                  0.00    0.00    0.00 ^ clkbuf_0_clk/A (sky130_fd_sc_hd__clkbuf_16)
     4    0.12    0.14    0.19    0.19 ^ clkbuf_0_clk/X (sky130_fd_sc_hd__clkbuf_16)
                                         clknet_0_clk (net)
                  0.14    0.00    0.19 ^ clkbuf_2_1__f_clk/A (sky130_fd_sc_hd__clkbuf_16)
    13    0.20    0.21    0.29    0.48 ^ clkbuf_2_1__f_clk/X (sky130_fd_sc_hd__clkbuf_16)
                                         clknet_2_1__leaf_clk (net)
                  0.21    0.01    0.48 ^ clkbuf_leaf_32_clk/A (sky130_fd_sc_hd__clkbuf_16)
    12    0.04    0.07    0.20    0.68 ^ clkbuf_leaf_32_clk/X (sky130_fd_sc_hd__clkbuf_16)
                                         clknet_leaf_32_clk (net)
                  0.07    0.00    0.69 ^ ciphertext[58]$_SDFFE_PN0P_/CLK (sky130_fd_sc_hd__dfxtp_1)
     2    0.01    0.06    0.33    1.02 v ciphertext[58]$_SDFFE_PN0P_/Q (sky130_fd_sc_hd__dfxtp_1)
                                         net340 (net)
                  0.06    0.00    1.02 v output340/A (sky130_fd_sc_hd__clkdlybuf4s50_1)
     1    0.00    0.04    0.41    1.42 v output340/X (sky130_fd_sc_hd__clkdlybuf4s50_1)
                                         ciphertext[58] (net)
                  0.04    0.00    1.42 v ciphertext[58] (out)
                                  1.42   data arrival time

                  0.00    0.00    0.00   clock vclk (rise edge)
                          0.00    0.00   clock network delay (ideal)
                          0.00    0.00   clock reconvergence pessimism
                         -2.00   -2.00   output external delay
                                 -2.00   data required time
-----------------------------------------------------------------------------
                                 -2.00   data required time
                                 -1.42   data arrival time
-----------------------------------------------------------------------------
                                  3.42   slack (MET)



==========================================================================
global route report_checks -path_delay max
--------------------------------------------------------------------------
Startpoint: round_key[19]$_SDFFE_PN0P_
            (rising edge-triggered flip-flop clocked by core_clock)
Endpoint: state[59]$_SDFFE_PN0P_
          (rising edge-triggered flip-flop clocked by core_clock)
Path Group: core_clock
Path Type: max

Fanout     Cap    Slew   Delay    Time   Description
-----------------------------------------------------------------------------
                          0.00    0.00   clock core_clock (rise edge)
                          0.00    0.00   clock source latency
     2    0.08    0.00    0.00    0.00 ^ clk (in)
                                         clk (net)
                  0.00    0.00    0.00 ^ clkbuf_0_clk/A (sky130_fd_sc_hd__clkbuf_16)
     4    0.12    0.14    0.19    0.19 ^ clkbuf_0_clk/X (sky130_fd_sc_hd__clkbuf_16)
                                         clknet_0_clk (net)
                  0.14    0.00    0.19 ^ clkbuf_2_3__f_clk/A (sky130_fd_sc_hd__clkbuf_16)
    13    0.21    0.22    0.29    0.49 ^ clkbuf_2_3__f_clk/X (sky130_fd_sc_hd__clkbuf_16)
                                         clknet_2_3__leaf_clk (net)
                  0.22    0.01    0.49 ^ clkbuf_leaf_11_clk/A (sky130_fd_sc_hd__clkbuf_16)
     8    0.05    0.07    0.21    0.70 ^ clkbuf_leaf_11_clk/X (sky130_fd_sc_hd__clkbuf_16)
                                         clknet_leaf_11_clk (net)
                  0.07    0.00    0.70 ^ round_key[19]$_SDFFE_PN0P_/CLK (sky130_fd_sc_hd__dfxtp_2)
    32    0.13    0.65    0.75    1.45 ^ round_key[19]$_SDFFE_PN0P_/Q (sky130_fd_sc_hd__dfxtp_2)
                                         round_key[19] (net)
                  0.65    0.01    1.46 ^ place1022/A (sky130_fd_sc_hd__buf_4)
    59    0.24    0.65    0.65    2.11 ^ place1022/X (sky130_fd_sc_hd__buf_4)
                                         net1022 (net)
                  0.65    0.01    2.13 ^ _14048_/A_N (sky130_fd_sc_hd__nand2b_1)
    11    0.05    0.53    0.53    2.66 ^ _14048_/Y (sky130_fd_sc_hd__nand2b_1)
                                         _02241_ (net)
                  0.53    0.00    2.66 ^ _14628_/A2 (sky130_fd_sc_hd__o211ai_1)
     1    0.00    0.17    0.14    2.80 v _14628_/Y (sky130_fd_sc_hd__o211ai_1)
                                         _05754_ (net)
                  0.17    0.00    2.80 v _14633_/A1 (sky130_fd_sc_hd__a2111oi_0)
     1    0.01    0.56    0.58    3.37 ^ _14633_/Y (sky130_fd_sc_hd__a2111oi_0)
                                         _05759_ (net)
                  0.56    0.00    3.38 ^ _14634_/B1 (sky130_fd_sc_hd__a2111oi_0)
     1    0.01    0.17    0.18    3.56 v _14634_/Y (sky130_fd_sc_hd__a2111oi_0)
                                         _05760_ (net)
                  0.17    0.00    3.56 v _14635_/C1 (sky130_fd_sc_hd__a211oi_1)
     2    0.03    0.85    0.72    4.28 ^ _14635_/Y (sky130_fd_sc_hd__a211oi_1)
                                         _05761_ (net)
                  0.85    0.00    4.28 ^ _19014_/B (sky130_fd_sc_hd__xor3_1)
     5    0.10    0.50    0.86    5.14 v _19014_/X (sky130_fd_sc_hd__xor3_1)
                                         _10108_ (net)
                  0.50    0.01    5.15 v _21437_/B (sky130_fd_sc_hd__xnor2_1)
     5    0.03    0.70    0.75    5.90 ^ _21437_/Y (sky130_fd_sc_hd__xnor2_1)
                                         _12499_ (net)
                  0.70    0.00    5.90 ^ _21438_/B (sky130_fd_sc_hd__xnor2_1)
     2    0.01    0.14    0.18    6.09 v _21438_/Y (sky130_fd_sc_hd__xnor2_1)
                                         _12500_ (net)
                  0.14    0.00    6.09 v _26568_/A1 (sky130_fd_sc_hd__a221oi_1)
     1    0.03    1.00    0.88    6.97 ^ _26568_/Y (sky130_fd_sc_hd__a221oi_1)
                                         _04308_ (net)
                  1.00    0.00    6.97 ^ _26569_/B1 (sky130_fd_sc_hd__a211oi_1)
     1    0.01    0.19    0.14    7.11 v _26569_/Y (sky130_fd_sc_hd__a211oi_1)
                                         _00198_ (net)
                  0.19    0.00    7.11 v state[59]$_SDFFE_PN0P_/D (sky130_fd_sc_hd__dfxtp_2)
                                  7.11   data arrival time

                         10.00   10.00   clock core_clock (rise edge)
                          0.00   10.00   clock source latency
     2    0.08    0.00    0.00   10.00 ^ clk (in)
                                         clk (net)
                  0.00    0.00   10.00 ^ clkbuf_0_clk/A (sky130_fd_sc_hd__clkbuf_16)
     4    0.12    0.14    0.19   10.19 ^ clkbuf_0_clk/X (sky130_fd_sc_hd__clkbuf_16)
                                         clknet_0_clk (net)
                  0.14    0.00   10.19 ^ clkbuf_2_1__f_clk/A (sky130_fd_sc_hd__clkbuf_16)
    13    0.20    0.21    0.29   10.48 ^ clkbuf_2_1__f_clk/X (sky130_fd_sc_hd__clkbuf_16)
                                         clknet_2_1__leaf_clk (net)
                  0.21    0.01   10.48 ^ clkbuf_leaf_30_clk/A (sky130_fd_sc_hd__clkbuf_16)
     7    0.05    0.07    0.20   10.69 ^ clkbuf_leaf_30_clk/X (sky130_fd_sc_hd__clkbuf_16)
                                         clknet_leaf_30_clk (net)
                  0.07    0.00   10.69 ^ state[59]$_SDFFE_PN0P_/CLK (sky130_fd_sc_hd__dfxtp_2)
                          0.00   10.69   clock reconvergence pessimism
                         -0.17   10.52   library setup time
                                 10.52   data required time
-----------------------------------------------------------------------------
                                 10.52   data required time
                                 -7.11   data arrival time
-----------------------------------------------------------------------------
                                  3.41   slack (MET)


Startpoint: ciphertext[5]$_SDFFE_PN0P_
            (rising edge-triggered flip-flop clocked by core_clock)
Endpoint: ciphertext[5] (output port clocked by vclk)
Path Group: vclk
Path Type: max

Fanout     Cap    Slew   Delay    Time   Description
-----------------------------------------------------------------------------
                          0.00    0.00   clock core_clock (rise edge)
                          0.00    0.00   clock source latency
     2    0.08    0.00    0.00    0.00 ^ clk (in)
                                         clk (net)
                  0.00    0.00    0.00 ^ clkbuf_0_clk/A (sky130_fd_sc_hd__clkbuf_16)
     4    0.12    0.14    0.19    0.19 ^ clkbuf_0_clk/X (sky130_fd_sc_hd__clkbuf_16)
                                         clknet_0_clk (net)
                  0.14    0.00    0.19 ^ clkbuf_2_1__f_clk/A (sky130_fd_sc_hd__clkbuf_16)
    13    0.20    0.21    0.29    0.48 ^ clkbuf_2_1__f_clk/X (sky130_fd_sc_hd__clkbuf_16)
                                         clknet_2_1__leaf_clk (net)
                  0.21    0.01    0.48 ^ clkbuf_leaf_26_clk/A (sky130_fd_sc_hd__clkbuf_16)
    11    0.05    0.07    0.20    0.69 ^ clkbuf_leaf_26_clk/X (sky130_fd_sc_hd__clkbuf_16)
                                         clknet_leaf_26_clk (net)
                  0.07    0.00    0.69 ^ ciphertext[5]$_SDFFE_PN0P_/CLK (sky130_fd_sc_hd__dfxtp_1)
     2    0.09    0.80    0.84    1.53 ^ ciphertext[5]$_SDFFE_PN0P_/Q (sky130_fd_sc_hd__dfxtp_1)
                                         net342 (net)
                  0.80    0.01    1.53 ^ output342/A (sky130_fd_sc_hd__clkdlybuf4s50_1)
     1    0.00    0.04    0.61    2.15 ^ output342/X (sky130_fd_sc_hd__clkdlybuf4s50_1)
                                         ciphertext[5] (net)
                  0.04    0.00    2.15 ^ ciphertext[5] (out)
                                  2.15   data arrival time

                  0.00   10.00   10.00   clock vclk (rise edge)
                          0.00   10.00   clock network delay (ideal)
                          0.00   10.00   clock reconvergence pessimism
                         -2.00    8.00   output external delay
                                  8.00   data required time
-----------------------------------------------------------------------------
                                  8.00   data required time
                                 -2.15   data arrival time
-----------------------------------------------------------------------------
                                  5.85   slack (MET)



==========================================================================
global route report_checks -unconstrained
--------------------------------------------------------------------------
Startpoint: round_key[19]$_SDFFE_PN0P_
            (rising edge-triggered flip-flop clocked by core_clock)
Endpoint: state[59]$_SDFFE_PN0P_
          (rising edge-triggered flip-flop clocked by core_clock)
Path Group: core_clock
Path Type: max

Fanout     Cap    Slew   Delay    Time   Description
-----------------------------------------------------------------------------
                          0.00    0.00   clock core_clock (rise edge)
                          0.00    0.00   clock source latency
     2    0.08    0.00    0.00    0.00 ^ clk (in)
                                         clk (net)
                  0.00    0.00    0.00 ^ clkbuf_0_clk/A (sky130_fd_sc_hd__clkbuf_16)
     4    0.12    0.14    0.19    0.19 ^ clkbuf_0_clk/X (sky130_fd_sc_hd__clkbuf_16)
                                         clknet_0_clk (net)
                  0.14    0.00    0.19 ^ clkbuf_2_3__f_clk/A (sky130_fd_sc_hd__clkbuf_16)
    13    0.21    0.22    0.29    0.49 ^ clkbuf_2_3__f_clk/X (sky130_fd_sc_hd__clkbuf_16)
                                         clknet_2_3__leaf_clk (net)
                  0.22    0.01    0.49 ^ clkbuf_leaf_11_clk/A (sky130_fd_sc_hd__clkbuf_16)
     8    0.05    0.07    0.21    0.70 ^ clkbuf_leaf_11_clk/X (sky130_fd_sc_hd__clkbuf_16)
                                         clknet_leaf_11_clk (net)
                  0.07    0.00    0.70 ^ round_key[19]$_SDFFE_PN0P_/CLK (sky130_fd_sc_hd__dfxtp_2)
    32    0.13    0.65    0.75    1.45 ^ round_key[19]$_SDFFE_PN0P_/Q (sky130_fd_sc_hd__dfxtp_2)
                                         round_key[19] (net)
                  0.65    0.01    1.46 ^ place1022/A (sky130_fd_sc_hd__buf_4)
    59    0.24    0.65    0.65    2.11 ^ place1022/X (sky130_fd_sc_hd__buf_4)
                                         net1022 (net)
                  0.65    0.01    2.13 ^ _14048_/A_N (sky130_fd_sc_hd__nand2b_1)
    11    0.05    0.53    0.53    2.66 ^ _14048_/Y (sky130_fd_sc_hd__nand2b_1)
                                         _02241_ (net)
                  0.53    0.00    2.66 ^ _14628_/A2 (sky130_fd_sc_hd__o211ai_1)
     1    0.00    0.17    0.14    2.80 v _14628_/Y (sky130_fd_sc_hd__o211ai_1)
                                         _05754_ (net)
                  0.17    0.00    2.80 v _14633_/A1 (sky130_fd_sc_hd__a2111oi_0)
     1    0.01    0.56    0.58    3.37 ^ _14633_/Y (sky130_fd_sc_hd__a2111oi_0)
                                         _05759_ (net)
                  0.56    0.00    3.38 ^ _14634_/B1 (sky130_fd_sc_hd__a2111oi_0)
     1    0.01    0.17    0.18    3.56 v _14634_/Y (sky130_fd_sc_hd__a2111oi_0)
                                         _05760_ (net)
                  0.17    0.00    3.56 v _14635_/C1 (sky130_fd_sc_hd__a211oi_1)
     2    0.03    0.85    0.72    4.28 ^ _14635_/Y (sky130_fd_sc_hd__a211oi_1)
                                         _05761_ (net)
                  0.85    0.00    4.28 ^ _19014_/B (sky130_fd_sc_hd__xor3_1)
     5    0.10    0.50    0.86    5.14 v _19014_/X (sky130_fd_sc_hd__xor3_1)
                                         _10108_ (net)
                  0.50    0.01    5.15 v _21437_/B (sky130_fd_sc_hd__xnor2_1)
     5    0.03    0.70    0.75    5.90 ^ _21437_/Y (sky130_fd_sc_hd__xnor2_1)
                                         _12499_ (net)
                  0.70    0.00    5.90 ^ _21438_/B (sky130_fd_sc_hd__xnor2_1)
     2    0.01    0.14    0.18    6.09 v _21438_/Y (sky130_fd_sc_hd__xnor2_1)
                                         _12500_ (net)
                  0.14    0.00    6.09 v _26568_/A1 (sky130_fd_sc_hd__a221oi_1)
     1    0.03    1.00    0.88    6.97 ^ _26568_/Y (sky130_fd_sc_hd__a221oi_1)
                                         _04308_ (net)
                  1.00    0.00    6.97 ^ _26569_/B1 (sky130_fd_sc_hd__a211oi_1)
     1    0.01    0.19    0.14    7.11 v _26569_/Y (sky130_fd_sc_hd__a211oi_1)
                                         _00198_ (net)
                  0.19    0.00    7.11 v state[59]$_SDFFE_PN0P_/D (sky130_fd_sc_hd__dfxtp_2)
                                  7.11   data arrival time

                         10.00   10.00   clock core_clock (rise edge)
                          0.00   10.00   clock source latency
     2    0.08    0.00    0.00   10.00 ^ clk (in)
                                         clk (net)
                  0.00    0.00   10.00 ^ clkbuf_0_clk/A (sky130_fd_sc_hd__clkbuf_16)
     4    0.12    0.14    0.19   10.19 ^ clkbuf_0_clk/X (sky130_fd_sc_hd__clkbuf_16)
                                         clknet_0_clk (net)
                  0.14    0.00   10.19 ^ clkbuf_2_1__f_clk/A (sky130_fd_sc_hd__clkbuf_16)
    13    0.20    0.21    0.29   10.48 ^ clkbuf_2_1__f_clk/X (sky130_fd_sc_hd__clkbuf_16)
                                         clknet_2_1__leaf_clk (net)
                  0.21    0.01   10.48 ^ clkbuf_leaf_30_clk/A (sky130_fd_sc_hd__clkbuf_16)
     7    0.05    0.07    0.20   10.69 ^ clkbuf_leaf_30_clk/X (sky130_fd_sc_hd__clkbuf_16)
                                         clknet_leaf_30_clk (net)
                  0.07    0.00   10.69 ^ state[59]$_SDFFE_PN0P_/CLK (sky130_fd_sc_hd__dfxtp_2)
                          0.00   10.69   clock reconvergence pessimism
                         -0.17   10.52   library setup time
                                 10.52   data required time
-----------------------------------------------------------------------------
                                 10.52   data required time
                                 -7.11   data arrival time
-----------------------------------------------------------------------------
                                  3.41   slack (MET)


Startpoint: ciphertext[5]$_SDFFE_PN0P_
            (rising edge-triggered flip-flop clocked by core_clock)
Endpoint: ciphertext[5] (output port clocked by vclk)
Path Group: vclk
Path Type: max

Fanout     Cap    Slew   Delay    Time   Description
-----------------------------------------------------------------------------
                          0.00    0.00   clock core_clock (rise edge)
                          0.00    0.00   clock source latency
     2    0.08    0.00    0.00    0.00 ^ clk (in)
                                         clk (net)
                  0.00    0.00    0.00 ^ clkbuf_0_clk/A (sky130_fd_sc_hd__clkbuf_16)
     4    0.12    0.14    0.19    0.19 ^ clkbuf_0_clk/X (sky130_fd_sc_hd__clkbuf_16)
                                         clknet_0_clk (net)
                  0.14    0.00    0.19 ^ clkbuf_2_1__f_clk/A (sky130_fd_sc_hd__clkbuf_16)
    13    0.20    0.21    0.29    0.48 ^ clkbuf_2_1__f_clk/X (sky130_fd_sc_hd__clkbuf_16)
                                         clknet_2_1__leaf_clk (net)
                  0.21    0.01    0.48 ^ clkbuf_leaf_26_clk/A (sky130_fd_sc_hd__clkbuf_16)
    11    0.05    0.07    0.20    0.69 ^ clkbuf_leaf_26_clk/X (sky130_fd_sc_hd__clkbuf_16)
                                         clknet_leaf_26_clk (net)
                  0.07    0.00    0.69 ^ ciphertext[5]$_SDFFE_PN0P_/CLK (sky130_fd_sc_hd__dfxtp_1)
     2    0.09    0.80    0.84    1.53 ^ ciphertext[5]$_SDFFE_PN0P_/Q (sky130_fd_sc_hd__dfxtp_1)
                                         net342 (net)
                  0.80    0.01    1.53 ^ output342/A (sky130_fd_sc_hd__clkdlybuf4s50_1)
     1    0.00    0.04    0.61    2.15 ^ output342/X (sky130_fd_sc_hd__clkdlybuf4s50_1)
                                         ciphertext[5] (net)
                  0.04    0.00    2.15 ^ ciphertext[5] (out)
                                  2.15   data arrival time

                  0.00   10.00   10.00   clock vclk (rise edge)
                          0.00   10.00   clock network delay (ideal)
                          0.00   10.00   clock reconvergence pessimism
                         -2.00    8.00   output external delay
                                  8.00   data required time
-----------------------------------------------------------------------------
                                  8.00   data required time
                                 -2.15   data arrival time
-----------------------------------------------------------------------------
                                  5.85   slack (MET)



==========================================================================
global route report_check_types -max_slew -max_cap -max_fanout -violators
--------------------------------------------------------------------------

==========================================================================
global route max_slew_check_slack
--------------------------------------------------------------------------
0.011408652178943157

==========================================================================
global route max_slew_check_limit
--------------------------------------------------------------------------
1.5

==========================================================================
global route max_slew_check_slack_limit
--------------------------------------------------------------------------
0.0076

==========================================================================
global route max_fanout_check_slack
--------------------------------------------------------------------------
1.0000000150474662e+30

==========================================================================
global route max_fanout_check_limit
--------------------------------------------------------------------------
1.0000000150474662e+30

==========================================================================
global route max_capacitance_check_slack
--------------------------------------------------------------------------
0.0029028463177382946

==========================================================================
global route max_capacitance_check_limit
--------------------------------------------------------------------------
0.047616999596357346

==========================================================================
global route max_capacitance_check_slack_limit
--------------------------------------------------------------------------
0.0610

==========================================================================
global route max_slew_violation_count
--------------------------------------------------------------------------
max slew violation count 0

==========================================================================
global route max_fanout_violation_count
--------------------------------------------------------------------------
max fanout violation count 0

==========================================================================
global route max_cap_violation_count
--------------------------------------------------------------------------
max cap violation count 0

==========================================================================
global route setup_violation_count
--------------------------------------------------------------------------
setup violation count 0

==========================================================================
global route hold_violation_count
--------------------------------------------------------------------------
hold violation count 0

==========================================================================
global route report_checks -path_delay max reg to reg
--------------------------------------------------------------------------
Startpoint: round_key[19]$_SDFFE_PN0P_
            (rising edge-triggered flip-flop clocked by core_clock)
Endpoint: state[59]$_SDFFE_PN0P_
          (rising edge-triggered flip-flop clocked by core_clock)
Path Group: core_clock
Path Type: max

  Delay    Time   Description
---------------------------------------------------------
   0.00    0.00   clock core_clock (rise edge)
   0.00    0.00   clock source latency
   0.00    0.00 ^ clk (in)
   0.19    0.19 ^ clkbuf_0_clk/X (sky130_fd_sc_hd__clkbuf_16)
   0.30    0.49 ^ clkbuf_2_3__f_clk/X (sky130_fd_sc_hd__clkbuf_16)
   0.21    0.70 ^ clkbuf_leaf_11_clk/X (sky130_fd_sc_hd__clkbuf_16)
   0.00    0.70 ^ round_key[19]$_SDFFE_PN0P_/CLK (sky130_fd_sc_hd__dfxtp_2)
   0.75    1.45 ^ round_key[19]$_SDFFE_PN0P_/Q (sky130_fd_sc_hd__dfxtp_2)
   0.66    2.11 ^ place1022/X (sky130_fd_sc_hd__buf_4)
   0.54    2.66 ^ _14048_/Y (sky130_fd_sc_hd__nand2b_1)
   0.14    2.80 v _14628_/Y (sky130_fd_sc_hd__o211ai_1)
   0.58    3.37 ^ _14633_/Y (sky130_fd_sc_hd__a2111oi_0)
   0.18    3.56 v _14634_/Y (sky130_fd_sc_hd__a2111oi_0)
   0.72    4.28 ^ _14635_/Y (sky130_fd_sc_hd__a211oi_1)
   0.86    5.14 v _19014_/X (sky130_fd_sc_hd__xor3_1)
   0.76    5.90 ^ _21437_/Y (sky130_fd_sc_hd__xnor2_1)
   0.19    6.09 v _21438_/Y (sky130_fd_sc_hd__xnor2_1)
   0.88    6.97 ^ _26568_/Y (sky130_fd_sc_hd__a221oi_1)
   0.14    7.11 v _26569_/Y (sky130_fd_sc_hd__a211oi_1)
   0.00    7.11 v state[59]$_SDFFE_PN0P_/D (sky130_fd_sc_hd__dfxtp_2)
           7.11   data arrival time

  10.00   10.00   clock core_clock (rise edge)
   0.00   10.00   clock source latency
   0.00   10.00 ^ clk (in)
   0.19   10.19 ^ clkbuf_0_clk/X (sky130_fd_sc_hd__clkbuf_16)
   0.29   10.48 ^ clkbuf_2_1__f_clk/X (sky130_fd_sc_hd__clkbuf_16)
   0.21   10.69 ^ clkbuf_leaf_30_clk/X (sky130_fd_sc_hd__clkbuf_16)
   0.00   10.69 ^ state[59]$_SDFFE_PN0P_/CLK (sky130_fd_sc_hd__dfxtp_2)
   0.00   10.69   clock reconvergence pessimism
  -0.17   10.52   library setup time
          10.52   data required time
---------------------------------------------------------
          10.52   data required time
          -7.11   data arrival time
---------------------------------------------------------
           3.41   slack (MET)



==========================================================================
global route report_checks -path_delay min reg to reg
--------------------------------------------------------------------------
Startpoint: ciphertext[74]$_SDFFE_PN0P_
            (rising edge-triggered flip-flop clocked by core_clock)
Endpoint: ciphertext[74]$_SDFFE_PN0P_
          (rising edge-triggered flip-flop clocked by core_clock)
Path Group: core_clock
Path Type: min

  Delay    Time   Description
---------------------------------------------------------
   0.00    0.00   clock core_clock (rise edge)
   0.00    0.00   clock source latency
   0.00    0.00 ^ clk (in)
   0.19    0.19 ^ clkbuf_0_clk/X (sky130_fd_sc_hd__clkbuf_16)
   0.29    0.48 ^ clkbuf_2_1__f_clk/X (sky130_fd_sc_hd__clkbuf_16)
   0.21    0.68 ^ clkbuf_leaf_33_clk/X (sky130_fd_sc_hd__clkbuf_16)
   0.00    0.69 ^ ciphertext[74]$_SDFFE_PN0P_/CLK (sky130_fd_sc_hd__dfxtp_1)
   0.31    1.00 v ciphertext[74]$_SDFFE_PN0P_/Q (sky130_fd_sc_hd__dfxtp_1)
   0.05    1.05 ^ _20227_/Y (sky130_fd_sc_hd__nand2_1)
   0.05    1.10 v _20272_/Y (sky130_fd_sc_hd__a21oi_1)
   0.00    1.10 v ciphertext[74]$_SDFFE_PN0P_/D (sky130_fd_sc_hd__dfxtp_1)
           1.10   data arrival time

   0.00    0.00   clock core_clock (rise edge)
   0.00    0.00   clock source latency
   0.00    0.00 ^ clk (in)
   0.19    0.19 ^ clkbuf_0_clk/X (sky130_fd_sc_hd__clkbuf_16)
   0.29    0.48 ^ clkbuf_2_1__f_clk/X (sky130_fd_sc_hd__clkbuf_16)
   0.21    0.68 ^ clkbuf_leaf_33_clk/X (sky130_fd_sc_hd__clkbuf_16)
   0.00    0.69 ^ ciphertext[74]$_SDFFE_PN0P_/CLK (sky130_fd_sc_hd__dfxtp_1)
   0.00    0.69   clock reconvergence pessimism
  -0.05    0.64   library hold time
           0.64   data required time
---------------------------------------------------------
           0.64   data required time
          -1.10   data arrival time
---------------------------------------------------------
           0.46   slack (MET)



==========================================================================
global route critical path target clock latency max path
--------------------------------------------------------------------------
0.6924

==========================================================================
global route critical path target clock latency min path
--------------------------------------------------------------------------
0.6809

==========================================================================
global route critical path source clock latency min path
--------------------------------------------------------------------------
0.0000

==========================================================================
global route critical path delay
--------------------------------------------------------------------------
7.1106

==========================================================================
global route critical path slack
--------------------------------------------------------------------------
3.4112

==========================================================================
global route slack div critical path delay
--------------------------------------------------------------------------
47.973448

==========================================================================
global route report_power
--------------------------------------------------------------------------
Group                  Internal  Switching    Leakage      Total
                          Power      Power      Power      Power (Watts)
----------------------------------------------------------------
Sequential             2.07e-03   1.28e-03   3.24e-09   3.36e-03   5.3%
Combinational          1.92e-02   3.87e-02   2.66e-08   5.79e-02  91.4%
Clock                  1.14e-03   9.67e-04   8.82e-10   2.11e-03   3.3%
Macro                  0.00e+00   0.00e+00   0.00e+00   0.00e+00   0.0%
Pad                    0.00e+00   0.00e+00   0.00e+00   0.00e+00   0.0%
----------------------------------------------------------------
Total                  2.25e-02   4.10e-02   3.07e-08   6.34e-02 100.0%
                          35.4%      64.6%       0.0%
