
==========================================================================
detailed place report_tns
--------------------------------------------------------------------------
tns max -64.09

==========================================================================
detailed place report_wns
--------------------------------------------------------------------------
wns max -1.57

==========================================================================
detailed place report_worst_slack
--------------------------------------------------------------------------
worst slack max -1.57

==========================================================================
detailed place report_clock_min_period
--------------------------------------------------------------------------
core_clock period_min = 12.57 fmax = 79.55
vclk period_min = 0.00 fmax = inf

==========================================================================
detailed place report_checks -path_delay min
--------------------------------------------------------------------------
Startpoint: rst_n (input port clocked by vclk)
Endpoint: W[1828]$_DFFE_PN0P_
          (removal check against rising-edge clock core_clock)
Path Group: asynchronous
Path Type: min

Fanout     Cap    Slew   Delay    Time   Description
-----------------------------------------------------------------------------
                  0.00    0.00    0.00   clock vclk (rise edge)
                          0.00    0.00   clock network delay (ideal)
                          2.20    2.20 ^ input external delay
     1    0.01    0.00    0.00    2.20 ^ rst_n (in)
                                         rst_n (net)
                  0.00    0.00    2.20 ^ input514/A (sky130_fd_sc_hd__buf_16)
   120    0.74    0.75    0.50    2.70 ^ input514/X (sky130_fd_sc_hd__buf_16)
                                         net513 (net)
                  0.76    0.03    2.73 ^ W[1828]$_DFFE_PN0P_/RESET_B (sky130_fd_sc_hd__dfrtp_1)
                                  2.73   data arrival time

                  0.00    0.00    0.00   clock core_clock (rise edge)
                          0.00    0.00   clock network delay (ideal)
                          0.00    0.00   clock reconvergence pessimism
                                  0.00 ^ W[1828]$_DFFE_PN0P_/CLK (sky130_fd_sc_hd__dfrtp_1)
                          0.50    0.50   library removal time
                                  0.50   data required time
-----------------------------------------------------------------------------
                                  0.50   data required time
                                 -2.73   data arrival time
-----------------------------------------------------------------------------
                                  2.23   slack (MET)


Startpoint: digest[141]$_DFFE_PN0P_
            (rising edge-triggered flip-flop clocked by core_clock)
Endpoint: digest[141]$_DFFE_PN0P_
          (rising edge-triggered flip-flop clocked by core_clock)
Path Group: core_clock
Path Type: min

Fanout     Cap    Slew   Delay    Time   Description
-----------------------------------------------------------------------------
                  0.00    0.00    0.00   clock core_clock (rise edge)
                          0.00    0.00   clock network delay (ideal)
                  0.00    0.00    0.00 ^ digest[141]$_DFFE_PN0P_/CLK (sky130_fd_sc_hd__dfrtp_1)
     2    0.01    0.06    0.31    0.31 ^ digest[141]$_DFFE_PN0P_/Q (sky130_fd_sc_hd__dfrtp_1)
                                         net561 (net)
                  0.06    0.00    0.32 ^ _18507_/A (sky130_fd_sc_hd__nand2_1)
     1    0.00    0.03    0.05    0.36 v _18507_/Y (sky130_fd_sc_hd__nand2_1)
                                         _04742_ (net)
                  0.03    0.00    0.36 v _18511_/A (sky130_fd_sc_hd__nand2_1)
     1    0.00    0.04    0.05    0.42 ^ _18511_/Y (sky130_fd_sc_hd__nand2_1)
                                         _00881_ (net)
                  0.04    0.00    0.42 ^ digest[141]$_DFFE_PN0P_/D (sky130_fd_sc_hd__dfrtp_1)
                                  0.42   data arrival time

                  0.00    0.00    0.00   clock core_clock (rise edge)
                          0.00    0.00   clock network delay (ideal)
                          0.00    0.00   clock reconvergence pessimism
                                  0.00 ^ digest[141]$_DFFE_PN0P_/CLK (sky130_fd_sc_hd__dfrtp_1)
                         -0.04   -0.04   library hold time
                                 -0.04   data required time
-----------------------------------------------------------------------------
                                 -0.04   data required time
                                 -0.42   data arrival time
-----------------------------------------------------------------------------
                                  0.46   slack (MET)


Startpoint: digest[203]$_DFFE_PN0P_
            (rising edge-triggered flip-flop clocked by core_clock)
Endpoint: digest[203] (output port clocked by vclk)
Path Group: vclk
Path Type: min

Fanout     Cap    Slew   Delay    Time   Description
-----------------------------------------------------------------------------
                  0.00    0.00    0.00   clock core_clock (rise edge)
                          0.00    0.00   clock network delay (ideal)
                  0.00    0.00    0.00 ^ digest[203]$_DFFE_PN0P_/CLK (sky130_fd_sc_hd__dfrtp_1)
     2    0.01    0.05    0.35    0.35 v digest[203]$_DFFE_PN0P_/Q (sky130_fd_sc_hd__dfrtp_1)
                                         net630 (net)
                  0.05    0.00    0.35 v output631/A (sky130_fd_sc_hd__clkdlybuf4s50_1)
     1    0.00    0.03    0.40    0.75 v output631/X (sky130_fd_sc_hd__clkdlybuf4s50_1)
                                         digest[203] (net)
                  0.03    0.00    0.75 v digest[203] (out)
                                  0.75   data arrival time

                  0.00    0.00    0.00   clock vclk (rise edge)
                          0.00    0.00   clock network delay (ideal)
                          0.00    0.00   clock reconvergence pessimism
                         -2.20   -2.20   output external delay
                                 -2.20   data required time
-----------------------------------------------------------------------------
                                 -2.20   data required time
                                 -0.75   data arrival time
-----------------------------------------------------------------------------
                                  2.95   slack (MET)



==========================================================================
detailed place report_checks -path_delay max
--------------------------------------------------------------------------
Startpoint: rst_n (input port clocked by vclk)
Endpoint: digest[193]$_DFFE_PN0P_
          (recovery check against rising-edge clock core_clock)
Path Group: asynchronous
Path Type: max

Fanout     Cap    Slew   Delay    Time   Description
-----------------------------------------------------------------------------
                  0.00    0.00    0.00   clock vclk (rise edge)
                          0.00    0.00   clock network delay (ideal)
                          2.20    2.20 ^ input external delay
     1    0.01    0.00    0.00    2.20 ^ rst_n (in)
                                         rst_n (net)
                  0.00    0.00    2.20 ^ input514/A (sky130_fd_sc_hd__buf_16)
   120    0.74    0.75    0.50    2.70 ^ input514/X (sky130_fd_sc_hd__buf_16)
                                         net513 (net)
                  0.77    0.09    2.79 ^ place7551/A (sky130_fd_sc_hd__buf_12)
   140    0.78    0.86    0.64    3.44 ^ place7551/X (sky130_fd_sc_hd__buf_12)
                                         net7550 (net)
                  0.93    0.19    3.62 ^ place7549/A (sky130_fd_sc_hd__buf_4)
    73    0.40    1.05    0.96    4.58 ^ place7549/X (sky130_fd_sc_hd__buf_4)
                                         net7548 (net)
                  1.06    0.03    4.61 ^ digest[193]$_DFFE_PN0P_/RESET_B (sky130_fd_sc_hd__dfrtp_1)
                                  4.61   data arrival time

                  0.00   11.00   11.00   clock core_clock (rise edge)
                          0.00   11.00   clock network delay (ideal)
                          0.00   11.00   clock reconvergence pessimism
                                 11.00 ^ digest[193]$_DFFE_PN0P_/CLK (sky130_fd_sc_hd__dfrtp_1)
                         -0.05   10.95   library recovery time
                                 10.95   data required time
-----------------------------------------------------------------------------
                                 10.95   data required time
                                 -4.61   data arrival time
-----------------------------------------------------------------------------
                                  6.33   slack (MET)


Startpoint: round[0]$_DFFE_PN0P_
            (rising edge-triggered flip-flop clocked by core_clock)
Endpoint: digest[254]$_DFFE_PN0P_
          (rising edge-triggered flip-flop clocked by core_clock)
Path Group: core_clock
Path Type: max

Fanout     Cap    Slew   Delay    Time   Description
-----------------------------------------------------------------------------
                  0.00    0.00    0.00   clock core_clock (rise edge)
                          0.00    0.00   clock network delay (ideal)
                  0.00    0.00    0.00 ^ round[0]$_DFFE_PN0P_/CLK (sky130_fd_sc_hd__dfrtp_4)
     5    0.04    0.10    0.51    0.51 v round[0]$_DFFE_PN0P_/Q (sky130_fd_sc_hd__dfrtp_4)
                                         round[0] (net)
                  0.10    0.00    0.51 v _25477_/A (sky130_fd_sc_hd__ha_4)
     2    0.03    0.11    0.34    0.85 ^ _25477_/SUM (sky130_fd_sc_hd__ha_4)
                                         _00526_ (net)
                  0.11    0.00    0.85 ^ place5373/A (sky130_fd_sc_hd__buf_16)
    12    0.22    0.24    0.23    1.08 ^ place5373/X (sky130_fd_sc_hd__buf_16)
                                         net5372 (net)
                  0.24    0.02    1.11 ^ place5367/A (sky130_fd_sc_hd__buf_12)
    15    0.13    0.16    0.23    1.34 ^ place5367/X (sky130_fd_sc_hd__buf_12)
                                         net5366 (net)
                  0.16    0.00    1.34 ^ place5365/A (sky130_fd_sc_hd__buf_4)
     8    0.07    0.20    0.26    1.60 ^ place5365/X (sky130_fd_sc_hd__buf_4)
                                         net5364 (net)
                  0.20    0.00    1.61 ^ _16250_/S0 (sky130_fd_sc_hd__mux4_2)
     1    0.00    0.08    0.52    2.13 v _16250_/X (sky130_fd_sc_hd__mux4_2)
                                         _12232_ (net)
                  0.08    0.00    2.13 v _16251_/A1 (sky130_fd_sc_hd__mux2i_1)
     2    0.01    0.30    0.28    2.41 ^ _16251_/Y (sky130_fd_sc_hd__mux2i_1)
                                         _12233_ (net)
                  0.30    0.00    2.41 ^ _24925_/A3 (sky130_fd_sc_hd__mux4_2)
     1    0.02    0.14    0.37    2.78 ^ _24925_/X (sky130_fd_sc_hd__mux4_2)
                                         _08881_ (net)
                  0.14    0.00    2.79 ^ _24926_/A1 (sky130_fd_sc_hd__mux2i_1)
     2    0.01    0.09    0.12    2.91 v _24926_/Y (sky130_fd_sc_hd__mux2i_1)
                                         _08882_ (net)
                  0.09    0.00    2.91 v _25005_/A (sky130_fd_sc_hd__xnor2_1)
     1    0.01    0.17    0.21    3.11 ^ _25005_/Y (sky130_fd_sc_hd__xnor2_1)
                                         _08940_ (net)
                  0.17    0.00    3.11 ^ _25006_/B (sky130_fd_sc_hd__xnor2_1)
     1    0.01    0.11    0.12    3.23 v _25006_/Y (sky130_fd_sc_hd__xnor2_1)
                                         _00263_ (net)
                  0.11    0.00    3.23 v _25338_/A (sky130_fd_sc_hd__fa_1)
     1    0.01    0.08    0.57    3.80 ^ _25338_/SUM (sky130_fd_sc_hd__fa_1)
                                         _12829_ (net)
                  0.08    0.00    3.80 ^ _25381_/CIN (sky130_fd_sc_hd__fa_1)
     2    0.01    0.12    0.47    4.26 v _25381_/SUM (sky130_fd_sc_hd__fa_1)
                                         _12869_ (net)
                  0.12    0.00    4.26 v _25482_/B (sky130_fd_sc_hd__ha_1)
     1    0.00    0.06    0.30    4.57 v _25482_/SUM (sky130_fd_sc_hd__ha_1)
                                         _00535_ (net)
                  0.06    0.00    4.57 v _13117_/A1 (sky130_fd_sc_hd__a21o_1)
     1    0.01    0.05    0.17    4.74 v _13117_/X (sky130_fd_sc_hd__a21o_1)
                                         _09233_ (net)
                  0.05    0.00    4.74 v _13118_/A1 (sky130_fd_sc_hd__a21oi_2)
     2    0.01    0.13    0.15    4.89 ^ _13118_/Y (sky130_fd_sc_hd__a21oi_2)
                                         _09234_ (net)
                  0.13    0.00    4.89 ^ _13119_/A1 (sky130_fd_sc_hd__o21bai_1)
     1    0.01    0.08    0.11    5.00 v _13119_/Y (sky130_fd_sc_hd__o21bai_1)
                                         _09235_ (net)
                  0.08    0.00    5.00 v _13120_/A1 (sky130_fd_sc_hd__a21oi_2)
     2    0.01    0.15    0.18    5.18 ^ _13120_/Y (sky130_fd_sc_hd__a21oi_2)
                                         _09236_ (net)
                  0.15    0.00    5.18 ^ _13121_/A2 (sky130_fd_sc_hd__o21bai_1)
     1    0.00    0.06    0.09    5.26 v _13121_/Y (sky130_fd_sc_hd__o21bai_1)
                                         _09237_ (net)
                  0.06    0.00    5.26 v _13122_/A1 (sky130_fd_sc_hd__a21o_1)
     3    0.02    0.11    0.23    5.49 v _13122_/X (sky130_fd_sc_hd__a21o_1)
                                         _09238_ (net)
                  0.11    0.00    5.49 v _14179_/B (sky130_fd_sc_hd__nand2_1)
     2    0.01    0.08    0.12    5.61 ^ _14179_/Y (sky130_fd_sc_hd__nand2_1)
                                         _10277_ (net)
                  0.08    0.00    5.61 ^ _14291_/B (sky130_fd_sc_hd__nand2b_1)
     1    0.00    0.05    0.07    5.68 v _14291_/Y (sky130_fd_sc_hd__nand2b_1)
                                         _10387_ (net)
                  0.05    0.00    5.68 v _14292_/A1 (sky130_fd_sc_hd__a21oi_2)
     1    0.01    0.15    0.17    5.85 ^ _14292_/Y (sky130_fd_sc_hd__a21oi_2)
                                         _10388_ (net)
                  0.15    0.00    5.85 ^ _14293_/B (sky130_fd_sc_hd__xnor2_2)
     1    0.01    0.06    0.09    5.94 v _14293_/Y (sky130_fd_sc_hd__xnor2_2)
                                         _10389_ (net)
                  0.06    0.00    5.94 v _14294_/A1 (sky130_fd_sc_hd__mux2i_4)
     2    0.03    0.29    0.25    6.19 ^ _14294_/Y (sky130_fd_sc_hd__mux2i_4)
                                         _10390_ (net)
                  0.29    0.00    6.19 ^ _14297_/A (sky130_fd_sc_hd__inv_2)
     1    0.01    0.06    0.07    6.26 v _14297_/Y (sky130_fd_sc_hd__inv_2)
                                         _00196_ (net)
                  0.06    0.00    6.26 v _25308_/CIN (sky130_fd_sc_hd__fa_1)
     1    0.01    0.10    0.40    6.66 v _25308_/COUT (sky130_fd_sc_hd__fa_1)
                                         _12768_ (net)
                  0.10    0.00    6.66 v _25279_/B (sky130_fd_sc_hd__fa_1)
     1    0.01    0.11    0.52    7.18 v _25279_/SUM (sky130_fd_sc_hd__fa_1)
                                         _12690_ (net)
                  0.11    0.00    7.18 v _25250_/B (sky130_fd_sc_hd__fa_1)
     1    0.01    0.13    0.58    7.76 ^ _25250_/SUM (sky130_fd_sc_hd__fa_1)
                                         _12693_ (net)
                  0.13    0.00    7.76 ^ _25528_/B (sky130_fd_sc_hd__ha_4)
     2    0.01    0.04    0.21    7.98 v _25528_/SUM (sky130_fd_sc_hd__ha_4)
                                         _00629_ (net)
                  0.04    0.00    7.98 v _15324_/D (sky130_fd_sc_hd__and4_4)
     2    0.01    0.04    0.19    8.17 v _15324_/X (sky130_fd_sc_hd__and4_4)
                                         _11369_ (net)
                  0.04    0.00    8.17 v _15328_/B1 (sky130_fd_sc_hd__a221oi_2)
     1    0.00    0.17    0.20    8.37 ^ _15328_/Y (sky130_fd_sc_hd__a221oi_2)
                                         _11373_ (net)
                  0.17    0.00    8.37 ^ _15329_/B1 (sky130_fd_sc_hd__o21ai_1)
     2    0.01    0.10    0.13    8.50 v _15329_/Y (sky130_fd_sc_hd__o21ai_1)
                                         _11374_ (net)
                  0.10    0.00    8.50 v _15330_/A (sky130_fd_sc_hd__nor2_2)
     2    0.01    0.13    0.17    8.67 ^ _15330_/Y (sky130_fd_sc_hd__nor2_2)
                                         _11375_ (net)
                  0.13    0.00    8.67 ^ _16533_/A (sky130_fd_sc_hd__nor2b_1)
     2    0.01    0.05    0.08    8.74 v _16533_/Y (sky130_fd_sc_hd__nor2b_1)
                                         _12490_ (net)
                  0.05    0.00    8.74 v _16534_/A2 (sky130_fd_sc_hd__o21a_1)
     1    0.00    0.04    0.16    8.91 v _16534_/X (sky130_fd_sc_hd__o21a_1)
                                         _12491_ (net)
                  0.04    0.00    8.91 v _16535_/A (sky130_fd_sc_hd__nor2_1)
     1    0.01    0.12    0.13    9.04 ^ _16535_/Y (sky130_fd_sc_hd__nor2_1)
                                         _12492_ (net)
                  0.12    0.00    9.04 ^ _16536_/A (sky130_fd_sc_hd__xnor2_1)
     1    0.00    0.05    0.09    9.12 v _16536_/Y (sky130_fd_sc_hd__xnor2_1)
                                         _00039_ (net)
                  0.05    0.00    9.12 v place4450/A (sky130_fd_sc_hd__buf_4)
     2    0.04    0.07    0.18    9.30 v place4450/X (sky130_fd_sc_hd__buf_4)
                                         net4449 (net)
                  0.07    0.01    9.31 v _25210_/A (sky130_fd_sc_hd__fa_1)
     1    0.01    0.11    0.59    9.89 ^ _25210_/SUM (sky130_fd_sc_hd__fa_1)
                                         _12582_ (net)
                  0.11    0.00    9.89 ^ _25406_/B (sky130_fd_sc_hd__ha_4)
     2    0.01    0.04    0.21   10.11 v _25406_/SUM (sky130_fd_sc_hd__ha_4)
                                         _00395_ (net)
                  0.04    0.00   10.11 v _17781_/A1 (sky130_fd_sc_hd__a21o_1)
     1    0.01    0.04    0.16   10.27 v _17781_/X (sky130_fd_sc_hd__a21o_1)
                                         _04129_ (net)
                  0.04    0.00   10.27 v _17782_/A1 (sky130_fd_sc_hd__a21oi_2)
     2    0.01    0.13    0.15   10.41 ^ _17782_/Y (sky130_fd_sc_hd__a21oi_2)
                                         _04130_ (net)
                  0.13    0.00   10.41 ^ _17786_/A1 (sky130_fd_sc_hd__o221ai_2)
     2    0.01    0.08    0.13   10.54 v _17786_/Y (sky130_fd_sc_hd__o221ai_2)
                                         _04134_ (net)
                  0.08    0.00   10.54 v place4344/A (sky130_fd_sc_hd__buf_4)
     1    0.01    0.03    0.15   10.70 v place4344/X (sky130_fd_sc_hd__buf_4)
                                         net4343 (net)
                  0.03    0.00   10.70 v _17917_/A3 (sky130_fd_sc_hd__a31oi_4)
     1    0.01    0.15    0.19   10.88 ^ _17917_/Y (sky130_fd_sc_hd__a31oi_4)
                                         _04265_ (net)
                  0.15    0.00   10.89 ^ _17918_/B1 (sky130_fd_sc_hd__o31ai_4)
     3    0.01    0.08    0.11   11.00 v _17918_/Y (sky130_fd_sc_hd__o31ai_4)
                                         _04266_ (net)
                  0.08    0.00   11.00 v _17923_/A1 (sky130_fd_sc_hd__a211o_1)
     1    0.01    0.06    0.28   11.27 v _17923_/X (sky130_fd_sc_hd__a211o_1)
                                         _04271_ (net)
                  0.06    0.00   11.27 v _17924_/A2 (sky130_fd_sc_hd__a21oi_2)
     1    0.01    0.15    0.18   11.46 ^ _17924_/Y (sky130_fd_sc_hd__a21oi_2)
                                         _04272_ (net)
                  0.15    0.00   11.46 ^ _17925_/A (sky130_fd_sc_hd__xnor2_2)
     2    0.01    0.07    0.10   11.56 v _17925_/Y (sky130_fd_sc_hd__xnor2_2)
                                         _04273_ (net)
                  0.07    0.00   11.56 v _17950_/B (sky130_fd_sc_hd__and2_4)
     3    0.03    0.06    0.20   11.76 v _17950_/X (sky130_fd_sc_hd__and2_4)
                                         _04298_ (net)
                  0.06    0.00   11.76 v _17959_/A2 (sky130_fd_sc_hd__a21oi_4)
     2    0.01    0.13    0.17   11.93 ^ _17959_/Y (sky130_fd_sc_hd__a21oi_4)
                                         _04307_ (net)
                  0.13    0.00   11.93 ^ _17964_/A2 (sky130_fd_sc_hd__o21ai_2)
     2    0.01    0.08    0.07   12.00 v _17964_/Y (sky130_fd_sc_hd__o21ai_2)
                                         _04312_ (net)
                  0.08    0.00   12.00 v _17971_/A2 (sky130_fd_sc_hd__a21oi_1)
     1    0.01    0.16    0.19   12.19 ^ _17971_/Y (sky130_fd_sc_hd__a21oi_1)
                                         _04319_ (net)
                  0.16    0.00   12.19 ^ _17972_/A (sky130_fd_sc_hd__xnor2_1)
     1    0.00    0.14    0.14   12.34 ^ _17972_/Y (sky130_fd_sc_hd__xnor2_1)
                                         _04320_ (net)
                  0.14    0.00   12.34 ^ _17975_/A1 (sky130_fd_sc_hd__o21ai_1)
     1    0.00    0.09    0.09   12.42 v _17975_/Y (sky130_fd_sc_hd__o21ai_1)
                                         _00768_ (net)
                  0.09    0.00   12.42 v digest[254]$_DFFE_PN0P_/D (sky130_fd_sc_hd__dfrtp_1)
                                 12.42   data arrival time

                  0.00   11.00   11.00   clock core_clock (rise edge)
                          0.00   11.00   clock network delay (ideal)
                          0.00   11.00   clock reconvergence pessimism
                                 11.00 ^ digest[254]$_DFFE_PN0P_/CLK (sky130_fd_sc_hd__dfrtp_1)
                         -0.15   10.85   library setup time
                                 10.85   data required time
-----------------------------------------------------------------------------
                                 10.85   data required time
                                -12.42   data arrival time
-----------------------------------------------------------------------------
                                 -1.57   slack (VIOLATED)


Startpoint: digest[36]$_DFFE_PN0P_
            (rising edge-triggered flip-flop clocked by core_clock)
Endpoint: digest[36] (output port clocked by vclk)
Path Group: vclk
Path Type: max

Fanout     Cap    Slew   Delay    Time   Description
-----------------------------------------------------------------------------
                  0.00    0.00    0.00   clock core_clock (rise edge)
                          0.00    0.00   clock network delay (ideal)
                  0.00    0.00    0.00 ^ digest[36]$_DFFE_PN0P_/CLK (sky130_fd_sc_hd__dfrtp_1)
     2    0.06    0.51    0.63    0.63 ^ digest[36]$_DFFE_PN0P_/Q (sky130_fd_sc_hd__dfrtp_1)
                                         net700 (net)
                  0.51    0.01    0.64 ^ output701/A (sky130_fd_sc_hd__clkdlybuf4s50_1)
     1    0.00    0.06    0.59    1.23 ^ output701/X (sky130_fd_sc_hd__clkdlybuf4s50_1)
                                         digest[36] (net)
                  0.06    0.00    1.23 ^ digest[36] (out)
                                  1.23   data arrival time

                  0.00   11.00   11.00   clock vclk (rise edge)
                          0.00   11.00   clock network delay (ideal)
                          0.00   11.00   clock reconvergence pessimism
                         -2.20    8.80   output external delay
                                  8.80   data required time
-----------------------------------------------------------------------------
                                  8.80   data required time
                                 -1.23   data arrival time
-----------------------------------------------------------------------------
                                  7.57   slack (MET)



==========================================================================
detailed place report_checks -unconstrained
--------------------------------------------------------------------------
Startpoint: rst_n (input port clocked by vclk)
Endpoint: digest[193]$_DFFE_PN0P_
          (recovery check against rising-edge clock core_clock)
Path Group: asynchronous
Path Type: max

Fanout     Cap    Slew   Delay    Time   Description
-----------------------------------------------------------------------------
                  0.00    0.00    0.00   clock vclk (rise edge)
                          0.00    0.00   clock network delay (ideal)
                          2.20    2.20 ^ input external delay
     1    0.01    0.00    0.00    2.20 ^ rst_n (in)
                                         rst_n (net)
                  0.00    0.00    2.20 ^ input514/A (sky130_fd_sc_hd__buf_16)
   120    0.74    0.75    0.50    2.70 ^ input514/X (sky130_fd_sc_hd__buf_16)
                                         net513 (net)
                  0.77    0.09    2.79 ^ place7551/A (sky130_fd_sc_hd__buf_12)
   140    0.78    0.86    0.64    3.44 ^ place7551/X (sky130_fd_sc_hd__buf_12)
                                         net7550 (net)
                  0.93    0.19    3.62 ^ place7549/A (sky130_fd_sc_hd__buf_4)
    73    0.40    1.05    0.96    4.58 ^ place7549/X (sky130_fd_sc_hd__buf_4)
                                         net7548 (net)
                  1.06    0.03    4.61 ^ digest[193]$_DFFE_PN0P_/RESET_B (sky130_fd_sc_hd__dfrtp_1)
                                  4.61   data arrival time

                  0.00   11.00   11.00   clock core_clock (rise edge)
                          0.00   11.00   clock network delay (ideal)
                          0.00   11.00   clock reconvergence pessimism
                                 11.00 ^ digest[193]$_DFFE_PN0P_/CLK (sky130_fd_sc_hd__dfrtp_1)
                         -0.05   10.95   library recovery time
                                 10.95   data required time
-----------------------------------------------------------------------------
                                 10.95   data required time
                                 -4.61   data arrival time
-----------------------------------------------------------------------------
                                  6.33   slack (MET)


Startpoint: round[0]$_DFFE_PN0P_
            (rising edge-triggered flip-flop clocked by core_clock)
Endpoint: digest[254]$_DFFE_PN0P_
          (rising edge-triggered flip-flop clocked by core_clock)
Path Group: core_clock
Path Type: max

Fanout     Cap    Slew   Delay    Time   Description
-----------------------------------------------------------------------------
                  0.00    0.00    0.00   clock core_clock (rise edge)
                          0.00    0.00   clock network delay (ideal)
                  0.00    0.00    0.00 ^ round[0]$_DFFE_PN0P_/CLK (sky130_fd_sc_hd__dfrtp_4)
     5    0.04    0.10    0.51    0.51 v round[0]$_DFFE_PN0P_/Q (sky130_fd_sc_hd__dfrtp_4)
                                         round[0] (net)
                  0.10    0.00    0.51 v _25477_/A (sky130_fd_sc_hd__ha_4)
     2    0.03    0.11    0.34    0.85 ^ _25477_/SUM (sky130_fd_sc_hd__ha_4)
                                         _00526_ (net)
                  0.11    0.00    0.85 ^ place5373/A (sky130_fd_sc_hd__buf_16)
    12    0.22    0.24    0.23    1.08 ^ place5373/X (sky130_fd_sc_hd__buf_16)
                                         net5372 (net)
                  0.24    0.02    1.11 ^ place5367/A (sky130_fd_sc_hd__buf_12)
    15    0.13    0.16    0.23    1.34 ^ place5367/X (sky130_fd_sc_hd__buf_12)
                                         net5366 (net)
                  0.16    0.00    1.34 ^ place5365/A (sky130_fd_sc_hd__buf_4)
     8    0.07    0.20    0.26    1.60 ^ place5365/X (sky130_fd_sc_hd__buf_4)
                                         net5364 (net)
                  0.20    0.00    1.61 ^ _16250_/S0 (sky130_fd_sc_hd__mux4_2)
     1    0.00    0.08    0.52    2.13 v _16250_/X (sky130_fd_sc_hd__mux4_2)
                                         _12232_ (net)
                  0.08    0.00    2.13 v _16251_/A1 (sky130_fd_sc_hd__mux2i_1)
     2    0.01    0.30    0.28    2.41 ^ _16251_/Y (sky130_fd_sc_hd__mux2i_1)
                                         _12233_ (net)
                  0.30    0.00    2.41 ^ _24925_/A3 (sky130_fd_sc_hd__mux4_2)
     1    0.02    0.14    0.37    2.78 ^ _24925_/X (sky130_fd_sc_hd__mux4_2)
                                         _08881_ (net)
                  0.14    0.00    2.79 ^ _24926_/A1 (sky130_fd_sc_hd__mux2i_1)
     2    0.01    0.09    0.12    2.91 v _24926_/Y (sky130_fd_sc_hd__mux2i_1)
                                         _08882_ (net)
                  0.09    0.00    2.91 v _25005_/A (sky130_fd_sc_hd__xnor2_1)
     1    0.01    0.17    0.21    3.11 ^ _25005_/Y (sky130_fd_sc_hd__xnor2_1)
                                         _08940_ (net)
                  0.17    0.00    3.11 ^ _25006_/B (sky130_fd_sc_hd__xnor2_1)
     1    0.01    0.11    0.12    3.23 v _25006_/Y (sky130_fd_sc_hd__xnor2_1)
                                         _00263_ (net)
                  0.11    0.00    3.23 v _25338_/A (sky130_fd_sc_hd__fa_1)
     1    0.01    0.08    0.57    3.80 ^ _25338_/SUM (sky130_fd_sc_hd__fa_1)
                                         _12829_ (net)
                  0.08    0.00    3.80 ^ _25381_/CIN (sky130_fd_sc_hd__fa_1)
     2    0.01    0.12    0.47    4.26 v _25381_/SUM (sky130_fd_sc_hd__fa_1)
                                         _12869_ (net)
                  0.12    0.00    4.26 v _25482_/B (sky130_fd_sc_hd__ha_1)
     1    0.00    0.06    0.30    4.57 v _25482_/SUM (sky130_fd_sc_hd__ha_1)
                                         _00535_ (net)
                  0.06    0.00    4.57 v _13117_/A1 (sky130_fd_sc_hd__a21o_1)
     1    0.01    0.05    0.17    4.74 v _13117_/X (sky130_fd_sc_hd__a21o_1)
                                         _09233_ (net)
                  0.05    0.00    4.74 v _13118_/A1 (sky130_fd_sc_hd__a21oi_2)
     2    0.01    0.13    0.15    4.89 ^ _13118_/Y (sky130_fd_sc_hd__a21oi_2)
                                         _09234_ (net)
                  0.13    0.00    4.89 ^ _13119_/A1 (sky130_fd_sc_hd__o21bai_1)
     1    0.01    0.08    0.11    5.00 v _13119_/Y (sky130_fd_sc_hd__o21bai_1)
                                         _09235_ (net)
                  0.08    0.00    5.00 v _13120_/A1 (sky130_fd_sc_hd__a21oi_2)
     2    0.01    0.15    0.18    5.18 ^ _13120_/Y (sky130_fd_sc_hd__a21oi_2)
                                         _09236_ (net)
                  0.15    0.00    5.18 ^ _13121_/A2 (sky130_fd_sc_hd__o21bai_1)
     1    0.00    0.06    0.09    5.26 v _13121_/Y (sky130_fd_sc_hd__o21bai_1)
                                         _09237_ (net)
                  0.06    0.00    5.26 v _13122_/A1 (sky130_fd_sc_hd__a21o_1)
     3    0.02    0.11    0.23    5.49 v _13122_/X (sky130_fd_sc_hd__a21o_1)
                                         _09238_ (net)
                  0.11    0.00    5.49 v _14179_/B (sky130_fd_sc_hd__nand2_1)
     2    0.01    0.08    0.12    5.61 ^ _14179_/Y (sky130_fd_sc_hd__nand2_1)
                                         _10277_ (net)
                  0.08    0.00    5.61 ^ _14291_/B (sky130_fd_sc_hd__nand2b_1)
     1    0.00    0.05    0.07    5.68 v _14291_/Y (sky130_fd_sc_hd__nand2b_1)
                                         _10387_ (net)
                  0.05    0.00    5.68 v _14292_/A1 (sky130_fd_sc_hd__a21oi_2)
     1    0.01    0.15    0.17    5.85 ^ _14292_/Y (sky130_fd_sc_hd__a21oi_2)
                                         _10388_ (net)
                  0.15    0.00    5.85 ^ _14293_/B (sky130_fd_sc_hd__xnor2_2)
     1    0.01    0.06    0.09    5.94 v _14293_/Y (sky130_fd_sc_hd__xnor2_2)
                                         _10389_ (net)
                  0.06    0.00    5.94 v _14294_/A1 (sky130_fd_sc_hd__mux2i_4)
     2    0.03    0.29    0.25    6.19 ^ _14294_/Y (sky130_fd_sc_hd__mux2i_4)
                                         _10390_ (net)
                  0.29    0.00    6.19 ^ _14297_/A (sky130_fd_sc_hd__inv_2)
     1    0.01    0.06    0.07    6.26 v _14297_/Y (sky130_fd_sc_hd__inv_2)
                                         _00196_ (net)
                  0.06    0.00    6.26 v _25308_/CIN (sky130_fd_sc_hd__fa_1)
     1    0.01    0.10    0.40    6.66 v _25308_/COUT (sky130_fd_sc_hd__fa_1)
                                         _12768_ (net)
                  0.10    0.00    6.66 v _25279_/B (sky130_fd_sc_hd__fa_1)
     1    0.01    0.11    0.52    7.18 v _25279_/SUM (sky130_fd_sc_hd__fa_1)
                                         _12690_ (net)
                  0.11    0.00    7.18 v _25250_/B (sky130_fd_sc_hd__fa_1)
     1    0.01    0.13    0.58    7.76 ^ _25250_/SUM (sky130_fd_sc_hd__fa_1)
                                         _12693_ (net)
                  0.13    0.00    7.76 ^ _25528_/B (sky130_fd_sc_hd__ha_4)
     2    0.01    0.04    0.21    7.98 v _25528_/SUM (sky130_fd_sc_hd__ha_4)
                                         _00629_ (net)
                  0.04    0.00    7.98 v _15324_/D (sky130_fd_sc_hd__and4_4)
     2    0.01    0.04    0.19    8.17 v _15324_/X (sky130_fd_sc_hd__and4_4)
                                         _11369_ (net)
                  0.04    0.00    8.17 v _15328_/B1 (sky130_fd_sc_hd__a221oi_2)
     1    0.00    0.17    0.20    8.37 ^ _15328_/Y (sky130_fd_sc_hd__a221oi_2)
                                         _11373_ (net)
                  0.17    0.00    8.37 ^ _15329_/B1 (sky130_fd_sc_hd__o21ai_1)
     2    0.01    0.10    0.13    8.50 v _15329_/Y (sky130_fd_sc_hd__o21ai_1)
                                         _11374_ (net)
                  0.10    0.00    8.50 v _15330_/A (sky130_fd_sc_hd__nor2_2)
     2    0.01    0.13    0.17    8.67 ^ _15330_/Y (sky130_fd_sc_hd__nor2_2)
                                         _11375_ (net)
                  0.13    0.00    8.67 ^ _16533_/A (sky130_fd_sc_hd__nor2b_1)
     2    0.01    0.05    0.08    8.74 v _16533_/Y (sky130_fd_sc_hd__nor2b_1)
                                         _12490_ (net)
                  0.05    0.00    8.74 v _16534_/A2 (sky130_fd_sc_hd__o21a_1)
     1    0.00    0.04    0.16    8.91 v _16534_/X (sky130_fd_sc_hd__o21a_1)
                                         _12491_ (net)
                  0.04    0.00    8.91 v _16535_/A (sky130_fd_sc_hd__nor2_1)
     1    0.01    0.12    0.13    9.04 ^ _16535_/Y (sky130_fd_sc_hd__nor2_1)
                                         _12492_ (net)
                  0.12    0.00    9.04 ^ _16536_/A (sky130_fd_sc_hd__xnor2_1)
     1    0.00    0.05    0.09    9.12 v _16536_/Y (sky130_fd_sc_hd__xnor2_1)
                                         _00039_ (net)
                  0.05    0.00    9.12 v place4450/A (sky130_fd_sc_hd__buf_4)
     2    0.04    0.07    0.18    9.30 v place4450/X (sky130_fd_sc_hd__buf_4)
                                         net4449 (net)
                  0.07    0.01    9.31 v _25210_/A (sky130_fd_sc_hd__fa_1)
     1    0.01    0.11    0.59    9.89 ^ _25210_/SUM (sky130_fd_sc_hd__fa_1)
                                         _12582_ (net)
                  0.11    0.00    9.89 ^ _25406_/B (sky130_fd_sc_hd__ha_4)
     2    0.01    0.04    0.21   10.11 v _25406_/SUM (sky130_fd_sc_hd__ha_4)
                                         _00395_ (net)
                  0.04    0.00   10.11 v _17781_/A1 (sky130_fd_sc_hd__a21o_1)
     1    0.01    0.04    0.16   10.27 v _17781_/X (sky130_fd_sc_hd__a21o_1)
                                         _04129_ (net)
                  0.04    0.00   10.27 v _17782_/A1 (sky130_fd_sc_hd__a21oi_2)
     2    0.01    0.13    0.15   10.41 ^ _17782_/Y (sky130_fd_sc_hd__a21oi_2)
                                         _04130_ (net)
                  0.13    0.00   10.41 ^ _17786_/A1 (sky130_fd_sc_hd__o221ai_2)
     2    0.01    0.08    0.13   10.54 v _17786_/Y (sky130_fd_sc_hd__o221ai_2)
                                         _04134_ (net)
                  0.08    0.00   10.54 v place4344/A (sky130_fd_sc_hd__buf_4)
     1    0.01    0.03    0.15   10.70 v place4344/X (sky130_fd_sc_hd__buf_4)
                                         net4343 (net)
                  0.03    0.00   10.70 v _17917_/A3 (sky130_fd_sc_hd__a31oi_4)
     1    0.01    0.15    0.19   10.88 ^ _17917_/Y (sky130_fd_sc_hd__a31oi_4)
                                         _04265_ (net)
                  0.15    0.00   10.89 ^ _17918_/B1 (sky130_fd_sc_hd__o31ai_4)
     3    0.01    0.08    0.11   11.00 v _17918_/Y (sky130_fd_sc_hd__o31ai_4)
                                         _04266_ (net)
                  0.08    0.00   11.00 v _17923_/A1 (sky130_fd_sc_hd__a211o_1)
     1    0.01    0.06    0.28   11.27 v _17923_/X (sky130_fd_sc_hd__a211o_1)
                                         _04271_ (net)
                  0.06    0.00   11.27 v _17924_/A2 (sky130_fd_sc_hd__a21oi_2)
     1    0.01    0.15    0.18   11.46 ^ _17924_/Y (sky130_fd_sc_hd__a21oi_2)
                                         _04272_ (net)
                  0.15    0.00   11.46 ^ _17925_/A (sky130_fd_sc_hd__xnor2_2)
     2    0.01    0.07    0.10   11.56 v _17925_/Y (sky130_fd_sc_hd__xnor2_2)
                                         _04273_ (net)
                  0.07    0.00   11.56 v _17950_/B (sky130_fd_sc_hd__and2_4)
     3    0.03    0.06    0.20   11.76 v _17950_/X (sky130_fd_sc_hd__and2_4)
                                         _04298_ (net)
                  0.06    0.00   11.76 v _17959_/A2 (sky130_fd_sc_hd__a21oi_4)
     2    0.01    0.13    0.17   11.93 ^ _17959_/Y (sky130_fd_sc_hd__a21oi_4)
                                         _04307_ (net)
                  0.13    0.00   11.93 ^ _17964_/A2 (sky130_fd_sc_hd__o21ai_2)
     2    0.01    0.08    0.07   12.00 v _17964_/Y (sky130_fd_sc_hd__o21ai_2)
                                         _04312_ (net)
                  0.08    0.00   12.00 v _17971_/A2 (sky130_fd_sc_hd__a21oi_1)
     1    0.01    0.16    0.19   12.19 ^ _17971_/Y (sky130_fd_sc_hd__a21oi_1)
                                         _04319_ (net)
                  0.16    0.00   12.19 ^ _17972_/A (sky130_fd_sc_hd__xnor2_1)
     1    0.00    0.14    0.14   12.34 ^ _17972_/Y (sky130_fd_sc_hd__xnor2_1)
                                         _04320_ (net)
                  0.14    0.00   12.34 ^ _17975_/A1 (sky130_fd_sc_hd__o21ai_1)
     1    0.00    0.09    0.09   12.42 v _17975_/Y (sky130_fd_sc_hd__o21ai_1)
                                         _00768_ (net)
                  0.09    0.00   12.42 v digest[254]$_DFFE_PN0P_/D (sky130_fd_sc_hd__dfrtp_1)
                                 12.42   data arrival time

                  0.00   11.00   11.00   clock core_clock (rise edge)
                          0.00   11.00   clock network delay (ideal)
                          0.00   11.00   clock reconvergence pessimism
                                 11.00 ^ digest[254]$_DFFE_PN0P_/CLK (sky130_fd_sc_hd__dfrtp_1)
                         -0.15   10.85   library setup time
                                 10.85   data required time
-----------------------------------------------------------------------------
                                 10.85   data required time
                                -12.42   data arrival time
-----------------------------------------------------------------------------
                                 -1.57   slack (VIOLATED)


Startpoint: digest[36]$_DFFE_PN0P_
            (rising edge-triggered flip-flop clocked by core_clock)
Endpoint: digest[36] (output port clocked by vclk)
Path Group: vclk
Path Type: max

Fanout     Cap    Slew   Delay    Time   Description
-----------------------------------------------------------------------------
                  0.00    0.00    0.00   clock core_clock (rise edge)
                          0.00    0.00   clock network delay (ideal)
                  0.00    0.00    0.00 ^ digest[36]$_DFFE_PN0P_/CLK (sky130_fd_sc_hd__dfrtp_1)
     2    0.06    0.51    0.63    0.63 ^ digest[36]$_DFFE_PN0P_/Q (sky130_fd_sc_hd__dfrtp_1)
                                         net700 (net)
                  0.51    0.01    0.64 ^ output701/A (sky130_fd_sc_hd__clkdlybuf4s50_1)
     1    0.00    0.06    0.59    1.23 ^ output701/X (sky130_fd_sc_hd__clkdlybuf4s50_1)
                                         digest[36] (net)
                  0.06    0.00    1.23 ^ digest[36] (out)
                                  1.23   data arrival time

                  0.00   11.00   11.00   clock vclk (rise edge)
                          0.00   11.00   clock network delay (ideal)
                          0.00   11.00   clock reconvergence pessimism
                         -2.20    8.80   output external delay
                                  8.80   data required time
-----------------------------------------------------------------------------
                                  8.80   data required time
                                 -1.23   data arrival time
-----------------------------------------------------------------------------
                                  7.57   slack (MET)



==========================================================================
detailed place report_check_types -max_slew -max_cap -max_fanout -violators
--------------------------------------------------------------------------

==========================================================================
detailed place max_slew_check_slack
--------------------------------------------------------------------------
0.3254372477531433

==========================================================================
detailed place max_slew_check_limit
--------------------------------------------------------------------------
1.5

==========================================================================
detailed place max_slew_check_slack_limit
--------------------------------------------------------------------------
0.2170

==========================================================================
detailed place max_fanout_check_slack
--------------------------------------------------------------------------
1.0000000150474662e+30

==========================================================================
detailed place max_fanout_check_limit
--------------------------------------------------------------------------
1.0000000150474662e+30

==========================================================================
detailed place max_capacitance_check_slack
--------------------------------------------------------------------------
0.007435740437358618

==========================================================================
detailed place max_capacitance_check_limit
--------------------------------------------------------------------------
0.021067000925540924

==========================================================================
detailed place max_capacitance_check_slack_limit
--------------------------------------------------------------------------
0.3530

==========================================================================
detailed place max_slew_violation_count
--------------------------------------------------------------------------
max slew violation count 0

==========================================================================
detailed place max_fanout_violation_count
--------------------------------------------------------------------------
max fanout violation count 0

==========================================================================
detailed place max_cap_violation_count
--------------------------------------------------------------------------
max cap violation count 0

==========================================================================
detailed place setup_violation_count
--------------------------------------------------------------------------
setup violation count 77

==========================================================================
detailed place hold_violation_count
--------------------------------------------------------------------------
hold violation count 0

==========================================================================
detailed place report_checks -path_delay max reg to reg
--------------------------------------------------------------------------
Startpoint: round[0]$_DFFE_PN0P_
            (rising edge-triggered flip-flop clocked by core_clock)
Endpoint: digest[254]$_DFFE_PN0P_
          (rising edge-triggered flip-flop clocked by core_clock)
Path Group: core_clock
Path Type: max

  Delay    Time   Description
---------------------------------------------------------
   0.00    0.00   clock core_clock (rise edge)
   0.00    0.00   clock network delay (ideal)
   0.00    0.00 ^ round[0]$_DFFE_PN0P_/CLK (sky130_fd_sc_hd__dfrtp_4)
   0.51    0.51 v round[0]$_DFFE_PN0P_/Q (sky130_fd_sc_hd__dfrtp_4)
   0.34    0.85 ^ _25477_/SUM (sky130_fd_sc_hd__ha_4)
   0.23    1.08 ^ place5373/X (sky130_fd_sc_hd__buf_16)
   0.26    1.34 ^ place5367/X (sky130_fd_sc_hd__buf_12)
   0.26    1.60 ^ place5365/X (sky130_fd_sc_hd__buf_4)
   0.53    2.13 v _16250_/X (sky130_fd_sc_hd__mux4_2)
   0.28    2.41 ^ _16251_/Y (sky130_fd_sc_hd__mux2i_1)
   0.37    2.78 ^ _24925_/X (sky130_fd_sc_hd__mux4_2)
   0.12    2.91 v _24926_/Y (sky130_fd_sc_hd__mux2i_1)
   0.21    3.11 ^ _25005_/Y (sky130_fd_sc_hd__xnor2_1)
   0.12    3.23 v _25006_/Y (sky130_fd_sc_hd__xnor2_1)
   0.57    3.80 ^ _25338_/SUM (sky130_fd_sc_hd__fa_1)
   0.47    4.26 v _25381_/SUM (sky130_fd_sc_hd__fa_1)
   0.30    4.57 v _25482_/SUM (sky130_fd_sc_hd__ha_1)
   0.17    4.74 v _13117_/X (sky130_fd_sc_hd__a21o_1)
   0.15    4.89 ^ _13118_/Y (sky130_fd_sc_hd__a21oi_2)
   0.11    5.00 v _13119_/Y (sky130_fd_sc_hd__o21bai_1)
   0.18    5.18 ^ _13120_/Y (sky130_fd_sc_hd__a21oi_2)
   0.09    5.26 v _13121_/Y (sky130_fd_sc_hd__o21bai_1)
   0.23    5.49 v _13122_/X (sky130_fd_sc_hd__a21o_1)
   0.12    5.61 ^ _14179_/Y (sky130_fd_sc_hd__nand2_1)
   0.07    5.68 v _14291_/Y (sky130_fd_sc_hd__nand2b_1)
   0.17    5.85 ^ _14292_/Y (sky130_fd_sc_hd__a21oi_2)
   0.09    5.94 v _14293_/Y (sky130_fd_sc_hd__xnor2_2)
   0.25    6.19 ^ _14294_/Y (sky130_fd_sc_hd__mux2i_4)
   0.07    6.26 v _14297_/Y (sky130_fd_sc_hd__inv_2)
   0.40    6.66 v _25308_/COUT (sky130_fd_sc_hd__fa_1)
   0.52    7.18 v _25279_/SUM (sky130_fd_sc_hd__fa_1)
   0.58    7.76 ^ _25250_/SUM (sky130_fd_sc_hd__fa_1)
   0.22    7.98 v _25528_/SUM (sky130_fd_sc_hd__ha_4)
   0.19    8.17 v _15324_/X (sky130_fd_sc_hd__and4_4)
   0.20    8.37 ^ _15328_/Y (sky130_fd_sc_hd__a221oi_2)
   0.13    8.50 v _15329_/Y (sky130_fd_sc_hd__o21ai_1)
   0.17    8.67 ^ _15330_/Y (sky130_fd_sc_hd__nor2_2)
   0.08    8.74 v _16533_/Y (sky130_fd_sc_hd__nor2b_1)
   0.16    8.91 v _16534_/X (sky130_fd_sc_hd__o21a_1)
   0.13    9.04 ^ _16535_/Y (sky130_fd_sc_hd__nor2_1)
   0.09    9.12 v _16536_/Y (sky130_fd_sc_hd__xnor2_1)
   0.18    9.30 v place4450/X (sky130_fd_sc_hd__buf_4)
   0.59    9.89 ^ _25210_/SUM (sky130_fd_sc_hd__fa_1)
   0.21   10.11 v _25406_/SUM (sky130_fd_sc_hd__ha_4)
   0.16   10.27 v _17781_/X (sky130_fd_sc_hd__a21o_1)
   0.15   10.41 ^ _17782_/Y (sky130_fd_sc_hd__a21oi_2)
   0.13   10.54 v _17786_/Y (sky130_fd_sc_hd__o221ai_2)
   0.15   10.70 v place4344/X (sky130_fd_sc_hd__buf_4)
   0.19   10.88 ^ _17917_/Y (sky130_fd_sc_hd__a31oi_4)
   0.11   11.00 v _17918_/Y (sky130_fd_sc_hd__o31ai_4)
   0.28   11.27 v _17923_/X (sky130_fd_sc_hd__a211o_1)
   0.18   11.46 ^ _17924_/Y (sky130_fd_sc_hd__a21oi_2)
   0.10   11.56 v _17925_/Y (sky130_fd_sc_hd__xnor2_2)
   0.20   11.76 v _17950_/X (sky130_fd_sc_hd__and2_4)
   0.17   11.93 ^ _17959_/Y (sky130_fd_sc_hd__a21oi_4)
   0.07   12.00 v _17964_/Y (sky130_fd_sc_hd__o21ai_2)
   0.19   12.19 ^ _17971_/Y (sky130_fd_sc_hd__a21oi_1)
   0.14   12.34 ^ _17972_/Y (sky130_fd_sc_hd__xnor2_1)
   0.09   12.42 v _17975_/Y (sky130_fd_sc_hd__o21ai_1)
   0.00   12.42 v digest[254]$_DFFE_PN0P_/D (sky130_fd_sc_hd__dfrtp_1)
          12.42   data arrival time

  11.00   11.00   clock core_clock (rise edge)
   0.00   11.00   clock network delay (ideal)
   0.00   11.00   clock reconvergence pessimism
          11.00 ^ digest[254]$_DFFE_PN0P_/CLK (sky130_fd_sc_hd__dfrtp_1)
  -0.15   10.85   library setup time
          10.85   data required time
---------------------------------------------------------
          10.85   data required time
         -12.42   data arrival time
---------------------------------------------------------
          -1.57   slack (VIOLATED)



==========================================================================
detailed place report_checks -path_delay min reg to reg
--------------------------------------------------------------------------
Startpoint: digest[141]$_DFFE_PN0P_
            (rising edge-triggered flip-flop clocked by core_clock)
Endpoint: digest[141]$_DFFE_PN0P_
          (rising edge-triggered flip-flop clocked by core_clock)
Path Group: core_clock
Path Type: min

  Delay    Time   Description
---------------------------------------------------------
   0.00    0.00   clock core_clock (rise edge)
   0.00    0.00   clock network delay (ideal)
   0.00    0.00 ^ digest[141]$_DFFE_PN0P_/CLK (sky130_fd_sc_hd__dfrtp_1)
   0.31    0.31 ^ digest[141]$_DFFE_PN0P_/Q (sky130_fd_sc_hd__dfrtp_1)
   0.05    0.36 v _18507_/Y (sky130_fd_sc_hd__nand2_1)
   0.05    0.42 ^ _18511_/Y (sky130_fd_sc_hd__nand2_1)
   0.00    0.42 ^ digest[141]$_DFFE_PN0P_/D (sky130_fd_sc_hd__dfrtp_1)
           0.42   data arrival time

   0.00    0.00   clock core_clock (rise edge)
   0.00    0.00   clock network delay (ideal)
   0.00    0.00   clock reconvergence pessimism
           0.00 ^ digest[141]$_DFFE_PN0P_/CLK (sky130_fd_sc_hd__dfrtp_1)
  -0.04   -0.04   library hold time
          -0.04   data required time
---------------------------------------------------------
          -0.04   data required time
          -0.42   data arrival time
---------------------------------------------------------
           0.46   slack (MET)



==========================================================================
detailed place critical path target clock latency max path
--------------------------------------------------------------------------
0.0000

==========================================================================
detailed place critical path target clock latency min path
--------------------------------------------------------------------------
0.0000

==========================================================================
detailed place critical path source clock latency min path
--------------------------------------------------------------------------
0.0000

==========================================================================
detailed place critical path delay
--------------------------------------------------------------------------
12.4249

==========================================================================
detailed place critical path slack
--------------------------------------------------------------------------
-1.5710

==========================================================================
detailed place slack div critical path delay
--------------------------------------------------------------------------
-12.643965

==========================================================================
detailed place report_power
--------------------------------------------------------------------------
Group                  Internal  Switching    Leakage      Total
                          Power      Power      Power      Power (Watts)
----------------------------------------------------------------
Sequential             1.43e-02   2.84e-03   3.40e-08   1.71e-02   3.0%
Combinational          2.69e-01   2.93e-01   5.47e-08   5.62e-01  97.0%
Clock                  0.00e+00   0.00e+00   0.00e+00   0.00e+00   0.0%
Macro                  0.00e+00   0.00e+00   0.00e+00   0.00e+00   0.0%
Pad                    0.00e+00   0.00e+00   0.00e+00   0.00e+00   0.0%
----------------------------------------------------------------
Total                  2.83e-01   2.96e-01   8.87e-08   5.79e-01 100.0%
                          48.9%      51.1%       0.0%
