make: Entering directory '/root/OpenROAD-flow-scripts/flow'
/root/OpenROAD-flow-scripts/flow/scripts/flow.sh 5_1_grt global_route
Running global_route.tcl, stage 5_1_grt
read_liberty /root/OpenROAD-flow-scripts/flow/platforms/sky130hd/lib/sky130_fd_sc_hd__tt_025C_1v80.lib
read_db ./results/sky130hd/chia_aes128_benchmark_corrupted/slot2/4_cts.odb
read_sdc ./results/sky130hd/chia_aes128_benchmark_corrupted/slot2/4_cts.sdc
source /root/OpenROAD-flow-scripts/flow/platforms/sky130hd/setRC.tcl
pin_access
[INFO DRT-0149] Reading tech and libs.
[WARNING DRT-0349] LEF58_ENCLOSURE with no CUTCLASS is not supported. Skipping for layer mcon
[WARNING DRT-0349] LEF58_ENCLOSURE with no CUTCLASS is not supported. Skipping for layer mcon
[WARNING DRT-0349] LEF58_ENCLOSURE with no CUTCLASS is not supported. Skipping for layer via
[WARNING DRT-0349] LEF58_ENCLOSURE with no CUTCLASS is not supported. Skipping for layer via
[WARNING DRT-0349] LEF58_ENCLOSURE with no CUTCLASS is not supported. Skipping for layer via2
[WARNING DRT-0349] LEF58_ENCLOSURE with no CUTCLASS is not supported. Skipping for layer via2
[WARNING DRT-0349] LEF58_ENCLOSURE with no CUTCLASS is not supported. Skipping for layer via3
[WARNING DRT-0349] LEF58_ENCLOSURE with no CUTCLASS is not supported. Skipping for layer via3
[WARNING DRT-0349] LEF58_ENCLOSURE with no CUTCLASS is not supported. Skipping for layer via4
[WARNING DRT-0349] LEF58_ENCLOSURE with no CUTCLASS is not supported. Skipping for layer via4

Units:                1000
Number of layers:     13
Number of macros:     441
Number of vias:       29
Number of viarulegen: 25

[INFO DRT-0150] Reading design.
[WARNING DRT-0120] Large net net898 has 104 pins which may impact routing performance. Consider optimization.
[WARNING DRT-0120] Large net net860 has 101 pins which may impact routing performance. Consider optimization.
[WARNING DRT-0120] Large net _04543_ has 106 pins which may impact routing performance. Consider optimization.

Design:                   aes128
Die area:                 ( 0 0 ) ( 440785 440785 )
Number of track patterns: 12
Number of DEF vias:       0
Number of components:     15811
Number of terminals:      390
Number of snets:          2
Number of nets:           13519

[INFO DRT-0167] List of default vias:
  Layer via
    default via: M1M2_PR
  Layer via2
    default via: M2M3_PR
  Layer via3
    default via: M3M4_PR
  Layer via4
    default via: M4M5_PR
[INFO DRT-0162] Library cell analysis.
[INFO DRT-0163] Instance analysis.
[INFO DRT-0164] Number of unique instances = 260.
[INFO DRT-0168] Init region query.
[INFO DRT-0024]   Complete FR_MASTERSLICE.
[INFO DRT-0024]   Complete Fr_VIA.
[INFO DRT-0024]   Complete li1.
[INFO DRT-0024]   Complete mcon.
[INFO DRT-0024]   Complete met1.
[INFO DRT-0024]   Complete via.
[INFO DRT-0024]   Complete met2.
[INFO DRT-0024]   Complete via2.
[INFO DRT-0024]   Complete met3.
[INFO DRT-0024]   Complete via3.
[INFO DRT-0024]   Complete met4.
[INFO DRT-0024]   Complete via4.
[INFO DRT-0024]   Complete met5.
[INFO DRT-0033] FR_MASTERSLICE shape region query size = 0.
[INFO DRT-0033] FR_VIA shape region query size = 0.
[INFO DRT-0033] li1 shape region query size = 301725.
[INFO DRT-0033] mcon shape region query size = 156145.
[INFO DRT-0033] met1 shape region query size = 38636.
[INFO DRT-0033] via shape region query size = 12880.
[INFO DRT-0033] met2 shape region query size = 8008.
[INFO DRT-0033] via2 shape region query size = 10304.
[INFO DRT-0033] met3 shape region query size = 7836.
[INFO DRT-0033] via3 shape region query size = 10304.
[INFO DRT-0033] met4 shape region query size = 3120.
[INFO DRT-0033] via4 shape region query size = 512.
[INFO DRT-0033] met5 shape region query size = 576.
[INFO DRT-0165] Start pin access.
[INFO DRT-0076]   Complete 1000 pins.
[INFO DRT-0076]   Complete 2000 pins.
[INFO DRT-0078]   Complete 2148 pins.
[INFO DRT-0079]   Complete 100 unique inst patterns.
[INFO DRT-0079]   Complete 200 unique inst patterns.
[INFO DRT-0081]   Complete 260 unique inst patterns.
[INFO DRT-0084]   Complete 8455 groups.
#scanned instances     = 15811
#unique  instances     = 260
#stdCellGenAp          = 8121
#stdCellValidPlanarAp  = 44
#stdCellValidViaAp     = 6380
#stdCellPinNoAp        = 0
#stdCellPinCnt         = 51169
#instTermValidViaApCnt = 0
#macroGenAp            = 0
#macroValidPlanarAp    = 0
#macroValidViaAp       = 0
#macroNoAp             = 0
[INFO DRT-0166] Complete pin access.
[INFO DRT-0267] cpu time = 00:01:54, elapsed time = 00:01:54, memory = 199.63 (MB), peak = 203.83 (MB)
Took 114 seconds: pin_access
global_route -congestion_report_file ./reports/sky130hd/chia_aes128_benchmark_corrupted/slot2/congestion.rpt -congestion_iterations 30 -congestion_report_iter_step 5 -verbose
[INFO GRT-0020] Min routing layer: met1
[INFO GRT-0021] Max routing layer: met5
[INFO GRT-0022] Global adjustment: 0%
[INFO GRT-0023] Grid origin: (0, 0)
[INFO GRT-0088] Layer li1     Track-Pitch = 0.4600  line-2-Via Pitch: 0.3400
[INFO GRT-0088] Layer met1    Track-Pitch = 0.3400  line-2-Via Pitch: 0.3400
[INFO GRT-0088] Layer met2    Track-Pitch = 0.4600  line-2-Via Pitch: 0.3500
[INFO GRT-0088] Layer met3    Track-Pitch = 0.6800  line-2-Via Pitch: 0.6150
[INFO GRT-0088] Layer met4    Track-Pitch = 0.9200  line-2-Via Pitch: 1.0400
[INFO GRT-0088] Layer met5    Track-Pitch = 3.4000  line-2-Via Pitch: 3.1100
[INFO GRT-0003] Macros: 0
[INFO GRT-0004] Blockages: 7126
[INFO GRT-0019] Found 49 clock nets.
[INFO GRT-0001] Minimum degree: 2
[INFO GRT-0002] Maximum degree: 106

[INFO GRT-0053] Routing resources analysis:
          Routing      Original      Derated      Resource
Layer     Direction    Resources     Resources    Reduction (%)
---------------------------------------------------------------
li1        Vertical            0             0          0.00%
met1       Horizontal      63656         49150          22.79%
met2       Vertical        51460         39556          23.13%
met3       Horizontal      38223         30008          21.49%
met4       Vertical        25482         17918          29.68%
met5       Horizontal       5580          4030          27.78%
---------------------------------------------------------------

[INFO GRT-0101] Running extra iterations to remove congestion.
[INFO GRT-0102] Start extra iteration 1/30
[INFO GRT-0102] Start extra iteration 2/30
[INFO GRT-0102] Start extra iteration 3/30
[INFO GRT-0102] Start extra iteration 4/30
[INFO GRT-0197] Via related to pin nodes: 85726
[INFO GRT-0198] Via related Steiner nodes: 2210
[INFO GRT-0199] Via filling finished.
[INFO GRT-0111] Final number of vias: 108995
[INFO GRT-0112] Final usage 3D: 401433

[INFO GRT-0096] Final congestion report:
Layer         Resource        Demand        Usage (%)    Max H / Max V / Total Congestion
---------------------------------------------------------------------------------------
li1                  0             0            0.00%             0 /  0 /  0
met1             49150         31404           63.89%             0 /  0 /  0
met2             39556         28567           72.22%             0 /  0 /  0
met3             30008          7282           24.27%             0 /  0 /  0
met4             17918          7144           39.87%             0 /  0 /  0
met5              4030            51            1.27%             0 /  0 /  0
---------------------------------------------------------------------------------------
Total           140662         74448           52.93%             0 /  0 /  0

[INFO GRT-0018] Total wirelength: 779548 um
[INFO GRT-0014] Routed nets: 13518
[INFO GRT-0303] Global routing runtime = 00:00:01
[WARNING STA-0450] virtual clock vclk can not be propagated.
estimate_parasitics -global_routing
Perform buffer insertion and gate resizing...
repair_design -verbose
Iteration |   Area    | Resized | Buffers | Nets repaired | Remaining
---------------------------------------------------------------------
        0 |     +0.0% |       0 |       0 |             0 |     13561
     1000 |     +0.0% |       1 |       0 |             0 |     12561
     2000 |     +0.0% |       6 |       1 |             6 |     11561
     3000 |     +0.1% |       7 |       1 |             7 |     10561
     4000 |     +0.1% |       7 |       1 |             7 |      9561
     5000 |     +0.1% |       7 |       1 |             7 |      8561
     6000 |     +0.1% |       7 |       1 |             7 |      7561
     7000 |     +0.1% |       7 |       1 |             7 |      6561
     8000 |     +0.1% |       7 |       1 |             7 |      5561
     9000 |     +0.1% |       7 |       1 |             7 |      4561
    10000 |     +0.1% |       7 |       1 |             7 |      3561
    11000 |     +0.1% |       7 |       1 |             7 |      2561
    12000 |     +0.1% |       7 |       1 |             7 |      1561
[WARNING RSZ-0104] Net _13915_ only has one pin. Check if it is intended to be dangling.
    13000 |     +0.1% |      10 |       2 |            10 |       561
    final |     +0.1% |      11 |       2 |            12 |         0
---------------------------------------------------------------------
[INFO RSZ-0034] Found 12 slew violations.
[INFO RSZ-0036] Found 1 capacitance violations.
[INFO RSZ-0039] Resized 11 instances.
[INFO RSZ-0038] Inserted 2 buffers in 12 nets.
[INFO RSZ-0504] Runtime: 0.94s
global_route -start_incremental
detailed_placement
[INFO DPL-0006] Core area: 190782.98 um^2
[INFO DPL-0007] Movable instances area: 92716.42 um^2
[INFO DPL-0008] Fixed instances area within core: 3141.76 um^2
[INFO DPL-0009] Utilization: 50.2%
[INFO DPL-0005] Diamond search max displacement: +/- 500 sites horizontally, +/- 100 rows vertically.
[INFO DPL-1102] Legalizing using negotiation legalizer.
[INFO DPL-1103] Negotiation base search window: +/-20 sites horizontally, +/-5 rows vertically 
	Automatic search window extension enabled.
	Search window extendable up to the max displacement cap of +/-500 sites, +/-100 rows near walls.
[INFO DPL-1104] NegotiationLegalizer DRC penalty: 5.
[INFO DPL-0392] Negotiation cell height distribution (1 unique row-count(s)):
[INFO DPL-0393]   height 1 row(s): 15813 cells
          |      Total |  Illegal |  Illegal
Iteration | Violations |    Cells |    Sites
---------------------------------------------
        0 |          0 |         0 |         0
Negotiation phase 1 converged at iteration 0.
[INFO DPL-0500] Runtime: 0.05s
Placement Analysis
---------------------------------
total displacement         49.0 u
average displacement        0.0 u
max displacement           10.9 u
original HPWL          389189.5 u
legalized HPWL         389220.9 u
delta HPWL                    0 %

global_route -end_incremental -congestion_report_file ./reports/sky130hd/chia_aes128_benchmark_corrupted/slot2/congestion_post_repair_design.rpt
Repair setup and hold violations...
estimate_parasitics -global_routing
repair_timing -setup_margin 0 -hold_margin 0 -repair_tns 100 -verbose
[INFO RSZ-0100] Repair move sequence: UnbufferMove SizeUpMove SwapPinsMove BufferMove CloneMove SplitLoadMove 
[INFO RSZ-0098] No setup violations found
[INFO RSZ-0505] Runtime: 0.37s
[INFO RSZ-0033] No hold violations found.
[INFO RSZ-0506] Runtime: 0.10s
global_route -start_incremental
detailed_placement
[INFO DPL-0006] Core area: 190782.98 um^2
[INFO DPL-0007] Movable instances area: 92716.42 um^2
[INFO DPL-0008] Fixed instances area within core: 3141.76 um^2
[INFO DPL-0009] Utilization: 50.2%
[INFO DPL-0005] Diamond search max displacement: +/- 500 sites horizontally, +/- 100 rows vertically.
[INFO DPL-1102] Legalizing using negotiation legalizer.
[INFO DPL-1103] Negotiation base search window: +/-20 sites horizontally, +/-5 rows vertically 
	Automatic search window extension enabled.
	Search window extendable up to the max displacement cap of +/-500 sites, +/-100 rows near walls.
[INFO DPL-1104] NegotiationLegalizer DRC penalty: 5.
[INFO DPL-0392] Negotiation cell height distribution (1 unique row-count(s)):
[INFO DPL-0393]   height 1 row(s): 15813 cells
[INFO DPL-0500] Runtime: 0.05s
Placement Analysis
---------------------------------
total displacement          0.0 u
average displacement        0.0 u
max displacement            0.0 u
original HPWL          389220.9 u
legalized HPWL         389220.9 u
delta HPWL                    0 %

check_placement -verbose
global_route -end_incremental -congestion_report_file ./reports/sky130hd/chia_aes128_benchmark_corrupted/slot2/congestion_post_repair_timing.rpt
estimate_parasitics -global_routing
global_route -start_incremental
global_route -end_incremental -congestion_report_file ./reports/sky130hd/chia_aes128_benchmark_corrupted/slot2/congestion_post_recover_power.rpt
Repair antennas...
[INFO GRT-0012] Found 41 antenna violations.
[INFO GRT-0302] Inserted 37 jumpers for 36 nets.
[INFO GRT-0012] Found 5 antenna violations.
[INFO DPL-0006] Core area: 190782.98 um^2
[INFO DPL-0007] Movable instances area: 92666.37 um^2
[INFO DPL-0008] Fixed instances area within core: 3204.32 um^2
[INFO DPL-0009] Utilization: 50.3%
[INFO DPL-0005] Diamond search max displacement: +/- 500 sites horizontally, +/- 100 rows vertically.
[INFO DPL-1102] Legalizing using negotiation legalizer.
[INFO DPL-1103] Negotiation base search window: +/-20 sites horizontally, +/-5 rows vertically 
	Automatic search window extension enabled.
	Search window extendable up to the max displacement cap of +/-500 sites, +/-100 rows near walls.
[INFO DPL-1104] NegotiationLegalizer DRC penalty: 5.
[INFO DPL-0392] Negotiation cell height distribution (1 unique row-count(s)):
[INFO DPL-0393]   height 1 row(s): 15818 cells
          |      Total |  Illegal |  Illegal
Iteration | Violations |    Cells |    Sites
---------------------------------------------
        0 |          4 |         2 |         2
        1 |          0 |         0 |         0
Negotiation phase 1 converged at iteration 1.
[INFO DPL-0500] Runtime: 0.06s
[INFO GRT-0015] Inserted 5 diodes.
[INFO GRT-0012] Found 0 antenna violations.
[INFO ANT-0002] Found 0 net violations.
[INFO ANT-0001] Found 0 pin violations.
Estimate parasitics...
estimate_parasitics -global_routing
Report metrics stage 5, global route...

==========================================================================
global route report_design_area
--------------------------------------------------------------------------
Design area 95871 um^2 50% utilization.
[INFO FLW-0007] clock core_clock period 10.500000
[WARNING FLW-0010] more than one clock found. Skipping sdc update.
[INFO FLW-0011] Path endpoint path count 567
write_db ./results/sky130hd/chia_aes128_benchmark_corrupted/slot2/5_1_grt.odb
write_sdc -no_timestamp ./results/sky130hd/chia_aes128_benchmark_corrupted/slot2/5_1_grt.sdc
Log                       Ext     Elapsed/s Peak Memory/MB sha1sum result [0:20)
5_1_grt                   .odb          167            477 efe20e5a3df857be960f
5_1_grt                   .sdc                             ae37c8da017e8c881d58
/root/OpenROAD-flow-scripts/flow/scripts/flow.sh 5_2_route detail_route
Running detail_route.tcl, stage 5_2_route
read_liberty /root/OpenROAD-flow-scripts/flow/platforms/sky130hd/lib/sky130_fd_sc_hd__tt_025C_1v80.lib
read_db ./results/sky130hd/chia_aes128_benchmark_corrupted/slot2/5_1_grt.odb
read_sdc ./results/sky130hd/chia_aes128_benchmark_corrupted/slot2/5_1_grt.sdc
source /root/OpenROAD-flow-scripts/flow/platforms/sky130hd/setRC.tcl
[WARNING STA-0450] virtual clock vclk can not be propagated.
detailed_route -output_drc ./reports/sky130hd/chia_aes128_benchmark_corrupted/slot2/5_route_drc.rpt -output_maze ./results/sky130hd/chia_aes128_benchmark_corrupted/slot2/maze.log -droute_end_iter 64 -verbose 1 -drc_report_iter_step 5
[INFO DRT-0149] Reading tech and libs.
[WARNING DRT-0349] LEF58_ENCLOSURE with no CUTCLASS is not supported. Skipping for layer mcon
[WARNING DRT-0349] LEF58_ENCLOSURE with no CUTCLASS is not supported. Skipping for layer mcon
[WARNING DRT-0349] LEF58_ENCLOSURE with no CUTCLASS is not supported. Skipping for layer via
[WARNING DRT-0349] LEF58_ENCLOSURE with no CUTCLASS is not supported. Skipping for layer via
[WARNING DRT-0349] LEF58_ENCLOSURE with no CUTCLASS is not supported. Skipping for layer via2
[WARNING DRT-0349] LEF58_ENCLOSURE with no CUTCLASS is not supported. Skipping for layer via2
[WARNING DRT-0349] LEF58_ENCLOSURE with no CUTCLASS is not supported. Skipping for layer via3
[WARNING DRT-0349] LEF58_ENCLOSURE with no CUTCLASS is not supported. Skipping for layer via3
[WARNING DRT-0349] LEF58_ENCLOSURE with no CUTCLASS is not supported. Skipping for layer via4
[WARNING DRT-0349] LEF58_ENCLOSURE with no CUTCLASS is not supported. Skipping for layer via4

Units:                1000
Number of layers:     13
Number of macros:     441
Number of vias:       29
Number of viarulegen: 25

[INFO DRT-0150] Reading design.
[WARNING DRT-0120] Large net net898 has 104 pins which may impact routing performance. Consider optimization.
[WARNING DRT-0120] Large net net860 has 101 pins which may impact routing performance. Consider optimization.
[WARNING DRT-0120] Large net _04543_ has 106 pins which may impact routing performance. Consider optimization.

Design:                   aes128
Die area:                 ( 0 0 ) ( 440785 440785 )
Number of track patterns: 12
Number of DEF vias:       0
Number of components:     15818
Number of terminals:      390
Number of snets:          2
Number of nets:           13521

[INFO DRT-0167] List of default vias:
  Layer via
    default via: M1M2_PR
  Layer via2
    default via: M2M3_PR
  Layer via3
    default via: M3M4_PR
  Layer via4
    default via: M4M5_PR
[INFO DRT-0162] Library cell analysis.
[INFO DRT-0163] Instance analysis.
[INFO DRT-0164] Number of unique instances = 263.
[INFO DRT-0168] Init region query.
[INFO DRT-0024]   Complete FR_MASTERSLICE.
[INFO DRT-0024]   Complete Fr_VIA.
[INFO DRT-0024]   Complete li1.
[INFO DRT-0024]   Complete mcon.
[INFO DRT-0024]   Complete met1.
[INFO DRT-0024]   Complete via.
[INFO DRT-0024]   Complete met2.
[INFO DRT-0024]   Complete via2.
[INFO DRT-0024]   Complete met3.
[INFO DRT-0024]   Complete via3.
[INFO DRT-0024]   Complete met4.
[INFO DRT-0024]   Complete via4.
[INFO DRT-0024]   Complete met5.
[INFO DRT-0033] FR_MASTERSLICE shape region query size = 0.
[INFO DRT-0033] FR_VIA shape region query size = 0.
[INFO DRT-0033] li1 shape region query size = 301961.
[INFO DRT-0033] mcon shape region query size = 156335.
[INFO DRT-0033] met1 shape region query size = 38677.
[INFO DRT-0033] via shape region query size = 12880.
[INFO DRT-0033] met2 shape region query size = 8008.
[INFO DRT-0033] via2 shape region query size = 10304.
[INFO DRT-0033] met3 shape region query size = 7836.
[INFO DRT-0033] via3 shape region query size = 10304.
[INFO DRT-0033] met4 shape region query size = 3120.
[INFO DRT-0033] via4 shape region query size = 512.
[INFO DRT-0033] met5 shape region query size = 576.
[INFO DRT-0165] Start pin access.
[INFO DRT-0076]   Complete 1000 pins.
[INFO DRT-0076]   Complete 2000 pins.
[INFO DRT-0078]   Complete 2166 pins.
[INFO DRT-0079]   Complete 100 unique inst patterns.
[INFO DRT-0079]   Complete 200 unique inst patterns.
[INFO DRT-0081]   Complete 263 unique inst patterns.
[INFO DRT-0084]   Complete 8454 groups.
#scanned instances     = 15818
#unique  instances     = 263
#stdCellGenAp          = 8171
#stdCellValidPlanarAp  = 44
#stdCellValidViaAp     = 6424
#stdCellPinNoAp        = 0
#stdCellPinCnt         = 51173
#instTermValidViaApCnt = 0
#macroGenAp            = 0
#macroValidPlanarAp    = 0
#macroValidViaAp       = 0
#macroNoAp             = 0
[INFO DRT-0166] Complete pin access.
[INFO DRT-0267] cpu time = 00:02:08, elapsed time = 00:02:08, memory = 340.68 (MB), peak = 346.34 (MB)
[INFO DRT-0156] guideIn read 100000 guides.

[INFO DRT-0157] Number of guides:     120472

[INFO DRT-0169] Post process guides.
[INFO DRT-0176] GCELLGRID X 0 DO 63 STEP 6900 ;
[INFO DRT-0177] GCELLGRID Y 0 DO 63 STEP 6900 ;
[INFO DRT-0026]   Complete 100000 origin guides.
[INFO DRT-0028]   Complete FR_MASTERSLICE.
[INFO DRT-0028]   Complete Fr_VIA.
[INFO DRT-0028]   Complete li1.
[INFO DRT-0028]   Complete mcon.
[INFO DRT-0028]   Complete met1.
[INFO DRT-0028]   Complete via.
[INFO DRT-0028]   Complete met2.
[INFO DRT-0028]   Complete via2.
[INFO DRT-0028]   Complete met3.
[INFO DRT-0028]   Complete via3.
[INFO DRT-0028]   Complete met4.
[INFO DRT-0028]   Complete via4.
[INFO DRT-0028]   Complete met5.
[INFO DRT-0178] Init guide query.
[INFO DRT-0035]   Complete FR_MASTERSLICE (guide).
[INFO DRT-0035]   Complete Fr_VIA (guide).
[INFO DRT-0035]   Complete li1 (guide).
[INFO DRT-0035]   Complete mcon (guide).
[INFO DRT-0035]   Complete met1 (guide).
[INFO DRT-0035]   Complete via (guide).
[INFO DRT-0035]   Complete met2 (guide).
[INFO DRT-0035]   Complete via2 (guide).
[INFO DRT-0035]   Complete met3 (guide).
[INFO DRT-0035]   Complete via3 (guide).
[INFO DRT-0035]   Complete met4 (guide).
[INFO DRT-0035]   Complete via4 (guide).
[INFO DRT-0035]   Complete met5 (guide).
[INFO DRT-0036] FR_MASTERSLICE guide region query size = 0.
[INFO DRT-0036] FR_VIA guide region query size = 0.
[INFO DRT-0036] li1 guide region query size = 41633.
[INFO DRT-0036] mcon guide region query size = 0.
[INFO DRT-0036] met1 guide region query size = 35989.
[INFO DRT-0036] via guide region query size = 0.
[INFO DRT-0036] met2 guide region query size = 18054.
[INFO DRT-0036] via2 guide region query size = 0.
[INFO DRT-0036] met3 guide region query size = 2366.
[INFO DRT-0036] via3 guide region query size = 0.
[INFO DRT-0036] met4 guide region query size = 1031.
[INFO DRT-0036] via4 guide region query size = 0.
[INFO DRT-0036] met5 guide region query size = 33.
[INFO DRT-0179] Init gr pin query.
[INFO DRT-0267] cpu time = 00:00:00, elapsed time = 00:00:00, memory = 384.74 (MB), peak = 384.74 (MB)
[INFO DRT-0245] skipped writing guide updates to database.
[INFO DRT-0181] Start track assignment.
[INFO DRT-0184] Done with 60718 vertical wires in 2 frboxes and 38388 horizontal wires in 2 frboxes.
[INFO DRT-0186] Done with 10853 vertical wires in 2 frboxes and 17467 horizontal wires in 2 frboxes.
[INFO DRT-0182] Complete track assignment.
[INFO DRT-0267] cpu time = 00:00:03, elapsed time = 00:00:03, memory = 498.93 (MB), peak = 498.93 (MB)
[INFO DRT-0187] Start routing data preparation.
[INFO DRT-0267] cpu time = 00:00:00, elapsed time = 00:00:00, memory = 498.93 (MB), peak = 498.93 (MB)
[INFO DRT-0194] Start detail routing.
[INFO DRT-0195] Start 0th optimization iteration.
    Completing 10% with 0 violations.
    elapsed time = 00:02:06, memory = 595.14 (MB).
    Completing 20% with 0 violations.
    elapsed time = 00:03:07, memory = 742.30 (MB).
    Completing 30% with 0 violations.
    elapsed time = 00:05:54, memory = 919.75 (MB).
    Completing 40% with 8585 violations.
    elapsed time = 00:07:23, memory = 928.05 (MB).
    Completing 50% with 8585 violations.
    elapsed time = 00:08:18, memory = 928.05 (MB).
    Completing 60% with 15391 violations.
    elapsed time = 00:10:38, memory = 929.70 (MB).
    Completing 70% with 15391 violations.
    elapsed time = 00:11:37, memory = 941.34 (MB).
    Completing 80% with 15391 violations.
    elapsed time = 00:13:15, memory = 941.34 (MB).
    Completing 90% with 21984 violations.
    elapsed time = 00:14:15, memory = 941.34 (MB).
    Completing 100% with 26560 violations.
    elapsed time = 00:15:31, memory = 941.34 (MB).
[INFO DRT-0199]   Number of violations = 30142.
Viol/Layer         li1   mcon   met1    via   met2   met3   via3   met4   via4   met5
Cut Spacing          0     52      0      3      0      0      0      0      0      0
Metal Spacing        0      0   2766      0   1056     45      0     16      0      0
Min Hole             0      0      3      0      1      0      0      0      0      0
Recheck             22      0   2143      0   1156    179      0     80      0      2
Short                0      5  20042     15   2508     27      1     17      1      2
[INFO DRT-0267] cpu time = 00:15:31, elapsed time = 00:15:31, memory = 941.53 (MB), peak = 1020.84 (MB)
Total wire length = 559137 um.
Total wire length on LAYER li1 = 0 um.
Total wire length on LAYER met1 = 229736 um.
Total wire length on LAYER met2 = 219749 um.
Total wire length on LAYER met3 = 61911 um.
Total wire length on LAYER met4 = 47274 um.
Total wire length on LAYER met5 = 465 um.
Total number of vias = 119764.
Up-via summary (total 119764):

-------------------------
 FR_MASTERSLICE         0
            li1     51746
           met1     59263
           met2      6758
           met3      1947
           met4        50
-------------------------
               119764


[INFO DRT-0195] Start 1st optimization iteration.
    Completing 10% with 30142 violations.
    elapsed time = 00:01:19, memory = 925.25 (MB).
    Completing 20% with 30142 violations.
    elapsed time = 00:02:45, memory = 947.50 (MB).
    Completing 30% with 28618 violations.
    elapsed time = 00:05:04, memory = 965.54 (MB).
    Completing 40% with 28618 violations.
    elapsed time = 00:06:14, memory = 968.90 (MB).
    Completing 50% with 28618 violations.
    elapsed time = 00:08:25, memory = 968.90 (MB).
    Completing 60% with 27103 violations.
    elapsed time = 00:10:05, memory = 968.90 (MB).
    Completing 70% with 27103 violations.
    elapsed time = 00:11:17, memory = 968.81 (MB).
    Completing 80% with 25334 violations.
    elapsed time = 00:12:11, memory = 968.90 (MB).
    Completing 90% with 25334 violations.
    elapsed time = 00:12:56, memory = 968.90 (MB).
    Completing 100% with 23814 violations.
    elapsed time = 00:13:34, memory = 979.40 (MB).
[INFO DRT-0199]   Number of violations = 23814.
Viol/Layer        mcon   met1    via   met2   met3   met4
Cut Spacing         57      0      1      0      0      0
Metal Spacing        0   2932      0    804     25      5
Min Hole             0      1      0      0      0      0
Short                0  18220      3   1736     20     10
[INFO DRT-0267] cpu time = 00:13:35, elapsed time = 00:13:35, memory = 982.78 (MB), peak = 1053.09 (MB)
Total wire length = 553758 um.
Total wire length on LAYER li1 = 0 um.
Total wire length on LAYER met1 = 224227 um.
Total wire length on LAYER met2 = 217908 um.
Total wire length on LAYER met3 = 64107 um.
Total wire length on LAYER met4 = 47028 um.
Total wire length on LAYER met5 = 486 um.
Total number of vias = 118878.
Up-via summary (total 118878):

-------------------------
 FR_MASTERSLICE         0
            li1     51758
           met1     58187
           met2      6971
           met3      1914
           met4        48
-------------------------
               118878


[INFO DRT-0195] Start 2nd optimization iteration.
    Completing 10% with 23814 violations.
    elapsed time = 00:00:22, memory = 952.03 (MB).
    Completing 20% with 23814 violations.
    elapsed time = 00:01:26, memory = 967.95 (MB).
    Completing 30% with 24233 violations.
    elapsed time = 00:02:22, memory = 968.21 (MB).
    Completing 40% with 24233 violations.
    elapsed time = 00:03:37, memory = 970.75 (MB).
    Completing 50% with 24233 violations.
    elapsed time = 00:05:25, memory = 968.96 (MB).
    Completing 60% with 23596 violations.
    elapsed time = 00:06:52, memory = 968.90 (MB).
    Completing 70% with 23596 violations.
    elapsed time = 00:07:43, memory = 981.27 (MB).
    Completing 80% with 23549 violations.
    elapsed time = 00:10:11, memory = 968.90 (MB).
    Completing 90% with 23549 violations.
    elapsed time = 00:11:12, memory = 972.58 (MB).
    Completing 100% with 22789 violations.
    elapsed time = 00:13:14, memory = 1017.99 (MB).
[INFO DRT-0199]   Number of violations = 22789.
Viol/Layer        mcon   met1    via   met2   met3   met4
Cut Spacing         61      0      0      0      0      0
Metal Spacing        0   2604      0    843     23      7
Short                0  17551      3   1666     22      9
[INFO DRT-0267] cpu time = 00:13:15, elapsed time = 00:13:15, memory = 1017.99 (MB), peak = 1055.58 (MB)
Total wire length = 551994 um.
Total wire length on LAYER li1 = 0 um.
Total wire length on LAYER met1 = 223073 um.
Total wire length on LAYER met2 = 218411 um.
Total wire length on LAYER met3 = 63240 um.
Total wire length on LAYER met4 = 46833 um.
Total wire length on LAYER met5 = 434 um.
Total number of vias = 118533.
Up-via summary (total 118533):

-------------------------
 FR_MASTERSLICE         0
            li1     51742
           met1     58067
           met2      6774
           met3      1902
           met4        48
-------------------------
               118533


[INFO DRT-0195] Start 3rd optimization iteration.
    Completing 10% with 22789 violations.
    elapsed time = 00:04:01, memory = 1018.00 (MB).
    Completing 20% with 22789 violations.
    elapsed time = 00:05:26, memory = 1023.27 (MB).
    Completing 30% with 22789 violations.
    elapsed time = 00:09:06, memory = 1026.61 (MB).
    Completing 40% with 16560 violations.
    elapsed time = 00:10:40, memory = 1026.61 (MB).
    Completing 50% with 16560 violations.
    elapsed time = 00:11:44, memory = 1026.61 (MB).
    Completing 60% with 11569 violations.
    elapsed time = 00:14:54, memory = 1026.61 (MB).
    Completing 70% with 11569 violations.
    elapsed time = 00:15:57, memory = 995.28 (MB).
    Completing 80% with 11569 violations.
    elapsed time = 00:17:27, memory = 1023.16 (MB).
    Completing 90% with 7804 violations.
    elapsed time = 00:18:31, memory = 1023.16 (MB).
    Completing 100% with 5496 violations.
    elapsed time = 00:19:40, memory = 1023.16 (MB).
[INFO DRT-0199]   Number of violations = 5496.
Viol/Layer        mcon   met1    via   met2   met3   met4
Cut Spacing         14      0      1      0      0      0
Metal Spacing        0   1420      0    202      3      4
Short                0   3545      1    304      0      2
[INFO DRT-0267] cpu time = 00:19:40, elapsed time = 00:19:41, memory = 1034.03 (MB), peak = 1150.77 (MB)
Total wire length = 549667 um.
Total wire length on LAYER li1 = 0 um.
Total wire length on LAYER met1 = 193699 um.
Total wire length on LAYER met2 = 213098 um.
Total wire length on LAYER met3 = 90156 um.
Total wire length on LAYER met4 = 52323 um.
Total wire length on LAYER met5 = 388 um.
Total number of vias = 124335.
Up-via summary (total 124335):

-------------------------
 FR_MASTERSLICE         0
            li1     51747
           met1     58189
           met2     11688
           met3      2673
           met4        38
-------------------------
               124335


[INFO DRT-0195] Start 4th optimization iteration.
    Completing 10% with 5496 violations.
    elapsed time = 00:02:00, memory = 1028.40 (MB).
    Completing 20% with 5496 violations.
    elapsed time = 00:02:56, memory = 1023.16 (MB).
    Completing 30% with 4075 violations.
    elapsed time = 00:04:24, memory = 1024.96 (MB).
    Completing 40% with 4075 violations.
    elapsed time = 00:04:55, memory = 1024.96 (MB).
    Completing 50% with 4075 violations.
    elapsed time = 00:06:00, memory = 1024.96 (MB).
    Completing 60% with 2938 violations.
    elapsed time = 00:06:55, memory = 1024.96 (MB).
    Completing 70% with 2938 violations.
    elapsed time = 00:07:27, memory = 1024.96 (MB).
    Completing 80% with 2224 violations.
    elapsed time = 00:07:54, memory = 1024.97 (MB).
    Completing 90% with 2224 violations.
    elapsed time = 00:08:10, memory = 1024.96 (MB).
    Completing 100% with 1360 violations.
    elapsed time = 00:08:23, memory = 1024.96 (MB).
[INFO DRT-0199]   Number of violations = 1360.
Viol/Layer        mcon   met1   met2
Cut Spacing          1      0      0
Metal Spacing        0    403     64
Min Hole             0      0      1
Short                0    808     83
[INFO DRT-0267] cpu time = 00:08:24, elapsed time = 00:08:24, memory = 1034.15 (MB), peak = 1150.77 (MB)
Total wire length = 549095 um.
Total wire length on LAYER li1 = 0 um.
Total wire length on LAYER met1 = 189360 um.
Total wire length on LAYER met2 = 211706 um.
Total wire length on LAYER met3 = 93724 um.
Total wire length on LAYER met4 = 53937 um.
Total wire length on LAYER met5 = 365 um.
Total number of vias = 124931.
Up-via summary (total 124931):

-------------------------
 FR_MASTERSLICE         0
            li1     51764
           met1     58069
           met2     12187
           met3      2877
           met4        34
-------------------------
               124931


[INFO DRT-0195] Start 5th optimization iteration.
    Completing 10% with 1360 violations.
    elapsed time = 00:00:51, memory = 1019.16 (MB).
    Completing 20% with 1360 violations.
    elapsed time = 00:01:19, memory = 1019.53 (MB).
    Completing 30% with 977 violations.
    elapsed time = 00:01:53, memory = 1054.86 (MB).
    Completing 40% with 977 violations.
    elapsed time = 00:02:06, memory = 1013.54 (MB).
    Completing 50% with 977 violations.
    elapsed time = 00:02:37, memory = 1023.16 (MB).
    Completing 60% with 802 violations.
    elapsed time = 00:03:31, memory = 1027.07 (MB).
    Completing 70% with 802 violations.
    elapsed time = 00:03:44, memory = 1027.07 (MB).
    Completing 80% with 651 violations.
    elapsed time = 00:04:13, memory = 1027.07 (MB).
    Completing 90% with 651 violations.
    elapsed time = 00:04:27, memory = 1027.07 (MB).
    Completing 100% with 458 violations.
    elapsed time = 00:04:40, memory = 1027.14 (MB).
[INFO DRT-0199]   Number of violations = 458.
Viol/Layer        mcon   met1   met2
Cut Spacing          1      0      0
Metal Spacing        0    131     42
Short                0    248     36
[INFO DRT-0267] cpu time = 00:04:40, elapsed time = 00:04:40, memory = 1034.27 (MB), peak = 1150.77 (MB)
Total wire length = 549229 um.
Total wire length on LAYER li1 = 0 um.
Total wire length on LAYER met1 = 188796 um.
Total wire length on LAYER met2 = 211532 um.
Total wire length on LAYER met3 = 94292 um.
Total wire length on LAYER met4 = 54241 um.
Total wire length on LAYER met5 = 365 um.
Total number of vias = 125079.
Up-via summary (total 125079):

-------------------------
 FR_MASTERSLICE         0
            li1     51764
           met1     58084
           met2     12289
           met3      2908
           met4        34
-------------------------
               125079


[INFO DRT-0195] Start 6th optimization iteration.
    Completing 10% with 458 violations.
    elapsed time = 00:00:13, memory = 1040.24 (MB).
    Completing 20% with 458 violations.
    elapsed time = 00:00:27, memory = 1014.54 (MB).
    Completing 30% with 393 violations.
    elapsed time = 00:00:41, memory = 1030.85 (MB).
    Completing 40% with 393 violations.
    elapsed time = 00:01:11, memory = 1030.97 (MB).
    Completing 50% with 393 violations.
    elapsed time = 00:01:21, memory = 1030.97 (MB).
    Completing 60% with 330 violations.
    elapsed time = 00:01:52, memory = 1030.97 (MB).
    Completing 70% with 330 violations.
    elapsed time = 00:01:56, memory = 1031.05 (MB).
    Completing 80% with 281 violations.
    elapsed time = 00:02:22, memory = 1031.00 (MB).
    Completing 90% with 281 violations.
    elapsed time = 00:02:23, memory = 1031.11 (MB).
    Completing 100% with 193 violations.
    elapsed time = 00:02:38, memory = 1041.01 (MB).
[INFO DRT-0199]   Number of violations = 193.
Viol/Layer        met1   met2
Metal Spacing       59      7
Short              117     10
[INFO DRT-0267] cpu time = 00:02:38, elapsed time = 00:02:38, memory = 1041.01 (MB), peak = 1150.77 (MB)
Total wire length = 549142 um.
Total wire length on LAYER li1 = 0 um.
Total wire length on LAYER met1 = 188433 um.
Total wire length on LAYER met2 = 211410 um.
Total wire length on LAYER met3 = 94517 um.
Total wire length on LAYER met4 = 54414 um.
Total wire length on LAYER met5 = 365 um.
Total number of vias = 125057.
Up-via summary (total 125057):

-------------------------
 FR_MASTERSLICE         0
            li1     51759
           met1     58032
           met2     12310
           met3      2922
           met4        34
-------------------------
               125057


[INFO DRT-0195] Start 7th optimization iteration.
    Completing 10% with 193 violations.
    elapsed time = 00:00:00, memory = 1041.02 (MB).
    Completing 20% with 193 violations.
    elapsed time = 00:00:13, memory = 995.47 (MB).
    Completing 30% with 181 violations.
    elapsed time = 00:00:16, memory = 1013.18 (MB).
    Completing 40% with 181 violations.
    elapsed time = 00:01:17, memory = 1019.34 (MB).
    Completing 50% with 181 violations.
    elapsed time = 00:01:24, memory = 1046.16 (MB).
    Completing 60% with 132 violations.
    elapsed time = 00:01:30, memory = 1046.32 (MB).
    Completing 70% with 132 violations.
    elapsed time = 00:01:31, memory = 1046.32 (MB).
    Completing 80% with 118 violations.
    elapsed time = 00:01:42, memory = 995.47 (MB).
    Completing 90% with 118 violations.
    elapsed time = 00:01:42, memory = 995.47 (MB).
    Completing 100% with 81 violations.
    elapsed time = 00:01:47, memory = 1045.54 (MB).
[INFO DRT-0199]   Number of violations = 85.
Viol/Layer        met1   met2
Metal Spacing       36      4
Min Hole             1      0
Recheck              4      0
Short               27     13
[INFO DRT-0267] cpu time = 00:01:48, elapsed time = 00:01:48, memory = 1045.54 (MB), peak = 1150.77 (MB)
Total wire length = 549069 um.
Total wire length on LAYER li1 = 0 um.
Total wire length on LAYER met1 = 188454 um.
Total wire length on LAYER met2 = 211364 um.
Total wire length on LAYER met3 = 94511 um.
Total wire length on LAYER met4 = 54373 um.
Total wire length on LAYER met5 = 365 um.
Total number of vias = 125064.
Up-via summary (total 125064):

-------------------------
 FR_MASTERSLICE         0
            li1     51756
           met1     58056
           met2     12309
           met3      2909
           met4        34
-------------------------
               125064


[INFO DRT-0195] Start 8th guides tiles iteration.
    Completing 10% with 85 violations.
    elapsed time = 00:00:06, memory = 1045.54 (MB).
    Completing 20% with 85 violations.
    elapsed time = 00:00:08, memory = 1045.66 (MB).
    Completing 30% with 85 violations.
    elapsed time = 00:00:08, memory = 1045.66 (MB).
    Completing 40% with 85 violations.
    elapsed time = 00:00:08, memory = 1045.66 (MB).
    Completing 50% with 65 violations.
    elapsed time = 00:00:24, memory = 1045.66 (MB).
    Completing 60% with 65 violations.
    elapsed time = 00:00:24, memory = 1045.66 (MB).
    Completing 70% with 65 violations.
    elapsed time = 00:00:24, memory = 1045.66 (MB).
    Completing 80% with 53 violations.
    elapsed time = 00:00:24, memory = 1045.66 (MB).
    Completing 90% with 53 violations.
    elapsed time = 00:00:25, memory = 1045.66 (MB).
    Completing 100% with 45 violations.
    elapsed time = 00:00:25, memory = 1045.66 (MB).
[INFO DRT-0199]   Number of violations = 45.
Viol/Layer        met1   met2
Metal Spacing       17      2
Short               26      0
[INFO DRT-0267] cpu time = 00:00:25, elapsed time = 00:00:25, memory = 1045.66 (MB), peak = 1150.77 (MB)
Total wire length = 549076 um.
Total wire length on LAYER li1 = 0 um.
Total wire length on LAYER met1 = 188372 um.
Total wire length on LAYER met2 = 211288 um.
Total wire length on LAYER met3 = 94520 um.
Total wire length on LAYER met4 = 54442 um.
Total wire length on LAYER met5 = 452 um.
Total number of vias = 125054.
Up-via summary (total 125054):

-------------------------
 FR_MASTERSLICE         0
            li1     51757
           met1     58034
           met2     12308
           met3      2919
           met4        36
-------------------------
               125054


[INFO DRT-0195] Start 9th guides tiles iteration.
    Completing 10% with 45 violations.
    elapsed time = 00:00:00, memory = 1045.66 (MB).
    Completing 20% with 45 violations.
    elapsed time = 00:00:00, memory = 1045.66 (MB).
    Completing 30% with 45 violations.
    elapsed time = 00:00:06, memory = 1045.66 (MB).
    Completing 40% with 45 violations.
    elapsed time = 00:00:06, memory = 1045.66 (MB).
    Completing 50% with 45 violations.
    elapsed time = 00:00:06, memory = 1045.66 (MB).
    Completing 60% with 45 violations.
    elapsed time = 00:00:07, memory = 1045.66 (MB).
    Completing 70% with 45 violations.
    elapsed time = 00:00:10, memory = 1045.66 (MB).
    Completing 80% with 45 violations.
    elapsed time = 00:00:11, memory = 1045.66 (MB).
    Completing 90% with 45 violations.
    elapsed time = 00:00:11, memory = 1045.66 (MB).
    Completing 100% with 45 violations.
    elapsed time = 00:00:12, memory = 1045.66 (MB).
[INFO DRT-0199]   Number of violations = 45.
Viol/Layer        met1   met2
Metal Spacing       17      2
Short               26      0
[INFO DRT-0267] cpu time = 00:00:12, elapsed time = 00:00:12, memory = 1045.66 (MB), peak = 1150.77 (MB)
Total wire length = 549081 um.
Total wire length on LAYER li1 = 0 um.
Total wire length on LAYER met1 = 188375 um.
Total wire length on LAYER met2 = 211290 um.
Total wire length on LAYER met3 = 94520 um.
Total wire length on LAYER met4 = 54442 um.
Total wire length on LAYER met5 = 452 um.
Total number of vias = 125053.
Up-via summary (total 125053):

-------------------------
 FR_MASTERSLICE         0
            li1     51756
           met1     58034
           met2     12308
           met3      2919
           met4        36
-------------------------
               125053


[INFO DRT-0195] Start 10th guides tiles iteration.
    Completing 10% with 45 violations.
    elapsed time = 00:00:00, memory = 1045.66 (MB).
    Completing 20% with 45 violations.
    elapsed time = 00:00:01, memory = 1045.66 (MB).
    Completing 30% with 45 violations.
    elapsed time = 00:00:01, memory = 1045.66 (MB).
    Completing 40% with 45 violations.
    elapsed time = 00:00:01, memory = 1045.66 (MB).
    Completing 50% with 45 violations.
    elapsed time = 00:00:01, memory = 1045.66 (MB).
    Completing 60% with 6 violations.
    elapsed time = 00:00:01, memory = 1045.66 (MB).
    Completing 70% with 6 violations.
    elapsed time = 00:00:01, memory = 1045.66 (MB).
    Completing 80% with 6 violations.
    elapsed time = 00:00:02, memory = 1045.66 (MB).
    Completing 90% with 6 violations.
    elapsed time = 00:00:02, memory = 1045.66 (MB).
    Completing 100% with 5 violations.
    elapsed time = 00:00:02, memory = 1045.66 (MB).
[INFO DRT-0199]   Number of violations = 5.
Viol/Layer        met1
Short                5
[INFO DRT-0267] cpu time = 00:00:02, elapsed time = 00:00:02, memory = 1045.66 (MB), peak = 1150.77 (MB)
Total wire length = 549115 um.
Total wire length on LAYER li1 = 0 um.
Total wire length on LAYER met1 = 188385 um.
Total wire length on LAYER met2 = 211317 um.
Total wire length on LAYER met3 = 94529 um.
Total wire length on LAYER met4 = 54430 um.
Total wire length on LAYER met5 = 452 um.
Total number of vias = 125071.
Up-via summary (total 125071):

-------------------------
 FR_MASTERSLICE         0
            li1     51756
           met1     58047
           met2     12315
           met3      2917
           met4        36
-------------------------
               125071


[INFO DRT-0195] Start 11th guides tiles iteration.
    Completing 10% with 5 violations.
    elapsed time = 00:00:00, memory = 1045.66 (MB).
    Completing 20% with 5 violations.
    elapsed time = 00:00:00, memory = 1045.66 (MB).
    Completing 30% with 5 violations.
    elapsed time = 00:00:00, memory = 1045.66 (MB).
    Completing 50% with 5 violations.
    elapsed time = 00:00:00, memory = 1045.66 (MB).
    Completing 60% with 5 violations.
    elapsed time = 00:00:00, memory = 1045.66 (MB).
    Completing 70% with 5 violations.
    elapsed time = 00:00:00, memory = 1045.66 (MB).
    Completing 80% with 5 violations.
    elapsed time = 00:00:00, memory = 1045.66 (MB).
    Completing 100% with 5 violations.
    elapsed time = 00:00:00, memory = 1045.66 (MB).
[INFO DRT-0199]   Number of violations = 5.
Viol/Layer        met1
Short                5
[INFO DRT-0267] cpu time = 00:00:00, elapsed time = 00:00:00, memory = 1045.66 (MB), peak = 1150.77 (MB)
Total wire length = 549114 um.
Total wire length on LAYER li1 = 0 um.
Total wire length on LAYER met1 = 188384 um.
Total wire length on LAYER met2 = 211317 um.
Total wire length on LAYER met3 = 94529 um.
Total wire length on LAYER met4 = 54430 um.
Total wire length on LAYER met5 = 452 um.
Total number of vias = 125071.
Up-via summary (total 125071):

-------------------------
 FR_MASTERSLICE         0
            li1     51756
           met1     58047
           met2     12315
           met3      2917
           met4        36
-------------------------
               125071


[INFO DRT-0195] Start 12th stubborn tiles iteration.
    Completing 10% with 5 violations.
    elapsed time = 00:00:20, memory = 1007.11 (MB).
    Completing 20% with 5 violations.
    elapsed time = 00:00:40, memory = 1450.11 (MB).
    Completing 30% with 5 violations.
    elapsed time = 00:01:27, memory = 1913.55 (MB).
    Completing 40% with 5 violations.
    elapsed time = 00:01:52, memory = 2255.16 (MB).
    Completing 50% with 5 violations.
    elapsed time = 00:02:40, memory = 2521.82 (MB).
    Completing 60% with 5 violations.
    elapsed time = 00:03:20, memory = 2922.70 (MB).
    Completing 70% with 5 violations.
    elapsed time = 00:04:00, memory = 3339.10 (MB).
    Completing 80% with 5 violations.
    elapsed time = 00:04:27, memory = 3717.17 (MB).
    Completing 90% with 5 violations.
    elapsed time = 00:05:01, memory = 4142.49 (MB).
    Completing 100% with 1 violations.
    elapsed time = 00:05:19, memory = 4514.73 (MB).
[INFO DRT-0199]   Number of violations = 1.
Viol/Layer        met1
Short                1
[INFO DRT-0267] cpu time = 00:05:19, elapsed time = 00:05:19, memory = 4519.04 (MB), peak = 4573.68 (MB)
Total wire length = 549141 um.
Total wire length on LAYER li1 = 0 um.
Total wire length on LAYER met1 = 188408 um.
Total wire length on LAYER met2 = 211267 um.
Total wire length on LAYER met3 = 94534 um.
Total wire length on LAYER met4 = 54478 um.
Total wire length on LAYER met5 = 452 um.
Total number of vias = 125097.
Up-via summary (total 125097):

-------------------------
 FR_MASTERSLICE         0
            li1     51755
           met1     58057
           met2     12321
           met3      2928
           met4        36
-------------------------
               125097


[INFO DRT-0195] Start 13th guides tiles iteration.
    Completing 100% with 1 violations.
    elapsed time = 00:00:00, memory = 4519.04 (MB).
[INFO DRT-0199]   Number of violations = 1.
Viol/Layer        met1
Short                1
[INFO DRT-0267] cpu time = 00:00:00, elapsed time = 00:00:00, memory = 4519.04 (MB), peak = 4573.68 (MB)
Total wire length = 549141 um.
Total wire length on LAYER li1 = 0 um.
Total wire length on LAYER met1 = 188408 um.
Total wire length on LAYER met2 = 211267 um.
Total wire length on LAYER met3 = 94534 um.
Total wire length on LAYER met4 = 54478 um.
Total wire length on LAYER met5 = 452 um.
Total number of vias = 125097.
Up-via summary (total 125097):

-------------------------
 FR_MASTERSLICE         0
            li1     51755
           met1     58057
           met2     12321
           met3      2928
           met4        36
-------------------------
               125097


[INFO DRT-0195] Start 14th stubborn tiles iteration.
    Completing 10% with 1 violations.
    elapsed time = 00:00:22, memory = 4519.04 (MB).
    Completing 20% with 1 violations.
    elapsed time = 00:00:47, memory = 4519.04 (MB).
    Completing 30% with 1 violations.
    elapsed time = 00:01:53, memory = 4519.04 (MB).
    Completing 40% with 1 violations.
    elapsed time = 00:02:12, memory = 4519.04 (MB).
    Completing 50% with 1 violations.
    elapsed time = 00:03:48, memory = 4519.04 (MB).
    Completing 60% with 1 violations.
    elapsed time = 00:04:06, memory = 4519.41 (MB).
    Completing 70% with 1 violations.
    elapsed time = 00:04:30, memory = 4519.41 (MB).
    Completing 80% with 1 violations.
    elapsed time = 00:04:43, memory = 4519.41 (MB).
    Completing 90% with 1 violations.
    elapsed time = 00:05:13, memory = 4519.41 (MB).
    Completing 100% with 0 violations.
    elapsed time = 00:05:19, memory = 4519.41 (MB).
[INFO DRT-0199]   Number of violations = 0.
[INFO DRT-0267] cpu time = 00:05:19, elapsed time = 00:05:19, memory = 4519.41 (MB), peak = 4573.68 (MB)
Total wire length = 549154 um.
Total wire length on LAYER li1 = 0 um.
Total wire length on LAYER met1 = 188411 um.
Total wire length on LAYER met2 = 211268 um.
Total wire length on LAYER met3 = 94540 um.
Total wire length on LAYER met4 = 54481 um.
Total wire length on LAYER met5 = 452 um.
Total number of vias = 125103.
Up-via summary (total 125103):

-------------------------
 FR_MASTERSLICE         0
            li1     51755
           met1     58059
           met2     12323
           met3      2930
           met4        36
-------------------------
               125103


[INFO DRT-0198] Complete detail routing.
Total wire length = 549154 um.
Total wire length on LAYER li1 = 0 um.
Total wire length on LAYER met1 = 188411 um.
Total wire length on LAYER met2 = 211268 um.
Total wire length on LAYER met3 = 94540 um.
Total wire length on LAYER met4 = 54481 um.
Total wire length on LAYER met5 = 452 um.
Total number of vias = 125103.
Up-via summary (total 125103):

-------------------------
 FR_MASTERSLICE         0
            li1     51755
           met1     58059
           met2     12323
           met3      2930
           met4        36
-------------------------
               125103


[INFO DRT-0267] cpu time = 01:30:55, elapsed time = 01:30:55, memory = 4519.41 (MB), peak = 4573.68 (MB)

[INFO DRT-0180] Post processing.
[INFO DRT-0501] Runtime: 5588.96s
Took 5589 seconds: detailed_route -output_drc ./reports/sky130hd/chia_aes128_benchmark_corrupted/slot2/5_route_drc.rpt -output_maze ./results/sky130hd/chia_aes128_benchmark_corrupted/slot2/maze.log -droute_end_iter 64 -verbose 1 -drc_report_iter_step 5
[INFO GRT-0012] Found 15 antenna violations.
[INFO DPL-0006] Core area: 190782.98 um^2
[INFO DPL-0007] Movable instances area: 0.00 um^2
[INFO DPL-0008] Fixed instances area within core: 95908.23 um^2
[INFO DPL-0009] Utilization: 50.3%
[INFO DPL-0005] Diamond search max displacement: +/- 500 sites horizontally, +/- 100 rows vertically.
[INFO DPL-1102] Legalizing using negotiation legalizer.
[INFO DPL-1103] Negotiation base search window: +/-20 sites horizontally, +/-5 rows vertically 
	Automatic search window extension enabled.
	Search window extendable up to the max displacement cap of +/-500 sites, +/-100 rows near walls.
[INFO DPL-1104] NegotiationLegalizer DRC penalty: 5.
[INFO DPL-0392] Negotiation cell height distribution (1 unique row-count(s)):
[INFO DPL-0393]   height 1 row(s): 15833 cells
[INFO DPL-0500] Runtime: 0.04s
[INFO GRT-0015] Inserted 15 diodes.
[WARNING DRT-0120] Large net net898 has 104 pins which may impact routing performance. Consider optimization.
[WARNING DRT-0120] Large net net860 has 101 pins which may impact routing performance. Consider optimization.
[WARNING DRT-0120] Large net _04543_ has 106 pins which may impact routing performance. Consider optimization.
[INFO DRT-0024]   Complete FR_MASTERSLICE.
[INFO DRT-0024]   Complete Fr_VIA.
[INFO DRT-0024]   Complete li1.
[INFO DRT-0024]   Complete mcon.
[INFO DRT-0024]   Complete met1.
[INFO DRT-0024]   Complete via.
[INFO DRT-0024]   Complete met2.
[INFO DRT-0024]   Complete via2.
[INFO DRT-0024]   Complete met3.
[INFO DRT-0024]   Complete via3.
[INFO DRT-0024]   Complete met4.
[INFO DRT-0024]   Complete via4.
[INFO DRT-0024]   Complete met5.
[INFO DRT-0165] Start pin access.
[INFO DRT-0076]   Complete 1000 pins.
[INFO DRT-0076]   Complete 2000 pins.
[INFO DRT-0078]   Complete 2166 pins.
[INFO DRT-0079]   Complete 100 unique inst patterns.
[INFO DRT-0079]   Complete 200 unique inst patterns.
[INFO DRT-0081]   Complete 263 unique inst patterns.
[INFO DRT-0084]   Complete 8454 groups.
#scanned instances     = 15833
#unique  instances     = 263
#stdCellGenAp          = 8171
#stdCellValidPlanarAp  = 44
#stdCellValidViaAp     = 6424
#stdCellPinNoAp        = 0
#stdCellPinCnt         = 51173
#instTermValidViaApCnt = 0
#macroGenAp            = 0
#macroValidPlanarAp    = 0
#macroValidViaAp       = 0
#macroNoAp             = 0
[INFO DRT-0166] Complete pin access.
[INFO DRT-0267] cpu time = 00:02:17, elapsed time = 00:02:17, memory = 4429.83 (MB), peak = 4573.68 (MB)
[INFO DRT-0156] guideIn read 100000 guides.

[INFO DRT-0157] Number of guides:     120321

[INFO DRT-0169] Post process guides.
[INFO DRT-0176] GCELLGRID X 0 DO 63 STEP 6900 ;
[INFO DRT-0177] GCELLGRID Y 0 DO 63 STEP 6900 ;
[INFO DRT-0026]   Complete 100000 origin guides.
[INFO DRT-0028]   Complete FR_MASTERSLICE.
[INFO DRT-0028]   Complete Fr_VIA.
[INFO DRT-0028]   Complete li1.
[INFO DRT-0028]   Complete mcon.
[INFO DRT-0028]   Complete met1.
[INFO DRT-0028]   Complete via.
[INFO DRT-0028]   Complete met2.
[INFO DRT-0028]   Complete via2.
[INFO DRT-0028]   Complete met3.
[INFO DRT-0028]   Complete via3.
[INFO DRT-0028]   Complete met4.
[INFO DRT-0028]   Complete via4.
[INFO DRT-0028]   Complete met5.
[INFO DRT-0178] Init guide query.
[INFO DRT-0035]   Complete FR_MASTERSLICE (guide).
[INFO DRT-0035]   Complete Fr_VIA (guide).
[INFO DRT-0035]   Complete li1 (guide).
[INFO DRT-0035]   Complete mcon (guide).
[INFO DRT-0035]   Complete met1 (guide).
[INFO DRT-0035]   Complete via (guide).
[INFO DRT-0035]   Complete met2 (guide).
[INFO DRT-0035]   Complete via2 (guide).
[INFO DRT-0035]   Complete met3 (guide).
[INFO DRT-0035]   Complete via3 (guide).
[INFO DRT-0035]   Complete met4 (guide).
[INFO DRT-0035]   Complete via4 (guide).
[INFO DRT-0035]   Complete met5 (guide).
[INFO DRT-0036] FR_MASTERSLICE guide region query size = 0.
[INFO DRT-0036] FR_VIA guide region query size = 0.
[INFO DRT-0036] li1 guide region query size = 41640.
[INFO DRT-0036] mcon guide region query size = 0.
[INFO DRT-0036] met1 guide region query size = 35994.
[INFO DRT-0036] via guide region query size = 0.
[INFO DRT-0036] met2 guide region query size = 18038.
[INFO DRT-0036] via2 guide region query size = 0.
[INFO DRT-0036] met3 guide region query size = 2321.
[INFO DRT-0036] via3 guide region query size = 0.
[INFO DRT-0036] met4 guide region query size = 997.
[INFO DRT-0036] via4 guide region query size = 0.
[INFO DRT-0036] met5 guide region query size = 24.
[INFO DRT-0179] Init gr pin query.
[INFO DRT-0267] cpu time = 00:00:00, elapsed time = 00:00:00, memory = 4429.83 (MB), peak = 4573.68 (MB)
[INFO DRT-0245] skipped writing guide updates to database.
[INFO DRT-0181] Start track assignment.
[INFO DRT-0184] Done with 60675 vertical wires in 2 frboxes and 38339 horizontal wires in 2 frboxes.
[INFO DRT-0186] Done with 10863 vertical wires in 2 frboxes and 17241 horizontal wires in 2 frboxes.
[INFO DRT-0182] Complete track assignment.
[INFO DRT-0267] cpu time = 00:00:04, elapsed time = 00:00:04, memory = 4429.83 (MB), peak = 4573.68 (MB)
[INFO DRT-0187] Start routing data preparation.
[INFO DRT-0267] cpu time = 00:00:00, elapsed time = 00:00:00, memory = 4429.83 (MB), peak = 4573.68 (MB)
[INFO DRT-0194] Start detail routing.
[INFO DRT-0195] Start 0th optimization iteration.
    Completing 10% with 0 violations.
    elapsed time = 00:00:05, memory = 4429.83 (MB).
    Completing 20% with 0 violations.
    elapsed time = 00:00:18, memory = 4429.83 (MB).
    Completing 30% with 0 violations.
    elapsed time = 00:00:24, memory = 4429.83 (MB).
    Completing 40% with 728 violations.
    elapsed time = 00:00:29, memory = 4429.83 (MB).
    Completing 50% with 728 violations.
    elapsed time = 00:00:42, memory = 4429.83 (MB).
    Completing 60% with 1501 violations.
    elapsed time = 00:00:47, memory = 4429.83 (MB).
    Completing 70% with 1501 violations.
    elapsed time = 00:00:56, memory = 4429.83 (MB).
    Completing 80% with 1501 violations.
    elapsed time = 00:01:01, memory = 4429.83 (MB).
    Completing 90% with 1924 violations.
    elapsed time = 00:01:09, memory = 4429.83 (MB).
    Completing 100% with 2394 violations.
    elapsed time = 00:01:17, memory = 4429.83 (MB).
[INFO DRT-0199]   Number of violations = 2731.
Viol/Layer         li1   mcon   met1    via   met2   met3   met4
Cut Spacing          0      4      0      0      0      0      0
Metal Spacing        0      0    124      0    168      5      4
Min Hole             0      0      2      0      0      0      0
Recheck              2      0    213      0     91      6     25
Short                0      1   1068      1    976     30     11
[INFO DRT-0267] cpu time = 00:01:17, elapsed time = 00:01:17, memory = 4429.83 (MB), peak = 4573.68 (MB)
Total wire length = 548554 um.
Total wire length on LAYER li1 = 0 um.
Total wire length on LAYER met1 = 190905 um.
Total wire length on LAYER met2 = 213289 um.
Total wire length on LAYER met3 = 91219 um.
Total wire length on LAYER met4 = 52673 um.
Total wire length on LAYER met5 = 466 um.
Total number of vias = 125031.
Up-via summary (total 125031):

-------------------------
 FR_MASTERSLICE         0
            li1     51776
           met1     58264
           met2     12058
           met3      2895
           met4        38
-------------------------
               125031


[INFO DRT-0195] Start 1st optimization iteration.
    Completing 10% with 2731 violations.
    elapsed time = 00:00:05, memory = 4429.83 (MB).
    Completing 20% with 2731 violations.
    elapsed time = 00:00:18, memory = 4429.83 (MB).
    Completing 30% with 2424 violations.
    elapsed time = 00:00:23, memory = 4429.83 (MB).
    Completing 40% with 2424 violations.
    elapsed time = 00:00:32, memory = 4429.83 (MB).
    Completing 50% with 2424 violations.
    elapsed time = 00:00:36, memory = 4429.83 (MB).
    Completing 60% with 2113 violations.
    elapsed time = 00:00:44, memory = 4429.83 (MB).
    Completing 70% with 2113 violations.
    elapsed time = 00:00:53, memory = 4429.83 (MB).
    Completing 80% with 1629 violations.
    elapsed time = 00:00:55, memory = 4429.83 (MB).
    Completing 90% with 1629 violations.
    elapsed time = 00:01:03, memory = 4429.83 (MB).
    Completing 100% with 1374 violations.
    elapsed time = 00:01:06, memory = 4429.83 (MB).
[INFO DRT-0199]   Number of violations = 1374.
Viol/Layer        met1   met2   met3
Metal Spacing       54    189      5
Short              494    616     16
[INFO DRT-0267] cpu time = 00:01:06, elapsed time = 00:01:06, memory = 4429.83 (MB), peak = 4573.68 (MB)
Total wire length = 548166 um.
Total wire length on LAYER li1 = 0 um.
Total wire length on LAYER met1 = 190442 um.
Total wire length on LAYER met2 = 213098 um.
Total wire length on LAYER met3 = 91443 um.
Total wire length on LAYER met4 = 52714 um.
Total wire length on LAYER met5 = 467 um.
Total number of vias = 124981.
Up-via summary (total 124981):

-------------------------
 FR_MASTERSLICE         0
            li1     51768
           met1     58203
           met2     12074
           met3      2898
           met4        38
-------------------------
               124981


[INFO DRT-0195] Start 2nd optimization iteration.
    Completing 10% with 1374 violations.
    elapsed time = 00:00:00, memory = 4429.83 (MB).
    Completing 20% with 1374 violations.
    elapsed time = 00:00:11, memory = 4429.83 (MB).
    Completing 30% with 1377 violations.
    elapsed time = 00:00:13, memory = 4429.83 (MB).
    Completing 40% with 1377 violations.
    elapsed time = 00:00:20, memory = 4429.83 (MB).
    Completing 50% with 1377 violations.
    elapsed time = 00:00:23, memory = 4429.83 (MB).
    Completing 60% with 1365 violations.
    elapsed time = 00:00:26, memory = 4429.83 (MB).
    Completing 70% with 1365 violations.
    elapsed time = 00:00:35, memory = 4429.83 (MB).
    Completing 80% with 1327 violations.
    elapsed time = 00:00:36, memory = 4429.83 (MB).
    Completing 90% with 1327 violations.
    elapsed time = 00:00:43, memory = 4429.83 (MB).
    Completing 100% with 1302 violations.
    elapsed time = 00:00:45, memory = 4429.83 (MB).
[INFO DRT-0199]   Number of violations = 1302.
Viol/Layer        met1   met2   met3   met4
Metal Spacing       44    177      4      1
Short              416    649     11      0
[INFO DRT-0267] cpu time = 00:00:45, elapsed time = 00:00:45, memory = 4429.83 (MB), peak = 4573.68 (MB)
Total wire length = 548044 um.
Total wire length on LAYER li1 = 0 um.
Total wire length on LAYER met1 = 190278 um.
Total wire length on LAYER met2 = 213127 um.
Total wire length on LAYER met3 = 91376 um.
Total wire length on LAYER met4 = 52795 um.
Total wire length on LAYER met5 = 466 um.
Total number of vias = 124966.
Up-via summary (total 124966):

-------------------------
 FR_MASTERSLICE         0
            li1     51769
           met1     58191
           met2     12065
           met3      2903
           met4        38
-------------------------
               124966


[INFO DRT-0195] Start 3rd optimization iteration.
    Completing 10% with 1302 violations.
    elapsed time = 00:00:03, memory = 4429.83 (MB).
    Completing 20% with 1302 violations.
    elapsed time = 00:00:16, memory = 4429.83 (MB).
    Completing 30% with 1302 violations.
    elapsed time = 00:00:24, memory = 4429.83 (MB).
    Completing 40% with 992 violations.
    elapsed time = 00:00:28, memory = 4429.83 (MB).
    Completing 50% with 992 violations.
    elapsed time = 00:00:50, memory = 4429.83 (MB).
    Completing 60% with 700 violations.
    elapsed time = 00:00:50, memory = 4429.83 (MB).
    Completing 70% with 700 violations.
    elapsed time = 00:01:10, memory = 4429.83 (MB).
    Completing 80% with 700 violations.
    elapsed time = 00:01:15, memory = 4429.83 (MB).
    Completing 90% with 552 violations.
    elapsed time = 00:01:31, memory = 4429.83 (MB).
    Completing 100% with 408 violations.
    elapsed time = 00:01:37, memory = 4429.83 (MB).
[INFO DRT-0199]   Number of violations = 408.
Viol/Layer        met1   met2   met4
Metal Spacing       70     46      1
Short              155    136      0
[INFO DRT-0267] cpu time = 00:01:37, elapsed time = 00:01:37, memory = 4429.83 (MB), peak = 4573.68 (MB)
Total wire length = 548282 um.
Total wire length on LAYER li1 = 0 um.
Total wire length on LAYER met1 = 189116 um.
Total wire length on LAYER met2 = 211967 um.
Total wire length on LAYER met3 = 92926 um.
Total wire length on LAYER met4 = 53805 um.
Total wire length on LAYER met5 = 466 um.
Total number of vias = 125410.
Up-via summary (total 125410):

-------------------------
 FR_MASTERSLICE         0
            li1     51762
           met1     58216
           met2     12414
           met3      2980
           met4        38
-------------------------
               125410


[INFO DRT-0195] Start 4th optimization iteration.
    Completing 10% with 408 violations.
    elapsed time = 00:00:00, memory = 4429.83 (MB).
    Completing 20% with 408 violations.
    elapsed time = 00:00:05, memory = 4429.83 (MB).
    Completing 30% with 345 violations.
    elapsed time = 00:00:05, memory = 4429.83 (MB).
    Completing 40% with 345 violations.
    elapsed time = 00:00:15, memory = 4429.83 (MB).
    Completing 50% with 345 violations.
    elapsed time = 00:00:16, memory = 4429.83 (MB).
    Completing 60% with 152 violations.
    elapsed time = 00:00:20, memory = 4429.83 (MB).
    Completing 70% with 152 violations.
    elapsed time = 00:00:22, memory = 4429.83 (MB).
    Completing 80% with 67 violations.
    elapsed time = 00:00:23, memory = 4429.83 (MB).
    Completing 90% with 67 violations.
    elapsed time = 00:00:26, memory = 4429.83 (MB).
    Completing 100% with 28 violations.
    elapsed time = 00:00:26, memory = 4429.83 (MB).
[INFO DRT-0199]   Number of violations = 28.
Viol/Layer        met1   met2
Metal Spacing        7      5
Short                9      7
[INFO DRT-0267] cpu time = 00:00:26, elapsed time = 00:00:26, memory = 4429.83 (MB), peak = 4573.68 (MB)
Total wire length = 548345 um.
Total wire length on LAYER li1 = 0 um.
Total wire length on LAYER met1 = 188720 um.
Total wire length on LAYER met2 = 211581 um.
Total wire length on LAYER met3 = 93324 um.
Total wire length on LAYER met4 = 54252 um.
Total wire length on LAYER met5 = 467 um.
Total number of vias = 125467.
Up-via summary (total 125467):

-------------------------
 FR_MASTERSLICE         0
            li1     51767
           met1     58167
           met2     12478
           met3      3017
           met4        38
-------------------------
               125467


[INFO DRT-0195] Start 5th guides tiles iteration.
    Completing 20% with 28 violations.
    elapsed time = 00:00:00, memory = 4429.83 (MB).
    Completing 50% with 28 violations.
    elapsed time = 00:00:00, memory = 4429.83 (MB).
    Completing 70% with 28 violations.
    elapsed time = 00:00:00, memory = 4429.83 (MB).
    Completing 100% with 0 violations.
    elapsed time = 00:00:00, memory = 4429.83 (MB).
[INFO DRT-0199]   Number of violations = 0.
[INFO DRT-0267] cpu time = 00:00:00, elapsed time = 00:00:00, memory = 4429.83 (MB), peak = 4573.68 (MB)
Total wire length = 548335 um.
Total wire length on LAYER li1 = 0 um.
Total wire length on LAYER met1 = 188696 um.
Total wire length on LAYER met2 = 211570 um.
Total wire length on LAYER met3 = 93343 um.
Total wire length on LAYER met4 = 54257 um.
Total wire length on LAYER met5 = 467 um.
Total number of vias = 125467.
Up-via summary (total 125467):

-------------------------
 FR_MASTERSLICE         0
            li1     51767
           met1     58170
           met2     12477
           met3      3015
           met4        38
-------------------------
               125467


[INFO DRT-0198] Complete detail routing.
Total wire length = 548335 um.
Total wire length on LAYER li1 = 0 um.
Total wire length on LAYER met1 = 188696 um.
Total wire length on LAYER met2 = 211570 um.
Total wire length on LAYER met3 = 93343 um.
Total wire length on LAYER met4 = 54257 um.
Total wire length on LAYER met5 = 467 um.
Total number of vias = 125467.
Up-via summary (total 125467):

-------------------------
 FR_MASTERSLICE         0
            li1     51767
           met1     58170
           met2     12477
           met3      3015
           met4        38
-------------------------
               125467


[INFO DRT-0267] cpu time = 00:05:16, elapsed time = 00:05:16, memory = 4429.83 (MB), peak = 4573.68 (MB)

[INFO DRT-0180] Post processing.
[INFO DRT-0501] Runtime: 458.61s
[INFO ANT-0002] Found 0 net violations.
[INFO ANT-0001] Found 0 pin violations.
[INFO ANT-0002] Found 0 net violations.
[INFO ANT-0001] Found 0 pin violations.
Design area 95908 um^2 50% utilization.
write_db ./results/sky130hd/chia_aes128_benchmark_corrupted/slot2/5_2_route.odb
Log                       Ext     Elapsed/s Peak Memory/MB sha1sum result [0:20)
5_2_route                 .odb         6087           4573 8edecc1fc7857662f49a
/root/OpenROAD-flow-scripts/flow/scripts/flow.sh 5_3_fillcell fillcell
Running fillcell.tcl, stage 5_3_fillcell
read_liberty /root/OpenROAD-flow-scripts/flow/platforms/sky130hd/lib/sky130_fd_sc_hd__tt_025C_1v80.lib
read_db ./results/sky130hd/chia_aes128_benchmark_corrupted/slot2/5_2_route.odb
read_sdc ./results/sky130hd/chia_aes128_benchmark_corrupted/slot2/5_1_grt.sdc
source /root/OpenROAD-flow-scripts/flow/platforms/sky130hd/setRC.tcl
[WARNING STA-0450] virtual clock vclk can not be propagated.
filler_placement "sky130_fd_sc_hd__fill_1 sky130_fd_sc_hd__fill_2 sky130_fd_sc_hd__fill_4 sky130_fd_sc_hd__fill_8"
[INFO DPL-0001] Placed 19477 filler instances.
Design area 95908 um^2 50% utilization.
write_db ./results/sky130hd/chia_aes128_benchmark_corrupted/slot2/5_3_fillcell.odb
Log                       Ext     Elapsed/s Peak Memory/MB sha1sum result [0:20)
5_3_fillcell              .odb            0            192 e7f3a0f45b627424b6f5
cp ./results/sky130hd/chia_aes128_benchmark_corrupted/slot2/5_3_fillcell.odb ./results/sky130hd/chia_aes128_benchmark_corrupted/slot2/5_route.odb
cp ./results/sky130hd/chia_aes128_benchmark_corrupted/slot2/5_1_grt.sdc ./results/sky130hd/chia_aes128_benchmark_corrupted/slot2/5_route.sdc
make: Leaving directory '/root/OpenROAD-flow-scripts/flow'

STDERR:
bash: /opt/miniconda/lib/libtinfo.so.6: no version information available (required by bash)
bash: /opt/miniconda/lib/libtinfo.so.6: no version information available (required by bash)
bash: /opt/miniconda/lib/libtinfo.so.6: no version information available (required by bash)
bash: /opt/miniconda/lib/libtinfo.so.6: no version information available (required by bash)
bash: /opt/miniconda/lib/libtinfo.so.6: no version information available (required by bash)
bash: /opt/miniconda/lib/libtinfo.so.6: no version information available (required by bash)
bash: /opt/miniconda/lib/libtinfo.so.6: no version information available (required by bash)
bash: /opt/miniconda/lib/libtinfo.so.6: no version information available (required by bash)
bash: /opt/miniconda/lib/libtinfo.so.6: no version information available (required by bash)
bash: /opt/miniconda/lib/libtinfo.so.6: no version information available (required by bash)
bash: /opt/miniconda/lib/libtinfo.so.6: no version information available (required by bash)
bash: /opt/miniconda/lib/libtinfo.so.6: no version information available (required by bash)
bash: /opt/miniconda/lib/libtinfo.so.6: no version information available (required by bash)
bash: /opt/miniconda/lib/libtinfo.so.6: no version information available (required by bash)
bash: /opt/miniconda/lib/libtinfo.so.6: no version information available (required by bash)
bash: /opt/miniconda/lib/libtinfo.so.6: no version information available (required by bash)
bash: /opt/miniconda/lib/libtinfo.so.6: no version information available (required by bash)
bash: /opt/miniconda/lib/libtinfo.so.6: no version information available (required by bash)
bash: /opt/miniconda/lib/libtinfo.so.6: no version information available (required by bash)
bash: /opt/miniconda/lib/libtinfo.so.6: no version information available (required by bash)
bash: /opt/miniconda/lib/libtinfo.so.6: no version information available (required by bash)
bash: /opt/miniconda/lib/libtinfo.so.6: no version information available (required by bash)
bash: /opt/miniconda/lib/libtinfo.so.6: no version information available (required by bash)
bash: /opt/miniconda/lib/libtinfo.so.6: no version information available (required by bash)
Elapsed time: 2:47.66[h:]min:sec. CPU time: user 167.36 sys 0.26 (99%). Peak memory: 489304KB.
bash: /opt/miniconda/lib/libtinfo.so.6: no version information available (required by bash)
bash: /opt/miniconda/lib/libtinfo.so.6: no version information available (required by bash)
bash: /opt/miniconda/lib/libtinfo.so.6: no version information available (required by bash)
bash: /opt/miniconda/lib/libtinfo.so.6: no version information available (required by bash)
bash: /opt/miniconda/lib/libtinfo.so.6: no version information available (required by bash)
bash: /opt/miniconda/lib/libtinfo.so.6: no version information available (required by bash)
bash: /opt/miniconda/lib/libtinfo.so.6: no version information available (required by bash)
bash: /opt/miniconda/lib/libtinfo.so.6: no version information available (required by bash)
bash: /opt/miniconda/lib/libtinfo.so.6: no version information available (required by bash)
bash: /opt/miniconda/lib/libtinfo.so.6: no version information available (required by bash)
bash: /opt/miniconda/lib/libtinfo.so.6: no version information available (required by bash)
bash: /opt/miniconda/lib/libtinfo.so.6: no version information available (required by bash)
bash: /opt/miniconda/lib/libtinfo.so.6: no version information available (required by bash)
bash: /opt/miniconda/lib/libtinfo.so.6: no version information available (required by bash)
Elapsed time: 1:41:27.77[h:]min:sec. CPU time: user 6074.56 sys 12.89 (99%). Peak memory: 4683444KB.
bash: /opt/miniconda/lib/libtinfo.so.6: no version information available (required by bash)
bash: /opt/miniconda/lib/libtinfo.so.6: no version information available (required by bash)
bash: /opt/miniconda/lib/libtinfo.so.6: no version information available (required by bash)
bash: /opt/miniconda/lib/libtinfo.so.6: no version information available (required by bash)
bash: /opt/miniconda/lib/libtinfo.so.6: no version information available (required by bash)
bash: /opt/miniconda/lib/libtinfo.so.6: no version information available (required by bash)
bash: /opt/miniconda/lib/libtinfo.so.6: no version information available (required by bash)
bash: /opt/miniconda/lib/libtinfo.so.6: no version information available (required by bash)
bash: /opt/miniconda/lib/libtinfo.so.6: no version information available (required by bash)
bash: /opt/miniconda/lib/libtinfo.so.6: no version information available (required by bash)
bash: /opt/miniconda/lib/libtinfo.so.6: no version information available (required by bash)
bash: /opt/miniconda/lib/libtinfo.so.6: no version information available (required by bash)
bash: /opt/miniconda/lib/libtinfo.so.6: no version information available (required by bash)
bash: /opt/miniconda/lib/libtinfo.so.6: no version information available (required by bash)
Elapsed time: 0:00.45[h:]min:sec. CPU time: user 0.37 sys 0.08 (99%). Peak memory: 197288KB.
bash: /opt/miniconda/lib/libtinfo.so.6: no version information available (required by bash)
bash: /opt/miniconda/lib/libtinfo.so.6: no version information available (required by bash)
bash: /opt/miniconda/lib/libtinfo.so.6: no version information available (required by bash)
bash: /opt/miniconda/lib/libtinfo.so.6: no version information available (required by bash)
bash: /opt/miniconda/lib/libtinfo.so.6: no version information available (required by bash)
bash: /opt/miniconda/lib/libtinfo.so.6: no version information available (required by bash)
bash: /opt/miniconda/lib/libtinfo.so.6: no version information available (required by bash)
bash: /opt/miniconda/lib/libtinfo.so.6: no version information available (required by bash)
bash: /opt/miniconda/lib/libtinfo.so.6: no version information available (required by bash)
bash: /opt/miniconda/lib/libtinfo.so.6: no version information available (required by bash)
bash: /opt/miniconda/lib/libtinfo.so.6: no version information available (required by bash)
bash: /opt/miniconda/lib/libtinfo.so.6: no version information available (required by bash)
bash: /opt/miniconda/lib/libtinfo.so.6: no version information available (required by bash)
bash: /opt/miniconda/lib/libtinfo.so.6: no version information available (required by bash)
bash: /opt/miniconda/lib/libtinfo.so.6: no version information available (required by bash)
bash: /opt/miniconda/lib/libtinfo.so.6: no version information available (required by bash)
bash: /opt/miniconda/lib/libtinfo.so.6: no version information available (required by bash)
bash: /opt/miniconda/lib/libtinfo.so.6: no version information available (required by bash)
bash: /opt/miniconda/lib/libtinfo.so.6: no version information available (required by bash)
bash: /opt/miniconda/lib/libtinfo.so.6: no version information available (required by bash)
bash: /opt/miniconda/lib/libtinfo.so.6: no version information available (required by bash)
bash: /opt/miniconda/lib/libtinfo.so.6: no version information available (required by bash)
bash: /opt/miniconda/lib/libtinfo.so.6: no version information available (required by bash)
bash: /opt/miniconda/lib/libtinfo.so.6: no version information available (required by bash)
bash: /opt/miniconda/lib/libtinfo.so.6: no version information available (required by bash)
bash: /opt/miniconda/lib/libtinfo.so.6: no version information available (required by bash)
