
==========================================================================
resizer report_tns
--------------------------------------------------------------------------
tns max 0.00

==========================================================================
resizer report_wns
--------------------------------------------------------------------------
wns max 0.00

==========================================================================
resizer report_worst_slack
--------------------------------------------------------------------------
worst slack max 0.04

==========================================================================
resizer report_clock_min_period
--------------------------------------------------------------------------
core_clock period_min = 1.71 fmax = 583.45
vclk_core_clock period_min = 0.00 fmax = inf

==========================================================================
resizer report_checks -path_delay min
--------------------------------------------------------------------------
Startpoint: ctrl.state.out[1]$_DFF_P_
            (rising edge-triggered flip-flop clocked by core_clock)
Endpoint: ctrl.state.out[1]$_DFF_P_
          (rising edge-triggered flip-flop clocked by core_clock)
Path Group: core_clock
Path Type: min

Fanout     Cap    Slew   Delay    Time   Description
-----------------------------------------------------------------------------
                  0.00    0.00    0.00   clock core_clock (rise edge)
                          0.23    0.23   clock network delay (ideal)
                  0.00    0.00    0.23 ^ ctrl.state.out[1]$_DFF_P_/CLK (sky130_fd_sc_hs__dfxtp_1)
     2    0.01    0.05    0.18    0.42 ^ ctrl.state.out[1]$_DFF_P_/Q (sky130_fd_sc_hs__dfxtp_1)
                                         ctrl.state.out[1] (net)
                  0.05    0.00    0.42 ^ _635_/B (sky130_fd_sc_hs__nand2_1)
     1    0.00    0.03    0.04    0.46 v _635_/Y (sky130_fd_sc_hs__nand2_1)
                                         _291_ (net)
                  0.03    0.00    0.46 v _636_/B1 (sky130_fd_sc_hs__o31ai_1)
     1    0.00    0.03    0.04    0.49 ^ _636_/Y (sky130_fd_sc_hs__o31ai_1)
                                         _001_ (net)
                  0.03    0.00    0.49 ^ ctrl.state.out[1]$_DFF_P_/D (sky130_fd_sc_hs__dfxtp_1)
                                  0.49   data arrival time

                  0.00    0.00    0.00   clock core_clock (rise edge)
                          0.23    0.23   clock network delay (ideal)
                          0.00    0.23   clock reconvergence pessimism
                                  0.23 ^ ctrl.state.out[1]$_DFF_P_/CLK (sky130_fd_sc_hs__dfxtp_1)
                          0.01    0.24   library hold time
                                  0.24   data required time
-----------------------------------------------------------------------------
                                  0.24   data required time
                                 -0.49   data arrival time
-----------------------------------------------------------------------------
                                  0.25   slack (MET)


Startpoint: ctrl.state.out[2]$_DFF_P_
            (rising edge-triggered flip-flop clocked by core_clock)
Endpoint: resp_val (output port clocked by vclk_core_clock)
Path Group: vclk_core_clock
Path Type: min

Fanout     Cap    Slew   Delay    Time   Description
-----------------------------------------------------------------------------
                  0.00    0.00    0.00   clock core_clock (rise edge)
                          0.23    0.23   clock network delay (ideal)
                  0.00    0.00    0.23 ^ ctrl.state.out[2]$_DFF_P_/CLK (sky130_fd_sc_hs__dfxtp_1)
     2    0.01    0.06    0.19    0.42 ^ ctrl.state.out[2]$_DFF_P_/Q (sky130_fd_sc_hs__dfxtp_1)
                                         ctrl.state.out[2] (net)
                  0.06    0.00    0.42 ^ _627_/B (sky130_fd_sc_hs__nor3b_1)
     2    0.01    0.04    0.05    0.47 v _627_/Y (sky130_fd_sc_hs__nor3b_1)
                                         net53 (net)
                  0.04    0.00    0.47 v output53/A (sky130_fd_sc_hs__buf_1)
     1    0.00    0.01    0.06    0.54 v output53/X (sky130_fd_sc_hs__buf_1)
                                         resp_val (net)
                  0.01    0.00    0.54 v resp_val (out)
                                  0.54   data arrival time

                  0.00    0.00    0.00   clock vclk_core_clock (rise edge)
                          0.23    0.23   clock network delay (ideal)
                          0.00    0.23   clock reconvergence pessimism
                         -0.35   -0.12   output external delay
                                 -0.12   data required time
-----------------------------------------------------------------------------
                                 -0.12   data required time
                                 -0.54   data arrival time
-----------------------------------------------------------------------------
                                  0.65   slack (MET)



==========================================================================
resizer report_checks -path_delay max
--------------------------------------------------------------------------
Startpoint: dpath.a_reg.out[11]$_DFFE_PP_
            (rising edge-triggered flip-flop clocked by core_clock)
Endpoint: dpath.b_reg.out[14]$_DFFE_PP_
          (rising edge-triggered flip-flop clocked by core_clock)
Path Group: core_clock
Path Type: max

Fanout     Cap    Slew   Delay    Time   Description
-----------------------------------------------------------------------------
                  0.00    0.00    0.00   clock core_clock (rise edge)
                          0.23    0.23   clock network delay (ideal)
                  0.00    0.00    0.23 ^ dpath.a_reg.out[11]$_DFFE_PP_/CLK (sky130_fd_sc_hs__edfxtp_1)
     3    0.01    0.10    0.21    0.44 ^ dpath.a_reg.out[11]$_DFFE_PP_/Q (sky130_fd_sc_hs__edfxtp_1)
                                         dpath.a_lt_b$in0[11] (net)
                  0.10    0.00    0.44 ^ _409_/A_N (sky130_fd_sc_hs__nand2b_1)
     3    0.02    0.14    0.16    0.60 ^ _409_/Y (sky130_fd_sc_hs__nand2b_1)
                                         _092_ (net)
                  0.14    0.00    0.60 ^ _410_/B (sky130_fd_sc_hs__and2_2)
     4    0.02    0.07    0.14    0.73 ^ _410_/X (sky130_fd_sc_hs__and2_2)
                                         _093_ (net)
                  0.07    0.00    0.74 ^ _451_/A (sky130_fd_sc_hs__nand2_2)
     4    0.02    0.07    0.08    0.81 v _451_/Y (sky130_fd_sc_hs__nand2_2)
                                         _133_ (net)
                  0.07    0.00    0.81 v _453_/A (sky130_fd_sc_hs__nor2_2)
     3    0.01    0.11    0.12    0.94 ^ _453_/Y (sky130_fd_sc_hs__nor2_2)
                                         _135_ (net)
                  0.11    0.00    0.94 ^ _457_/A (sky130_fd_sc_hs__and2_2)
     1    0.02    0.07    0.13    1.07 ^ _457_/X (sky130_fd_sc_hs__and2_2)
                                         _139_ (net)
                  0.07    0.00    1.07 ^ _458_/B (sky130_fd_sc_hs__nand2_8)
     2    0.01    0.03    0.04    1.10 v _458_/Y (sky130_fd_sc_hs__nand2_8)
                                         _140_ (net)
                  0.03    0.00    1.10 v _581_/A (sky130_fd_sc_hs__nand2_2)
     2    0.01    0.05    0.04    1.14 ^ _581_/Y (sky130_fd_sc_hs__nand2_2)
                                         _251_ (net)
                  0.05    0.00    1.14 ^ _640_/A2 (sky130_fd_sc_hs__o21ai_1)
     1    0.00    0.05    0.05    1.19 v _640_/Y (sky130_fd_sc_hs__o21ai_1)
                                         ctrl$b_reg_en[0] (net)
                  0.05    0.00    1.19 v place70/A (sky130_fd_sc_hs__buf_2)
    16    0.05    0.10    0.16    1.35 v place70/X (sky130_fd_sc_hs__buf_2)
                                         net70 (net)
                  0.10    0.00    1.35 v dpath.b_reg.out[14]$_DFFE_PP_/DE (sky130_fd_sc_hs__edfxtp_1)
                                  1.35   data arrival time

                  0.00    1.75    1.75   clock core_clock (rise edge)
                          0.23    1.99   clock network delay (ideal)
                          0.00    1.99   clock reconvergence pessimism
                                  1.99 ^ dpath.b_reg.out[14]$_DFFE_PP_/CLK (sky130_fd_sc_hs__edfxtp_1)
                         -0.60    1.39   library setup time
                                  1.39   data required time
-----------------------------------------------------------------------------
                                  1.39   data required time
                                 -1.35   data arrival time
-----------------------------------------------------------------------------
                                  0.04   slack (MET)


Startpoint: dpath.a_reg.out[1]$_DFFE_PP_
            (rising edge-triggered flip-flop clocked by core_clock)
Endpoint: resp_msg[5] (output port clocked by vclk_core_clock)
Path Group: vclk_core_clock
Path Type: max

Fanout     Cap    Slew   Delay    Time   Description
-----------------------------------------------------------------------------
                  0.00    0.00    0.00   clock core_clock (rise edge)
                          0.23    0.23   clock network delay (ideal)
                  0.00    0.00    0.23 ^ dpath.a_reg.out[1]$_DFFE_PP_/CLK (sky130_fd_sc_hs__edfxtp_1)
     3    0.01    0.06    0.19    0.43 v dpath.a_reg.out[1]$_DFFE_PP_/Q (sky130_fd_sc_hs__edfxtp_1)
                                         dpath.a_lt_b$in0[1] (net)
                  0.06    0.00    0.43 v place88/A (sky130_fd_sc_hs__buf_1)
     2    0.01    0.05    0.10    0.53 v place88/X (sky130_fd_sc_hs__buf_1)
                                         net88 (net)
                  0.05    0.00    0.53 v _303_/A (sky130_fd_sc_hs__xnor2_1)
     3    0.02    0.30    0.26    0.79 ^ _303_/Y (sky130_fd_sc_hs__xnor2_1)
                                         _007_ (net)
                  0.30    0.00    0.79 ^ _306_/B (sky130_fd_sc_hs__nand3_1)
     1    0.00    0.07    0.08    0.86 v _306_/Y (sky130_fd_sc_hs__nand3_1)
                                         _010_ (net)
                  0.07    0.00    0.86 v _310_/A (sky130_fd_sc_hs__nand2_1)
     4    0.02    0.13    0.12    0.98 ^ _310_/Y (sky130_fd_sc_hs__nand2_1)
                                         _014_ (net)
                  0.13    0.00    0.98 ^ _317_/A (sky130_fd_sc_hs__nand2_1)
     1    0.00    0.04    0.05    1.03 v _317_/Y (sky130_fd_sc_hs__nand2_1)
                                         _021_ (net)
                  0.04    0.00    1.03 v _323_/A (sky130_fd_sc_hs__nand2_1)
     2    0.01    0.10    0.08    1.11 ^ _323_/Y (sky130_fd_sc_hs__nand2_1)
                                         _027_ (net)
                  0.10    0.00    1.11 ^ _324_/B (sky130_fd_sc_hs__xor2_1)
     2    0.01    0.24    0.23    1.34 ^ _324_/X (sky130_fd_sc_hs__xor2_1)
                                         net48 (net)
                  0.24    0.00    1.34 ^ output48/A (sky130_fd_sc_hs__buf_1)
     1    0.00    0.03    0.08    1.43 ^ output48/X (sky130_fd_sc_hs__buf_1)
                                         resp_msg[5] (net)
                  0.03    0.00    1.43 ^ resp_msg[5] (out)
                                  1.43   data arrival time

                  0.00    1.75    1.75   clock vclk_core_clock (rise edge)
                          0.23    1.99   clock network delay (ideal)
                          0.00    1.99   clock reconvergence pessimism
                         -0.35    1.63   output external delay
                                  1.63   data required time
-----------------------------------------------------------------------------
                                  1.63   data required time
                                 -1.43   data arrival time
-----------------------------------------------------------------------------
                                  0.21   slack (MET)



==========================================================================
resizer report_checks -unconstrained
--------------------------------------------------------------------------
Startpoint: dpath.a_reg.out[11]$_DFFE_PP_
            (rising edge-triggered flip-flop clocked by core_clock)
Endpoint: dpath.b_reg.out[14]$_DFFE_PP_
          (rising edge-triggered flip-flop clocked by core_clock)
Path Group: core_clock
Path Type: max

Fanout     Cap    Slew   Delay    Time   Description
-----------------------------------------------------------------------------
                  0.00    0.00    0.00   clock core_clock (rise edge)
                          0.23    0.23   clock network delay (ideal)
                  0.00    0.00    0.23 ^ dpath.a_reg.out[11]$_DFFE_PP_/CLK (sky130_fd_sc_hs__edfxtp_1)
     3    0.01    0.10    0.21    0.44 ^ dpath.a_reg.out[11]$_DFFE_PP_/Q (sky130_fd_sc_hs__edfxtp_1)
                                         dpath.a_lt_b$in0[11] (net)
                  0.10    0.00    0.44 ^ _409_/A_N (sky130_fd_sc_hs__nand2b_1)
     3    0.02    0.14    0.16    0.60 ^ _409_/Y (sky130_fd_sc_hs__nand2b_1)
                                         _092_ (net)
                  0.14    0.00    0.60 ^ _410_/B (sky130_fd_sc_hs__and2_2)
     4    0.02    0.07    0.14    0.73 ^ _410_/X (sky130_fd_sc_hs__and2_2)
                                         _093_ (net)
                  0.07    0.00    0.74 ^ _451_/A (sky130_fd_sc_hs__nand2_2)
     4    0.02    0.07    0.08    0.81 v _451_/Y (sky130_fd_sc_hs__nand2_2)
                                         _133_ (net)
                  0.07    0.00    0.81 v _453_/A (sky130_fd_sc_hs__nor2_2)
     3    0.01    0.11    0.12    0.94 ^ _453_/Y (sky130_fd_sc_hs__nor2_2)
                                         _135_ (net)
                  0.11    0.00    0.94 ^ _457_/A (sky130_fd_sc_hs__and2_2)
     1    0.02    0.07    0.13    1.07 ^ _457_/X (sky130_fd_sc_hs__and2_2)
                                         _139_ (net)
                  0.07    0.00    1.07 ^ _458_/B (sky130_fd_sc_hs__nand2_8)
     2    0.01    0.03    0.04    1.10 v _458_/Y (sky130_fd_sc_hs__nand2_8)
                                         _140_ (net)
                  0.03    0.00    1.10 v _581_/A (sky130_fd_sc_hs__nand2_2)
     2    0.01    0.05    0.04    1.14 ^ _581_/Y (sky130_fd_sc_hs__nand2_2)
                                         _251_ (net)
                  0.05    0.00    1.14 ^ _640_/A2 (sky130_fd_sc_hs__o21ai_1)
     1    0.00    0.05    0.05    1.19 v _640_/Y (sky130_fd_sc_hs__o21ai_1)
                                         ctrl$b_reg_en[0] (net)
                  0.05    0.00    1.19 v place70/A (sky130_fd_sc_hs__buf_2)
    16    0.05    0.10    0.16    1.35 v place70/X (sky130_fd_sc_hs__buf_2)
                                         net70 (net)
                  0.10    0.00    1.35 v dpath.b_reg.out[14]$_DFFE_PP_/DE (sky130_fd_sc_hs__edfxtp_1)
                                  1.35   data arrival time

                  0.00    1.75    1.75   clock core_clock (rise edge)
                          0.23    1.99   clock network delay (ideal)
                          0.00    1.99   clock reconvergence pessimism
                                  1.99 ^ dpath.b_reg.out[14]$_DFFE_PP_/CLK (sky130_fd_sc_hs__edfxtp_1)
                         -0.60    1.39   library setup time
                                  1.39   data required time
-----------------------------------------------------------------------------
                                  1.39   data required time
                                 -1.35   data arrival time
-----------------------------------------------------------------------------
                                  0.04   slack (MET)


Startpoint: dpath.a_reg.out[1]$_DFFE_PP_
            (rising edge-triggered flip-flop clocked by core_clock)
Endpoint: resp_msg[5] (output port clocked by vclk_core_clock)
Path Group: vclk_core_clock
Path Type: max

Fanout     Cap    Slew   Delay    Time   Description
-----------------------------------------------------------------------------
                  0.00    0.00    0.00   clock core_clock (rise edge)
                          0.23    0.23   clock network delay (ideal)
                  0.00    0.00    0.23 ^ dpath.a_reg.out[1]$_DFFE_PP_/CLK (sky130_fd_sc_hs__edfxtp_1)
     3    0.01    0.06    0.19    0.43 v dpath.a_reg.out[1]$_DFFE_PP_/Q (sky130_fd_sc_hs__edfxtp_1)
                                         dpath.a_lt_b$in0[1] (net)
                  0.06    0.00    0.43 v place88/A (sky130_fd_sc_hs__buf_1)
     2    0.01    0.05    0.10    0.53 v place88/X (sky130_fd_sc_hs__buf_1)
                                         net88 (net)
                  0.05    0.00    0.53 v _303_/A (sky130_fd_sc_hs__xnor2_1)
     3    0.02    0.30    0.26    0.79 ^ _303_/Y (sky130_fd_sc_hs__xnor2_1)
                                         _007_ (net)
                  0.30    0.00    0.79 ^ _306_/B (sky130_fd_sc_hs__nand3_1)
     1    0.00    0.07    0.08    0.86 v _306_/Y (sky130_fd_sc_hs__nand3_1)
                                         _010_ (net)
                  0.07    0.00    0.86 v _310_/A (sky130_fd_sc_hs__nand2_1)
     4    0.02    0.13    0.12    0.98 ^ _310_/Y (sky130_fd_sc_hs__nand2_1)
                                         _014_ (net)
                  0.13    0.00    0.98 ^ _317_/A (sky130_fd_sc_hs__nand2_1)
     1    0.00    0.04    0.05    1.03 v _317_/Y (sky130_fd_sc_hs__nand2_1)
                                         _021_ (net)
                  0.04    0.00    1.03 v _323_/A (sky130_fd_sc_hs__nand2_1)
     2    0.01    0.10    0.08    1.11 ^ _323_/Y (sky130_fd_sc_hs__nand2_1)
                                         _027_ (net)
                  0.10    0.00    1.11 ^ _324_/B (sky130_fd_sc_hs__xor2_1)
     2    0.01    0.24    0.23    1.34 ^ _324_/X (sky130_fd_sc_hs__xor2_1)
                                         net48 (net)
                  0.24    0.00    1.34 ^ output48/A (sky130_fd_sc_hs__buf_1)
     1    0.00    0.03    0.08    1.43 ^ output48/X (sky130_fd_sc_hs__buf_1)
                                         resp_msg[5] (net)
                  0.03    0.00    1.43 ^ resp_msg[5] (out)
                                  1.43   data arrival time

                  0.00    1.75    1.75   clock vclk_core_clock (rise edge)
                          0.23    1.99   clock network delay (ideal)
                          0.00    1.99   clock reconvergence pessimism
                         -0.35    1.63   output external delay
                                  1.63   data required time
-----------------------------------------------------------------------------
                                  1.63   data required time
                                 -1.43   data arrival time
-----------------------------------------------------------------------------
                                  0.21   slack (MET)



==========================================================================
resizer report_check_types -max_slew -max_cap -max_fanout -violators
--------------------------------------------------------------------------

==========================================================================
resizer max_slew_check_slack
--------------------------------------------------------------------------
0.42773979902267456

==========================================================================
resizer max_slew_check_limit
--------------------------------------------------------------------------
1.0

==========================================================================
resizer max_slew_check_slack_limit
--------------------------------------------------------------------------
0.4277

==========================================================================
resizer max_fanout_check_slack
--------------------------------------------------------------------------
1.0000000150474662e+30

==========================================================================
resizer max_fanout_check_limit
--------------------------------------------------------------------------
1.0000000150474662e+30

==========================================================================
resizer max_capacitance_check_slack
--------------------------------------------------------------------------
0.025280741974711418

==========================================================================
resizer max_capacitance_check_limit
--------------------------------------------------------------------------
0.034299999475479126

==========================================================================
resizer max_capacitance_check_slack_limit
--------------------------------------------------------------------------
0.7370

==========================================================================
resizer max_slew_violation_count
--------------------------------------------------------------------------
max slew violation count 0

==========================================================================
resizer max_fanout_violation_count
--------------------------------------------------------------------------
max fanout violation count 0

==========================================================================
resizer max_cap_violation_count
--------------------------------------------------------------------------
max cap violation count 0

==========================================================================
resizer setup_violation_count
--------------------------------------------------------------------------
setup violation count 0

==========================================================================
resizer hold_violation_count
--------------------------------------------------------------------------
hold violation count 0

==========================================================================
resizer report_checks -path_delay max reg to reg
--------------------------------------------------------------------------
Startpoint: dpath.a_reg.out[11]$_DFFE_PP_
            (rising edge-triggered flip-flop clocked by core_clock)
Endpoint: dpath.b_reg.out[14]$_DFFE_PP_
          (rising edge-triggered flip-flop clocked by core_clock)
Path Group: core_clock
Path Type: max

  Delay    Time   Description
---------------------------------------------------------
   0.00    0.00   clock core_clock (rise edge)
   0.23    0.23   clock network delay (ideal)
   0.00    0.23 ^ dpath.a_reg.out[11]$_DFFE_PP_/CLK (sky130_fd_sc_hs__edfxtp_1)
   0.21    0.44 ^ dpath.a_reg.out[11]$_DFFE_PP_/Q (sky130_fd_sc_hs__edfxtp_1)
   0.16    0.60 ^ _409_/Y (sky130_fd_sc_hs__nand2b_1)
   0.14    0.73 ^ _410_/X (sky130_fd_sc_hs__and2_2)
   0.08    0.81 v _451_/Y (sky130_fd_sc_hs__nand2_2)
   0.12    0.94 ^ _453_/Y (sky130_fd_sc_hs__nor2_2)
   0.13    1.07 ^ _457_/X (sky130_fd_sc_hs__and2_2)
   0.04    1.10 v _458_/Y (sky130_fd_sc_hs__nand2_8)
   0.04    1.14 ^ _581_/Y (sky130_fd_sc_hs__nand2_2)
   0.05    1.19 v _640_/Y (sky130_fd_sc_hs__o21ai_1)
   0.16    1.35 v place70/X (sky130_fd_sc_hs__buf_2)
   0.00    1.35 v dpath.b_reg.out[14]$_DFFE_PP_/DE (sky130_fd_sc_hs__edfxtp_1)
           1.35   data arrival time

   1.75    1.75   clock core_clock (rise edge)
   0.23    1.99   clock network delay (ideal)
   0.00    1.99   clock reconvergence pessimism
           1.99 ^ dpath.b_reg.out[14]$_DFFE_PP_/CLK (sky130_fd_sc_hs__edfxtp_1)
  -0.60    1.39   library setup time
           1.39   data required time
---------------------------------------------------------
           1.39   data required time
          -1.35   data arrival time
---------------------------------------------------------
           0.04   slack (MET)



==========================================================================
resizer report_checks -path_delay min reg to reg
--------------------------------------------------------------------------
Startpoint: ctrl.state.out[1]$_DFF_P_
            (rising edge-triggered flip-flop clocked by core_clock)
Endpoint: ctrl.state.out[1]$_DFF_P_
          (rising edge-triggered flip-flop clocked by core_clock)
Path Group: core_clock
Path Type: min

  Delay    Time   Description
---------------------------------------------------------
   0.00    0.00   clock core_clock (rise edge)
   0.23    0.23   clock network delay (ideal)
   0.00    0.23 ^ ctrl.state.out[1]$_DFF_P_/CLK (sky130_fd_sc_hs__dfxtp_1)
   0.18    0.42 ^ ctrl.state.out[1]$_DFF_P_/Q (sky130_fd_sc_hs__dfxtp_1)
   0.04    0.46 v _635_/Y (sky130_fd_sc_hs__nand2_1)
   0.04    0.49 ^ _636_/Y (sky130_fd_sc_hs__o31ai_1)
   0.00    0.49 ^ ctrl.state.out[1]$_DFF_P_/D (sky130_fd_sc_hs__dfxtp_1)
           0.49   data arrival time

   0.00    0.00   clock core_clock (rise edge)
   0.23    0.23   clock network delay (ideal)
   0.00    0.23   clock reconvergence pessimism
           0.23 ^ ctrl.state.out[1]$_DFF_P_/CLK (sky130_fd_sc_hs__dfxtp_1)
   0.01    0.24   library hold time
           0.24   data required time
---------------------------------------------------------
           0.24   data required time
          -0.49   data arrival time
---------------------------------------------------------
           0.25   slack (MET)



==========================================================================
resizer critical path target clock latency max path
--------------------------------------------------------------------------
0.2350

==========================================================================
resizer critical path target clock latency min path
--------------------------------------------------------------------------
0.2350

==========================================================================
resizer critical path source clock latency min path
--------------------------------------------------------------------------
0.2350

==========================================================================
resizer critical path delay
--------------------------------------------------------------------------
1.3524

==========================================================================
resizer critical path slack
--------------------------------------------------------------------------
0.0361

==========================================================================
resizer slack div critical path delay
--------------------------------------------------------------------------
2.669329

==========================================================================
resizer report_power
--------------------------------------------------------------------------
Group                  Internal  Switching    Leakage      Total
                          Power      Power      Power      Power (Watts)
----------------------------------------------------------------
Sequential             1.35e-03   1.13e-04   4.70e-08   1.46e-03  39.5%
Combinational          1.30e-03   9.31e-04   3.99e-08   2.23e-03  60.5%
Clock                  0.00e+00   0.00e+00   0.00e+00   0.00e+00   0.0%
Macro                  0.00e+00   0.00e+00   0.00e+00   0.00e+00   0.0%
Pad                    0.00e+00   0.00e+00   0.00e+00   0.00e+00   0.0%
----------------------------------------------------------------
Total                  2.65e-03   1.04e-03   8.69e-08   3.70e-03 100.0%
                          71.8%      28.2%       0.0%
