make: Entering directory '/root/OpenROAD-flow-scripts/flow'
./logs/sky130hd/chia_sha256_benchmark_corrupted/slot1
Log                       Ext     Elapsed/s Peak Memory/MB sha1sum result [0:20)
1_1_yosys_canonicalize    .rtlil          0             61 f3d5bb585136679b4dd0
1_2_yosys                 .v             14            109 adc387379b271f3fa690
1_2_yosys                 .sdc                             f9dc497e6854f4e7f475
1_synth                   .odb            0            164 8aa68d7a1037e1458e30
1_synth                   .sdc                             a2e3d96da30ebd1501e9
2_1_floorplan             .odb           28            201 df4abb1db14a1b37754a
2_1_floorplan             .sdc                             a2e3d96da30ebd1501e9
2_2_floorplan_macro       .odb            0            147 df4abb1db14a1b37754a
2_3_floorplan_tapcell     .odb            0            140 4bd68151db102a3416c8
2_4_floorplan_pdn         .odb            0            169 96bf9c864fd999b419ca
3_1_place_gp_skip_io      .odb            2            176 af1ed40830ed38131a6c
3_2_place_iop             .odb            0            156 4011cff80e992d93806e
3_3_place_gp              .odb           31            413 0aa25405053866701edc
3_4_place_resized         .odb           31            226 3c58e74b4193d518a2d8
3_5_place_dp              .odb            7            249 4f65715de484412f8311
4_1_cts                   .odb           84            366 c01afc55b5bd39d7ad70
5_1_grt                   .odb          332            626 93ac530dab8ef3693e02
5_1_grt                   .sdc                             646b2646a9173099ca9a
5_2_route                 .odb         3252           1627 3e589459950f057c3533
5_3_fillcell              .odb            0            234 bc8b10459280ad8d4f0c
6_1_fill                  .odb            0            192 bc8b10459280ad8d4f0c
6_1_fill                  .sdc                             646b2646a9173099ca9a
6_1_merge                                 1            532                  N/A
6_report                                 17            560                  N/A
Total                                  3799           1627                     
mkdir -p ./reports/sky130hd/chia_sha256_benchmark_corrupted/slot1
echo /root/chia-orfs/rtl_to_gds_designs/sky130hd/chia_sha256_benchmark_corrupted > ./reports/sky130hd/chia_sha256_benchmark_corrupted/slot1/design-dir.txt
/opt/miniconda/envs/chia_env/bin/python3 /root/OpenROAD-flow-scripts/flow/util/genMetrics.py -d chia_sha256_benchmark_corrupted \
    -p sky130hd \
    -v slot1 \
    --logs ./logs/sky130hd/chia_sha256_benchmark_corrupted/slot1 \
    --reports ./reports/sky130hd/chia_sha256_benchmark_corrupted/slot1 \
    --results ./results/sky130hd/chia_sha256_benchmark_corrupted/slot1 \
    -o ./reports/sky130hd/chia_sha256_benchmark_corrupted/slot1/metadata.json 2>&1 \
    | tee /root/OpenROAD-flow-scripts/flow/reports/sky130hd/chia_sha256_benchmark_corrupted/slot1/metadata-generate.log
[WARN] not a git repo: /root/OpenROAD-flow-scripts/flow/util/../
[WARN] not a git repo: /root/OpenROAD-flow-scripts/flow/platforms/sky130hd
[WARN] Tag globalroute__timing__clock__slack not found in ./logs/sky130hd/chia_sha256_benchmark_corrupted/slot1/5_1_grt.log. Will use N/A.
[WARN] Overwriting Tag synth__runtime__total
[WARN] Overwriting Tag synth__cpu__total
[WARN] Overwriting Tag synth__mem__peak
[WARN] Overwriting Tag finish__runtime__total
[WARN] Overwriting Tag finish__cpu__total
[WARN] Overwriting Tag finish__mem__peak
/opt/miniconda/envs/chia_env/bin/python3 /root/OpenROAD-flow-scripts/flow/util/checkMetadata.py \
    -m ./reports/sky130hd/chia_sha256_benchmark_corrupted/slot1/metadata.json \
    -r /root/chia-orfs/rtl_to_gds_designs/sky130hd/chia_sha256_benchmark_corrupted/rules-slot1.json 2>&1 \
    | tee /root/OpenROAD-flow-scripts/flow/reports/sky130hd/chia_sha256_benchmark_corrupted/slot1/metadata-check.log
[WARN] File /root/chia-orfs/rtl_to_gds_designs/sky130hd/chia_sha256_benchmark_corrupted/rules-slot1.json not found
No rules
make: Leaving directory '/root/OpenROAD-flow-scripts/flow'

STDERR:
bash: /opt/miniconda/lib/libtinfo.so.6: no version information available (required by bash)
bash: /opt/miniconda/lib/libtinfo.so.6: no version information available (required by bash)
bash: /opt/miniconda/lib/libtinfo.so.6: no version information available (required by bash)
bash: /opt/miniconda/lib/libtinfo.so.6: no version information available (required by bash)
bash: /opt/miniconda/lib/libtinfo.so.6: no version information available (required by bash)
bash: /opt/miniconda/lib/libtinfo.so.6: no version information available (required by bash)
bash: /opt/miniconda/lib/libtinfo.so.6: no version information available (required by bash)
bash: /opt/miniconda/lib/libtinfo.so.6: no version information available (required by bash)
bash: /opt/miniconda/lib/libtinfo.so.6: no version information available (required by bash)
bash: /opt/miniconda/lib/libtinfo.so.6: no version information available (required by bash)
bash: /opt/miniconda/lib/libtinfo.so.6: no version information available (required by bash)
bash: /opt/miniconda/lib/libtinfo.so.6: no version information available (required by bash)
bash: /opt/miniconda/lib/libtinfo.so.6: no version information available (required by bash)
bash: /opt/miniconda/lib/libtinfo.so.6: no version information available (required by bash)
bash: /opt/miniconda/lib/libtinfo.so.6: no version information available (required by bash)
bash: /opt/miniconda/lib/libtinfo.so.6: no version information available (required by bash)
bash: /opt/miniconda/lib/libtinfo.so.6: no version information available (required by bash)
bash: /opt/miniconda/lib/libtinfo.so.6: no version information available (required by bash)
bash: /opt/miniconda/lib/libtinfo.so.6: no version information available (required by bash)
bash: /opt/miniconda/lib/libtinfo.so.6: no version information available (required by bash)
bash: /opt/miniconda/lib/libtinfo.so.6: no version information available (required by bash)
bash: /opt/miniconda/lib/libtinfo.so.6: no version information available (required by bash)
bash: /opt/miniconda/lib/libtinfo.so.6: no version information available (required by bash)
bash: /opt/miniconda/lib/libtinfo.so.6: no version information available (required by bash)
bash: /opt/miniconda/lib/libtinfo.so.6: no version information available (required by bash)
bash: /opt/miniconda/lib/libtinfo.so.6: no version information available (required by bash)
bash: /opt/miniconda/lib/libtinfo.so.6: no version information available (required by bash)
bash: /opt/miniconda/lib/libtinfo.so.6: no version information available (required by bash)
bash: /opt/miniconda/lib/libtinfo.so.6: no version information available (required by bash)
bash: /opt/miniconda/lib/libtinfo.so.6: no version information available (required by bash)
bash: /opt/miniconda/lib/libtinfo.so.6: no version information available (required by bash)
bash: /opt/miniconda/lib/libtinfo.so.6: no version information available (required by bash)
bash: /opt/miniconda/lib/libtinfo.so.6: no version information available (required by bash)
bash: /opt/miniconda/lib/libtinfo.so.6: no version information available (required by bash)
bash: /opt/miniconda/lib/libtinfo.so.6: no version information available (required by bash)
bash: /opt/miniconda/lib/libtinfo.so.6: no version information available (required by bash)
bash: /opt/miniconda/lib/libtinfo.so.6: no version information available (required by bash)
bash: /opt/miniconda/lib/libtinfo.so.6: no version information available (required by bash)
bash: /opt/miniconda/lib/libtinfo.so.6: no version information available (required by bash)
make: *** [/root/OpenROAD-flow-scripts/flow/util/utils.mk:36: metadata-check] Error 1
