make: Entering directory '/root/OpenROAD-flow-scripts/flow'
./logs/sky130hd/chia_sha256_benchmark_corrupted/slot0
Log                       Ext     Elapsed/s Peak Memory/MB sha1sum result [0:20)
1_1_yosys_canonicalize    .rtlil          0             61 f3d5bb585136679b4dd0
1_2_yosys                 .v             14            110 adc387379b271f3fa690
1_2_yosys                 .sdc                             d994ccf4591c36c3cf01
1_synth                   .odb            0            164 8aa68d7a1037e1458e30
1_synth                   .sdc                             c6a9cbf95dcafd36e04a
2_1_floorplan             .odb           16            201 f538839a38473ef61ff6
2_1_floorplan             .sdc                             c6a9cbf95dcafd36e04a
2_2_floorplan_macro       .odb            0            147 f538839a38473ef61ff6
2_3_floorplan_tapcell     .odb            0            140 b9c7c6ede1bce5a07900
2_4_floorplan_pdn         .odb            0            163 40b51879dbaf29f75402
3_1_place_gp_skip_io      .odb            1            171 d5cb6d376b32face6ca0
3_2_place_iop             .odb            0            155 7426ad70d0d4cd263390
3_3_place_gp              .odb           19            395 ea1c0010143237db6802
3_4_place_resized         .odb           13            220 7331dd41793f09a96d1a
3_5_place_dp              .odb            7            236 b19c36d0d341e5823bd5
4_1_cts                   .odb           75            372 ca955e003529da51cfc4
5_1_grt                   .odb          321            590 51076a36d8c98fbb3cfa
5_1_grt                   .sdc                             fbd418ede1419026c9bf
5_2_route                 .odb         3818           1599 14dc89f278786061f850
5_3_fillcell              .odb            0            211 c1efd6ddb0dff6e6595e
6_1_fill                  .odb            0            179 c1efd6ddb0dff6e6595e
6_1_fill                  .sdc                             fbd418ede1419026c9bf
6_1_merge                                 1            516                  N/A
6_report                                 16            520                  N/A
Total                                  4301           1599                     
mkdir -p ./reports/sky130hd/chia_sha256_benchmark_corrupted/slot0
echo /root/chia-orfs/rtl_to_gds_designs/sky130hd/chia_sha256_benchmark_corrupted > ./reports/sky130hd/chia_sha256_benchmark_corrupted/slot0/design-dir.txt
/opt/miniconda/envs/chia_env/bin/python3 /root/OpenROAD-flow-scripts/flow/util/genMetrics.py -d chia_sha256_benchmark_corrupted \
    -p sky130hd \
    -v slot0 \
    --logs ./logs/sky130hd/chia_sha256_benchmark_corrupted/slot0 \
    --reports ./reports/sky130hd/chia_sha256_benchmark_corrupted/slot0 \
    --results ./results/sky130hd/chia_sha256_benchmark_corrupted/slot0 \
    -o ./reports/sky130hd/chia_sha256_benchmark_corrupted/slot0/metadata.json 2>&1 \
    | tee /root/OpenROAD-flow-scripts/flow/reports/sky130hd/chia_sha256_benchmark_corrupted/slot0/metadata-generate.log
[WARN] not a git repo: /root/OpenROAD-flow-scripts/flow/util/../
[WARN] not a git repo: /root/OpenROAD-flow-scripts/flow/platforms/sky130hd
[WARN] Tag globalroute__timing__clock__slack not found in ./logs/sky130hd/chia_sha256_benchmark_corrupted/slot0/5_1_grt.log. Will use N/A.
[WARN] Overwriting Tag synth__runtime__total
[WARN] Overwriting Tag synth__cpu__total
[WARN] Overwriting Tag synth__mem__peak
[WARN] Overwriting Tag finish__runtime__total
[WARN] Overwriting Tag finish__cpu__total
[WARN] Overwriting Tag finish__mem__peak
/opt/miniconda/envs/chia_env/bin/python3 /root/OpenROAD-flow-scripts/flow/util/checkMetadata.py \
    -m ./reports/sky130hd/chia_sha256_benchmark_corrupted/slot0/metadata.json \
    -r /root/chia-orfs/rtl_to_gds_designs/sky130hd/chia_sha256_benchmark_corrupted/rules-slot0.json 2>&1 \
    | tee /root/OpenROAD-flow-scripts/flow/reports/sky130hd/chia_sha256_benchmark_corrupted/slot0/metadata-check.log
[WARN] File /root/chia-orfs/rtl_to_gds_designs/sky130hd/chia_sha256_benchmark_corrupted/rules-slot0.json not found
No rules
make: Leaving directory '/root/OpenROAD-flow-scripts/flow'

STDERR:
bash: /opt/miniconda/lib/libtinfo.so.6: no version information available (required by bash)
bash: /opt/miniconda/lib/libtinfo.so.6: no version information available (required by bash)
bash: /opt/miniconda/lib/libtinfo.so.6: no version information available (required by bash)
bash: /opt/miniconda/lib/libtinfo.so.6: no version information available (required by bash)
bash: /opt/miniconda/lib/libtinfo.so.6: no version information available (required by bash)
bash: /opt/miniconda/lib/libtinfo.so.6: no version information available (required by bash)
bash: /opt/miniconda/lib/libtinfo.so.6: no version information available (required by bash)
bash: /opt/miniconda/lib/libtinfo.so.6: no version information available (required by bash)
bash: /opt/miniconda/lib/libtinfo.so.6: no version information available (required by bash)
bash: /opt/miniconda/lib/libtinfo.so.6: no version information available (required by bash)
bash: /opt/miniconda/lib/libtinfo.so.6: no version information available (required by bash)
bash: /opt/miniconda/lib/libtinfo.so.6: no version information available (required by bash)
bash: /opt/miniconda/lib/libtinfo.so.6: no version information available (required by bash)
bash: /opt/miniconda/lib/libtinfo.so.6: no version information available (required by bash)
bash: /opt/miniconda/lib/libtinfo.so.6: no version information available (required by bash)
bash: /opt/miniconda/lib/libtinfo.so.6: no version information available (required by bash)
bash: /opt/miniconda/lib/libtinfo.so.6: no version information available (required by bash)
bash: /opt/miniconda/lib/libtinfo.so.6: no version information available (required by bash)
bash: /opt/miniconda/lib/libtinfo.so.6: no version information available (required by bash)
bash: /opt/miniconda/lib/libtinfo.so.6: no version information available (required by bash)
bash: /opt/miniconda/lib/libtinfo.so.6: no version information available (required by bash)
bash: /opt/miniconda/lib/libtinfo.so.6: no version information available (required by bash)
bash: /opt/miniconda/lib/libtinfo.so.6: no version information available (required by bash)
bash: /opt/miniconda/lib/libtinfo.so.6: no version information available (required by bash)
bash: /opt/miniconda/lib/libtinfo.so.6: no version information available (required by bash)
bash: /opt/miniconda/lib/libtinfo.so.6: no version information available (required by bash)
bash: /opt/miniconda/lib/libtinfo.so.6: no version information available (required by bash)
bash: /opt/miniconda/lib/libtinfo.so.6: no version information available (required by bash)
bash: /opt/miniconda/lib/libtinfo.so.6: no version information available (required by bash)
bash: /opt/miniconda/lib/libtinfo.so.6: no version information available (required by bash)
bash: /opt/miniconda/lib/libtinfo.so.6: no version information available (required by bash)
bash: /opt/miniconda/lib/libtinfo.so.6: no version information available (required by bash)
bash: /opt/miniconda/lib/libtinfo.so.6: no version information available (required by bash)
bash: /opt/miniconda/lib/libtinfo.so.6: no version information available (required by bash)
bash: /opt/miniconda/lib/libtinfo.so.6: no version information available (required by bash)
bash: /opt/miniconda/lib/libtinfo.so.6: no version information available (required by bash)
bash: /opt/miniconda/lib/libtinfo.so.6: no version information available (required by bash)
bash: /opt/miniconda/lib/libtinfo.so.6: no version information available (required by bash)
bash: /opt/miniconda/lib/libtinfo.so.6: no version information available (required by bash)
make: *** [/root/OpenROAD-flow-scripts/flow/util/utils.mk:36: metadata-check] Error 1
