
==========================================================================
cts final report_tns
--------------------------------------------------------------------------
tns max 0.00

==========================================================================
cts final report_wns
--------------------------------------------------------------------------
wns max 0.00

==========================================================================
cts final report_worst_slack
--------------------------------------------------------------------------
worst slack max 0.26

==========================================================================
cts final report_clock_min_period
--------------------------------------------------------------------------
core_clock period_min = 13.49 fmax = 74.14
vclk period_min = 0.00 fmax = inf

==========================================================================
cts final report_clock_skew
--------------------------------------------------------------------------
Clock core_clock
   0.96 source latency W[854]$_DFFE_PN0P_/CLK ^
  -1.01 target latency a[28]$_DFFE_PN0P_/CLK ^
   0.00 CRPR
--------------
  -0.05 setup skew

Clock vclk
No launch/capture paths found.


==========================================================================
cts final report_checks -path_delay min
--------------------------------------------------------------------------
Startpoint: rst_n (input port clocked by vclk)
Endpoint: W[66]$_DFFE_PN0P_ (removal check against rising-edge clock core_clock)
Path Group: asynchronous
Path Type: min

Fanout     Cap    Slew   Delay    Time   Description
-----------------------------------------------------------------------------
                  0.00    0.00    0.00   clock vclk (rise edge)
                          0.00    0.00   clock network delay (ideal)
                          2.75    2.75 ^ input external delay
     1    0.02    0.00    0.00    2.75 ^ rst_n (in)
                                         rst_n (net)
                  0.00    0.00    2.75 ^ input514/A (sky130_fd_sc_hd__buf_16)
   116    0.74    0.75    0.45    3.20 ^ input514/X (sky130_fd_sc_hd__buf_16)
                                         net513 (net)
                  0.76    0.08    3.28 ^ W[66]$_DFFE_PN0P_/RESET_B (sky130_fd_sc_hd__dfrtp_1)
                                  3.28   data arrival time

                          0.00    0.00   clock core_clock (rise edge)
                          0.00    0.00   clock source latency
     1    0.13    0.00    0.00    0.00 ^ clk (in)
                                         clk (net)
                  0.01    0.00    0.00 ^ clkbuf_0_clk/A (sky130_fd_sc_hd__clkbuf_16)
     4    0.20    0.21    0.24    0.24 ^ clkbuf_0_clk/X (sky130_fd_sc_hd__clkbuf_16)
                                         clknet_0_clk (net)
                  0.21    0.01    0.25 ^ clkbuf_2_2_0_clk/A (sky130_fd_sc_hd__clkbuf_16)
     8    0.18    0.19    0.29    0.54 ^ clkbuf_2_2_0_clk/X (sky130_fd_sc_hd__clkbuf_16)
                                         clknet_2_2_0_clk (net)
                  0.19    0.01    0.55 ^ clkbuf_5_21__f_clk/A (sky130_fd_sc_hd__clkbuf_16)
     9    0.14    0.15    0.26    0.81 ^ clkbuf_5_21__f_clk/X (sky130_fd_sc_hd__clkbuf_16)
                                         clknet_5_21__leaf_clk (net)
                  0.15    0.00    0.82 ^ clkbuf_leaf_190_clk/A (sky130_fd_sc_hd__clkbuf_16)
     9    0.04    0.06    0.18    1.00 ^ clkbuf_leaf_190_clk/X (sky130_fd_sc_hd__clkbuf_16)
                                         clknet_leaf_190_clk (net)
                  0.06    0.00    1.00 ^ W[66]$_DFFE_PN0P_/CLK (sky130_fd_sc_hd__dfrtp_1)
                          0.00    1.00   clock reconvergence pessimism
                          0.52    1.52   library removal time
                                  1.52   data required time
-----------------------------------------------------------------------------
                                  1.52   data required time
                                 -3.28   data arrival time
-----------------------------------------------------------------------------
                                  1.76   slack (MET)


Startpoint: digest[141]$_DFFE_PN0P_
            (rising edge-triggered flip-flop clocked by core_clock)
Endpoint: digest[141]$_DFFE_PN0P_
          (rising edge-triggered flip-flop clocked by core_clock)
Path Group: core_clock
Path Type: min

Fanout     Cap    Slew   Delay    Time   Description
-----------------------------------------------------------------------------
                          0.00    0.00   clock core_clock (rise edge)
                          0.00    0.00   clock source latency
     1    0.13    0.00    0.00    0.00 ^ clk (in)
                                         clk (net)
                  0.01    0.00    0.00 ^ clkbuf_0_clk/A (sky130_fd_sc_hd__clkbuf_16)
     4    0.20    0.21    0.24    0.24 ^ clkbuf_0_clk/X (sky130_fd_sc_hd__clkbuf_16)
                                         clknet_0_clk (net)
                  0.21    0.01    0.25 ^ clkbuf_2_1_0_clk/A (sky130_fd_sc_hd__clkbuf_16)
     8    0.19    0.20    0.30    0.55 ^ clkbuf_2_1_0_clk/X (sky130_fd_sc_hd__clkbuf_16)
                                         clknet_2_1_0_clk (net)
                  0.20    0.00    0.56 ^ clkbuf_5_14__f_clk/A (sky130_fd_sc_hd__clkbuf_16)
    10    0.14    0.15    0.27    0.83 ^ clkbuf_5_14__f_clk/X (sky130_fd_sc_hd__clkbuf_16)
                                         clknet_5_14__leaf_clk (net)
                  0.15    0.00    0.83 ^ clkbuf_leaf_78_clk/A (sky130_fd_sc_hd__clkbuf_16)
     9    0.03    0.05    0.17    1.00 ^ clkbuf_leaf_78_clk/X (sky130_fd_sc_hd__clkbuf_16)
                                         clknet_leaf_78_clk (net)
                  0.05    0.00    1.00 ^ digest[141]$_DFFE_PN0P_/CLK (sky130_fd_sc_hd__dfrtp_1)
     2    0.01    0.07    0.34    1.35 ^ digest[141]$_DFFE_PN0P_/Q (sky130_fd_sc_hd__dfrtp_1)
                                         net561 (net)
                  0.07    0.00    1.35 ^ _18507_/A (sky130_fd_sc_hd__nand2_1)
     1    0.00    0.03    0.05    1.40 v _18507_/Y (sky130_fd_sc_hd__nand2_1)
                                         _04742_ (net)
                  0.03    0.00    1.40 v _18511_/A (sky130_fd_sc_hd__nand2_1)
     1    0.00    0.04    0.05    1.45 ^ _18511_/Y (sky130_fd_sc_hd__nand2_1)
                                         _00881_ (net)
                  0.04    0.00    1.45 ^ digest[141]$_DFFE_PN0P_/D (sky130_fd_sc_hd__dfrtp_1)
                                  1.45   data arrival time

                          0.00    0.00   clock core_clock (rise edge)
                          0.00    0.00   clock source latency
     1    0.13    0.00    0.00    0.00 ^ clk (in)
                                         clk (net)
                  0.01    0.00    0.00 ^ clkbuf_0_clk/A (sky130_fd_sc_hd__clkbuf_16)
     4    0.20    0.21    0.24    0.24 ^ clkbuf_0_clk/X (sky130_fd_sc_hd__clkbuf_16)
                                         clknet_0_clk (net)
                  0.21    0.01    0.25 ^ clkbuf_2_1_0_clk/A (sky130_fd_sc_hd__clkbuf_16)
     8    0.19    0.20    0.30    0.55 ^ clkbuf_2_1_0_clk/X (sky130_fd_sc_hd__clkbuf_16)
                                         clknet_2_1_0_clk (net)
                  0.20    0.00    0.56 ^ clkbuf_5_14__f_clk/A (sky130_fd_sc_hd__clkbuf_16)
    10    0.14    0.15    0.27    0.83 ^ clkbuf_5_14__f_clk/X (sky130_fd_sc_hd__clkbuf_16)
                                         clknet_5_14__leaf_clk (net)
                  0.15    0.00    0.83 ^ clkbuf_leaf_78_clk/A (sky130_fd_sc_hd__clkbuf_16)
     9    0.03    0.05    0.17    1.00 ^ clkbuf_leaf_78_clk/X (sky130_fd_sc_hd__clkbuf_16)
                                         clknet_leaf_78_clk (net)
                  0.05    0.00    1.00 ^ digest[141]$_DFFE_PN0P_/CLK (sky130_fd_sc_hd__dfrtp_1)
                          0.00    1.00   clock reconvergence pessimism
                         -0.03    0.97   library hold time
                                  0.97   data required time
-----------------------------------------------------------------------------
                                  0.97   data required time
                                 -1.45   data arrival time
-----------------------------------------------------------------------------
                                  0.48   slack (MET)


Startpoint: digest[87]$_DFFE_PN0P_
            (rising edge-triggered flip-flop clocked by core_clock)
Endpoint: digest[87] (output port clocked by vclk)
Path Group: vclk
Path Type: min

Fanout     Cap    Slew   Delay    Time   Description
-----------------------------------------------------------------------------
                          0.00    0.00   clock core_clock (rise edge)
                          0.00    0.00   clock source latency
     1    0.13    0.00    0.00    0.00 ^ clk (in)
                                         clk (net)
                  0.01    0.00    0.00 ^ clkbuf_0_clk/A (sky130_fd_sc_hd__clkbuf_16)
     4    0.20    0.21    0.24    0.24 ^ clkbuf_0_clk/X (sky130_fd_sc_hd__clkbuf_16)
                                         clknet_0_clk (net)
                  0.21    0.01    0.25 ^ clkbuf_2_3_0_clk/A (sky130_fd_sc_hd__clkbuf_16)
     8    0.18    0.19    0.29    0.54 ^ clkbuf_2_3_0_clk/X (sky130_fd_sc_hd__clkbuf_16)
                                         clknet_2_3_0_clk (net)
                  0.19    0.00    0.55 ^ clkbuf_5_27__f_clk/A (sky130_fd_sc_hd__clkbuf_16)
     9    0.14    0.15    0.26    0.81 ^ clkbuf_5_27__f_clk/X (sky130_fd_sc_hd__clkbuf_16)
                                         clknet_5_27__leaf_clk (net)
                  0.15    0.00    0.81 ^ clkbuf_leaf_108_clk/A (sky130_fd_sc_hd__clkbuf_16)
    11    0.03    0.06    0.18    0.99 ^ clkbuf_leaf_108_clk/X (sky130_fd_sc_hd__clkbuf_16)
                                         clknet_leaf_108_clk (net)
                  0.06    0.00    0.99 ^ digest[87]$_DFFE_PN0P_/CLK (sky130_fd_sc_hd__dfrtp_1)
     2    0.01    0.06    0.38    1.37 v digest[87]$_DFFE_PN0P_/Q (sky130_fd_sc_hd__dfrtp_1)
                                         net756 (net)
                  0.06    0.00    1.37 v output757/A (sky130_fd_sc_hd__clkdlybuf4s50_1)
     1    0.00    0.03    0.40    1.76 v output757/X (sky130_fd_sc_hd__clkdlybuf4s50_1)
                                         digest[87] (net)
                  0.03    0.00    1.76 v digest[87] (out)
                                  1.76   data arrival time

                  0.00    0.00    0.00   clock vclk (rise edge)
                          0.00    0.00   clock network delay (ideal)
                          0.00    0.00   clock reconvergence pessimism
                         -2.75   -2.75   output external delay
                                 -2.75   data required time
-----------------------------------------------------------------------------
                                 -2.75   data required time
                                 -1.76   data arrival time
-----------------------------------------------------------------------------
                                  4.51   slack (MET)



==========================================================================
cts final report_checks -path_delay max
--------------------------------------------------------------------------
Startpoint: rst_n (input port clocked by vclk)
Endpoint: W[2016]$_DFFE_PN0P_
          (recovery check against rising-edge clock core_clock)
Path Group: asynchronous
Path Type: max

Fanout     Cap    Slew   Delay    Time   Description
-----------------------------------------------------------------------------
                  0.00    0.00    0.00   clock vclk (rise edge)
                          0.00    0.00   clock network delay (ideal)
                          2.75    2.75 ^ input external delay
     1    0.02    0.00    0.00    2.75 ^ rst_n (in)
                                         rst_n (net)
                  0.00    0.00    2.75 ^ input514/A (sky130_fd_sc_hd__buf_16)
   116    0.74    0.75    0.45    3.20 ^ input514/X (sky130_fd_sc_hd__buf_16)
                                         net513 (net)
                  0.78    0.13    3.32 ^ place3191/A (sky130_fd_sc_hd__buf_4)
    51    0.29    0.77    0.75    4.08 ^ place3191/X (sky130_fd_sc_hd__buf_4)
                                         net3190 (net)
                  0.77    0.02    4.10 ^ place3190/A (sky130_fd_sc_hd__buf_4)
    50    0.27    0.73    0.72    4.82 ^ place3190/X (sky130_fd_sc_hd__buf_4)
                                         net3189 (net)
                  0.73    0.02    4.84 ^ place3189/A (sky130_fd_sc_hd__buf_4)
    72    0.36    0.97    0.90    5.74 ^ place3189/X (sky130_fd_sc_hd__buf_4)
                                         net3188 (net)
                  0.97    0.01    5.75 ^ W[2016]$_DFFE_PN0P_/RESET_B (sky130_fd_sc_hd__dfrtp_1)
                                  5.75   data arrival time

                         13.75   13.75   clock core_clock (rise edge)
                          0.00   13.75   clock source latency
     1    0.13    0.00    0.00   13.75 ^ clk (in)
                                         clk (net)
                  0.01    0.00   13.75 ^ clkbuf_0_clk/A (sky130_fd_sc_hd__clkbuf_16)
     4    0.20    0.21    0.24   13.99 ^ clkbuf_0_clk/X (sky130_fd_sc_hd__clkbuf_16)
                                         clknet_0_clk (net)
                  0.21    0.01   14.00 ^ clkbuf_2_3_0_clk/A (sky130_fd_sc_hd__clkbuf_16)
     8    0.18    0.19    0.29   14.29 ^ clkbuf_2_3_0_clk/X (sky130_fd_sc_hd__clkbuf_16)
                                         clknet_2_3_0_clk (net)
                  0.19    0.00   14.30 ^ clkbuf_5_31__f_clk/A (sky130_fd_sc_hd__clkbuf_16)
    11    0.15    0.16    0.27   14.56 ^ clkbuf_5_31__f_clk/X (sky130_fd_sc_hd__clkbuf_16)
                                         clknet_5_31__leaf_clk (net)
                  0.16    0.00   14.57 ^ clkbuf_leaf_127_clk/A (sky130_fd_sc_hd__clkbuf_16)
    10    0.04    0.06    0.18   14.75 ^ clkbuf_leaf_127_clk/X (sky130_fd_sc_hd__clkbuf_16)
                                         clknet_leaf_127_clk (net)
                  0.06    0.00   14.75 ^ W[2016]$_DFFE_PN0P_/CLK (sky130_fd_sc_hd__dfrtp_1)
                          0.00   14.75   clock reconvergence pessimism
                         -0.01   14.74   library recovery time
                                 14.74   data required time
-----------------------------------------------------------------------------
                                 14.74   data required time
                                 -5.75   data arrival time
-----------------------------------------------------------------------------
                                  8.99   slack (MET)


Startpoint: round[1]$_DFFE_PN0P_
            (rising edge-triggered flip-flop clocked by core_clock)
Endpoint: digest[255]$_DFFE_PN0P_
          (rising edge-triggered flip-flop clocked by core_clock)
Path Group: core_clock
Path Type: max

Fanout     Cap    Slew   Delay    Time   Description
-----------------------------------------------------------------------------
                          0.00    0.00   clock core_clock (rise edge)
                          0.00    0.00   clock source latency
     1    0.13    0.00    0.00    0.00 ^ clk (in)
                                         clk (net)
                  0.01    0.00    0.00 ^ clkbuf_0_clk/A (sky130_fd_sc_hd__clkbuf_16)
     4    0.20    0.21    0.24    0.24 ^ clkbuf_0_clk/X (sky130_fd_sc_hd__clkbuf_16)
                                         clknet_0_clk (net)
                  0.21    0.01    0.25 ^ clkbuf_2_0_0_clk/A (sky130_fd_sc_hd__clkbuf_16)
     8    0.18    0.19    0.29    0.54 ^ clkbuf_2_0_0_clk/X (sky130_fd_sc_hd__clkbuf_16)
                                         clknet_2_0_0_clk (net)
                  0.19    0.00    0.55 ^ clkbuf_5_7__f_clk/A (sky130_fd_sc_hd__clkbuf_16)
     9    0.13    0.14    0.25    0.80 ^ clkbuf_5_7__f_clk/X (sky130_fd_sc_hd__clkbuf_16)
                                         clknet_5_7__leaf_clk (net)
                  0.14    0.00    0.80 ^ clkbuf_leaf_31_clk/A (sky130_fd_sc_hd__clkbuf_16)
     8    0.04    0.06    0.18    0.98 ^ clkbuf_leaf_31_clk/X (sky130_fd_sc_hd__clkbuf_16)
                                         clknet_leaf_31_clk (net)
                  0.06    0.00    0.98 ^ round[1]$_DFFE_PN0P_/CLK (sky130_fd_sc_hd__dfrtp_4)
     2    0.01    0.06    0.48    1.45 v round[1]$_DFFE_PN0P_/Q (sky130_fd_sc_hd__dfrtp_4)
                                         round[1] (net)
                  0.06    0.00    1.45 v place3054/A (sky130_fd_sc_hd__buf_4)
     7    0.05    0.08    0.20    1.65 v place3054/X (sky130_fd_sc_hd__buf_4)
                                         net3053 (net)
                  0.08    0.00    1.65 v _25477_/A (sky130_fd_sc_hd__ha_4)
     4    0.06    0.17    0.38    2.03 ^ _25477_/SUM (sky130_fd_sc_hd__ha_4)
                                         _00526_ (net)
                  0.17    0.00    2.03 ^ rebuffer3196/A (sky130_fd_sc_hd__buf_12)
     2    0.05    0.07    0.15    2.18 ^ rebuffer3196/X (sky130_fd_sc_hd__buf_12)
                                         net3195 (net)
                  0.07    0.01    2.19 ^ place2955/A (sky130_fd_sc_hd__buf_12)
    10    0.10    0.12    0.16    2.35 ^ place2955/X (sky130_fd_sc_hd__buf_12)
                                         net2954 (net)
                  0.12    0.01    2.36 ^ place2947/A (sky130_fd_sc_hd__buf_12)
    17    0.13    0.15    0.20    2.56 ^ place2947/X (sky130_fd_sc_hd__buf_12)
                                         net2946 (net)
                  0.15    0.00    2.57 ^ place2943/A (sky130_fd_sc_hd__buf_12)
    22    0.19    0.21    0.25    2.82 ^ place2943/X (sky130_fd_sc_hd__buf_12)
                                         net2942 (net)
                  0.22    0.00    2.82 ^ _16361_/S0 (sky130_fd_sc_hd__mux4_2)
     1    0.00    0.08    0.53    3.35 v _16361_/X (sky130_fd_sc_hd__mux4_2)
                                         _12337_ (net)
                  0.08    0.00    3.35 v _16362_/A1 (sky130_fd_sc_hd__mux2i_1)
     2    0.01    0.18    0.19    3.54 ^ _16362_/Y (sky130_fd_sc_hd__mux2i_1)
                                         _12338_ (net)
                  0.18    0.00    3.54 ^ _24964_/A3 (sky130_fd_sc_hd__mux4_2)
     1    0.02    0.11    0.32    3.86 ^ _24964_/X (sky130_fd_sc_hd__mux4_2)
                                         _08914_ (net)
                  0.11    0.00    3.86 ^ _24965_/A1 (sky130_fd_sc_hd__mux2i_1)
     2    0.01    0.14    0.14    4.00 v _24965_/Y (sky130_fd_sc_hd__mux2i_1)
                                         _08915_ (net)
                  0.14    0.00    4.00 v _25009_/A (sky130_fd_sc_hd__xnor2_1)
     1    0.01    0.19    0.24    4.24 ^ _25009_/Y (sky130_fd_sc_hd__xnor2_1)
                                         _08942_ (net)
                  0.19    0.00    4.24 ^ _25010_/B (sky130_fd_sc_hd__xnor2_1)
     1    0.01    0.10    0.12    4.36 v _25010_/Y (sky130_fd_sc_hd__xnor2_1)
                                         _00269_ (net)
                  0.10    0.00    4.36 v _25340_/A (sky130_fd_sc_hd__fa_1)
     1    0.01    0.09    0.46    4.82 v _25340_/COUT (sky130_fd_sc_hd__fa_1)
                                         _12832_ (net)
                  0.09    0.00    4.82 v _25373_/B (sky130_fd_sc_hd__fa_1)
     1    0.00    0.08    0.47    5.29 v _25373_/SUM (sky130_fd_sc_hd__fa_1)
                                         _12900_ (net)
                  0.08    0.00    5.29 v _25486_/A (sky130_fd_sc_hd__ha_1)
     2    0.01    0.09    0.26    5.55 v _25486_/COUT (sky130_fd_sc_hd__ha_1)
                                         _00310_ (net)
                  0.09    0.00    5.55 v _25359_/CIN (sky130_fd_sc_hd__fa_1)
     2    0.01    0.10    0.42    5.97 v _25359_/COUT (sky130_fd_sc_hd__fa_1)
                                         _00311_ (net)
                  0.10    0.00    5.97 v _13201_/A2 (sky130_fd_sc_hd__a21o_1)
     1    0.01    0.05    0.21    6.18 v _13201_/X (sky130_fd_sc_hd__a21o_1)
                                         _09316_ (net)
                  0.05    0.00    6.18 v _13202_/A2 (sky130_fd_sc_hd__a21oi_2)
     2    0.01    0.14    0.17    6.35 ^ _13202_/Y (sky130_fd_sc_hd__a21oi_2)
                                         _09317_ (net)
                  0.14    0.00    6.35 ^ _13205_/A2 (sky130_fd_sc_hd__o211ai_1)
     2    0.01    0.13    0.14    6.49 v _13205_/Y (sky130_fd_sc_hd__o211ai_1)
                                         _09320_ (net)
                  0.13    0.00    6.49 v place2539/A (sky130_fd_sc_hd__buf_4)
     1    0.00    0.03    0.16    6.65 v place2539/X (sky130_fd_sc_hd__buf_4)
                                         net2538 (net)
                  0.03    0.00    6.65 v _14234_/A2 (sky130_fd_sc_hd__a31o_2)
     1    0.00    0.04    0.22    6.87 v _14234_/X (sky130_fd_sc_hd__a31o_2)
                                         _10331_ (net)
                  0.04    0.00    6.87 v _14235_/A2 (sky130_fd_sc_hd__a21oi_1)
     1    0.01    0.15    0.17    7.04 ^ _14235_/Y (sky130_fd_sc_hd__a21oi_1)
                                         _10332_ (net)
                  0.15    0.00    7.04 ^ _14236_/B (sky130_fd_sc_hd__xnor2_1)
     1    0.01    0.08    0.11    7.15 v _14236_/Y (sky130_fd_sc_hd__xnor2_1)
                                         _10333_ (net)
                  0.08    0.00    7.15 v _14237_/A1 (sky130_fd_sc_hd__mux2i_4)
     2    0.03    0.30    0.27    7.43 ^ _14237_/Y (sky130_fd_sc_hd__mux2i_4)
                                         _10334_ (net)
                  0.30    0.00    7.43 ^ _14240_/A (sky130_fd_sc_hd__inv_1)
     1    0.01    0.09    0.11    7.54 v _14240_/Y (sky130_fd_sc_hd__inv_1)
                                         _00194_ (net)
                  0.09    0.00    7.54 v _25307_/CIN (sky130_fd_sc_hd__fa_1)
     1    0.01    0.11    0.49    8.03 v _25307_/SUM (sky130_fd_sc_hd__fa_1)
                                         _12767_ (net)
                  0.11    0.00    8.03 v _25279_/A (sky130_fd_sc_hd__fa_1)
     1    0.01    0.10    0.53    8.55 v _25279_/SUM (sky130_fd_sc_hd__fa_1)
                                         _12690_ (net)
                  0.10    0.00    8.55 v _25250_/A (sky130_fd_sc_hd__fa_1)
     1    0.00    0.09    0.50    9.05 v _25250_/SUM (sky130_fd_sc_hd__fa_1)
                                         _12693_ (net)
                  0.09    0.00    9.05 v _25528_/A (sky130_fd_sc_hd__ha_1)
     2    0.00    0.06    0.31    9.37 v _25528_/SUM (sky130_fd_sc_hd__ha_1)
                                         _00629_ (net)
                  0.06    0.00    9.37 v _15324_/D (sky130_fd_sc_hd__and4_1)
     2    0.01    0.06    0.22    9.59 v _15324_/X (sky130_fd_sc_hd__and4_1)
                                         _11369_ (net)
                  0.06    0.00    9.59 v _15328_/B2 (sky130_fd_sc_hd__a221oi_1)
     1    0.00    0.22    0.26    9.85 ^ _15328_/Y (sky130_fd_sc_hd__a221oi_1)
                                         _11373_ (net)
                  0.22    0.00    9.85 ^ _15329_/B1 (sky130_fd_sc_hd__o21ai_0)
     2    0.01    0.12    0.17   10.02 v _15329_/Y (sky130_fd_sc_hd__o21ai_0)
                                         _11374_ (net)
                  0.12    0.00   10.02 v _15330_/A (sky130_fd_sc_hd__nor2_1)
     2    0.01    0.23    0.24   10.25 ^ _15330_/Y (sky130_fd_sc_hd__nor2_1)
                                         _11375_ (net)
                  0.23    0.00   10.25 ^ _16533_/A (sky130_fd_sc_hd__nor2b_1)
     2    0.01    0.07    0.09   10.35 v _16533_/Y (sky130_fd_sc_hd__nor2b_1)
                                         _12490_ (net)
                  0.07    0.00   10.35 v _16534_/A2 (sky130_fd_sc_hd__o21a_1)
     1    0.00    0.03    0.17   10.52 v _16534_/X (sky130_fd_sc_hd__o21a_1)
                                         _12491_ (net)
                  0.03    0.00   10.52 v _16535_/B (sky130_fd_sc_hd__nor2_1)
     1    0.01    0.12    0.11   10.63 ^ _16535_/Y (sky130_fd_sc_hd__nor2_1)
                                         _12492_ (net)
                  0.12    0.00   10.63 ^ _16536_/B (sky130_fd_sc_hd__xnor2_1)
     1    0.01    0.11    0.13   10.76 v _16536_/Y (sky130_fd_sc_hd__xnor2_1)
                                         _00039_ (net)
                  0.11    0.00   10.76 v place2375/A (sky130_fd_sc_hd__buf_12)
     2    0.04    0.04    0.17   10.93 v place2375/X (sky130_fd_sc_hd__buf_12)
                                         net2374 (net)
                  0.04    0.01   10.93 v _25210_/A (sky130_fd_sc_hd__fa_1)
     1    0.01    0.10    0.51   11.44 v _25210_/SUM (sky130_fd_sc_hd__fa_1)
                                         _12582_ (net)
                  0.10    0.00   11.44 v _25406_/A (sky130_fd_sc_hd__ha_1)
     4    0.01    0.10    0.37   11.81 v _25406_/SUM (sky130_fd_sc_hd__ha_1)
                                         _00395_ (net)
                  0.10    0.00   11.81 v _17781_/A1 (sky130_fd_sc_hd__a21o_1)
     1    0.00    0.04    0.18   11.99 v _17781_/X (sky130_fd_sc_hd__a21o_1)
                                         _04129_ (net)
                  0.04    0.00   11.99 v _17782_/A2 (sky130_fd_sc_hd__a21oi_1)
     2    0.01    0.17    0.18   12.17 ^ _17782_/Y (sky130_fd_sc_hd__a21oi_1)
                                         _04130_ (net)
                  0.17    0.00   12.17 ^ _17786_/A2 (sky130_fd_sc_hd__o221ai_1)
     2    0.01    0.12    0.16   12.34 v _17786_/Y (sky130_fd_sc_hd__o221ai_1)
                                         _04134_ (net)
                  0.12    0.00   12.34 v _17788_/A (sky130_fd_sc_hd__and2_1)
     2    0.01    0.08    0.21   12.55 v _17788_/X (sky130_fd_sc_hd__and2_1)
                                         _04136_ (net)
                  0.08    0.00   12.55 v place2277/A (sky130_fd_sc_hd__buf_4)
     1    0.00    0.02    0.14   12.69 v place2277/X (sky130_fd_sc_hd__buf_4)
                                         net2276 (net)
                  0.02    0.00   12.69 v _17937_/A1 (sky130_fd_sc_hd__o21ba_2)
     1    0.01    0.04    0.21   12.89 v _17937_/X (sky130_fd_sc_hd__o21ba_2)
                                         _04285_ (net)
                  0.04    0.00   12.89 v _17939_/A3 (sky130_fd_sc_hd__o31ai_2)
     2    0.01    0.28    0.26   13.15 ^ _17939_/Y (sky130_fd_sc_hd__o31ai_2)
                                         _04287_ (net)
                  0.28    0.00   13.15 ^ _17949_/B (sky130_fd_sc_hd__nor3_1)
     2    0.01    0.10    0.12   13.27 v _17949_/Y (sky130_fd_sc_hd__nor3_1)
                                         _04297_ (net)
                  0.10    0.00   13.27 v _17950_/B (sky130_fd_sc_hd__and2_1)
     3    0.01    0.06    0.20   13.47 v _17950_/X (sky130_fd_sc_hd__and2_1)
                                         _04298_ (net)
                  0.06    0.00   13.47 v _17984_/A1 (sky130_fd_sc_hd__a21oi_1)
     1    0.00    0.14    0.15   13.62 ^ _17984_/Y (sky130_fd_sc_hd__a21oi_1)
                                         _04331_ (net)
                  0.14    0.00   13.62 ^ _17992_/A2 (sky130_fd_sc_hd__a21boi_0)
     1    0.00    0.10    0.12   13.74 v _17992_/Y (sky130_fd_sc_hd__a21boi_0)
                                         _04339_ (net)
                  0.10    0.00   13.74 v place2181/A (sky130_fd_sc_hd__buf_4)
     2    0.01    0.03    0.16   13.90 v place2181/X (sky130_fd_sc_hd__buf_4)
                                         net2180 (net)
                  0.03    0.00   13.90 v _25050_/C (sky130_fd_sc_hd__nor3_1)
     1    0.01    0.28    0.23   14.13 ^ _25050_/Y (sky130_fd_sc_hd__nor3_1)
                                         _08972_ (net)
                  0.28    0.00   14.13 ^ _25051_/B (sky130_fd_sc_hd__xnor2_1)
     1    0.00    0.12    0.16   14.29 ^ _25051_/Y (sky130_fd_sc_hd__xnor2_1)
                                         _08973_ (net)
                  0.12    0.00   14.29 ^ _25053_/A2 (sky130_fd_sc_hd__o21ai_1)
     1    0.00    0.11    0.07   14.36 v _25053_/Y (sky130_fd_sc_hd__o21ai_1)
                                         _03136_ (net)
                  0.11    0.00   14.36 v digest[255]$_DFFE_PN0P_/D (sky130_fd_sc_hd__dfrtp_1)
                                 14.36   data arrival time

                         13.75   13.75   clock core_clock (rise edge)
                          0.00   13.75   clock source latency
     1    0.13    0.00    0.00   13.75 ^ clk (in)
                                         clk (net)
                  0.01    0.00   13.75 ^ clkbuf_0_clk/A (sky130_fd_sc_hd__clkbuf_16)
     4    0.20    0.21    0.24   13.99 ^ clkbuf_0_clk/X (sky130_fd_sc_hd__clkbuf_16)
                                         clknet_0_clk (net)
                  0.21    0.01   14.00 ^ clkbuf_2_1_0_clk/A (sky130_fd_sc_hd__clkbuf_16)
     8    0.19    0.20    0.30   14.30 ^ clkbuf_2_1_0_clk/X (sky130_fd_sc_hd__clkbuf_16)
                                         clknet_2_1_0_clk (net)
                  0.20    0.00   14.31 ^ clkbuf_5_14__f_clk/A (sky130_fd_sc_hd__clkbuf_16)
    10    0.14    0.15    0.27   14.58 ^ clkbuf_5_14__f_clk/X (sky130_fd_sc_hd__clkbuf_16)
                                         clknet_5_14__leaf_clk (net)
                  0.15    0.00   14.58 ^ clkbuf_leaf_74_clk/A (sky130_fd_sc_hd__clkbuf_16)
    11    0.04    0.06    0.18   14.76 ^ clkbuf_leaf_74_clk/X (sky130_fd_sc_hd__clkbuf_16)
                                         clknet_leaf_74_clk (net)
                  0.06    0.00   14.76 ^ digest[255]$_DFFE_PN0P_/CLK (sky130_fd_sc_hd__dfrtp_1)
                          0.00   14.76   clock reconvergence pessimism
                         -0.14   14.62   library setup time
                                 14.62   data required time
-----------------------------------------------------------------------------
                                 14.62   data required time
                                -14.36   data arrival time
-----------------------------------------------------------------------------
                                  0.26   slack (MET)


Startpoint: digest[74]$_DFFE_PN0P_
            (rising edge-triggered flip-flop clocked by core_clock)
Endpoint: digest[74] (output port clocked by vclk)
Path Group: vclk
Path Type: max

Fanout     Cap    Slew   Delay    Time   Description
-----------------------------------------------------------------------------
                          0.00    0.00   clock core_clock (rise edge)
                          0.00    0.00   clock source latency
     1    0.13    0.00    0.00    0.00 ^ clk (in)
                                         clk (net)
                  0.01    0.00    0.00 ^ clkbuf_0_clk/A (sky130_fd_sc_hd__clkbuf_16)
     4    0.20    0.21    0.24    0.24 ^ clkbuf_0_clk/X (sky130_fd_sc_hd__clkbuf_16)
                                         clknet_0_clk (net)
                  0.21    0.01    0.25 ^ clkbuf_2_3_0_clk/A (sky130_fd_sc_hd__clkbuf_16)
     8    0.18    0.19    0.29    0.54 ^ clkbuf_2_3_0_clk/X (sky130_fd_sc_hd__clkbuf_16)
                                         clknet_2_3_0_clk (net)
                  0.19    0.00    0.55 ^ clkbuf_5_26__f_clk/A (sky130_fd_sc_hd__clkbuf_16)
     9    0.14    0.16    0.26    0.81 ^ clkbuf_5_26__f_clk/X (sky130_fd_sc_hd__clkbuf_16)
                                         clknet_5_26__leaf_clk (net)
                  0.16    0.00    0.81 ^ clkbuf_leaf_104_clk/A (sky130_fd_sc_hd__clkbuf_16)
    10    0.04    0.06    0.18    0.99 ^ clkbuf_leaf_104_clk/X (sky130_fd_sc_hd__clkbuf_16)
                                         clknet_leaf_104_clk (net)
                  0.06    0.00    0.99 ^ digest[74]$_DFFE_PN0P_/CLK (sky130_fd_sc_hd__dfrtp_1)
     2    0.03    0.27    0.49    1.48 ^ digest[74]$_DFFE_PN0P_/Q (sky130_fd_sc_hd__dfrtp_1)
                                         net742 (net)
                  0.27    0.00    1.48 ^ output743/A (sky130_fd_sc_hd__clkdlybuf4s50_1)
     1    0.01    0.07    0.55    2.03 ^ output743/X (sky130_fd_sc_hd__clkdlybuf4s50_1)
                                         digest[74] (net)
                  0.07    0.00    2.03 ^ digest[74] (out)
                                  2.03   data arrival time

                  0.00   13.75   13.75   clock vclk (rise edge)
                          0.00   13.75   clock network delay (ideal)
                          0.00   13.75   clock reconvergence pessimism
                         -2.75   11.00   output external delay
                                 11.00   data required time
-----------------------------------------------------------------------------
                                 11.00   data required time
                                 -2.03   data arrival time
-----------------------------------------------------------------------------
                                  8.97   slack (MET)



==========================================================================
cts final report_checks -unconstrained
--------------------------------------------------------------------------
Startpoint: rst_n (input port clocked by vclk)
Endpoint: W[2016]$_DFFE_PN0P_
          (recovery check against rising-edge clock core_clock)
Path Group: asynchronous
Path Type: max

Fanout     Cap    Slew   Delay    Time   Description
-----------------------------------------------------------------------------
                  0.00    0.00    0.00   clock vclk (rise edge)
                          0.00    0.00   clock network delay (ideal)
                          2.75    2.75 ^ input external delay
     1    0.02    0.00    0.00    2.75 ^ rst_n (in)
                                         rst_n (net)
                  0.00    0.00    2.75 ^ input514/A (sky130_fd_sc_hd__buf_16)
   116    0.74    0.75    0.45    3.20 ^ input514/X (sky130_fd_sc_hd__buf_16)
                                         net513 (net)
                  0.78    0.13    3.32 ^ place3191/A (sky130_fd_sc_hd__buf_4)
    51    0.29    0.77    0.75    4.08 ^ place3191/X (sky130_fd_sc_hd__buf_4)
                                         net3190 (net)
                  0.77    0.02    4.10 ^ place3190/A (sky130_fd_sc_hd__buf_4)
    50    0.27    0.73    0.72    4.82 ^ place3190/X (sky130_fd_sc_hd__buf_4)
                                         net3189 (net)
                  0.73    0.02    4.84 ^ place3189/A (sky130_fd_sc_hd__buf_4)
    72    0.36    0.97    0.90    5.74 ^ place3189/X (sky130_fd_sc_hd__buf_4)
                                         net3188 (net)
                  0.97    0.01    5.75 ^ W[2016]$_DFFE_PN0P_/RESET_B (sky130_fd_sc_hd__dfrtp_1)
                                  5.75   data arrival time

                         13.75   13.75   clock core_clock (rise edge)
                          0.00   13.75   clock source latency
     1    0.13    0.00    0.00   13.75 ^ clk (in)
                                         clk (net)
                  0.01    0.00   13.75 ^ clkbuf_0_clk/A (sky130_fd_sc_hd__clkbuf_16)
     4    0.20    0.21    0.24   13.99 ^ clkbuf_0_clk/X (sky130_fd_sc_hd__clkbuf_16)
                                         clknet_0_clk (net)
                  0.21    0.01   14.00 ^ clkbuf_2_3_0_clk/A (sky130_fd_sc_hd__clkbuf_16)
     8    0.18    0.19    0.29   14.29 ^ clkbuf_2_3_0_clk/X (sky130_fd_sc_hd__clkbuf_16)
                                         clknet_2_3_0_clk (net)
                  0.19    0.00   14.30 ^ clkbuf_5_31__f_clk/A (sky130_fd_sc_hd__clkbuf_16)
    11    0.15    0.16    0.27   14.56 ^ clkbuf_5_31__f_clk/X (sky130_fd_sc_hd__clkbuf_16)
                                         clknet_5_31__leaf_clk (net)
                  0.16    0.00   14.57 ^ clkbuf_leaf_127_clk/A (sky130_fd_sc_hd__clkbuf_16)
    10    0.04    0.06    0.18   14.75 ^ clkbuf_leaf_127_clk/X (sky130_fd_sc_hd__clkbuf_16)
                                         clknet_leaf_127_clk (net)
                  0.06    0.00   14.75 ^ W[2016]$_DFFE_PN0P_/CLK (sky130_fd_sc_hd__dfrtp_1)
                          0.00   14.75   clock reconvergence pessimism
                         -0.01   14.74   library recovery time
                                 14.74   data required time
-----------------------------------------------------------------------------
                                 14.74   data required time
                                 -5.75   data arrival time
-----------------------------------------------------------------------------
                                  8.99   slack (MET)


Startpoint: round[1]$_DFFE_PN0P_
            (rising edge-triggered flip-flop clocked by core_clock)
Endpoint: digest[255]$_DFFE_PN0P_
          (rising edge-triggered flip-flop clocked by core_clock)
Path Group: core_clock
Path Type: max

Fanout     Cap    Slew   Delay    Time   Description
-----------------------------------------------------------------------------
                          0.00    0.00   clock core_clock (rise edge)
                          0.00    0.00   clock source latency
     1    0.13    0.00    0.00    0.00 ^ clk (in)
                                         clk (net)
                  0.01    0.00    0.00 ^ clkbuf_0_clk/A (sky130_fd_sc_hd__clkbuf_16)
     4    0.20    0.21    0.24    0.24 ^ clkbuf_0_clk/X (sky130_fd_sc_hd__clkbuf_16)
                                         clknet_0_clk (net)
                  0.21    0.01    0.25 ^ clkbuf_2_0_0_clk/A (sky130_fd_sc_hd__clkbuf_16)
     8    0.18    0.19    0.29    0.54 ^ clkbuf_2_0_0_clk/X (sky130_fd_sc_hd__clkbuf_16)
                                         clknet_2_0_0_clk (net)
                  0.19    0.00    0.55 ^ clkbuf_5_7__f_clk/A (sky130_fd_sc_hd__clkbuf_16)
     9    0.13    0.14    0.25    0.80 ^ clkbuf_5_7__f_clk/X (sky130_fd_sc_hd__clkbuf_16)
                                         clknet_5_7__leaf_clk (net)
                  0.14    0.00    0.80 ^ clkbuf_leaf_31_clk/A (sky130_fd_sc_hd__clkbuf_16)
     8    0.04    0.06    0.18    0.98 ^ clkbuf_leaf_31_clk/X (sky130_fd_sc_hd__clkbuf_16)
                                         clknet_leaf_31_clk (net)
                  0.06    0.00    0.98 ^ round[1]$_DFFE_PN0P_/CLK (sky130_fd_sc_hd__dfrtp_4)
     2    0.01    0.06    0.48    1.45 v round[1]$_DFFE_PN0P_/Q (sky130_fd_sc_hd__dfrtp_4)
                                         round[1] (net)
                  0.06    0.00    1.45 v place3054/A (sky130_fd_sc_hd__buf_4)
     7    0.05    0.08    0.20    1.65 v place3054/X (sky130_fd_sc_hd__buf_4)
                                         net3053 (net)
                  0.08    0.00    1.65 v _25477_/A (sky130_fd_sc_hd__ha_4)
     4    0.06    0.17    0.38    2.03 ^ _25477_/SUM (sky130_fd_sc_hd__ha_4)
                                         _00526_ (net)
                  0.17    0.00    2.03 ^ rebuffer3196/A (sky130_fd_sc_hd__buf_12)
     2    0.05    0.07    0.15    2.18 ^ rebuffer3196/X (sky130_fd_sc_hd__buf_12)
                                         net3195 (net)
                  0.07    0.01    2.19 ^ place2955/A (sky130_fd_sc_hd__buf_12)
    10    0.10    0.12    0.16    2.35 ^ place2955/X (sky130_fd_sc_hd__buf_12)
                                         net2954 (net)
                  0.12    0.01    2.36 ^ place2947/A (sky130_fd_sc_hd__buf_12)
    17    0.13    0.15    0.20    2.56 ^ place2947/X (sky130_fd_sc_hd__buf_12)
                                         net2946 (net)
                  0.15    0.00    2.57 ^ place2943/A (sky130_fd_sc_hd__buf_12)
    22    0.19    0.21    0.25    2.82 ^ place2943/X (sky130_fd_sc_hd__buf_12)
                                         net2942 (net)
                  0.22    0.00    2.82 ^ _16361_/S0 (sky130_fd_sc_hd__mux4_2)
     1    0.00    0.08    0.53    3.35 v _16361_/X (sky130_fd_sc_hd__mux4_2)
                                         _12337_ (net)
                  0.08    0.00    3.35 v _16362_/A1 (sky130_fd_sc_hd__mux2i_1)
     2    0.01    0.18    0.19    3.54 ^ _16362_/Y (sky130_fd_sc_hd__mux2i_1)
                                         _12338_ (net)
                  0.18    0.00    3.54 ^ _24964_/A3 (sky130_fd_sc_hd__mux4_2)
     1    0.02    0.11    0.32    3.86 ^ _24964_/X (sky130_fd_sc_hd__mux4_2)
                                         _08914_ (net)
                  0.11    0.00    3.86 ^ _24965_/A1 (sky130_fd_sc_hd__mux2i_1)
     2    0.01    0.14    0.14    4.00 v _24965_/Y (sky130_fd_sc_hd__mux2i_1)
                                         _08915_ (net)
                  0.14    0.00    4.00 v _25009_/A (sky130_fd_sc_hd__xnor2_1)
     1    0.01    0.19    0.24    4.24 ^ _25009_/Y (sky130_fd_sc_hd__xnor2_1)
                                         _08942_ (net)
                  0.19    0.00    4.24 ^ _25010_/B (sky130_fd_sc_hd__xnor2_1)
     1    0.01    0.10    0.12    4.36 v _25010_/Y (sky130_fd_sc_hd__xnor2_1)
                                         _00269_ (net)
                  0.10    0.00    4.36 v _25340_/A (sky130_fd_sc_hd__fa_1)
     1    0.01    0.09    0.46    4.82 v _25340_/COUT (sky130_fd_sc_hd__fa_1)
                                         _12832_ (net)
                  0.09    0.00    4.82 v _25373_/B (sky130_fd_sc_hd__fa_1)
     1    0.00    0.08    0.47    5.29 v _25373_/SUM (sky130_fd_sc_hd__fa_1)
                                         _12900_ (net)
                  0.08    0.00    5.29 v _25486_/A (sky130_fd_sc_hd__ha_1)
     2    0.01    0.09    0.26    5.55 v _25486_/COUT (sky130_fd_sc_hd__ha_1)
                                         _00310_ (net)
                  0.09    0.00    5.55 v _25359_/CIN (sky130_fd_sc_hd__fa_1)
     2    0.01    0.10    0.42    5.97 v _25359_/COUT (sky130_fd_sc_hd__fa_1)
                                         _00311_ (net)
                  0.10    0.00    5.97 v _13201_/A2 (sky130_fd_sc_hd__a21o_1)
     1    0.01    0.05    0.21    6.18 v _13201_/X (sky130_fd_sc_hd__a21o_1)
                                         _09316_ (net)
                  0.05    0.00    6.18 v _13202_/A2 (sky130_fd_sc_hd__a21oi_2)
     2    0.01    0.14    0.17    6.35 ^ _13202_/Y (sky130_fd_sc_hd__a21oi_2)
                                         _09317_ (net)
                  0.14    0.00    6.35 ^ _13205_/A2 (sky130_fd_sc_hd__o211ai_1)
     2    0.01    0.13    0.14    6.49 v _13205_/Y (sky130_fd_sc_hd__o211ai_1)
                                         _09320_ (net)
                  0.13    0.00    6.49 v place2539/A (sky130_fd_sc_hd__buf_4)
     1    0.00    0.03    0.16    6.65 v place2539/X (sky130_fd_sc_hd__buf_4)
                                         net2538 (net)
                  0.03    0.00    6.65 v _14234_/A2 (sky130_fd_sc_hd__a31o_2)
     1    0.00    0.04    0.22    6.87 v _14234_/X (sky130_fd_sc_hd__a31o_2)
                                         _10331_ (net)
                  0.04    0.00    6.87 v _14235_/A2 (sky130_fd_sc_hd__a21oi_1)
     1    0.01    0.15    0.17    7.04 ^ _14235_/Y (sky130_fd_sc_hd__a21oi_1)
                                         _10332_ (net)
                  0.15    0.00    7.04 ^ _14236_/B (sky130_fd_sc_hd__xnor2_1)
     1    0.01    0.08    0.11    7.15 v _14236_/Y (sky130_fd_sc_hd__xnor2_1)
                                         _10333_ (net)
                  0.08    0.00    7.15 v _14237_/A1 (sky130_fd_sc_hd__mux2i_4)
     2    0.03    0.30    0.27    7.43 ^ _14237_/Y (sky130_fd_sc_hd__mux2i_4)
                                         _10334_ (net)
                  0.30    0.00    7.43 ^ _14240_/A (sky130_fd_sc_hd__inv_1)
     1    0.01    0.09    0.11    7.54 v _14240_/Y (sky130_fd_sc_hd__inv_1)
                                         _00194_ (net)
                  0.09    0.00    7.54 v _25307_/CIN (sky130_fd_sc_hd__fa_1)
     1    0.01    0.11    0.49    8.03 v _25307_/SUM (sky130_fd_sc_hd__fa_1)
                                         _12767_ (net)
                  0.11    0.00    8.03 v _25279_/A (sky130_fd_sc_hd__fa_1)
     1    0.01    0.10    0.53    8.55 v _25279_/SUM (sky130_fd_sc_hd__fa_1)
                                         _12690_ (net)
                  0.10    0.00    8.55 v _25250_/A (sky130_fd_sc_hd__fa_1)
     1    0.00    0.09    0.50    9.05 v _25250_/SUM (sky130_fd_sc_hd__fa_1)
                                         _12693_ (net)
                  0.09    0.00    9.05 v _25528_/A (sky130_fd_sc_hd__ha_1)
     2    0.00    0.06    0.31    9.37 v _25528_/SUM (sky130_fd_sc_hd__ha_1)
                                         _00629_ (net)
                  0.06    0.00    9.37 v _15324_/D (sky130_fd_sc_hd__and4_1)
     2    0.01    0.06    0.22    9.59 v _15324_/X (sky130_fd_sc_hd__and4_1)
                                         _11369_ (net)
                  0.06    0.00    9.59 v _15328_/B2 (sky130_fd_sc_hd__a221oi_1)
     1    0.00    0.22    0.26    9.85 ^ _15328_/Y (sky130_fd_sc_hd__a221oi_1)
                                         _11373_ (net)
                  0.22    0.00    9.85 ^ _15329_/B1 (sky130_fd_sc_hd__o21ai_0)
     2    0.01    0.12    0.17   10.02 v _15329_/Y (sky130_fd_sc_hd__o21ai_0)
                                         _11374_ (net)
                  0.12    0.00   10.02 v _15330_/A (sky130_fd_sc_hd__nor2_1)
     2    0.01    0.23    0.24   10.25 ^ _15330_/Y (sky130_fd_sc_hd__nor2_1)
                                         _11375_ (net)
                  0.23    0.00   10.25 ^ _16533_/A (sky130_fd_sc_hd__nor2b_1)
     2    0.01    0.07    0.09   10.35 v _16533_/Y (sky130_fd_sc_hd__nor2b_1)
                                         _12490_ (net)
                  0.07    0.00   10.35 v _16534_/A2 (sky130_fd_sc_hd__o21a_1)
     1    0.00    0.03    0.17   10.52 v _16534_/X (sky130_fd_sc_hd__o21a_1)
                                         _12491_ (net)
                  0.03    0.00   10.52 v _16535_/B (sky130_fd_sc_hd__nor2_1)
     1    0.01    0.12    0.11   10.63 ^ _16535_/Y (sky130_fd_sc_hd__nor2_1)
                                         _12492_ (net)
                  0.12    0.00   10.63 ^ _16536_/B (sky130_fd_sc_hd__xnor2_1)
     1    0.01    0.11    0.13   10.76 v _16536_/Y (sky130_fd_sc_hd__xnor2_1)
                                         _00039_ (net)
                  0.11    0.00   10.76 v place2375/A (sky130_fd_sc_hd__buf_12)
     2    0.04    0.04    0.17   10.93 v place2375/X (sky130_fd_sc_hd__buf_12)
                                         net2374 (net)
                  0.04    0.01   10.93 v _25210_/A (sky130_fd_sc_hd__fa_1)
     1    0.01    0.10    0.51   11.44 v _25210_/SUM (sky130_fd_sc_hd__fa_1)
                                         _12582_ (net)
                  0.10    0.00   11.44 v _25406_/A (sky130_fd_sc_hd__ha_1)
     4    0.01    0.10    0.37   11.81 v _25406_/SUM (sky130_fd_sc_hd__ha_1)
                                         _00395_ (net)
                  0.10    0.00   11.81 v _17781_/A1 (sky130_fd_sc_hd__a21o_1)
     1    0.00    0.04    0.18   11.99 v _17781_/X (sky130_fd_sc_hd__a21o_1)
                                         _04129_ (net)
                  0.04    0.00   11.99 v _17782_/A2 (sky130_fd_sc_hd__a21oi_1)
     2    0.01    0.17    0.18   12.17 ^ _17782_/Y (sky130_fd_sc_hd__a21oi_1)
                                         _04130_ (net)
                  0.17    0.00   12.17 ^ _17786_/A2 (sky130_fd_sc_hd__o221ai_1)
     2    0.01    0.12    0.16   12.34 v _17786_/Y (sky130_fd_sc_hd__o221ai_1)
                                         _04134_ (net)
                  0.12    0.00   12.34 v _17788_/A (sky130_fd_sc_hd__and2_1)
     2    0.01    0.08    0.21   12.55 v _17788_/X (sky130_fd_sc_hd__and2_1)
                                         _04136_ (net)
                  0.08    0.00   12.55 v place2277/A (sky130_fd_sc_hd__buf_4)
     1    0.00    0.02    0.14   12.69 v place2277/X (sky130_fd_sc_hd__buf_4)
                                         net2276 (net)
                  0.02    0.00   12.69 v _17937_/A1 (sky130_fd_sc_hd__o21ba_2)
     1    0.01    0.04    0.21   12.89 v _17937_/X (sky130_fd_sc_hd__o21ba_2)
                                         _04285_ (net)
                  0.04    0.00   12.89 v _17939_/A3 (sky130_fd_sc_hd__o31ai_2)
     2    0.01    0.28    0.26   13.15 ^ _17939_/Y (sky130_fd_sc_hd__o31ai_2)
                                         _04287_ (net)
                  0.28    0.00   13.15 ^ _17949_/B (sky130_fd_sc_hd__nor3_1)
     2    0.01    0.10    0.12   13.27 v _17949_/Y (sky130_fd_sc_hd__nor3_1)
                                         _04297_ (net)
                  0.10    0.00   13.27 v _17950_/B (sky130_fd_sc_hd__and2_1)
     3    0.01    0.06    0.20   13.47 v _17950_/X (sky130_fd_sc_hd__and2_1)
                                         _04298_ (net)
                  0.06    0.00   13.47 v _17984_/A1 (sky130_fd_sc_hd__a21oi_1)
     1    0.00    0.14    0.15   13.62 ^ _17984_/Y (sky130_fd_sc_hd__a21oi_1)
                                         _04331_ (net)
                  0.14    0.00   13.62 ^ _17992_/A2 (sky130_fd_sc_hd__a21boi_0)
     1    0.00    0.10    0.12   13.74 v _17992_/Y (sky130_fd_sc_hd__a21boi_0)
                                         _04339_ (net)
                  0.10    0.00   13.74 v place2181/A (sky130_fd_sc_hd__buf_4)
     2    0.01    0.03    0.16   13.90 v place2181/X (sky130_fd_sc_hd__buf_4)
                                         net2180 (net)
                  0.03    0.00   13.90 v _25050_/C (sky130_fd_sc_hd__nor3_1)
     1    0.01    0.28    0.23   14.13 ^ _25050_/Y (sky130_fd_sc_hd__nor3_1)
                                         _08972_ (net)
                  0.28    0.00   14.13 ^ _25051_/B (sky130_fd_sc_hd__xnor2_1)
     1    0.00    0.12    0.16   14.29 ^ _25051_/Y (sky130_fd_sc_hd__xnor2_1)
                                         _08973_ (net)
                  0.12    0.00   14.29 ^ _25053_/A2 (sky130_fd_sc_hd__o21ai_1)
     1    0.00    0.11    0.07   14.36 v _25053_/Y (sky130_fd_sc_hd__o21ai_1)
                                         _03136_ (net)
                  0.11    0.00   14.36 v digest[255]$_DFFE_PN0P_/D (sky130_fd_sc_hd__dfrtp_1)
                                 14.36   data arrival time

                         13.75   13.75   clock core_clock (rise edge)
                          0.00   13.75   clock source latency
     1    0.13    0.00    0.00   13.75 ^ clk (in)
                                         clk (net)
                  0.01    0.00   13.75 ^ clkbuf_0_clk/A (sky130_fd_sc_hd__clkbuf_16)
     4    0.20    0.21    0.24   13.99 ^ clkbuf_0_clk/X (sky130_fd_sc_hd__clkbuf_16)
                                         clknet_0_clk (net)
                  0.21    0.01   14.00 ^ clkbuf_2_1_0_clk/A (sky130_fd_sc_hd__clkbuf_16)
     8    0.19    0.20    0.30   14.30 ^ clkbuf_2_1_0_clk/X (sky130_fd_sc_hd__clkbuf_16)
                                         clknet_2_1_0_clk (net)
                  0.20    0.00   14.31 ^ clkbuf_5_14__f_clk/A (sky130_fd_sc_hd__clkbuf_16)
    10    0.14    0.15    0.27   14.58 ^ clkbuf_5_14__f_clk/X (sky130_fd_sc_hd__clkbuf_16)
                                         clknet_5_14__leaf_clk (net)
                  0.15    0.00   14.58 ^ clkbuf_leaf_74_clk/A (sky130_fd_sc_hd__clkbuf_16)
    11    0.04    0.06    0.18   14.76 ^ clkbuf_leaf_74_clk/X (sky130_fd_sc_hd__clkbuf_16)
                                         clknet_leaf_74_clk (net)
                  0.06    0.00   14.76 ^ digest[255]$_DFFE_PN0P_/CLK (sky130_fd_sc_hd__dfrtp_1)
                          0.00   14.76   clock reconvergence pessimism
                         -0.14   14.62   library setup time
                                 14.62   data required time
-----------------------------------------------------------------------------
                                 14.62   data required time
                                -14.36   data arrival time
-----------------------------------------------------------------------------
                                  0.26   slack (MET)


Startpoint: digest[74]$_DFFE_PN0P_
            (rising edge-triggered flip-flop clocked by core_clock)
Endpoint: digest[74] (output port clocked by vclk)
Path Group: vclk
Path Type: max

Fanout     Cap    Slew   Delay    Time   Description
-----------------------------------------------------------------------------
                          0.00    0.00   clock core_clock (rise edge)
                          0.00    0.00   clock source latency
     1    0.13    0.00    0.00    0.00 ^ clk (in)
                                         clk (net)
                  0.01    0.00    0.00 ^ clkbuf_0_clk/A (sky130_fd_sc_hd__clkbuf_16)
     4    0.20    0.21    0.24    0.24 ^ clkbuf_0_clk/X (sky130_fd_sc_hd__clkbuf_16)
                                         clknet_0_clk (net)
                  0.21    0.01    0.25 ^ clkbuf_2_3_0_clk/A (sky130_fd_sc_hd__clkbuf_16)
     8    0.18    0.19    0.29    0.54 ^ clkbuf_2_3_0_clk/X (sky130_fd_sc_hd__clkbuf_16)
                                         clknet_2_3_0_clk (net)
                  0.19    0.00    0.55 ^ clkbuf_5_26__f_clk/A (sky130_fd_sc_hd__clkbuf_16)
     9    0.14    0.16    0.26    0.81 ^ clkbuf_5_26__f_clk/X (sky130_fd_sc_hd__clkbuf_16)
                                         clknet_5_26__leaf_clk (net)
                  0.16    0.00    0.81 ^ clkbuf_leaf_104_clk/A (sky130_fd_sc_hd__clkbuf_16)
    10    0.04    0.06    0.18    0.99 ^ clkbuf_leaf_104_clk/X (sky130_fd_sc_hd__clkbuf_16)
                                         clknet_leaf_104_clk (net)
                  0.06    0.00    0.99 ^ digest[74]$_DFFE_PN0P_/CLK (sky130_fd_sc_hd__dfrtp_1)
     2    0.03    0.27    0.49    1.48 ^ digest[74]$_DFFE_PN0P_/Q (sky130_fd_sc_hd__dfrtp_1)
                                         net742 (net)
                  0.27    0.00    1.48 ^ output743/A (sky130_fd_sc_hd__clkdlybuf4s50_1)
     1    0.01    0.07    0.55    2.03 ^ output743/X (sky130_fd_sc_hd__clkdlybuf4s50_1)
                                         digest[74] (net)
                  0.07    0.00    2.03 ^ digest[74] (out)
                                  2.03   data arrival time

                  0.00   13.75   13.75   clock vclk (rise edge)
                          0.00   13.75   clock network delay (ideal)
                          0.00   13.75   clock reconvergence pessimism
                         -2.75   11.00   output external delay
                                 11.00   data required time
-----------------------------------------------------------------------------
                                 11.00   data required time
                                 -2.03   data arrival time
-----------------------------------------------------------------------------
                                  8.97   slack (MET)



==========================================================================
cts final report_check_types -max_slew -max_cap -max_fanout -violators
--------------------------------------------------------------------------

==========================================================================
cts final max_slew_check_slack
--------------------------------------------------------------------------
0.2792051136493683

==========================================================================
cts final max_slew_check_limit
--------------------------------------------------------------------------
1.48431396484375

==========================================================================
cts final max_slew_check_slack_limit
--------------------------------------------------------------------------
0.1881

==========================================================================
cts final max_fanout_check_slack
--------------------------------------------------------------------------
1.0000000150474662e+30

==========================================================================
cts final max_fanout_check_limit
--------------------------------------------------------------------------
1.0000000150474662e+30

==========================================================================
cts final max_capacitance_check_slack
--------------------------------------------------------------------------
0.007980618625879288

==========================================================================
cts final max_capacitance_check_limit
--------------------------------------------------------------------------
0.021067000925540924

==========================================================================
cts final max_capacitance_check_slack_limit
--------------------------------------------------------------------------
0.3788

==========================================================================
cts final max_slew_violation_count
--------------------------------------------------------------------------
max slew violation count 0

==========================================================================
cts final max_fanout_violation_count
--------------------------------------------------------------------------
max fanout violation count 0

==========================================================================
cts final max_cap_violation_count
--------------------------------------------------------------------------
max cap violation count 0

==========================================================================
cts final setup_violation_count
--------------------------------------------------------------------------
setup violation count 0

==========================================================================
cts final hold_violation_count
--------------------------------------------------------------------------
hold violation count 0

==========================================================================
cts final report_checks -path_delay max reg to reg
--------------------------------------------------------------------------
Startpoint: round[1]$_DFFE_PN0P_
            (rising edge-triggered flip-flop clocked by core_clock)
Endpoint: digest[255]$_DFFE_PN0P_
          (rising edge-triggered flip-flop clocked by core_clock)
Path Group: core_clock
Path Type: max

  Delay    Time   Description
---------------------------------------------------------
   0.00    0.00   clock core_clock (rise edge)
   0.00    0.00   clock source latency
   0.00    0.00 ^ clk (in)
   0.24    0.24 ^ clkbuf_0_clk/X (sky130_fd_sc_hd__clkbuf_16)
   0.30    0.54 ^ clkbuf_2_0_0_clk/X (sky130_fd_sc_hd__clkbuf_16)
   0.26    0.80 ^ clkbuf_5_7__f_clk/X (sky130_fd_sc_hd__clkbuf_16)
   0.18    0.98 ^ clkbuf_leaf_31_clk/X (sky130_fd_sc_hd__clkbuf_16)
   0.00    0.98 ^ round[1]$_DFFE_PN0P_/CLK (sky130_fd_sc_hd__dfrtp_4)
   0.48    1.45 v round[1]$_DFFE_PN0P_/Q (sky130_fd_sc_hd__dfrtp_4)
   0.20    1.65 v place3054/X (sky130_fd_sc_hd__buf_4)
   0.38    2.03 ^ _25477_/SUM (sky130_fd_sc_hd__ha_4)
   0.15    2.18 ^ rebuffer3196/X (sky130_fd_sc_hd__buf_12)
   0.17    2.35 ^ place2955/X (sky130_fd_sc_hd__buf_12)
   0.21    2.56 ^ place2947/X (sky130_fd_sc_hd__buf_12)
   0.25    2.82 ^ place2943/X (sky130_fd_sc_hd__buf_12)
   0.53    3.35 v _16361_/X (sky130_fd_sc_hd__mux4_2)
   0.19    3.54 ^ _16362_/Y (sky130_fd_sc_hd__mux2i_1)
   0.32    3.86 ^ _24964_/X (sky130_fd_sc_hd__mux4_2)
   0.14    4.00 v _24965_/Y (sky130_fd_sc_hd__mux2i_1)
   0.24    4.24 ^ _25009_/Y (sky130_fd_sc_hd__xnor2_1)
   0.12    4.36 v _25010_/Y (sky130_fd_sc_hd__xnor2_1)
   0.46    4.82 v _25340_/COUT (sky130_fd_sc_hd__fa_1)
   0.47    5.29 v _25373_/SUM (sky130_fd_sc_hd__fa_1)
   0.26    5.55 v _25486_/COUT (sky130_fd_sc_hd__ha_1)
   0.42    5.97 v _25359_/COUT (sky130_fd_sc_hd__fa_1)
   0.21    6.18 v _13201_/X (sky130_fd_sc_hd__a21o_1)
   0.17    6.35 ^ _13202_/Y (sky130_fd_sc_hd__a21oi_2)
   0.14    6.49 v _13205_/Y (sky130_fd_sc_hd__o211ai_1)
   0.16    6.65 v place2539/X (sky130_fd_sc_hd__buf_4)
   0.22    6.87 v _14234_/X (sky130_fd_sc_hd__a31o_2)
   0.17    7.04 ^ _14235_/Y (sky130_fd_sc_hd__a21oi_1)
   0.11    7.15 v _14236_/Y (sky130_fd_sc_hd__xnor2_1)
   0.27    7.43 ^ _14237_/Y (sky130_fd_sc_hd__mux2i_4)
   0.11    7.54 v _14240_/Y (sky130_fd_sc_hd__inv_1)
   0.49    8.03 v _25307_/SUM (sky130_fd_sc_hd__fa_1)
   0.53    8.55 v _25279_/SUM (sky130_fd_sc_hd__fa_1)
   0.50    9.05 v _25250_/SUM (sky130_fd_sc_hd__fa_1)
   0.31    9.37 v _25528_/SUM (sky130_fd_sc_hd__ha_1)
   0.22    9.59 v _15324_/X (sky130_fd_sc_hd__and4_1)
   0.26    9.85 ^ _15328_/Y (sky130_fd_sc_hd__a221oi_1)
   0.17   10.02 v _15329_/Y (sky130_fd_sc_hd__o21ai_0)
   0.24   10.25 ^ _15330_/Y (sky130_fd_sc_hd__nor2_1)
   0.09   10.35 v _16533_/Y (sky130_fd_sc_hd__nor2b_1)
   0.17   10.52 v _16534_/X (sky130_fd_sc_hd__o21a_1)
   0.11   10.63 ^ _16535_/Y (sky130_fd_sc_hd__nor2_1)
   0.13   10.76 v _16536_/Y (sky130_fd_sc_hd__xnor2_1)
   0.17   10.93 v place2375/X (sky130_fd_sc_hd__buf_12)
   0.51   11.44 v _25210_/SUM (sky130_fd_sc_hd__fa_1)
   0.37   11.81 v _25406_/SUM (sky130_fd_sc_hd__ha_1)
   0.18   11.99 v _17781_/X (sky130_fd_sc_hd__a21o_1)
   0.18   12.17 ^ _17782_/Y (sky130_fd_sc_hd__a21oi_1)
   0.16   12.34 v _17786_/Y (sky130_fd_sc_hd__o221ai_1)
   0.21   12.55 v _17788_/X (sky130_fd_sc_hd__and2_1)
   0.14   12.69 v place2277/X (sky130_fd_sc_hd__buf_4)
   0.21   12.89 v _17937_/X (sky130_fd_sc_hd__o21ba_2)
   0.26   13.15 ^ _17939_/Y (sky130_fd_sc_hd__o31ai_2)
   0.12   13.27 v _17949_/Y (sky130_fd_sc_hd__nor3_1)
   0.20   13.47 v _17950_/X (sky130_fd_sc_hd__and2_1)
   0.15   13.62 ^ _17984_/Y (sky130_fd_sc_hd__a21oi_1)
   0.12   13.74 v _17992_/Y (sky130_fd_sc_hd__a21boi_0)
   0.16   13.90 v place2181/X (sky130_fd_sc_hd__buf_4)
   0.23   14.13 ^ _25050_/Y (sky130_fd_sc_hd__nor3_1)
   0.16   14.29 ^ _25051_/Y (sky130_fd_sc_hd__xnor2_1)
   0.07   14.36 v _25053_/Y (sky130_fd_sc_hd__o21ai_1)
   0.00   14.36 v digest[255]$_DFFE_PN0P_/D (sky130_fd_sc_hd__dfrtp_1)
          14.36   data arrival time

  13.75   13.75   clock core_clock (rise edge)
   0.00   13.75   clock source latency
   0.00   13.75 ^ clk (in)
   0.24   13.99 ^ clkbuf_0_clk/X (sky130_fd_sc_hd__clkbuf_16)
   0.31   14.30 ^ clkbuf_2_1_0_clk/X (sky130_fd_sc_hd__clkbuf_16)
   0.27   14.58 ^ clkbuf_5_14__f_clk/X (sky130_fd_sc_hd__clkbuf_16)
   0.18   14.76 ^ clkbuf_leaf_74_clk/X (sky130_fd_sc_hd__clkbuf_16)
   0.00   14.76 ^ digest[255]$_DFFE_PN0P_/CLK (sky130_fd_sc_hd__dfrtp_1)
   0.00   14.76   clock reconvergence pessimism
  -0.14   14.62   library setup time
          14.62   data required time
---------------------------------------------------------
          14.62   data required time
         -14.36   data arrival time
---------------------------------------------------------
           0.26   slack (MET)



==========================================================================
cts final report_checks -path_delay min reg to reg
--------------------------------------------------------------------------
Startpoint: digest[141]$_DFFE_PN0P_
            (rising edge-triggered flip-flop clocked by core_clock)
Endpoint: digest[141]$_DFFE_PN0P_
          (rising edge-triggered flip-flop clocked by core_clock)
Path Group: core_clock
Path Type: min

  Delay    Time   Description
---------------------------------------------------------
   0.00    0.00   clock core_clock (rise edge)
   0.00    0.00   clock source latency
   0.00    0.00 ^ clk (in)
   0.24    0.24 ^ clkbuf_0_clk/X (sky130_fd_sc_hd__clkbuf_16)
   0.31    0.55 ^ clkbuf_2_1_0_clk/X (sky130_fd_sc_hd__clkbuf_16)
   0.27    0.83 ^ clkbuf_5_14__f_clk/X (sky130_fd_sc_hd__clkbuf_16)
   0.18    1.00 ^ clkbuf_leaf_78_clk/X (sky130_fd_sc_hd__clkbuf_16)
   0.00    1.00 ^ digest[141]$_DFFE_PN0P_/CLK (sky130_fd_sc_hd__dfrtp_1)
   0.34    1.35 ^ digest[141]$_DFFE_PN0P_/Q (sky130_fd_sc_hd__dfrtp_1)
   0.05    1.40 v _18507_/Y (sky130_fd_sc_hd__nand2_1)
   0.05    1.45 ^ _18511_/Y (sky130_fd_sc_hd__nand2_1)
   0.00    1.45 ^ digest[141]$_DFFE_PN0P_/D (sky130_fd_sc_hd__dfrtp_1)
           1.45   data arrival time

   0.00    0.00   clock core_clock (rise edge)
   0.00    0.00   clock source latency
   0.00    0.00 ^ clk (in)
   0.24    0.24 ^ clkbuf_0_clk/X (sky130_fd_sc_hd__clkbuf_16)
   0.31    0.55 ^ clkbuf_2_1_0_clk/X (sky130_fd_sc_hd__clkbuf_16)
   0.27    0.83 ^ clkbuf_5_14__f_clk/X (sky130_fd_sc_hd__clkbuf_16)
   0.18    1.00 ^ clkbuf_leaf_78_clk/X (sky130_fd_sc_hd__clkbuf_16)
   0.00    1.00 ^ digest[141]$_DFFE_PN0P_/CLK (sky130_fd_sc_hd__dfrtp_1)
   0.00    1.00   clock reconvergence pessimism
  -0.03    0.97   library hold time
           0.97   data required time
---------------------------------------------------------
           0.97   data required time
          -1.45   data arrival time
---------------------------------------------------------
           0.48   slack (MET)



==========================================================================
cts final critical path target clock latency max path
--------------------------------------------------------------------------
0.9991

==========================================================================
cts final critical path target clock latency min path
--------------------------------------------------------------------------
0.9970

==========================================================================
cts final critical path source clock latency min path
--------------------------------------------------------------------------
0.0000

==========================================================================
cts final critical path delay
--------------------------------------------------------------------------
14.3568

==========================================================================
cts final critical path slack
--------------------------------------------------------------------------
0.2619

==========================================================================
cts final slack div critical path delay
--------------------------------------------------------------------------
1.824223

==========================================================================
cts final report_power
--------------------------------------------------------------------------
Group                  Internal  Switching    Leakage      Total
                          Power      Power      Power      Power (Watts)
----------------------------------------------------------------
Sequential             1.12e-02   3.54e-03   3.40e-08   1.48e-02   3.9%
Combinational          1.57e-01   1.97e-01   4.13e-08   3.54e-01  93.8%
Clock                  5.05e-03   3.61e-03   5.10e-09   8.66e-03   2.3%
Macro                  0.00e+00   0.00e+00   0.00e+00   0.00e+00   0.0%
Pad                    0.00e+00   0.00e+00   0.00e+00   0.00e+00   0.0%
----------------------------------------------------------------
Total                  1.73e-01   2.04e-01   8.04e-08   3.77e-01 100.0%
                          45.9%      54.1%       0.0%
