make: Entering directory '/root/OpenROAD-flow-scripts/flow'
/root/OpenROAD-flow-scripts/flow/scripts/flow.sh 3_1_place_gp_skip_io global_place_skip_io
Running global_place_skip_io.tcl, stage 3_1_place_gp_skip_io
read_liberty /root/OpenROAD-flow-scripts/flow/platforms/sky130hd/lib/sky130_fd_sc_hd__tt_025C_1v80.lib
read_db ./results/sky130hd/chia_sha256_benchmark_corrupted/slot1/2_floorplan.odb
read_sdc ./results/sky130hd/chia_sha256_benchmark_corrupted/slot1/2_floorplan.sdc
source /root/OpenROAD-flow-scripts/flow/platforms/sky130hd/setRC.tcl
global_placement -skip_io -density 0.6 -pad_left 0 -pad_right 0
[INFO GPL-0001] ---- Initialize GPL Main Data Structures
[INFO GPL-0002] DBU: 1000
[INFO GPL-0003] SiteSize: (  0.460  2.720 ) um
[INFO GPL-0004] CoreBBox: (  1.380  2.720 ) ( 608.120 606.560 ) um
[INFO GPL-0016] Core area:                  366373.882 um^2
[INFO GPL-0036] Movable instances area:     167134.045 um^2
[INFO GPL-0037] Total instances area:       173159.824 um^2
[INFO GPL-0035] Pin density area adjust:      6381.016 um^2
[INFO GPL-0032] ---- Initialize Region: Top-level
[INFO GPL-0006] Number of instances:             19986
[INFO GPL-0007] Movable instances:               15170
[INFO GPL-0008] Fixed instances:                  4816
[INFO GPL-0009] Dummy instances:                     0
[INFO GPL-0010] Number of nets:                  16017
[INFO GPL-0011] Number of pins:                  60453
[INFO GPL-0012] Die BBox:       (  0.000  0.000 ) ( 609.240 609.240 ) um
[INFO GPL-0013] Placement BBox: (  1.380  2.720 ) ( 608.120 606.560 ) um
[INFO GPL-0014] Region name: top-level.
[INFO GPL-0015] Region area:                366373.882 um^2
[INFO GPL-0017] Fixed instances area:         6025.779 um^2
[INFO GPL-0018] Movable instances area:     173515.061 um^2
[INFO GPL-0019] Utilization:                    48.152 %
[INFO GPL-0020] Standard cells area:        173515.061 um^2
[INFO GPL-0021] Large instances area:            0.000 um^2
[INFO GPL-0005] ---- Execute Conjugate Gradient Initial Placement.
[INFO GPL-0051] Source of initial instance position counters:
	Odb location = 0	Core center = 15170	Region center = 0
[INFO GPL-0033] ---- Initialize Nesterov Region: Top-level
[INFO GPL-0023] Placement target density:       0.6000
[INFO GPL-0024] Movable insts average area:     11.438 um^2
[INFO GPL-0025] Ideal bin area:                 19.063 um^2
[INFO GPL-0026] Ideal bin count:                 19218
[INFO GPL-0027] Total bin area:             366373.882 um^2
[INFO GPL-0028] Bin count (X, Y):         128 ,    128
[INFO GPL-0029] Bin size (W * H):       4.740 *  4.718 um
[INFO GPL-0030] Number of bins:                  16384
[INFO GPL-0084] ---- Execute Nesterov Global Placement.
[INFO GPL-0031] HPWL: Half-Perimeter Wirelength
Iteration | Overflow |     HPWL (um) |  HPWL(%) |   Penalty | Group
---------------------------------------------------------------
        0 |   0.9992 |  4.070710e+04 |   +0.00% |  1.07e-15 |      
       10 |   0.9989 |  3.143465e+04 |  -22.78% |  1.74e-15 |      
       20 |   0.9989 |  3.126777e+04 |   -0.53% |  2.84e-15 |      
       30 |   0.9989 |  3.127578e+04 |   +0.03% |  4.63e-15 |      
       40 |   0.9989 |  3.126119e+04 |   -0.05% |  7.54e-15 |      
       50 |   0.9989 |  3.126035e+04 |   -0.00% |  1.23e-14 |      
       60 |   0.9989 |  3.128825e+04 |   +0.09% |  2.00e-14 |      
       70 |   0.9989 |  3.134183e+04 |   +0.17% |  3.26e-14 |      
       80 |   0.9989 |  3.143734e+04 |   +0.30% |  5.31e-14 |      
       90 |   0.9989 |  3.164888e+04 |   +0.67% |  8.64e-14 |      
      100 |   0.9984 |  3.218683e+04 |   +1.70% |  1.41e-13 |      
      110 |   0.9979 |  3.388438e+04 |   +5.27% |  2.29e-13 |      
      120 |   0.9964 |  3.807620e+04 |  +12.37% |  3.73e-13 |      
      130 |   0.9946 |  4.672075e+04 |  +22.70% |  6.08e-13 |      
      140 |   0.9925 |  6.287803e+04 |  +34.58% |  9.88e-13 |      
      150 |   0.9897 |  7.715072e+04 |  +22.70% |  1.61e-12 |      
      160 |   0.9865 |  8.997273e+04 |  +16.62% |  2.61e-12 |      
      170 |   0.9807 |  1.105791e+05 |  +22.90% |  4.25e-12 |      
      180 |   0.9730 |  1.364217e+05 |  +23.37% |  6.90e-12 |      
      190 |   0.9634 |  1.639993e+05 |  +20.21% |  1.12e-11 |      
      200 |   0.9494 |  1.979763e+05 |  +20.72% |  1.82e-11 |      
      210 |   0.9303 |  2.370425e+05 |  +19.73% |  2.95e-11 |      
      220 |   0.9066 |  2.785043e+05 |  +17.49% |  4.78e-11 |      
      230 |   0.8788 |  3.233544e+05 |  +16.10% |  7.75e-11 |      
      240 |   0.8457 |  3.686787e+05 |  +14.02% |  1.26e-10 |      
      250 |   0.8094 |  4.148946e+05 |  +12.54% |  2.04e-10 |      
      260 |   0.7679 |  4.605184e+05 |  +11.00% |  3.30e-10 |      
      270 |   0.7215 |  5.034196e+05 |   +9.32% |  5.35e-10 |      
      280 |   0.6667 |  5.450488e+05 |   +8.27% |  8.68e-10 |      
      290 |   0.6076 |  5.870210e+05 |   +7.70% |  1.41e-09 |      
      300 |   0.5562 |  6.319087e+05 |   +7.65% |  2.28e-09 |      
      310 |   0.5070 |  6.643350e+05 |   +5.13% |  3.70e-09 |      
      320 |   0.4594 |  6.781013e+05 |   +2.07% |  6.02e-09 |      
      330 |   0.4192 |  6.925457e+05 |   +2.13% |  9.79e-09 |      
      340 |   0.3781 |  7.003052e+05 |   +1.12% |  1.59e-08 |      
      350 |   0.3351 |  7.042096e+05 |   +0.56% |  2.54e-08 |      
      360 |   0.3032 |  7.040802e+05 |   -0.02% |  3.74e-08 |      
      370 |   0.2716 |  7.054645e+05 |   +0.20% |  5.52e-08 |      
      380 |   0.2379 |  7.065014e+05 |   +0.15% |  8.13e-08 |      
      390 |   0.2077 |  7.071085e+05 |   +0.09% |  1.20e-07 |      
      400 |   0.1795 |  7.077063e+05 |   +0.08% |  1.76e-07 |      
      410 |   0.1541 |  7.083943e+05 |   +0.10% |  2.60e-07 |      
      420 |   0.1315 |  7.090287e+05 |   +0.09% |  3.83e-07 |      
      430 |   0.1134 |  7.097344e+05 |   +0.10% |  5.64e-07 |      
      439 |   0.0994 |  7.104465e+05 |          |  8.30e-07 |      
---------------------------------------------------------------
[INFO GPL-1001] Global placement finished at iteration 439
[INFO GPL-1002] Placed Cell Area            173515.0609
[INFO GPL-1003] Available Free Area         360348.1024
[INFO GPL-1004] Minimum Feasible Density        0.4900 (cell_area / free_area)
[INFO GPL-1006]   Suggested Target Densities:
[INFO GPL-1007]     - For 90% usage of free space: 0.5350
[INFO GPL-1008]     - For 80% usage of free space: 0.6019
[INFO GPL-1009]     - For 50% usage of free space: 0.9630
[INFO GPL-1014] Final placement area: 173515.06 (+0.00%)
Design area 173160 um^2 47% utilization.
write_db ./results/sky130hd/chia_sha256_benchmark_corrupted/slot1/3_1_place_gp_skip_io.odb
Log                       Ext     Elapsed/s Peak Memory/MB sha1sum result [0:20)
3_1_place_gp_skip_io      .odb            2            174 dad5a1cca209f1e260d1
/root/OpenROAD-flow-scripts/flow/scripts/flow.sh 3_2_place_iop io_placement
Running io_placement.tcl, stage 3_2_place_iop
read_liberty /root/OpenROAD-flow-scripts/flow/platforms/sky130hd/lib/sky130_fd_sc_hd__tt_025C_1v80.lib
read_db ./results/sky130hd/chia_sha256_benchmark_corrupted/slot1/3_1_place_gp_skip_io.odb
read_sdc ./results/sky130hd/chia_sha256_benchmark_corrupted/slot1/2_floorplan.sdc
source /root/OpenROAD-flow-scripts/flow/platforms/sky130hd/setRC.tcl
place_pins -hor_layers met3 -ver_layers met2
Found 0 macro blocks.
Using 2 tracks default min distance between IO pins.
[INFO PPL-0001] Number of available slots 2208
[INFO PPL-0002] Number of I/O             772
[INFO PPL-0003] Number of I/O w/sink      772
[INFO PPL-0004] Number of I/O w/o sink    0
[INFO PPL-0005] Slots per section         200
[INFO PPL-0008] Successfully assigned pins to sections.
[INFO PPL-0012] I/O nets HPWL: 122522.20 um.
Design area 173160 um^2 47% utilization.
write_db ./results/sky130hd/chia_sha256_benchmark_corrupted/slot1/3_2_place_iop.odb
Log                       Ext     Elapsed/s Peak Memory/MB sha1sum result [0:20)
3_2_place_iop             .odb            0            155 b8d4afe10b7ed7a19d1d
/root/OpenROAD-flow-scripts/flow/scripts/flow.sh 3_3_place_gp global_place
Running global_place.tcl, stage 3_3_place_gp
read_liberty /root/OpenROAD-flow-scripts/flow/platforms/sky130hd/lib/sky130_fd_sc_hd__tt_025C_1v80.lib
read_db ./results/sky130hd/chia_sha256_benchmark_corrupted/slot1/3_2_place_iop.odb
read_sdc ./results/sky130hd/chia_sha256_benchmark_corrupted/slot1/2_floorplan.sdc
source /root/OpenROAD-flow-scripts/flow/platforms/sky130hd/setRC.tcl
[INFO RSZ-0026] Removed 1552 buffers.
Perform port buffering...
[INFO RSZ-0027] Inserted 514 sky130_fd_sc_hd__clkdlybuf4s50_1 input buffers.
[INFO RSZ-0028] Inserted 256 sky130_fd_sc_hd__clkdlybuf4s50_1 output buffers.
global_placement -density 0.6 -pad_left 0 -pad_right 0 -routability_driven -timing_driven -force_center_initial_place -min_phi_coef 0.95 -max_phi_coef 1.05
[INFO GPL-0001] ---- Initialize GPL Main Data Structures
[INFO GPL-0002] DBU: 1000
[INFO GPL-0003] SiteSize: (  0.460  2.720 ) um
[INFO GPL-0004] CoreBBox: (  1.380  2.720 ) ( 608.120 606.560 ) um
[INFO GPL-0016] Core area:                  366373.882 um^2
[INFO GPL-0036] Movable instances area:     167622.013 um^2
[INFO GPL-0037] Total instances area:       173647.792 um^2
[INFO GPL-0035] Pin density area adjust:      6870.434 um^2
[INFO GPL-0032] ---- Initialize Region: Top-level
[INFO GPL-0006] Number of instances:             19204
[INFO GPL-0007] Movable instances:               14388
[INFO GPL-0008] Fixed instances:                  4816
[INFO GPL-0009] Dummy instances:                     0
[INFO GPL-0010] Number of nets:                  15235
[INFO GPL-0011] Number of pins:                  59661
[INFO GPL-0012] Die BBox:       (  0.000  0.000 ) ( 609.240 609.240 ) um
[INFO GPL-0013] Placement BBox: (  1.380  2.720 ) ( 608.120 606.560 ) um
[INFO GPL-0014] Region name: top-level.
[INFO GPL-0015] Region area:                366373.882 um^2
[INFO GPL-0017] Fixed instances area:         6025.779 um^2
[INFO GPL-0018] Movable instances area:     174492.447 um^2
[INFO GPL-0019] Utilization:                    48.423 %
[INFO GPL-0020] Standard cells area:        174492.447 um^2
[INFO GPL-0021] Large instances area:            0.000 um^2
[INFO GPL-0005] ---- Execute Conjugate Gradient Initial Placement.
[INFO GPL-0051] Source of initial instance position counters:
	Odb location = 0	Core center = 14388	Region center = 0
[InitialPlace]  Iter: 1 conjugate gradient residual: 0.00098604 HPWL: 596544035
[InitialPlace]  Iter: 2 conjugate gradient residual: 0.00023084 HPWL: 401649838
[InitialPlace]  Iter: 3 conjugate gradient residual: 0.00010997 HPWL: 373419564
[InitialPlace]  Iter: 4 conjugate gradient residual: 0.00022460 HPWL: 355769514
[InitialPlace]  Iter: 5 conjugate gradient residual: 0.00021323 HPWL: 340455470
[InitialPlace]  Iter: 6 conjugate gradient residual: 0.00037652 HPWL: 329137858
[InitialPlace]  Iter: 7 conjugate gradient residual: 0.00018723 HPWL: 318110762
[InitialPlace]  Iter: 8 conjugate gradient residual: 0.00015535 HPWL: 310766203
[InitialPlace]  Iter: 9 conjugate gradient residual: 0.00002240 HPWL: 305237237
[InitialPlace]  Iter: 10 conjugate gradient residual: 0.00001293 HPWL: 302700867
[InitialPlace]  Iter: 11 conjugate gradient residual: 0.00001444 HPWL: 300068167
[InitialPlace]  Iter: 12 conjugate gradient residual: 0.00000575 HPWL: 299070499
[INFO GPL-0033] ---- Initialize Nesterov Region: Top-level
[INFO GPL-0023] Placement target density:       0.6000
[INFO GPL-0024] Movable insts average area:     12.128 um^2
[INFO GPL-0025] Ideal bin area:                 20.213 um^2
[INFO GPL-0026] Ideal bin count:                 18125
[INFO GPL-0027] Total bin area:             366373.882 um^2
[INFO GPL-0028] Bin count (X, Y):         128 ,    128
[INFO GPL-0029] Bin size (W * H):       4.740 *  4.718 um
[INFO GPL-0030] Number of bins:                  16384
[INFO GPL-0084] ---- Execute Nesterov Global Placement.
[INFO GPL-0031] HPWL: Half-Perimeter Wirelength
Iteration | Overflow |     HPWL (um) |  HPWL(%) |   Penalty | Group
---------------------------------------------------------------
        0 |   0.9544 |  2.058291e+05 |   +0.00% |  7.00e-16 |      
       10 |   0.9183 |  2.443519e+05 |  +18.72% |  1.13e-15 |      
       20 |   0.9073 |  2.498680e+05 |   +2.26% |  1.84e-15 |      
       30 |   0.9014 |  2.501063e+05 |   +0.10% |  3.00e-15 |      
       40 |   0.8922 |  2.490803e+05 |   -0.41% |  4.89e-15 |      
       50 |   0.8863 |  2.495486e+05 |   +0.19% |  7.97e-15 |      
       60 |   0.8810 |  2.507078e+05 |   +0.46% |  1.30e-14 |      
       70 |   0.8763 |  2.516995e+05 |   +0.40% |  2.11e-14 |      
       80 |   0.8732 |  2.526465e+05 |   +0.38% |  3.44e-14 |      
       90 |   0.8714 |  2.535331e+05 |   +0.35% |  5.61e-14 |      
      100 |   0.8710 |  2.542525e+05 |   +0.28% |  9.13e-14 |      
      110 |   0.8699 |  2.547629e+05 |   +0.20% |  1.49e-13 |      
      120 |   0.8688 |  2.550496e+05 |   +0.11% |  2.42e-13 |      
      130 |   0.8683 |  2.552369e+05 |   +0.07% |  3.95e-13 |      
      140 |   0.8679 |  2.554392e+05 |   +0.08% |  6.43e-13 |      
      150 |   0.8674 |  2.557316e+05 |   +0.11% |  1.05e-12 |      
      160 |   0.8660 |  2.562939e+05 |   +0.22% |  1.71e-12 |      
      170 |   0.8637 |  2.574485e+05 |   +0.45% |  2.78e-12 |      
      180 |   0.8596 |  2.596872e+05 |   +0.87% |  4.52e-12 |      
      190 |   0.8516 |  2.639863e+05 |   +1.66% |  7.37e-12 |      
      200 |   0.8397 |  2.714851e+05 |   +2.84% |  1.20e-11 |      
      210 |   0.8238 |  2.815565e+05 |   +3.71% |  1.95e-11 |      
      220 |   0.8023 |  2.937928e+05 |   +4.35% |  3.17e-11 |      
      230 |   0.7770 |  3.054026e+05 |   +3.95% |  5.16e-11 |      
      240 |   0.7477 |  3.234949e+05 |   +5.92% |  8.39e-11 |      
      250 |   0.7170 |  3.447284e+05 |   +6.56% |  1.36e-10 |      
      260 |   0.6870 |  3.609611e+05 |   +4.71% |  2.22e-10 |      
      270 |   0.6563 |  3.768939e+05 |   +4.41% |  3.61e-10 |      
[INFO GPL-0100] Timing-driven iteration 1/2, virtual: false.
[INFO GPL-0101]    Iter: 279, overflow: 0.632, keep resizer changes at: 1, HPWL: 377714666
Iteration |   Area    | Resized | Buffers | Nets repaired | Remaining
---------------------------------------------------------------------
        0 |     +0.0% |       0 |       0 |             0 |     15236
    final |     +4.9% |     148 |     305 |           148 |         0
---------------------------------------------------------------------
[INFO RSZ-0034] Found 149 slew violations.
[INFO RSZ-0036] Found 55 capacitance violations.
[INFO RSZ-0039] Resized 148 instances.
[INFO RSZ-0038] Inserted 305 buffers in 148 nets.
   Iter   |    Area   | Removed | Inserted |   Pins
          |           | Buffers | Buffers  | Remaining
-------------------------------------------------------
        0 |     +0.0% |       0 |        0 |     14719
     1400 |     +1.6% |       1 |      377 |     13319
     2800 |     +1.6% |      28 |      457 |     11919
     4200 |     +1.9% |      41 |      562 |     10519
     5600 |     +1.5% |      80 |      596 |      9119
     7000 |     +1.5% |     119 |      704 |      7719
     8400 |     +1.5% |     133 |      733 |      6319
     9800 |     +2.0% |     186 |      949 |      4919
    11200 |     +2.2% |     231 |     1088 |      3519
    12600 |     +2.3% |     290 |     1253 |      2119
    14000 |     +3.7% |     290 |     1590 |       719
    final |     +3.7% |     305 |     1631 |         0
-------------------------------------------------------
[INFO GPL-0106] Timing-driven: worst slack -8.275123e-10
[INFO GPL-0107] Timing-driven: repair_design delta area: 15037.728 um^2 (+8.62%)
[INFO GPL-0108] Timing-driven: repair_design, gpl delta gcells: 1631 (+11.34%)
[INFO GPL-0109] Timing-driven: repair_design, gcells created: 1936, deleted: 305
[INFO GPL-0110] Timing-driven: new target density: 0.64173114
Iteration | Overflow |     HPWL (um) |  HPWL(%) |   Penalty | Group
---------------------------------------------------------------
      280 |   0.6086 |  4.500537e+05 |  +19.41% |  5.83e-10 |      
[INFO GPL-0038] Routability snapshot saved at iter = 283
      282 |   0.5936 |  4.647961e+05 |          |           |      
      290 |   0.5856 |  4.721301e+05 |   +4.91% |  9.46e-10 |      
      300 |   0.5720 |  4.783951e+05 |   +1.33% |  1.54e-09 |      
      310 |   0.5222 |  4.856325e+05 |   +1.51% |  2.51e-09 |      
      320 |   0.4825 |  4.884832e+05 |   +0.59% |  4.08e-09 |      
      330 |   0.4540 |  4.976667e+05 |   +1.88% |  6.64e-09 |      
      340 |   0.4130 |  5.013485e+05 |   +0.74% |  1.08e-08 |      
      350 |   0.3674 |  4.991187e+05 |   -0.44% |  1.76e-08 |      
      360 |   0.3283 |  4.974279e+05 |   -0.34% |  2.76e-08 |      
[INFO GPL-0040] Routability iteration: 1
[WARNING GRT-0281] Net clk has a large fanout of 2569 terminals.
[INFO GPL-0041] Total routing overflow: 13.1545
[INFO GPL-0042] Number of overflowed tiles: 182 (2.35%)
[INFO GPL-0043] Average top 0.5% routing congestion: 1.1682
[INFO GPL-0044] Average top 1.0% routing congestion: 1.1252
[INFO GPL-0045] Average top 2.0% routing congestion: 1.0832
[INFO GPL-0046] Average top 5.0% routing congestion: 1.0138
[INFO GPL-0047] Routability iteration weighted routing congestion: 1.1467
[INFO GPL-0048] Routing congestion (1.1467) lower than previous minimum (1e+30). Updating minimum.
[INFO GPL-0086] Inflated area:                1797.522 um^2 (+0.95%)
[INFO GPL-0052] Placement target density:       0.6417
[INFO GPL-0076] Removing fillers, count: Before: 3299, After: 3157 (-4.30%)
[INFO GPL-0077] Filler area (um^2)     : Before: 41716.420, After: 39909.547 (-4.33%)
[INFO GPL-0078] Removed fillers count: 142, area removed: 1795.108 um^2. Remaining area to be compensated by modifying density: 2.414 um^2
[INFO GPL-0058] White space area:           360348.102 um^2 (+0.00%)
[INFO GPL-0059] Movable instances area:     231246.594 um^2 (+0.00%)
[INFO GPL-0060] Total filler area:           39909.547 um^2 (-4.33%)
[INFO GPL-0061] Total non-inflated area:    231237.243 um^2 (-0.00%)
[INFO GPL-0062] Total inflated area:        233034.765 um^2 (-0.00%)
[INFO GPL-0063] New Target Density:             0.6417
[INFO GPL-0087] Routability end iteration: increase inflation and revert back to snapshot.
Iteration | Overflow |     HPWL (um) |  HPWL(%) |   Penalty | Group
---------------------------------------------------------------
      370 |   0.5900 |  4.687175e+05 |   -5.77% |  6.73e-10 |      
      380 |   0.5895 |  4.714730e+05 |   +0.59% |  9.91e-10 |      
      390 |   0.5670 |  4.805821e+05 |   +1.93% |  1.46e-09 |      
      400 |   0.5295 |  4.839485e+05 |   +0.70% |  2.15e-09 |      
      410 |   0.5037 |  4.844552e+05 |   +0.10% |  3.16e-09 |      
      420 |   0.4764 |  4.913841e+05 |   +1.43% |  4.66e-09 |      
      430 |   0.4475 |  4.955818e+05 |   +0.85% |  6.86e-09 |      
      440 |   0.4177 |  4.963741e+05 |   +0.16% |  1.01e-08 |      
      450 |   0.3809 |  4.937103e+05 |   -0.54% |  1.49e-08 |      
      460 |   0.3499 |  4.939989e+05 |   +0.06% |  2.19e-08 |      
      470 |   0.3135 |  4.963464e+05 |   +0.48% |  3.23e-08 |      
[INFO GPL-0040] Routability iteration: 2
[INFO GPL-0041] Total routing overflow: 8.6366
[INFO GPL-0042] Number of overflowed tiles: 124 (1.60%)
[INFO GPL-0043] Average top 0.5% routing congestion: 1.1442
[INFO GPL-0044] Average top 1.0% routing congestion: 1.0991
[INFO GPL-0045] Average top 2.0% routing congestion: 1.0532
[INFO GPL-0046] Average top 5.0% routing congestion: 0.9866
[INFO GPL-0047] Routability iteration weighted routing congestion: 1.1216
[INFO GPL-0048] Routing congestion (1.1216) lower than previous minimum (1.147). Updating minimum.
[INFO GPL-0086] Inflated area:                 963.889 um^2 (+0.50%)
[INFO GPL-0052] Placement target density:       0.6417
[INFO GPL-0076] Removing fillers, count: Before: 3157, After: 3081 (-2.41%)
[INFO GPL-0077] Filler area (um^2)     : Before: 39909.547, After: 38948.785 (-2.41%)
[INFO GPL-0078] Removed fillers count: 76, area removed: 960.762 um^2. Remaining area to be compensated by modifying density: 3.127 um^2
[INFO GPL-0058] White space area:           360348.102 um^2 (+0.00%)
[INFO GPL-0059] Movable instances area:     231246.594 um^2 (+0.00%)
[INFO GPL-0060] Total filler area:           38948.785 um^2 (-2.41%)
[INFO GPL-0061] Total non-inflated area:    231240.370 um^2 (+0.00%)
[INFO GPL-0062] Total inflated area:        232204.259 um^2 (+0.00%)
[INFO GPL-0063] New Target Density:             0.6417
[INFO GPL-0087] Routability end iteration: increase inflation and revert back to snapshot.
Iteration | Overflow |     HPWL (um) |  HPWL(%) |   Penalty | Group
---------------------------------------------------------------
      480 |   0.5864 |  4.754714e+05 |   -4.21% |  8.17e-10 |      
      490 |   0.5849 |  4.759450e+05 |   +0.10% |  1.20e-09 |      
      500 |   0.5484 |  4.843809e+05 |   +1.77% |  1.77e-09 |      
      510 |   0.5138 |  4.853905e+05 |   +0.21% |  2.61e-09 |      
      520 |   0.4936 |  4.891133e+05 |   +0.77% |  3.84e-09 |      
      530 |   0.4614 |  4.951889e+05 |   +1.24% |  5.65e-09 |      
      540 |   0.4329 |  4.979050e+05 |   +0.55% |  8.33e-09 |      
      550 |   0.3994 |  4.969350e+05 |   -0.19% |  1.23e-08 |      
      560 |   0.3658 |  4.948706e+05 |   -0.42% |  1.81e-08 |      
      570 |   0.3327 |  4.972418e+05 |   +0.48% |  2.66e-08 |      
[INFO GPL-0040] Routability iteration: 3
[INFO GPL-0041] Total routing overflow: 7.1204
[INFO GPL-0042] Number of overflowed tiles: 110 (1.42%)
[INFO GPL-0043] Average top 0.5% routing congestion: 1.1280
[INFO GPL-0044] Average top 1.0% routing congestion: 1.0871
[INFO GPL-0045] Average top 2.0% routing congestion: 1.0426
[INFO GPL-0046] Average top 5.0% routing congestion: 0.9821
[INFO GPL-0047] Routability iteration weighted routing congestion: 1.1076
[INFO GPL-0048] Routing congestion (1.1076) lower than previous minimum (1.122). Updating minimum.
[INFO GPL-0086] Inflated area:                 867.886 um^2 (+0.45%)
[INFO GPL-0052] Placement target density:       0.6417
[INFO GPL-0076] Removing fillers, count: Before: 3081, After: 3013 (-2.21%)
[INFO GPL-0077] Filler area (um^2)     : Before: 38948.785, After: 38089.156 (-2.21%)
[INFO GPL-0078] Removed fillers count: 68, area removed: 859.629 um^2. Remaining area to be compensated by modifying density: 8.257 um^2
[INFO GPL-0058] White space area:           360348.102 um^2 (+0.00%)
[INFO GPL-0059] Movable instances area:     231246.594 um^2 (+0.00%)
[INFO GPL-0060] Total filler area:           38089.156 um^2 (-2.21%)
[INFO GPL-0061] Total non-inflated area:    231248.627 um^2 (+0.00%)
[INFO GPL-0062] Total inflated area:        232116.513 um^2 (+0.00%)
[INFO GPL-0063] New Target Density:             0.6417
[INFO GPL-0087] Routability end iteration: increase inflation and revert back to snapshot.
Iteration | Overflow |     HPWL (um) |  HPWL(%) |   Penalty | Group
---------------------------------------------------------------
      580 |   0.5928 |  4.686910e+05 |   -5.74% |  6.73e-10 |      
      590 |   0.5904 |  4.729601e+05 |   +0.91% |  9.91e-10 |      
      600 |   0.5676 |  4.824485e+05 |   +2.01% |  1.46e-09 |      
      610 |   0.5291 |  4.863667e+05 |   +0.81% |  2.15e-09 |      
      620 |   0.5034 |  4.873087e+05 |   +0.19% |  3.16e-09 |      
      630 |   0.4763 |  4.943099e+05 |   +1.44% |  4.66e-09 |      
      640 |   0.4472 |  4.982560e+05 |   +0.80% |  6.86e-09 |      
      650 |   0.4167 |  4.988561e+05 |   +0.12% |  1.01e-08 |      
      660 |   0.3811 |  4.970505e+05 |   -0.36% |  1.49e-08 |      
      670 |   0.3500 |  4.977824e+05 |   +0.15% |  2.19e-08 |      
      680 |   0.3142 |  4.995907e+05 |   +0.36% |  3.23e-08 |      
[INFO GPL-0040] Routability iteration: 4
[INFO GPL-0041] Total routing overflow: 6.2600
[INFO GPL-0042] Number of overflowed tiles: 106 (1.37%)
[INFO GPL-0043] Average top 0.5% routing congestion: 1.1127
[INFO GPL-0044] Average top 1.0% routing congestion: 1.0764
[INFO GPL-0045] Average top 2.0% routing congestion: 1.0360
[INFO GPL-0046] Average top 5.0% routing congestion: 0.9785
[INFO GPL-0047] Routability iteration weighted routing congestion: 1.0946
[INFO GPL-0048] Routing congestion (1.0946) lower than previous minimum (1.108). Updating minimum.
[INFO GPL-0086] Inflated area:                 835.541 um^2 (+0.43%)
[INFO GPL-0052] Placement target density:       0.6417
[INFO GPL-0076] Removing fillers, count: Before: 3013, After: 2947 (-2.19%)
[INFO GPL-0077] Filler area (um^2)     : Before: 38089.156, After: 37254.810 (-2.19%)
[INFO GPL-0078] Removed fillers count: 66, area removed: 834.346 um^2. Remaining area to be compensated by modifying density: 1.195 um^2
[INFO GPL-0058] White space area:           360348.102 um^2 (+0.00%)
[INFO GPL-0059] Movable instances area:     231246.594 um^2 (+0.00%)
[INFO GPL-0060] Total filler area:           37254.810 um^2 (-2.19%)
[INFO GPL-0061] Total non-inflated area:    231249.822 um^2 (+0.00%)
[INFO GPL-0062] Total inflated area:        232085.362 um^2 (+0.00%)
[INFO GPL-0063] New Target Density:             0.6417
[INFO GPL-0087] Routability end iteration: increase inflation and revert back to snapshot.
Iteration | Overflow |     HPWL (um) |  HPWL(%) |   Penalty | Group
---------------------------------------------------------------
      690 |   0.5879 |  4.762408e+05 |   -4.67% |  8.17e-10 |      
      700 |   0.5849 |  4.775884e+05 |   +0.28% |  1.20e-09 |      
      710 |   0.5486 |  4.864982e+05 |   +1.87% |  1.77e-09 |      
      720 |   0.5137 |  4.878100e+05 |   +0.27% |  2.61e-09 |      
      730 |   0.4940 |  4.919800e+05 |   +0.85% |  3.84e-09 |      
      740 |   0.4603 |  4.979152e+05 |   +1.21% |  5.65e-09 |      
      750 |   0.4329 |  5.004280e+05 |   +0.50% |  8.33e-09 |      
      760 |   0.4003 |  4.991474e+05 |   -0.26% |  1.23e-08 |      
      770 |   0.3661 |  4.982243e+05 |   -0.18% |  1.81e-08 |      
      780 |   0.3315 |  5.003085e+05 |   +0.42% |  2.66e-08 |      
[INFO GPL-0040] Routability iteration: 5
[INFO GPL-0041] Total routing overflow: 6.0118
[INFO GPL-0042] Number of overflowed tiles: 105 (1.36%)
[INFO GPL-0043] Average top 0.5% routing congestion: 1.1043
[INFO GPL-0044] Average top 1.0% routing congestion: 1.0732
[INFO GPL-0045] Average top 2.0% routing congestion: 1.0345
[INFO GPL-0046] Average top 5.0% routing congestion: 0.9780
[INFO GPL-0047] Routability iteration weighted routing congestion: 1.0888
[INFO GPL-0048] Routing congestion (1.0888) lower than previous minimum (1.095). Updating minimum.
[INFO GPL-0086] Inflated area:                 711.929 um^2 (+0.37%)
[INFO GPL-0052] Placement target density:       0.6417
[INFO GPL-0076] Removing fillers, count: Before: 2947, After: 2891 (-1.90%)
[INFO GPL-0077] Filler area (um^2)     : Before: 37254.810, After: 36546.880 (-1.90%)
[INFO GPL-0078] Removed fillers count: 56, area removed: 707.930 um^2. Remaining area to be compensated by modifying density: 3.999 um^2
[INFO GPL-0058] White space area:           360348.102 um^2 (+0.00%)
[INFO GPL-0059] Movable instances area:     231246.594 um^2 (+0.00%)
[INFO GPL-0060] Total filler area:           36546.880 um^2 (-1.90%)
[INFO GPL-0061] Total non-inflated area:    231253.821 um^2 (+0.00%)
[INFO GPL-0062] Total inflated area:        231965.750 um^2 (+0.00%)
[INFO GPL-0063] New Target Density:             0.6417
[INFO GPL-0087] Routability end iteration: increase inflation and revert back to snapshot.
Iteration | Overflow |     HPWL (um) |  HPWL(%) |   Penalty | Group
---------------------------------------------------------------
      790 |   0.5951 |  4.686747e+05 |   -6.32% |  6.73e-10 |      
      800 |   0.5907 |  4.743060e+05 |   +1.20% |  9.91e-10 |      
      810 |   0.5668 |  4.841843e+05 |   +2.08% |  1.46e-09 |      
      820 |   0.5291 |  4.882212e+05 |   +0.83% |  2.15e-09 |      
      830 |   0.5035 |  4.900169e+05 |   +0.37% |  3.16e-09 |      
      840 |   0.4772 |  4.964742e+05 |   +1.32% |  4.66e-09 |      
      850 |   0.4488 |  5.003336e+05 |   +0.78% |  6.86e-09 |      
      860 |   0.4175 |  5.008512e+05 |   +0.10% |  1.01e-08 |      
      870 |   0.3820 |  4.991869e+05 |   -0.33% |  1.49e-08 |      
      880 |   0.3494 |  5.006888e+05 |   +0.30% |  2.19e-08 |      
      890 |   0.3159 |  5.018884e+05 |   +0.24% |  3.23e-08 |      
[INFO GPL-0040] Routability iteration: 6
[INFO GPL-0041] Total routing overflow: 4.0793
[INFO GPL-0042] Number of overflowed tiles: 82 (1.06%)
[INFO GPL-0043] Average top 0.5% routing congestion: 1.0878
[INFO GPL-0044] Average top 1.0% routing congestion: 1.0523
[INFO GPL-0045] Average top 2.0% routing congestion: 1.0181
[INFO GPL-0046] Average top 5.0% routing congestion: 0.9690
[INFO GPL-0047] Routability iteration weighted routing congestion: 1.0700
[INFO GPL-0048] Routing congestion (1.0700) lower than previous minimum (1.089). Updating minimum.
[INFO GPL-0086] Inflated area:                 473.115 um^2 (+0.24%)
[INFO GPL-0052] Placement target density:       0.6417
[INFO GPL-0076] Removing fillers, count: Before: 2891, After: 2854 (-1.28%)
[INFO GPL-0077] Filler area (um^2)     : Before: 36546.880, After: 36079.141 (-1.28%)
[INFO GPL-0078] Removed fillers count: 37, area removed: 467.739 um^2. Remaining area to be compensated by modifying density: 5.376 um^2
[INFO GPL-0058] White space area:           360348.102 um^2 (+0.00%)
[INFO GPL-0059] Movable instances area:     231246.594 um^2 (+0.00%)
[INFO GPL-0060] Total filler area:           36079.141 um^2 (-1.28%)
[INFO GPL-0061] Total non-inflated area:    231259.197 um^2 (+0.00%)
[INFO GPL-0062] Total inflated area:        231732.312 um^2 (+0.00%)
[INFO GPL-0063] New Target Density:             0.6417
[INFO GPL-0087] Routability end iteration: increase inflation and revert back to snapshot.
Iteration | Overflow |     HPWL (um) |  HPWL(%) |   Penalty | Group
---------------------------------------------------------------
      900 |   0.5885 |  4.773415e+05 |   -4.89% |  7.86e-10 |      
      910 |   0.5877 |  4.774654e+05 |   +0.03% |  1.16e-09 |      
      920 |   0.5507 |  4.872969e+05 |   +2.06% |  1.70e-09 |      
      930 |   0.5165 |  4.892893e+05 |   +0.41% |  2.51e-09 |      
      940 |   0.4945 |  4.931953e+05 |   +0.80% |  3.69e-09 |      
      950 |   0.4643 |  4.989433e+05 |   +1.17% |  5.44e-09 |      
      960 |   0.4360 |  5.019526e+05 |   +0.60% |  8.01e-09 |      
      970 |   0.4043 |  5.009232e+05 |   -0.21% |  1.18e-08 |      
      980 |   0.3696 |  4.998797e+05 |   -0.21% |  1.74e-08 |      
      990 |   0.3339 |  5.021828e+05 |   +0.46% |  2.56e-08 |      
     1000 |   0.3002 |  5.031980e+05 |   +0.20% |  3.77e-08 |      
[INFO GPL-0040] Routability iteration: 7
[INFO GPL-0041] Total routing overflow: 3.2001
[INFO GPL-0042] Number of overflowed tiles: 74 (0.96%)
[INFO GPL-0043] Average top 0.5% routing congestion: 1.0707
[INFO GPL-0044] Average top 1.0% routing congestion: 1.0409
[INFO GPL-0045] Average top 2.0% routing congestion: 1.0119
[INFO GPL-0046] Average top 5.0% routing congestion: 0.9659
[INFO GPL-0047] Routability iteration weighted routing congestion: 1.0558
[INFO GPL-0048] Routing congestion (1.0558) lower than previous minimum (1.07). Updating minimum.
[INFO GPL-0086] Inflated area:                 354.519 um^2 (+0.18%)
[INFO GPL-0052] Placement target density:       0.6417
[INFO GPL-0076] Removing fillers, count: Before: 2854, After: 2826 (-0.98%)
[INFO GPL-0077] Filler area (um^2)     : Before: 36079.141, After: 35725.176 (-0.98%)
[INFO GPL-0078] Removed fillers count: 28, area removed: 353.965 um^2. Remaining area to be compensated by modifying density: 0.554 um^2
[INFO GPL-0058] White space area:           360348.102 um^2 (+0.00%)
[INFO GPL-0059] Movable instances area:     231246.594 um^2 (+0.00%)
[INFO GPL-0060] Total filler area:           35725.176 um^2 (-0.98%)
[INFO GPL-0061] Total non-inflated area:    231259.750 um^2 (+0.00%)
[INFO GPL-0062] Total inflated area:        231614.269 um^2 (+0.00%)
[INFO GPL-0063] New Target Density:             0.6417
[INFO GPL-0087] Routability end iteration: increase inflation and revert back to snapshot.
Iteration | Overflow |     HPWL (um) |  HPWL(%) |   Penalty | Group
---------------------------------------------------------------
     1010 |   0.5908 |  4.753350e+05 |   -5.54% |  9.17e-10 |      
     1020 |   0.5772 |  4.827154e+05 |   +1.55% |  1.35e-09 |      
     1030 |   0.5371 |  4.888961e+05 |   +1.28% |  1.99e-09 |      
     1040 |   0.5087 |  4.904877e+05 |   +0.33% |  2.93e-09 |      
     1050 |   0.4833 |  4.965099e+05 |   +1.23% |  4.31e-09 |      
     1060 |   0.4529 |  5.008463e+05 |   +0.87% |  6.35e-09 |      
     1070 |   0.4242 |  5.023225e+05 |   +0.29% |  9.35e-09 |      
     1080 |   0.3868 |  5.010702e+05 |   -0.25% |  1.38e-08 |      
     1090 |   0.3569 |  5.018329e+05 |   +0.15% |  2.03e-08 |      
     1100 |   0.3222 |  5.029391e+05 |   +0.22% |  2.99e-08 |      
[INFO GPL-0040] Routability iteration: 8
[INFO GPL-0041] Total routing overflow: 3.0748
[INFO GPL-0042] Number of overflowed tiles: 80 (1.03%)
[INFO GPL-0043] Average top 0.5% routing congestion: 1.0666
[INFO GPL-0044] Average top 1.0% routing congestion: 1.0394
[INFO GPL-0045] Average top 2.0% routing congestion: 1.0102
[INFO GPL-0046] Average top 5.0% routing congestion: 0.9651
[INFO GPL-0047] Routability iteration weighted routing congestion: 1.0530
[INFO GPL-0048] Routing congestion (1.0530) lower than previous minimum (1.056). Updating minimum.
[INFO GPL-0086] Inflated area:                 320.741 um^2 (+0.16%)
[INFO GPL-0052] Placement target density:       0.6417
[INFO GPL-0076] Removing fillers, count: Before: 2826, After: 2801 (-0.88%)
[INFO GPL-0077] Filler area (um^2)     : Before: 35725.176, After: 35409.136 (-0.88%)
[INFO GPL-0078] Removed fillers count: 25, area removed: 316.040 um^2. Remaining area to be compensated by modifying density: 4.701 um^2
[INFO GPL-0058] White space area:           360348.102 um^2 (+0.00%)
[INFO GPL-0059] Movable instances area:     231246.594 um^2 (+0.00%)
[INFO GPL-0060] Total filler area:           35409.136 um^2 (-0.88%)
[INFO GPL-0061] Total non-inflated area:    231264.452 um^2 (+0.00%)
[INFO GPL-0062] Total inflated area:        231585.193 um^2 (+0.00%)
[INFO GPL-0063] New Target Density:             0.6417
[INFO GPL-0087] Routability end iteration: increase inflation and revert back to snapshot.
Iteration | Overflow |     HPWL (um) |  HPWL(%) |   Penalty | Group
---------------------------------------------------------------
     1110 |   0.5886 |  4.775130e+05 |   -5.06% |  7.56e-10 |      
     1120 |   0.5890 |  4.773300e+05 |   -0.04% |  1.11e-09 |      
     1130 |   0.5536 |  4.878666e+05 |   +2.21% |  1.64e-09 |      
     1140 |   0.5190 |  4.906439e+05 |   +0.57% |  2.41e-09 |      
     1150 |   0.4977 |  4.939872e+05 |   +0.68% |  3.55e-09 |      
     1160 |   0.4671 |  5.000141e+05 |   +1.22% |  5.23e-09 |      
     1170 |   0.4390 |  5.028508e+05 |   +0.57% |  7.70e-09 |      
     1180 |   0.4077 |  5.022482e+05 |   -0.12% |  1.13e-08 |      
     1190 |   0.3727 |  5.010658e+05 |   -0.24% |  1.67e-08 |      
     1200 |   0.3364 |  5.035401e+05 |   +0.49% |  2.46e-08 |      
     1210 |   0.3033 |  5.044622e+05 |   +0.18% |  3.63e-08 |      
[INFO GPL-0040] Routability iteration: 9
[INFO GPL-0041] Total routing overflow: 2.9333
[INFO GPL-0042] Number of overflowed tiles: 69 (0.89%)
[INFO GPL-0043] Average top 0.5% routing congestion: 1.0672
[INFO GPL-0044] Average top 1.0% routing congestion: 1.0372
[INFO GPL-0045] Average top 2.0% routing congestion: 1.0060
[INFO GPL-0046] Average top 5.0% routing congestion: 0.9604
[INFO GPL-0047] Routability iteration weighted routing congestion: 1.0522
[INFO GPL-0049] Routing congestion (1.0522) higher than minimum (1.0530). Consecutive non-improvement count: 1.
[INFO GPL-0086] Inflated area:                 340.800 um^2 (+0.17%)
[INFO GPL-0052] Placement target density:       0.6417
[INFO GPL-0076] Removing fillers, count: Before: 2801, After: 2775 (-0.93%)
[INFO GPL-0077] Filler area (um^2)     : Before: 35409.136, After: 35080.454 (-0.93%)
[INFO GPL-0078] Removed fillers count: 26, area removed: 328.682 um^2. Remaining area to be compensated by modifying density: 12.118 um^2
[INFO GPL-0058] White space area:           360348.102 um^2 (+0.00%)
[INFO GPL-0059] Movable instances area:     231246.594 um^2 (+0.00%)
[INFO GPL-0060] Total filler area:           35080.454 um^2 (-0.93%)
[INFO GPL-0061] Total non-inflated area:    231276.570 um^2 (+0.01%)
[INFO GPL-0062] Total inflated area:        231617.370 um^2 (+0.01%)
[INFO GPL-0063] New Target Density:             0.6417
[INFO GPL-0087] Routability end iteration: increase inflation and revert back to snapshot.
Iteration | Overflow |     HPWL (um) |  HPWL(%) |   Penalty | Group
---------------------------------------------------------------
     1220 |   0.5903 |  4.763657e+05 |   -5.57% |  8.82e-10 |      
     1230 |   0.5802 |  4.823949e+05 |   +1.27% |  1.30e-09 |      
     1240 |   0.5405 |  4.898044e+05 |   +1.54% |  1.91e-09 |      
     1250 |   0.5101 |  4.917933e+05 |   +0.41% |  2.82e-09 |      
     1260 |   0.4874 |  4.972454e+05 |   +1.11% |  4.15e-09 |      
     1270 |   0.4553 |  5.018840e+05 |   +0.93% |  6.11e-09 |      
     1280 |   0.4279 |  5.035126e+05 |   +0.32% |  9.00e-09 |      
     1290 |   0.3916 |  5.024468e+05 |   -0.21% |  1.33e-08 |      
     1300 |   0.3600 |  5.029442e+05 |   +0.10% |  1.95e-08 |      
     1310 |   0.3237 |  5.043289e+05 |   +0.28% |  2.88e-08 |      
[INFO GPL-0040] Routability iteration: 10
[INFO GPL-0041] Total routing overflow: 2.9085
[INFO GPL-0042] Number of overflowed tiles: 57 (0.74%)
[INFO GPL-0043] Average top 0.5% routing congestion: 1.0699
[INFO GPL-0044] Average top 1.0% routing congestion: 1.0359
[INFO GPL-0045] Average top 2.0% routing congestion: 1.0056
[INFO GPL-0046] Average top 5.0% routing congestion: 0.9610
[INFO GPL-0047] Routability iteration weighted routing congestion: 1.0529
[INFO GPL-0049] Routing congestion (1.0529) higher than minimum (1.0530). Consecutive non-improvement count: 2.
[INFO GPL-0086] Inflated area:                 312.599 um^2 (+0.16%)
[INFO GPL-0052] Placement target density:       0.6417
[INFO GPL-0076] Removing fillers, count: Before: 2775, After: 2751 (-0.86%)
[INFO GPL-0077] Filler area (um^2)     : Before: 35080.454, After: 34777.055 (-0.86%)
[INFO GPL-0078] Removed fillers count: 24, area removed: 303.399 um^2. Remaining area to be compensated by modifying density: 9.200 um^2
[INFO GPL-0058] White space area:           360348.102 um^2 (+0.00%)
[INFO GPL-0059] Movable instances area:     231246.594 um^2 (+0.00%)
[INFO GPL-0060] Total filler area:           34777.055 um^2 (-0.86%)
[INFO GPL-0061] Total non-inflated area:    231285.770 um^2 (+0.00%)
[INFO GPL-0062] Total inflated area:        231598.369 um^2 (+0.00%)
[INFO GPL-0063] New Target Density:             0.6417
[INFO GPL-0087] Routability end iteration: increase inflation and revert back to snapshot.
Iteration | Overflow |     HPWL (um) |  HPWL(%) |   Penalty | Group
---------------------------------------------------------------
     1320 |   0.5903 |  4.764139e+05 |   -5.54% |  7.27e-10 |      
     1330 |   0.5908 |  4.769930e+05 |   +0.12% |  1.07e-09 |      
     1340 |   0.5577 |  4.880109e+05 |   +2.31% |  1.58e-09 |      
     1350 |   0.5223 |  4.914280e+05 |   +0.70% |  2.32e-09 |      
     1360 |   0.4993 |  4.944880e+05 |   +0.62% |  3.42e-09 |      
     1370 |   0.4718 |  5.007613e+05 |   +1.27% |  5.03e-09 |      
     1380 |   0.4412 |  5.036044e+05 |   +0.57% |  7.41e-09 |      
     1390 |   0.4122 |  5.034565e+05 |   -0.03% |  1.09e-08 |      
     1400 |   0.3762 |  5.024350e+05 |   -0.20% |  1.61e-08 |      
     1410 |   0.3423 |  5.047843e+05 |   +0.47% |  2.37e-08 |      
     1420 |   0.3071 |  5.057008e+05 |   +0.18% |  3.49e-08 |      
[INFO GPL-0040] Routability iteration: 11
[INFO GPL-0041] Total routing overflow: 2.7347
[INFO GPL-0042] Number of overflowed tiles: 59 (0.76%)
[INFO GPL-0043] Average top 0.5% routing congestion: 1.0664
[INFO GPL-0044] Average top 1.0% routing congestion: 1.0337
[INFO GPL-0045] Average top 2.0% routing congestion: 1.0037
[INFO GPL-0046] Average top 5.0% routing congestion: 0.9589
[INFO GPL-0047] Routability iteration weighted routing congestion: 1.0501
[INFO GPL-0048] Routing congestion (1.0501) lower than previous minimum (1.053). Updating minimum.
[INFO GPL-0086] Inflated area:                 326.272 um^2 (+0.17%)
[INFO GPL-0052] Placement target density:       0.6417
[INFO GPL-0076] Removing fillers, count: Before: 2751, After: 2726 (-0.91%)
[INFO GPL-0077] Filler area (um^2)     : Before: 34777.055, After: 34461.015 (-0.91%)
[INFO GPL-0078] Removed fillers count: 25, area removed: 316.040 um^2. Remaining area to be compensated by modifying density: 10.232 um^2
[INFO GPL-0058] White space area:           360348.102 um^2 (+0.00%)
[INFO GPL-0059] Movable instances area:     231246.594 um^2 (+0.00%)
[INFO GPL-0060] Total filler area:           34461.015 um^2 (-0.91%)
[INFO GPL-0061] Total non-inflated area:    231296.002 um^2 (+0.00%)
[INFO GPL-0062] Total inflated area:        231622.274 um^2 (+0.00%)
[INFO GPL-0063] New Target Density:             0.6417
[INFO GPL-0087] Routability end iteration: increase inflation and revert back to snapshot.
Iteration | Overflow |     HPWL (um) |  HPWL(%) |   Penalty | Group
---------------------------------------------------------------
     1430 |   0.5906 |  4.769264e+05 |   -5.69% |  8.82e-10 |      
     1440 |   0.5798 |  4.832076e+05 |   +1.32% |  1.30e-09 |      
     1450 |   0.5406 |  4.908308e+05 |   +1.58% |  1.91e-09 |      
     1460 |   0.5115 |  4.929034e+05 |   +0.42% |  2.82e-09 |      
     1470 |   0.4879 |  4.985446e+05 |   +1.14% |  4.15e-09 |      
     1480 |   0.4555 |  5.030811e+05 |   +0.91% |  6.11e-09 |      
     1490 |   0.4279 |  5.046239e+05 |   +0.31% |  8.99e-09 |      
     1500 |   0.3919 |  5.036813e+05 |   -0.19% |  1.33e-08 |      
     1510 |   0.3598 |  5.042360e+05 |   +0.11% |  1.95e-08 |      
     1520 |   0.3247 |  5.057000e+05 |   +0.29% |  2.87e-08 |      
[INFO GPL-0040] Routability iteration: 12
[INFO GPL-0041] Total routing overflow: 2.0140
[INFO GPL-0042] Number of overflowed tiles: 59 (0.76%)
[INFO GPL-0043] Average top 0.5% routing congestion: 1.0484
[INFO GPL-0044] Average top 1.0% routing congestion: 1.0244
[INFO GPL-0045] Average top 2.0% routing congestion: 0.9988
[INFO GPL-0046] Average top 5.0% routing congestion: 0.9572
[INFO GPL-0047] Routability iteration weighted routing congestion: 1.0364
[INFO GPL-0048] Routing congestion (1.0364) lower than previous minimum (1.05). Updating minimum.
[INFO GPL-0086] Inflated area:                 227.613 um^2 (+0.12%)
[INFO GPL-0052] Placement target density:       0.6417
[INFO GPL-0076] Removing fillers, count: Before: 2726, After: 2708 (-0.66%)
[INFO GPL-0077] Filler area (um^2)     : Before: 34461.015, After: 34233.466 (-0.66%)
[INFO GPL-0078] Removed fillers count: 18, area removed: 227.549 um^2. Remaining area to be compensated by modifying density: 0.064 um^2
[INFO GPL-0058] White space area:           360348.102 um^2 (+0.00%)
[INFO GPL-0059] Movable instances area:     231246.594 um^2 (+0.00%)
[INFO GPL-0060] Total filler area:           34233.466 um^2 (-0.66%)
[INFO GPL-0061] Total non-inflated area:    231296.066 um^2 (+0.00%)
[INFO GPL-0062] Total inflated area:        231523.679 um^2 (+0.00%)
[INFO GPL-0063] New Target Density:             0.6417
[INFO GPL-0087] Routability end iteration: increase inflation and revert back to snapshot.
Iteration | Overflow |     HPWL (um) |  HPWL(%) |   Penalty | Group
---------------------------------------------------------------
     1530 |   0.5910 |  4.764831e+05 |   -5.78% |  7.27e-10 |      
     1540 |   0.5909 |  4.776075e+05 |   +0.24% |  1.07e-09 |      
     1550 |   0.5582 |  4.887041e+05 |   +2.32% |  1.58e-09 |      
     1560 |   0.5223 |  4.923350e+05 |   +0.74% |  2.32e-09 |      
     1570 |   0.4999 |  4.957091e+05 |   +0.69% |  3.42e-09 |      
     1580 |   0.4713 |  5.017944e+05 |   +1.23% |  5.03e-09 |      
     1590 |   0.4423 |  5.046015e+05 |   +0.56% |  7.41e-09 |      
     1600 |   0.4118 |  5.044723e+05 |   -0.03% |  1.09e-08 |      
     1610 |   0.3755 |  5.034645e+05 |   -0.20% |  1.61e-08 |      
     1620 |   0.3423 |  5.058910e+05 |   +0.48% |  2.37e-08 |      
     1630 |   0.3080 |  5.068462e+05 |   +0.19% |  3.49e-08 |      
[INFO GPL-0040] Routability iteration: 13
[INFO GPL-0041] Total routing overflow: 1.9985
[INFO GPL-0042] Number of overflowed tiles: 54 (0.70%)
[INFO GPL-0043] Average top 0.5% routing congestion: 1.0491
[INFO GPL-0044] Average top 1.0% routing congestion: 1.0239
[INFO GPL-0045] Average top 2.0% routing congestion: 0.9980
[INFO GPL-0046] Average top 5.0% routing congestion: 0.9567
[INFO GPL-0047] Routability iteration weighted routing congestion: 1.0365
[INFO GPL-0049] Routing congestion (1.0365) higher than minimum (1.0364). Consecutive non-improvement count: 1.
[INFO GPL-0086] Inflated area:                 244.707 um^2 (+0.12%)
[INFO GPL-0052] Placement target density:       0.6417
[INFO GPL-0076] Removing fillers, count: Before: 2708, After: 2689 (-0.70%)
[INFO GPL-0077] Filler area (um^2)     : Before: 34233.466, After: 33993.276 (-0.70%)
[INFO GPL-0078] Removed fillers count: 19, area removed: 240.190 um^2. Remaining area to be compensated by modifying density: 4.517 um^2
[INFO GPL-0058] White space area:           360348.102 um^2 (+0.00%)
[INFO GPL-0059] Movable instances area:     231246.594 um^2 (+0.00%)
[INFO GPL-0060] Total filler area:           33993.276 um^2 (-0.70%)
[INFO GPL-0061] Total non-inflated area:    231300.583 um^2 (+0.00%)
[INFO GPL-0062] Total inflated area:        231545.290 um^2 (+0.00%)
[INFO GPL-0063] New Target Density:             0.6417
[INFO GPL-0087] Routability end iteration: increase inflation and revert back to snapshot.
Iteration | Overflow |     HPWL (um) |  HPWL(%) |   Penalty | Group
---------------------------------------------------------------
     1640 |   0.5908 |  4.773490e+05 |   -5.82% |  8.82e-10 |      
     1650 |   0.5794 |  4.838045e+05 |   +1.35% |  1.30e-09 |      
     1660 |   0.5409 |  4.915375e+05 |   +1.60% |  1.91e-09 |      
     1670 |   0.5121 |  4.939076e+05 |   +0.48% |  2.82e-09 |      
     1680 |   0.4882 |  4.994598e+05 |   +1.12% |  4.15e-09 |      
     1690 |   0.4563 |  5.039283e+05 |   +0.89% |  6.11e-09 |      
     1700 |   0.4279 |  5.054733e+05 |   +0.31% |  8.99e-09 |      
     1710 |   0.3921 |  5.044360e+05 |   -0.21% |  1.32e-08 |      
     1720 |   0.3594 |  5.051139e+05 |   +0.13% |  1.95e-08 |      
     1730 |   0.3248 |  5.068162e+05 |   +0.34% |  2.87e-08 |      
[INFO GPL-0040] Routability iteration: 14
[INFO GPL-0041] Total routing overflow: 1.9160
[INFO GPL-0042] Number of overflowed tiles: 59 (0.76%)
[INFO GPL-0043] Average top 0.5% routing congestion: 1.0464
[INFO GPL-0044] Average top 1.0% routing congestion: 1.0233
[INFO GPL-0045] Average top 2.0% routing congestion: 0.9976
[INFO GPL-0046] Average top 5.0% routing congestion: 0.9563
[INFO GPL-0047] Routability iteration weighted routing congestion: 1.0349
[INFO GPL-0048] Routing congestion (1.0349) lower than previous minimum (1.036). Updating minimum.
[INFO GPL-0086] Inflated area:                 202.403 um^2 (+0.10%)
[INFO GPL-0052] Placement target density:       0.6417
[INFO GPL-0076] Removing fillers, count: Before: 2689, After: 2673 (-0.60%)
[INFO GPL-0077] Filler area (um^2)     : Before: 33993.276, After: 33791.010 (-0.60%)
[INFO GPL-0078] Removed fillers count: 16, area removed: 202.266 um^2. Remaining area to be compensated by modifying density: 0.137 um^2
[INFO GPL-0058] White space area:           360348.102 um^2 (+0.00%)
[INFO GPL-0059] Movable instances area:     231246.594 um^2 (+0.00%)
[INFO GPL-0060] Total filler area:           33791.010 um^2 (-0.60%)
[INFO GPL-0061] Total non-inflated area:    231300.720 um^2 (+0.00%)
[INFO GPL-0062] Total inflated area:        231503.122 um^2 (+0.00%)
[INFO GPL-0063] New Target Density:             0.6417
[INFO GPL-0087] Routability end iteration: increase inflation and revert back to snapshot.
Iteration | Overflow |     HPWL (um) |  HPWL(%) |   Penalty | Group
---------------------------------------------------------------
     1740 |   0.5917 |  4.765367e+05 |   -5.97% |  7.27e-10 |      
     1750 |   0.5910 |  4.781045e+05 |   +0.33% |  1.07e-09 |      
     1760 |   0.5578 |  4.892881e+05 |   +2.34% |  1.58e-09 |      
     1770 |   0.5226 |  4.931225e+05 |   +0.78% |  2.32e-09 |      
     1780 |   0.4997 |  4.966948e+05 |   +0.72% |  3.42e-09 |      
     1790 |   0.4712 |  5.026395e+05 |   +1.20% |  5.03e-09 |      
     1800 |   0.4429 |  5.053707e+05 |   +0.54% |  7.41e-09 |      
     1810 |   0.4118 |  5.052289e+05 |   -0.03% |  1.09e-08 |      
     1820 |   0.3757 |  5.043897e+05 |   -0.17% |  1.61e-08 |      
     1830 |   0.3434 |  5.067639e+05 |   +0.47% |  2.37e-08 |      
     1840 |   0.3073 |  5.077674e+05 |   +0.20% |  3.49e-08 |      
[INFO GPL-0040] Routability iteration: 15
[INFO GPL-0041] Total routing overflow: 1.7410
[INFO GPL-0042] Number of overflowed tiles: 54 (0.70%)
[INFO GPL-0043] Average top 0.5% routing congestion: 1.0429
[INFO GPL-0044] Average top 1.0% routing congestion: 1.0207
[INFO GPL-0045] Average top 2.0% routing congestion: 0.9970
[INFO GPL-0046] Average top 5.0% routing congestion: 0.9555
[INFO GPL-0047] Routability iteration weighted routing congestion: 1.0318
[INFO GPL-0048] Routing congestion (1.0318) lower than previous minimum (1.035). Updating minimum.
[INFO GPL-0086] Inflated area:                 156.399 um^2 (+0.08%)
[INFO GPL-0052] Placement target density:       0.6417
[INFO GPL-0076] Removing fillers, count: Before: 2673, After: 2661 (-0.45%)
[INFO GPL-0077] Filler area (um^2)     : Before: 33791.010, After: 33639.311 (-0.45%)
[INFO GPL-0078] Removed fillers count: 12, area removed: 151.699 um^2. Remaining area to be compensated by modifying density: 4.700 um^2
[INFO GPL-0058] White space area:           360348.102 um^2 (+0.00%)
[INFO GPL-0059] Movable instances area:     231246.594 um^2 (+0.00%)
[INFO GPL-0060] Total filler area:           33639.311 um^2 (-0.45%)
[INFO GPL-0061] Total non-inflated area:    231305.420 um^2 (+0.00%)
[INFO GPL-0062] Total inflated area:        231461.819 um^2 (+0.00%)
[INFO GPL-0063] New Target Density:             0.6417
[INFO GPL-0087] Routability end iteration: increase inflation and revert back to snapshot.
Iteration | Overflow |     HPWL (um) |  HPWL(%) |   Penalty | Group
---------------------------------------------------------------
     1850 |   0.5910 |  4.776790e+05 |   -5.93% |  8.82e-10 |      
     1860 |   0.5792 |  4.842577e+05 |   +1.38% |  1.30e-09 |      
     1870 |   0.5410 |  4.920727e+05 |   +1.61% |  1.91e-09 |      
     1880 |   0.5123 |  4.946200e+05 |   +0.52% |  2.82e-09 |      
     1890 |   0.4878 |  5.001760e+05 |   +1.12% |  4.15e-09 |      
     1900 |   0.4566 |  5.045752e+05 |   +0.88% |  6.11e-09 |      
     1910 |   0.4280 |  5.061790e+05 |   +0.32% |  8.99e-09 |      
     1920 |   0.3924 |  5.049660e+05 |   -0.24% |  1.32e-08 |      
     1930 |   0.3591 |  5.059829e+05 |   +0.20% |  1.95e-08 |      
     1940 |   0.3255 |  5.075242e+05 |   +0.30% |  2.87e-08 |      
[INFO GPL-0040] Routability iteration: 16
[INFO GPL-0041] Total routing overflow: 1.7689
[INFO GPL-0042] Number of overflowed tiles: 50 (0.65%)
[INFO GPL-0043] Average top 0.5% routing congestion: 1.0438
[INFO GPL-0044] Average top 1.0% routing congestion: 1.0203
[INFO GPL-0045] Average top 2.0% routing congestion: 0.9958
[INFO GPL-0046] Average top 5.0% routing congestion: 0.9539
[INFO GPL-0047] Routability iteration weighted routing congestion: 1.0320
[INFO GPL-0049] Routing congestion (1.0320) higher than minimum (1.0318). Consecutive non-improvement count: 1.
[INFO GPL-0086] Inflated area:                 164.463 um^2 (+0.08%)
[INFO GPL-0052] Placement target density:       0.6417
[INFO GPL-0076] Removing fillers, count: Before: 2661, After: 2648 (-0.49%)
[INFO GPL-0077] Filler area (um^2)     : Before: 33639.311, After: 33474.970 (-0.49%)
[INFO GPL-0078] Removed fillers count: 13, area removed: 164.341 um^2. Remaining area to be compensated by modifying density: 0.122 um^2
[INFO GPL-0058] White space area:           360348.102 um^2 (+0.00%)
[INFO GPL-0059] Movable instances area:     231246.594 um^2 (+0.00%)
[INFO GPL-0060] Total filler area:           33474.970 um^2 (-0.49%)
[INFO GPL-0061] Total non-inflated area:    231305.542 um^2 (+0.00%)
[INFO GPL-0062] Total inflated area:        231470.005 um^2 (+0.00%)
[INFO GPL-0063] New Target Density:             0.6417
[INFO GPL-0087] Routability end iteration: increase inflation and revert back to snapshot.
Iteration | Overflow |     HPWL (um) |  HPWL(%) |   Penalty | Group
---------------------------------------------------------------
     1950 |   0.5921 |  4.765710e+05 |   -6.10% |  7.27e-10 |      
     1960 |   0.5910 |  4.784422e+05 |   +0.39% |  1.07e-09 |      
     1970 |   0.5573 |  4.896352e+05 |   +2.34% |  1.58e-09 |      
     1980 |   0.5230 |  4.936579e+05 |   +0.82% |  2.32e-09 |      
     1990 |   0.4999 |  4.972670e+05 |   +0.73% |  3.42e-09 |      
     2000 |   0.4711 |  5.030587e+05 |   +1.16% |  5.03e-09 |      
     2010 |   0.4424 |  5.059236e+05 |   +0.57% |  7.41e-09 |      
     2020 |   0.4115 |  5.058169e+05 |   -0.02% |  1.09e-08 |      
     2030 |   0.3759 |  5.050097e+05 |   -0.16% |  1.61e-08 |      
     2040 |   0.3429 |  5.073815e+05 |   +0.47% |  2.37e-08 |      
     2050 |   0.3067 |  5.082959e+05 |   +0.18% |  3.49e-08 |      
[INFO GPL-0040] Routability iteration: 17
[INFO GPL-0041] Total routing overflow: 1.8921
[INFO GPL-0042] Number of overflowed tiles: 58 (0.75%)
[INFO GPL-0043] Average top 0.5% routing congestion: 1.0464
[INFO GPL-0044] Average top 1.0% routing congestion: 1.0227
[INFO GPL-0045] Average top 2.0% routing congestion: 0.9980
[INFO GPL-0046] Average top 5.0% routing congestion: 0.9545
[INFO GPL-0047] Routability iteration weighted routing congestion: 1.0345
[INFO GPL-0049] Routing congestion (1.0345) higher than minimum (1.0318). Consecutive non-improvement count: 2.
[INFO GPL-0086] Inflated area:                 221.486 um^2 (+0.11%)
[INFO GPL-0052] Placement target density:       0.6417
[INFO GPL-0076] Removing fillers, count: Before: 2648, After: 2631 (-0.64%)
[INFO GPL-0077] Filler area (um^2)     : Before: 33474.970, After: 33260.063 (-0.64%)
[INFO GPL-0078] Removed fillers count: 17, area removed: 214.907 um^2. Remaining area to be compensated by modifying density: 6.578 um^2
[INFO GPL-0058] White space area:           360348.102 um^2 (+0.00%)
[INFO GPL-0059] Movable instances area:     231246.594 um^2 (+0.00%)
[INFO GPL-0060] Total filler area:           33260.063 um^2 (-0.64%)
[INFO GPL-0061] Total non-inflated area:    231312.120 um^2 (+0.00%)
[INFO GPL-0062] Total inflated area:        231533.606 um^2 (+0.00%)
[INFO GPL-0063] New Target Density:             0.6417
[INFO GPL-0087] Routability end iteration: increase inflation and revert back to snapshot.
Iteration | Overflow |     HPWL (um) |  HPWL(%) |   Penalty | Group
---------------------------------------------------------------
     2060 |   0.5911 |  4.780656e+05 |   -5.95% |  8.82e-10 |      
     2070 |   0.5791 |  4.847020e+05 |   +1.39% |  1.30e-09 |      
     2080 |   0.5407 |  4.925333e+05 |   +1.62% |  1.91e-09 |      
     2090 |   0.5121 |  4.953236e+05 |   +0.57% |  2.82e-09 |      
     2100 |   0.4867 |  5.008140e+05 |   +1.11% |  4.15e-09 |      
     2110 |   0.4571 |  5.050331e+05 |   +0.84% |  6.11e-09 |      
     2120 |   0.4285 |  5.067644e+05 |   +0.34% |  8.99e-09 |      
     2130 |   0.3924 |  5.056548e+05 |   -0.22% |  1.32e-08 |      
     2140 |   0.3590 |  5.065173e+05 |   +0.17% |  1.95e-08 |      
     2150 |   0.3247 |  5.080851e+05 |   +0.31% |  2.87e-08 |      
[INFO GPL-0040] Routability iteration: 18
[INFO GPL-0041] Total routing overflow: 1.9552
[INFO GPL-0042] Number of overflowed tiles: 61 (0.79%)
[INFO GPL-0043] Average top 0.5% routing congestion: 1.0460
[INFO GPL-0044] Average top 1.0% routing congestion: 1.0244
[INFO GPL-0045] Average top 2.0% routing congestion: 0.9987
[INFO GPL-0046] Average top 5.0% routing congestion: 0.9546
[INFO GPL-0047] Routability iteration weighted routing congestion: 1.0352
[INFO GPL-0049] Routing congestion (1.0352) higher than minimum (1.0318). Consecutive non-improvement count: 3.
[INFO GPL-0086] Inflated area:                 204.381 um^2 (+0.10%)
[INFO GPL-0052] Placement target density:       0.6417
[INFO GPL-0076] Removing fillers, count: Before: 2631, After: 2615 (-0.61%)
[INFO GPL-0077] Filler area (um^2)     : Before: 33260.063, After: 33057.797 (-0.61%)
[INFO GPL-0078] Removed fillers count: 16, area removed: 202.266 um^2. Remaining area to be compensated by modifying density: 2.116 um^2
[INFO GPL-0054] No improvement in routing congestion for 3 consecutive iterations (limit is 3).
[INFO GPL-0055] Reverting inflation values and target density from the iteration with minimum observed routing congestion.
[INFO GPL-0056] Minimum observed routing congestion: 1.0318
[INFO GPL-0057] Target density at minimum routing congestion: 0.6417
[INFO GPL-0080] Restoring 58 previously removed fillers.
[INFO GPL-0081] Number of fillers before restoration 2615 and after 2673 . Relative change: +2.22%%
[INFO GPL-0082] Total filler area before restoration 33057.80 and after 33791.01 (um^2). Relative change: +2.22%%
[INFO GPL-0089] Routability finished. Reverting to minimal observed routing congestion, could not reach target.
Iteration | Overflow |     HPWL (um) |  HPWL(%) |   Penalty | Group
---------------------------------------------------------------
     2160 |   0.5933 |  4.742462e+05 |   -6.66% |  7.00e-10 |      
     2170 |   0.5897 |  4.770532e+05 |   +0.59% |  1.03e-09 |      
     2180 |   0.5601 |  4.881697e+05 |   +2.33% |  1.52e-09 |      
     2190 |   0.5251 |  4.927714e+05 |   +0.94% |  2.23e-09 |      
     2200 |   0.5000 |  4.960142e+05 |   +0.66% |  3.29e-09 |      
     2210 |   0.4738 |  5.022223e+05 |   +1.25% |  4.84e-09 |      
     2220 |   0.4448 |  5.050677e+05 |   +0.57% |  7.13e-09 |      
     2230 |   0.4134 |  5.053440e+05 |   +0.05% |  1.05e-08 |      
     2240 |   0.3785 |  5.041881e+05 |   -0.23% |  1.55e-08 |      
     2250 |   0.3455 |  5.064855e+05 |   +0.46% |  2.28e-08 |      
     2260 |   0.3105 |  5.077183e+05 |   +0.24% |  3.36e-08 |      
     2270 |   0.2730 |  5.078841e+05 |   +0.03% |  4.94e-08 |      
     2280 |   0.2420 |  5.093832e+05 |   +0.30% |  7.28e-08 |      
     2290 |   0.2123 |  5.108834e+05 |   +0.29% |  1.07e-07 |      
[INFO GPL-0100] Timing-driven iteration 2/2, virtual: false.
[INFO GPL-0101]    Iter: 2297, overflow: 0.195, keep resizer changes at: 1, HPWL: 511585498
Iteration |   Area    | Resized | Buffers | Nets repaired | Remaining
---------------------------------------------------------------------
        0 |     +0.0% |       0 |       0 |             0 |     16867
    final |     +0.0% |       3 |       2 |             3 |         0
---------------------------------------------------------------------
[INFO RSZ-0034] Found 4 slew violations.
[INFO RSZ-0036] Found 1 capacitance violations.
[INFO RSZ-0039] Resized 3 instances.
[INFO RSZ-0038] Inserted 2 buffers in 3 nets.
   Iter   |    Area   | Removed | Inserted |   Pins
          |           | Buffers | Buffers  | Remaining
-------------------------------------------------------
        0 |     +0.0% |       0 |        0 |     14719
     1400 |     -0.0% |     377 |      370 |     13319
     2800 |     -0.1% |     457 |      439 |     11919
     4200 |     -0.2% |     562 |      520 |     10519
     5600 |     -0.2% |     598 |      566 |      9119
     7000 |     -0.0% |     706 |      701 |      7719
     8400 |     -0.1% |     735 |      728 |      6319
     9800 |     +0.0% |     951 |      942 |      4919
    11200 |     +0.1% |    1090 |     1075 |      3519
    12600 |     +0.5% |    1255 |     1329 |      2119
    14000 |     -0.9% |    1592 |     1335 |       719
    final |     -0.9% |    1633 |     1369 |         0
-------------------------------------------------------
[INFO GPL-0106] Timing-driven: worst slack -2.2014618e-10
[INFO GPL-0107] Timing-driven: repair_design delta area: -2550.081 um^2 (-1.29%)
[INFO GPL-0108] Timing-driven: repair_design, gpl delta gcells: -262 (-1.64%)
[INFO GPL-0109] Timing-driven: repair_design, gcells created: 1371, deleted: 1633
[INFO GPL-0110] Timing-driven: new target density: 0.6363097
Iteration | Overflow |     HPWL (um) |  HPWL(%) |   Penalty | Group
---------------------------------------------------------------
     2300 |   0.1880 |  5.457095e+05 |   +6.82% |  1.58e-07 |      
     2310 |   0.1657 |  5.373586e+05 |   -1.53% |  2.32e-07 |      
     2320 |   0.1435 |  5.349777e+05 |   -0.44% |  3.42e-07 |      
     2330 |   0.1249 |  5.341824e+05 |   -0.15% |  5.04e-07 |      
     2340 |   0.1067 |  5.341051e+05 |   -0.01% |  7.42e-07 |      
     2344 |   0.0995 |  5.341203e+05 |          |  9.00e-07 |      
---------------------------------------------------------------
[INFO GPL-1001] Global placement finished at iteration 2344
[INFO GPL-1017] Routability mode iteration count: 1962
[INFO GPL-1005] Routability final weighted congestion: 1.0551
[INFO GPL-1002] Placed Cell Area            194959.6287
[INFO GPL-1003] Available Free Area         360348.1024
[INFO GPL-1004] Minimum Feasible Density        0.4900 (cell_area / free_area)
[INFO GPL-1006]   Suggested Target Densities:
[INFO GPL-1007]     - For 90% usage of free space: 0.6011
[INFO GPL-1008]     - For 80% usage of free space: 0.6763
[INFO GPL-1011] Original area (um^2): 174492.45
[INFO GPL-1012] Total routability artificial inflation: 7979.54 (+4.57%)
[INFO GPL-1013] Total timing-driven delta area: 12487.65 (+7.16%)
[INFO GPL-1014] Final placement area: 194959.63 (+11.73%)
Took 21 seconds: global_placement -density 0.6 -pad_left 0 -pad_right 0 -routability_driven -timing_driven -force_center_initial_place -min_phi_coef 0.95 -max_phi_coef 1.05
estimate_parasitics -placement
Report metrics stage 3, global place...

==========================================================================
global place report_design_area
--------------------------------------------------------------------------
Design area 187347 um^2 51% utilization.
write_db ./results/sky130hd/chia_sha256_benchmark_corrupted/slot1/3_3_place_gp.odb
Log                       Ext     Elapsed/s Peak Memory/MB sha1sum result [0:20)
3_3_place_gp              .odb           24            401 c9af10979bfe6fd017b4
/root/OpenROAD-flow-scripts/flow/scripts/flow.sh 3_4_place_resized resize
Running resize.tcl, stage 3_4_place_resized
read_liberty /root/OpenROAD-flow-scripts/flow/platforms/sky130hd/lib/sky130_fd_sc_hd__tt_025C_1v80.lib
read_db ./results/sky130hd/chia_sha256_benchmark_corrupted/slot1/3_3_place_gp.odb
read_sdc ./results/sky130hd/chia_sha256_benchmark_corrupted/slot1/2_floorplan.sdc
source /root/OpenROAD-flow-scripts/flow/platforms/sky130hd/setRC.tcl
estimate_parasitics -placement
Perform buffer insertion and gate resizing...
repair_design -verbose -match_cell_footprint
Iteration |   Area    | Resized | Buffers | Nets repaired | Remaining
---------------------------------------------------------------------
        0 |     +0.0% |       0 |       0 |             0 |     16605
     1000 |     +0.0% |       0 |       0 |             0 |     15605
     2000 |     +0.0% |       0 |       0 |             0 |     14605
     3000 |     +0.0% |       0 |       0 |             0 |     13605
     4000 |     +0.0% |       0 |       0 |             0 |     12605
     5000 |     +0.0% |       0 |       0 |             0 |     11605
     6000 |     +0.0% |       0 |       0 |             0 |     10605
     7000 |     +0.0% |       0 |       0 |             0 |      9605
     8000 |     +0.0% |       0 |       0 |             0 |      8605
     9000 |     +0.0% |       0 |       0 |             0 |      7605
    10000 |     +0.0% |       0 |       0 |             0 |      6605
    11000 |     +0.0% |       0 |       0 |             0 |      5605
    12000 |     +0.0% |       0 |       0 |             0 |      4605
    13000 |     +0.0% |       0 |       0 |             0 |      3605
    14000 |     +0.0% |       0 |       0 |             0 |      2605
    15000 |     +0.0% |       0 |       0 |             0 |      1605
    16000 |     +0.0% |       0 |       0 |             0 |       605
    final |     +0.0% |       0 |       0 |             0 |         0
---------------------------------------------------------------------
[INFO RSZ-0504] Runtime: 0.74s
Repair setup and hold violations...
estimate_parasitics -placement
repair_timing -repair_tns 100 -match_cell_footprint -verbose
[INFO RSZ-0100] Repair move sequence: UnbufferMove SizeUpMove SwapPinsMove BufferMove CloneMove SplitLoadMove 
[INFO RSZ-0094] Found 46 endpoints with setup violations.
[INFO RSZ-0099] Repairing 46 out of 46 (100.00%) violating endpoints...
   Iter   | Removed | Resized | Inserted | Cloned |  Pin  |   Area   |    WNS   |   StTNS    |   EnTNS    |  Viol  |  Worst  
          | Buffers |  Gates  | Buffers  |  Gates | Swaps |          |          |            |            | Endpts | St/EnPt 
------------------------------------------------------------------------------------------------------------------------------
       0* |       0 |       0 |        0 |      0 |     0 |    +0.0% |   -0.960 |       -2.6 |      -22.4 |     46 | digest\[255\]$_DFFE_PN0P_/D
      10* |       0 |       9 |        0 |      0 |     0 |    +0.0% |   -0.593 |       -1.6 |       -9.5 |     46 | digest\[255\]$_DFFE_PN0P_/D
      20* |       0 |      19 |        0 |      0 |     0 |    +0.1% |   -0.304 |       -0.8 |       -2.6 |     46 | digest\[251\]$_DFFE_PN0P_/D
      30* |       0 |      28 |        0 |      0 |     1 |    +0.1% |   -0.196 |       -0.5 |       -1.7 |     46 | digest\[255\]$_DFFE_PN0P_/D
      40* |       0 |      37 |        0 |      0 |     2 |    +0.1% |   -0.217 |       -0.6 |       -1.4 |     46 | digest\[251\]$_DFFE_PN0P_/D
      50* |       0 |      42 |        3 |      2 |     4 |    +0.2% |   -0.153 |       -0.4 |       -0.9 |     46 | digest\[251\]$_DFFE_PN0P_/D
      60* |       0 |      47 |        5 |      4 |     5 |    +0.2% |   -0.210 |       -0.4 |       -1.7 |     46 | digest\[255\]$_DFFE_PN0P_/D
      70* |       0 |      54 |        6 |      4 |     7 |    +0.2% |   -0.130 |       -0.2 |       -0.8 |     46 | digest\[251\]$_DFFE_PN0P_/D
      80* |       0 |      58 |       10 |      5 |     8 |    +0.3% |   -0.149 |       -0.3 |       -0.9 |     46 | digest\[251\]$_DFFE_PN0P_/D
      90* |       0 |      63 |       15 |      5 |    10 |    +0.3% |   -0.125 |       -0.3 |       -0.6 |     46 | digest\[251\]$_DFFE_PN0P_/D
     100* |       0 |      70 |       16 |      5 |    12 |    +0.4% |   -0.085 |       -0.2 |       -0.4 |     46 | digest\[251\]$_DFFE_PN0P_/D
     110* |       0 |      77 |       18 |      7 |    12 |    +0.4% |   -0.099 |       -0.2 |       -0.4 |     46 | digest\[251\]$_DFFE_PN0P_/D
     120* |       0 |      83 |       20 |      7 |    14 |    +0.4% |   -0.081 |       -0.2 |       -0.4 |     46 | digest\[255\]$_DFFE_PN0P_/D
     130* |       0 |      91 |       20 |      7 |    16 |    +0.5% |   -0.064 |       -0.1 |       -0.1 |     46 | digest\[251\]$_DFFE_PN0P_/D
     140* |       0 |      99 |       20 |      9 |    16 |    +0.5% |   -0.061 |       -0.1 |       -0.2 |     46 | digest\[255\]$_DFFE_PN0P_/D
     150* |       0 |     102 |       25 |     10 |    19 |    +0.6% |   -0.050 |       -0.1 |       -0.1 |     46 | digest\[251\]$_DFFE_PN0P_/D
     160* |       0 |     109 |       26 |     11 |    20 |    +0.6% |   -0.059 |       -0.1 |       -0.1 |     46 | digest\[251\]$_DFFE_PN0P_/D
     170* |       0 |     113 |       28 |     11 |    24 |    +0.6% |   -0.037 |       -0.1 |       -0.0 |     46 | digest\[251\]$_DFFE_PN0P_/D
     173* |       0 |     115 |       28 |     11 |    25 |    +0.7% |   -0.001 |       -0.0 |       -0.0 |     46 | digest\[255\]$_DFFE_PN0P_/D
     174* |       0 |     115 |       28 |     11 |    25 |    +0.7% |   -0.001 |       -0.0 |       -0.0 |     46 | digest\[255\]$_DFFE_PN0P_/D
     175* |       0 |     115 |       28 |     11 |    25 |    +0.7% |   -0.001 |       -0.0 |       -0.0 |     46 | digest\[255\]$_DFFE_PN0P_/D
     176* |       0 |     115 |       28 |     11 |    25 |    +0.7% |   -0.001 |       -0.0 |       -0.0 |     46 | digest\[255\]$_DFFE_PN0P_/D
     177* |       0 |     115 |       28 |     11 |    25 |    +0.7% |   -0.001 |       -0.0 |       -0.0 |     46 | digest\[255\]$_DFFE_PN0P_/D
     178* |       0 |     115 |       28 |     11 |    25 |    +0.7% |   -0.001 |       -0.0 |       -0.0 |     46 | digest\[255\]$_DFFE_PN0P_/D
     179* |       0 |     115 |       28 |     11 |    25 |    +0.7% |   -0.001 |       -0.0 |       -0.0 |     46 | digest\[255\]$_DFFE_PN0P_/D
     180* |       0 |     115 |       28 |     11 |    25 |    +0.7% |   -0.001 |       -0.0 |       -0.0 |     46 | digest\[255\]$_DFFE_PN0P_/D
     180* |       0 |     115 |       28 |     11 |    25 |    +0.7% |   -0.001 |       -0.0 |       -0.0 |     46 | digest\[255\]$_DFFE_PN0P_/D
     181* |       0 |     115 |       28 |     11 |    25 |    +0.7% |   -0.001 |       -0.0 |       -0.0 |     46 | digest\[255\]$_DFFE_PN0P_/D
     182* |       0 |     115 |       28 |     11 |    25 |    +0.7% |   -0.001 |       -0.0 |       -0.0 |     46 | digest\[255\]$_DFFE_PN0P_/D
     183* |       0 |     115 |       28 |     11 |    25 |    +0.7% |   -0.001 |       -0.0 |       -0.0 |     46 | digest\[255\]$_DFFE_PN0P_/D
     184* |       0 |     115 |       28 |     11 |    25 |    +0.7% |   -0.001 |       -0.0 |       -0.0 |     46 | digest\[255\]$_DFFE_PN0P_/D
     185* |       0 |     115 |       28 |     11 |    25 |    +0.7% |   -0.001 |       -0.0 |       -0.0 |     46 | digest\[255\]$_DFFE_PN0P_/D
     186* |       0 |     115 |       28 |     11 |    25 |    +0.7% |   -0.001 |       -0.0 |       -0.0 |     46 | digest\[255\]$_DFFE_PN0P_/D
     187* |       0 |     115 |       28 |     11 |    25 |    +0.7% |   -0.001 |       -0.0 |       -0.0 |     46 | digest\[255\]$_DFFE_PN0P_/D
     188* |       0 |     115 |       28 |     11 |    25 |    +0.7% |   -0.001 |       -0.0 |       -0.0 |     46 | digest\[255\]$_DFFE_PN0P_/D
     189* |       0 |     115 |       28 |     11 |    25 |    +0.7% |   -0.001 |       -0.0 |       -0.0 |     46 | digest\[255\]$_DFFE_PN0P_/D
     190* |       0 |     115 |       28 |     11 |    25 |    +0.7% |   -0.001 |       -0.0 |       -0.0 |     46 | digest\[255\]$_DFFE_PN0P_/D
     190* |       0 |     115 |       28 |     11 |    25 |    +0.7% |   -0.001 |       -0.0 |       -0.0 |     46 | digest\[255\]$_DFFE_PN0P_/D
     191* |       0 |     115 |       28 |     11 |    25 |    +0.7% |   -0.001 |       -0.0 |       -0.0 |     46 | digest\[255\]$_DFFE_PN0P_/D
     192* |       0 |     115 |       28 |     11 |    25 |    +0.7% |   -0.001 |       -0.0 |       -0.0 |     46 | digest\[255\]$_DFFE_PN0P_/D
     193* |       0 |     115 |       28 |     11 |    25 |    +0.7% |   -0.001 |       -0.0 |       -0.0 |     46 | digest\[255\]$_DFFE_PN0P_/D
     194* |       0 |     115 |       28 |     11 |    25 |    +0.7% |   -0.001 |       -0.0 |       -0.0 |     46 | digest\[255\]$_DFFE_PN0P_/D
     195* |       0 |     115 |       28 |     11 |    25 |    +0.7% |   -0.001 |       -0.0 |       -0.0 |     46 | digest\[255\]$_DFFE_PN0P_/D
     196* |       0 |     115 |       28 |     11 |    25 |    +0.7% |   -0.001 |       -0.0 |       -0.0 |     46 | digest\[255\]$_DFFE_PN0P_/D
     197* |       0 |     115 |       28 |     11 |    25 |    +0.7% |   -0.001 |       -0.0 |       -0.0 |     46 | digest\[255\]$_DFFE_PN0P_/D
     198* |       0 |     115 |       28 |     11 |    25 |    +0.7% |   -0.001 |       -0.0 |       -0.0 |     46 | digest\[255\]$_DFFE_PN0P_/D
     199* |       0 |     115 |       28 |     11 |    25 |    +0.7% |   -0.001 |       -0.0 |       -0.0 |     46 | digest\[255\]$_DFFE_PN0P_/D
     200* |       0 |     115 |       28 |     11 |    25 |    +0.7% |   -0.001 |       -0.0 |       -0.0 |     46 | digest\[255\]$_DFFE_PN0P_/D
     200* |       0 |     115 |       28 |     11 |    25 |    +0.7% |   -0.001 |       -0.0 |       -0.0 |     46 | digest\[255\]$_DFFE_PN0P_/D
     201* |       0 |     115 |       28 |     11 |    25 |    +0.7% |   -0.001 |       -0.0 |       -0.0 |     46 | digest\[255\]$_DFFE_PN0P_/D
     202* |       0 |     115 |       28 |     11 |    25 |    +0.7% |   -0.001 |       -0.0 |       -0.0 |     46 | digest\[255\]$_DFFE_PN0P_/D
     203* |       0 |     115 |       28 |     11 |    25 |    +0.7% |   -0.001 |       -0.0 |       -0.0 |     46 | digest\[255\]$_DFFE_PN0P_/D
     204* |       0 |     115 |       28 |     11 |    25 |    +0.7% |   -0.001 |       -0.0 |       -0.0 |     46 | digest\[255\]$_DFFE_PN0P_/D
     205* |       0 |     115 |       28 |     11 |    25 |    +0.7% |   -0.001 |       -0.0 |       -0.0 |     46 | digest\[255\]$_DFFE_PN0P_/D
     206* |       0 |     115 |       28 |     11 |    25 |    +0.7% |   -0.001 |       -0.0 |       -0.0 |     46 | digest\[255\]$_DFFE_PN0P_/D
     207* |       0 |     115 |       28 |     11 |    25 |    +0.7% |   -0.001 |       -0.0 |       -0.0 |     46 | digest\[255\]$_DFFE_PN0P_/D
     208* |       0 |     115 |       28 |     11 |    25 |    +0.7% |   -0.001 |       -0.0 |       -0.0 |     46 | digest\[255\]$_DFFE_PN0P_/D
     209* |       0 |     115 |       28 |     11 |    25 |    +0.7% |   -0.001 |       -0.0 |       -0.0 |     46 | digest\[255\]$_DFFE_PN0P_/D
     210* |       0 |     115 |       28 |     11 |    25 |    +0.7% |   -0.001 |       -0.0 |       -0.0 |     46 | digest\[255\]$_DFFE_PN0P_/D
     210* |       0 |     115 |       28 |     11 |    25 |    +0.7% |   -0.001 |       -0.0 |       -0.0 |     46 | digest\[255\]$_DFFE_PN0P_/D
     211* |       0 |     115 |       28 |     11 |    25 |    +0.7% |   -0.001 |       -0.0 |       -0.0 |     46 | digest\[255\]$_DFFE_PN0P_/D
     212* |       0 |     115 |       28 |     11 |    25 |    +0.7% |   -0.001 |       -0.0 |       -0.0 |     46 | digest\[255\]$_DFFE_PN0P_/D
     213* |       0 |     115 |       28 |     11 |    25 |    +0.7% |   -0.001 |       -0.0 |       -0.0 |     46 | digest\[255\]$_DFFE_PN0P_/D
     214* |       0 |     115 |       28 |     11 |    25 |    +0.7% |   -0.001 |       -0.0 |       -0.0 |     46 | digest\[255\]$_DFFE_PN0P_/D
     215* |       0 |     115 |       28 |     11 |    25 |    +0.7% |   -0.001 |       -0.0 |       -0.0 |     46 | digest\[255\]$_DFFE_PN0P_/D
     216* |       0 |     115 |       28 |     11 |    25 |    +0.7% |   -0.001 |       -0.0 |       -0.0 |     46 | digest\[255\]$_DFFE_PN0P_/D
     217* |       0 |     115 |       28 |     11 |    25 |    +0.7% |   -0.001 |       -0.0 |       -0.0 |     46 | digest\[255\]$_DFFE_PN0P_/D
     218* |       0 |     115 |       28 |     11 |    25 |    +0.7% |   -0.001 |       -0.0 |       -0.0 |     46 | digest\[255\]$_DFFE_PN0P_/D
     218* |       0 |     115 |       28 |     11 |    25 |    +0.7% |   -0.001 |       -0.0 |       -0.0 |     46 | digest\[255\]$_DFFE_PN0P_/D
     219+ |       0 |     116 |       28 |     11 |    25 |    +0.7% |    0.002 |        0.0 |        0.0 |      1 | digest\[251\]$_DFFE_PN0P_/D
    final |       0 |     116 |       28 |     11 |    25 |    +0.7% |    0.002 |        0.0 |        0.0 |      0 | digest\[251\]$_DFFE_PN0P_/D
------------------------------------------------------------------------------------------------------------------------------
[INFO RSZ-0045] Inserted 28 buffers, 2 to split loads.
[INFO RSZ-0051] Resized 116 instances: 116 up, 0 up match, 0 down, 0 VT
[INFO RSZ-0043] Swapped pins on 25 instances.
[INFO RSZ-0049] Cloned 11 instances.
[INFO RSZ-0505] Runtime: 6.40s
[INFO RSZ-0033] No hold violations found.
[INFO RSZ-0506] Runtime: 0.01s
Took 7 seconds: repair_timing -repair_tns 100 -match_cell_footprint -verbose
Floating nets: 
Report metrics stage 3, resizer...

==========================================================================
resizer report_design_area
--------------------------------------------------------------------------
Design area 188568 um^2 51% utilization.
Instance count before 20573, after 20612
Pin count before 61628, after 61706
write_db ./results/sky130hd/chia_sha256_benchmark_corrupted/slot1/3_4_place_resized.odb
Log                       Ext     Elapsed/s Peak Memory/MB sha1sum result [0:20)
3_4_place_resized         .odb           12            220 8ac85668c14c3dbd36f9
/root/OpenROAD-flow-scripts/flow/scripts/flow.sh 3_5_place_dp detail_place
Running detail_place.tcl, stage 3_5_place_dp
read_liberty /root/OpenROAD-flow-scripts/flow/platforms/sky130hd/lib/sky130_fd_sc_hd__tt_025C_1v80.lib
read_db ./results/sky130hd/chia_sha256_benchmark_corrupted/slot1/3_4_place_resized.odb
read_sdc ./results/sky130hd/chia_sha256_benchmark_corrupted/slot1/2_floorplan.sdc
source /root/OpenROAD-flow-scripts/flow/platforms/sky130hd/setRC.tcl
detailed_placement
[INFO DPL-0006] Core area: 366373.88 um^2
[INFO DPL-0007] Movable instances area: 182542.57 um^2
[INFO DPL-0008] Fixed instances area within core: 6025.78 um^2
[INFO DPL-0009] Utilization: 51.5%
[INFO DPL-0005] Diamond search max displacement: +/- 500 sites horizontally, +/- 100 rows vertically.
[INFO DPL-1102] Legalizing using negotiation legalizer.
[INFO DPL-1103] Negotiation base search window: +/-20 sites horizontally, +/-5 rows vertically 
	Automatic search window extension enabled.
	Search window extendable up to the max displacement cap of +/-500 sites, +/-100 rows near walls.
[INFO DPL-1104] NegotiationLegalizer DRC penalty: 5.
[INFO DPL-0392] Negotiation cell height distribution (1 unique row-count(s)):
[INFO DPL-0393]   height 1 row(s): 20612 cells
          |      Total |  Illegal |  Illegal
Iteration | Violations |    Cells |    Sites
---------------------------------------------
        0 |       1013 |       277 |       736
        1 |         22 |         6 |        16
        2 |          6 |         2 |         4
        3 |          0 |         0 |         0
Negotiation phase 1 converged at iteration 3.
[INFO DPL-0500] Runtime: 0.16s
Placement Analysis
---------------------------------
total displacement      50721.9 u
average displacement        2.5 u
max displacement           23.6 u
original HPWL          538534.2 u
legalized HPWL         581140.2 u
delta HPWL                    8 %

improve_placement -max_displacement "5 1"
Detailed placement improvement.
[INFO DPL-0401] Setting random seed to 1.
[INFO DPL-0402] Setting maximum displacement 5 1 to 13600 2720 units.
[INFO DPL-0320] Collected 5588 fixed cells.
[INFO DPL-0318] Collected 15796 single height cells.
[INFO DPL-0321] Collected 0 wide cells.
[INFO DPL-0322] Image (1380, 2720) - (608120, 606560)
[INFO DPL-0310] Assigned 15796 cells into segments.  Movement in X-direction is 0.000000, movement in Y-direction is 0.000000.
[INFO DPL-0313] Found 0 cells in wrong regions.
[INFO DPL-0315] Found 0 row alignment problems.
[INFO DPL-0314] Found 0 site alignment problems.
[INFO DPL-0311] Found 0 overlaps between adjacent cells.
[INFO DPL-0312] Found 0 edge spacing violations and 0 padding violations.
[INFO DPL-0303] Running algorithm for independent set matching.
[INFO DPL-0300] Set matching objective is wirelength.
[INFO DPL-0301] Pass   1 of matching; objective is 5.810470e+08.
[INFO DPL-0302] End of matching; objective is 5.807258e+08, improvement is 0.06 percent.
[INFO DPL-0303] Running algorithm for global swaps.
[INFO DPL-0306] Pass   1 of global swaps; hpwl is 5.745871e+08.
[INFO DPL-0306] Pass   2 of global swaps; hpwl is 5.735133e+08.
[INFO DPL-0307] End of global swaps; objective is 5.735133e+08, improvement is 1.24 percent.
[INFO DPL-0303] Running algorithm for vertical swaps.
[INFO DPL-0308] Pass   1 of vertical swaps; hpwl is 5.719437e+08.
[INFO DPL-0309] End of vertical swaps; objective is 5.719437e+08, improvement is 0.27 percent.
[INFO DPL-0303] Running algorithm for reordering.
[INFO DPL-0304] Pass   1 of reordering; objective is 5.715773e+08.
[INFO DPL-0305] End of reordering; objective is 5.715773e+08, improvement is 0.06 percent.
[INFO DPL-0303] Running algorithm for random improvement.
[INFO DPL-0324] Random improver is using random generator.
[INFO DPL-0325] Random improver is using hpwl objective.
[INFO DPL-0326] Random improver cost string is (a).
[INFO DPL-0332] End of pass, Generator random called 315920 times.
[INFO DPL-0335] Generator random, Cumulative attempts 315920, swaps 43227, moves 79933 since last reset.
[INFO DPL-0333] End of pass, Objective hpwl, Initial cost 5.632998e+08, Scratch cost 5.585390e+08, Incremental cost 5.585390e+08, Mismatch? N
[INFO DPL-0338] End of pass, Total cost is 5.585390e+08.
[INFO DPL-0327] Pass   1 of random improver; improvement in cost is 0.85 percent.
[INFO DPL-0328] End of random improver; improvement is 0.845166 percent.
[INFO DPL-0380] Cell flipping.
[INFO DPL-0382] Changed 0 cell orientations for row compatibility.
[INFO DPL-0383] Performed 4226 cell flips.
[INFO DPL-0384] End of flipping; objective is 5.579998e+08, improvement is 1.56 percent.
[INFO DPL-0313] Found 0 cells in wrong regions.
[INFO DPL-0315] Found 0 row alignment problems.
[INFO DPL-0314] Found 0 site alignment problems.
[INFO DPL-0311] Found 0 overlaps between adjacent cells.
[INFO DPL-0312] Found 0 edge spacing violations and 0 padding violations.
Detailed Improvement Results
------------------------------------------
Original HPWL           581140.2 u (  252405.4,   328734.8)
Final HPWL              558292.6 u (  243136.6,   315155.9)
Delta HPWL                  -3.9 % (      -3.7,       -4.1)

optimize_mirroring
[INFO DPL-0020] Mirrored 616 instances
[INFO DPL-0021] HPWL before          558292.6 u
[INFO DPL-0022] HPWL after           558002.3 u
[INFO DPL-0023] HPWL delta               -0.1 %
[INFO FLW-0012] Placement violations .
estimate_parasitics -placement
Report metrics stage 3, detailed place...

==========================================================================
detailed place report_design_area
--------------------------------------------------------------------------
Design area 188568 um^2 51% utilization.
write_db ./results/sky130hd/chia_sha256_benchmark_corrupted/slot1/3_5_place_dp.odb
write_sdc -no_timestamp ./results/sky130hd/chia_sha256_benchmark_corrupted/slot1/3_place.sdc
Log                       Ext     Elapsed/s Peak Memory/MB sha1sum result [0:20)
3_5_place_dp              .odb            6            239 ff242c8ea64fc7d437e7
cp ./results/sky130hd/chia_sha256_benchmark_corrupted/slot1/3_5_place_dp.odb ./results/sky130hd/chia_sha256_benchmark_corrupted/slot1/3_place.odb
make: Leaving directory '/root/OpenROAD-flow-scripts/flow'

STDERR:
bash: /opt/miniconda/lib/libtinfo.so.6: no version information available (required by bash)
bash: /opt/miniconda/lib/libtinfo.so.6: no version information available (required by bash)
bash: /opt/miniconda/lib/libtinfo.so.6: no version information available (required by bash)
bash: /opt/miniconda/lib/libtinfo.so.6: no version information available (required by bash)
bash: /opt/miniconda/lib/libtinfo.so.6: no version information available (required by bash)
bash: /opt/miniconda/lib/libtinfo.so.6: no version information available (required by bash)
bash: /opt/miniconda/lib/libtinfo.so.6: no version information available (required by bash)
bash: /opt/miniconda/lib/libtinfo.so.6: no version information available (required by bash)
bash: /opt/miniconda/lib/libtinfo.so.6: no version information available (required by bash)
bash: /opt/miniconda/lib/libtinfo.so.6: no version information available (required by bash)
bash: /opt/miniconda/lib/libtinfo.so.6: no version information available (required by bash)
bash: /opt/miniconda/lib/libtinfo.so.6: no version information available (required by bash)
bash: /opt/miniconda/lib/libtinfo.so.6: no version information available (required by bash)
bash: /opt/miniconda/lib/libtinfo.so.6: no version information available (required by bash)
bash: /opt/miniconda/lib/libtinfo.so.6: no version information available (required by bash)
bash: /opt/miniconda/lib/libtinfo.so.6: no version information available (required by bash)
bash: /opt/miniconda/lib/libtinfo.so.6: no version information available (required by bash)
bash: /opt/miniconda/lib/libtinfo.so.6: no version information available (required by bash)
bash: /opt/miniconda/lib/libtinfo.so.6: no version information available (required by bash)
bash: /opt/miniconda/lib/libtinfo.so.6: no version information available (required by bash)
bash: /opt/miniconda/lib/libtinfo.so.6: no version information available (required by bash)
bash: /opt/miniconda/lib/libtinfo.so.6: no version information available (required by bash)
bash: /opt/miniconda/lib/libtinfo.so.6: no version information available (required by bash)
bash: /opt/miniconda/lib/libtinfo.so.6: no version information available (required by bash)
Elapsed time: 0:02.36[h:]min:sec. CPU time: user 2.28 sys 0.06 (98%). Peak memory: 179196KB.
bash: /opt/miniconda/lib/libtinfo.so.6: no version information available (required by bash)
bash: /opt/miniconda/lib/libtinfo.so.6: no version information available (required by bash)
bash: /opt/miniconda/lib/libtinfo.so.6: no version information available (required by bash)
bash: /opt/miniconda/lib/libtinfo.so.6: no version information available (required by bash)
bash: /opt/miniconda/lib/libtinfo.so.6: no version information available (required by bash)
bash: /opt/miniconda/lib/libtinfo.so.6: no version information available (required by bash)
bash: /opt/miniconda/lib/libtinfo.so.6: no version information available (required by bash)
bash: /opt/miniconda/lib/libtinfo.so.6: no version information available (required by bash)
bash: /opt/miniconda/lib/libtinfo.so.6: no version information available (required by bash)
bash: /opt/miniconda/lib/libtinfo.so.6: no version information available (required by bash)
bash: /opt/miniconda/lib/libtinfo.so.6: no version information available (required by bash)
bash: /opt/miniconda/lib/libtinfo.so.6: no version information available (required by bash)
bash: /opt/miniconda/lib/libtinfo.so.6: no version information available (required by bash)
bash: /opt/miniconda/lib/libtinfo.so.6: no version information available (required by bash)
Elapsed time: 0:00.40[h:]min:sec. CPU time: user 0.34 sys 0.06 (97%). Peak memory: 158824KB.
bash: /opt/miniconda/lib/libtinfo.so.6: no version information available (required by bash)
bash: /opt/miniconda/lib/libtinfo.so.6: no version information available (required by bash)
bash: /opt/miniconda/lib/libtinfo.so.6: no version information available (required by bash)
bash: /opt/miniconda/lib/libtinfo.so.6: no version information available (required by bash)
bash: /opt/miniconda/lib/libtinfo.so.6: no version information available (required by bash)
bash: /opt/miniconda/lib/libtinfo.so.6: no version information available (required by bash)
bash: /opt/miniconda/lib/libtinfo.so.6: no version information available (required by bash)
bash: /opt/miniconda/lib/libtinfo.so.6: no version information available (required by bash)
bash: /opt/miniconda/lib/libtinfo.so.6: no version information available (required by bash)
bash: /opt/miniconda/lib/libtinfo.so.6: no version information available (required by bash)
bash: /opt/miniconda/lib/libtinfo.so.6: no version information available (required by bash)
bash: /opt/miniconda/lib/libtinfo.so.6: no version information available (required by bash)
bash: /opt/miniconda/lib/libtinfo.so.6: no version information available (required by bash)
bash: /opt/miniconda/lib/libtinfo.so.6: no version information available (required by bash)
Elapsed time: 0:24.39[h:]min:sec. CPU time: user 23.93 sys 0.32 (99%). Peak memory: 410896KB.
bash: /opt/miniconda/lib/libtinfo.so.6: no version information available (required by bash)
bash: /opt/miniconda/lib/libtinfo.so.6: no version information available (required by bash)
bash: /opt/miniconda/lib/libtinfo.so.6: no version information available (required by bash)
bash: /opt/miniconda/lib/libtinfo.so.6: no version information available (required by bash)
bash: /opt/miniconda/lib/libtinfo.so.6: no version information available (required by bash)
bash: /opt/miniconda/lib/libtinfo.so.6: no version information available (required by bash)
bash: /opt/miniconda/lib/libtinfo.so.6: no version information available (required by bash)
bash: /opt/miniconda/lib/libtinfo.so.6: no version information available (required by bash)
bash: /opt/miniconda/lib/libtinfo.so.6: no version information available (required by bash)
bash: /opt/miniconda/lib/libtinfo.so.6: no version information available (required by bash)
bash: /opt/miniconda/lib/libtinfo.so.6: no version information available (required by bash)
bash: /opt/miniconda/lib/libtinfo.so.6: no version information available (required by bash)
bash: /opt/miniconda/lib/libtinfo.so.6: no version information available (required by bash)
bash: /opt/miniconda/lib/libtinfo.so.6: no version information available (required by bash)
Elapsed time: 0:12.15[h:]min:sec. CPU time: user 11.86 sys 0.13 (98%). Peak memory: 226208KB.
bash: /opt/miniconda/lib/libtinfo.so.6: no version information available (required by bash)
bash: /opt/miniconda/lib/libtinfo.so.6: no version information available (required by bash)
bash: /opt/miniconda/lib/libtinfo.so.6: no version information available (required by bash)
bash: /opt/miniconda/lib/libtinfo.so.6: no version information available (required by bash)
bash: /opt/miniconda/lib/libtinfo.so.6: no version information available (required by bash)
bash: /opt/miniconda/lib/libtinfo.so.6: no version information available (required by bash)
bash: /opt/miniconda/lib/libtinfo.so.6: no version information available (required by bash)
bash: /opt/miniconda/lib/libtinfo.so.6: no version information available (required by bash)
bash: /opt/miniconda/lib/libtinfo.so.6: no version information available (required by bash)
bash: /opt/miniconda/lib/libtinfo.so.6: no version information available (required by bash)
bash: /opt/miniconda/lib/libtinfo.so.6: no version information available (required by bash)
bash: /opt/miniconda/lib/libtinfo.so.6: no version information available (required by bash)
bash: /opt/miniconda/lib/libtinfo.so.6: no version information available (required by bash)
bash: /opt/miniconda/lib/libtinfo.so.6: no version information available (required by bash)
Elapsed time: 0:06.51[h:]min:sec. CPU time: user 6.37 sys 0.08 (99%). Peak memory: 244872KB.
bash: /opt/miniconda/lib/libtinfo.so.6: no version information available (required by bash)
bash: /opt/miniconda/lib/libtinfo.so.6: no version information available (required by bash)
bash: /opt/miniconda/lib/libtinfo.so.6: no version information available (required by bash)
bash: /opt/miniconda/lib/libtinfo.so.6: no version information available (required by bash)
bash: /opt/miniconda/lib/libtinfo.so.6: no version information available (required by bash)
bash: /opt/miniconda/lib/libtinfo.so.6: no version information available (required by bash)
bash: /opt/miniconda/lib/libtinfo.so.6: no version information available (required by bash)
bash: /opt/miniconda/lib/libtinfo.so.6: no version information available (required by bash)
bash: /opt/miniconda/lib/libtinfo.so.6: no version information available (required by bash)
bash: /opt/miniconda/lib/libtinfo.so.6: no version information available (required by bash)
bash: /opt/miniconda/lib/libtinfo.so.6: no version information available (required by bash)
bash: /opt/miniconda/lib/libtinfo.so.6: no version information available (required by bash)
bash: /opt/miniconda/lib/libtinfo.so.6: no version information available (required by bash)
