make: Entering directory '/root/OpenROAD-flow-scripts/flow'
/root/OpenROAD-flow-scripts/flow/scripts/flow.sh 5_1_grt global_route
Running global_route.tcl, stage 5_1_grt
read_liberty /root/OpenROAD-flow-scripts/flow/platforms/sky130hs/lib/sky130_fd_sc_hs__tt_025C_1v80.lib
read_db ./results/sky130hs/gcd/slot0/4_cts.odb
read_sdc ./results/sky130hs/gcd/slot0/4_cts.sdc
source /root/OpenROAD-flow-scripts/flow/platforms/sky130hs/setRC.tcl
pin_access
[INFO DRT-0149] Reading tech and libs.
[WARNING DRT-0349] LEF58_ENCLOSURE with no CUTCLASS is not supported. Skipping for layer mcon
[WARNING DRT-0349] LEF58_ENCLOSURE with no CUTCLASS is not supported. Skipping for layer mcon
[WARNING DRT-0349] LEF58_ENCLOSURE with no CUTCLASS is not supported. Skipping for layer via
[WARNING DRT-0349] LEF58_ENCLOSURE with no CUTCLASS is not supported. Skipping for layer via
[WARNING DRT-0349] LEF58_ENCLOSURE with no CUTCLASS is not supported. Skipping for layer via2
[WARNING DRT-0349] LEF58_ENCLOSURE with no CUTCLASS is not supported. Skipping for layer via2
[WARNING DRT-0349] LEF58_ENCLOSURE with no CUTCLASS is not supported. Skipping for layer via3
[WARNING DRT-0349] LEF58_ENCLOSURE with no CUTCLASS is not supported. Skipping for layer via3
[WARNING DRT-0349] LEF58_ENCLOSURE with no CUTCLASS is not supported. Skipping for layer via4
[WARNING DRT-0349] LEF58_ENCLOSURE with no CUTCLASS is not supported. Skipping for layer via4

Units:                1000
Number of layers:     13
Number of macros:     390
Number of vias:       29
Number of viarulegen: 25

[INFO DRT-0150] Reading design.

Design:                   gcd
Die area:                 ( 0 0 ) ( 78520 78520 )
Number of track patterns: 12
Number of DEF vias:       0
Number of components:     522
Number of terminals:      56
Number of snets:          2
Number of nets:           495

[INFO DRT-0167] List of default vias:
  Layer via
    default via: M1M2_PR
  Layer via2
    default via: M2M3_PR
  Layer via3
    default via: M3M4_PR
  Layer via4
    default via: M4M5_PR
[INFO DRT-0162] Library cell analysis.
[INFO DRT-0163] Instance analysis.
[INFO DRT-0164] Number of unique instances = 72.
[INFO DRT-0168] Init region query.
[INFO DRT-0024]   Complete FR_MASTERSLICE.
[INFO DRT-0024]   Complete Fr_VIA.
[INFO DRT-0024]   Complete li1.
[INFO DRT-0024]   Complete mcon.
[INFO DRT-0024]   Complete met1.
[INFO DRT-0024]   Complete via.
[INFO DRT-0024]   Complete met2.
[INFO DRT-0024]   Complete via2.
[INFO DRT-0024]   Complete met3.
[INFO DRT-0024]   Complete via3.
[INFO DRT-0024]   Complete met4.
[INFO DRT-0024]   Complete via4.
[INFO DRT-0024]   Complete met5.
[INFO DRT-0033] FR_MASTERSLICE shape region query size = 0.
[INFO DRT-0033] FR_VIA shape region query size = 0.
[INFO DRT-0033] li1 shape region query size = 10254.
[INFO DRT-0033] mcon shape region query size = 5896.
[INFO DRT-0033] met1 shape region query size = 2156.
[INFO DRT-0033] via shape region query size = 290.
[INFO DRT-0033] met2 shape region query size = 199.
[INFO DRT-0033] via2 shape region query size = 232.
[INFO DRT-0033] met3 shape region query size = 203.
[INFO DRT-0033] via3 shape region query size = 232.
[INFO DRT-0033] met4 shape region query size = 76.
[INFO DRT-0033] via4 shape region query size = 13.
[INFO DRT-0033] met5 shape region query size = 23.
[INFO DRT-0165] Start pin access.
[INFO DRT-0078]   Complete 511 pins.
[INFO DRT-0081]   Complete 72 unique inst patterns.
[INFO DRT-0084]   Complete 202 groups.
#scanned instances     = 522
#unique  instances     = 72
#stdCellGenAp          = 1423
#stdCellValidPlanarAp  = 0
#stdCellValidViaAp     = 1161
#stdCellPinNoAp        = 0
#stdCellPinCnt         = 1432
#instTermValidViaApCnt = 0
#macroGenAp            = 0
#macroValidPlanarAp    = 0
#macroValidViaAp       = 0
#macroNoAp             = 0
[INFO DRT-0166] Complete pin access.
[INFO DRT-0267] cpu time = 00:00:06, elapsed time = 00:00:06, memory = 150.09 (MB), peak = 149.90 (MB)
Took 7 seconds: pin_access
global_route -congestion_report_file ./reports/sky130hs/gcd/slot0/congestion.rpt -congestion_iterations 30 -congestion_report_iter_step 5 -verbose
[INFO GRT-0020] Min routing layer: met1
[INFO GRT-0021] Max routing layer: met5
[INFO GRT-0022] Global adjustment: 0%
[INFO GRT-0023] Grid origin: (0, 0)
[INFO GRT-0088] Layer li1     Track-Pitch = 0.4800  line-2-Via Pitch: 0.3400
[INFO GRT-0088] Layer met1    Track-Pitch = 0.3700  line-2-Via Pitch: 0.3400
[INFO GRT-0088] Layer met2    Track-Pitch = 0.4800  line-2-Via Pitch: 0.3500
[INFO GRT-0088] Layer met3    Track-Pitch = 0.7400  line-2-Via Pitch: 0.6150
[INFO GRT-0088] Layer met4    Track-Pitch = 0.9600  line-2-Via Pitch: 1.0400
[INFO GRT-0088] Layer met5    Track-Pitch = 3.3300  line-2-Via Pitch: 3.1100
[INFO GRT-0003] Macros: 0
[INFO GRT-0004] Blockages: 176
[INFO GRT-0019] Found 6 clock nets.
[INFO GRT-0001] Minimum degree: 2
[INFO GRT-0002] Maximum degree: 18

[INFO GRT-0053] Routing resources analysis:
          Routing      Original      Derated      Resource
Layer     Direction    Resources     Resources    Reduction (%)
---------------------------------------------------------------
li1        Vertical            0             0          0.00%
met1       Horizontal       1585          1221          22.97%
met2       Vertical         1278           990          22.54%
met3       Horizontal        914           716          21.66%
met4       Vertical          630           450          28.57%
met5       Horizontal        153           108          29.41%
---------------------------------------------------------------

[INFO GRT-0197] Via related to pin nodes: 2299
[INFO GRT-0198] Via related Steiner nodes: 29
[INFO GRT-0199] Via filling finished.
[INFO GRT-0111] Final number of vias: 2820
[INFO GRT-0112] Final usage 3D: 9667

[INFO GRT-0096] Final congestion report:
Layer         Resource        Demand        Usage (%)    Max H / Max V / Total Congestion
---------------------------------------------------------------------------------------
li1                  0             0            0.00%             0 /  0 /  0
met1              1221           577           47.26%             0 /  0 /  0
met2               990           536           54.14%             0 /  0 /  0
met3               716            40            5.59%             0 /  0 /  0
met4               450            54           12.00%             0 /  0 /  0
met5               108             0            0.00%             0 /  0 /  0
---------------------------------------------------------------------------------------
Total             3485          1207           34.63%             0 /  0 /  0

[INFO GRT-0018] Total wirelength: 14464 um
[INFO GRT-0014] Routed nets: 495
[INFO GRT-0303] Global routing runtime = 00:00:00
[WARNING STA-0450] virtual clock vclk_core_clock can not be propagated.
estimate_parasitics -global_routing
Perform buffer insertion and gate resizing...
repair_design -verbose
Iteration |   Area    | Resized | Buffers | Nets repaired | Remaining
---------------------------------------------------------------------
        0 |     +0.0% |       0 |       0 |             0 |       498
       10 |     +0.0% |       0 |       0 |             0 |       488
       20 |     +0.0% |       0 |       0 |             0 |       478
       30 |     +0.0% |       0 |       0 |             0 |       468
       40 |     +0.0% |       0 |       0 |             0 |       458
       50 |     +0.0% |       0 |       0 |             0 |       448
       60 |     +0.0% |       0 |       0 |             0 |       438
       70 |     +0.0% |       0 |       0 |             0 |       428
       80 |     +0.0% |       0 |       0 |             0 |       418
       90 |     +0.0% |       0 |       0 |             0 |       408
      100 |     +0.0% |       0 |       0 |             0 |       398
      110 |     +0.0% |       0 |       0 |             0 |       388
      120 |     +0.0% |       0 |       0 |             0 |       378
      130 |     +0.0% |       0 |       0 |             0 |       368
      140 |     +0.0% |       0 |       0 |             0 |       358
      150 |     +0.0% |       0 |       0 |             0 |       348
      160 |     +0.0% |       0 |       0 |             0 |       338
      170 |     +0.0% |       0 |       0 |             0 |       328
      180 |     +0.0% |       0 |       0 |             0 |       318
      190 |     +0.0% |       0 |       0 |             0 |       308
      200 |     +0.0% |       0 |       0 |             0 |       298
      210 |     +0.0% |       0 |       0 |             0 |       288
      220 |     +0.0% |       0 |       0 |             0 |       278
      230 |     +0.0% |       0 |       0 |             0 |       268
      240 |     +0.0% |       0 |       0 |             0 |       258
      250 |     +0.0% |       0 |       0 |             0 |       248
      260 |     +0.0% |       0 |       0 |             0 |       238
      270 |     +0.0% |       0 |       0 |             0 |       228
      280 |     +0.0% |       0 |       0 |             0 |       218
      290 |     +0.0% |       0 |       0 |             0 |       208
      300 |     +0.0% |       0 |       0 |             0 |       198
      310 |     +0.0% |       0 |       0 |             0 |       188
      320 |     +0.0% |       0 |       0 |             0 |       178
      330 |     +0.0% |       0 |       0 |             0 |       168
      340 |     +0.0% |       0 |       0 |             0 |       158
      350 |     +0.0% |       0 |       0 |             0 |       148
      360 |     +0.0% |       0 |       0 |             0 |       138
      370 |     +0.0% |       0 |       0 |             0 |       128
      380 |     +0.0% |       0 |       0 |             0 |       118
      390 |     +0.0% |       0 |       0 |             0 |       108
      400 |     +0.0% |       0 |       0 |             0 |        98
      410 |     +0.0% |       0 |       0 |             0 |        88
      420 |     +0.0% |       0 |       0 |             0 |        78
      430 |     +0.0% |       0 |       0 |             0 |        68
      440 |     +0.0% |       0 |       0 |             0 |        58
      450 |     +0.0% |       0 |       0 |             0 |        48
      460 |     +0.0% |       0 |       0 |             0 |        38
      470 |     +0.0% |       0 |       0 |             0 |        28
      480 |     +0.0% |       0 |       0 |             0 |        18
      490 |     +0.0% |       0 |       0 |             0 |         8
    final |     +0.0% |       0 |       0 |             0 |         0
---------------------------------------------------------------------
[INFO RSZ-0504] Runtime: 0.02s
global_route -start_incremental
detailed_placement
[INFO DPL-0006] Core area: 5556.04 um^2
[INFO DPL-0007] Movable instances area: 4547.45 um^2
[INFO DPL-0008] Fixed instances area within core: 95.90 um^2
[INFO DPL-0009] Utilization: 83.6%
[INFO DPL-0005] Diamond search max displacement: +/- 500 sites horizontally, +/- 100 rows vertically.
[INFO DPL-1102] Legalizing using negotiation legalizer.
[INFO DPL-1103] Negotiation base search window: +/-20 sites horizontally, +/-5 rows vertically 
	Automatic search window extension enabled.
	Search window extendable up to the max displacement cap of +/-500 sites, +/-100 rows near walls.
[INFO DPL-1104] NegotiationLegalizer DRC penalty: 5.
[INFO DPL-0392] Negotiation cell height distribution (1 unique row-count(s)):
[INFO DPL-0393]   height 1 row(s): 522 cells
[INFO DPL-0500] Runtime: 0.00s
Placement Analysis
---------------------------------
total displacement          0.0 u
average displacement        0.0 u
max displacement            0.0 u
original HPWL            8059.0 u
legalized HPWL           8059.0 u
delta HPWL                    0 %

global_route -end_incremental -congestion_report_file ./reports/sky130hs/gcd/slot0/congestion_post_repair_design.rpt
Repair setup and hold violations...
estimate_parasitics -global_routing
repair_timing -setup_margin 0 -hold_margin 0 -repair_tns 100 -verbose
[INFO RSZ-0100] Repair move sequence: UnbufferMove SizeUpMove SwapPinsMove BufferMove CloneMove SplitLoadMove 
[INFO RSZ-0094] Found 21 endpoints with setup violations.
[INFO RSZ-0099] Repairing 21 out of 21 (100.00%) violating endpoints...
   Iter   | Removed | Resized | Inserted | Cloned |  Pin  |   Area   |    WNS   |   StTNS    |   EnTNS    |  Viol  |  Worst  
          | Buffers |  Gates  | Buffers  |  Gates | Swaps |          |          |            |            | Endpts | St/EnPt 
------------------------------------------------------------------------------------------------------------------------------
       0* |       0 |       0 |        0 |      0 |     0 |    +0.0% |   -0.156 |       -2.3 |       -2.5 |     21 | dpath.b_reg.out\[12\]$_DFFE_PP_/DE
       5* |       0 |       3 |        1 |      0 |     0 |    +0.5% |   -0.040 |       -0.2 |       -0.6 |     21 | dpath.b_reg.out\[12\]$_DFFE_PP_/DE
      10* |       0 |       5 |        2 |      0 |     1 |    +0.8% |   -0.035 |       -0.1 |       -0.5 |     21 | dpath.b_reg.out\[12\]$_DFFE_PP_/DE
      20* |       0 |       9 |        8 |      0 |     3 |    +2.3% |   -0.055 |       -0.4 |       -0.8 |     21 | dpath.b_reg.out\[12\]$_DFFE_PP_/DE
      30* |       0 |      15 |       13 |      1 |     3 |    +3.6% |   -0.065 |       -1.0 |       -0.6 |     21 | dpath.b_reg.out\[2\]$_DFFE_PP_/DE
      40* |       0 |      18 |       20 |      1 |     6 |    +5.6% |   -0.052 |       -0.9 |       -0.5 |     21 | dpath.b_reg.out\[2\]$_DFFE_PP_/DE
      50* |       0 |      20 |       25 |      1 |     9 |    +6.5% |   -0.048 |       -0.9 |       -0.4 |     21 | dpath.b_reg.out\[2\]$_DFFE_PP_/DE
      52* |       0 |       5 |        2 |      0 |     0 |    +0.8% |   -0.016 |       -0.0 |       -0.2 |     21 | dpath.b_reg.out\[12\]$_DFFE_PP_/DE
      60* |       0 |       8 |        8 |      0 |     0 |    +2.2% |   -0.029 |       -0.2 |       -0.4 |     21 | dpath.b_reg.out\[12\]$_DFFE_PP_/DE
      70* |       0 |      14 |       14 |      0 |     0 |    +3.4% |   -0.021 |       -0.1 |       -0.3 |     21 | dpath.b_reg.out\[12\]$_DFFE_PP_/DE
      77* |       0 |       5 |        2 |      0 |     0 |    +0.8% |   -0.016 |       -0.0 |       -0.2 |     21 | dpath.b_reg.out\[12\]$_DFFE_PP_/DE
      80* |       0 |       5 |        5 |      0 |     0 |    +1.5% |   -0.047 |       -0.4 |       -0.7 |     21 | dpath.b_reg.out\[12\]$_DFFE_PP_/DE
      90* |       0 |      11 |       11 |      0 |     0 |    +2.8% |   -0.036 |       -0.2 |       -0.5 |     21 | dpath.b_reg.out\[12\]$_DFFE_PP_/DE
     100* |       0 |      17 |       16 |      1 |     0 |    +4.2% |   -0.043 |       -0.6 |       -0.3 |     21 | dpath.b_reg.out\[2\]$_DFFE_PP_/DE
     102* |       0 |       5 |        2 |      0 |     0 |    +0.8% |   -0.016 |       -0.0 |       -0.2 |     21 | dpath.b_reg.out\[12\]$_DFFE_PP_/DE
     110* |       0 |       8 |        8 |      0 |     0 |    +2.2% |   -0.029 |       -0.2 |       -0.4 |     21 | dpath.b_reg.out\[12\]$_DFFE_PP_/DE
     120* |       0 |      14 |       14 |      0 |     0 |    +3.4% |   -0.021 |       -0.1 |       -0.3 |     21 | dpath.b_reg.out\[12\]$_DFFE_PP_/DE
     127* |       0 |       5 |        2 |      0 |     0 |    +0.8% |   -0.016 |       -0.0 |       -0.2 |     21 | dpath.b_reg.out\[12\]$_DFFE_PP_/DE
     130* |       0 |       5 |        5 |      0 |     0 |    +1.5% |   -0.047 |       -0.4 |       -0.7 |     21 | dpath.b_reg.out\[12\]$_DFFE_PP_/DE
     140* |       0 |      11 |       11 |      0 |     0 |    +2.8% |   -0.036 |       -0.2 |       -0.5 |     21 | dpath.b_reg.out\[12\]$_DFFE_PP_/DE
     150* |       0 |      17 |       16 |      1 |     0 |    +4.2% |   -0.043 |       -0.6 |       -0.3 |     21 | dpath.b_reg.out\[2\]$_DFFE_PP_/DE
     152* |       0 |       5 |        2 |      0 |     0 |    +0.8% |   -0.016 |       -0.0 |       -0.2 |     21 | dpath.b_reg.out\[12\]$_DFFE_PP_/DE
     160* |       0 |       8 |        8 |      0 |     0 |    +2.2% |   -0.029 |       -0.2 |       -0.4 |     21 | dpath.b_reg.out\[12\]$_DFFE_PP_/DE
     170* |       0 |      14 |       14 |      0 |     0 |    +3.4% |   -0.021 |       -0.1 |       -0.3 |     21 | dpath.b_reg.out\[12\]$_DFFE_PP_/DE
     177* |       0 |       5 |        2 |      0 |     0 |    +0.8% |   -0.016 |       -0.0 |       -0.2 |     21 | dpath.b_reg.out\[12\]$_DFFE_PP_/DE
     180* |       0 |       5 |        5 |      0 |     0 |    +1.5% |   -0.047 |       -0.4 |       -0.7 |     21 | dpath.b_reg.out\[12\]$_DFFE_PP_/DE
     190* |       0 |      11 |       11 |      0 |     0 |    +2.8% |   -0.036 |       -0.2 |       -0.5 |     21 | dpath.b_reg.out\[12\]$_DFFE_PP_/DE
     200* |       0 |      17 |       16 |      1 |     0 |    +4.2% |   -0.043 |       -0.6 |       -0.3 |     21 | dpath.b_reg.out\[2\]$_DFFE_PP_/DE
     202* |       0 |       5 |        2 |      0 |     0 |    +0.8% |   -0.016 |       -0.0 |       -0.2 |     21 | dpath.b_reg.out\[12\]$_DFFE_PP_/DE
     210* |       0 |       8 |        8 |      0 |     0 |    +2.2% |   -0.029 |       -0.2 |       -0.4 |     21 | dpath.b_reg.out\[12\]$_DFFE_PP_/DE
     220* |       0 |      14 |       14 |      0 |     0 |    +3.4% |   -0.021 |       -0.1 |       -0.3 |     21 | dpath.b_reg.out\[12\]$_DFFE_PP_/DE
     229* |       0 |      19 |       18 |      1 |     0 |    +4.7% |   -0.007 |       -0.0 |       -0.1 |     21 | dpath.b_reg.out\[12\]$_DFFE_PP_/DE
     230* |       0 |      19 |       18 |      1 |     0 |    +4.7% |   -0.007 |       -0.0 |       -0.1 |     21 | dpath.b_reg.out\[12\]$_DFFE_PP_/DE
     230* |       0 |      19 |       18 |      1 |     0 |    +4.7% |   -0.007 |       -0.0 |       -0.1 |     21 | dpath.b_reg.out\[12\]$_DFFE_PP_/DE
     231* |       0 |      19 |       18 |      1 |     0 |    +4.7% |   -0.007 |       -0.0 |       -0.1 |     21 | dpath.b_reg.out\[12\]$_DFFE_PP_/DE
     232* |       0 |      19 |       18 |      1 |     0 |    +4.7% |   -0.007 |       -0.0 |       -0.1 |     21 | dpath.b_reg.out\[12\]$_DFFE_PP_/DE
     233* |       0 |      19 |       18 |      1 |     0 |    +4.7% |   -0.007 |       -0.0 |       -0.1 |     21 | dpath.b_reg.out\[12\]$_DFFE_PP_/DE
     234* |       0 |      19 |       18 |      1 |     0 |    +4.7% |   -0.007 |       -0.0 |       -0.1 |     21 | dpath.b_reg.out\[12\]$_DFFE_PP_/DE
     235* |       0 |      19 |       18 |      1 |     0 |    +4.7% |   -0.007 |       -0.0 |       -0.1 |     21 | dpath.b_reg.out\[12\]$_DFFE_PP_/DE
     236* |       0 |      19 |       18 |      1 |     0 |    +4.7% |   -0.007 |       -0.0 |       -0.1 |     21 | dpath.b_reg.out\[12\]$_DFFE_PP_/DE
     237* |       0 |      19 |       18 |      1 |     0 |    +4.7% |   -0.007 |       -0.0 |       -0.1 |     21 | dpath.b_reg.out\[12\]$_DFFE_PP_/DE
     238* |       0 |      19 |       18 |      1 |     0 |    +4.7% |   -0.007 |       -0.0 |       -0.1 |     21 | dpath.b_reg.out\[12\]$_DFFE_PP_/DE
     239* |       0 |      19 |       18 |      1 |     0 |    +4.7% |   -0.007 |       -0.0 |       -0.1 |     21 | dpath.b_reg.out\[12\]$_DFFE_PP_/DE
     240* |       0 |      19 |       18 |      1 |     0 |    +4.7% |   -0.007 |       -0.0 |       -0.1 |     21 | dpath.b_reg.out\[12\]$_DFFE_PP_/DE
     240* |       0 |      19 |       18 |      1 |     0 |    +4.7% |   -0.007 |       -0.0 |       -0.1 |     21 | dpath.b_reg.out\[12\]$_DFFE_PP_/DE
     241* |       0 |      19 |       18 |      1 |     0 |    +4.7% |   -0.007 |       -0.0 |       -0.1 |     21 | dpath.b_reg.out\[12\]$_DFFE_PP_/DE
     241* |       0 |      19 |       18 |      1 |     0 |    +4.7% |   -0.007 |       -0.0 |       -0.1 |     21 | dpath.b_reg.out\[12\]$_DFFE_PP_/DE
     242+ |       0 |      19 |       18 |      1 |     0 |    +4.7% |   -0.007 |       -0.0 |       -0.1 |     14 | dpath.b_reg.out\[12\]$_DFFE_PP_/DE
     243+ |       0 |      19 |       18 |      1 |     0 |    +4.7% |   -0.007 |       -0.0 |       -0.1 |     14 | dpath.b_reg.out\[12\]$_DFFE_PP_/DE
     244+ |       0 |      19 |       18 |      1 |     0 |    +4.7% |   -0.007 |       -0.0 |       -0.1 |     14 | dpath.b_reg.out\[12\]$_DFFE_PP_/DE
     245+ |       0 |      19 |       18 |      1 |     0 |    +4.7% |   -0.007 |       -0.0 |       -0.1 |     14 | dpath.b_reg.out\[12\]$_DFFE_PP_/DE
     246+ |       0 |      19 |       18 |      1 |     0 |    +4.7% |   -0.007 |       -0.0 |       -0.1 |     14 | dpath.b_reg.out\[12\]$_DFFE_PP_/DE
     247+ |       0 |      19 |       18 |      1 |     0 |    +4.7% |   -0.007 |       -0.0 |       -0.1 |     14 | dpath.b_reg.out\[12\]$_DFFE_PP_/DE
     248+ |       0 |      19 |       18 |      1 |     0 |    +4.7% |   -0.007 |       -0.0 |       -0.1 |     14 | dpath.b_reg.out\[12\]$_DFFE_PP_/DE
     249+ |       0 |      19 |       18 |      1 |     0 |    +4.7% |   -0.007 |       -0.0 |       -0.1 |     14 | dpath.b_reg.out\[12\]$_DFFE_PP_/DE
     250+ |       0 |      19 |       18 |      1 |     0 |    +4.7% |   -0.007 |       -0.0 |       -0.1 |     14 | dpath.b_reg.out\[12\]$_DFFE_PP_/DE
     250+ |       0 |      19 |       18 |      1 |     0 |    +4.7% |   -0.007 |       -0.0 |       -0.1 |     14 | dpath.b_reg.out\[12\]$_DFFE_PP_/DE
     251+ |       0 |      19 |       18 |      1 |     0 |    +4.7% |   -0.007 |       -0.0 |       -0.1 |     14 | dpath.b_reg.out\[12\]$_DFFE_PP_/DE
     252+ |       0 |      19 |       18 |      1 |     0 |    +4.7% |   -0.007 |       -0.0 |       -0.1 |     14 | dpath.b_reg.out\[12\]$_DFFE_PP_/DE
     253+ |       0 |      19 |       18 |      1 |     0 |    +4.7% |   -0.007 |       -0.0 |       -0.1 |     14 | dpath.b_reg.out\[12\]$_DFFE_PP_/DE
     254+ |       0 |      19 |       18 |      1 |     0 |    +4.7% |   -0.007 |       -0.0 |       -0.1 |     14 | dpath.b_reg.out\[12\]$_DFFE_PP_/DE
     255+ |       0 |      19 |       18 |      1 |     0 |    +4.7% |   -0.007 |       -0.0 |       -0.1 |     14 | dpath.b_reg.out\[12\]$_DFFE_PP_/DE
    final |       0 |      19 |       18 |      1 |     0 |    +4.7% |   -0.007 |       -0.0 |       -0.1 |     14 | dpath.b_reg.out\[12\]$_DFFE_PP_/DE
------------------------------------------------------------------------------------------------------------------------------
[INFO RSZ-0040] Inserted 18 buffers.
[INFO RSZ-0051] Resized 19 instances: 19 up, 0 up match, 0 down, 0 VT
[INFO RSZ-0049] Cloned 1 instances.
[WARNING RSZ-0062] Unable to repair all setup violations.
[INFO RSZ-0505] Runtime: 9.40s
[INFO RSZ-0033] No hold violations found.
[INFO RSZ-0506] Runtime: 0.00s
Took 9 seconds: repair_timing -setup_margin 0 -hold_margin 0 -repair_tns 100 -verbose
global_route -start_incremental
detailed_placement
[INFO DPL-0006] Core area: 5556.04 um^2
[INFO DPL-0007] Movable instances area: 4764.83 um^2
[INFO DPL-0008] Fixed instances area within core: 95.90 um^2
[INFO DPL-0009] Utilization: 87.5%
[INFO DPL-0005] Diamond search max displacement: +/- 500 sites horizontally, +/- 100 rows vertically.
[INFO DPL-1102] Legalizing using negotiation legalizer.
[INFO DPL-1103] Negotiation base search window: +/-20 sites horizontally, +/-5 rows vertically 
	Automatic search window extension enabled.
	Search window extendable up to the max displacement cap of +/-500 sites, +/-100 rows near walls.
[INFO DPL-1104] NegotiationLegalizer DRC penalty: 5.
[INFO DPL-0392] Negotiation cell height distribution (1 unique row-count(s)):
[INFO DPL-0393]   height 1 row(s): 541 cells
          |      Total |  Illegal |  Illegal
Iteration | Violations |    Cells |    Sites
---------------------------------------------
        0 |        207 |        45 |       162
        1 |        206 |        36 |       170
        2 |        150 |        18 |       132
        3 |        102 |        13 |        89
        4 |        121 |         9 |       112
        5 |        112 |        14 |        98
        6 |        112 |        17 |        95
        7 |        150 |        19 |       131
        8 |         68 |        10 |        58
        9 |         78 |         6 |        72
       10 |         91 |        14 |        77
       20 |         20 |         2 |        18
       30 |         10 |         4 |         6
       40 |          0 |         0 |         0
Negotiation phase 1 converged at iteration 40.
[INFO DPL-0500] Runtime: 0.03s
Placement Analysis
---------------------------------
total displacement       1636.1 u
average displacement        3.0 u
max displacement           35.2 u
original HPWL            8183.7 u
legalized HPWL          10127.5 u
delta HPWL                   24 %

check_placement -verbose
global_route -end_incremental -congestion_report_file ./reports/sky130hs/gcd/slot0/congestion_post_repair_timing.rpt
estimate_parasitics -global_routing
repair_timing -setup -sequence "vt_swap reroute" -skip_last_gasp -repair_tns 0 -verbose
[INFO RSZ-0100] Repair move sequence: RerouteMove 
[INFO RSZ-0094] Found 16 endpoints with setup violations.
[INFO RSZ-0099] Repairing 1 out of 16 (0.00%) violating endpoints...
   Iter   | Removed | Resized | Inserted | Cloned |  Pin  |   Area   |    WNS   |   StTNS    |   EnTNS    |  Viol  |  Worst  
          | Buffers |  Gates  | Buffers  |  Gates | Swaps |          |          |            |            | Endpts | St/EnPt 
------------------------------------------------------------------------------------------------------------------------------
       0* |       0 |       0 |        0 |      0 |     0 |    +0.0% |   -0.086 |       -1.1 |       -1.3 |     16 | dpath.b_reg.out\[14\]$_DFFE_PP_/DE
       1* |       0 |       0 |        0 |      0 |     0 |    +0.0% |   -0.086 |       -1.1 |       -1.3 |     16 | dpath.b_reg.out\[14\]$_DFFE_PP_/DE
       1* |       0 |       0 |        0 |      0 |     0 |    +0.0% |   -0.086 |       -1.1 |       -1.3 |     16 | dpath.b_reg.out\[14\]$_DFFE_PP_/DE
    final |       0 |       0 |        0 |      0 |     0 |    +0.0% |   -0.086 |       -1.1 |       -1.3 |     16 | dpath.b_reg.out\[14\]$_DFFE_PP_/DE
------------------------------------------------------------------------------------------------------------------------------
[WARNING RSZ-0062] Unable to repair all setup violations.
[INFO RSZ-0505] Runtime: 0.04s
Repair antennas...
[INFO GRT-0012] Found 0 antenna violations.
[INFO ANT-0002] Found 0 net violations.
[INFO ANT-0001] Found 0 pin violations.
Estimate parasitics...
estimate_parasitics -global_routing
Report metrics stage 5, global route...

==========================================================================
global route report_design_area
--------------------------------------------------------------------------
Design area 4861 um^2 87% utilization.
[INFO FLW-0007] clock core_clock period 1.830000
[WARNING FLW-0010] more than one clock found. Skipping sdc update.
[INFO FLW-0011] Path endpoint path count 88
write_db ./results/sky130hs/gcd/slot0/5_1_grt.odb
write_sdc -no_timestamp ./results/sky130hs/gcd/slot0/5_1_grt.sdc
Log                       Ext     Elapsed/s Peak Memory/MB sha1sum result [0:20)
5_1_grt                   .odb           18            277 dfa591b1807a49c82ca1
5_1_grt                   .sdc                             99624dfcff5dc9e6363a
/root/OpenROAD-flow-scripts/flow/scripts/flow.sh 5_2_route detail_route
Running detail_route.tcl, stage 5_2_route
read_liberty /root/OpenROAD-flow-scripts/flow/platforms/sky130hs/lib/sky130_fd_sc_hs__tt_025C_1v80.lib
read_db ./results/sky130hs/gcd/slot0/5_1_grt.odb
read_sdc ./results/sky130hs/gcd/slot0/5_1_grt.sdc
source /root/OpenROAD-flow-scripts/flow/platforms/sky130hs/setRC.tcl
[WARNING STA-0450] virtual clock vclk_core_clock can not be propagated.
detailed_route -output_drc ./reports/sky130hs/gcd/slot0/5_route_drc.rpt -output_maze ./results/sky130hs/gcd/slot0/maze.log -droute_end_iter 64 -verbose 1 -drc_report_iter_step 5
[INFO DRT-0149] Reading tech and libs.
[WARNING DRT-0349] LEF58_ENCLOSURE with no CUTCLASS is not supported. Skipping for layer mcon
[WARNING DRT-0349] LEF58_ENCLOSURE with no CUTCLASS is not supported. Skipping for layer mcon
[WARNING DRT-0349] LEF58_ENCLOSURE with no CUTCLASS is not supported. Skipping for layer via
[WARNING DRT-0349] LEF58_ENCLOSURE with no CUTCLASS is not supported. Skipping for layer via
[WARNING DRT-0349] LEF58_ENCLOSURE with no CUTCLASS is not supported. Skipping for layer via2
[WARNING DRT-0349] LEF58_ENCLOSURE with no CUTCLASS is not supported. Skipping for layer via2
[WARNING DRT-0349] LEF58_ENCLOSURE with no CUTCLASS is not supported. Skipping for layer via3
[WARNING DRT-0349] LEF58_ENCLOSURE with no CUTCLASS is not supported. Skipping for layer via3
[WARNING DRT-0349] LEF58_ENCLOSURE with no CUTCLASS is not supported. Skipping for layer via4
[WARNING DRT-0349] LEF58_ENCLOSURE with no CUTCLASS is not supported. Skipping for layer via4

Units:                1000
Number of layers:     13
Number of macros:     390
Number of vias:       29
Number of viarulegen: 25

[INFO DRT-0150] Reading design.

Design:                   gcd
Die area:                 ( 0 0 ) ( 78520 78520 )
Number of track patterns: 12
Number of DEF vias:       0
Number of components:     541
Number of terminals:      56
Number of snets:          2
Number of nets:           514

[INFO DRT-0167] List of default vias:
  Layer via
    default via: M1M2_PR
  Layer via2
    default via: M2M3_PR
  Layer via3
    default via: M3M4_PR
  Layer via4
    default via: M4M5_PR
[INFO DRT-0162] Library cell analysis.
[INFO DRT-0163] Instance analysis.
[INFO DRT-0164] Number of unique instances = 78.
[INFO DRT-0168] Init region query.
[INFO DRT-0024]   Complete FR_MASTERSLICE.
[INFO DRT-0024]   Complete Fr_VIA.
[INFO DRT-0024]   Complete li1.
[INFO DRT-0024]   Complete mcon.
[INFO DRT-0024]   Complete met1.
[INFO DRT-0024]   Complete via.
[INFO DRT-0024]   Complete met2.
[INFO DRT-0024]   Complete via2.
[INFO DRT-0024]   Complete met3.
[INFO DRT-0024]   Complete via3.
[INFO DRT-0024]   Complete met4.
[INFO DRT-0024]   Complete via4.
[INFO DRT-0024]   Complete met5.
[INFO DRT-0033] FR_MASTERSLICE shape region query size = 0.
[INFO DRT-0033] FR_VIA shape region query size = 0.
[INFO DRT-0033] li1 shape region query size = 10717.
[INFO DRT-0033] mcon shape region query size = 6170.
[INFO DRT-0033] met1 shape region query size = 2235.
[INFO DRT-0033] via shape region query size = 290.
[INFO DRT-0033] met2 shape region query size = 199.
[INFO DRT-0033] via2 shape region query size = 232.
[INFO DRT-0033] met3 shape region query size = 203.
[INFO DRT-0033] via3 shape region query size = 232.
[INFO DRT-0033] met4 shape region query size = 76.
[INFO DRT-0033] via4 shape region query size = 13.
[INFO DRT-0033] met5 shape region query size = 23.
[INFO DRT-0165] Start pin access.
[INFO DRT-0078]   Complete 549 pins.
[INFO DRT-0081]   Complete 78 unique inst patterns.
[INFO DRT-0084]   Complete 189 groups.
#scanned instances     = 541
#unique  instances     = 78
#stdCellGenAp          = 1536
#stdCellValidPlanarAp  = 0
#stdCellValidViaAp     = 1237
#stdCellPinNoAp        = 0
#stdCellPinCnt         = 1470
#instTermValidViaApCnt = 0
#macroGenAp            = 0
#macroValidPlanarAp    = 0
#macroValidViaAp       = 0
#macroNoAp             = 0
[INFO DRT-0166] Complete pin access.
[INFO DRT-0267] cpu time = 00:00:07, elapsed time = 00:00:07, memory = 245.89 (MB), peak = 245.89 (MB)

[INFO DRT-0157] Number of guides:     3517

[INFO DRT-0169] Post process guides.
[INFO DRT-0176] GCELLGRID X 0 DO 10 STEP 7200 ;
[INFO DRT-0177] GCELLGRID Y 0 DO 10 STEP 7200 ;
[INFO DRT-0028]   Complete FR_MASTERSLICE.
[INFO DRT-0028]   Complete Fr_VIA.
[INFO DRT-0028]   Complete li1.
[INFO DRT-0028]   Complete mcon.
[INFO DRT-0028]   Complete met1.
[INFO DRT-0028]   Complete via.
[INFO DRT-0028]   Complete met2.
[INFO DRT-0028]   Complete via2.
[INFO DRT-0028]   Complete met3.
[INFO DRT-0028]   Complete via3.
[INFO DRT-0028]   Complete met4.
[INFO DRT-0028]   Complete via4.
[INFO DRT-0028]   Complete met5.
[INFO DRT-0178] Init guide query.
[INFO DRT-0035]   Complete FR_MASTERSLICE (guide).
[INFO DRT-0035]   Complete Fr_VIA (guide).
[INFO DRT-0035]   Complete li1 (guide).
[INFO DRT-0035]   Complete mcon (guide).
[INFO DRT-0035]   Complete met1 (guide).
[INFO DRT-0035]   Complete via (guide).
[INFO DRT-0035]   Complete met2 (guide).
[INFO DRT-0035]   Complete via2 (guide).
[INFO DRT-0035]   Complete met3 (guide).
[INFO DRT-0035]   Complete via3 (guide).
[INFO DRT-0035]   Complete met4 (guide).
[INFO DRT-0035]   Complete via4 (guide).
[INFO DRT-0035]   Complete met5 (guide).
[INFO DRT-0036] FR_MASTERSLICE guide region query size = 0.
[INFO DRT-0036] FR_VIA guide region query size = 0.
[INFO DRT-0036] li1 guide region query size = 1221.
[INFO DRT-0036] mcon guide region query size = 0.
[INFO DRT-0036] met1 guide region query size = 1038.
[INFO DRT-0036] via guide region query size = 0.
[INFO DRT-0036] met2 guide region query size = 543.
[INFO DRT-0036] via2 guide region query size = 0.
[INFO DRT-0036] met3 guide region query size = 72.
[INFO DRT-0036] via3 guide region query size = 0.
[INFO DRT-0036] met4 guide region query size = 23.
[INFO DRT-0036] via4 guide region query size = 0.
[INFO DRT-0036] met5 guide region query size = 1.
[INFO DRT-0179] Init gr pin query.
[INFO DRT-0267] cpu time = 00:00:00, elapsed time = 00:00:00, memory = 247.02 (MB), peak = 247.02 (MB)
[INFO DRT-0245] skipped writing guide updates to database.
[INFO DRT-0181] Start track assignment.
[INFO DRT-0184] Done with 1787 vertical wires in 1 frboxes and 1111 horizontal wires in 1 frboxes.
[INFO DRT-0186] Done with 289 vertical wires in 1 frboxes and 390 horizontal wires in 1 frboxes.
[INFO DRT-0182] Complete track assignment.
[INFO DRT-0267] cpu time = 00:00:00, elapsed time = 00:00:00, memory = 250.39 (MB), peak = 250.39 (MB)
[INFO DRT-0187] Start routing data preparation.
[INFO DRT-0267] cpu time = 00:00:00, elapsed time = 00:00:00, memory = 250.39 (MB), peak = 250.39 (MB)
[INFO DRT-0194] Start detail routing.
[INFO DRT-0195] Start 0th optimization iteration.
    Completing 20% with 0 violations.
    elapsed time = 00:00:02, memory = 269.23 (MB).
    Completing 50% with 95 violations.
    elapsed time = 00:00:04, memory = 286.48 (MB).
    Completing 70% with 186 violations.
    elapsed time = 00:00:05, memory = 286.48 (MB).
    Completing 100% with 264 violations.
    elapsed time = 00:00:05, memory = 286.48 (MB).
[INFO DRT-0199]   Number of violations = 287.
Viol/Layer         li1   met1   met2
Metal Spacing        0     16      6
Recheck              1     15      7
Short                0    215     27
[INFO DRT-0267] cpu time = 00:00:05, elapsed time = 00:00:05, memory = 613.86 (MB), peak = 613.86 (MB)
Total wire length = 11819 um.
Total wire length on LAYER li1 = 0 um.
Total wire length on LAYER met1 = 5441 um.
Total wire length on LAYER met2 = 5469 um.
Total wire length on LAYER met3 = 471 um.
Total wire length on LAYER met4 = 437 um.
Total wire length on LAYER met5 = 0 um.
Total number of vias = 3167.
Up-via summary (total 3167):

-----------------------
 FR_MASTERSLICE       0
            li1    1484
           met1    1536
           met2     110
           met3      37
           met4       0
-----------------------
               3167


[INFO DRT-0195] Start 1st optimization iteration.
    Completing 20% with 287 violations.
    elapsed time = 00:00:01, memory = 613.86 (MB).
    Completing 50% with 325 violations.
    elapsed time = 00:00:02, memory = 613.86 (MB).
    Completing 70% with 322 violations.
    elapsed time = 00:00:03, memory = 613.86 (MB).
    Completing 100% with 269 violations.
    elapsed time = 00:00:05, memory = 613.86 (MB).
[INFO DRT-0199]   Number of violations = 269.
Viol/Layer        met1   met2
Metal Spacing       18     10
Short              223     18
[INFO DRT-0267] cpu time = 00:00:05, elapsed time = 00:00:05, memory = 613.86 (MB), peak = 613.86 (MB)
Total wire length = 11588 um.
Total wire length on LAYER li1 = 0 um.
Total wire length on LAYER met1 = 5281 um.
Total wire length on LAYER met2 = 5452 um.
Total wire length on LAYER met3 = 458 um.
Total wire length on LAYER met4 = 396 um.
Total wire length on LAYER met5 = 0 um.
Total number of vias = 3098.
Up-via summary (total 3098):

-----------------------
 FR_MASTERSLICE       0
            li1    1490
           met1    1469
           met2     106
           met3      33
           met4       0
-----------------------
               3098


[INFO DRT-0195] Start 2nd optimization iteration.
    Completing 10% with 269 violations.
    elapsed time = 00:00:00, memory = 613.86 (MB).
    Completing 20% with 269 violations.
    elapsed time = 00:00:00, memory = 613.86 (MB).
    Completing 30% with 269 violations.
    elapsed time = 00:00:00, memory = 613.86 (MB).
    Completing 40% with 269 violations.
    elapsed time = 00:00:00, memory = 613.86 (MB).
    Completing 50% with 268 violations.
    elapsed time = 00:00:00, memory = 613.86 (MB).
    Completing 60% with 268 violations.
    elapsed time = 00:00:00, memory = 613.86 (MB).
    Completing 70% with 265 violations.
    elapsed time = 00:00:00, memory = 613.86 (MB).
    Completing 80% with 265 violations.
    elapsed time = 00:00:01, memory = 613.86 (MB).
    Completing 100% with 214 violations.
    elapsed time = 00:00:04, memory = 613.86 (MB).
[INFO DRT-0199]   Number of violations = 214.
Viol/Layer        met1   met2
Metal Spacing       20     10
Short              166     18
[INFO DRT-0267] cpu time = 00:00:05, elapsed time = 00:00:05, memory = 614.04 (MB), peak = 614.04 (MB)
Total wire length = 11568 um.
Total wire length on LAYER li1 = 0 um.
Total wire length on LAYER met1 = 5234 um.
Total wire length on LAYER met2 = 5483 um.
Total wire length on LAYER met3 = 463 um.
Total wire length on LAYER met4 = 386 um.
Total wire length on LAYER met5 = 0 um.
Total number of vias = 3118.
Up-via summary (total 3118):

-----------------------
 FR_MASTERSLICE       0
            li1    1491
           met1    1487
           met2     107
           met3      33
           met4       0
-----------------------
               3118


[INFO DRT-0195] Start 3rd optimization iteration.
    Completing 20% with 214 violations.
    elapsed time = 00:00:01, memory = 614.04 (MB).
    Completing 50% with 156 violations.
    elapsed time = 00:00:04, memory = 614.04 (MB).
    Completing 70% with 72 violations.
    elapsed time = 00:00:04, memory = 614.04 (MB).
    Completing 100% with 36 violations.
    elapsed time = 00:00:04, memory = 614.04 (MB).
[INFO DRT-0199]   Number of violations = 36.
Viol/Layer        met1
Metal Spacing        3
Short               33
[INFO DRT-0267] cpu time = 00:00:04, elapsed time = 00:00:04, memory = 614.04 (MB), peak = 614.04 (MB)
Total wire length = 11598 um.
Total wire length on LAYER li1 = 0 um.
Total wire length on LAYER met1 = 4736 um.
Total wire length on LAYER met2 = 5531 um.
Total wire length on LAYER met3 = 919 um.
Total wire length on LAYER met4 = 410 um.
Total wire length on LAYER met5 = 0 um.
Total number of vias = 3232.
Up-via summary (total 3232):

-----------------------
 FR_MASTERSLICE       0
            li1    1492
           met1    1523
           met2     176
           met3      41
           met4       0
-----------------------
               3232


[INFO DRT-0195] Start 4th guides tiles iteration.
    Completing 10% with 36 violations.
    elapsed time = 00:00:00, memory = 614.04 (MB).
    Completing 30% with 36 violations.
    elapsed time = 00:00:00, memory = 614.04 (MB).
    Completing 50% with 36 violations.
    elapsed time = 00:00:00, memory = 614.04 (MB).
    Completing 60% with 3 violations.
    elapsed time = 00:00:00, memory = 614.04 (MB).
    Completing 80% with 3 violations.
    elapsed time = 00:00:00, memory = 614.04 (MB).
    Completing 100% with 3 violations.
    elapsed time = 00:00:00, memory = 614.04 (MB).
[INFO DRT-0199]   Number of violations = 3.
Viol/Layer        met1
Short                3
[INFO DRT-0267] cpu time = 00:00:00, elapsed time = 00:00:00, memory = 614.04 (MB), peak = 614.04 (MB)
Total wire length = 11615 um.
Total wire length on LAYER li1 = 0 um.
Total wire length on LAYER met1 = 4739 um.
Total wire length on LAYER met2 = 5529 um.
Total wire length on LAYER met3 = 929 um.
Total wire length on LAYER met4 = 417 um.
Total wire length on LAYER met5 = 0 um.
Total number of vias = 3241.
Up-via summary (total 3241):

-----------------------
 FR_MASTERSLICE       0
            li1    1492
           met1    1526
           met2     181
           met3      42
           met4       0
-----------------------
               3241


[INFO DRT-0195] Start 5th guides tiles iteration.
    Completing 100% with 0 violations.
    elapsed time = 00:00:00, memory = 614.04 (MB).
[INFO DRT-0199]   Number of violations = 0.
[INFO DRT-0267] cpu time = 00:00:00, elapsed time = 00:00:00, memory = 614.23 (MB), peak = 614.23 (MB)
Total wire length = 11613 um.
Total wire length on LAYER li1 = 0 um.
Total wire length on LAYER met1 = 4718 um.
Total wire length on LAYER met2 = 5534 um.
Total wire length on LAYER met3 = 947 um.
Total wire length on LAYER met4 = 413 um.
Total wire length on LAYER met5 = 0 um.
Total number of vias = 3237.
Up-via summary (total 3237):

-----------------------
 FR_MASTERSLICE       0
            li1    1492
           met1    1524
           met2     181
           met3      40
           met4       0
-----------------------
               3237


[INFO DRT-0198] Complete detail routing.
Total wire length = 11613 um.
Total wire length on LAYER li1 = 0 um.
Total wire length on LAYER met1 = 4718 um.
Total wire length on LAYER met2 = 5534 um.
Total wire length on LAYER met3 = 947 um.
Total wire length on LAYER met4 = 413 um.
Total wire length on LAYER met5 = 0 um.
Total number of vias = 3237.
Up-via summary (total 3237):

-----------------------
 FR_MASTERSLICE       0
            li1    1492
           met1    1524
           met2     181
           met3      40
           met4       0
-----------------------
               3237


[INFO DRT-0267] cpu time = 00:00:21, elapsed time = 00:00:21, memory = 614.23 (MB), peak = 614.23 (MB)

[INFO DRT-0180] Post processing.
[INFO DRT-0501] Runtime: 29.90s
Took 30 seconds: detailed_route -output_drc ./reports/sky130hs/gcd/slot0/5_route_drc.rpt -output_maze ./results/sky130hs/gcd/slot0/maze.log -droute_end_iter 64 -verbose 1 -drc_report_iter_step 5
[INFO GRT-0012] Found 0 antenna violations.
[INFO ANT-0002] Found 0 net violations.
[INFO ANT-0001] Found 0 pin violations.
[INFO ANT-0002] Found 0 net violations.
[INFO ANT-0001] Found 0 pin violations.
Design area 4861 um^2 87% utilization.
write_db ./results/sky130hs/gcd/slot0/5_2_route.odb
Log                       Ext     Elapsed/s Peak Memory/MB sha1sum result [0:20)
5_2_route                 .odb           30            614 0f9da8760b111adc3453
/root/OpenROAD-flow-scripts/flow/scripts/flow.sh 5_3_fillcell fillcell
Running fillcell.tcl, stage 5_3_fillcell
read_liberty /root/OpenROAD-flow-scripts/flow/platforms/sky130hs/lib/sky130_fd_sc_hs__tt_025C_1v80.lib
read_db ./results/sky130hs/gcd/slot0/5_2_route.odb
read_sdc ./results/sky130hs/gcd/slot0/5_1_grt.sdc
source /root/OpenROAD-flow-scripts/flow/platforms/sky130hs/setRC.tcl
[WARNING STA-0450] virtual clock vclk_core_clock can not be propagated.
filler_placement "sky130_fd_sc_hs__fill_1 sky130_fd_sc_hs__fill_2 sky130_fd_sc_hs__fill_4 sky130_fd_sc_hs__fill_8"
[INFO DPL-0001] Placed 203 filler instances.
Design area 4861 um^2 87% utilization.
write_db ./results/sky130hs/gcd/slot0/5_3_fillcell.odb
Log                       Ext     Elapsed/s Peak Memory/MB sha1sum result [0:20)
5_3_fillcell              .odb            0            146 2793a578187a4407c4c6
cp ./results/sky130hs/gcd/slot0/5_3_fillcell.odb ./results/sky130hs/gcd/slot0/5_route.odb
cp ./results/sky130hs/gcd/slot0/5_1_grt.sdc ./results/sky130hs/gcd/slot0/5_route.sdc
make: Leaving directory '/root/OpenROAD-flow-scripts/flow'

STDERR:
bash: /opt/miniconda/lib/libtinfo.so.6: no version information available (required by bash)
bash: /opt/miniconda/lib/libtinfo.so.6: no version information available (required by bash)
bash: /opt/miniconda/lib/libtinfo.so.6: no version information available (required by bash)
bash: /opt/miniconda/lib/libtinfo.so.6: no version information available (required by bash)
bash: /opt/miniconda/lib/libtinfo.so.6: no version information available (required by bash)
bash: /opt/miniconda/lib/libtinfo.so.6: no version information available (required by bash)
bash: /opt/miniconda/lib/libtinfo.so.6: no version information available (required by bash)
bash: /opt/miniconda/lib/libtinfo.so.6: no version information available (required by bash)
bash: /opt/miniconda/lib/libtinfo.so.6: no version information available (required by bash)
bash: /opt/miniconda/lib/libtinfo.so.6: no version information available (required by bash)
bash: /opt/miniconda/lib/libtinfo.so.6: no version information available (required by bash)
bash: /opt/miniconda/lib/libtinfo.so.6: no version information available (required by bash)
bash: /opt/miniconda/lib/libtinfo.so.6: no version information available (required by bash)
bash: /opt/miniconda/lib/libtinfo.so.6: no version information available (required by bash)
bash: /opt/miniconda/lib/libtinfo.so.6: no version information available (required by bash)
bash: /opt/miniconda/lib/libtinfo.so.6: no version information available (required by bash)
bash: /opt/miniconda/lib/libtinfo.so.6: no version information available (required by bash)
bash: /opt/miniconda/lib/libtinfo.so.6: no version information available (required by bash)
bash: /opt/miniconda/lib/libtinfo.so.6: no version information available (required by bash)
bash: /opt/miniconda/lib/libtinfo.so.6: no version information available (required by bash)
bash: /opt/miniconda/lib/libtinfo.so.6: no version information available (required by bash)
bash: /opt/miniconda/lib/libtinfo.so.6: no version information available (required by bash)
bash: /opt/miniconda/lib/libtinfo.so.6: no version information available (required by bash)
bash: /opt/miniconda/lib/libtinfo.so.6: no version information available (required by bash)
Elapsed time: 0:18.51[h:]min:sec. CPU time: user 18.28 sys 0.21 (99%). Peak memory: 284140KB.
bash: /opt/miniconda/lib/libtinfo.so.6: no version information available (required by bash)
bash: /opt/miniconda/lib/libtinfo.so.6: no version information available (required by bash)
bash: /opt/miniconda/lib/libtinfo.so.6: no version information available (required by bash)
bash: /opt/miniconda/lib/libtinfo.so.6: no version information available (required by bash)
bash: /opt/miniconda/lib/libtinfo.so.6: no version information available (required by bash)
bash: /opt/miniconda/lib/libtinfo.so.6: no version information available (required by bash)
bash: /opt/miniconda/lib/libtinfo.so.6: no version information available (required by bash)
bash: /opt/miniconda/lib/libtinfo.so.6: no version information available (required by bash)
bash: /opt/miniconda/lib/libtinfo.so.6: no version information available (required by bash)
bash: /opt/miniconda/lib/libtinfo.so.6: no version information available (required by bash)
bash: /opt/miniconda/lib/libtinfo.so.6: no version information available (required by bash)
bash: /opt/miniconda/lib/libtinfo.so.6: no version information available (required by bash)
bash: /opt/miniconda/lib/libtinfo.so.6: no version information available (required by bash)
bash: /opt/miniconda/lib/libtinfo.so.6: no version information available (required by bash)
Elapsed time: 0:30.99[h:]min:sec. CPU time: user 30.64 sys 0.23 (99%). Peak memory: 629164KB.
bash: /opt/miniconda/lib/libtinfo.so.6: no version information available (required by bash)
bash: /opt/miniconda/lib/libtinfo.so.6: no version information available (required by bash)
bash: /opt/miniconda/lib/libtinfo.so.6: no version information available (required by bash)
bash: /opt/miniconda/lib/libtinfo.so.6: no version information available (required by bash)
bash: /opt/miniconda/lib/libtinfo.so.6: no version information available (required by bash)
bash: /opt/miniconda/lib/libtinfo.so.6: no version information available (required by bash)
bash: /opt/miniconda/lib/libtinfo.so.6: no version information available (required by bash)
bash: /opt/miniconda/lib/libtinfo.so.6: no version information available (required by bash)
bash: /opt/miniconda/lib/libtinfo.so.6: no version information available (required by bash)
bash: /opt/miniconda/lib/libtinfo.so.6: no version information available (required by bash)
bash: /opt/miniconda/lib/libtinfo.so.6: no version information available (required by bash)
bash: /opt/miniconda/lib/libtinfo.so.6: no version information available (required by bash)
bash: /opt/miniconda/lib/libtinfo.so.6: no version information available (required by bash)
bash: /opt/miniconda/lib/libtinfo.so.6: no version information available (required by bash)
Elapsed time: 0:00.74[h:]min:sec. CPU time: user 0.67 sys 0.05 (97%). Peak memory: 150424KB.
bash: /opt/miniconda/lib/libtinfo.so.6: no version information available (required by bash)
bash: /opt/miniconda/lib/libtinfo.so.6: no version information available (required by bash)
bash: /opt/miniconda/lib/libtinfo.so.6: no version information available (required by bash)
bash: /opt/miniconda/lib/libtinfo.so.6: no version information available (required by bash)
bash: /opt/miniconda/lib/libtinfo.so.6: no version information available (required by bash)
bash: /opt/miniconda/lib/libtinfo.so.6: no version information available (required by bash)
bash: /opt/miniconda/lib/libtinfo.so.6: no version information available (required by bash)
bash: /opt/miniconda/lib/libtinfo.so.6: no version information available (required by bash)
bash: /opt/miniconda/lib/libtinfo.so.6: no version information available (required by bash)
bash: /opt/miniconda/lib/libtinfo.so.6: no version information available (required by bash)
bash: /opt/miniconda/lib/libtinfo.so.6: no version information available (required by bash)
bash: /opt/miniconda/lib/libtinfo.so.6: no version information available (required by bash)
bash: /opt/miniconda/lib/libtinfo.so.6: no version information available (required by bash)
bash: /opt/miniconda/lib/libtinfo.so.6: no version information available (required by bash)
bash: /opt/miniconda/lib/libtinfo.so.6: no version information available (required by bash)
bash: /opt/miniconda/lib/libtinfo.so.6: no version information available (required by bash)
bash: /opt/miniconda/lib/libtinfo.so.6: no version information available (required by bash)
bash: /opt/miniconda/lib/libtinfo.so.6: no version information available (required by bash)
bash: /opt/miniconda/lib/libtinfo.so.6: no version information available (required by bash)
bash: /opt/miniconda/lib/libtinfo.so.6: no version information available (required by bash)
bash: /opt/miniconda/lib/libtinfo.so.6: no version information available (required by bash)
bash: /opt/miniconda/lib/libtinfo.so.6: no version information available (required by bash)
bash: /opt/miniconda/lib/libtinfo.so.6: no version information available (required by bash)
bash: /opt/miniconda/lib/libtinfo.so.6: no version information available (required by bash)
bash: /opt/miniconda/lib/libtinfo.so.6: no version information available (required by bash)
bash: /opt/miniconda/lib/libtinfo.so.6: no version information available (required by bash)
