
==========================================================================
global route report_tns
--------------------------------------------------------------------------
tns max -8.00

==========================================================================
global route report_wns
--------------------------------------------------------------------------
wns max -0.55

==========================================================================
global route report_worst_slack
--------------------------------------------------------------------------
worst slack max -0.55

==========================================================================
global route report_clock_min_period
--------------------------------------------------------------------------
core_clock period_min = 13.05 fmax = 76.63
vclk period_min = 0.00 fmax = inf

==========================================================================
global route report_clock_skew
--------------------------------------------------------------------------
Clock core_clock
   0.91 source latency W[1490]$_DFFE_PN0P_/CLK ^
  -0.98 target latency W[593]$_DFFE_PN0P_/CLK ^
   0.00 CRPR
--------------
  -0.07 setup skew

Clock vclk
No launch/capture paths found.


==========================================================================
global route report_checks -path_delay min
--------------------------------------------------------------------------
Startpoint: rst_n (input port clocked by vclk)
Endpoint: W[1016]$_DFFE_PN0P_
          (removal check against rising-edge clock core_clock)
Path Group: asynchronous
Path Type: min

Fanout     Cap    Slew   Delay    Time   Description
-----------------------------------------------------------------------------
                  0.00    0.00    0.00   clock vclk (rise edge)
                          0.00    0.00   clock network delay (ideal)
                          2.50    2.50 ^ input external delay
     1    0.02    0.00    0.00    2.50 ^ rst_n (in)
                                         rst_n (net)
                  0.00    0.00    2.50 ^ input514/A (sky130_fd_sc_hd__buf_16)
   110    0.76    0.77    0.49    2.99 ^ input514/X (sky130_fd_sc_hd__buf_16)
                                         net513 (net)
                  0.79    0.09    3.08 ^ W[1016]$_DFFE_PN0P_/RESET_B (sky130_fd_sc_hd__dfrtp_1)
                                  3.08   data arrival time

                          0.00    0.00   clock core_clock (rise edge)
                          0.00    0.00   clock source latency
     1    0.08    0.00    0.00    0.00 ^ clk (in)
                                         clk (net)
                  0.00    0.00    0.00 ^ clkbuf_0_clk/A (sky130_fd_sc_hd__clkbuf_16)
     4    0.18    0.19    0.22    0.23 ^ clkbuf_0_clk/X (sky130_fd_sc_hd__clkbuf_16)
                                         clknet_0_clk (net)
                  0.19    0.01    0.23 ^ clkbuf_2_2_0_clk/A (sky130_fd_sc_hd__clkbuf_16)
     8    0.16    0.17    0.27    0.51 ^ clkbuf_2_2_0_clk/X (sky130_fd_sc_hd__clkbuf_16)
                                         clknet_2_2_0_clk (net)
                  0.17    0.01    0.51 ^ clkbuf_5_16__f_clk/A (sky130_fd_sc_hd__clkbuf_16)
    12    0.17    0.18    0.27    0.78 ^ clkbuf_5_16__f_clk/X (sky130_fd_sc_hd__clkbuf_16)
                                         clknet_5_16__leaf_clk (net)
                  0.18    0.01    0.79 ^ clkbuf_leaf_206_clk/A (sky130_fd_sc_hd__clkbuf_16)
    12    0.04    0.07    0.19    0.98 ^ clkbuf_leaf_206_clk/X (sky130_fd_sc_hd__clkbuf_16)
                                         clknet_leaf_206_clk (net)
                  0.07    0.00    0.98 ^ W[1016]$_DFFE_PN0P_/CLK (sky130_fd_sc_hd__dfrtp_1)
                          0.00    0.98   clock reconvergence pessimism
                          0.53    1.51   library removal time
                                  1.51   data required time
-----------------------------------------------------------------------------
                                  1.51   data required time
                                 -3.08   data arrival time
-----------------------------------------------------------------------------
                                  1.57   slack (MET)


Startpoint: digest[20]$_DFFE_PN0P_
            (rising edge-triggered flip-flop clocked by core_clock)
Endpoint: digest[20]$_DFFE_PN0P_
          (rising edge-triggered flip-flop clocked by core_clock)
Path Group: core_clock
Path Type: min

Fanout     Cap    Slew   Delay    Time   Description
-----------------------------------------------------------------------------
                          0.00    0.00   clock core_clock (rise edge)
                          0.00    0.00   clock source latency
     1    0.08    0.00    0.00    0.00 ^ clk (in)
                                         clk (net)
                  0.00    0.00    0.00 ^ clkbuf_0_clk/A (sky130_fd_sc_hd__clkbuf_16)
     4    0.18    0.19    0.22    0.23 ^ clkbuf_0_clk/X (sky130_fd_sc_hd__clkbuf_16)
                                         clknet_0_clk (net)
                  0.19    0.01    0.23 ^ clkbuf_2_3_0_clk/A (sky130_fd_sc_hd__clkbuf_16)
     8    0.15    0.16    0.27    0.50 ^ clkbuf_2_3_0_clk/X (sky130_fd_sc_hd__clkbuf_16)
                                         clknet_2_3_0_clk (net)
                  0.16    0.00    0.51 ^ clkbuf_5_31__f_clk/A (sky130_fd_sc_hd__clkbuf_16)
    10    0.13    0.14    0.25    0.75 ^ clkbuf_5_31__f_clk/X (sky130_fd_sc_hd__clkbuf_16)
                                         clknet_5_31__leaf_clk (net)
                  0.14    0.00    0.76 ^ clkbuf_leaf_133_clk/A (sky130_fd_sc_hd__clkbuf_16)
    11    0.04    0.06    0.17    0.93 ^ clkbuf_leaf_133_clk/X (sky130_fd_sc_hd__clkbuf_16)
                                         clknet_leaf_133_clk (net)
                  0.06    0.00    0.93 ^ digest[20]$_DFFE_PN0P_/CLK (sky130_fd_sc_hd__dfrtp_1)
     2    0.01    0.08    0.35    1.28 ^ digest[20]$_DFFE_PN0P_/Q (sky130_fd_sc_hd__dfrtp_1)
                                         net637 (net)
                  0.08    0.00    1.28 ^ _19223_/A (sky130_fd_sc_hd__nand2_1)
     1    0.00    0.03    0.05    1.33 v _19223_/Y (sky130_fd_sc_hd__nand2_1)
                                         _05337_ (net)
                  0.03    0.00    1.33 v _19224_/B1 (sky130_fd_sc_hd__o21ai_0)
     1    0.00    0.07    0.07    1.40 ^ _19224_/Y (sky130_fd_sc_hd__o21ai_0)
                                         _01002_ (net)
                  0.07    0.00    1.40 ^ digest[20]$_DFFE_PN0P_/D (sky130_fd_sc_hd__dfrtp_1)
                                  1.40   data arrival time

                          0.00    0.00   clock core_clock (rise edge)
                          0.00    0.00   clock source latency
     1    0.08    0.00    0.00    0.00 ^ clk (in)
                                         clk (net)
                  0.00    0.00    0.00 ^ clkbuf_0_clk/A (sky130_fd_sc_hd__clkbuf_16)
     4    0.18    0.19    0.22    0.23 ^ clkbuf_0_clk/X (sky130_fd_sc_hd__clkbuf_16)
                                         clknet_0_clk (net)
                  0.19    0.01    0.23 ^ clkbuf_2_3_0_clk/A (sky130_fd_sc_hd__clkbuf_16)
     8    0.15    0.16    0.27    0.50 ^ clkbuf_2_3_0_clk/X (sky130_fd_sc_hd__clkbuf_16)
                                         clknet_2_3_0_clk (net)
                  0.16    0.00    0.51 ^ clkbuf_5_31__f_clk/A (sky130_fd_sc_hd__clkbuf_16)
    10    0.13    0.14    0.25    0.75 ^ clkbuf_5_31__f_clk/X (sky130_fd_sc_hd__clkbuf_16)
                                         clknet_5_31__leaf_clk (net)
                  0.14    0.00    0.76 ^ clkbuf_leaf_133_clk/A (sky130_fd_sc_hd__clkbuf_16)
    11    0.04    0.06    0.17    0.93 ^ clkbuf_leaf_133_clk/X (sky130_fd_sc_hd__clkbuf_16)
                                         clknet_leaf_133_clk (net)
                  0.06    0.00    0.93 ^ digest[20]$_DFFE_PN0P_/CLK (sky130_fd_sc_hd__dfrtp_1)
                          0.00    0.93   clock reconvergence pessimism
                         -0.04    0.89   library hold time
                                  0.89   data required time
-----------------------------------------------------------------------------
                                  0.89   data required time
                                 -1.40   data arrival time
-----------------------------------------------------------------------------
                                  0.50   slack (MET)


Startpoint: digest[12]$_DFFE_PN0P_
            (rising edge-triggered flip-flop clocked by core_clock)
Endpoint: digest[12] (output port clocked by vclk)
Path Group: vclk
Path Type: min

Fanout     Cap    Slew   Delay    Time   Description
-----------------------------------------------------------------------------
                          0.00    0.00   clock core_clock (rise edge)
                          0.00    0.00   clock source latency
     1    0.08    0.00    0.00    0.00 ^ clk (in)
                                         clk (net)
                  0.00    0.00    0.00 ^ clkbuf_0_clk/A (sky130_fd_sc_hd__clkbuf_16)
     4    0.18    0.19    0.22    0.23 ^ clkbuf_0_clk/X (sky130_fd_sc_hd__clkbuf_16)
                                         clknet_0_clk (net)
                  0.19    0.01    0.23 ^ clkbuf_2_3_0_clk/A (sky130_fd_sc_hd__clkbuf_16)
     8    0.15    0.16    0.27    0.50 ^ clkbuf_2_3_0_clk/X (sky130_fd_sc_hd__clkbuf_16)
                                         clknet_2_3_0_clk (net)
                  0.16    0.00    0.51 ^ clkbuf_5_29__f_clk/A (sky130_fd_sc_hd__clkbuf_16)
     8    0.12    0.14    0.24    0.75 ^ clkbuf_5_29__f_clk/X (sky130_fd_sc_hd__clkbuf_16)
                                         clknet_5_29__leaf_clk (net)
                  0.14    0.00    0.75 ^ clkbuf_leaf_142_clk/A (sky130_fd_sc_hd__clkbuf_16)
     6    0.03    0.05    0.17    0.92 ^ clkbuf_leaf_142_clk/X (sky130_fd_sc_hd__clkbuf_16)
                                         clknet_leaf_142_clk (net)
                  0.05    0.00    0.92 ^ digest[12]$_DFFE_PN0P_/CLK (sky130_fd_sc_hd__dfrtp_1)
     2    0.01    0.06    0.38    1.30 v digest[12]$_DFFE_PN0P_/Q (sky130_fd_sc_hd__dfrtp_1)
                                         net548 (net)
                  0.06    0.00    1.30 v output549/A (sky130_fd_sc_hd__clkdlybuf4s50_1)
     1    0.00    0.04    0.42    1.72 v output549/X (sky130_fd_sc_hd__clkdlybuf4s50_1)
                                         digest[12] (net)
                  0.04    0.00    1.72 v digest[12] (out)
                                  1.72   data arrival time

                  0.00    0.00    0.00   clock vclk (rise edge)
                          0.00    0.00   clock network delay (ideal)
                          0.00    0.00   clock reconvergence pessimism
                         -2.50   -2.50   output external delay
                                 -2.50   data required time
-----------------------------------------------------------------------------
                                 -2.50   data required time
                                 -1.72   data arrival time
-----------------------------------------------------------------------------
                                  4.22   slack (MET)



==========================================================================
global route report_checks -path_delay max
--------------------------------------------------------------------------
Startpoint: rst_n (input port clocked by vclk)
Endpoint: W[378]$_DFFE_PN0P_
          (recovery check against rising-edge clock core_clock)
Path Group: asynchronous
Path Type: max

Fanout     Cap    Slew   Delay    Time   Description
-----------------------------------------------------------------------------
                  0.00    0.00    0.00   clock vclk (rise edge)
                          0.00    0.00   clock network delay (ideal)
                          2.50    2.50 ^ input external delay
     1    0.02    0.00    0.00    2.50 ^ rst_n (in)
                                         rst_n (net)
                  0.00    0.00    2.50 ^ input514/A (sky130_fd_sc_hd__buf_16)
   110    0.76    0.77    0.49    2.99 ^ input514/X (sky130_fd_sc_hd__buf_16)
                                         net513 (net)
                  0.80    0.11    3.10 ^ place3902/A (sky130_fd_sc_hd__buf_4)
    25    0.15    0.41    0.51    3.61 ^ place3902/X (sky130_fd_sc_hd__buf_4)
                                         net3901 (net)
                  0.41    0.01    3.62 ^ place3901/A (sky130_fd_sc_hd__buf_12)
   136    0.81    0.89    0.67    4.28 ^ place3901/X (sky130_fd_sc_hd__buf_12)
                                         net3900 (net)
                  0.94    0.15    4.44 ^ place3898/A (sky130_fd_sc_hd__buf_4)
    82    0.46    1.22    1.07    5.51 ^ place3898/X (sky130_fd_sc_hd__buf_4)
                                         net3897 (net)
                  1.23    0.04    5.55 ^ W[378]$_DFFE_PN0P_/RESET_B (sky130_fd_sc_hd__dfrtp_1)
                                  5.55   data arrival time

                         12.50   12.50   clock core_clock (rise edge)
                          0.00   12.50   clock source latency
     1    0.08    0.00    0.00   12.50 ^ clk (in)
                                         clk (net)
                  0.00    0.00   12.50 ^ clkbuf_0_clk/A (sky130_fd_sc_hd__clkbuf_16)
     4    0.18    0.19    0.22   12.73 ^ clkbuf_0_clk/X (sky130_fd_sc_hd__clkbuf_16)
                                         clknet_0_clk (net)
                  0.19    0.01   12.73 ^ clkbuf_2_0_0_clk/A (sky130_fd_sc_hd__clkbuf_16)
     8    0.16    0.17    0.27   13.01 ^ clkbuf_2_0_0_clk/X (sky130_fd_sc_hd__clkbuf_16)
                                         clknet_2_0_0_clk (net)
                  0.17    0.01   13.01 ^ clkbuf_5_1__f_clk/A (sky130_fd_sc_hd__clkbuf_16)
    11    0.14    0.15    0.26   13.27 ^ clkbuf_5_1__f_clk/X (sky130_fd_sc_hd__clkbuf_16)
                                         clknet_5_1__leaf_clk (net)
                  0.15    0.00   13.27 ^ clkbuf_leaf_253_clk/A (sky130_fd_sc_hd__clkbuf_16)
     7    0.04    0.06    0.18   13.45 ^ clkbuf_leaf_253_clk/X (sky130_fd_sc_hd__clkbuf_16)
                                         clknet_leaf_253_clk (net)
                  0.06    0.00   13.45 ^ W[378]$_DFFE_PN0P_/CLK (sky130_fd_sc_hd__dfrtp_1)
                          0.00   13.45   clock reconvergence pessimism
                         -0.08   13.38   library recovery time
                                 13.38   data required time
-----------------------------------------------------------------------------
                                 13.38   data required time
                                 -5.55   data arrival time
-----------------------------------------------------------------------------
                                  7.83   slack (MET)


Startpoint: round[1]$_DFFE_PN0P_
            (rising edge-triggered flip-flop clocked by core_clock)
Endpoint: digest[255]$_DFFE_PN0P_
          (rising edge-triggered flip-flop clocked by core_clock)
Path Group: core_clock
Path Type: max

Fanout     Cap    Slew   Delay    Time   Description
-----------------------------------------------------------------------------
                          0.00    0.00   clock core_clock (rise edge)
                          0.00    0.00   clock source latency
     1    0.08    0.00    0.00    0.00 ^ clk (in)
                                         clk (net)
                  0.00    0.00    0.00 ^ clkbuf_0_clk/A (sky130_fd_sc_hd__clkbuf_16)
     4    0.18    0.19    0.22    0.23 ^ clkbuf_0_clk/X (sky130_fd_sc_hd__clkbuf_16)
                                         clknet_0_clk (net)
                  0.19    0.01    0.23 ^ clkbuf_2_3_0_clk/A (sky130_fd_sc_hd__clkbuf_16)
     8    0.15    0.16    0.27    0.50 ^ clkbuf_2_3_0_clk/X (sky130_fd_sc_hd__clkbuf_16)
                                         clknet_2_3_0_clk (net)
                  0.16    0.00    0.51 ^ clkbuf_5_25__f_clk/A (sky130_fd_sc_hd__clkbuf_16)
     7    0.12    0.13    0.24    0.75 ^ clkbuf_5_25__f_clk/X (sky130_fd_sc_hd__clkbuf_16)
                                         clknet_5_25__leaf_clk (net)
                  0.13    0.00    0.75 ^ clkbuf_leaf_154_clk/A (sky130_fd_sc_hd__clkbuf_16)
    10    0.04    0.06    0.17    0.92 ^ clkbuf_leaf_154_clk/X (sky130_fd_sc_hd__clkbuf_16)
                                         clknet_leaf_154_clk (net)
                  0.06    0.00    0.93 ^ round[1]$_DFFE_PN0P_/CLK (sky130_fd_sc_hd__dfrtp_4)
     3    0.02    0.09    0.51    1.44 v round[1]$_DFFE_PN0P_/Q (sky130_fd_sc_hd__dfrtp_4)
                                         round[1] (net)
                  0.09    0.00    1.44 v place3692/A (sky130_fd_sc_hd__buf_12)
     2    0.02    0.03    0.14    1.58 v place3692/X (sky130_fd_sc_hd__buf_12)
                                         net3691 (net)
                  0.03    0.00    1.58 v _25477_/B (sky130_fd_sc_hd__ha_4)
     3    0.02    0.07    0.28    1.86 ^ _25477_/SUM (sky130_fd_sc_hd__ha_4)
                                         _00526_ (net)
                  0.07    0.00    1.86 ^ rebuffer3953/A (sky130_fd_sc_hd__buf_12)
     6    0.09    0.11    0.16    2.02 ^ rebuffer3953/X (sky130_fd_sc_hd__buf_12)
                                         net3952 (net)
                  0.11    0.01    2.03 ^ place3617/A (sky130_fd_sc_hd__buf_12)
     6    0.06    0.08    0.15    2.18 ^ place3617/X (sky130_fd_sc_hd__buf_12)
                                         net3616 (net)
                  0.08    0.00    2.18 ^ split/A (sky130_fd_sc_hd__buf_12)
     4    0.07    0.08    0.14    2.32 ^ split/X (sky130_fd_sc_hd__buf_12)
                                         net (net)
                  0.09    0.01    2.33 ^ rebuffer4085/A (sky130_fd_sc_hd__buf_6)
     2    0.01    0.04    0.11    2.44 ^ rebuffer4085/X (sky130_fd_sc_hd__buf_6)
                                         net4084 (net)
                  0.04    0.00    2.44 ^ place3614/A (sky130_fd_sc_hd__buf_6)
     2    0.02    0.05    0.10    2.54 ^ place3614/X (sky130_fd_sc_hd__buf_6)
                                         net3613 (net)
                  0.05    0.00    2.54 ^ _15965_/S0 (sky130_fd_sc_hd__mux4_2)
     1    0.01    0.09    0.50    3.04 v _15965_/X (sky130_fd_sc_hd__mux4_2)
                                         _11959_ (net)
                  0.09    0.00    3.04 v _15966_/A1 (sky130_fd_sc_hd__mux2i_1)
     1    0.01    0.16    0.18    3.22 ^ _15966_/Y (sky130_fd_sc_hd__mux2i_1)
                                         _11960_ (net)
                  0.16    0.00    3.22 ^ place3322/A (sky130_fd_sc_hd__buf_4)
     2    0.04    0.11    0.20    3.42 ^ place3322/X (sky130_fd_sc_hd__buf_4)
                                         net3321 (net)
                  0.11    0.00    3.42 ^ _24956_/A2 (sky130_fd_sc_hd__mux4_2)
     1    0.03    0.16    0.34    3.76 ^ _24956_/X (sky130_fd_sc_hd__mux4_2)
                                         _08907_ (net)
                  0.16    0.00    3.77 ^ _24957_/A1 (sky130_fd_sc_hd__mux2i_4)
     2    0.01    0.08    0.11    3.87 v _24957_/Y (sky130_fd_sc_hd__mux2i_4)
                                         _08908_ (net)
                  0.08    0.00    3.88 v _25003_/A (sky130_fd_sc_hd__xnor2_1)
     1    0.00    0.15    0.19    4.06 ^ _25003_/Y (sky130_fd_sc_hd__xnor2_1)
                                         _08939_ (net)
                  0.15    0.00    4.06 ^ place3051/A (sky130_fd_sc_hd__buf_4)
     1    0.03    0.09    0.18    4.24 ^ place3051/X (sky130_fd_sc_hd__buf_4)
                                         net3050 (net)
                  0.09    0.00    4.24 ^ _25004_/B (sky130_fd_sc_hd__xnor2_2)
     1    0.01    0.15    0.12    4.37 ^ _25004_/Y (sky130_fd_sc_hd__xnor2_2)
                                         _00260_ (net)
                  0.15    0.00    4.37 ^ _25337_/B (sky130_fd_sc_hd__fa_1)
     1    0.01    0.11    0.48    4.85 v _25337_/SUM (sky130_fd_sc_hd__fa_1)
                                         _12827_ (net)
                  0.11    0.00    4.85 v _25375_/A (sky130_fd_sc_hd__fa_1)
     1    0.01    0.12    0.55    5.40 v _25375_/SUM (sky130_fd_sc_hd__fa_1)
                                         _12904_ (net)
                  0.12    0.00    5.40 v _25419_/A (sky130_fd_sc_hd__ha_4)
     3    0.02    0.06    0.31    5.72 ^ _25419_/SUM (sky130_fd_sc_hd__ha_4)
                                         _00421_ (net)
                  0.06    0.00    5.72 ^ _13201_/A2 (sky130_fd_sc_hd__a21o_1)
     1    0.01    0.08    0.14    5.86 ^ _13201_/X (sky130_fd_sc_hd__a21o_1)
                                         _09316_ (net)
                  0.08    0.00    5.86 ^ _13202_/A2 (sky130_fd_sc_hd__a21oi_2)
     2    0.01    0.05    0.07    5.93 v _13202_/Y (sky130_fd_sc_hd__a21oi_2)
                                         _09317_ (net)
                  0.05    0.00    5.93 v _13205_/A2 (sky130_fd_sc_hd__o211ai_1)
     2    0.01    0.36    0.32    6.25 ^ _13205_/Y (sky130_fd_sc_hd__o211ai_1)
                                         _09320_ (net)
                  0.36    0.00    6.25 ^ _13209_/B (sky130_fd_sc_hd__nand2_2)
     2    0.01    0.09    0.13    6.38 v _13209_/Y (sky130_fd_sc_hd__nand2_2)
                                         _09324_ (net)
                  0.09    0.00    6.38 v _13840_/A2 (sky130_fd_sc_hd__o21a_1)
     1    0.01    0.05    0.20    6.58 v _13840_/X (sky130_fd_sc_hd__o21a_1)
                                         _09945_ (net)
                  0.05    0.00    6.58 v _13841_/A2 (sky130_fd_sc_hd__o21ai_2)
     1    0.01    0.15    0.15    6.73 ^ _13841_/Y (sky130_fd_sc_hd__o21ai_2)
                                         _09946_ (net)
                  0.15    0.00    6.73 ^ _13842_/A1 (sky130_fd_sc_hd__a21oi_2)
     2    0.01    0.06    0.08    6.81 v _13842_/Y (sky130_fd_sc_hd__a21oi_2)
                                         _09947_ (net)
                  0.06    0.00    6.81 v rebuffer4013/A (sky130_fd_sc_hd__buf_4)
     1    0.00    0.02    0.13    6.94 v rebuffer4013/X (sky130_fd_sc_hd__buf_4)
                                         net4012 (net)
                  0.02    0.00    6.94 v rebuffer3936/A (sky130_fd_sc_hd__buf_4)
     1    0.01    0.03    0.13    7.07 v rebuffer3936/X (sky130_fd_sc_hd__buf_4)
                                         net3935 (net)
                  0.03    0.00    7.07 v _14032_/B (sky130_fd_sc_hd__xnor2_2)
     1    0.01    0.13    0.13    7.20 ^ _14032_/Y (sky130_fd_sc_hd__xnor2_2)
                                         _10133_ (net)
                  0.13    0.00    7.20 ^ _14033_/B (sky130_fd_sc_hd__nand2_1)
     1    0.01    0.23    0.12    7.32 v _14033_/Y (sky130_fd_sc_hd__nand2_1)
                                         _10134_ (net)
                  0.23    0.00    7.32 v _14034_/B1 (sky130_fd_sc_hd__o21ai_4)
     2    0.03    0.25    0.18    7.50 ^ _14034_/Y (sky130_fd_sc_hd__o21ai_4)
                                         _10135_ (net)
                  0.25    0.00    7.50 ^ _14037_/A (sky130_fd_sc_hd__inv_2)
     1    0.01    0.07    0.08    7.59 v _14037_/Y (sky130_fd_sc_hd__inv_2)
                                         _00186_ (net)
                  0.07    0.00    7.59 v _25303_/A (sky130_fd_sc_hd__fa_1)
     1    0.01    0.11    0.53    8.12 v _25303_/SUM (sky130_fd_sc_hd__fa_1)
                                         _12759_ (net)
                  0.11    0.00    8.12 v _25275_/A (sky130_fd_sc_hd__fa_1)
     1    0.01    0.12    0.61    8.72 ^ _25275_/SUM (sky130_fd_sc_hd__fa_1)
                                         _12674_ (net)
                  0.12    0.00    8.72 ^ _25246_/B (sky130_fd_sc_hd__fa_1)
     1    0.01    0.11    0.47    9.20 v _25246_/SUM (sky130_fd_sc_hd__fa_1)
                                         _12677_ (net)
                  0.11    0.00    9.20 v _25532_/B (sky130_fd_sc_hd__ha_4)
     2    0.01    0.05    0.30    9.50 ^ _25532_/SUM (sky130_fd_sc_hd__ha_4)
                                         _00637_ (net)
                  0.05    0.00    9.50 ^ place2831/A (sky130_fd_sc_hd__buf_4)
     4    0.02    0.08    0.14    9.64 ^ place2831/X (sky130_fd_sc_hd__buf_4)
                                         net2830 (net)
                  0.08    0.00    9.64 ^ _15331_/A (sky130_fd_sc_hd__nand4_1)
     2    0.01    0.13    0.13    9.77 v _15331_/Y (sky130_fd_sc_hd__nand4_1)
                                         _11376_ (net)
                  0.13    0.00    9.77 v _15354_/B (sky130_fd_sc_hd__nor2_1)
     1    0.00    0.10    0.13    9.90 ^ _15354_/Y (sky130_fd_sc_hd__nor2_1)
                                         _11398_ (net)
                  0.10    0.00    9.90 ^ _15355_/B (sky130_fd_sc_hd__nand2_1)
     2    0.01    0.07    0.09    9.99 v _15355_/Y (sky130_fd_sc_hd__nand2_1)
                                         _11399_ (net)
                  0.07    0.00    9.99 v _16468_/A1 (sky130_fd_sc_hd__a21boi_2)
     2    0.01    0.17    0.19   10.18 ^ _16468_/Y (sky130_fd_sc_hd__a21boi_2)
                                         _12438_ (net)
                  0.17    0.00   10.19 ^ _16526_/A1 (sky130_fd_sc_hd__o21a_1)
     1    0.01    0.09    0.18   10.37 ^ _16526_/X (sky130_fd_sc_hd__o21a_1)
                                         _12486_ (net)
                  0.09    0.00   10.37 ^ _16527_/A (sky130_fd_sc_hd__nor2_2)
     1    0.01    0.04    0.06   10.43 v _16527_/Y (sky130_fd_sc_hd__nor2_2)
                                         _12487_ (net)
                  0.04    0.00   10.43 v _16528_/B (sky130_fd_sc_hd__xnor2_2)
     1    0.01    0.07    0.14   10.57 v _16528_/Y (sky130_fd_sc_hd__xnor2_2)
                                         _00025_ (net)
                  0.07    0.00   10.57 v rebuffer4127/A (sky130_fd_sc_hd__buf_6)
     2    0.04    0.04    0.15   10.72 v rebuffer4127/X (sky130_fd_sc_hd__buf_6)
                                         net4126 (net)
                  0.05    0.00   10.72 v _25205_/B (sky130_fd_sc_hd__fa_1)
     1    0.01    0.12    0.55   11.27 ^ _25205_/SUM (sky130_fd_sc_hd__fa_1)
                                         _12572_ (net)
                  0.12    0.00   11.27 ^ _25413_/B (sky130_fd_sc_hd__ha_4)
     2    0.01    0.04    0.22   11.49 v _25413_/SUM (sky130_fd_sc_hd__ha_4)
                                         _00409_ (net)
                  0.04    0.00   11.49 v _17789_/A2 (sky130_fd_sc_hd__a21o_1)
     2    0.01    0.07    0.21   11.70 v _17789_/X (sky130_fd_sc_hd__a21o_1)
                                         _04137_ (net)
                  0.07    0.00   11.70 v _17790_/A1 (sky130_fd_sc_hd__a21oi_2)
     2    0.01    0.17    0.19   11.89 ^ _17790_/Y (sky130_fd_sc_hd__a21oi_2)
                                         _04138_ (net)
                  0.17    0.00   11.89 ^ _17791_/A (sky130_fd_sc_hd__nor2_2)
     2    0.01    0.05    0.08   11.97 v _17791_/Y (sky130_fd_sc_hd__nor2_2)
                                         _04139_ (net)
                  0.05    0.00   11.97 v place2554/A (sky130_fd_sc_hd__buf_4)
     1    0.01    0.03    0.13   12.10 v place2554/X (sky130_fd_sc_hd__buf_4)
                                         net2553 (net)
                  0.03    0.00   12.10 v _17960_/A (sky130_fd_sc_hd__or4_4)
     2    0.02    0.11    0.56   12.67 v _17960_/X (sky130_fd_sc_hd__or4_4)
                                         _04308_ (net)
                  0.11    0.00   12.67 v _17966_/A2 (sky130_fd_sc_hd__o21ai_4)
     3    0.02    0.19    0.21   12.87 ^ _17966_/Y (sky130_fd_sc_hd__o21ai_4)
                                         _04314_ (net)
                  0.19    0.00   12.87 ^ _17967_/B (sky130_fd_sc_hd__nor2_1)
     1    0.00    0.05    0.06   12.93 v _17967_/Y (sky130_fd_sc_hd__nor2_1)
                                         _04315_ (net)
                  0.05    0.00   12.94 v _17968_/A2 (sky130_fd_sc_hd__o21ai_1)
     1    0.00    0.12    0.12   13.06 ^ _17968_/Y (sky130_fd_sc_hd__o21ai_1)
                                         _04316_ (net)
                  0.12    0.00   13.06 ^ _17969_/B (sky130_fd_sc_hd__nand2b_1)
     2    0.02    0.13    0.14   13.20 v _17969_/Y (sky130_fd_sc_hd__nand2b_1)
                                         _04317_ (net)
                  0.13    0.00   13.20 v _17970_/B (sky130_fd_sc_hd__xor2_2)
     2    0.01    0.09    0.19   13.39 v _17970_/X (sky130_fd_sc_hd__xor2_2)
                                         _04318_ (net)
                  0.09    0.00   13.39 v _25050_/A (sky130_fd_sc_hd__nor3_2)
     1    0.01    0.17    0.22   13.61 ^ _25050_/Y (sky130_fd_sc_hd__nor3_2)
                                         _08972_ (net)
                  0.17    0.00   13.61 ^ _25051_/A (sky130_fd_sc_hd__xnor2_1)
     1    0.00    0.12    0.14   13.75 ^ _25051_/Y (sky130_fd_sc_hd__xnor2_1)
                                         _08973_ (net)
                  0.12    0.00   13.75 ^ _25053_/A2 (sky130_fd_sc_hd__o21ai_1)
     1    0.00    0.16    0.07   13.83 v _25053_/Y (sky130_fd_sc_hd__o21ai_1)
                                         _03136_ (net)
                  0.16    0.00   13.83 v digest[255]$_DFFE_PN0P_/D (sky130_fd_sc_hd__dfrtp_1)
                                 13.83   data arrival time

                         12.50   12.50   clock core_clock (rise edge)
                          0.00   12.50   clock source latency
     1    0.08    0.00    0.00   12.50 ^ clk (in)
                                         clk (net)
                  0.00    0.00   12.50 ^ clkbuf_0_clk/A (sky130_fd_sc_hd__clkbuf_16)
     4    0.18    0.19    0.22   12.73 ^ clkbuf_0_clk/X (sky130_fd_sc_hd__clkbuf_16)
                                         clknet_0_clk (net)
                  0.19    0.01   12.73 ^ clkbuf_2_3_0_clk/A (sky130_fd_sc_hd__clkbuf_16)
     8    0.15    0.16    0.27   13.00 ^ clkbuf_2_3_0_clk/X (sky130_fd_sc_hd__clkbuf_16)
                                         clknet_2_3_0_clk (net)
                  0.16    0.00   13.01 ^ clkbuf_5_27__f_clk/A (sky130_fd_sc_hd__clkbuf_16)
     7    0.13    0.14    0.24   13.25 ^ clkbuf_5_27__f_clk/X (sky130_fd_sc_hd__clkbuf_16)
                                         clknet_5_27__leaf_clk (net)
                  0.14    0.00   13.26 ^ clkbuf_leaf_109_clk/A (sky130_fd_sc_hd__clkbuf_16)
     8    0.04    0.06    0.18   13.43 ^ clkbuf_leaf_109_clk/X (sky130_fd_sc_hd__clkbuf_16)
                                         clknet_leaf_109_clk (net)
                  0.06    0.00   13.43 ^ digest[255]$_DFFE_PN0P_/CLK (sky130_fd_sc_hd__dfrtp_1)
                          0.00   13.43   clock reconvergence pessimism
                         -0.16   13.28   library setup time
                                 13.28   data required time
-----------------------------------------------------------------------------
                                 13.28   data required time
                                -13.83   data arrival time
-----------------------------------------------------------------------------
                                 -0.55   slack (VIOLATED)


Startpoint: digest[238]$_DFFE_PN0P_
            (rising edge-triggered flip-flop clocked by core_clock)
Endpoint: digest[238] (output port clocked by vclk)
Path Group: vclk
Path Type: max

Fanout     Cap    Slew   Delay    Time   Description
-----------------------------------------------------------------------------
                          0.00    0.00   clock core_clock (rise edge)
                          0.00    0.00   clock source latency
     1    0.08    0.00    0.00    0.00 ^ clk (in)
                                         clk (net)
                  0.00    0.00    0.00 ^ clkbuf_0_clk/A (sky130_fd_sc_hd__clkbuf_16)
     4    0.18    0.19    0.22    0.23 ^ clkbuf_0_clk/X (sky130_fd_sc_hd__clkbuf_16)
                                         clknet_0_clk (net)
                  0.19    0.01    0.23 ^ clkbuf_2_1_0_clk/A (sky130_fd_sc_hd__clkbuf_16)
     8    0.15    0.16    0.27    0.50 ^ clkbuf_2_1_0_clk/X (sky130_fd_sc_hd__clkbuf_16)
                                         clknet_2_1_0_clk (net)
                  0.16    0.00    0.51 ^ clkbuf_5_14__f_clk/A (sky130_fd_sc_hd__clkbuf_16)
     8    0.12    0.13    0.24    0.74 ^ clkbuf_5_14__f_clk/X (sky130_fd_sc_hd__clkbuf_16)
                                         clknet_5_14__leaf_clk (net)
                  0.13    0.00    0.75 ^ clkbuf_leaf_90_clk/A (sky130_fd_sc_hd__clkbuf_16)
    12    0.04    0.06    0.18    0.92 ^ clkbuf_leaf_90_clk/X (sky130_fd_sc_hd__clkbuf_16)
                                         clknet_leaf_90_clk (net)
                  0.06    0.00    0.92 ^ digest[238]$_DFFE_PN0P_/CLK (sky130_fd_sc_hd__dfrtp_1)
     2    0.03    0.22    0.46    1.38 ^ digest[238]$_DFFE_PN0P_/Q (sky130_fd_sc_hd__dfrtp_1)
                                         net668 (net)
                  0.22    0.00    1.39 ^ output669/A (sky130_fd_sc_hd__clkdlybuf4s50_1)
     1    0.00    0.06    0.53    1.92 ^ output669/X (sky130_fd_sc_hd__clkdlybuf4s50_1)
                                         digest[238] (net)
                  0.06    0.00    1.92 ^ digest[238] (out)
                                  1.92   data arrival time

                  0.00   12.50   12.50   clock vclk (rise edge)
                          0.00   12.50   clock network delay (ideal)
                          0.00   12.50   clock reconvergence pessimism
                         -2.50   10.00   output external delay
                                 10.00   data required time
-----------------------------------------------------------------------------
                                 10.00   data required time
                                 -1.92   data arrival time
-----------------------------------------------------------------------------
                                  8.08   slack (MET)



==========================================================================
global route report_checks -unconstrained
--------------------------------------------------------------------------
Startpoint: rst_n (input port clocked by vclk)
Endpoint: W[378]$_DFFE_PN0P_
          (recovery check against rising-edge clock core_clock)
Path Group: asynchronous
Path Type: max

Fanout     Cap    Slew   Delay    Time   Description
-----------------------------------------------------------------------------
                  0.00    0.00    0.00   clock vclk (rise edge)
                          0.00    0.00   clock network delay (ideal)
                          2.50    2.50 ^ input external delay
     1    0.02    0.00    0.00    2.50 ^ rst_n (in)
                                         rst_n (net)
                  0.00    0.00    2.50 ^ input514/A (sky130_fd_sc_hd__buf_16)
   110    0.76    0.77    0.49    2.99 ^ input514/X (sky130_fd_sc_hd__buf_16)
                                         net513 (net)
                  0.80    0.11    3.10 ^ place3902/A (sky130_fd_sc_hd__buf_4)
    25    0.15    0.41    0.51    3.61 ^ place3902/X (sky130_fd_sc_hd__buf_4)
                                         net3901 (net)
                  0.41    0.01    3.62 ^ place3901/A (sky130_fd_sc_hd__buf_12)
   136    0.81    0.89    0.67    4.28 ^ place3901/X (sky130_fd_sc_hd__buf_12)
                                         net3900 (net)
                  0.94    0.15    4.44 ^ place3898/A (sky130_fd_sc_hd__buf_4)
    82    0.46    1.22    1.07    5.51 ^ place3898/X (sky130_fd_sc_hd__buf_4)
                                         net3897 (net)
                  1.23    0.04    5.55 ^ W[378]$_DFFE_PN0P_/RESET_B (sky130_fd_sc_hd__dfrtp_1)
                                  5.55   data arrival time

                         12.50   12.50   clock core_clock (rise edge)
                          0.00   12.50   clock source latency
     1    0.08    0.00    0.00   12.50 ^ clk (in)
                                         clk (net)
                  0.00    0.00   12.50 ^ clkbuf_0_clk/A (sky130_fd_sc_hd__clkbuf_16)
     4    0.18    0.19    0.22   12.73 ^ clkbuf_0_clk/X (sky130_fd_sc_hd__clkbuf_16)
                                         clknet_0_clk (net)
                  0.19    0.01   12.73 ^ clkbuf_2_0_0_clk/A (sky130_fd_sc_hd__clkbuf_16)
     8    0.16    0.17    0.27   13.01 ^ clkbuf_2_0_0_clk/X (sky130_fd_sc_hd__clkbuf_16)
                                         clknet_2_0_0_clk (net)
                  0.17    0.01   13.01 ^ clkbuf_5_1__f_clk/A (sky130_fd_sc_hd__clkbuf_16)
    11    0.14    0.15    0.26   13.27 ^ clkbuf_5_1__f_clk/X (sky130_fd_sc_hd__clkbuf_16)
                                         clknet_5_1__leaf_clk (net)
                  0.15    0.00   13.27 ^ clkbuf_leaf_253_clk/A (sky130_fd_sc_hd__clkbuf_16)
     7    0.04    0.06    0.18   13.45 ^ clkbuf_leaf_253_clk/X (sky130_fd_sc_hd__clkbuf_16)
                                         clknet_leaf_253_clk (net)
                  0.06    0.00   13.45 ^ W[378]$_DFFE_PN0P_/CLK (sky130_fd_sc_hd__dfrtp_1)
                          0.00   13.45   clock reconvergence pessimism
                         -0.08   13.38   library recovery time
                                 13.38   data required time
-----------------------------------------------------------------------------
                                 13.38   data required time
                                 -5.55   data arrival time
-----------------------------------------------------------------------------
                                  7.83   slack (MET)


Startpoint: round[1]$_DFFE_PN0P_
            (rising edge-triggered flip-flop clocked by core_clock)
Endpoint: digest[255]$_DFFE_PN0P_
          (rising edge-triggered flip-flop clocked by core_clock)
Path Group: core_clock
Path Type: max

Fanout     Cap    Slew   Delay    Time   Description
-----------------------------------------------------------------------------
                          0.00    0.00   clock core_clock (rise edge)
                          0.00    0.00   clock source latency
     1    0.08    0.00    0.00    0.00 ^ clk (in)
                                         clk (net)
                  0.00    0.00    0.00 ^ clkbuf_0_clk/A (sky130_fd_sc_hd__clkbuf_16)
     4    0.18    0.19    0.22    0.23 ^ clkbuf_0_clk/X (sky130_fd_sc_hd__clkbuf_16)
                                         clknet_0_clk (net)
                  0.19    0.01    0.23 ^ clkbuf_2_3_0_clk/A (sky130_fd_sc_hd__clkbuf_16)
     8    0.15    0.16    0.27    0.50 ^ clkbuf_2_3_0_clk/X (sky130_fd_sc_hd__clkbuf_16)
                                         clknet_2_3_0_clk (net)
                  0.16    0.00    0.51 ^ clkbuf_5_25__f_clk/A (sky130_fd_sc_hd__clkbuf_16)
     7    0.12    0.13    0.24    0.75 ^ clkbuf_5_25__f_clk/X (sky130_fd_sc_hd__clkbuf_16)
                                         clknet_5_25__leaf_clk (net)
                  0.13    0.00    0.75 ^ clkbuf_leaf_154_clk/A (sky130_fd_sc_hd__clkbuf_16)
    10    0.04    0.06    0.17    0.92 ^ clkbuf_leaf_154_clk/X (sky130_fd_sc_hd__clkbuf_16)
                                         clknet_leaf_154_clk (net)
                  0.06    0.00    0.93 ^ round[1]$_DFFE_PN0P_/CLK (sky130_fd_sc_hd__dfrtp_4)
     3    0.02    0.09    0.51    1.44 v round[1]$_DFFE_PN0P_/Q (sky130_fd_sc_hd__dfrtp_4)
                                         round[1] (net)
                  0.09    0.00    1.44 v place3692/A (sky130_fd_sc_hd__buf_12)
     2    0.02    0.03    0.14    1.58 v place3692/X (sky130_fd_sc_hd__buf_12)
                                         net3691 (net)
                  0.03    0.00    1.58 v _25477_/B (sky130_fd_sc_hd__ha_4)
     3    0.02    0.07    0.28    1.86 ^ _25477_/SUM (sky130_fd_sc_hd__ha_4)
                                         _00526_ (net)
                  0.07    0.00    1.86 ^ rebuffer3953/A (sky130_fd_sc_hd__buf_12)
     6    0.09    0.11    0.16    2.02 ^ rebuffer3953/X (sky130_fd_sc_hd__buf_12)
                                         net3952 (net)
                  0.11    0.01    2.03 ^ place3617/A (sky130_fd_sc_hd__buf_12)
     6    0.06    0.08    0.15    2.18 ^ place3617/X (sky130_fd_sc_hd__buf_12)
                                         net3616 (net)
                  0.08    0.00    2.18 ^ split/A (sky130_fd_sc_hd__buf_12)
     4    0.07    0.08    0.14    2.32 ^ split/X (sky130_fd_sc_hd__buf_12)
                                         net (net)
                  0.09    0.01    2.33 ^ rebuffer4085/A (sky130_fd_sc_hd__buf_6)
     2    0.01    0.04    0.11    2.44 ^ rebuffer4085/X (sky130_fd_sc_hd__buf_6)
                                         net4084 (net)
                  0.04    0.00    2.44 ^ place3614/A (sky130_fd_sc_hd__buf_6)
     2    0.02    0.05    0.10    2.54 ^ place3614/X (sky130_fd_sc_hd__buf_6)
                                         net3613 (net)
                  0.05    0.00    2.54 ^ _15965_/S0 (sky130_fd_sc_hd__mux4_2)
     1    0.01    0.09    0.50    3.04 v _15965_/X (sky130_fd_sc_hd__mux4_2)
                                         _11959_ (net)
                  0.09    0.00    3.04 v _15966_/A1 (sky130_fd_sc_hd__mux2i_1)
     1    0.01    0.16    0.18    3.22 ^ _15966_/Y (sky130_fd_sc_hd__mux2i_1)
                                         _11960_ (net)
                  0.16    0.00    3.22 ^ place3322/A (sky130_fd_sc_hd__buf_4)
     2    0.04    0.11    0.20    3.42 ^ place3322/X (sky130_fd_sc_hd__buf_4)
                                         net3321 (net)
                  0.11    0.00    3.42 ^ _24956_/A2 (sky130_fd_sc_hd__mux4_2)
     1    0.03    0.16    0.34    3.76 ^ _24956_/X (sky130_fd_sc_hd__mux4_2)
                                         _08907_ (net)
                  0.16    0.00    3.77 ^ _24957_/A1 (sky130_fd_sc_hd__mux2i_4)
     2    0.01    0.08    0.11    3.87 v _24957_/Y (sky130_fd_sc_hd__mux2i_4)
                                         _08908_ (net)
                  0.08    0.00    3.88 v _25003_/A (sky130_fd_sc_hd__xnor2_1)
     1    0.00    0.15    0.19    4.06 ^ _25003_/Y (sky130_fd_sc_hd__xnor2_1)
                                         _08939_ (net)
                  0.15    0.00    4.06 ^ place3051/A (sky130_fd_sc_hd__buf_4)
     1    0.03    0.09    0.18    4.24 ^ place3051/X (sky130_fd_sc_hd__buf_4)
                                         net3050 (net)
                  0.09    0.00    4.24 ^ _25004_/B (sky130_fd_sc_hd__xnor2_2)
     1    0.01    0.15    0.12    4.37 ^ _25004_/Y (sky130_fd_sc_hd__xnor2_2)
                                         _00260_ (net)
                  0.15    0.00    4.37 ^ _25337_/B (sky130_fd_sc_hd__fa_1)
     1    0.01    0.11    0.48    4.85 v _25337_/SUM (sky130_fd_sc_hd__fa_1)
                                         _12827_ (net)
                  0.11    0.00    4.85 v _25375_/A (sky130_fd_sc_hd__fa_1)
     1    0.01    0.12    0.55    5.40 v _25375_/SUM (sky130_fd_sc_hd__fa_1)
                                         _12904_ (net)
                  0.12    0.00    5.40 v _25419_/A (sky130_fd_sc_hd__ha_4)
     3    0.02    0.06    0.31    5.72 ^ _25419_/SUM (sky130_fd_sc_hd__ha_4)
                                         _00421_ (net)
                  0.06    0.00    5.72 ^ _13201_/A2 (sky130_fd_sc_hd__a21o_1)
     1    0.01    0.08    0.14    5.86 ^ _13201_/X (sky130_fd_sc_hd__a21o_1)
                                         _09316_ (net)
                  0.08    0.00    5.86 ^ _13202_/A2 (sky130_fd_sc_hd__a21oi_2)
     2    0.01    0.05    0.07    5.93 v _13202_/Y (sky130_fd_sc_hd__a21oi_2)
                                         _09317_ (net)
                  0.05    0.00    5.93 v _13205_/A2 (sky130_fd_sc_hd__o211ai_1)
     2    0.01    0.36    0.32    6.25 ^ _13205_/Y (sky130_fd_sc_hd__o211ai_1)
                                         _09320_ (net)
                  0.36    0.00    6.25 ^ _13209_/B (sky130_fd_sc_hd__nand2_2)
     2    0.01    0.09    0.13    6.38 v _13209_/Y (sky130_fd_sc_hd__nand2_2)
                                         _09324_ (net)
                  0.09    0.00    6.38 v _13840_/A2 (sky130_fd_sc_hd__o21a_1)
     1    0.01    0.05    0.20    6.58 v _13840_/X (sky130_fd_sc_hd__o21a_1)
                                         _09945_ (net)
                  0.05    0.00    6.58 v _13841_/A2 (sky130_fd_sc_hd__o21ai_2)
     1    0.01    0.15    0.15    6.73 ^ _13841_/Y (sky130_fd_sc_hd__o21ai_2)
                                         _09946_ (net)
                  0.15    0.00    6.73 ^ _13842_/A1 (sky130_fd_sc_hd__a21oi_2)
     2    0.01    0.06    0.08    6.81 v _13842_/Y (sky130_fd_sc_hd__a21oi_2)
                                         _09947_ (net)
                  0.06    0.00    6.81 v rebuffer4013/A (sky130_fd_sc_hd__buf_4)
     1    0.00    0.02    0.13    6.94 v rebuffer4013/X (sky130_fd_sc_hd__buf_4)
                                         net4012 (net)
                  0.02    0.00    6.94 v rebuffer3936/A (sky130_fd_sc_hd__buf_4)
     1    0.01    0.03    0.13    7.07 v rebuffer3936/X (sky130_fd_sc_hd__buf_4)
                                         net3935 (net)
                  0.03    0.00    7.07 v _14032_/B (sky130_fd_sc_hd__xnor2_2)
     1    0.01    0.13    0.13    7.20 ^ _14032_/Y (sky130_fd_sc_hd__xnor2_2)
                                         _10133_ (net)
                  0.13    0.00    7.20 ^ _14033_/B (sky130_fd_sc_hd__nand2_1)
     1    0.01    0.23    0.12    7.32 v _14033_/Y (sky130_fd_sc_hd__nand2_1)
                                         _10134_ (net)
                  0.23    0.00    7.32 v _14034_/B1 (sky130_fd_sc_hd__o21ai_4)
     2    0.03    0.25    0.18    7.50 ^ _14034_/Y (sky130_fd_sc_hd__o21ai_4)
                                         _10135_ (net)
                  0.25    0.00    7.50 ^ _14037_/A (sky130_fd_sc_hd__inv_2)
     1    0.01    0.07    0.08    7.59 v _14037_/Y (sky130_fd_sc_hd__inv_2)
                                         _00186_ (net)
                  0.07    0.00    7.59 v _25303_/A (sky130_fd_sc_hd__fa_1)
     1    0.01    0.11    0.53    8.12 v _25303_/SUM (sky130_fd_sc_hd__fa_1)
                                         _12759_ (net)
                  0.11    0.00    8.12 v _25275_/A (sky130_fd_sc_hd__fa_1)
     1    0.01    0.12    0.61    8.72 ^ _25275_/SUM (sky130_fd_sc_hd__fa_1)
                                         _12674_ (net)
                  0.12    0.00    8.72 ^ _25246_/B (sky130_fd_sc_hd__fa_1)
     1    0.01    0.11    0.47    9.20 v _25246_/SUM (sky130_fd_sc_hd__fa_1)
                                         _12677_ (net)
                  0.11    0.00    9.20 v _25532_/B (sky130_fd_sc_hd__ha_4)
     2    0.01    0.05    0.30    9.50 ^ _25532_/SUM (sky130_fd_sc_hd__ha_4)
                                         _00637_ (net)
                  0.05    0.00    9.50 ^ place2831/A (sky130_fd_sc_hd__buf_4)
     4    0.02    0.08    0.14    9.64 ^ place2831/X (sky130_fd_sc_hd__buf_4)
                                         net2830 (net)
                  0.08    0.00    9.64 ^ _15331_/A (sky130_fd_sc_hd__nand4_1)
     2    0.01    0.13    0.13    9.77 v _15331_/Y (sky130_fd_sc_hd__nand4_1)
                                         _11376_ (net)
                  0.13    0.00    9.77 v _15354_/B (sky130_fd_sc_hd__nor2_1)
     1    0.00    0.10    0.13    9.90 ^ _15354_/Y (sky130_fd_sc_hd__nor2_1)
                                         _11398_ (net)
                  0.10    0.00    9.90 ^ _15355_/B (sky130_fd_sc_hd__nand2_1)
     2    0.01    0.07    0.09    9.99 v _15355_/Y (sky130_fd_sc_hd__nand2_1)
                                         _11399_ (net)
                  0.07    0.00    9.99 v _16468_/A1 (sky130_fd_sc_hd__a21boi_2)
     2    0.01    0.17    0.19   10.18 ^ _16468_/Y (sky130_fd_sc_hd__a21boi_2)
                                         _12438_ (net)
                  0.17    0.00   10.19 ^ _16526_/A1 (sky130_fd_sc_hd__o21a_1)
     1    0.01    0.09    0.18   10.37 ^ _16526_/X (sky130_fd_sc_hd__o21a_1)
                                         _12486_ (net)
                  0.09    0.00   10.37 ^ _16527_/A (sky130_fd_sc_hd__nor2_2)
     1    0.01    0.04    0.06   10.43 v _16527_/Y (sky130_fd_sc_hd__nor2_2)
                                         _12487_ (net)
                  0.04    0.00   10.43 v _16528_/B (sky130_fd_sc_hd__xnor2_2)
     1    0.01    0.07    0.14   10.57 v _16528_/Y (sky130_fd_sc_hd__xnor2_2)
                                         _00025_ (net)
                  0.07    0.00   10.57 v rebuffer4127/A (sky130_fd_sc_hd__buf_6)
     2    0.04    0.04    0.15   10.72 v rebuffer4127/X (sky130_fd_sc_hd__buf_6)
                                         net4126 (net)
                  0.05    0.00   10.72 v _25205_/B (sky130_fd_sc_hd__fa_1)
     1    0.01    0.12    0.55   11.27 ^ _25205_/SUM (sky130_fd_sc_hd__fa_1)
                                         _12572_ (net)
                  0.12    0.00   11.27 ^ _25413_/B (sky130_fd_sc_hd__ha_4)
     2    0.01    0.04    0.22   11.49 v _25413_/SUM (sky130_fd_sc_hd__ha_4)
                                         _00409_ (net)
                  0.04    0.00   11.49 v _17789_/A2 (sky130_fd_sc_hd__a21o_1)
     2    0.01    0.07    0.21   11.70 v _17789_/X (sky130_fd_sc_hd__a21o_1)
                                         _04137_ (net)
                  0.07    0.00   11.70 v _17790_/A1 (sky130_fd_sc_hd__a21oi_2)
     2    0.01    0.17    0.19   11.89 ^ _17790_/Y (sky130_fd_sc_hd__a21oi_2)
                                         _04138_ (net)
                  0.17    0.00   11.89 ^ _17791_/A (sky130_fd_sc_hd__nor2_2)
     2    0.01    0.05    0.08   11.97 v _17791_/Y (sky130_fd_sc_hd__nor2_2)
                                         _04139_ (net)
                  0.05    0.00   11.97 v place2554/A (sky130_fd_sc_hd__buf_4)
     1    0.01    0.03    0.13   12.10 v place2554/X (sky130_fd_sc_hd__buf_4)
                                         net2553 (net)
                  0.03    0.00   12.10 v _17960_/A (sky130_fd_sc_hd__or4_4)
     2    0.02    0.11    0.56   12.67 v _17960_/X (sky130_fd_sc_hd__or4_4)
                                         _04308_ (net)
                  0.11    0.00   12.67 v _17966_/A2 (sky130_fd_sc_hd__o21ai_4)
     3    0.02    0.19    0.21   12.87 ^ _17966_/Y (sky130_fd_sc_hd__o21ai_4)
                                         _04314_ (net)
                  0.19    0.00   12.87 ^ _17967_/B (sky130_fd_sc_hd__nor2_1)
     1    0.00    0.05    0.06   12.93 v _17967_/Y (sky130_fd_sc_hd__nor2_1)
                                         _04315_ (net)
                  0.05    0.00   12.94 v _17968_/A2 (sky130_fd_sc_hd__o21ai_1)
     1    0.00    0.12    0.12   13.06 ^ _17968_/Y (sky130_fd_sc_hd__o21ai_1)
                                         _04316_ (net)
                  0.12    0.00   13.06 ^ _17969_/B (sky130_fd_sc_hd__nand2b_1)
     2    0.02    0.13    0.14   13.20 v _17969_/Y (sky130_fd_sc_hd__nand2b_1)
                                         _04317_ (net)
                  0.13    0.00   13.20 v _17970_/B (sky130_fd_sc_hd__xor2_2)
     2    0.01    0.09    0.19   13.39 v _17970_/X (sky130_fd_sc_hd__xor2_2)
                                         _04318_ (net)
                  0.09    0.00   13.39 v _25050_/A (sky130_fd_sc_hd__nor3_2)
     1    0.01    0.17    0.22   13.61 ^ _25050_/Y (sky130_fd_sc_hd__nor3_2)
                                         _08972_ (net)
                  0.17    0.00   13.61 ^ _25051_/A (sky130_fd_sc_hd__xnor2_1)
     1    0.00    0.12    0.14   13.75 ^ _25051_/Y (sky130_fd_sc_hd__xnor2_1)
                                         _08973_ (net)
                  0.12    0.00   13.75 ^ _25053_/A2 (sky130_fd_sc_hd__o21ai_1)
     1    0.00    0.16    0.07   13.83 v _25053_/Y (sky130_fd_sc_hd__o21ai_1)
                                         _03136_ (net)
                  0.16    0.00   13.83 v digest[255]$_DFFE_PN0P_/D (sky130_fd_sc_hd__dfrtp_1)
                                 13.83   data arrival time

                         12.50   12.50   clock core_clock (rise edge)
                          0.00   12.50   clock source latency
     1    0.08    0.00    0.00   12.50 ^ clk (in)
                                         clk (net)
                  0.00    0.00   12.50 ^ clkbuf_0_clk/A (sky130_fd_sc_hd__clkbuf_16)
     4    0.18    0.19    0.22   12.73 ^ clkbuf_0_clk/X (sky130_fd_sc_hd__clkbuf_16)
                                         clknet_0_clk (net)
                  0.19    0.01   12.73 ^ clkbuf_2_3_0_clk/A (sky130_fd_sc_hd__clkbuf_16)
     8    0.15    0.16    0.27   13.00 ^ clkbuf_2_3_0_clk/X (sky130_fd_sc_hd__clkbuf_16)
                                         clknet_2_3_0_clk (net)
                  0.16    0.00   13.01 ^ clkbuf_5_27__f_clk/A (sky130_fd_sc_hd__clkbuf_16)
     7    0.13    0.14    0.24   13.25 ^ clkbuf_5_27__f_clk/X (sky130_fd_sc_hd__clkbuf_16)
                                         clknet_5_27__leaf_clk (net)
                  0.14    0.00   13.26 ^ clkbuf_leaf_109_clk/A (sky130_fd_sc_hd__clkbuf_16)
     8    0.04    0.06    0.18   13.43 ^ clkbuf_leaf_109_clk/X (sky130_fd_sc_hd__clkbuf_16)
                                         clknet_leaf_109_clk (net)
                  0.06    0.00   13.43 ^ digest[255]$_DFFE_PN0P_/CLK (sky130_fd_sc_hd__dfrtp_1)
                          0.00   13.43   clock reconvergence pessimism
                         -0.16   13.28   library setup time
                                 13.28   data required time
-----------------------------------------------------------------------------
                                 13.28   data required time
                                -13.83   data arrival time
-----------------------------------------------------------------------------
                                 -0.55   slack (VIOLATED)


Startpoint: digest[238]$_DFFE_PN0P_
            (rising edge-triggered flip-flop clocked by core_clock)
Endpoint: digest[238] (output port clocked by vclk)
Path Group: vclk
Path Type: max

Fanout     Cap    Slew   Delay    Time   Description
-----------------------------------------------------------------------------
                          0.00    0.00   clock core_clock (rise edge)
                          0.00    0.00   clock source latency
     1    0.08    0.00    0.00    0.00 ^ clk (in)
                                         clk (net)
                  0.00    0.00    0.00 ^ clkbuf_0_clk/A (sky130_fd_sc_hd__clkbuf_16)
     4    0.18    0.19    0.22    0.23 ^ clkbuf_0_clk/X (sky130_fd_sc_hd__clkbuf_16)
                                         clknet_0_clk (net)
                  0.19    0.01    0.23 ^ clkbuf_2_1_0_clk/A (sky130_fd_sc_hd__clkbuf_16)
     8    0.15    0.16    0.27    0.50 ^ clkbuf_2_1_0_clk/X (sky130_fd_sc_hd__clkbuf_16)
                                         clknet_2_1_0_clk (net)
                  0.16    0.00    0.51 ^ clkbuf_5_14__f_clk/A (sky130_fd_sc_hd__clkbuf_16)
     8    0.12    0.13    0.24    0.74 ^ clkbuf_5_14__f_clk/X (sky130_fd_sc_hd__clkbuf_16)
                                         clknet_5_14__leaf_clk (net)
                  0.13    0.00    0.75 ^ clkbuf_leaf_90_clk/A (sky130_fd_sc_hd__clkbuf_16)
    12    0.04    0.06    0.18    0.92 ^ clkbuf_leaf_90_clk/X (sky130_fd_sc_hd__clkbuf_16)
                                         clknet_leaf_90_clk (net)
                  0.06    0.00    0.92 ^ digest[238]$_DFFE_PN0P_/CLK (sky130_fd_sc_hd__dfrtp_1)
     2    0.03    0.22    0.46    1.38 ^ digest[238]$_DFFE_PN0P_/Q (sky130_fd_sc_hd__dfrtp_1)
                                         net668 (net)
                  0.22    0.00    1.39 ^ output669/A (sky130_fd_sc_hd__clkdlybuf4s50_1)
     1    0.00    0.06    0.53    1.92 ^ output669/X (sky130_fd_sc_hd__clkdlybuf4s50_1)
                                         digest[238] (net)
                  0.06    0.00    1.92 ^ digest[238] (out)
                                  1.92   data arrival time

                  0.00   12.50   12.50   clock vclk (rise edge)
                          0.00   12.50   clock network delay (ideal)
                          0.00   12.50   clock reconvergence pessimism
                         -2.50   10.00   output external delay
                                 10.00   data required time
-----------------------------------------------------------------------------
                                 10.00   data required time
                                 -1.92   data arrival time
-----------------------------------------------------------------------------
                                  8.08   slack (MET)



==========================================================================
global route report_check_types -max_slew -max_cap -max_fanout -violators
--------------------------------------------------------------------------

==========================================================================
global route max_slew_check_slack
--------------------------------------------------------------------------
0.23050418496131897

==========================================================================
global route max_slew_check_limit
--------------------------------------------------------------------------
1.5

==========================================================================
global route max_slew_check_slack_limit
--------------------------------------------------------------------------
0.1537

==========================================================================
global route max_fanout_check_slack
--------------------------------------------------------------------------
1.0000000150474662e+30

==========================================================================
global route max_fanout_check_limit
--------------------------------------------------------------------------
1.0000000150474662e+30

==========================================================================
global route max_capacitance_check_slack
--------------------------------------------------------------------------
0.010541710071265697

==========================================================================
global route max_capacitance_check_limit
--------------------------------------------------------------------------
0.021067000925540924

==========================================================================
global route max_capacitance_check_slack_limit
--------------------------------------------------------------------------
0.5004

==========================================================================
global route max_slew_violation_count
--------------------------------------------------------------------------
max slew violation count 0

==========================================================================
global route max_fanout_violation_count
--------------------------------------------------------------------------
max fanout violation count 0

==========================================================================
global route max_cap_violation_count
--------------------------------------------------------------------------
max cap violation count 0

==========================================================================
global route setup_violation_count
--------------------------------------------------------------------------
setup violation count 30

==========================================================================
global route hold_violation_count
--------------------------------------------------------------------------
hold violation count 0

==========================================================================
global route report_checks -path_delay max reg to reg
--------------------------------------------------------------------------
Startpoint: round[1]$_DFFE_PN0P_
            (rising edge-triggered flip-flop clocked by core_clock)
Endpoint: digest[255]$_DFFE_PN0P_
          (rising edge-triggered flip-flop clocked by core_clock)
Path Group: core_clock
Path Type: max

  Delay    Time   Description
---------------------------------------------------------
   0.00    0.00   clock core_clock (rise edge)
   0.00    0.00   clock source latency
   0.00    0.00 ^ clk (in)
   0.23    0.23 ^ clkbuf_0_clk/X (sky130_fd_sc_hd__clkbuf_16)
   0.28    0.50 ^ clkbuf_2_3_0_clk/X (sky130_fd_sc_hd__clkbuf_16)
   0.24    0.75 ^ clkbuf_5_25__f_clk/X (sky130_fd_sc_hd__clkbuf_16)
   0.18    0.92 ^ clkbuf_leaf_154_clk/X (sky130_fd_sc_hd__clkbuf_16)
   0.00    0.93 ^ round[1]$_DFFE_PN0P_/CLK (sky130_fd_sc_hd__dfrtp_4)
   0.51    1.44 v round[1]$_DFFE_PN0P_/Q (sky130_fd_sc_hd__dfrtp_4)
   0.14    1.58 v place3692/X (sky130_fd_sc_hd__buf_12)
   0.28    1.86 ^ _25477_/SUM (sky130_fd_sc_hd__ha_4)
   0.16    2.02 ^ rebuffer3953/X (sky130_fd_sc_hd__buf_12)
   0.15    2.18 ^ place3617/X (sky130_fd_sc_hd__buf_12)
   0.14    2.32 ^ split/X (sky130_fd_sc_hd__buf_12)
   0.12    2.44 ^ rebuffer4085/X (sky130_fd_sc_hd__buf_6)
   0.10    2.54 ^ place3614/X (sky130_fd_sc_hd__buf_6)
   0.50    3.04 v _15965_/X (sky130_fd_sc_hd__mux4_2)
   0.18    3.22 ^ _15966_/Y (sky130_fd_sc_hd__mux2i_1)
   0.20    3.42 ^ place3322/X (sky130_fd_sc_hd__buf_4)
   0.34    3.76 ^ _24956_/X (sky130_fd_sc_hd__mux4_2)
   0.11    3.87 v _24957_/Y (sky130_fd_sc_hd__mux2i_4)
   0.19    4.06 ^ _25003_/Y (sky130_fd_sc_hd__xnor2_1)
   0.18    4.24 ^ place3051/X (sky130_fd_sc_hd__buf_4)
   0.13    4.37 ^ _25004_/Y (sky130_fd_sc_hd__xnor2_2)
   0.48    4.85 v _25337_/SUM (sky130_fd_sc_hd__fa_1)
   0.55    5.40 v _25375_/SUM (sky130_fd_sc_hd__fa_1)
   0.31    5.72 ^ _25419_/SUM (sky130_fd_sc_hd__ha_4)
   0.14    5.86 ^ _13201_/X (sky130_fd_sc_hd__a21o_1)
   0.07    5.93 v _13202_/Y (sky130_fd_sc_hd__a21oi_2)
   0.32    6.25 ^ _13205_/Y (sky130_fd_sc_hd__o211ai_1)
   0.13    6.38 v _13209_/Y (sky130_fd_sc_hd__nand2_2)
   0.20    6.58 v _13840_/X (sky130_fd_sc_hd__o21a_1)
   0.15    6.73 ^ _13841_/Y (sky130_fd_sc_hd__o21ai_2)
   0.08    6.81 v _13842_/Y (sky130_fd_sc_hd__a21oi_2)
   0.13    6.94 v rebuffer4013/X (sky130_fd_sc_hd__buf_4)
   0.13    7.07 v rebuffer3936/X (sky130_fd_sc_hd__buf_4)
   0.13    7.20 ^ _14032_/Y (sky130_fd_sc_hd__xnor2_2)
   0.12    7.32 v _14033_/Y (sky130_fd_sc_hd__nand2_1)
   0.18    7.50 ^ _14034_/Y (sky130_fd_sc_hd__o21ai_4)
   0.09    7.59 v _14037_/Y (sky130_fd_sc_hd__inv_2)
   0.53    8.12 v _25303_/SUM (sky130_fd_sc_hd__fa_1)
   0.61    8.72 ^ _25275_/SUM (sky130_fd_sc_hd__fa_1)
   0.48    9.20 v _25246_/SUM (sky130_fd_sc_hd__fa_1)
   0.30    9.50 ^ _25532_/SUM (sky130_fd_sc_hd__ha_4)
   0.14    9.64 ^ place2831/X (sky130_fd_sc_hd__buf_4)
   0.13    9.77 v _15331_/Y (sky130_fd_sc_hd__nand4_1)
   0.13    9.90 ^ _15354_/Y (sky130_fd_sc_hd__nor2_1)
   0.09    9.99 v _15355_/Y (sky130_fd_sc_hd__nand2_1)
   0.19   10.18 ^ _16468_/Y (sky130_fd_sc_hd__a21boi_2)
   0.18   10.37 ^ _16526_/X (sky130_fd_sc_hd__o21a_1)
   0.06   10.43 v _16527_/Y (sky130_fd_sc_hd__nor2_2)
   0.14   10.57 v _16528_/Y (sky130_fd_sc_hd__xnor2_2)
   0.15   10.72 v rebuffer4127/X (sky130_fd_sc_hd__buf_6)
   0.55   11.27 ^ _25205_/SUM (sky130_fd_sc_hd__fa_1)
   0.22   11.49 v _25413_/SUM (sky130_fd_sc_hd__ha_4)
   0.21   11.70 v _17789_/X (sky130_fd_sc_hd__a21o_1)
   0.19   11.89 ^ _17790_/Y (sky130_fd_sc_hd__a21oi_2)
   0.08   11.97 v _17791_/Y (sky130_fd_sc_hd__nor2_2)
   0.13   12.10 v place2554/X (sky130_fd_sc_hd__buf_4)
   0.56   12.67 v _17960_/X (sky130_fd_sc_hd__or4_4)
   0.21   12.87 ^ _17966_/Y (sky130_fd_sc_hd__o21ai_4)
   0.06   12.93 v _17967_/Y (sky130_fd_sc_hd__nor2_1)
   0.12   13.06 ^ _17968_/Y (sky130_fd_sc_hd__o21ai_1)
   0.14   13.20 v _17969_/Y (sky130_fd_sc_hd__nand2b_1)
   0.19   13.39 v _17970_/X (sky130_fd_sc_hd__xor2_2)
   0.22   13.61 ^ _25050_/Y (sky130_fd_sc_hd__nor3_2)
   0.14   13.75 ^ _25051_/Y (sky130_fd_sc_hd__xnor2_1)
   0.07   13.83 v _25053_/Y (sky130_fd_sc_hd__o21ai_1)
   0.00   13.83 v digest[255]$_DFFE_PN0P_/D (sky130_fd_sc_hd__dfrtp_1)
          13.83   data arrival time

  12.50   12.50   clock core_clock (rise edge)
   0.00   12.50   clock source latency
   0.00   12.50 ^ clk (in)
   0.23   12.73 ^ clkbuf_0_clk/X (sky130_fd_sc_hd__clkbuf_16)
   0.28   13.00 ^ clkbuf_2_3_0_clk/X (sky130_fd_sc_hd__clkbuf_16)
   0.25   13.25 ^ clkbuf_5_27__f_clk/X (sky130_fd_sc_hd__clkbuf_16)
   0.18   13.43 ^ clkbuf_leaf_109_clk/X (sky130_fd_sc_hd__clkbuf_16)
   0.00   13.43 ^ digest[255]$_DFFE_PN0P_/CLK (sky130_fd_sc_hd__dfrtp_1)
   0.00   13.43   clock reconvergence pessimism
  -0.16   13.28   library setup time
          13.28   data required time
---------------------------------------------------------
          13.28   data required time
         -13.83   data arrival time
---------------------------------------------------------
          -0.55   slack (VIOLATED)



==========================================================================
global route report_checks -path_delay min reg to reg
--------------------------------------------------------------------------
Startpoint: digest[20]$_DFFE_PN0P_
            (rising edge-triggered flip-flop clocked by core_clock)
Endpoint: digest[20]$_DFFE_PN0P_
          (rising edge-triggered flip-flop clocked by core_clock)
Path Group: core_clock
Path Type: min

  Delay    Time   Description
---------------------------------------------------------
   0.00    0.00   clock core_clock (rise edge)
   0.00    0.00   clock source latency
   0.00    0.00 ^ clk (in)
   0.23    0.23 ^ clkbuf_0_clk/X (sky130_fd_sc_hd__clkbuf_16)
   0.28    0.50 ^ clkbuf_2_3_0_clk/X (sky130_fd_sc_hd__clkbuf_16)
   0.25    0.75 ^ clkbuf_5_31__f_clk/X (sky130_fd_sc_hd__clkbuf_16)
   0.18    0.93 ^ clkbuf_leaf_133_clk/X (sky130_fd_sc_hd__clkbuf_16)
   0.00    0.93 ^ digest[20]$_DFFE_PN0P_/CLK (sky130_fd_sc_hd__dfrtp_1)
   0.35    1.28 ^ digest[20]$_DFFE_PN0P_/Q (sky130_fd_sc_hd__dfrtp_1)
   0.05    1.33 v _19223_/Y (sky130_fd_sc_hd__nand2_1)
   0.07    1.40 ^ _19224_/Y (sky130_fd_sc_hd__o21ai_0)
   0.00    1.40 ^ digest[20]$_DFFE_PN0P_/D (sky130_fd_sc_hd__dfrtp_1)
           1.40   data arrival time

   0.00    0.00   clock core_clock (rise edge)
   0.00    0.00   clock source latency
   0.00    0.00 ^ clk (in)
   0.23    0.23 ^ clkbuf_0_clk/X (sky130_fd_sc_hd__clkbuf_16)
   0.28    0.50 ^ clkbuf_2_3_0_clk/X (sky130_fd_sc_hd__clkbuf_16)
   0.25    0.75 ^ clkbuf_5_31__f_clk/X (sky130_fd_sc_hd__clkbuf_16)
   0.18    0.93 ^ clkbuf_leaf_133_clk/X (sky130_fd_sc_hd__clkbuf_16)
   0.00    0.93 ^ digest[20]$_DFFE_PN0P_/CLK (sky130_fd_sc_hd__dfrtp_1)
   0.00    0.93   clock reconvergence pessimism
  -0.04    0.89   library hold time
           0.89   data required time
---------------------------------------------------------
           0.89   data required time
          -1.40   data arrival time
---------------------------------------------------------
           0.50   slack (MET)



==========================================================================
global route critical path target clock latency max path
--------------------------------------------------------------------------
0.9529

==========================================================================
global route critical path target clock latency min path
--------------------------------------------------------------------------
0.9819

==========================================================================
global route critical path source clock latency min path
--------------------------------------------------------------------------
0.0000

==========================================================================
global route critical path delay
--------------------------------------------------------------------------
13.8254

==========================================================================
global route critical path slack
--------------------------------------------------------------------------
-0.5503

==========================================================================
global route slack div critical path delay
--------------------------------------------------------------------------
-3.980355

==========================================================================
global route report_power
--------------------------------------------------------------------------
Group                  Internal  Switching    Leakage      Total
                          Power      Power      Power      Power (Watts)
----------------------------------------------------------------
Sequential             1.23e-02   4.26e-03   3.40e-08   1.66e-02   2.8%
Combinational          2.54e-01   3.04e-01   4.51e-08   5.58e-01  95.5%
Clock                  5.30e-03   4.18e-03   4.90e-09   9.49e-03   1.6%
Macro                  0.00e+00   0.00e+00   0.00e+00   0.00e+00   0.0%
Pad                    0.00e+00   0.00e+00   0.00e+00   0.00e+00   0.0%
----------------------------------------------------------------
Total                  2.71e-01   3.13e-01   8.41e-08   5.84e-01 100.0%
                          46.5%      53.5%       0.0%
