
==========================================================================
cts final report_tns
--------------------------------------------------------------------------
tns max -0.06

==========================================================================
cts final report_wns
--------------------------------------------------------------------------
wns max -0.01

==========================================================================
cts final report_worst_slack
--------------------------------------------------------------------------
worst slack max -0.01

==========================================================================
cts final report_clock_min_period
--------------------------------------------------------------------------
core_clock period_min = 1.66 fmax = 602.88
vclk_core_clock period_min = 0.00 fmax = inf

==========================================================================
cts final report_clock_skew
--------------------------------------------------------------------------
Clock core_clock
   0.23 source latency dpath.a_reg.out[11]$_DFFE_PP_/CLK ^
  -0.24 target latency dpath.a_reg.out[12]$_DFFE_PP_/CLK ^
   0.00 CRPR
--------------
  -0.01 setup skew

Clock vclk_core_clock
No launch/capture paths found.


==========================================================================
cts final report_checks -path_delay min
--------------------------------------------------------------------------
Startpoint: ctrl.state.out[0]$_DFF_P_
            (rising edge-triggered flip-flop clocked by core_clock)
Endpoint: dpath.b_reg.out[0]$_DFFE_PP_
          (rising edge-triggered flip-flop clocked by core_clock)
Path Group: core_clock
Path Type: min

Fanout     Cap    Slew   Delay    Time   Description
-----------------------------------------------------------------------------
                          0.00    0.00   clock core_clock (rise edge)
                          0.00    0.00   clock source latency
     1    0.02    0.00    0.00    0.00 ^ clk (in)
                                         clk (net)
                  0.00    0.00    0.00 ^ clkbuf_0_clk/A (sky130_fd_sc_hs__clkbuf_8)
     4    0.03    0.05    0.10    0.10 ^ clkbuf_0_clk/X (sky130_fd_sc_hs__clkbuf_8)
                                         clknet_0_clk (net)
                  0.05    0.00    0.10 ^ clkbuf_2_0__f_clk/A (sky130_fd_sc_hs__clkbuf_8)
    10    0.04    0.06    0.13    0.23 ^ clkbuf_2_0__f_clk/X (sky130_fd_sc_hs__clkbuf_8)
                                         clknet_2_0__leaf_clk (net)
                  0.06    0.00    0.23 ^ ctrl.state.out[0]$_DFF_P_/CLK (sky130_fd_sc_hs__dfxtp_1)
     3    0.01    0.10    0.24    0.47 ^ ctrl.state.out[0]$_DFF_P_/Q (sky130_fd_sc_hs__dfxtp_1)
                                         net36 (net)
                  0.10    0.00    0.47 ^ _341_/A (sky130_fd_sc_hs__inv_2)
     4    0.02    0.05    0.07    0.54 v _341_/Y (sky130_fd_sc_hs__inv_2)
                                         _039_ (net)
                  0.05    0.00    0.54 v clone129/B1 (sky130_fd_sc_hs__o21ai_4)
     8    0.03    0.15    0.13    0.67 ^ clone129/Y (sky130_fd_sc_hs__o21ai_4)
                                         net129 (net)
                  0.15    0.00    0.67 ^ dpath.b_reg.out[0]$_DFFE_PP_/DE (sky130_fd_sc_hs__edfxtp_1)
                                  0.67   data arrival time

                          0.00    0.00   clock core_clock (rise edge)
                          0.00    0.00   clock source latency
     1    0.02    0.00    0.00    0.00 ^ clk (in)
                                         clk (net)
                  0.00    0.00    0.00 ^ clkbuf_0_clk/A (sky130_fd_sc_hs__clkbuf_8)
     4    0.03    0.05    0.10    0.10 ^ clkbuf_0_clk/X (sky130_fd_sc_hs__clkbuf_8)
                                         clknet_0_clk (net)
                  0.05    0.00    0.10 ^ clkbuf_2_0__f_clk/A (sky130_fd_sc_hs__clkbuf_8)
    10    0.04    0.06    0.13    0.23 ^ clkbuf_2_0__f_clk/X (sky130_fd_sc_hs__clkbuf_8)
                                         clknet_2_0__leaf_clk (net)
                  0.06    0.00    0.23 ^ dpath.b_reg.out[0]$_DFFE_PP_/CLK (sky130_fd_sc_hs__edfxtp_1)
                          0.00    0.23   clock reconvergence pessimism
                          0.24    0.47   library hold time
                                  0.47   data required time
-----------------------------------------------------------------------------
                                  0.47   data required time
                                 -0.67   data arrival time
-----------------------------------------------------------------------------
                                  0.20   slack (MET)


Startpoint: ctrl.state.out[2]$_DFF_P_
            (rising edge-triggered flip-flop clocked by core_clock)
Endpoint: resp_val (output port clocked by vclk_core_clock)
Path Group: vclk_core_clock
Path Type: min

Fanout     Cap    Slew   Delay    Time   Description
-----------------------------------------------------------------------------
                          0.00    0.00   clock core_clock (rise edge)
                          0.00    0.00   clock source latency
     1    0.02    0.00    0.00    0.00 ^ clk (in)
                                         clk (net)
                  0.00    0.00    0.00 ^ clkbuf_0_clk/A (sky130_fd_sc_hs__clkbuf_8)
     4    0.03    0.05    0.10    0.10 ^ clkbuf_0_clk/X (sky130_fd_sc_hs__clkbuf_8)
                                         clknet_0_clk (net)
                  0.05    0.00    0.10 ^ clkbuf_2_2__f_clk/A (sky130_fd_sc_hs__clkbuf_8)
    11    0.05    0.07    0.13    0.23 ^ clkbuf_2_2__f_clk/X (sky130_fd_sc_hs__clkbuf_8)
                                         clknet_2_2__leaf_clk (net)
                  0.07    0.00    0.24 ^ ctrl.state.out[2]$_DFF_P_/CLK (sky130_fd_sc_hs__dfxtp_1)
     2    0.01    0.06    0.21    0.44 ^ ctrl.state.out[2]$_DFF_P_/Q (sky130_fd_sc_hs__dfxtp_1)
                                         ctrl.state.out[2] (net)
                  0.06    0.00    0.44 ^ _627_/B (sky130_fd_sc_hs__nor3b_1)
     2    0.01    0.04    0.05    0.49 v _627_/Y (sky130_fd_sc_hs__nor3b_1)
                                         net53 (net)
                  0.04    0.00    0.49 v output53/A (sky130_fd_sc_hs__buf_1)
     1    0.00    0.01    0.06    0.56 v output53/X (sky130_fd_sc_hs__buf_1)
                                         resp_val (net)
                  0.01    0.00    0.56 v resp_val (out)
                                  0.56   data arrival time

                  0.00    0.00    0.00   clock vclk_core_clock (rise edge)
                          0.23    0.23   clock network delay (ideal)
                          0.00    0.23   clock reconvergence pessimism
                         -0.33   -0.10   output external delay
                                 -0.10   data required time
-----------------------------------------------------------------------------
                                 -0.10   data required time
                                 -0.56   data arrival time
-----------------------------------------------------------------------------
                                  0.65   slack (MET)



==========================================================================
cts final report_checks -path_delay max
--------------------------------------------------------------------------
Startpoint: dpath.b_reg.out[6]$_DFFE_PP_
            (rising edge-triggered flip-flop clocked by core_clock)
Endpoint: dpath.b_reg.out[10]$_DFFE_PP_
          (rising edge-triggered flip-flop clocked by core_clock)
Path Group: core_clock
Path Type: max

Fanout     Cap    Slew   Delay    Time   Description
-----------------------------------------------------------------------------
                          0.00    0.00   clock core_clock (rise edge)
                          0.00    0.00   clock source latency
     1    0.02    0.00    0.00    0.00 ^ clk (in)
                                         clk (net)
                  0.00    0.00    0.00 ^ clkbuf_0_clk/A (sky130_fd_sc_hs__clkbuf_8)
     4    0.03    0.05    0.10    0.10 ^ clkbuf_0_clk/X (sky130_fd_sc_hs__clkbuf_8)
                                         clknet_0_clk (net)
                  0.05    0.00    0.10 ^ clkbuf_2_0__f_clk/A (sky130_fd_sc_hs__clkbuf_8)
    10    0.04    0.06    0.13    0.23 ^ clkbuf_2_0__f_clk/X (sky130_fd_sc_hs__clkbuf_8)
                                         clknet_2_0__leaf_clk (net)
                  0.06    0.00    0.23 ^ dpath.b_reg.out[6]$_DFFE_PP_/CLK (sky130_fd_sc_hs__edfxtp_1)
     3    0.02    0.09    0.24    0.47 v dpath.b_reg.out[6]$_DFFE_PP_/Q (sky130_fd_sc_hs__edfxtp_1)
                                         dpath.a_lt_b$in1[6] (net)
                  0.09    0.00    0.47 v _376_/A (sky130_fd_sc_hs__xnor2_2)
     2    0.01    0.15    0.16    0.63 ^ _376_/Y (sky130_fd_sc_hs__xnor2_2)
                                         _059_ (net)
                  0.15    0.00    0.63 ^ _438_/B (sky130_fd_sc_hs__nand2_2)
     3    0.02    0.08    0.10    0.73 v _438_/Y (sky130_fd_sc_hs__nand2_2)
                                         _120_ (net)
                  0.08    0.00    0.73 v _448_/A (sky130_fd_sc_hs__nor2_4)
     2    0.01    0.07    0.10    0.83 ^ _448_/Y (sky130_fd_sc_hs__nor2_4)
                                         _130_ (net)
                  0.07    0.00    0.83 ^ _449_/B (sky130_fd_sc_hs__nor2_2)
     2    0.01    0.05    0.06    0.89 v _449_/Y (sky130_fd_sc_hs__nor2_2)
                                         _131_ (net)
                  0.05    0.00    0.89 v _450_/B (sky130_fd_sc_hs__nand2_2)
     2    0.02    0.09    0.09    0.98 ^ _450_/Y (sky130_fd_sc_hs__nand2_2)
                                         _132_ (net)
                  0.09    0.00    0.98 ^ _458_/A (sky130_fd_sc_hs__nand2_8)
     2    0.01    0.03    0.04    1.02 v _458_/Y (sky130_fd_sc_hs__nand2_8)
                                         _140_ (net)
                  0.03    0.00    1.02 v _581_/A (sky130_fd_sc_hs__nand2_2)
     3    0.03    0.12    0.10    1.12 ^ _581_/Y (sky130_fd_sc_hs__nand2_2)
                                         _251_ (net)
                  0.12    0.00    1.12 ^ _640_/A1 (sky130_fd_sc_hs__o21ai_4)
     8    0.03    0.08    0.09    1.21 v _640_/Y (sky130_fd_sc_hs__o21ai_4)
                                         ctrl$b_reg_en[0] (net)
                  0.08    0.00    1.21 v dpath.b_reg.out[10]$_DFFE_PP_/DE (sky130_fd_sc_hs__edfxtp_1)
                                  1.21   data arrival time

                          1.65    1.65   clock core_clock (rise edge)
                          0.00    1.65   clock source latency
     1    0.02    0.00    0.00    1.65 ^ clk (in)
                                         clk (net)
                  0.00    0.00    1.65 ^ clkbuf_0_clk/A (sky130_fd_sc_hs__clkbuf_8)
     4    0.03    0.05    0.10    1.75 ^ clkbuf_0_clk/X (sky130_fd_sc_hs__clkbuf_8)
                                         clknet_0_clk (net)
                  0.05    0.00    1.75 ^ clkbuf_2_2__f_clk/A (sky130_fd_sc_hs__clkbuf_8)
    11    0.05    0.07    0.13    1.88 ^ clkbuf_2_2__f_clk/X (sky130_fd_sc_hs__clkbuf_8)
                                         clknet_2_2__leaf_clk (net)
                  0.07    0.00    1.88 ^ dpath.b_reg.out[10]$_DFFE_PP_/CLK (sky130_fd_sc_hs__edfxtp_1)
                          0.00    1.88   clock reconvergence pessimism
                         -0.68    1.20   library setup time
                                  1.20   data required time
-----------------------------------------------------------------------------
                                  1.20   data required time
                                 -1.21   data arrival time
-----------------------------------------------------------------------------
                                 -0.01   slack (VIOLATED)


Startpoint: dpath.a_reg.out[2]$_DFFE_PP_
            (rising edge-triggered flip-flop clocked by core_clock)
Endpoint: resp_msg[13] (output port clocked by vclk_core_clock)
Path Group: vclk_core_clock
Path Type: max

Fanout     Cap    Slew   Delay    Time   Description
-----------------------------------------------------------------------------
                          0.00    0.00   clock core_clock (rise edge)
                          0.00    0.00   clock source latency
     1    0.02    0.00    0.00    0.00 ^ clk (in)
                                         clk (net)
                  0.00    0.00    0.00 ^ clkbuf_0_clk/A (sky130_fd_sc_hs__clkbuf_8)
     4    0.03    0.05    0.10    0.10 ^ clkbuf_0_clk/X (sky130_fd_sc_hs__clkbuf_8)
                                         clknet_0_clk (net)
                  0.05    0.00    0.10 ^ clkbuf_2_1__f_clk/A (sky130_fd_sc_hs__clkbuf_8)
     9    0.04    0.06    0.13    0.23 ^ clkbuf_2_1__f_clk/X (sky130_fd_sc_hs__clkbuf_8)
                                         clknet_2_1__leaf_clk (net)
                  0.06    0.00    0.23 ^ dpath.a_reg.out[2]$_DFFE_PP_/CLK (sky130_fd_sc_hs__edfxtp_1)
     4    0.02    0.12    0.24    0.47 ^ dpath.a_reg.out[2]$_DFFE_PP_/Q (sky130_fd_sc_hs__edfxtp_1)
                                         dpath.a_lt_b$in0[2] (net)
                  0.12    0.00    0.48 ^ _301_/A_N (sky130_fd_sc_hs__nand2b_1)
     2    0.01    0.09    0.12    0.60 ^ _301_/Y (sky130_fd_sc_hs__nand2b_1)
                                         _005_ (net)
                  0.09    0.00    0.60 ^ rebuffer128/A (sky130_fd_sc_hs__buf_1)
     2    0.01    0.05    0.09    0.69 ^ rebuffer128/X (sky130_fd_sc_hs__buf_1)
                                         net128 (net)
                  0.05    0.00    0.69 ^ _302_/B (sky130_fd_sc_hs__and2_1)
     3    0.01    0.08    0.11    0.80 ^ _302_/X (sky130_fd_sc_hs__and2_1)
                                         _006_ (net)
                  0.08    0.00    0.80 ^ _306_/A (sky130_fd_sc_hs__nand3_1)
     1    0.00    0.07    0.06    0.86 v _306_/Y (sky130_fd_sc_hs__nand3_1)
                                         _010_ (net)
                  0.07    0.00    0.86 v _310_/A (sky130_fd_sc_hs__nand2_1)
     4    0.02    0.15    0.13    0.99 ^ _310_/Y (sky130_fd_sc_hs__nand2_1)
                                         _014_ (net)
                  0.15    0.00    0.99 ^ _317_/A (sky130_fd_sc_hs__nand2_1)
     1    0.00    0.05    0.05    1.04 v _317_/Y (sky130_fd_sc_hs__nand2_1)
                                         _021_ (net)
                  0.05    0.00    1.04 v _323_/A (sky130_fd_sc_hs__nand2_1)
     2    0.01    0.07    0.07    1.11 ^ _323_/Y (sky130_fd_sc_hs__nand2_1)
                                         _027_ (net)
                  0.07    0.00    1.11 ^ _520_/A (sky130_fd_sc_hs__nand2_1)
     2    0.01    0.07    0.08    1.19 v _520_/Y (sky130_fd_sc_hs__nand2_1)
                                         _200_ (net)
                  0.07    0.00    1.19 v _521_/B (sky130_fd_sc_hs__nand2_1)
     1    0.00    0.04    0.06    1.24 ^ _521_/Y (sky130_fd_sc_hs__nand2_1)
                                         _201_ (net)
                  0.04    0.00    1.24 ^ _523_/A (sky130_fd_sc_hs__nand2_1)
     1    0.00    0.03    0.04    1.28 v _523_/Y (sky130_fd_sc_hs__nand2_1)
                                         _203_ (net)
                  0.03    0.00    1.28 v _525_/A (sky130_fd_sc_hs__nand2_1)
     2    0.01    0.08    0.07    1.35 ^ _525_/Y (sky130_fd_sc_hs__nand2_1)
                                         net41 (net)
                  0.08    0.00    1.35 ^ output41/A (sky130_fd_sc_hs__buf_1)
     1    0.00    0.02    0.06    1.41 ^ output41/X (sky130_fd_sc_hs__buf_1)
                                         resp_msg[13] (net)
                  0.02    0.00    1.41 ^ resp_msg[13] (out)
                                  1.41   data arrival time

                  0.00    1.65    1.65   clock vclk_core_clock (rise edge)
                          0.23    1.88   clock network delay (ideal)
                          0.00    1.88   clock reconvergence pessimism
                         -0.33    1.55   output external delay
                                  1.55   data required time
-----------------------------------------------------------------------------
                                  1.55   data required time
                                 -1.41   data arrival time
-----------------------------------------------------------------------------
                                  0.15   slack (MET)



==========================================================================
cts final report_checks -unconstrained
--------------------------------------------------------------------------
Startpoint: dpath.b_reg.out[6]$_DFFE_PP_
            (rising edge-triggered flip-flop clocked by core_clock)
Endpoint: dpath.b_reg.out[10]$_DFFE_PP_
          (rising edge-triggered flip-flop clocked by core_clock)
Path Group: core_clock
Path Type: max

Fanout     Cap    Slew   Delay    Time   Description
-----------------------------------------------------------------------------
                          0.00    0.00   clock core_clock (rise edge)
                          0.00    0.00   clock source latency
     1    0.02    0.00    0.00    0.00 ^ clk (in)
                                         clk (net)
                  0.00    0.00    0.00 ^ clkbuf_0_clk/A (sky130_fd_sc_hs__clkbuf_8)
     4    0.03    0.05    0.10    0.10 ^ clkbuf_0_clk/X (sky130_fd_sc_hs__clkbuf_8)
                                         clknet_0_clk (net)
                  0.05    0.00    0.10 ^ clkbuf_2_0__f_clk/A (sky130_fd_sc_hs__clkbuf_8)
    10    0.04    0.06    0.13    0.23 ^ clkbuf_2_0__f_clk/X (sky130_fd_sc_hs__clkbuf_8)
                                         clknet_2_0__leaf_clk (net)
                  0.06    0.00    0.23 ^ dpath.b_reg.out[6]$_DFFE_PP_/CLK (sky130_fd_sc_hs__edfxtp_1)
     3    0.02    0.09    0.24    0.47 v dpath.b_reg.out[6]$_DFFE_PP_/Q (sky130_fd_sc_hs__edfxtp_1)
                                         dpath.a_lt_b$in1[6] (net)
                  0.09    0.00    0.47 v _376_/A (sky130_fd_sc_hs__xnor2_2)
     2    0.01    0.15    0.16    0.63 ^ _376_/Y (sky130_fd_sc_hs__xnor2_2)
                                         _059_ (net)
                  0.15    0.00    0.63 ^ _438_/B (sky130_fd_sc_hs__nand2_2)
     3    0.02    0.08    0.10    0.73 v _438_/Y (sky130_fd_sc_hs__nand2_2)
                                         _120_ (net)
                  0.08    0.00    0.73 v _448_/A (sky130_fd_sc_hs__nor2_4)
     2    0.01    0.07    0.10    0.83 ^ _448_/Y (sky130_fd_sc_hs__nor2_4)
                                         _130_ (net)
                  0.07    0.00    0.83 ^ _449_/B (sky130_fd_sc_hs__nor2_2)
     2    0.01    0.05    0.06    0.89 v _449_/Y (sky130_fd_sc_hs__nor2_2)
                                         _131_ (net)
                  0.05    0.00    0.89 v _450_/B (sky130_fd_sc_hs__nand2_2)
     2    0.02    0.09    0.09    0.98 ^ _450_/Y (sky130_fd_sc_hs__nand2_2)
                                         _132_ (net)
                  0.09    0.00    0.98 ^ _458_/A (sky130_fd_sc_hs__nand2_8)
     2    0.01    0.03    0.04    1.02 v _458_/Y (sky130_fd_sc_hs__nand2_8)
                                         _140_ (net)
                  0.03    0.00    1.02 v _581_/A (sky130_fd_sc_hs__nand2_2)
     3    0.03    0.12    0.10    1.12 ^ _581_/Y (sky130_fd_sc_hs__nand2_2)
                                         _251_ (net)
                  0.12    0.00    1.12 ^ _640_/A1 (sky130_fd_sc_hs__o21ai_4)
     8    0.03    0.08    0.09    1.21 v _640_/Y (sky130_fd_sc_hs__o21ai_4)
                                         ctrl$b_reg_en[0] (net)
                  0.08    0.00    1.21 v dpath.b_reg.out[10]$_DFFE_PP_/DE (sky130_fd_sc_hs__edfxtp_1)
                                  1.21   data arrival time

                          1.65    1.65   clock core_clock (rise edge)
                          0.00    1.65   clock source latency
     1    0.02    0.00    0.00    1.65 ^ clk (in)
                                         clk (net)
                  0.00    0.00    1.65 ^ clkbuf_0_clk/A (sky130_fd_sc_hs__clkbuf_8)
     4    0.03    0.05    0.10    1.75 ^ clkbuf_0_clk/X (sky130_fd_sc_hs__clkbuf_8)
                                         clknet_0_clk (net)
                  0.05    0.00    1.75 ^ clkbuf_2_2__f_clk/A (sky130_fd_sc_hs__clkbuf_8)
    11    0.05    0.07    0.13    1.88 ^ clkbuf_2_2__f_clk/X (sky130_fd_sc_hs__clkbuf_8)
                                         clknet_2_2__leaf_clk (net)
                  0.07    0.00    1.88 ^ dpath.b_reg.out[10]$_DFFE_PP_/CLK (sky130_fd_sc_hs__edfxtp_1)
                          0.00    1.88   clock reconvergence pessimism
                         -0.68    1.20   library setup time
                                  1.20   data required time
-----------------------------------------------------------------------------
                                  1.20   data required time
                                 -1.21   data arrival time
-----------------------------------------------------------------------------
                                 -0.01   slack (VIOLATED)


Startpoint: dpath.a_reg.out[2]$_DFFE_PP_
            (rising edge-triggered flip-flop clocked by core_clock)
Endpoint: resp_msg[13] (output port clocked by vclk_core_clock)
Path Group: vclk_core_clock
Path Type: max

Fanout     Cap    Slew   Delay    Time   Description
-----------------------------------------------------------------------------
                          0.00    0.00   clock core_clock (rise edge)
                          0.00    0.00   clock source latency
     1    0.02    0.00    0.00    0.00 ^ clk (in)
                                         clk (net)
                  0.00    0.00    0.00 ^ clkbuf_0_clk/A (sky130_fd_sc_hs__clkbuf_8)
     4    0.03    0.05    0.10    0.10 ^ clkbuf_0_clk/X (sky130_fd_sc_hs__clkbuf_8)
                                         clknet_0_clk (net)
                  0.05    0.00    0.10 ^ clkbuf_2_1__f_clk/A (sky130_fd_sc_hs__clkbuf_8)
     9    0.04    0.06    0.13    0.23 ^ clkbuf_2_1__f_clk/X (sky130_fd_sc_hs__clkbuf_8)
                                         clknet_2_1__leaf_clk (net)
                  0.06    0.00    0.23 ^ dpath.a_reg.out[2]$_DFFE_PP_/CLK (sky130_fd_sc_hs__edfxtp_1)
     4    0.02    0.12    0.24    0.47 ^ dpath.a_reg.out[2]$_DFFE_PP_/Q (sky130_fd_sc_hs__edfxtp_1)
                                         dpath.a_lt_b$in0[2] (net)
                  0.12    0.00    0.48 ^ _301_/A_N (sky130_fd_sc_hs__nand2b_1)
     2    0.01    0.09    0.12    0.60 ^ _301_/Y (sky130_fd_sc_hs__nand2b_1)
                                         _005_ (net)
                  0.09    0.00    0.60 ^ rebuffer128/A (sky130_fd_sc_hs__buf_1)
     2    0.01    0.05    0.09    0.69 ^ rebuffer128/X (sky130_fd_sc_hs__buf_1)
                                         net128 (net)
                  0.05    0.00    0.69 ^ _302_/B (sky130_fd_sc_hs__and2_1)
     3    0.01    0.08    0.11    0.80 ^ _302_/X (sky130_fd_sc_hs__and2_1)
                                         _006_ (net)
                  0.08    0.00    0.80 ^ _306_/A (sky130_fd_sc_hs__nand3_1)
     1    0.00    0.07    0.06    0.86 v _306_/Y (sky130_fd_sc_hs__nand3_1)
                                         _010_ (net)
                  0.07    0.00    0.86 v _310_/A (sky130_fd_sc_hs__nand2_1)
     4    0.02    0.15    0.13    0.99 ^ _310_/Y (sky130_fd_sc_hs__nand2_1)
                                         _014_ (net)
                  0.15    0.00    0.99 ^ _317_/A (sky130_fd_sc_hs__nand2_1)
     1    0.00    0.05    0.05    1.04 v _317_/Y (sky130_fd_sc_hs__nand2_1)
                                         _021_ (net)
                  0.05    0.00    1.04 v _323_/A (sky130_fd_sc_hs__nand2_1)
     2    0.01    0.07    0.07    1.11 ^ _323_/Y (sky130_fd_sc_hs__nand2_1)
                                         _027_ (net)
                  0.07    0.00    1.11 ^ _520_/A (sky130_fd_sc_hs__nand2_1)
     2    0.01    0.07    0.08    1.19 v _520_/Y (sky130_fd_sc_hs__nand2_1)
                                         _200_ (net)
                  0.07    0.00    1.19 v _521_/B (sky130_fd_sc_hs__nand2_1)
     1    0.00    0.04    0.06    1.24 ^ _521_/Y (sky130_fd_sc_hs__nand2_1)
                                         _201_ (net)
                  0.04    0.00    1.24 ^ _523_/A (sky130_fd_sc_hs__nand2_1)
     1    0.00    0.03    0.04    1.28 v _523_/Y (sky130_fd_sc_hs__nand2_1)
                                         _203_ (net)
                  0.03    0.00    1.28 v _525_/A (sky130_fd_sc_hs__nand2_1)
     2    0.01    0.08    0.07    1.35 ^ _525_/Y (sky130_fd_sc_hs__nand2_1)
                                         net41 (net)
                  0.08    0.00    1.35 ^ output41/A (sky130_fd_sc_hs__buf_1)
     1    0.00    0.02    0.06    1.41 ^ output41/X (sky130_fd_sc_hs__buf_1)
                                         resp_msg[13] (net)
                  0.02    0.00    1.41 ^ resp_msg[13] (out)
                                  1.41   data arrival time

                  0.00    1.65    1.65   clock vclk_core_clock (rise edge)
                          0.23    1.88   clock network delay (ideal)
                          0.00    1.88   clock reconvergence pessimism
                         -0.33    1.55   output external delay
                                  1.55   data required time
-----------------------------------------------------------------------------
                                  1.55   data required time
                                 -1.41   data arrival time
-----------------------------------------------------------------------------
                                  0.15   slack (MET)



==========================================================================
cts final report_check_types -max_slew -max_cap -max_fanout -violators
--------------------------------------------------------------------------

==========================================================================
cts final max_slew_check_slack
--------------------------------------------------------------------------
0.45398491621017456

==========================================================================
cts final max_slew_check_limit
--------------------------------------------------------------------------
1.0

==========================================================================
cts final max_slew_check_slack_limit
--------------------------------------------------------------------------
0.4540

==========================================================================
cts final max_fanout_check_slack
--------------------------------------------------------------------------
1.0000000150474662e+30

==========================================================================
cts final max_fanout_check_limit
--------------------------------------------------------------------------
1.0000000150474662e+30

==========================================================================
cts final max_capacitance_check_slack
--------------------------------------------------------------------------
0.027341999113559723

==========================================================================
cts final max_capacitance_check_limit
--------------------------------------------------------------------------
0.034299999475479126

==========================================================================
cts final max_capacitance_check_slack_limit
--------------------------------------------------------------------------
0.7971

==========================================================================
cts final max_slew_violation_count
--------------------------------------------------------------------------
max slew violation count 0

==========================================================================
cts final max_fanout_violation_count
--------------------------------------------------------------------------
max fanout violation count 0

==========================================================================
cts final max_cap_violation_count
--------------------------------------------------------------------------
max cap violation count 0

==========================================================================
cts final setup_violation_count
--------------------------------------------------------------------------
setup violation count 8

==========================================================================
cts final hold_violation_count
--------------------------------------------------------------------------
hold violation count 0

==========================================================================
cts final report_checks -path_delay max reg to reg
--------------------------------------------------------------------------
Startpoint: dpath.b_reg.out[6]$_DFFE_PP_
            (rising edge-triggered flip-flop clocked by core_clock)
Endpoint: dpath.b_reg.out[10]$_DFFE_PP_
          (rising edge-triggered flip-flop clocked by core_clock)
Path Group: core_clock
Path Type: max

  Delay    Time   Description
---------------------------------------------------------
   0.00    0.00   clock core_clock (rise edge)
   0.00    0.00   clock source latency
   0.00    0.00 ^ clk (in)
   0.10    0.10 ^ clkbuf_0_clk/X (sky130_fd_sc_hs__clkbuf_8)
   0.13    0.23 ^ clkbuf_2_0__f_clk/X (sky130_fd_sc_hs__clkbuf_8)
   0.00    0.23 ^ dpath.b_reg.out[6]$_DFFE_PP_/CLK (sky130_fd_sc_hs__edfxtp_1)
   0.24    0.47 v dpath.b_reg.out[6]$_DFFE_PP_/Q (sky130_fd_sc_hs__edfxtp_1)
   0.16    0.63 ^ _376_/Y (sky130_fd_sc_hs__xnor2_2)
   0.10    0.73 v _438_/Y (sky130_fd_sc_hs__nand2_2)
   0.10    0.83 ^ _448_/Y (sky130_fd_sc_hs__nor2_4)
   0.06    0.89 v _449_/Y (sky130_fd_sc_hs__nor2_2)
   0.09    0.98 ^ _450_/Y (sky130_fd_sc_hs__nand2_2)
   0.04    1.02 v _458_/Y (sky130_fd_sc_hs__nand2_8)
   0.10    1.12 ^ _581_/Y (sky130_fd_sc_hs__nand2_2)
   0.09    1.21 v _640_/Y (sky130_fd_sc_hs__o21ai_4)
   0.00    1.21 v dpath.b_reg.out[10]$_DFFE_PP_/DE (sky130_fd_sc_hs__edfxtp_1)
           1.21   data arrival time

   1.65    1.65   clock core_clock (rise edge)
   0.00    1.65   clock source latency
   0.00    1.65 ^ clk (in)
   0.10    1.75 ^ clkbuf_0_clk/X (sky130_fd_sc_hs__clkbuf_8)
   0.13    1.88 ^ clkbuf_2_2__f_clk/X (sky130_fd_sc_hs__clkbuf_8)
   0.00    1.88 ^ dpath.b_reg.out[10]$_DFFE_PP_/CLK (sky130_fd_sc_hs__edfxtp_1)
   0.00    1.88   clock reconvergence pessimism
  -0.68    1.20   library setup time
           1.20   data required time
---------------------------------------------------------
           1.20   data required time
          -1.21   data arrival time
---------------------------------------------------------
          -0.01   slack (VIOLATED)



==========================================================================
cts final report_checks -path_delay min reg to reg
--------------------------------------------------------------------------
Startpoint: ctrl.state.out[0]$_DFF_P_
            (rising edge-triggered flip-flop clocked by core_clock)
Endpoint: dpath.b_reg.out[0]$_DFFE_PP_
          (rising edge-triggered flip-flop clocked by core_clock)
Path Group: core_clock
Path Type: min

  Delay    Time   Description
---------------------------------------------------------
   0.00    0.00   clock core_clock (rise edge)
   0.00    0.00   clock source latency
   0.00    0.00 ^ clk (in)
   0.10    0.10 ^ clkbuf_0_clk/X (sky130_fd_sc_hs__clkbuf_8)
   0.13    0.23 ^ clkbuf_2_0__f_clk/X (sky130_fd_sc_hs__clkbuf_8)
   0.00    0.23 ^ ctrl.state.out[0]$_DFF_P_/CLK (sky130_fd_sc_hs__dfxtp_1)
   0.24    0.47 ^ ctrl.state.out[0]$_DFF_P_/Q (sky130_fd_sc_hs__dfxtp_1)
   0.07    0.54 v _341_/Y (sky130_fd_sc_hs__inv_2)
   0.13    0.67 ^ clone129/Y (sky130_fd_sc_hs__o21ai_4)
   0.00    0.67 ^ dpath.b_reg.out[0]$_DFFE_PP_/DE (sky130_fd_sc_hs__edfxtp_1)
           0.67   data arrival time

   0.00    0.00   clock core_clock (rise edge)
   0.00    0.00   clock source latency
   0.00    0.00 ^ clk (in)
   0.10    0.10 ^ clkbuf_0_clk/X (sky130_fd_sc_hs__clkbuf_8)
   0.13    0.23 ^ clkbuf_2_0__f_clk/X (sky130_fd_sc_hs__clkbuf_8)
   0.00    0.23 ^ dpath.b_reg.out[0]$_DFFE_PP_/CLK (sky130_fd_sc_hs__edfxtp_1)
   0.00    0.23   clock reconvergence pessimism
   0.24    0.47   library hold time
           0.47   data required time
---------------------------------------------------------
           0.47   data required time
          -0.67   data arrival time
---------------------------------------------------------
           0.20   slack (MET)



==========================================================================
cts final critical path target clock latency max path
--------------------------------------------------------------------------
0.2320

==========================================================================
cts final critical path target clock latency min path
--------------------------------------------------------------------------
0.2322

==========================================================================
cts final critical path source clock latency min path
--------------------------------------------------------------------------
0.2350

==========================================================================
cts final critical path delay
--------------------------------------------------------------------------
1.2117

==========================================================================
cts final critical path slack
--------------------------------------------------------------------------
-0.0087

==========================================================================
cts final slack div critical path delay
--------------------------------------------------------------------------
-0.718000

==========================================================================
cts final report_power
--------------------------------------------------------------------------
Group                  Internal  Switching    Leakage      Total
                          Power      Power      Power      Power (Watts)
----------------------------------------------------------------
Sequential             1.37e-03   1.16e-04   4.70e-08   1.49e-03  30.0%
Combinational          1.54e-03   1.08e-03   4.48e-08   2.62e-03  52.6%
Clock                  4.65e-04   4.02e-04   1.11e-09   8.67e-04  17.4%
Macro                  0.00e+00   0.00e+00   0.00e+00   0.00e+00   0.0%
Pad                    0.00e+00   0.00e+00   0.00e+00   0.00e+00   0.0%
----------------------------------------------------------------
Total                  3.38e-03   1.60e-03   9.29e-08   4.97e-03 100.0%
                          67.9%      32.1%       0.0%
