
==========================================================================
finish report_tns
--------------------------------------------------------------------------
tns max -0.55

==========================================================================
finish report_wns
--------------------------------------------------------------------------
wns max -0.04

==========================================================================
finish report_worst_slack
--------------------------------------------------------------------------
worst slack max -0.04

==========================================================================
finish report_clock_min_period
--------------------------------------------------------------------------
core_clock period_min = 1.69 fmax = 591.08
vclk_core_clock period_min = 0.00 fmax = inf

==========================================================================
finish report_clock_skew
--------------------------------------------------------------------------
Clock core_clock
   0.23 source latency dpath.a_reg.out[9]$_DFFE_PP_/CLK ^
  -0.23 target latency dpath.b_reg.out[15]$_DFFE_PP_/CLK ^
   0.00 CRPR
--------------
   0.00 setup skew

Clock vclk_core_clock
No launch/capture paths found.


==========================================================================
finish report_checks -path_delay min
--------------------------------------------------------------------------
Startpoint: ctrl.state.out[2]$_DFF_P_
            (rising edge-triggered flip-flop clocked by core_clock)
Endpoint: dpath.a_reg.out[9]$_DFFE_PP_
          (rising edge-triggered flip-flop clocked by core_clock)
Path Group: core_clock
Path Type: min

Fanout     Cap    Slew   Delay    Time   Description
-----------------------------------------------------------------------------
                          0.00    0.00   clock core_clock (rise edge)
                          0.00    0.00   clock source latency
     1    0.01    0.00    0.00    0.00 ^ clk (in)
                                         clk (net)
                  0.00    0.00    0.00 ^ clkbuf_0_clk/A (sky130_fd_sc_hs__clkbuf_8)
     4    0.03    0.05    0.10    0.10 ^ clkbuf_0_clk/X (sky130_fd_sc_hs__clkbuf_8)
                                         clknet_0_clk (net)
                  0.05    0.00    0.10 ^ clkbuf_2_0__f_clk/A (sky130_fd_sc_hs__clkbuf_8)
    10    0.04    0.06    0.13    0.23 ^ clkbuf_2_0__f_clk/X (sky130_fd_sc_hs__clkbuf_8)
                                         clknet_2_0__leaf_clk (net)
                  0.06    0.00    0.23 ^ ctrl.state.out[2]$_DFF_P_/CLK (sky130_fd_sc_hs__dfxtp_1)
     2    0.01    0.06    0.20    0.44 ^ ctrl.state.out[2]$_DFF_P_/Q (sky130_fd_sc_hs__dfxtp_1)
                                         ctrl.state.out[2] (net)
                  0.06    0.00    0.44 ^ _476_/A (sky130_fd_sc_hs__inv_1)
     6    0.04    0.14    0.13    0.57 v _476_/Y (sky130_fd_sc_hs__inv_1)
                                         _158_ (net)
                  0.14    0.00    0.57 v _641_/B (sky130_fd_sc_hs__nand2_1)
     3    0.01    0.11    0.14    0.71 ^ _641_/Y (sky130_fd_sc_hs__nand2_1)
                                         ctrl$a_reg_en[0] (net)
                  0.11    0.00    0.71 ^ dpath.a_reg.out[9]$_DFFE_PP_/DE (sky130_fd_sc_hs__edfxtp_1)
                                  0.71   data arrival time

                          0.00    0.00   clock core_clock (rise edge)
                          0.00    0.00   clock source latency
     1    0.01    0.00    0.00    0.00 ^ clk (in)
                                         clk (net)
                  0.00    0.00    0.00 ^ clkbuf_0_clk/A (sky130_fd_sc_hs__clkbuf_8)
     4    0.03    0.05    0.10    0.10 ^ clkbuf_0_clk/X (sky130_fd_sc_hs__clkbuf_8)
                                         clknet_0_clk (net)
                  0.05    0.00    0.10 ^ clkbuf_2_3__f_clk/A (sky130_fd_sc_hs__clkbuf_8)
     9    0.04    0.06    0.13    0.23 ^ clkbuf_2_3__f_clk/X (sky130_fd_sc_hs__clkbuf_8)
                                         clknet_2_3__leaf_clk (net)
                  0.06    0.00    0.23 ^ dpath.a_reg.out[9]$_DFFE_PP_/CLK (sky130_fd_sc_hs__edfxtp_1)
                          0.00    0.23   clock reconvergence pessimism
                          0.25    0.48   library hold time
                                  0.48   data required time
-----------------------------------------------------------------------------
                                  0.48   data required time
                                 -0.71   data arrival time
-----------------------------------------------------------------------------
                                  0.22   slack (MET)


Startpoint: ctrl.state.out[2]$_DFF_P_
            (rising edge-triggered flip-flop clocked by core_clock)
Endpoint: resp_val (output port clocked by vclk_core_clock)
Path Group: vclk_core_clock
Path Type: min

Fanout     Cap    Slew   Delay    Time   Description
-----------------------------------------------------------------------------
                          0.00    0.00   clock core_clock (rise edge)
                          0.00    0.00   clock source latency
     1    0.01    0.00    0.00    0.00 ^ clk (in)
                                         clk (net)
                  0.00    0.00    0.00 ^ clkbuf_0_clk/A (sky130_fd_sc_hs__clkbuf_8)
     4    0.03    0.05    0.10    0.10 ^ clkbuf_0_clk/X (sky130_fd_sc_hs__clkbuf_8)
                                         clknet_0_clk (net)
                  0.05    0.00    0.10 ^ clkbuf_2_0__f_clk/A (sky130_fd_sc_hs__clkbuf_8)
    10    0.04    0.06    0.13    0.23 ^ clkbuf_2_0__f_clk/X (sky130_fd_sc_hs__clkbuf_8)
                                         clknet_2_0__leaf_clk (net)
                  0.06    0.00    0.23 ^ ctrl.state.out[2]$_DFF_P_/CLK (sky130_fd_sc_hs__dfxtp_1)
     2    0.01    0.06    0.20    0.44 ^ ctrl.state.out[2]$_DFF_P_/Q (sky130_fd_sc_hs__dfxtp_1)
                                         ctrl.state.out[2] (net)
                  0.06    0.00    0.44 ^ _627_/B (sky130_fd_sc_hs__nor3b_1)
     2    0.01    0.04    0.05    0.49 v _627_/Y (sky130_fd_sc_hs__nor3b_1)
                                         net53 (net)
                  0.04    0.00    0.49 v output53/A (sky130_fd_sc_hs__buf_1)
     1    0.00    0.01    0.06    0.55 v output53/X (sky130_fd_sc_hs__buf_1)
                                         resp_val (net)
                  0.01    0.00    0.55 v resp_val (out)
                                  0.55   data arrival time

                  0.00    0.00    0.00   clock vclk_core_clock (rise edge)
                          0.23    0.23   clock network delay (ideal)
                          0.00    0.23   clock reconvergence pessimism
                         -0.33   -0.10   output external delay
                                 -0.10   data required time
-----------------------------------------------------------------------------
                                 -0.10   data required time
                                 -0.55   data arrival time
-----------------------------------------------------------------------------
                                  0.64   slack (MET)



==========================================================================
finish report_checks -path_delay max
--------------------------------------------------------------------------
Startpoint: dpath.b_reg.out[4]$_DFFE_PP_
            (rising edge-triggered flip-flop clocked by core_clock)
Endpoint: dpath.b_reg.out[0]$_DFFE_PP_
          (rising edge-triggered flip-flop clocked by core_clock)
Path Group: core_clock
Path Type: max

Fanout     Cap    Slew   Delay    Time   Description
-----------------------------------------------------------------------------
                          0.00    0.00   clock core_clock (rise edge)
                          0.00    0.00   clock source latency
     1    0.01    0.00    0.00    0.00 ^ clk (in)
                                         clk (net)
                  0.00    0.00    0.00 ^ clkbuf_0_clk/A (sky130_fd_sc_hs__clkbuf_8)
     4    0.03    0.05    0.10    0.10 ^ clkbuf_0_clk/X (sky130_fd_sc_hs__clkbuf_8)
                                         clknet_0_clk (net)
                  0.05    0.00    0.10 ^ clkbuf_2_0__f_clk/A (sky130_fd_sc_hs__clkbuf_8)
    10    0.04    0.06    0.13    0.23 ^ clkbuf_2_0__f_clk/X (sky130_fd_sc_hs__clkbuf_8)
                                         clknet_2_0__leaf_clk (net)
                  0.06    0.00    0.23 ^ dpath.b_reg.out[4]$_DFFE_PP_/CLK (sky130_fd_sc_hs__edfxtp_1)
     3    0.03    0.12    0.26    0.50 v dpath.b_reg.out[4]$_DFFE_PP_/Q (sky130_fd_sc_hs__edfxtp_1)
                                         dpath.a_lt_b$in1[4] (net)
                  0.12    0.00    0.50 v _314_/B (sky130_fd_sc_hs__xnor2_2)
     2    0.01    0.15    0.16    0.65 ^ _314_/Y (sky130_fd_sc_hs__xnor2_2)
                                         _018_ (net)
                  0.15    0.00    0.65 ^ _439_/A (sky130_fd_sc_hs__nand2_2)
     4    0.02    0.09    0.10    0.75 v _439_/Y (sky130_fd_sc_hs__nand2_2)
                                         _121_ (net)
                  0.09    0.00    0.76 v _440_/A (sky130_fd_sc_hs__nor2_4)
     2    0.01    0.08    0.10    0.86 ^ _440_/Y (sky130_fd_sc_hs__nor2_4)
                                         _122_ (net)
                  0.08    0.00    0.86 ^ _441_/B (sky130_fd_sc_hs__nand2_2)
     2    0.01    0.05    0.07    0.92 v _441_/Y (sky130_fd_sc_hs__nand2_2)
                                         _123_ (net)
                  0.05    0.00    0.92 v _450_/B (sky130_fd_sc_hs__nand2_2)
     2    0.02    0.09    0.09    1.01 ^ _450_/Y (sky130_fd_sc_hs__nand2_2)
                                         _132_ (net)
                  0.09    0.00    1.02 ^ _458_/A (sky130_fd_sc_hs__nand2_8)
     2    0.01    0.03    0.04    1.05 v _458_/Y (sky130_fd_sc_hs__nand2_8)
                                         _140_ (net)
                  0.03    0.00    1.05 v _581_/A (sky130_fd_sc_hs__nand2_2)
     3    0.03    0.12    0.10    1.15 ^ _581_/Y (sky130_fd_sc_hs__nand2_2)
                                         _251_ (net)
                  0.12    0.00    1.15 ^ _640_/A1 (sky130_fd_sc_hs__o21ai_4)
     8    0.03    0.10    0.09    1.24 v _640_/Y (sky130_fd_sc_hs__o21ai_4)
                                         ctrl$b_reg_en[0] (net)
                  0.10    0.00    1.24 v dpath.b_reg.out[0]$_DFFE_PP_/DE (sky130_fd_sc_hs__edfxtp_1)
                                  1.24   data arrival time

                          1.65    1.65   clock core_clock (rise edge)
                          0.00    1.65   clock source latency
     1    0.01    0.00    0.00    1.65 ^ clk (in)
                                         clk (net)
                  0.00    0.00    1.65 ^ clkbuf_0_clk/A (sky130_fd_sc_hs__clkbuf_8)
     4    0.03    0.05    0.10    1.75 ^ clkbuf_0_clk/X (sky130_fd_sc_hs__clkbuf_8)
                                         clknet_0_clk (net)
                  0.05    0.00    1.75 ^ clkbuf_2_0__f_clk/A (sky130_fd_sc_hs__clkbuf_8)
    10    0.04    0.06    0.13    1.88 ^ clkbuf_2_0__f_clk/X (sky130_fd_sc_hs__clkbuf_8)
                                         clknet_2_0__leaf_clk (net)
                  0.06    0.00    1.88 ^ dpath.b_reg.out[0]$_DFFE_PP_/CLK (sky130_fd_sc_hs__edfxtp_1)
                          0.00    1.88   clock reconvergence pessimism
                         -0.68    1.20   library setup time
                                  1.20   data required time
-----------------------------------------------------------------------------
                                  1.20   data required time
                                 -1.24   data arrival time
-----------------------------------------------------------------------------
                                 -0.04   slack (VIOLATED)


Startpoint: dpath.a_reg.out[2]$_DFFE_PP_
            (rising edge-triggered flip-flop clocked by core_clock)
Endpoint: resp_msg[13] (output port clocked by vclk_core_clock)
Path Group: vclk_core_clock
Path Type: max

Fanout     Cap    Slew   Delay    Time   Description
-----------------------------------------------------------------------------
                          0.00    0.00   clock core_clock (rise edge)
                          0.00    0.00   clock source latency
     1    0.01    0.00    0.00    0.00 ^ clk (in)
                                         clk (net)
                  0.00    0.00    0.00 ^ clkbuf_0_clk/A (sky130_fd_sc_hs__clkbuf_8)
     4    0.03    0.05    0.10    0.10 ^ clkbuf_0_clk/X (sky130_fd_sc_hs__clkbuf_8)
                                         clknet_0_clk (net)
                  0.05    0.00    0.10 ^ clkbuf_2_0__f_clk/A (sky130_fd_sc_hs__clkbuf_8)
    10    0.04    0.06    0.13    0.23 ^ clkbuf_2_0__f_clk/X (sky130_fd_sc_hs__clkbuf_8)
                                         clknet_2_0__leaf_clk (net)
                  0.06    0.00    0.23 ^ dpath.a_reg.out[2]$_DFFE_PP_/CLK (sky130_fd_sc_hs__edfxtp_1)
     4    0.02    0.10    0.24    0.48 v dpath.a_reg.out[2]$_DFFE_PP_/Q (sky130_fd_sc_hs__edfxtp_1)
                                         dpath.a_lt_b$in0[2] (net)
                  0.10    0.00    0.48 v _301_/A_N (sky130_fd_sc_hs__nand2b_2)
     3    0.01    0.05    0.13    0.61 v _301_/Y (sky130_fd_sc_hs__nand2b_2)
                                         _005_ (net)
                  0.05    0.00    0.61 v rebuffer123/A (sky130_fd_sc_hs__buf_1)
     1    0.00    0.03    0.08    0.69 v rebuffer123/X (sky130_fd_sc_hs__buf_1)
                                         net123 (net)
                  0.03    0.00    0.69 v _309_/A2 (sky130_fd_sc_hs__a21oi_1)
     2    0.01    0.19    0.18    0.86 ^ _309_/Y (sky130_fd_sc_hs__a21oi_1)
                                         _013_ (net)
                  0.19    0.00    0.86 ^ _310_/B (sky130_fd_sc_hs__nand2_2)
     4    0.02    0.09    0.11    0.97 v _310_/Y (sky130_fd_sc_hs__nand2_2)
                                         _014_ (net)
                  0.09    0.00    0.97 v _317_/A (sky130_fd_sc_hs__nand2_1)
     1    0.01    0.05    0.07    1.03 ^ _317_/Y (sky130_fd_sc_hs__nand2_1)
                                         _021_ (net)
                  0.05    0.00    1.03 ^ _323_/A (sky130_fd_sc_hs__nand2_1)
     2    0.01    0.07    0.07    1.10 v _323_/Y (sky130_fd_sc_hs__nand2_1)
                                         _027_ (net)
                  0.07    0.00    1.11 v _520_/A (sky130_fd_sc_hs__nand2_1)
     2    0.01    0.09    0.09    1.19 ^ _520_/Y (sky130_fd_sc_hs__nand2_1)
                                         _200_ (net)
                  0.09    0.00    1.19 ^ _521_/B (sky130_fd_sc_hs__nand2_1)
     1    0.00    0.05    0.05    1.24 v _521_/Y (sky130_fd_sc_hs__nand2_1)
                                         _201_ (net)
                  0.05    0.00    1.24 v _523_/A (sky130_fd_sc_hs__nand2_1)
     1    0.00    0.04    0.04    1.28 ^ _523_/Y (sky130_fd_sc_hs__nand2_1)
                                         _203_ (net)
                  0.04    0.00    1.28 ^ _525_/A (sky130_fd_sc_hs__nand2_1)
     2    0.01    0.08    0.07    1.35 v _525_/Y (sky130_fd_sc_hs__nand2_1)
                                         net41 (net)
                  0.08    0.00    1.36 v output41/A (sky130_fd_sc_hs__buf_1)
     1    0.00    0.01    0.08    1.43 v output41/X (sky130_fd_sc_hs__buf_1)
                                         resp_msg[13] (net)
                  0.01    0.00    1.43 v resp_msg[13] (out)
                                  1.43   data arrival time

                  0.00    1.65    1.65   clock vclk_core_clock (rise edge)
                          0.23    1.88   clock network delay (ideal)
                          0.00    1.88   clock reconvergence pessimism
                         -0.33    1.55   output external delay
                                  1.55   data required time
-----------------------------------------------------------------------------
                                  1.55   data required time
                                 -1.43   data arrival time
-----------------------------------------------------------------------------
                                  0.12   slack (MET)



==========================================================================
finish report_checks -unconstrained
--------------------------------------------------------------------------
Startpoint: dpath.b_reg.out[4]$_DFFE_PP_
            (rising edge-triggered flip-flop clocked by core_clock)
Endpoint: dpath.b_reg.out[0]$_DFFE_PP_
          (rising edge-triggered flip-flop clocked by core_clock)
Path Group: core_clock
Path Type: max

Fanout     Cap    Slew   Delay    Time   Description
-----------------------------------------------------------------------------
                          0.00    0.00   clock core_clock (rise edge)
                          0.00    0.00   clock source latency
     1    0.01    0.00    0.00    0.00 ^ clk (in)
                                         clk (net)
                  0.00    0.00    0.00 ^ clkbuf_0_clk/A (sky130_fd_sc_hs__clkbuf_8)
     4    0.03    0.05    0.10    0.10 ^ clkbuf_0_clk/X (sky130_fd_sc_hs__clkbuf_8)
                                         clknet_0_clk (net)
                  0.05    0.00    0.10 ^ clkbuf_2_0__f_clk/A (sky130_fd_sc_hs__clkbuf_8)
    10    0.04    0.06    0.13    0.23 ^ clkbuf_2_0__f_clk/X (sky130_fd_sc_hs__clkbuf_8)
                                         clknet_2_0__leaf_clk (net)
                  0.06    0.00    0.23 ^ dpath.b_reg.out[4]$_DFFE_PP_/CLK (sky130_fd_sc_hs__edfxtp_1)
     3    0.03    0.12    0.26    0.50 v dpath.b_reg.out[4]$_DFFE_PP_/Q (sky130_fd_sc_hs__edfxtp_1)
                                         dpath.a_lt_b$in1[4] (net)
                  0.12    0.00    0.50 v _314_/B (sky130_fd_sc_hs__xnor2_2)
     2    0.01    0.15    0.16    0.65 ^ _314_/Y (sky130_fd_sc_hs__xnor2_2)
                                         _018_ (net)
                  0.15    0.00    0.65 ^ _439_/A (sky130_fd_sc_hs__nand2_2)
     4    0.02    0.09    0.10    0.75 v _439_/Y (sky130_fd_sc_hs__nand2_2)
                                         _121_ (net)
                  0.09    0.00    0.76 v _440_/A (sky130_fd_sc_hs__nor2_4)
     2    0.01    0.08    0.10    0.86 ^ _440_/Y (sky130_fd_sc_hs__nor2_4)
                                         _122_ (net)
                  0.08    0.00    0.86 ^ _441_/B (sky130_fd_sc_hs__nand2_2)
     2    0.01    0.05    0.07    0.92 v _441_/Y (sky130_fd_sc_hs__nand2_2)
                                         _123_ (net)
                  0.05    0.00    0.92 v _450_/B (sky130_fd_sc_hs__nand2_2)
     2    0.02    0.09    0.09    1.01 ^ _450_/Y (sky130_fd_sc_hs__nand2_2)
                                         _132_ (net)
                  0.09    0.00    1.02 ^ _458_/A (sky130_fd_sc_hs__nand2_8)
     2    0.01    0.03    0.04    1.05 v _458_/Y (sky130_fd_sc_hs__nand2_8)
                                         _140_ (net)
                  0.03    0.00    1.05 v _581_/A (sky130_fd_sc_hs__nand2_2)
     3    0.03    0.12    0.10    1.15 ^ _581_/Y (sky130_fd_sc_hs__nand2_2)
                                         _251_ (net)
                  0.12    0.00    1.15 ^ _640_/A1 (sky130_fd_sc_hs__o21ai_4)
     8    0.03    0.10    0.09    1.24 v _640_/Y (sky130_fd_sc_hs__o21ai_4)
                                         ctrl$b_reg_en[0] (net)
                  0.10    0.00    1.24 v dpath.b_reg.out[0]$_DFFE_PP_/DE (sky130_fd_sc_hs__edfxtp_1)
                                  1.24   data arrival time

                          1.65    1.65   clock core_clock (rise edge)
                          0.00    1.65   clock source latency
     1    0.01    0.00    0.00    1.65 ^ clk (in)
                                         clk (net)
                  0.00    0.00    1.65 ^ clkbuf_0_clk/A (sky130_fd_sc_hs__clkbuf_8)
     4    0.03    0.05    0.10    1.75 ^ clkbuf_0_clk/X (sky130_fd_sc_hs__clkbuf_8)
                                         clknet_0_clk (net)
                  0.05    0.00    1.75 ^ clkbuf_2_0__f_clk/A (sky130_fd_sc_hs__clkbuf_8)
    10    0.04    0.06    0.13    1.88 ^ clkbuf_2_0__f_clk/X (sky130_fd_sc_hs__clkbuf_8)
                                         clknet_2_0__leaf_clk (net)
                  0.06    0.00    1.88 ^ dpath.b_reg.out[0]$_DFFE_PP_/CLK (sky130_fd_sc_hs__edfxtp_1)
                          0.00    1.88   clock reconvergence pessimism
                         -0.68    1.20   library setup time
                                  1.20   data required time
-----------------------------------------------------------------------------
                                  1.20   data required time
                                 -1.24   data arrival time
-----------------------------------------------------------------------------
                                 -0.04   slack (VIOLATED)


Startpoint: dpath.a_reg.out[2]$_DFFE_PP_
            (rising edge-triggered flip-flop clocked by core_clock)
Endpoint: resp_msg[13] (output port clocked by vclk_core_clock)
Path Group: vclk_core_clock
Path Type: max

Fanout     Cap    Slew   Delay    Time   Description
-----------------------------------------------------------------------------
                          0.00    0.00   clock core_clock (rise edge)
                          0.00    0.00   clock source latency
     1    0.01    0.00    0.00    0.00 ^ clk (in)
                                         clk (net)
                  0.00    0.00    0.00 ^ clkbuf_0_clk/A (sky130_fd_sc_hs__clkbuf_8)
     4    0.03    0.05    0.10    0.10 ^ clkbuf_0_clk/X (sky130_fd_sc_hs__clkbuf_8)
                                         clknet_0_clk (net)
                  0.05    0.00    0.10 ^ clkbuf_2_0__f_clk/A (sky130_fd_sc_hs__clkbuf_8)
    10    0.04    0.06    0.13    0.23 ^ clkbuf_2_0__f_clk/X (sky130_fd_sc_hs__clkbuf_8)
                                         clknet_2_0__leaf_clk (net)
                  0.06    0.00    0.23 ^ dpath.a_reg.out[2]$_DFFE_PP_/CLK (sky130_fd_sc_hs__edfxtp_1)
     4    0.02    0.10    0.24    0.48 v dpath.a_reg.out[2]$_DFFE_PP_/Q (sky130_fd_sc_hs__edfxtp_1)
                                         dpath.a_lt_b$in0[2] (net)
                  0.10    0.00    0.48 v _301_/A_N (sky130_fd_sc_hs__nand2b_2)
     3    0.01    0.05    0.13    0.61 v _301_/Y (sky130_fd_sc_hs__nand2b_2)
                                         _005_ (net)
                  0.05    0.00    0.61 v rebuffer123/A (sky130_fd_sc_hs__buf_1)
     1    0.00    0.03    0.08    0.69 v rebuffer123/X (sky130_fd_sc_hs__buf_1)
                                         net123 (net)
                  0.03    0.00    0.69 v _309_/A2 (sky130_fd_sc_hs__a21oi_1)
     2    0.01    0.19    0.18    0.86 ^ _309_/Y (sky130_fd_sc_hs__a21oi_1)
                                         _013_ (net)
                  0.19    0.00    0.86 ^ _310_/B (sky130_fd_sc_hs__nand2_2)
     4    0.02    0.09    0.11    0.97 v _310_/Y (sky130_fd_sc_hs__nand2_2)
                                         _014_ (net)
                  0.09    0.00    0.97 v _317_/A (sky130_fd_sc_hs__nand2_1)
     1    0.01    0.05    0.07    1.03 ^ _317_/Y (sky130_fd_sc_hs__nand2_1)
                                         _021_ (net)
                  0.05    0.00    1.03 ^ _323_/A (sky130_fd_sc_hs__nand2_1)
     2    0.01    0.07    0.07    1.10 v _323_/Y (sky130_fd_sc_hs__nand2_1)
                                         _027_ (net)
                  0.07    0.00    1.11 v _520_/A (sky130_fd_sc_hs__nand2_1)
     2    0.01    0.09    0.09    1.19 ^ _520_/Y (sky130_fd_sc_hs__nand2_1)
                                         _200_ (net)
                  0.09    0.00    1.19 ^ _521_/B (sky130_fd_sc_hs__nand2_1)
     1    0.00    0.05    0.05    1.24 v _521_/Y (sky130_fd_sc_hs__nand2_1)
                                         _201_ (net)
                  0.05    0.00    1.24 v _523_/A (sky130_fd_sc_hs__nand2_1)
     1    0.00    0.04    0.04    1.28 ^ _523_/Y (sky130_fd_sc_hs__nand2_1)
                                         _203_ (net)
                  0.04    0.00    1.28 ^ _525_/A (sky130_fd_sc_hs__nand2_1)
     2    0.01    0.08    0.07    1.35 v _525_/Y (sky130_fd_sc_hs__nand2_1)
                                         net41 (net)
                  0.08    0.00    1.36 v output41/A (sky130_fd_sc_hs__buf_1)
     1    0.00    0.01    0.08    1.43 v output41/X (sky130_fd_sc_hs__buf_1)
                                         resp_msg[13] (net)
                  0.01    0.00    1.43 v resp_msg[13] (out)
                                  1.43   data arrival time

                  0.00    1.65    1.65   clock vclk_core_clock (rise edge)
                          0.23    1.88   clock network delay (ideal)
                          0.00    1.88   clock reconvergence pessimism
                         -0.33    1.55   output external delay
                                  1.55   data required time
-----------------------------------------------------------------------------
                                  1.55   data required time
                                 -1.43   data arrival time
-----------------------------------------------------------------------------
                                  0.12   slack (MET)



==========================================================================
finish report_check_types -max_slew -max_cap -max_fanout -violators
--------------------------------------------------------------------------

==========================================================================
finish max_slew_check_slack
--------------------------------------------------------------------------
0.6292802095413208

==========================================================================
finish max_slew_check_limit
--------------------------------------------------------------------------
1.0

==========================================================================
finish max_slew_check_slack_limit
--------------------------------------------------------------------------
0.6293

==========================================================================
finish max_fanout_check_slack
--------------------------------------------------------------------------
1.0000000150474662e+30

==========================================================================
finish max_fanout_check_limit
--------------------------------------------------------------------------
1.0000000150474662e+30

==========================================================================
finish max_capacitance_check_slack
--------------------------------------------------------------------------
0.026703834533691406

==========================================================================
finish max_capacitance_check_limit
--------------------------------------------------------------------------
0.034299999475479126

==========================================================================
finish max_capacitance_check_slack_limit
--------------------------------------------------------------------------
0.7785

==========================================================================
finish max_slew_violation_count
--------------------------------------------------------------------------
max slew violation count 0

==========================================================================
finish max_fanout_violation_count
--------------------------------------------------------------------------
max fanout violation count 0

==========================================================================
finish max_cap_violation_count
--------------------------------------------------------------------------
max cap violation count 0

==========================================================================
finish setup_violation_count
--------------------------------------------------------------------------
setup violation count 17

==========================================================================
finish hold_violation_count
--------------------------------------------------------------------------
hold violation count 0

==========================================================================
finish report_checks -path_delay max reg to reg
--------------------------------------------------------------------------
Startpoint: dpath.b_reg.out[4]$_DFFE_PP_
            (rising edge-triggered flip-flop clocked by core_clock)
Endpoint: dpath.b_reg.out[0]$_DFFE_PP_
          (rising edge-triggered flip-flop clocked by core_clock)
Path Group: core_clock
Path Type: max

  Delay    Time   Description
---------------------------------------------------------
   0.00    0.00   clock core_clock (rise edge)
   0.00    0.00   clock source latency
   0.00    0.00 ^ clk (in)
   0.10    0.10 ^ clkbuf_0_clk/X (sky130_fd_sc_hs__clkbuf_8)
   0.13    0.23 ^ clkbuf_2_0__f_clk/X (sky130_fd_sc_hs__clkbuf_8)
   0.00    0.23 ^ dpath.b_reg.out[4]$_DFFE_PP_/CLK (sky130_fd_sc_hs__edfxtp_1)
   0.26    0.50 v dpath.b_reg.out[4]$_DFFE_PP_/Q (sky130_fd_sc_hs__edfxtp_1)
   0.16    0.65 ^ _314_/Y (sky130_fd_sc_hs__xnor2_2)
   0.10    0.75 v _439_/Y (sky130_fd_sc_hs__nand2_2)
   0.10    0.86 ^ _440_/Y (sky130_fd_sc_hs__nor2_4)
   0.07    0.92 v _441_/Y (sky130_fd_sc_hs__nand2_2)
   0.09    1.01 ^ _450_/Y (sky130_fd_sc_hs__nand2_2)
   0.04    1.05 v _458_/Y (sky130_fd_sc_hs__nand2_8)
   0.10    1.15 ^ _581_/Y (sky130_fd_sc_hs__nand2_2)
   0.09    1.24 v _640_/Y (sky130_fd_sc_hs__o21ai_4)
   0.00    1.24 v dpath.b_reg.out[0]$_DFFE_PP_/DE (sky130_fd_sc_hs__edfxtp_1)
           1.24   data arrival time

   1.65    1.65   clock core_clock (rise edge)
   0.00    1.65   clock source latency
   0.00    1.65 ^ clk (in)
   0.10    1.75 ^ clkbuf_0_clk/X (sky130_fd_sc_hs__clkbuf_8)
   0.13    1.88 ^ clkbuf_2_0__f_clk/X (sky130_fd_sc_hs__clkbuf_8)
   0.00    1.88 ^ dpath.b_reg.out[0]$_DFFE_PP_/CLK (sky130_fd_sc_hs__edfxtp_1)
   0.00    1.88   clock reconvergence pessimism
  -0.68    1.20   library setup time
           1.20   data required time
---------------------------------------------------------
           1.20   data required time
          -1.24   data arrival time
---------------------------------------------------------
          -0.04   slack (VIOLATED)



==========================================================================
finish report_checks -path_delay min reg to reg
--------------------------------------------------------------------------
Startpoint: ctrl.state.out[2]$_DFF_P_
            (rising edge-triggered flip-flop clocked by core_clock)
Endpoint: dpath.a_reg.out[9]$_DFFE_PP_
          (rising edge-triggered flip-flop clocked by core_clock)
Path Group: core_clock
Path Type: min

  Delay    Time   Description
---------------------------------------------------------
   0.00    0.00   clock core_clock (rise edge)
   0.00    0.00   clock source latency
   0.00    0.00 ^ clk (in)
   0.10    0.10 ^ clkbuf_0_clk/X (sky130_fd_sc_hs__clkbuf_8)
   0.13    0.23 ^ clkbuf_2_0__f_clk/X (sky130_fd_sc_hs__clkbuf_8)
   0.00    0.23 ^ ctrl.state.out[2]$_DFF_P_/CLK (sky130_fd_sc_hs__dfxtp_1)
   0.20    0.44 ^ ctrl.state.out[2]$_DFF_P_/Q (sky130_fd_sc_hs__dfxtp_1)
   0.13    0.57 v _476_/Y (sky130_fd_sc_hs__inv_1)
   0.14    0.71 ^ _641_/Y (sky130_fd_sc_hs__nand2_1)
   0.00    0.71 ^ dpath.a_reg.out[9]$_DFFE_PP_/DE (sky130_fd_sc_hs__edfxtp_1)
           0.71   data arrival time

   0.00    0.00   clock core_clock (rise edge)
   0.00    0.00   clock source latency
   0.00    0.00 ^ clk (in)
   0.10    0.10 ^ clkbuf_0_clk/X (sky130_fd_sc_hs__clkbuf_8)
   0.13    0.23 ^ clkbuf_2_3__f_clk/X (sky130_fd_sc_hs__clkbuf_8)
   0.00    0.23 ^ dpath.a_reg.out[9]$_DFFE_PP_/CLK (sky130_fd_sc_hs__edfxtp_1)
   0.00    0.23   clock reconvergence pessimism
   0.25    0.48   library hold time
           0.48   data required time
---------------------------------------------------------
           0.48   data required time
          -0.71   data arrival time
---------------------------------------------------------
           0.22   slack (MET)



==========================================================================
finish critical path target clock latency max path
--------------------------------------------------------------------------
0.2309

==========================================================================
finish critical path target clock latency min path
--------------------------------------------------------------------------
0.2310

==========================================================================
finish critical path source clock latency min path
--------------------------------------------------------------------------
0.2350

==========================================================================
finish critical path delay
--------------------------------------------------------------------------
1.2436

==========================================================================
finish critical path slack
--------------------------------------------------------------------------
-0.0418

==========================================================================
finish slack div critical path delay
--------------------------------------------------------------------------
-3.361209

==========================================================================
finish report_power
--------------------------------------------------------------------------
Group                  Internal  Switching    Leakage      Total
                          Power      Power      Power      Power (Watts)
----------------------------------------------------------------
Sequential             1.37e-03   1.31e-04   4.70e-08   1.50e-03  30.1%
Combinational          1.59e-03   1.14e-03   4.45e-08   2.73e-03  54.8%
Clock                  3.58e-04   3.94e-04   1.06e-09   7.52e-04  15.1%
Macro                  0.00e+00   0.00e+00   0.00e+00   0.00e+00   0.0%
Pad                    0.00e+00   0.00e+00   0.00e+00   0.00e+00   0.0%
----------------------------------------------------------------
Total                  3.32e-03   1.67e-03   9.25e-08   4.99e-03 100.0%
                          66.6%      33.4%       0.0%
